Version identifier: 20.1.0.0 | 2020-11-10 | 9bedb6d68
CPXPARAM_Threads                                 1
CPXPARAM_TimeLimit                               3600
CPXPARAM_MIP_Tolerances_MIPGap                   0
Generic callback                                 0x60
1 of 1 MIP starts provided solutions.
MIP start 'm1' defined initial solution with objective 126.9011.
Tried aggregator 2 times.
MIP Presolve eliminated 20 rows and 10 columns.
MIP Presolve modified 296 coefficients.
Aggregator did 10 substitutions.
Reduced MIP has 1955 rows, 1980 columns, and 21146 nonzeros.
Reduced MIP has 495 binaries, 485 generals, 0 SOSs, and 0 indicators.
Presolve time = 0.01 sec. (7.75 ticks)
Probing time = 0.00 sec. (1.06 ticks)
Tried aggregator 1 time.
Reduced MIP has 1955 rows, 1980 columns, and 21146 nonzeros.
Reduced MIP has 495 binaries, 485 generals, 0 SOSs, and 0 indicators.
Presolve time = 0.00 sec. (4.39 ticks)
Probing time = 0.00 sec. (1.06 ticks)
MIP emphasis: balance optimality and feasibility.
MIP search method: dynamic search.
Parallel mode: none, using 1 thread.
Root relaxation solution time = 0.08 sec. (87.74 ticks)

        Nodes                                         Cuts/
   Node  Left     Objective  IInf  Best Integer    Best Bound    ItCnt     Gap

*     0+    0                          126.9011      500.0000           294.01%
      0     0      146.0327     7      126.9011      146.0327     1806   15.08%
      0     0      129.8276    23      126.9011     Cuts: 280     2102    2.31%
      0     0      129.2502    16      126.9011     Cuts: 303     2209    1.85%

Repeating presolve.
Tried aggregator 1 time.
MIP Presolve eliminated 1043 rows and 993 columns.
MIP Presolve modified 149 coefficients.
Reduced MIP has 912 rows, 987 columns, and 3974 nonzeros.
Reduced MIP has 54 binaries, 49 generals, 0 SOSs, and 0 indicators.
Presolve time = 0.00 sec. (3.21 ticks)
Probing time = 0.00 sec. (0.21 ticks)
Tried aggregator 1 time.
Reduced MIP has 912 rows, 987 columns, and 3974 nonzeros.
Reduced MIP has 54 binaries, 49 generals, 0 SOSs, and 0 indicators.
Presolve time = 0.00 sec. (1.04 ticks)
Represolve time = 0.01 sec. (11.29 ticks)
Probing time = 0.00 sec. (0.21 ticks)
MIP emphasis: balance optimality and feasibility.
MIP search method: dynamic search.
Parallel mode: none, using 1 thread.
Root relaxation solution time = 0.06 sec. (74.84 ticks)

        Nodes                                         Cuts/
   Node  Left     Objective  IInf  Best Integer    Best Bound    ItCnt     Gap

*     0+    0                          126.9011      129.2502             1.85%
      0     0      129.2063    16      126.9011      129.2063     3440    1.82%
      0     0      128.3556    26      126.9011     Cuts: 136     3683    1.15%
      0     0      128.2332    22      126.9011      Cuts: 93     3772    1.05%
      0     0      128.1358    24      126.9011      Cuts: 43     3835    0.97%
      0     0      128.0926    24      126.9011      Cuts: 29     3858    0.94%
      0     0      128.0924    22      126.9011 UserPurge2: 3     3862    0.94%
      0     0      128.0922    24      126.9011 UserPurge2: 2     3865    0.94%
      0     0      128.0922    24      126.9011 UserPurge2: 12     3867    0.94%
      0     0      128.0921    24      126.9011 UserPurge2: 1     3871    0.94%
      0     0      128.0920    24      126.9011 UserPurge2: 2     3876    0.94%
      0     0      128.0919    24      126.9011 UserPurge2: 1     3878    0.94%
      0     2      128.0870    24      126.9011      128.0852     3878    0.93%
Elapsed time = 1.23 sec. (592.13 ticks, tree = 0.01 MB, solutions = 1)

Flow cuts applied:  5
Mixed integer rounding cuts applied:  69
Lift and project cuts applied:  2
Gomory fractional cuts applied:  1
User cuts applied:  801

Root node processing (before b&c):
  Real time             =    1.23 sec. (591.88 ticks)
Sequential b&c:
  Real time             =    0.25 sec. (151.25 ticks)
                          ------------
Total (root+branch&cut) =    1.48 sec. (743.14 ticks)
|V|                                     500
K                                       5
theta                                   0.20
r                                       1
R                                       20
prob_func                               facility_mixture
mixture_low_share                       0.500000
mixture_low_interval                    [0.001000, 0.010000]
mixture_high_interval                   [0.100000, 0.500000]
mixture_seed                            1
#C1                                     592
#CP                                     13426

@Parameters: 
am_callback_heuristic                   false
am_local_search                         true
am_start_heuristic                      false
colocation                              true
comp                                    false
cutC                                    true
cutC_init                               false
cutF                                    true
cutF_init                               false
cutF_stable                             false
cutF_wrong                              false
cutLocal                                false
cutM                                    true
cutM_init                               true
cutM_stable                             false
cutP                                    true
cutP_init                               false
cutP_stable                             false
init                                    true
init_cutF_zero                          false
init_val_greedy                         true
is_Euclidean                            false
is_local_search                         false
is_right_cutP                           true
is_root                                 false
is_silent                               false
is_start                                false
mycut                                   false
pmed                                    false
pre                                     true
stable_root                             false
str                                     false
two_phase                               false
ubstr                                   false
mode                                    Int

am_callback_node_space                  50
init                                    0
mixture_seed                            1
node_space                              5
nodelimit                               -1
nsepa                                   1
strF                                    0
type_delta                              0

EPS                                     0.001000
EPS_FRAC                                0.00
gap                                     0.00
mixture_high_max                        0.50
mixture_high_min                        0.10
mixture_low_max                         0.01
mixture_low_min                         0.00
mixture_low_share                       0.50
timelimit                               3600.00

Number of Closed Sites: 5 / 25 
Number of Confined Sites-1: 10 / 40 
Number of Confined Sites-k: 485 / 1321 
Preprocess Time: 0.91 + 0.00 sec

Solve Time: 1.48
Number of Nodes: 25
Termination Status: OPTIMAL

CutInfo: [phase] num / time (sec) / aver. num_nonzero
max              [LP]     0 / 0.00 / 0.00 [init]   492 / 0.01 / 9.23 [rLC]   212 / 0.03 / 18.55 [rUC]   216 / 0.05 / 14.40 [sLC]    15 / 0.01 / 16.87 [sUC]    45 / 0.01 / 8.69 
prod_oa          [LP]     0 / 0.00 / 0.00 [init]   492 / 0.00 / 26.86 [rLC]   548 / 0.03 / 48.61 [rUC]    36 / 0.06 / 45.28 [sLC]    23 / 0.00 / 50.39 [sUC]     1 / 0.01 / 41.00 
prod_sm_fixed    [LP]     0 / 0.00 / 0.00 [init]     0 / 0.00 / 0.00 [rLC]     0 / 0.00 / 0.00 [rUC]     0 / 0.00 / 0.00 [sLC]     0 / 0.00 / 0.00 [sUC]     0 / 0.00 / 0.00 
prod_bin         [LP]     0 / 0.00 / 0.00 [init]     0 / 0.00 / 0.00 [rLC]     0 / 0.00 / 0.00 [rUC]     0 / 0.00 / 0.00 [sLC]     0 / 0.00 / 0.00 [sUC]     0 / 0.00 / 0.00 
prod_local       [LP]     0 / 0.00 / 0.00 [init]     0 / 0.00 / 0.00 [rLC]     0 / 0.00 / 0.00 [rUC]     0 / 0.00 / 0.00 [sLC]     0 / 0.00 / 0.00 [sUC]     0 / 0.00 / 0.00 
prod_sm_C        [LP]     0 / 0.00 / 0.00 [init]     0 / 0.02 / 0.00 [rLC]     0 / 0.13 / 0.00 [rUC]   449 / 0.24 / 67.75 [sLC]     0 / 0.02 / 0.00 [sUC]   101 / 0.03 / 89.32 
facet            [LP]     0 / 0.00 / 0.00 [init]     0 / 0.00 / 0.00 [rLC]     0 / 0.00 / 0.00 [rUC]   439 / 0.00 / 0.00 [sLC]     0 / 0.00 / 0.00 [sUC]    98 / 0.00 / 0.00 
Separation Round:   [LP] 0  [init] 1  [rLC] 8  [rUC] 14  [sLC] 1  [sUC] 26  
Root Best Bound 127.831962
Root Best Integer: 126.901070
Best Bound: 127.627828
Best Integer: 126.901070
1: 94, 211, 212, 260, 494
Objective Value (calc): 126.901070
sum_etaM = 104.360732 / 104.360732
sum_etaP = 132.536155 / 132.536155
nL: 5
nCL: 0
mCL: 1
