Version identifier: 20.1.0.0 | 2020-11-10 | 9bedb6d68
CPXPARAM_Threads                                 1
CPXPARAM_TimeLimit                               3600
CPXPARAM_MIP_Tolerances_MIPGap                   0
Generic callback                                 0x60
1 of 1 MIP starts provided solutions.
MIP start 'm1' defined initial solution with objective 623.6484.
Tried aggregator 1 time.
Reduced MIP has 795 rows, 2100 columns, and 13772 nonzeros.
Reduced MIP has 700 binaries, 0 generals, 0 SOSs, and 0 indicators.
Presolve time = 0.00 sec. (2.79 ticks)
Probing time = 0.00 sec. (0.70 ticks)
Tried aggregator 1 time.
Reduced MIP has 795 rows, 2100 columns, and 13772 nonzeros.
Reduced MIP has 700 binaries, 0 generals, 0 SOSs, and 0 indicators.
Presolve time = 0.00 sec. (2.80 ticks)
Probing time = 0.00 sec. (0.70 ticks)
MIP emphasis: balance optimality and feasibility.
MIP search method: dynamic search.
Parallel mode: none, using 1 thread.
Root relaxation solution time = 0.02 sec. (17.53 ticks)

        Nodes                                         Cuts/
   Node  Left     Objective  IInf  Best Integer    Best Bound    ItCnt     Gap

*     0+    0                          623.6484      700.0000            12.24%
      0     0      661.3614   129      623.6484      661.3614      992    6.05%
      0     0      636.3000   154      623.6484     Cuts: 298     1584    2.03%
      0     0      635.2309   145      623.6484     Cuts: 228     1907    1.86%
      0     0      634.4155   166      623.6484     Cuts: 153     2242    1.73%
      0     0      634.1956   156      623.6484     Cuts: 108     2472    1.69%
      0     0      634.0776   152      623.6484      Cuts: 67     2638    1.67%
      0     0      634.0043   156      623.6484      Cuts: 46     2747    1.66%
      0     0      633.9652   151      623.6484      Cuts: 44     2853    1.65%
      0     0      633.9441   143      623.6484      Cuts: 39     2933    1.65%
      0     0      633.9291   159      623.6484      Cuts: 20     2998    1.65%
      0     0      633.9249   153      623.6484 UserPurge2: 9     3055    1.65%
      0     0      633.9210   159      623.6484 UserPurge2: 5     3064    1.65%
      0     0      633.9203   164      623.6484 UserPurge2: 2     3081    1.65%
      0     0      633.9198   164      623.6484 UserPurge2: 2     3086    1.65%
      0     0      633.9177   166      623.6484 UserPurge2: 6     3100    1.65%
      0     0      633.9165   156      623.6484 UserPurge2: 3     3123    1.65%
      0     0      633.9147   155      623.6484 UserPurge2: 7     3142    1.65%
      0     0      633.9145   155      623.6484 UserPurge2: 17     3157    1.65%
      0     2      633.9145   155      623.6484      633.9134     3157    1.65%
Elapsed time = 6.72 sec. (1666.00 ticks, tree = 0.01 MB, solutions = 1)
     10    12      633.7103   157      623.6484      633.9010     5404    1.64%
     20    22      633.5820   141      623.6484      633.9010     7825    1.64%
     28    30      633.4426   135      623.6484      633.9010     9861    1.64%
     35    37      633.3195   129      623.6484      633.9010    11109    1.64%
     45    47      633.1998   120      623.6484      633.9010    12413    1.64%
     51    53      633.0919   106      623.6484      633.9010    13241    1.64%
     59    61      632.9445   107      623.6484      633.9010    14939    1.64%
     65    67      632.8962    92      623.6484      633.9010    15998    1.64%
     77    79      632.7478    88      623.6484      633.9010    17575    1.64%
*   122   106      integral     0      631.9080      633.9010    23224    0.32%
Elapsed time = 26.02 sec. (4992.82 ticks, tree = 0.77 MB, solutions = 2)
    140   124      633.3882   152      631.9080      633.8749    27580    0.31%
    170   154      633.1569    88      631.9080      633.8749    32910    0.31%
    210   194      632.6334    44      631.9080      633.8749    38910    0.31%
*   219   163      integral     0      632.7096      633.8749    39264    0.18%
    240   184      633.1850   131      632.7096      633.8748    43234    0.18%
*   292   162      integral     0      633.0541      633.8748    46923    0.13%
    325   191      633.7101   159      633.0541      633.7611    51530    0.11%
    355   221      633.1145   124      633.0541      633.7611    56907    0.11%
*   375   213      integral     0      633.0849      633.7611    58683    0.11%
    404   238      633.6890   159      633.0849      633.7598    64069    0.11%
Elapsed time = 57.72 sec. (13190.70 ticks, tree = 1.86 MB, solutions = 5)
    431   265      633.1711   117      633.0849      633.7598    69139    0.11%
*   466   231      integral     0      633.1470      633.7598    70960    0.10%
    486   247      633.5594   154      633.1470      633.7542    76753    0.10%
    513   270      633.3781   148      633.1470      633.7388    82105    0.09%
    538   291      633.4097   141      633.1470      633.7382    87019    0.09%
    560   313      633.1775    97      633.1470      633.7382    92100    0.09%
    585   332      633.2865   139      633.1470      633.7266    97015    0.09%
*   623   337      integral     0      633.1516      633.7266    98937    0.09%
    653   367      633.1761   107      633.1516      633.7223   102939    0.09%
    698   403      633.4276   149      633.1516      633.7101   107935    0.09%
Elapsed time = 73.31 sec. (21841.74 ticks, tree = 2.40 MB, solutions = 7)
    724   425      633.5996   133      633.1516      633.7096   110999    0.09%
    765   462      633.1560    75      633.1516      633.7096   115729    0.09%
    797   486      633.2423   135      633.1516      633.7088   120479    0.09%
    830   513      633.3357   122      633.1516      633.7082   125492    0.09%
    884   564      633.2142   131      633.1516      633.7077   130506    0.09%
    916   588      633.3152   140      633.1516      633.7068   135586    0.09%
    960   629      633.3822   127      633.1516      633.7049   139748    0.09%
*  1003   646      integral     0      633.1567      633.7049   142177    0.09%
   1042   685      633.1684    77      633.1567      633.7039   146465    0.09%
*  1064   639      integral     0      633.1672      633.7039   146722    0.08%
Elapsed time = 88.05 sec. (30155.19 ticks, tree = 3.70 MB, solutions = 9)
*  1128   486      integral     0      633.2446      633.7023   150717    0.07%
   1169   523      633.3384   130      633.2446      633.6889   155479    0.07%
   1219   565      633.5053   139      633.2446      633.6847   160221    0.07%

Performing restart 1

Repeating presolve.
Tried aggregator 1 time.
Reduced MIP has 795 rows, 2100 columns, and 13772 nonzeros.
Reduced MIP has 700 binaries, 0 generals, 0 SOSs, and 0 indicators.
Presolve time = 0.00 sec. (2.83 ticks)
Tried aggregator 1 time.
Reduced MIP has 795 rows, 2100 columns, and 13772 nonzeros.
Reduced MIP has 700 binaries, 0 generals, 0 SOSs, and 0 indicators.
Presolve time = 0.00 sec. (2.83 ticks)
Represolve time = 0.04 sec. (28.10 ticks)
   1238     0      633.7710   154      633.2446      Cuts: 25   165092    0.07%
   1238     0      633.7673   154      633.2446    MIRcuts: 8   165127    0.07%
   1238     0      633.7659   153      633.2446       Cuts: 5   165144    0.07%
   1238     2      633.7659   152      633.2446      633.6847   165144    0.07%
   1240     4      633.7442   142      633.2446      633.6847   165313    0.07%
   1342    97      633.2907    33      633.2446      633.6847   168662    0.07%
   1448   172      633.5503    92      633.2446      633.6847   174691    0.07%
*  1575   260      integral     0      633.2891      633.6847   176018    0.06%
   1718   393      633.3796    53      633.2891      633.6847   181435    0.06%
   1829   478      633.5502   117      633.2891      633.6847   188809    0.06%
Elapsed time = 101.61 sec. (40432.24 ticks, tree = 0.53 MB, solutions = 11)
   2028   655      633.5778   132      633.2891      633.6827   196218    0.06%
   2138   748      633.3435    86      633.2891      633.6820   203810    0.06%
   2277   872      633.3796    72      633.2891      633.6719   211639    0.06%
   2429  1008      633.3580    42      633.2891      633.6645   219374    0.06%
*  2597   829      integral     0      633.3612      633.6621   224777    0.05%
   2710   925        cutoff            633.3612      633.6565   232793    0.05%
   2807  1003      633.4674   129      633.3612      633.6517   240791    0.05%
   2988  1163      633.4464   127      633.3612      633.6498   247801    0.05%
   3134  1285      633.4354   115      633.3612      633.6443   256288    0.04%
   3238  1370      633.5127   120      633.3612      633.6340   262936    0.04%
Elapsed time = 118.00 sec. (49842.50 ticks, tree = 1.41 MB, solutions = 12)
   3373  1485      633.5113   104      633.3612      633.6253   271153    0.04%
   3526  1623      633.4146    97      633.3612      633.6232   279734    0.04%
   3697  1769      633.3798    93      633.3612      633.6194   288340    0.04%
   3867  1906      633.4773    82      633.3612      633.6169   296653    0.04%
   4046  2052      633.4822   128      633.3612      633.6150   305062    0.04%
   4169  2151      633.5324   126      633.3612      633.6132   313784    0.04%
   4329  2274      633.5276   114      633.3612      633.6076   322737    0.04%
   4465  2389      633.4350   100      633.3612      633.6063   331064    0.04%
   4621  2507      633.4829   116      633.3612      633.6023   339152    0.04%
   4734  2583      633.4511   110      633.3612      633.5994   347696    0.04%
Elapsed time = 134.39 sec. (59467.00 ticks, tree = 2.65 MB, solutions = 12)
   4887  2713      633.4662   131      633.3612      633.5972   356006    0.04%
   5028  2817      633.4331   106      633.3612      633.5931   364117    0.04%
   5209  2963      633.4872    91      633.3612      633.5898   372594    0.04%
   5368  3081      633.3957    82      633.3612      633.5866   380915    0.04%
   5518  3196      633.4398   116      633.3612      633.5855   389673    0.04%
   5674  3320      633.4905    92      633.3612      633.5842   398191    0.04%
   5811  3412      633.4917   108      633.3612      633.5805   406456    0.03%
   5951  3525      633.5196   109      633.3612      633.5796   415127    0.03%
   6127  3668      633.3905    75      633.3612      633.5781   423223    0.03%
   6270  3775      633.3966    85      633.3612      633.5752   431908    0.03%
Elapsed time = 150.86 sec. (69063.10 ticks, tree = 3.76 MB, solutions = 12)
   6454  3916      633.5125   123      633.3612      633.5727   439743    0.03%
   6586  4010      633.3641    78      633.3612      633.5699   448228    0.03%
   6719  4108      633.5080   130      633.3612      633.5675   456885    0.03%
   6838  4187      633.3845   114      633.3612      633.5648   465149    0.03%
   6989  4309      633.3866    88      633.3612      633.5637   473773    0.03%
   7138  4426      633.4901   101      633.3612      633.5624   482560    0.03%
   7367  4625      633.5117    99      633.3612      633.5619   490749    0.03%
   7516  4725      633.4849   101      633.3612      633.5604   499680    0.03%
   7641  4823      633.4360    79      633.3612      633.5591   508063    0.03%
   7783  4928      633.4401   114      633.3612      633.5586   517007    0.03%
Elapsed time = 167.10 sec. (78645.65 ticks, tree = 4.98 MB, solutions = 12)
   7932  5040      633.5378   114      633.3612      633.5576   525768    0.03%
   8078  5141      633.3802   120      633.3612      633.5566   534520    0.03%
   8211  5231      633.4077    84      633.3612      633.5555   543245    0.03%
   8382  5356      633.4101    96      633.3612      633.5545   552380    0.03%
   8519  5458      633.4368   114      633.3612      633.5541   561285    0.03%
   8674  5556      633.5136   114      633.3612      633.5532   570474    0.03%
   8847  5695      633.4313    92      633.3612      633.5524   578681    0.03%
   9003  5807      633.4065   114      633.3612      633.5513   587708    0.03%
   9153  5918      633.4974   110      633.3612      633.5504   596642    0.03%
   9822  6424      633.5165   118      633.3612      633.5455   630273    0.03%
Elapsed time = 188.21 sec. (91136.43 ticks, tree = 6.37 MB, solutions = 12)
  10530  6949      633.4767   132      633.3612      633.5422   663785    0.03%
  11091  7327        cutoff            633.3612      633.5403   698405    0.03%
  11119  7346      633.4823    87      633.3612      633.5402   700751    0.03%
  11180  7390      633.4344   117      633.3612      633.5395   705440    0.03%
  11771  7789      633.5128   115      633.3612      633.5361   740468    0.03%
  12372  8206      633.3644    78      633.3612      633.5335   774744    0.03%
  12880  8522      633.3637   118      633.3612      633.5315   807330    0.03%
  13421  8857      633.3863   101      633.3612      633.5290   840305    0.03%
  13967  9208      633.4329   100      633.3612      633.5267   873482    0.03%
  14618  9649      633.3843   118      633.3612      633.5241   907589    0.03%
Elapsed time = 251.08 sec. (131861.90 ticks, tree = 9.78 MB, solutions = 12)
  15145  9930      633.3773   100      633.3612      633.5214   941582    0.03%
  15658 10231      633.4437    97      633.3612      633.5185   974591    0.02%
  16213 10560      633.4650    93      633.3612      633.5161  1008257    0.02%
  16767 10885      633.3782    91      633.3612      633.5140  1041964    0.02%
  17318 11198      633.4413   110      633.3612      633.5116  1074889    0.02%
  17863 11533        cutoff            633.3612      633.5098  1107615    0.02%
  18478 11887      633.4102    99      633.3612      633.5082  1141977    0.02%
  19091 12241      633.4073   120      633.3612      633.5062  1176926    0.02%
  19791 12693      633.4139    81      633.3612      633.5039  1211923    0.02%
  20470 13085      633.4599   101      633.3612      633.5021  1246529    0.02%
Elapsed time = 312.71 sec. (170076.51 ticks, tree = 13.03 MB, solutions = 12)
  21178 13522      633.3780    79      633.3612      633.5001  1281224    0.02%
  21768 13830      633.4326   115      633.3612      633.4986  1316066    0.02%
  22398 14203      633.4250    52      633.3612      633.4969  1350166    0.02%
  23097 14609      633.3902    75      633.3612      633.4952  1385142    0.02%
  23756 14959      633.3712    90      633.3612      633.4934  1419981    0.02%
  24505 15377      633.3734    91      633.3612      633.4914  1455047    0.02%
  25246 15865      633.3716    52      633.3612      633.4904  1489434    0.02%
  25995 16328      633.4069    96      633.3612      633.4889  1523796    0.02%
  26785 16851      633.4441    97      633.3612      633.4874  1559018    0.02%
  27546 17300      633.3657   111      633.3612      633.4859  1594041    0.02%
Elapsed time = 379.90 sec. (208291.88 ticks, tree = 17.65 MB, solutions = 12)
  28300 17746      633.3726    88      633.3612      633.4847  1628627    0.02%
  29194 18344      633.4394   119      633.3612      633.4836  1664156    0.02%
  29951 18790      633.4760   109      633.3612      633.4821  1699642    0.02%
  30667 19207      633.3936   115      633.3612      633.4808  1734512    0.02%
  31488 19702      633.3638    38      633.3612      633.4793  1769045    0.02%
  32125 20002      633.3736    97      633.3612      633.4781  1802711    0.02%
  32898 20463      633.4354    84      633.3612      633.4767  1836197    0.02%
  33693 20951      633.4381    88      633.3612      633.4754  1870961    0.02%
  34484 21403      633.3912    80      633.3612      633.4743  1898365    0.02%
  35239 21846        cutoff            633.3612      633.4734  1923656    0.02%
Elapsed time = 451.25 sec. (246518.31 ticks, tree = 28.21 MB, solutions = 12)
  35967 22278      633.4392    77      633.3612      633.4723  1948612    0.02%
  36671 22662      633.3648    91      633.3612      633.4713  1973887    0.02%
  37408 23051      633.3804    85      633.3612      633.4701  1999161    0.02%
  38101 23414      633.3754    79      633.3612      633.4692  2024501    0.02%
  38856 23842      633.4434    90      633.3612      633.4682  2049919    0.02%
  39628 24277      633.3753    98      633.3612      633.4672  2076108    0.02%
  40388 24723        cutoff            633.3612      633.4662  2099937    0.02%
  41078 25066      633.4160    53      633.3612      633.4649  2124177    0.02%
  41825 25476      633.3706    54      633.3612      633.4641  2148753    0.02%
  42616 25889      633.3698    80      633.3612      633.4634  2173706    0.02%
Elapsed time = 521.17 sec. (284705.32 ticks, tree = 65.32 MB, solutions = 12)
  43408 26377      633.4221    79      633.3612      633.4628  2199182    0.02%
  44129 26771        cutoff            633.3612      633.4618  2224402    0.02%
  44948 27235      633.4409    78      633.3612      633.4610  2249876    0.02%
  45807 27720      633.3665   105      633.3612      633.4601  2274707    0.02%
  46597 28185        cutoff            633.3612      633.4594  2300173    0.02%
  47330 28572        cutoff            633.3612      633.4584  2324690    0.02%
  48206 29117      633.4201   100      633.3612      633.4578  2348918    0.02%
  48993 29579        cutoff            633.3612      633.4571  2373854    0.02%
  49673 29920      633.4278    73      633.3612      633.4562  2398344    0.01%
  50449 30314      633.4103   116      633.3612      633.4554  2423791    0.01%
Elapsed time = 593.34 sec. (322941.93 ticks, tree = 107.73 MB, solutions = 12)
  51160 30660      633.3666    61      633.3612      633.4546  2449405    0.01%
  51943 31050      633.4204    81      633.3612      633.4538  2473663    0.01%
  52801 31552      633.4050    81      633.3612      633.4530  2498383    0.01%
  53596 31997      633.4135    86      633.3612      633.4523  2522961    0.01%
  54402 32431      633.3690    73      633.3612      633.4516  2547539    0.01%
  55239 32879      633.3669    30      633.3612      633.4509  2572448    0.01%
  56064 33282        cutoff            633.3612      633.4501  2596766    0.01%
  56875 33712      633.3942    91      633.3612      633.4494  2621692    0.01%
  57657 34151      633.3896   110      633.3612      633.4488  2646074    0.01%
  58387 34505      633.4256    83      633.3612      633.4481  2670660    0.01%
Elapsed time = 665.35 sec. (361118.27 ticks, tree = 148.49 MB, solutions = 12)
  59183 34931      633.3683   104      633.3612      633.4474  2695450    0.01%
  59938 35325      633.4386   120      633.3612      633.4470  2720240    0.01%
  60700 35736      633.3623   125      633.3612      633.4463  2745174    0.01%
  61414 36036      633.3705    90      633.3612      633.4456  2769383    0.01%
  62238 36485      633.4246   100      633.3612      633.4451  2794641    0.01%
  62964 36829      633.3913    98      633.3612      633.4443  2819302    0.01%
  63737 37198        cutoff            633.3612      633.4438  2844265    0.01%
  64500 37537      633.3847    49      633.3612      633.4431  2870015    0.01%
  65333 37950      633.3782   116      633.3612      633.4426  2896491    0.01%
  66155 38316      633.3974    92      633.3612      633.4419  2923674    0.01%
Elapsed time = 735.45 sec. (399339.99 ticks, tree = 182.31 MB, solutions = 12)
  66991 38686      633.3680    94      633.3612      633.4412  2950268    0.01%
  67810 39051      633.3615    89      633.3612      633.4407  2977058    0.01%
  68712 39508      633.3860    72      633.3612      633.4403  3004305    0.01%
  69583 39864        cutoff            633.3612      633.4398  3031258    0.01%
  70456 40301        cutoff            633.3612      633.4394  3057763    0.01%
  71251 40650      633.4185    84      633.3612      633.4388  3084904    0.01%
  72237 41153      633.3985    72      633.3612      633.4382  3112010    0.01%
  73085 41539      633.3850    55      633.3612      633.4377  3138420    0.01%
  73904 41874      633.4164    97      633.3612      633.4373  3165144    0.01%
  74767 42250        cutoff            633.3612      633.4368  3192235    0.01%
Elapsed time = 810.09 sec. (437529.66 ticks, tree = 218.52 MB, solutions = 12)
  75596 42590        cutoff            633.3612      633.4361  3218532    0.01%
  76454 42972      633.3828    61      633.3612      633.4356  3245023    0.01%
  77291 43334      633.3922   112      633.3612      633.4351  3271236    0.01%
  78073 43663      633.3720   108      633.3612      633.4347  3297848    0.01%
  78929 43997      633.3722    79      633.3612      633.4342  3323870    0.01%
  79783 44362      633.3742    43      633.3612      633.4337  3349683    0.01%
  80649 44686      633.3764    62      633.3612      633.4331  3374835    0.01%
  81362 44959        cutoff            633.3612      633.4326  3400401    0.01%
  82241 45332        cutoff            633.3612      633.4322  3427256    0.01%
  83090 45664      633.4171    95      633.3612      633.4317  3454213    0.01%
Elapsed time = 880.93 sec. (475723.21 ticks, tree = 251.98 MB, solutions = 12)
  83920 46006      633.3620    54      633.3612      633.4313  3480867    0.01%
  84748 46327      633.3893   108      633.3612      633.4307  3507814    0.01%
  85691 46786      633.3686    56      633.3612      633.4303  3534454    0.01%
  86475 47082      633.3955    62      633.3612      633.4298  3561591    0.01%
  87289 47388        cutoff            633.3612      633.4293  3588084    0.01%
  88204 47784        cutoff            633.3612      633.4289  3614456    0.01%
  89064 48075      633.4238    64      633.3612      633.4284  3640615    0.01%
  89913 48459      633.3771    61      633.3612      633.4281  3667310    0.01%
  90815 48823      633.3703    44      633.3612      633.4277  3694060    0.01%
  91715 49163      633.4055    91      633.3612      633.4274  3721141    0.01%
Elapsed time = 953.05 sec. (513923.55 ticks, tree = 283.42 MB, solutions = 12)
  92634 49556      633.3634    91      633.3612      633.4270  3747653    0.01%
  93511 49902      633.3929    77      633.3612      633.4266  3774077    0.01%
  94386 50235      633.4048    78      633.3612      633.4262  3800681    0.01%
  95330 50648      633.3831    78      633.3612      633.4258  3827648    0.01%
  96136 50915      633.3998    81      633.3612      633.4253  3853944    0.01%
  97036 51263        cutoff            633.3612      633.4249  3880908    0.01%
  97897 51587        cutoff            633.3612      633.4245  3906571    0.01%
  98826 51971        cutoff            633.3612      633.4241  3931912    0.01%
  99745 52361      633.3628    49      633.3612      633.4237  3957497    0.01%
 100593 52692      633.3760    60      633.3612      633.4233  3982940    0.01%
Elapsed time = 1025.79 sec. (552108.52 ticks, tree = 313.92 MB, solutions = 12)
 101517 53056      633.3932   101      633.3612      633.4229  4008407    0.01%
 102358 53424      633.3772    61      633.3612      633.4226  4033467    0.01%
 103160 53690        cutoff            633.3612      633.4222  4058517    0.01%
 103946 53932      633.4086    78      633.3612      633.4218  4083987    0.01%
 104793 54221      633.3999    65      633.3612      633.4215  4109792    0.01%
 105707 54533      633.3758    79      633.3612      633.4211  4136043    0.01%
 106595 54832        cutoff            633.3612      633.4207  4161471    0.01%
 107450 55105      633.3753    48      633.3612      633.4203  4186385    0.01%
 108318 55438      633.3744    60      633.3612      633.4200  4211811    0.01%
 109241 55781      633.3659    65      633.3612      633.4196  4237195    0.01%
Elapsed time = 1096.89 sec. (590306.72 ticks, tree = 341.24 MB, solutions = 12)
 110273 56211      633.3849    73      633.3612      633.4194  4262521    0.01%
 111188 56488      633.4014    79      633.3612      633.4190  4287848    0.01%
 112020 56765      633.3676    59      633.3612      633.4186  4313296    0.01%
 112946 57082      633.4110    83      633.3612      633.4183  4338225    0.01%
 113811 57326      633.3708    96      633.3612      633.4179  4364235    0.01%
 114713 57612      633.3735    55      633.3612      633.4175  4390039    0.01%
 115610 57909      633.3716    94      633.3612      633.4172  4416084    0.01%
 116506 58226      633.3888    71      633.3612      633.4168  4441553    0.01%
 117402 58535      633.3966    73      633.3612      633.4165  4467208    0.01%
 118285 58791      633.3819    90      633.3612      633.4162  4492330    0.01%
Elapsed time = 1170.90 sec. (628490.02 ticks, tree = 366.36 MB, solutions = 12)
 119219 59087      633.3946    83      633.3612      633.4159  4517763    0.01%
 120097 59335      633.3813    38      633.3612      633.4155  4542213    0.01%
 120961 59559        cutoff            633.3612      633.4151  4567076    0.01%
 121910 59845      633.4050   102      633.3612      633.4149  4592970    0.01%
 122824 60173        cutoff            633.3612      633.4146  4618658    0.01%
 123775 60446      633.3835    65      633.3612      633.4143  4643860    0.01%
 124664 60757        cutoff            633.3612      633.4139  4669374    0.01%
 125567 61035      633.3633    55      633.3612      633.4136  4695363    0.01%
 126513 61335        cutoff            633.3612      633.4133  4720042    0.01%
 127450 61598      633.3688    64      633.3612      633.4131  4745604    0.01%
Elapsed time = 1245.51 sec. (666681.07 ticks, tree = 390.00 MB, solutions = 12)
 128401 61898      633.3797    78      633.3612      633.4128  4770841    0.01%
 129248 62084      633.3864    99      633.3612      633.4124  4795742    0.01%
 130195 62400      633.3766    82      633.3612      633.4122  4821517    0.01%
 131214 62718      633.3677    94      633.3612      633.4118  4846744    0.01%
 132211 62998      633.3907    86      633.3612      633.4115  4872687    0.01%
 133111 63234      633.3678    84      633.3612      633.4113  4897328    0.01%
 134098 63534      633.3795    69      633.3612      633.4110  4922568    0.01%
 134912 63721      633.3882    78      633.3612      633.4106  4947778    0.01%
 135862 63951      633.3702    80      633.3612      633.4103  4973774    0.01%
 136838 64243      633.3660    46      633.3612      633.4101  4999529    0.01%
Elapsed time = 1319.59 sec. (704862.88 ticks, tree = 411.17 MB, solutions = 12)
 137742 64476      633.3867    82      633.3612      633.4097  5024744    0.01%
 138653 64717      633.4034    44      633.3612      633.4094  5049786    0.01%
 139528 64920      633.3840    51      633.3612      633.4092  5074480    0.01%
 140511 65199      633.3870    68      633.3612      633.4089  5099821    0.01%
 141438 65432      633.3733    94      633.3612      633.4086  5125176    0.01%
 142338 65617      633.3746    90      633.3612      633.4083  5150374    0.01%
 143278 65860      633.3737    59      633.3612      633.4081  5176145    0.01%
 144195 66109      633.3641    68      633.3612      633.4079  5202005    0.01%
 145168 66357      633.3872    72      633.3612      633.4076  5227129    0.01%
 146128 66632      633.3895    58      633.3612      633.4074  5252149    0.01%
Elapsed time = 1392.91 sec. (743066.88 ticks, tree = 431.75 MB, solutions = 12)
 147059 66821      633.3953    50      633.3612      633.4071  5277859    0.01%
 147958 67028        cutoff            633.3612      633.4069  5302739    0.01%
 148855 67185      633.3775    70      633.3612      633.4065  5327681    0.01%
 149800 67389      633.3984    94      633.3612      633.4063  5353261    0.01%
 150726 67590        cutoff            633.3612      633.4060  5377777    0.01%
 151696 67808      633.3783    93      633.3612      633.4057  5403399    0.01%
 152633 68041        cutoff            633.3612      633.4055  5428872    0.01%
 153566 68275      633.3762    60      633.3612      633.4053  5453808    0.01%
 154506 68478      633.3654    42      633.3612      633.4050  5478740    0.01%
 155372 68602        cutoff            633.3612      633.4047  5503498    0.01%
Elapsed time = 1464.39 sec. (781238.73 ticks, tree = 445.60 MB, solutions = 12)
 156315 68853      633.3618    79      633.3612      633.4045  5529587    0.01%
 157255 69057      633.3764    52      633.3612      633.4042  5554422    0.01%
 158166 69198      633.3635    88      633.3612      633.4040  5580280    0.01%
 159143 69459      633.3887    86      633.3612      633.4038  5605200    0.01%
 160100 69713      633.3773    46      633.3612      633.4035  5628208    0.01%
 160959 69835      633.3892    85      633.3612      633.4033  5653509    0.01%
 161880 70007      633.3824    81      633.3612      633.4031  5678356    0.01%
 162815 70180        cutoff            633.3612      633.4028  5703528    0.01%
 163705 70338      633.3728    92      633.3612      633.4026  5728748    0.01%
 164658 70559      633.3784    59      633.3612      633.4024  5753923    0.01%
Elapsed time = 1535.77 sec. (819445.58 ticks, tree = 459.97 MB, solutions = 12)
 165605 70688        cutoff            633.3612      633.4021  5778680    0.01%
 166523 70865        cutoff            633.3612      633.4019  5803465    0.01%
 167473 71061      633.3897    96      633.3612      633.4017  5828438    0.01%
 168435 71251      633.3626    86      633.3612      633.4015  5852832    0.01%
 169353 71373      633.3714    76      633.3612      633.4013  5877806    0.01%
 170311 71587      633.3645    74      633.3612      633.4011  5902963    0.01%
 171233 71769      633.3633    79      633.3612      633.4009  5927951    0.01%
 172206 71912      633.3708    91      633.3612      633.4006  5952576    0.01%
 173096 72059      633.3838    86      633.3612      633.4004  5977604    0.01%
 174058 72231      633.3813    89      633.3612      633.4002  6002805    0.01%
Elapsed time = 1608.19 sec. (857666.44 ticks, tree = 470.95 MB, solutions = 12)
 175047 72428      633.3693    47      633.3612      633.3999  6027609    0.01%
 175909 72526      633.3886    85      633.3612      633.3997  6052085    0.01%
 176949 72708        cutoff            633.3612      633.3995  6077559    0.01%
 177882 72833      633.3878    46      633.3612      633.3993  6102463    0.01%
 178845 72991        cutoff            633.3612      633.3991  6127468    0.01%
 179788 73081      633.3737    93      633.3612      633.3988  6152551    0.01%
 180688 73170      633.3712    64      633.3612      633.3986  6177819    0.01%
 181666 73267        cutoff            633.3612      633.3984  6202943    0.01%
 182573 73346      633.3621    96      633.3612      633.3981  6228031    0.01%
 183451 73376      633.3955    92      633.3612      633.3979  6253115    0.01%
Elapsed time = 1678.02 sec. (895852.52 ticks, tree = 477.92 MB, solutions = 12)
 184351 73470      633.3766    57      633.3612      633.3976  6278510    0.01%
 185238 73525      633.3734    70      633.3612      633.3974  6303484    0.01%
 186171 73596        cutoff            633.3612      633.3972  6328363    0.01%
 187034 73686        cutoff            633.3612      633.3970  6352696    0.01%
 187888 73698        cutoff            633.3612      633.3968  6377214    0.01%
 188769 73746      633.3812    86      633.3612      633.3966  6402536    0.01%
 189693 73774        cutoff            633.3612      633.3963  6428009    0.01%
 190598 73803        cutoff            633.3612      633.3961  6452930    0.01%
 191456 73827      633.3619    98      633.3612      633.3959  6477004    0.01%
 192352 73855      633.3736    64      633.3612      633.3957  6502078    0.01%
Elapsed time = 1745.05 sec. (934036.76 ticks, tree = 479.85 MB, solutions = 12)
 193245 73871        cutoff            633.3612      633.3955  6526833    0.01%
 194118 73876        cutoff            633.3612      633.3953  6551114    0.01%
 195069 73915      633.3620    47      633.3612      633.3950  6575708    0.01%
 196038 73946      633.3737    98      633.3612      633.3948  6599938    0.01%
 196988 74025      633.3650    72      633.3612      633.3946  6625001    0.01%
 197951 73998      633.3702    79      633.3612      633.3944  6649913    0.01%
 198834 74020        cutoff            633.3612      633.3941  6674329    0.01%
 199779 74064      633.3732    72      633.3612      633.3940  6699200    0.01%
 200735 74056      633.3755   115      633.3612      633.3937  6723683    0.01%
 201606 74075        cutoff            633.3612      633.3936  6748785    0.01%
Elapsed time = 1813.67 sec. (972258.13 ticks, tree = 480.52 MB, solutions = 12)
 202583 74101        cutoff            633.3612      633.3933  6773831    0.01%
 203482 74024      633.3779    74      633.3612      633.3931  6797953    0.01%
 204336 73990      633.3691    88      633.3612      633.3929  6821780    0.01%
 205212 73969      633.3828    72      633.3612      633.3927  6846218    0.00%
 206077 73877      633.3675    66      633.3612      633.3925  6870286    0.00%
 207006 73884      633.3825    71      633.3612      633.3923  6894808    0.00%
 207958 73834      633.3704    72      633.3612      633.3921  6919064    0.00%
 208946 73815        cutoff            633.3612      633.3919  6944090    0.00%
 209847 73744      633.3652    70      633.3612      633.3916  6968677    0.00%
 210824 73712      633.3617    67      633.3612      633.3914  6993892    0.00%
Elapsed time = 1880.71 sec. (1010448.15 ticks, tree = 474.01 MB, solutions = 12)
 211743 73672      633.3634    65      633.3612      633.3912  7018561    0.00%
 212680 73606        cutoff            633.3612      633.3910  7043253    0.00%
 213613 73526      633.3640    67      633.3612      633.3908  7068213    0.00%
 214489 73458      633.3779    75      633.3612      633.3906  7092320    0.00%
 215406 73374        cutoff            633.3612      633.3904  7116752    0.00%
 216373 73331      633.3754    78      633.3612      633.3902  7141553    0.00%
 217296 73180        cutoff            633.3612      633.3900  7165936    0.00%
 218196 73130      633.3641    91      633.3612      633.3898  7190766    0.00%
 219080 73045      633.3718    97      633.3612      633.3896  7215249    0.00%
 219998 72891      633.3817    64      633.3612      633.3894  7239355    0.00%
Elapsed time = 1945.17 sec. (1048641.17 ticks, tree = 464.29 MB, solutions = 12)
 220885 72797      633.3622    88      633.3612      633.3892  7263143    0.00%
 221801 72709      633.3759    60      633.3612      633.3890  7287466    0.00%
 222795 72616        cutoff            633.3612      633.3888  7311961    0.00%
 223707 72493      633.3665    58      633.3612      633.3885  7335929    0.00%
 224650 72381        cutoff            633.3612      633.3883  7360731    0.00%
 225593 72186        cutoff            633.3612      633.3881  7384353    0.00%
 226493 72031      633.3657    74      633.3612      633.3879  7408286    0.00%
 227461 71880      633.3634   102      633.3612      633.3877  7432292    0.00%
 228402 71772        cutoff            633.3612      633.3875  7456871    0.00%
 229374 71620      633.3634    73      633.3612      633.3873  7481187    0.00%
Elapsed time = 2009.38 sec. (1086821.32 ticks, tree = 453.64 MB, solutions = 12)
 230284 71451      633.3623    82      633.3612      633.3871  7505120    0.00%
 231268 71247        cutoff            633.3612      633.3869  7529356    0.00%
 232205 71021        cutoff            633.3612      633.3866  7553044    0.00%
 233180 70807        cutoff            633.3612      633.3864  7577195    0.00%
 234127 70635      633.3817    66      633.3612      633.3862  7601629    0.00%
 235154 70428      633.3627    91      633.3612      633.3860  7625973    0.00%
 236159 70120      633.3711    79      633.3612      633.3858  7650813    0.00%
 237087 69880      633.3703    88      633.3612      633.3855  7675524    0.00%
 238075 69579      633.3659    97      633.3612      633.3853  7700339    0.00%
 239069 69287        cutoff            633.3612      633.3851  7725179    0.00%
Elapsed time = 2072.73 sec. (1125012.09 ticks, tree = 434.58 MB, solutions = 12)
 240097 69035        cutoff            633.3612      633.3848  7749696    0.00%
 241045 68799      633.3627    49      633.3612      633.3846  7773966    0.00%
 242042 68492        cutoff            633.3612      633.3844  7798683    0.00%
 243014 68210        cutoff            633.3612      633.3842  7822234    0.00%
 244008 67918      633.3644    57      633.3612      633.3840  7846576    0.00%
 244979 67598        cutoff            633.3612      633.3837  7871080    0.00%
 246019 67299      633.3618    84      633.3612      633.3835  7895669    0.00%
 247016 66918        cutoff            633.3612      633.3833  7919833    0.00%
 248074 66551        cutoff            633.3612      633.3830  7944711    0.00%
 249045 66225        cutoff            633.3612      633.3828  7968619    0.00%
Elapsed time = 2133.65 sec. (1163198.41 ticks, tree = 411.88 MB, solutions = 12)
 250100 65801      633.3622    92      633.3612      633.3825  7993305    0.00%
 251126 65365      633.3687    81      633.3612      633.3823  8018172    0.00%
 252184 64967        cutoff            633.3612      633.3820  8042115    0.00%
 253239 64559      633.3697    77      633.3612      633.3818  8066398    0.00%
 254302 64145        cutoff            633.3612      633.3815  8090552    0.00%
 255341 63704      633.3700    19      633.3612      633.3812  8115374    0.00%
 256343 63236      633.3660    87      633.3612      633.3810  8139448    0.00%
 257435 62791      633.3624    81      633.3612      633.3808  8163534    0.00%
 258493 62250      633.3638    52      633.3612      633.3805  8188119    0.00%
 259543 61790      633.3617    41      633.3612      633.3803  8212275    0.00%
Elapsed time = 2190.98 sec. (1201376.94 ticks, tree = 379.24 MB, solutions = 12)
 260632 61252        cutoff            633.3612      633.3800  8236706    0.00%
 261747 60816      633.3626    80      633.3612      633.3798  8260986    0.00%
 262828 60327      633.3656    66      633.3612      633.3795  8285036    0.00%
 263927 59855        cutoff            633.3612      633.3793  8309221    0.00%
 264989 59302        cutoff            633.3612      633.3790  8332974    0.00%
 266137 58733      633.3673    75      633.3612      633.3788  8356592    0.00%
 267272 58140      633.3678    88      633.3612      633.3785  8380965    0.00%
 268381 57580        cutoff            633.3612      633.3783  8404620    0.00%
 269574 56933      633.3755    79      633.3612      633.3780  8429077    0.00%
 270678 56344        cutoff            633.3612      633.3778  8452862    0.00%
Elapsed time = 2247.91 sec. (1239568.38 ticks, tree = 341.70 MB, solutions = 12)
 271814 55719      633.3672   127      633.3612      633.3775  8476518    0.00%
 272921 55038        cutoff            633.3612      633.3772  8500719    0.00%
 274088 54297        cutoff            633.3612      633.3770  8523868    0.00%
 275264 53522      633.3617    69      633.3612      633.3767  8546996    0.00%
 276448 52790        cutoff            633.3612      633.3764  8571162    0.00%
 277663 51980        cutoff            633.3612      633.3761  8594460    0.00%
 278904 51283      633.3624    81      633.3612      633.3759  8618401    0.00%
 280175 50458        cutoff            633.3612      633.3756  8642164    0.00%
 281452 49631      633.3641    45      633.3612      633.3753  8665749    0.00%
 282779 48726      633.3619    78      633.3612      633.3750  8688543    0.00%
Elapsed time = 2300.35 sec. (1277758.35 ticks, tree = 291.06 MB, solutions = 12)
 284132 47778        cutoff            633.3612      633.3747  8711268    0.00%
 285455 46805      633.3627    60      633.3612      633.3743  8734074    0.00%
 286801 45909      633.3612    58      633.3612      633.3740  8756545    0.00%
 288150 44932        cutoff            633.3612      633.3737  8778968    0.00%
 289566 43796        cutoff            633.3612      633.3734  8800767    0.00%
 290951 42744      633.3644    80      633.3612      633.3731  8823115    0.00%
 292386 41624        cutoff            633.3612      633.3727  8844494    0.00%
 293803 40478        cutoff            633.3612      633.3724  8866904    0.00%
 295323 39247        cutoff            633.3612      633.3720  8888429    0.00%
 296859 37962        cutoff            633.3612      633.3717  8909491    0.00%
Elapsed time = 2348.41 sec. (1315932.25 ticks, tree = 224.42 MB, solutions = 12)
 298410 36666        cutoff            633.3612      633.3713  8930646    0.00%
 300005 35273        cutoff            633.3612      633.3709  8951228    0.00%
 301612 33888      633.3657    32      633.3612      633.3705  8971604    0.00%
 303339 32338        cutoff            633.3612      633.3701  8990268    0.00%
 305009 30853        cutoff            633.3612      633.3697  9009447    0.00%
 306688 29430        cutoff            633.3612      633.3693  9028343    0.00%
 308445 27831        cutoff            633.3612      633.3689  9046474    0.00%
 310297 26130        cutoff            633.3612      633.3685  9063323    0.00%
 312107 24509        cutoff            633.3612      633.3680  9080217    0.00%
 313978 22788      633.3639    83      633.3612      633.3676  9096172    0.00%
Elapsed time = 2390.10 sec. (1354093.27 ticks, tree = 135.67 MB, solutions = 12)
 315896 20989        cutoff            633.3612      633.3672  9111718    0.00%
 317462 19493        cutoff            633.3612      633.3668  9123229    0.00%
 319430 17644        cutoff            633.3612      633.3663  9137555    0.00%
 321450 15754        cutoff            633.3612      633.3658  9150973    0.00%
 323538 13750        cutoff            633.3612      633.3652  9163346    0.00%
 325680 11683        cutoff            633.3612      633.3647  9174820    0.00%
 327849  9590        cutoff            633.3612      633.3641  9185646    0.00%
 330055  7435        cutoff            633.3612      633.3635  9195376    0.00%
 332360  5174        cutoff            633.3612      633.3629  9203862    0.00%
 334708  2859        cutoff            633.3612      633.3622  9211549    0.00%
Elapsed time = 2426.84 sec. (1392422.03 ticks, tree = 21.42 MB, solutions = 12)
 337138   454        cutoff            633.3612      633.3614  9217615    0.00%

Flow cuts applied:  4
Mixed integer rounding cuts applied:  147
Lift and project cuts applied:  2
Gomory fractional cuts applied:  3
User cuts applied:  998

Root node processing (before b&c):
  Real time             =    6.72 sec. (1665.72 ticks)
Sequential b&c:
  Real time             = 2424.14 sec. (1395449.20 ticks)
                          ------------
Total (root+branch&cut) = 2430.85 sec. (1397114.92 ticks)
|V|                                     700
K                                       140
theta                                   0.20
r                                       1
R                                       20
prob_func                               facility_mixture
mixture_low_share                       0.500000
mixture_low_interval                    [0.001000, 0.010000]
mixture_high_interval                   [0.100000, 0.500000]
mixture_seed                            1
#C1                                     902
#CP                                     59830

@Parameters: 
am_callback_heuristic                   false
am_local_search                         true
am_start_heuristic                      false
colocation                              false
comp                                    false
cutC                                    true
cutC_init                               false
cutF                                    true
cutF_init                               false
cutF_stable                             false
cutF_wrong                              false
cutLocal                                false
cutM                                    true
cutM_init                               true
cutM_stable                             false
cutP                                    true
cutP_init                               false
cutP_stable                             false
init                                    true
init_cutF_zero                          false
init_val_greedy                         true
is_Euclidean                            false
is_local_search                         true
is_right_cutP                           true
is_root                                 false
is_silent                               false
is_start                                false
mycut                                   false
pmed                                    false
pre                                     true
stable_root                             false
str                                     true
two_phase                               false
ubstr                                   false
mode                                    Int

am_callback_node_space                  50
init                                    0
mixture_seed                            1
node_space                              5
nodelimit                               -1
nsepa                                   1
strF                                    0
type_delta                              0

EPS                                     0.001000
EPS_FRAC                                0.00
gap                                     0.00
mixture_high_max                        0.50
mixture_high_min                        0.10
mixture_low_max                         0.01
mixture_low_min                         0.00
mixture_low_share                       0.50
timelimit                               3600.00

Number of Closed Sites: 5 / 700 
Number of Confined Sites-1: 5 / 695 
Number of Confined Sites-k: 690 / 4343 
Preprocess Time: 1.59 + 0.00 sec

Solve Time: 2430.85
Number of Nodes: 337587
Termination Status: OPTIMAL

CutInfo: [phase] num / time (sec) / aver. num_nonzero
max              [LP]     0 / 0.00 / 0.00 [init]   537 / 0.01 / 1.50 [rLC]   608 / 0.09 / 3.93 [rUC]   524 / 0.08 / 2.56 [sLC]     4 / 0.08 / 4.50 [sUC]   168 / 1.78 / 3.13 
prod_oa          [LP]     0 / 0.00 / 0.00 [init]   257 / 0.02 / 44.64 [rLC]  2338 / 0.31 / 51.76 [rUC]   743 / 0.29 / 53.83 [sLC]   207 / 0.30 / 50.23 [sUC]   461 / 6.59 / 47.94 
prod_sm_fixed    [LP]     0 / 0.00 / 0.00 [init]     0 / 0.00 / 0.00 [rLC]     0 / 0.00 / 0.00 [rUC]     0 / 0.00 / 0.00 [sLC]     0 / 0.00 / 0.00 [sUC]     0 / 0.00 / 0.00 
prod_bin         [LP]     0 / 0.00 / 0.00 [init]     0 / 0.00 / 0.00 [rLC]     0 / 0.00 / 0.00 [rUC]     0 / 0.00 / 0.00 [sLC]     0 / 0.00 / 0.00 [sUC]     0 / 0.00 / 0.00 
prod_local       [LP]     0 / 0.00 / 0.00 [init]     0 / 0.00 / 0.00 [rLC]     0 / 0.00 / 0.00 [rUC]     0 / 0.00 / 0.00 [sLC]     0 / 0.00 / 0.00 [sUC]     0 / 0.00 / 0.00 
prod_sm_C        [LP]     0 / 0.00 / 0.00 [init]     0 / 0.33 / 0.00 [rLC]     0 / 2.03 / 0.00 [rUC]   977 / 1.97 / 58.72 [sLC]     0 / 1.86 / 0.00 [sUC]   818 / 41.68 / 67.20 
facet            [LP]     0 / 0.00 / 0.00 [init]     0 / 0.00 / 0.00 [rLC]     0 / 0.00 / 0.00 [rUC]   977 / 0.00 / 0.00 [sLC]     0 / 0.00 / 0.00 [sUC]   818 / 0.00 / 0.00 
Separation Round:   [LP] 0  [init] 1  [rLC] 20  [rUC] 17  [sLC] 19  [sUC] 378983  
Root Best Bound 633.900998
Root Best Integer: 623.648357
Best Bound: 633.361212
Best Integer: 633.361191
1: 1, 2, 6, 10, 16, 23, 26, 28, 34, 38, 45, 49, 52, 56, 57, 63, 68, 77, 81, 84, 85, 94, 108, 116, 122, 123, 124, 125, 132, 143, 152, 158, 171, 174, 186, 191, 193, 194, 195, 197, 199, 202, 217, 218, 220, 224, 233, 238, 239, 253, 255, 258, 260, 263, 264, 277, 280, 293, 300, 302, 310, 315, 317, 318, 319, 324, 329, 330, 336, 337, 338, 342, 345, 352, 356, 357, 358, 362, 363, 364, 370, 373, 400, 413, 414, 418, 425, 428, 435, 443, 448, 449, 452, 456, 457, 463, 471, 476, 479, 485, 488, 490, 493, 503, 506, 509, 519, 521, 528, 529, 534, 537, 538, 539, 547, 564, 565, 569, 576, 577, 597, 598, 602, 604, 606, 613, 617, 638, 642, 645, 650, 654, 664, 670, 676, 678, 682, 692, 694, 700
Objective Value (calc): 633.305502
sum_etaM = 429.214901 / 429.214901
sum_etaP = 684.397763 / 684.328152
nL: 140
nCL: 0
mCL: 1
