Version identifier: 20.1.0.0 | 2020-11-10 | 9bedb6d68
CPXPARAM_Threads                                 1
CPXPARAM_TimeLimit                               3600
CPXPARAM_MIP_Tolerances_MIPGap                   0
Generic callback                                 0x60
1 of 1 MIP starts provided solutions.
MIP start 'm1' defined initial solution with objective 107.5142.
Tried aggregator 1 time.
Reduced MIP has 785 rows, 1200 columns, and 10553 nonzeros.
Reduced MIP has 400 binaries, 0 generals, 0 SOSs, and 0 indicators.
Presolve time = 0.00 sec. (2.89 ticks)
Probing time = 0.00 sec. (0.52 ticks)
Tried aggregator 1 time.
Reduced MIP has 785 rows, 1200 columns, and 10553 nonzeros.
Reduced MIP has 400 binaries, 0 generals, 0 SOSs, and 0 indicators.
Presolve time = 0.00 sec. (2.89 ticks)
Probing time = 0.00 sec. (0.52 ticks)
MIP emphasis: balance optimality and feasibility.
MIP search method: dynamic search.
Parallel mode: none, using 1 thread.
Root relaxation solution time = 0.02 sec. (15.60 ticks)

        Nodes                                         Cuts/
   Node  Left     Objective  IInf  Best Integer    Best Bound    ItCnt     Gap

*     0+    0                          107.5142      400.0000           272.04%
      0     0      117.0253     6      107.5142      117.0253      871    8.85%
      0     0      109.0464     3      107.5142     Cuts: 296     1011    1.43%
      0     0      107.6585     3      107.5142     Cuts: 214     1135    0.13%

Repeating presolve.
Tried aggregator 1 time.
MIP Presolve eliminated 392 rows and 596 columns.
MIP Presolve modified 211 coefficients.
Reduced MIP has 393 rows, 604 columns, and 1120 nonzeros.
Reduced MIP has 32 binaries, 0 generals, 0 SOSs, and 0 indicators.
Presolve time = 0.00 sec. (1.36 ticks)
Probing time = 0.00 sec. (0.08 ticks)
Cover probing fixed 0 vars, tightened 3 bounds.
Tried aggregator 1 time.
Reduced MIP has 393 rows, 604 columns, and 1120 nonzeros.
Reduced MIP has 32 binaries, 0 generals, 0 SOSs, and 0 indicators.
Presolve time = 0.00 sec. (0.40 ticks)
Represolve time = 0.01 sec. (5.32 ticks)
Probing time = 0.00 sec. (0.08 ticks)
MIP emphasis: balance optimality and feasibility.
MIP search method: dynamic search.
Parallel mode: none, using 1 thread.
Root relaxation solution time = 0.01 sec. (14.83 ticks)

        Nodes                                         Cuts/
   Node  Left     Objective  IInf  Best Integer    Best Bound    ItCnt     Gap

*     0+    0                          107.5142      107.6585             0.13%
      0     0      107.6580     3      107.5142      107.6580     1715    0.13%
*     0+    0                          107.5142      107.6580             0.13%
      0     0        cutoff            107.5142                   1729     --- 
Elapsed time = 0.27 sec. (101.04 ticks, tree = 0.01 MB, solutions = 2)

Flow cuts applied:  44
Mixed integer rounding cuts applied:  79
User cuts applied:  299

Root node processing (before b&c):
  Real time             =    0.27 sec. (101.10 ticks)
Sequential b&c:
  Real time             =    0.00 sec. (0.00 ticks)
                          ------------
Total (root+branch&cut) =    0.27 sec. (101.10 ticks)
|V|                                     400
K                                       5
theta                                   0.10
r                                       1
R                                       20
prob_func                               facility_mixture
mixture_low_share                       0.500000
mixture_low_interval                    [0.001000, 0.010000]
mixture_high_interval                   [0.100000, 0.500000]
mixture_seed                            1
#C1                                     464
#CP                                     7328

@Parameters: 
am_callback_heuristic                   false
am_local_search                         true
am_start_heuristic                      false
colocation                              false
comp                                    false
cutC                                    true
cutC_init                               false
cutF                                    true
cutF_init                               false
cutF_stable                             false
cutF_wrong                              false
cutLocal                                false
cutM                                    true
cutM_init                               true
cutM_stable                             false
cutP                                    true
cutP_init                               false
cutP_stable                             false
init                                    true
init_cutF_zero                          false
init_val_greedy                         true
is_Euclidean                            false
is_local_search                         true
is_right_cutP                           true
is_root                                 false
is_silent                               false
is_start                                false
mycut                                   false
pmed                                    false
pre                                     true
stable_root                             false
str                                     true
two_phase                               false
ubstr                                   false
mode                                    Int

am_callback_node_space                  50
init                                    0
mixture_seed                            1
node_space                              5
nodelimit                               -1
nsepa                                   1
strF                                    0
type_delta                              0

EPS                                     0.001000
EPS_FRAC                                0.00
gap                                     0.00
mixture_high_max                        0.50
mixture_high_min                        0.10
mixture_low_max                         0.01
mixture_low_min                         0.00
mixture_low_share                       0.50
timelimit                               3600.00

Number of Closed Sites: 12 / 60 
Number of Confined Sites-1: 13 / 52 
Number of Confined Sites-k: 375 / 1087 
Preprocess Time: 0.95 + 0.00 sec

Solve Time: 0.27
Number of Nodes: 0
Termination Status: OPTIMAL

CutInfo: [phase] num / time (sec) / aver. num_nonzero
max              [LP]     0 / 0.00 / 0.00 [init]   392 / 0.01 / 5.76 [rLC]   107 / 0.02 / 12.24 [rUC]    91 / 0.01 / 15.53 [sLC]     0 / 0.00 / 0.00 [sUC]     0 / 0.00 / 0.00 
prod_oa          [LP]     0 / 0.00 / 0.00 [init]   392 / 0.00 / 18.14 [rLC]   313 / 0.01 / 29.93 [rUC]    24 / 0.01 / 46.38 [sLC]     0 / 0.00 / 0.00 [sUC]     0 / 0.00 / 0.00 
prod_sm_fixed    [LP]     0 / 0.00 / 0.00 [init]     0 / 0.00 / 0.00 [rLC]     0 / 0.00 / 0.00 [rUC]     0 / 0.00 / 0.00 [sLC]     0 / 0.00 / 0.00 [sUC]     0 / 0.00 / 0.00 
prod_bin         [LP]     0 / 0.00 / 0.00 [init]     0 / 0.00 / 0.00 [rLC]     0 / 0.00 / 0.00 [rUC]     0 / 0.00 / 0.00 [sLC]     0 / 0.00 / 0.00 [sUC]     0 / 0.00 / 0.00 
prod_local       [LP]     0 / 0.00 / 0.00 [init]     0 / 0.00 / 0.00 [rLC]     0 / 0.00 / 0.00 [rUC]     0 / 0.00 / 0.00 [sLC]     0 / 0.00 / 0.00 [sUC]     0 / 0.00 / 0.00 
prod_sm_C        [LP]     0 / 0.00 / 0.00 [init]     0 / 0.01 / 0.00 [rLC]     0 / 0.04 / 0.00 [rUC]   291 / 0.03 / 54.73 [sLC]     0 / 0.00 / 0.00 [sUC]     0 / 0.00 / 0.00 
facet            [LP]     0 / 0.00 / 0.00 [init]     0 / 0.00 / 0.00 [rLC]     0 / 0.00 / 0.00 [rUC]   291 / 0.00 / 0.00 [sLC]     0 / 0.00 / 0.00 [sUC]     0 / 0.00 / 0.00 
Separation Round:   [LP] 0  [init] 1  [rLC] 5  [rUC] 3  [sLC] 0  [sUC] 0  
Root Best Bound 107.658048
Root Best Integer: 107.514204
Best Bound: 107.658048
Best Integer: 107.514204
1: 30, 174, 212, 362, 379
Objective Value (calc): 107.514204
sum_etaM = 91.359796 / 91.359796
sum_etaP = 109.309139 / 109.309139
nL: 5
nCL: 0
mCL: 1
