Version identifier: 20.1.0.0 | 2020-11-10 | 9bedb6d68
CPXPARAM_Threads                                 1
CPXPARAM_TimeLimit                               3600
CPXPARAM_MIP_Tolerances_MIPGap                   0
Generic callback                                 0x60
1 of 1 MIP starts provided solutions.
MIP start 'm1' defined initial solution with objective 314.0235.
Tried aggregator 2 times.
MIP Presolve eliminated 48 rows and 24 columns.
MIP Presolve modified 289 coefficients.
Aggregator did 24 substitutions.
Reduced MIP has 1272 rows, 1552 columns, and 6188 nonzeros.
Reduced MIP has 388 binaries, 364 generals, 0 SOSs, and 0 indicators.
Presolve time = 0.00 sec. (2.71 ticks)
Probing time = 0.00 sec. (0.35 ticks)
Tried aggregator 1 time.
Reduced MIP has 1272 rows, 1552 columns, and 6188 nonzeros.
Reduced MIP has 388 binaries, 364 generals, 0 SOSs, and 0 indicators.
Presolve time = 0.00 sec. (1.57 ticks)
Probing time = 0.00 sec. (0.35 ticks)
MIP emphasis: balance optimality and feasibility.
MIP search method: dynamic search.
Parallel mode: none, using 1 thread.
Root relaxation solution time = 0.04 sec. (39.31 ticks)

        Nodes                                         Cuts/
   Node  Left     Objective  IInf  Best Integer    Best Bound    ItCnt     Gap

*     0+    0                          314.0235      400.0000            27.38%
      0     0      379.6818   226      314.0235      379.6818     1081   20.91%
      0     0      321.7953   333      314.0235     Cuts: 418     1409    2.47%
      0     0      320.1325   355      314.0235     Cuts: 274     1725    1.95%
      0     0      319.6975   367      314.0235     Cuts: 192     1961    1.81%
      0     0      319.4708   321      314.0235      Cuts: 98     2134    1.73%
      0     0      319.3714   328      314.0235      Cuts: 72     2266    1.70%
      0     0      319.3045   339      314.0235      Cuts: 41     2370    1.68%
      0     0      319.2161   323      314.0235      Cuts: 86     2474    1.65%
      0     0      319.1561   353      314.0235      Cuts: 74     2551    1.63%
      0     0      319.1106   340      314.0235      Cuts: 54     2632    1.62%
      0     0      319.0848   311      314.0235      Cuts: 43     2699    1.61%
      0     0      319.0744   310      314.0235      Cuts: 21     2729    1.61%
      0     0      319.0642   304      314.0235      Cuts: 27     2755    1.61%
      0     0      319.0631   314      314.0235 UserPurge2: 7     2764    1.60%
      0     0      319.0622   316      314.0235 UserPurge2: 4     2771    1.60%
      0     0      319.0616   332      314.0235 UserPurge2: 1     2777    1.60%
      0     0      319.0616   332      314.0235 UserPurge2: 1     2778    1.60%
      0     2      319.0616   332      314.0235      319.0585     2778    1.60%
Elapsed time = 1.13 sec. (945.44 ticks, tree = 0.01 MB, solutions = 1)
     15    17      318.2079   338      314.0235      319.0108     4217    1.59%
     36    38      316.9732   306      314.0235      319.0108     5885    1.59%
     60    62      315.6072   257      314.0235      319.0108     7383    1.59%
     80    77      318.5424   355      314.0235      318.9058     8904    1.55%
     94    91      318.1805   338      314.0235      318.9058    10393    1.55%
    100    97      317.9897   331      314.0235      318.9058    10935    1.55%
    120   117      317.2635   285      314.0235      318.9058    12588    1.55%
    165   162      314.7690   228      314.0235      318.9058    14170    1.55%
    220   213      318.3794   352      314.0235      318.9053    15229    1.55%
    340   329      315.5174   284      314.0235      318.8024    21055    1.52%
Elapsed time = 6.31 sec. (4455.83 ticks, tree = 0.52 MB, solutions = 1)
    467   449      318.2547   395      314.0235      318.7722    27219    1.51%

Performing restart 1

Repeating presolve.
Tried aggregator 1 time.
MIP Presolve modified 135 coefficients.
Reduced MIP has 1272 rows, 1552 columns, and 6188 nonzeros.
Reduced MIP has 388 binaries, 364 generals, 0 SOSs, and 0 indicators.
Presolve time = 0.00 sec. (1.64 ticks)
Tried aggregator 1 time.
Reduced MIP has 1272 rows, 1552 columns, and 6188 nonzeros.
Reduced MIP has 388 binaries, 364 generals, 0 SOSs, and 0 indicators.
Presolve time = 0.00 sec. (1.62 ticks)
Represolve time = 0.02 sec. (8.20 ticks)
    493     0      317.5319   331      314.0235     Cuts: 267    31767    1.12%
    493     0      316.9232   290      314.0235     Cuts: 321    32025    0.92%
    493     0      316.7469   299      314.0235     Cuts: 215    32248    0.87%
    493     0      316.6046   300      314.0235     Cuts: 156    32426    0.82%
    493     0      316.4602   307      314.0235     Cuts: 115    32601    0.78%
    493     0      316.3677   332      314.0235     Cuts: 101    32768    0.75%
    493     0      316.3071   337      314.0235     Cuts: 103    32874    0.73%
    493     0      316.2831   312      314.0235      Cuts: 83    32971    0.72%
    493     0      316.2245   301      314.0235      Cuts: 55    33049    0.70%
    493     0      316.1921   310      314.0235      Cuts: 57    33137    0.69%
    493     0      316.1339   288      314.0235     Cuts: 108    33251    0.67%
    493     0      316.0660   286      314.0235     Cuts: 100    33381    0.65%
    493     0      316.0403   295      314.0235      Cuts: 80    33481    0.64%
    493     0      316.0204   299      314.0235      Cuts: 54    33573    0.64%
    493     0      316.0072   298      314.0235      Cuts: 38    33649    0.63%
    493     0      315.9961   294      314.0235      Cuts: 65    33718    0.63%
    493     0      315.9768   317      314.0235      Cuts: 36    33802    0.62%
    493     0      315.9727   297      314.0235      Cuts: 42    33859    0.62%
    493     0      315.9602   286      314.0235      Cuts: 30    33912    0.62%
    493     2      315.9602   286      314.0235      315.9601    33912    0.62%
    496     5      315.7230   312      314.0235      315.8930    34862    0.60%
    498     7      315.6831   293      314.0235      315.8930    34975    0.60%
    513    22      315.2431   291      314.0235      315.8930    36700    0.60%
    546    49      315.7383   308      314.0235      315.8927    39943    0.60%
    573    72      314.1034   292      314.0235      315.8927    43215    0.60%
    607   102      315.0533   306      314.0235      315.7479    47522    0.55%
    673   144      315.4154   332      314.0235      315.7288    51722    0.54%
    727   193      315.3192   324      314.0235      315.6860    54819    0.53%
Elapsed time = 20.06 sec. (16835.46 ticks, tree = 0.99 MB, solutions = 1)
    796   236      314.0259   251      314.0235      315.6824    58574    0.53%
    860   270      315.5596   344      314.0235      315.6610    62622    0.52%
    940   333      314.2275   267      314.0235      315.6560    66374    0.52%
   1042   397      314.7704   298      314.0235      315.6503    70666    0.52%
   1125   456      314.6612   308      314.0235      315.6260    75117    0.51%
   1223   523      314.5801   270      314.0235      315.6121    78879    0.51%
   1321   582      314.0482   324      314.0235      315.5968    83024    0.50%
   1398   640      314.0459   217      314.0235      315.5963    87360    0.50%
   1493   708      314.8883   299      314.0235      315.5943    91092    0.50%
   1652   823        cutoff            314.0235      315.5874    94798    0.50%
Elapsed time = 31.77 sec. (26516.23 ticks, tree = 11.98 MB, solutions = 1)
   1758   897      315.0334   333      314.0235      315.5802    98582    0.50%
   1876   987      314.2679   343      314.0235      315.5792   102648    0.50%
   1967  1024      314.0485   295      314.0235      315.5613   107236    0.49%
   2066  1071      315.3054   322      314.0235      315.5554   111202    0.49%
   2181  1140      314.2646   245      314.0235      315.5553   114758    0.49%
   2284  1204      314.2650   249      314.0235      315.5540   118775    0.49%
   2390  1249      314.1550   338      314.0235      315.5529   122020    0.49%
   2539  1326        cutoff            314.0235      315.5502   126343    0.49%
   2662  1413      314.8675   225      314.0235      315.5486   130204    0.49%
   2741  1475      314.1719   309      314.0235      315.5483   133094    0.49%
Elapsed time = 43.89 sec. (36847.92 ticks, tree = 24.24 MB, solutions = 1)
   2878  1552      315.2962   300      314.0235      315.5393   137487    0.48%
   2990  1604        cutoff            314.0235      315.5389   141614    0.48%
   3057  1650        cutoff            314.0235      315.5370   145662    0.48%
   3160  1700        cutoff            314.0235      315.5203   150143    0.48%
   3335  1777      314.0292   259      314.0235      315.5136   154348    0.47%
   3478  1854      314.1255   242      314.0235      315.5115   158025    0.47%
   3568  1914      314.3518   322      314.0235      315.5109   161093    0.47%
   3677  1981      314.0391   346      314.0235      315.5106   165501    0.47%
   3766  2036      314.0584   267      314.0235      315.5096   169416    0.47%
   3892  2095      314.3446   322      314.0235      315.5031   173042    0.47%
Elapsed time = 55.38 sec. (46471.23 ticks, tree = 35.19 MB, solutions = 1)
   4013  2156      314.3357   297      314.0235      315.4967   177197    0.47%
   4113  2198      314.5341   372      314.0235      315.4950   180211    0.47%
   4217  2258      314.1916   290      314.0235      315.4851   183902    0.47%
   4350  2328      314.0676   268      314.0235      315.4839   188251    0.47%
   4466  2384      314.0378   284      314.0235      315.4777   192087    0.46%
   4557  2451      314.7293   267      314.0235      315.4745   195786    0.46%
   4692  2550      314.7749   366      314.0235      315.4741   199586    0.46%
   4758  2589      314.7138   359      314.0235      315.4685   202524    0.46%
   4824  2631      314.1910   261      314.0235      315.4685   206402    0.46%
   4941  2681      314.1385   293      314.0235      315.4641   210322    0.46%
Elapsed time = 66.61 sec. (56099.16 ticks, tree = 43.64 MB, solutions = 1)
   5033  2724      315.1315   300      314.0235      315.4607   214683    0.46%
   5197  2824      314.1728   186      314.0235      315.4594   218943    0.46%
   5286  2868      314.0680   282      314.0235      315.4548   223463    0.46%
   5415  2956      314.1407   246      314.0235      315.4512   227766    0.45%
   5560  3029      314.0572   316      314.0235      315.4501   231829    0.45%
   5665  3085      314.5671   316      314.0235      315.4482   236226    0.45%
   5763  3147      314.2931   261      314.0235      315.4449   239722    0.45%
   5872  3186      314.9993   318      314.0235      315.4396   243536    0.45%
   5920  3225      315.2807   337      314.0235      315.4381   246287    0.45%
   6002  3279      314.1230   194      314.0235      315.4381   250308    0.45%
Elapsed time = 77.72 sec. (65754.18 ticks, tree = 52.24 MB, solutions = 1)
   6144  3348      314.5296   327      314.0235      315.4375   254260    0.45%
   6235  3389      314.4350   336      314.0235      315.4337   258196    0.45%
   6344  3475      314.2877   161      314.0235      315.4331   260977    0.45%
   6428  3530      315.1136   285      314.0235      315.4301   264687    0.45%
   6528  3587      314.3041   236      314.0235      315.4277   268513    0.45%
   6621  3634      314.2012   317      314.0235      315.4269   271291    0.45%
   6784  3705      314.1080   257      314.0235      315.4228   275357    0.45%
   6951  3786      314.3714   337      314.0235      315.4188   279998    0.44%
   7027  3819      314.2744   318      314.0235      315.4166   283350    0.44%
   7070  3840      314.9202   352      314.0235      315.4156   285768    0.44%
Elapsed time = 88.70 sec. (75389.53 ticks, tree = 61.39 MB, solutions = 1)
   7139  3882      314.1942   318      314.0235      315.4142   289708    0.44%
   7199  3916      314.4235   352      314.0235      315.4137   293785    0.44%
   7289  3959      314.4636   286      314.0235      315.4134   297671    0.44%
   7393  4021      314.4790   277      314.0235      315.4128   301234    0.44%
   7479  4053      314.2657   345      314.0235      315.4123   303478    0.44%
   7613  4127      315.3034   275      314.0235      315.4112   308059    0.44%
   7722  4195      314.5356   330      314.0235      315.4104   312578    0.44%
   7832  4246      314.1023   277      314.0235      315.4099   317236    0.44%
   7913  4299      314.7070   323      314.0235      315.4081   320936    0.44%
   8032  4361      314.0700   245      314.0235      315.4069   324825    0.44%
Elapsed time = 99.68 sec. (85133.20 ticks, tree = 68.87 MB, solutions = 1)
   8131  4415      314.6908   296      314.0235      315.4019   328660    0.44%
   8313  4567      314.3957   216      314.0235      315.4012   332650    0.44%
   8393  4601      315.1247   353      314.0235      315.4007   336171    0.44%
   8478  4639      314.4427   338      314.0235      315.3968   340188    0.44%
   8537  4673      314.6875   312      314.0235      315.3944   344300    0.44%
   8645  4729      314.3744   336      314.0235      315.3909   348277    0.44%
   8766  4789      314.2022   232      314.0235      315.3864   352885    0.43%
   8882  4841      315.3338   322      314.0235      315.3834   357223    0.43%
   8976  4899      314.2372   323      314.0235      315.3824   361378    0.43%
   9397  5096      315.1677   269      314.0235      315.3763   376486    0.43%
Elapsed time = 114.12 sec. (97735.76 ticks, tree = 81.08 MB, solutions = 1)
   9721  5256      314.6302   278      314.0235      315.3690   390004    0.43%
  10207  5543      314.1625   175      314.0235      315.3609   408630    0.43%
  10353  5616      314.4914   289      314.0235      315.3590   414457    0.43%
  10354  5617      315.0500   365      314.0235      315.3587   414855    0.43%
  10676  5769        cutoff            314.0235      315.3552   423822    0.42%
  11191  6019        cutoff            314.0235      315.3479   439789    0.42%
  11670  6295      314.7758   261      314.0235      315.3413   455075    0.42%
  12089  6519      314.4200   314      314.0235      315.3372   471076    0.42%
  12600  6724      314.5352   314      314.0235      315.3309   489553    0.42%
  13163  6982      315.2938   232      314.0235      315.3268   511493    0.42%
Elapsed time = 162.10 sec. (139150.49 ticks, tree = 109.50 MB, solutions = 1)
  13654  7273      314.0930   184      314.0235      315.3231   530059    0.41%
  14065  7474      315.2690   335      314.0235      315.3209   547157    0.41%
  14496  7674      314.4539   301      314.0235      315.3168   563452    0.41%
  14984  7905      314.2391   222      314.0235      315.3148   579252    0.41%
  15436  8158      314.2444   248      314.0235      315.3125   594534    0.41%
  16005  8419      314.4417   288      314.0235      315.3101   611589    0.41%
  16444  8613        cutoff            314.0235      315.3055   628119    0.41%
  16963  8916      314.3817   280      314.0235      315.3038   643878    0.41%
  17552  9183      314.1428   267      314.0235      315.3001   660777    0.41%
  18134  9428        cutoff            314.0235      315.2961   680278    0.41%
Elapsed time = 207.46 sec. (177489.93 ticks, tree = 148.89 MB, solutions = 1)
  18714  9719      314.3528   312      314.0235      315.2915   698814    0.40%
  19237 10004      314.2642   220      314.0235      315.2892   716004    0.40%
  19874 10307      314.0314   222      314.0235      315.2863   735782    0.40%

Performing restart 2

Repeating presolve.
Tried aggregator 1 time.
MIP Presolve modified 46 coefficients.
Reduced MIP has 1272 rows, 1552 columns, and 6188 nonzeros.
Reduced MIP has 388 binaries, 364 generals, 0 SOSs, and 0 indicators.
Presolve time = 0.00 sec. (1.63 ticks)
Tried aggregator 1 time.
Reduced MIP has 1272 rows, 1552 columns, and 6188 nonzeros.
Reduced MIP has 388 binaries, 364 generals, 0 SOSs, and 0 indicators.
Presolve time = 0.00 sec. (1.62 ticks)
Represolve time = 0.06 sec. (19.72 ticks)
  20217     0      315.7343   346      314.0235     Cuts: 120   749840    0.40%
  20217     0      315.6799   322      314.0235      Cuts: 74   750006    0.40%
  20217     0      315.6586   319      314.0235      Cuts: 57   750121    0.40%
  20217     0      315.6466   291      314.0235      Cuts: 32   750212    0.40%
  20217     0      315.6410   281      314.0235      Cuts: 41   750266    0.40%
  20217     0      315.6372   302      314.0235   MIRcuts: 23   750313    0.40%
  20217     0      315.6338   289      314.0235      Cuts: 18   750367    0.40%
  20217     0      315.6325   289      314.0235   MIRcuts: 11   750395    0.40%
  20217     0      315.6313   293      314.0235      Cuts: 15   750432    0.40%
  20217     0      315.6290   300      314.0235      Cuts: 11   750462    0.40%
  20217     0      315.6216   259      314.0235      Cuts: 28   750528    0.40%
  20217     0      315.6066   287      314.0235      Cuts: 40   750599    0.40%
  20217     0      315.5983   269      314.0235      Cuts: 32   750655    0.40%
  20217     0      315.5927   275      314.0235      Cuts: 32   750715    0.40%
  20217     2      315.5927   277      314.0235      315.2849   750715    0.40%
  20272    57      314.8206   110      314.0235      315.2849   752863    0.40%
  20357   137      314.6278   169      314.0235      315.2849   755361    0.40%
  20496   234      314.5795   217      314.0235      315.2849   759459    0.40%
  20697   386      315.2902   221      314.0235      315.2849   766871    0.40%
  21196   789      315.1329   237      314.0235      315.2849   785585    0.40%
  21977  1417      314.0784   193      314.0235      315.2849   811080    0.40%
Elapsed time = 252.33 sec. (216734.98 ticks, tree = 1.85 MB, solutions = 1)
  22943  2181        cutoff            314.0235      315.2849   840181    0.40%
  23603  2671      315.1059   270      314.0235      315.2849   864732    0.40%
  24244  3143      315.1858   267      314.0235      315.2849   894445    0.40%
  24751  3500      314.1482   281      314.0235      315.2849   916575    0.40%
  25353  3900      314.4866   157      314.0235      315.2807   938473    0.40%
  26066  4412      315.0591   253      314.0235      315.2624   966200    0.39%
  26853  5021      314.7077   247      314.0235      315.2508   995290    0.39%
  27615  5561      314.3129   224      314.0235      315.2416  1024458    0.39%
  28300  6074      314.2125   172      314.0235      315.2378  1052479    0.39%
  29061  6637      315.0677   236      314.0235      315.2324  1082286    0.38%
Elapsed time = 304.54 sec. (254944.90 ticks, tree = 7.78 MB, solutions = 1)
  29867  7209      315.0737   264      314.0235      315.2276  1111746    0.38%
  30476  7668      314.0907   233      314.0235      315.2253  1134802    0.38%
  31049  8085      314.8914   206      314.0235      315.2195  1159179    0.38%
  31877  8687      314.2233   154      314.0235      315.2152  1187567    0.38%
  32565  9198      314.3362   174      314.0235      315.2112  1214086    0.38%
  33162  9579      315.0804   222      314.0235      315.2057  1236656    0.38%
  33962 10154      314.5852   213      314.0235      315.1986  1265613    0.37%
  34674 10661      314.2798   188      314.0235      315.1907  1294481    0.37%
  35319 11118      314.8550   253      314.0235      315.1865  1317309    0.37%
  35882 11500      314.6788   176      314.0235      315.1836  1339416    0.37%
Elapsed time = 356.10 sec. (293291.27 ticks, tree = 13.47 MB, solutions = 1)
  36509 11938        cutoff            314.0235      315.1787  1367663    0.37%
  37190 12417      314.0695   226      314.0235      315.1729  1396760    0.37%
  37651 12702      314.9787   219      314.0235      315.1685  1418322    0.36%
  38277 13113      314.9563   189      314.0235      315.1640  1442250    0.36%
  39046 13616      314.0622   254      314.0235      315.1580  1471155    0.36%
  39843 14153      314.1765   264      314.0235      315.1538  1501021    0.36%
  40417 14587      314.0846   121      314.0235      315.1516  1524154    0.36%
  41037 14982      314.6422   215      314.0235      315.1495  1546193    0.36%
  41911 15594      314.8529   225      314.0235      315.1463  1573079    0.36%
  42537 16008      314.1862   186      314.0235      315.1432  1602063    0.36%
Elapsed time = 406.00 sec. (331514.91 ticks, tree = 18.54 MB, solutions = 1)
  43127 16429      314.3876   211      314.0235      315.1398  1628215    0.36%
  43734 16849      314.8592   247      314.0235      315.1375  1651455    0.35%
  44435 17335      314.2754   202      314.0235      315.1351  1677059    0.35%
  45260 17922      314.1328   158      314.0235      315.1318  1706771    0.35%
  46000 18445        cutoff            314.0235      315.1279  1736384    0.35%
  46559 18827      314.1630   190      314.0235      315.1237  1760084    0.35%
  47168 19209      314.1800   187      314.0235      315.1213  1777363    0.35%
  47760 19565      314.6126   306      314.0235      315.1186  1795896    0.35%
  48429 20027      314.7439   242      314.0235      315.1163  1822157    0.35%
  49162 20551      314.9783   239      314.0235      315.1125  1847086    0.35%
Elapsed time = 456.79 sec. (369813.99 ticks, tree = 37.75 MB, solutions = 1)
  49899 21057      314.0828   168      314.0235      315.1082  1874496    0.35%
  50510 21457      314.0487   183      314.0235      315.1060  1898441    0.34%
  51230 21980      314.1264   242      314.0235      315.1036  1923602    0.34%
  51971 22482      314.2675   239      314.0235      315.1015  1951996    0.34%
  52693 22998      314.7767   222      314.0235      315.0998  1981032    0.34%
  53455 23538      314.3689    74      314.0235      315.0979  2009306    0.34%
  54107 23985      314.3601   192      314.0235      315.0970  2033946    0.34%
  54728 24380      314.2914   238      314.0235      315.0952  2058239    0.34%
  55415 24826      314.6266   235      314.0235      315.0931  2086073    0.34%
  56316 25429        cutoff            314.0235      315.0903  2115405    0.34%
Elapsed time = 508.32 sec. (408067.55 ticks, tree = 43.46 MB, solutions = 1)
  57000 25857      314.3908   245      314.0235      315.0879  2144412    0.34%
  57665 26310      314.7787   153      314.0235      315.0862  2168977    0.34%
  58252 26664      314.9328   311      314.0235      315.0846  2191896    0.34%
  58878 27064      314.6707   263      314.0235      315.0829  2216139    0.34%
  59439 27382      314.4016   316      314.0235      315.0806  2240517    0.34%
  60071 27754      314.9123   280      314.0235      315.0784  2268868    0.34%
  60744 28208      314.4573   211      314.0235      315.0770  2297421    0.34%
  61338 28544      314.7585   305      314.0235      315.0759  2326404    0.34%
  61869 28807      314.9345   235      314.0235      315.0743  2351777    0.33%
  62403 29120      314.0780   232      314.0235      315.0732  2375657    0.33%
Elapsed time = 556.33 sec. (446376.70 ticks, tree = 47.79 MB, solutions = 1)
  62924 29428      314.4654   233      314.0235      315.0710  2399547    0.33%
  63473 29689      314.2147   277      314.0235      315.0702  2426774    0.33%
  64055 30037        cutoff            314.0235      315.0694  2455196    0.33%
  64722 30404      314.9702   216      314.0235      315.0683  2484564    0.33%
  65284 30718      314.9782   300      314.0235      315.0661  2510853    0.33%
  65725 30961      314.2620   237      314.0235      315.0652  2535082    0.33%
  66322 31326      315.0277   188      314.0235      315.0640  2561113    0.33%
  66900 31645      314.8815   251      314.0235      315.0625  2587315    0.33%
  67517 32026      314.2830   221      314.0235      315.0608  2615698    0.33%
  68140 32405      314.2171   252      314.0235      315.0598  2644812    0.33%
Elapsed time = 603.62 sec. (484656.57 ticks, tree = 51.58 MB, solutions = 1)
  68738 32779        cutoff            314.0235      315.0588  2673833    0.33%
  69278 33078      314.2541   267      314.0235      315.0576  2698536    0.33%
  69725 33312      314.1087   194      314.0235      315.0562  2722680    0.33%
  70291 33651      314.0417   137      314.0235      315.0551  2748138    0.33%
  70843 33997      314.0871   164      314.0235      315.0545  2773020    0.33%
  71568 34403      314.7441   256      314.0235      315.0529  2800794    0.33%
  72255 34821      314.6245   212      314.0235      315.0511  2829056    0.33%
  72910 35190      314.2489   165      314.0235      315.0500  2858847    0.33%
  73397 35457      314.0802   235      314.0235      315.0486  2882369    0.33%
  73994 35794      314.8288   253      314.0235      315.0475  2910081    0.33%
Elapsed time = 650.89 sec. (522928.93 ticks, tree = 56.89 MB, solutions = 1)
  74587 36167      314.0667   141      314.0235      315.0463  2933526    0.33%
  75047 36422      314.3416   246      314.0235      315.0453  2955724    0.33%
  75633 36761      314.2389   156      314.0235      315.0446  2982628    0.33%
  76245 37119      314.0771   217      314.0235      315.0430  3010709    0.32%
  76910 37514      314.2564   216      314.0235      315.0418  3039439    0.32%
  77612 37918      314.1333   203      314.0235      315.0401  3068505    0.32%
  78147 38183      314.9098   244      314.0235      315.0391  3093608    0.32%
  78651 38462      314.8834   222      314.0235      315.0383  3117789    0.32%
  79157 38726        cutoff            314.0235      315.0366  3142254    0.32%
  79650 38971        cutoff            314.0235      315.0356  3167238    0.32%
Elapsed time = 697.81 sec. (561191.43 ticks, tree = 60.72 MB, solutions = 1)
  80287 39308      314.2341   236      314.0235      315.0346  3194457    0.32%
  80937 39696      314.0330   225      314.0235      315.0336  3221419    0.32%
  81557 40081      314.8219   203      314.0235      315.0324  3249273    0.32%
  82203 40451      314.1416   199      314.0235      315.0310  3278580    0.32%
  82754 40753      314.4912   132      314.0235      315.0295  3303461    0.32%
  83365 41112      314.4783   236      314.0235      315.0283  3328204    0.32%
  83970 41443      314.6550   254      314.0235      315.0275  3353115    0.32%
  84527 41720      314.6533   232      314.0235      315.0264  3379115    0.32%
  85196 42074      314.1144   153      314.0235      315.0252  3407357    0.32%
  85927 42481      314.1338   212      314.0235      315.0244  3436429    0.32%
Elapsed time = 746.15 sec. (599377.99 ticks, tree = 64.95 MB, solutions = 1)
  86615 42858      314.8902   238      314.0235      315.0233  3464557    0.32%
  87314 43271      314.0376   237      314.0235      315.0222  3493306    0.32%
  87826 43565        cutoff            314.0235      315.0211  3517012    0.32%
  88383 43884      314.2785   253      314.0235      315.0202  3542539    0.32%
  89014 44213      314.1026   239      314.0235      315.0188  3568555    0.32%
  89592 44549      314.7825   247      314.0235      315.0181  3594345    0.32%
  90240 44903      314.1343   260      314.0235      315.0172  3621844    0.32%
  90754 45204      314.2990   222      314.0235      315.0164  3650382    0.32%
  91433 45603      314.1467   149      314.0235      315.0158  3678525    0.32%
  92111 45959      314.6847   256      314.0235      315.0146  3707696    0.32%
Elapsed time = 794.12 sec. (637581.83 ticks, tree = 69.05 MB, solutions = 1)
  92794 46401      314.7644   242      314.0235      315.0135  3733895    0.32%
  93467 46776      314.2984   204      314.0235      315.0124  3759606    0.31%
  94020 47119      314.3253   254      314.0235      315.0115  3784260    0.31%
  94617 47472      314.0650   129      314.0235      315.0110  3809890    0.31%
  95197 47788      314.2562   263      314.0235      315.0097  3836007    0.31%
  95928 48238      314.0740   198      314.0235      315.0094  3864217    0.31%
  96551 48544      314.4812   237      314.0235      315.0085  3894182    0.31%
  97161 48882      314.6307   172      314.0235      315.0078  3923087    0.31%
  97948 49367      314.2203   168      314.0235      315.0073  3950600    0.31%
  98643 49788      314.6832   269      314.0235      315.0065  3976403    0.31%
Elapsed time = 843.14 sec. (675869.35 ticks, tree = 73.49 MB, solutions = 1)
  99299 50180        cutoff            314.0235      315.0059  4001878    0.31%
  99820 50457        cutoff            314.0235      315.0050  4028225    0.31%
 100417 50782      314.7338   217      314.0235      315.0041  4053765    0.31%
 101038 51156      314.2117   224      314.0235      315.0030  4081826    0.31%
 101725 51571      314.5143   220      314.0235      315.0021  4110889    0.31%
 102401 52017      314.3813   287      314.0235      315.0013  4139351    0.31%
 103130 52446      314.7652   219      314.0235      315.0004  4168456    0.31%
 103792 52834        cutoff            314.0235      314.9991  4196195    0.31%
 104393 53153      314.8726   241      314.0235      314.9982  4220941    0.31%
 104990 53503        cutoff            314.0235      314.9970  4246722    0.31%
Elapsed time = 891.78 sec. (714084.85 ticks, tree = 77.82 MB, solutions = 1)
 105524 53816      314.5261   321      314.0235      314.9962  4272265    0.31%
 106183 54177      314.1590   204      314.0235      314.9955  4297885    0.31%
 106866 54571      314.1234   206      314.0235      314.9944  4323782    0.31%
 107559 54998      314.4641   188      314.0235      314.9935  4352302    0.31%
 108286 55414      314.0941   227      314.0235      314.9923  4381142    0.31%
 109002 55820      314.0632   260      314.0235      314.9913  4410007    0.31%
 109698 56201      314.6404   219      314.0235      314.9902  4438431    0.31%
 110269 56517      314.1485   208      314.0235      314.9895  4463937    0.31%
 110927 56939      314.6279   264      314.0235      314.9884  4489612    0.31%
 111593 57345      314.6053   267      314.0235      314.9877  4516546    0.31%
Elapsed time = 941.05 sec. (752315.79 ticks, tree = 82.94 MB, solutions = 1)
 112268 57759      314.0362   230      314.0235      314.9867  4542086    0.31%
 112953 58171      314.0801   205      314.0235      314.9855  4570916    0.31%
 113697 58638      314.3114   222      314.0235      314.9849  4599209    0.31%
 114291 58940      314.1931   250      314.0235      314.9840  4628187    0.31%
 115012 59320      314.5625   229      314.0235      314.9833  4656947    0.31%
 115753 59751      314.7488   210      314.0235      314.9827  4685440    0.31%
 116319 60040        cutoff            314.0235      314.9821  4709959    0.31%
 116869 60314      314.1901   209      314.0235      314.9814  4735040    0.31%
 117486 60660        cutoff            314.0235      314.9807  4761001    0.30%
 118096 61016      314.0813   195      314.0235      314.9796  4786767    0.30%
Elapsed time = 990.00 sec. (790544.85 ticks, tree = 87.14 MB, solutions = 1)
 118761 61396      314.3902   288      314.0235      314.9787  4814922    0.30%
 119481 61806      314.1679   231      314.0235      314.9779  4842910    0.30%
 120204 62229      314.3787   175      314.0235      314.9775  4872408    0.30%
 120906 62620      314.7962   301      314.0235      314.9766  4901722    0.30%
 121493 62934      314.4795   208      314.0235      314.9759  4929848    0.30%
 122133 63286      314.7184   252      314.0235      314.9747  4956152    0.30%
 122716 63602      314.4647   270      314.0235      314.9741  4980835    0.30%
 123310 63949      314.0380   224      314.0235      314.9734  5007339    0.30%
 123971 64365      314.2895   206      314.0235      314.9727  5033310    0.30%
 124636 64738      314.0541   156      314.0235      314.9720  5059642    0.30%
Elapsed time = 1038.94 sec. (828801.26 ticks, tree = 91.50 MB, solutions = 1)
 125237 65057      314.3287   195      314.0235      314.9714  5087809    0.30%
 125879 65453      314.7721   245      314.0235      314.9704  5115229    0.30%
 126522 65851      314.2050   212      314.0235      314.9695  5144736    0.30%
 127280 66303      314.5001   241      314.0235      314.9684  5173552    0.30%
 127985 66743      314.0570   120      314.0235      314.9674  5202117    0.30%
 128617 67097      314.0342   205      314.0235      314.9666  5228123    0.30%
 129258 67465      314.0772   208      314.0235      314.9659  5254043    0.30%
 129867 67807      314.5075   198      314.0235      314.9651  5279221    0.30%
 130531 68184      314.2841   288      314.0235      314.9641  5304592    0.30%
 131218 68598      314.2772   238      314.0235      314.9632  5330547    0.30%
Elapsed time = 1088.40 sec. (867030.73 ticks, tree = 98.86 MB, solutions = 1)
 131842 68931      314.4345   187      314.0235      314.9621  5358292    0.30%
 132554 69357      314.2320   174      314.0235      314.9616  5386537    0.30%
 133301 69772      314.3549   252      314.0235      314.9608  5415466    0.30%
 133878 70058      314.7739   216      314.0235      314.9599  5444712    0.30%
 134591 70520      314.3287   211      314.0235      314.9593  5472811    0.30%
 135282 70921      314.1140   222      314.0235      314.9587  5496572    0.30%
 135911 71314      314.9397   264      314.0235      314.9576  5522999    0.30%
 136539 71671      314.0445   253      314.0235      314.9569  5547488    0.30%
 137105 72027      314.3280   215      314.0235      314.9561  5574208    0.30%
 137817 72409      314.1085   139      314.0235      314.9554  5599575    0.30%
Elapsed time = 1137.76 sec. (905290.23 ticks, tree = 103.26 MB, solutions = 1)
 138483 72774      314.2770   329      314.0235      314.9550  5627426    0.30%
 139211 73219      314.7549   199      314.0235      314.9543  5655504    0.30%
 139902 73646      314.7945   281      314.0235      314.9537  5683613    0.30%
 140642 74098      314.0848   227      314.0235      314.9527  5711921    0.30%
 141302 74552      314.1291   222      314.0235      314.9521  5740038    0.30%
 141907 74919      314.0317   231      314.0235      314.9513  5767430    0.30%
 142568 75305      314.4289   219      314.0235      314.9507  5791376    0.30%
 143237 75712      314.8059   214      314.0235      314.9497  5818927    0.29%
 143896 76102      314.5310   200      314.0235      314.9492  5844937    0.29%
 144517 76477      314.6697   305      314.0235      314.9487  5869350    0.29%
Elapsed time = 1187.94 sec. (943623.44 ticks, tree = 108.03 MB, solutions = 1)
 145107 76813      314.1220   124      314.0235      314.9482  5894798    0.29%
 145752 77196      314.0377   168      314.0235      314.9475  5923775    0.29%
 146530 77662      314.0995   201      314.0235      314.9467  5952964    0.29%
 147232 78096      314.2627   236      314.0235      314.9460  5981340    0.29%
 147827 78448      314.8605   227      314.0235      314.9455  6009793    0.29%
 148430 78816      314.0880   227      314.0235      314.9448  6038128    0.29%
 149068 79198      314.4715   294      314.0235      314.9443  6063869    0.29%
 149642 79544      314.1326   245      314.0235      314.9432  6091079    0.29%
 150218 79978      314.4719   233      314.0235      314.9429  6116650    0.29%
 150850 80347      314.0414   247      314.0235      314.9421  6142540    0.29%
Elapsed time = 1237.04 sec. (981840.56 ticks, tree = 112.56 MB, solutions = 1)
 151497 80774      314.0373   176      314.0235      314.9418  6168032    0.29%
 152121 81129      314.0520   256      314.0235      314.9408  6194201    0.29%
 152787 81498      314.2380   231      314.0235      314.9402  6221094    0.29%
 153443 81883      314.3067    82      314.0235      314.9397  6248728    0.29%
 154133 82257      314.0680   210      314.0235      314.9390  6277291    0.29%
 154800 82633      314.3510   200      314.0235      314.9380  6305849    0.29%
 155567 83126      314.0717    92      314.0235      314.9370  6333670    0.29%
 156241 83546      314.0279   159      314.0235      314.9365  6361137    0.29%
 156817 83863      314.8364   247      314.0235      314.9359  6386536    0.29%
 157484 84277      314.6007   207      314.0235      314.9352  6410073    0.29%
Elapsed time = 1286.56 sec. (1020064.98 ticks, tree = 117.07 MB, solutions = 1)
 158271 84756      314.0273   221      314.0235      314.9345  6437028    0.29%
 158918 85164      314.6936   188      314.0235      314.9342  6462921    0.29%
 159531 85471      314.7615   221      314.0235      314.9336  6488057    0.29%
 160264 85931      314.2324   235      314.0235      314.9326  6516256    0.29%
 160984 86319      314.1892   203      314.0235      314.9315  6544146    0.29%
 161639 86717      314.3477   265      314.0235      314.9307  6573278    0.29%
 162381 87176      314.3772   257      314.0235      314.9304  6601558    0.29%
 163127 87682      314.2558   219      314.0235      314.9300  6629964    0.29%
 163953 88209      314.1379   266      314.0235      314.9296  6658406    0.29%
 164617 88642      314.3024   196      314.0235      314.9291  6684038    0.29%
Elapsed time = 1337.47 sec. (1058322.34 ticks, tree = 122.12 MB, solutions = 1)
 165203 88983      314.3462   279      314.0235      314.9287  6710701    0.29%
 165807 89344      314.7798   331      314.0235      314.9284  6736025    0.29%
 166443 89698      314.0264   219      314.0235      314.9280  6761099    0.29%
 167186 90148      314.3457   239      314.0235      314.9275  6786884    0.29%
 167923 90639      314.4526   127      314.0235      314.9267  6813086    0.29%
 168635 91067      314.3509   220      314.0235      314.9263  6841222    0.29%
 169402 91618      314.6384   165      314.0235      314.9258  6869171    0.29%
 170097 92070      314.0535   269      314.0235      314.9255  6896120    0.29%
 170799 92520      314.5077   277      314.0235      314.9250  6924494    0.29%
 171558 93014      314.3019   279      314.0235      314.9244  6952011    0.29%
Elapsed time = 1388.93 sec. (1096631.30 ticks, tree = 127.26 MB, solutions = 1)
 172220 93399      314.0902   197      314.0235      314.9239  6979068    0.29%
 172967 93877      314.1631   251      314.0235      314.9232  7005562    0.29%
 173651 94302      314.7684   277      314.0235      314.9227  7031480    0.29%
 174287 94660      314.0570   215      314.0235      314.9224  7055884    0.29%
 174974 95118      314.0527   194      314.0235      314.9221  7082595    0.29%
 175592 95465      314.1149   232      314.0235      314.9218  7108660    0.29%
 176132 95803      314.0884   227      314.0235      314.9216  7135444    0.29%
 176876 96240      314.2516   245      314.0235      314.9209  7161036    0.29%
 177623 96678      314.1387   243      314.0235      314.9204  7188797    0.29%
 178315 97123      314.8356   243      314.0235      314.9200  7215687    0.29%
Elapsed time = 1439.26 sec. (1134899.79 ticks, tree = 132.05 MB, solutions = 1)
 178990 97512      314.0520    69      314.0235      314.9194  7242977    0.29%
 179686 97954      314.5137   263      314.0235      314.9189  7269828    0.29%
 180442 98477      314.1990   267      314.0235      314.9185  7297706    0.29%
 181074 98850      314.3030   255      314.0235      314.9182  7321927    0.28%
 181647 99191      314.1527   138      314.0235      314.9178  7346967    0.28%
 182347 99593      314.2412   210      314.0235      314.9171  7373735    0.28%
 183085 100065      314.3394   320      314.0235      314.9164  7399565    0.28%
 183748 100453      314.1269   285      314.0235      314.9162  7424118    0.28%
 184494 100919      314.3700   217      314.0235      314.9156  7448832    0.28%
 185132 101299      314.1889   231      314.0235      314.9150  7474787    0.28%
Elapsed time = 1489.50 sec. (1173140.46 ticks, tree = 136.92 MB, solutions = 1)
 185857 101732      314.7356   178      314.0235      314.9145  7502022    0.28%
 186607 102184      314.3782   193      314.0235      314.9140  7528634    0.28%
 187332 102650      314.5213   212      314.0235      314.9135  7555598    0.28%
 187985 103032      314.1988   118      314.0235      314.9131  7583280    0.28%
 188720 103448      314.8004   283      314.0235      314.9123  7611507    0.28%
 189437 103929      314.0604   109      314.0235      314.9120  7639328    0.28%
 190016 104257      314.1159   262      314.0235      314.9115  7663767    0.28%
 190719 104702      314.2129   153      314.0235      314.9111  7691536    0.28%
 191398 105134        cutoff            314.0235      314.9105  7718573    0.28%
 192055 105573      314.1400   160      314.0235      314.9101  7744658    0.28%
Elapsed time = 1540.54 sec. (1211429.88 ticks, tree = 141.92 MB, solutions = 1)
 192733 105977      314.4073   199      314.0235      314.9093  7771036    0.28%
 193398 106426      314.7991   266      314.0235      314.9087  7796670    0.28%
 194028 106799      314.3724   256      314.0235      314.9084  7823545    0.28%
 194690 107228      314.2427   229      314.0235      314.9079  7850581    0.28%
 195387 107629      314.2188   163      314.0235      314.9072  7879043    0.28%
 196100 108083      314.3330   223      314.0235      314.9068  7906940    0.28%
 196833 108572      314.4176   240      314.0235      314.9063  7933846    0.28%
 197488 108936      314.5885   209      314.0235      314.9059  7961154    0.28%
 198322 109438      314.6611   234      314.0235      314.9051  7989439    0.28%
 199096 109929      314.5357   211      314.0235      314.9044  8016837    0.28%
Elapsed time = 1591.71 sec. (1249625.19 ticks, tree = 147.11 MB, solutions = 1)
 199763 110388      314.0529   114      314.0235      314.9041  8042994    0.28%
 200393 110803      314.0537   168      314.0235      314.9036  8067907    0.28%
 201040 111194        cutoff            314.0235      314.9032  8094078    0.28%
 201715 111580      314.1696   142      314.0235      314.9027  8120663    0.28%
 202367 112001      314.6647   289      314.0235      314.9022  8147327    0.28%
 203048 112419      314.0867   161      314.0235      314.9018  8173611    0.28%
 203775 112871      314.1601   124      314.0235      314.9012  8200433    0.28%
 204367 113192      314.7481   284      314.0235      314.9007  8228694    0.28%
 205085 113616      314.1091    47      314.0235      314.9001  8257117    0.28%
 205774 114017      314.1101   259      314.0235      314.8997  8283831    0.28%
Elapsed time = 1641.87 sec. (1287830.64 ticks, tree = 151.94 MB, solutions = 1)
 206419 114432      314.3945   187      314.0235      314.8994  8310134    0.28%
 207173 114872      314.2439   214      314.0235      314.8990  8337281    0.28%
 207894 115298      314.0849   200      314.0235      314.8984  8363522    0.28%
 208622 115716      314.1789   208      314.0235      314.8980  8389227    0.28%
 209232 116086      314.6241   311      314.0235      314.8977  8414171    0.28%
 209822 116303      314.1442   205      314.0235      314.8976  8440150    0.28%
 210580 116803      314.6696   181      314.0235      314.8973  8465946    0.28%
 211243 117242      314.0550   266      314.0235      314.8968  8490569    0.28%
 211880 117616      314.5891   229      314.0235      314.8965  8516350    0.28%
 212623 118097      314.4718   208      314.0235      314.8960  8543726    0.28%
Elapsed time = 1692.17 sec. (1326118.92 ticks, tree = 156.84 MB, solutions = 1)
 213303 118522      314.0752   184      314.0235      314.8954  8571090    0.28%
 213933 118895      314.1492   210      314.0235      314.8950  8599061    0.28%
 214552 119225      314.0936   177      314.0235      314.8946  8626976    0.28%
 215367 119756      314.1760   231      314.0235      314.8941  8652546    0.28%
 216027 120175      314.5637   197      314.0235      314.8937  8680195    0.28%
 216851 120706      314.1026   184      314.0235      314.8933  8708348    0.28%
 217475 121102      314.3632   239      314.0235      314.8930  8733802    0.28%
 218135 121505      314.0349    67      314.0235      314.8925  8759516    0.28%
 218680 121815      314.2635   239      314.0235      314.8920  8783260    0.28%
 219374 122224      314.8118   238      314.0235      314.8915  8809654    0.28%
Elapsed time = 1741.88 sec. (1364307.29 ticks, tree = 161.80 MB, solutions = 1)
 219996 122623      314.5983   209      314.0235      314.8913  8834291    0.28%
 220615 122975      314.0566   120      314.0235      314.8909  8860246    0.28%
 221442 123517      314.3293   306      314.0235      314.8906  8887403    0.28%
 222173 123991      314.6168   247      314.0235      314.8902  8914769    0.28%
 222949 124512      314.0744   110      314.0235      314.8898  8942241    0.28%
 223637 124942      314.7525   196      314.0235      314.8895  8968882    0.28%
 224314 125355      314.6822   319      314.0235      314.8892  8995466    0.28%
 225022 125791      314.7482   250      314.0235      314.8887  9023879    0.28%
 225768 126248      314.1096   118      314.0235      314.8884  9051897    0.28%
*226261 99427      integral     0      314.1092      314.8882  9068128    0.25%
Elapsed time = 1791.57 sec. (1401092.94 ticks, tree = 130.13 MB, solutions = 2)
 227091 99999      314.2353   143      314.1092      314.8878  9091672    0.25%
*227330 94023      integral     0      314.1308      314.8877  9098513    0.24%
 228086 94555        cutoff            314.1308      314.8871  9123613    0.24%
 228803 95023        cutoff            314.1308      314.8867  9148380    0.24%
 229570 95522      314.1466   121      314.1308      314.8863  9172713    0.24%
 230246 95926      314.5949   251      314.1308      314.8859  9198185    0.24%
 230981 96380      314.1663   232      314.1308      314.8853  9222347    0.24%
 231709 96829      314.1464   205      314.1308      314.8849  9248892    0.24%
 232459 97275        cutoff            314.1308      314.8843  9276541    0.24%
 233168 97701      314.2077   236      314.1308      314.8839  9302948    0.24%
Elapsed time = 1840.13 sec. (1436603.62 ticks, tree = 127.53 MB, solutions = 3)
 233912 98205      314.1632   225      314.1308      314.8835  9329855    0.24%
 234670 98674      314.5286   210      314.1308      314.8829  9356733    0.24%
 235504 99236      314.1789   220      314.1308      314.8825  9383275    0.24%
 236250 99690      314.1343   229      314.1308      314.8820  9409368    0.24%
 236973 100167      314.4729   268      314.1308      314.8816  9436757    0.24%
 237679 100626      314.3997   224      314.1308      314.8810  9462306    0.24%
 238436 101084      314.1539   226      314.1308      314.8806  9487120    0.24%
 239161 101548      314.4802   271      314.1308      314.8801  9511460    0.24%
 239867 101994      314.8300   277      314.1308      314.8795  9537175    0.24%
 240641 102470      314.5708   202      314.1308      314.8790  9562161    0.24%
Elapsed time = 1892.46 sec. (1474872.23 ticks, tree = 133.30 MB, solutions = 3)
*241355 66693      integral     0      314.2809      314.8788  9583130    0.19%
 242172 67256      314.3450   159      314.2809      314.8784  9607614    0.19%
 242984 67742      314.3348   232      314.2809      314.8777  9634007    0.19%
 243933 68398        cutoff            314.2809      314.8772  9660319    0.19%
 244727 68909      314.4128   275      314.2809      314.8764  9687075    0.19%
 245705 69517      314.6403   147      314.2809      314.8759  9713145    0.19%
 246487 69985      314.4317   151      314.2809      314.8751  9740015    0.19%
 247420 70574        cutoff            314.2809      314.8746  9767544    0.19%
 248196 71039      314.6408   270      314.2809      314.8739  9794003    0.19%
 249099 71657      314.6738   214      314.2809      314.8734  9821259    0.19%
Elapsed time = 1947.35 sec. (1512600.42 ticks, tree = 93.17 MB, solutions = 4)
 250013 72257      314.6790   208      314.2809      314.8728  9846440    0.19%
 250881 72807      314.4156   300      314.2809      314.8722  9871631    0.19%
 251496 73130      314.2943   224      314.2809      314.8715  9897400    0.19%
 252422 73737      314.3176    52      314.2809      314.8707  9922696    0.19%
 253188 74256      314.7305   243      314.2809      314.8703  9947193    0.19%
 253993 74775      314.3033   181      314.2809      314.8698  9971829    0.19%
 254947 75443      314.7020   215      314.2809      314.8694  9997323    0.19%
 255919 76125      314.3000   144      314.2809      314.8690 10023218    0.19%
 256667 76572      314.7019   104      314.2809      314.8684 10049502    0.19%
 257545 77134      314.4686   215      314.2809      314.8678 10076141    0.19%
Elapsed time = 2002.41 sec. (1550827.73 ticks, tree = 99.91 MB, solutions = 4)
 258421 77704      314.6941   121      314.2809      314.8674 10102664    0.19%
 259280 78271        cutoff            314.2809      314.8669 10129808    0.19%
 260057 78752      314.4506   176      314.2809      314.8663 10156114    0.19%
 260872 79222      314.3895    54      314.2809      314.8657 10183192    0.19%
 261680 79734      314.4587   227      314.2809      314.8651 10209141    0.19%
 262458 80209      314.7078   274      314.2809      314.8645 10235473    0.19%
 263146 80611      314.3334    86      314.2809      314.8639 10262182    0.19%
 263937 81126      314.6156   149      314.2809      314.8633 10287694    0.19%
 264892 81783      314.6967   156      314.2809      314.8628 10311475    0.19%
 265814 82398      314.6760   182      314.2809      314.8623 10335985    0.19%
Elapsed time = 2056.91 sec. (1589211.89 ticks, tree = 106.40 MB, solutions = 4)
 266659 82989      314.6290   223      314.2809      314.8619 10360676    0.18%
 267497 83507      314.7153   164      314.2809      314.8615 10387043    0.18%
 268420 84129      314.7359   257      314.2809      314.8610 10413365    0.18%
 269242 84640      314.7618   192      314.2809      314.8605 10440658    0.18%
 270141 85214      314.5810   169      314.2809      314.8599 10468688    0.18%
 271071 85846      314.3734   206      314.2809      314.8596 10495461    0.18%
 271965 86391      314.6399   252      314.2809      314.8592 10522561    0.18%
 272818 86953      314.5586   224      314.2809      314.8587 10549071    0.18%
 273713 87551      314.3873   182      314.2809      314.8581 10576466    0.18%
 274385 87925      314.6561   250      314.2809      314.8576 10602742    0.18%
Elapsed time = 2112.09 sec. (1627400.07 ticks, tree = 113.20 MB, solutions = 4)
 275308 88543      314.6839   246      314.2809      314.8573 10628156    0.18%
 276115 89013      314.3047   233      314.2809      314.8565 10653760    0.18%
 276939 89546      314.3633    58      314.2809      314.8561 10679409    0.18%
 277812 90138      314.5568   266      314.2809      314.8556 10703291    0.18%
 278646 90663      314.7116   270      314.2809      314.8552 10727572    0.18%
 279487 91194      314.6098   171      314.2809      314.8548 10753208    0.18%
 280451 91839      314.8005   276      314.2809      314.8541 10780093    0.18%
 281271 92350      314.2931   236      314.2809      314.8534 10806366    0.18%
 282146 92911        cutoff            314.2809      314.8529 10832966    0.18%
 282920 93398      314.7609   222      314.2809      314.8524 10860886    0.18%
Elapsed time = 2166.57 sec. (1665642.20 ticks, tree = 120.01 MB, solutions = 4)
 283781 93950      314.7432   333      314.2809      314.8519 10887270    0.18%
 284614 94443        cutoff            314.2809      314.8514 10914085    0.18%
 285501 94986      314.4911   266      314.2809      314.8510 10941478    0.18%
 286405 95590      314.7745   250      314.2809      314.8506 10968326    0.18%
 287297 96188      314.3819   178      314.2809      314.8501 10993014    0.18%
 288048 96673      314.4959   134      314.2809      314.8497 11018668    0.18%
 288927 97296      314.7365   221      314.2809      314.8494 11043288    0.18%
 289906 97996      314.4008   230      314.2809      314.8490 11066988    0.18%
 290707 98523      314.3235   232      314.2809      314.8486 11092231    0.18%
 291474 99000      314.5016   241      314.2809      314.8481 11117279    0.18%
Elapsed time = 2221.10 sec. (1703889.21 ticks, tree = 126.95 MB, solutions = 4)
 292374 99617      314.7355   201      314.2809      314.8476 11143003    0.18%
 293220 100158      314.5222   212      314.2809      314.8473 11169571    0.18%
 294072 100673      314.8027   207      314.2809      314.8469 11196699    0.18%
 294913 101174      314.4109   203      314.2809      314.8466 11223109    0.18%
 295762 101716      314.4897   174      314.2809      314.8462 11250449    0.18%
 296713 102347      314.4678   261      314.2809      314.8456 11276812    0.18%
 297559 102828      314.4066   254      314.2809      314.8451 11303725    0.18%
 298378 103297      314.5580   129      314.2809      314.8447 11330464    0.18%
 299260 103855      314.4724   276      314.2809      314.8443 11357230    0.18%
 300044 104353      314.7211   239      314.2809      314.8440 11383619    0.18%
Elapsed time = 2275.42 sec. (1742079.77 ticks, tree = 133.56 MB, solutions = 4)
 300987 104997      314.4161   187      314.2809      314.8437 11408308    0.18%
 301909 105602      314.8057   212      314.2809      314.8432 11432716    0.18%
 302763 106179      314.6772   245      314.2809      314.8428 11456936    0.18%
 303619 106765      314.5212   215      314.2809      314.8425 11482789    0.18%
 304521 107359      314.5491   132      314.2809      314.8421 11507203    0.18%
 305385 107899      314.3925   158      314.2809      314.8417 11532470    0.18%
 306387 108580      314.5734   105      314.2809      314.8414 11558315    0.18%
 307278 109153      314.3979   276      314.2809      314.8409 11585141    0.18%
 308093 109667        cutoff            314.2809      314.8407 11611394    0.18%
 308938 110219      314.3999   208      314.2809      314.8403 11638717    0.18%
Elapsed time = 2331.23 sec. (1780246.04 ticks, tree = 140.96 MB, solutions = 4)
 309753 110735      314.3816   178      314.2809      314.8398 11665704    0.18%
 310648 111298      314.4135   172      314.2809      314.8394 11691944    0.18%
 311590 111901      314.4680   205      314.2809      314.8390 11718732    0.18%
 312474 112475      314.4189   207      314.2809      314.8387 11746150    0.18%
 313398 113038      314.3931   241      314.2809      314.8384 11773008    0.18%
 314094 113466        cutoff            314.2809      314.8381 11797614    0.18%
 315034 114069      314.2931   157      314.2809      314.8378 11823797    0.18%
 315822 114572      314.4210   154      314.2809      314.8374 11848702    0.18%
 316850 115283      314.3554   230      314.2809      314.8371 11873413    0.18%
 317691 115789      314.3838   242      314.2809      314.8367 11899639    0.18%
Elapsed time = 2386.01 sec. (1818479.34 ticks, tree = 147.93 MB, solutions = 4)
 318516 116347      314.4849   203      314.2809      314.8363 11925230    0.18%
 319497 117016      314.4937   103      314.2809      314.8360 11950367    0.18%
 320397 117617      314.5621   112      314.2809      314.8357 11978034    0.18%
 321244 118173      314.3339   197      314.2809      314.8353 12005207    0.18%
 322155 118760      314.4559   230      314.2809      314.8350 12032465    0.18%
 323015 119285      314.5178   178      314.2809      314.8346 12060366    0.18%
 323971 119891      314.5313   218      314.2809      314.8342 12087679    0.18%
 324750 120355      314.6366   184      314.2809      314.8336 12114708    0.18%
 325727 121007      314.4011   252      314.2809      314.8333 12141771    0.18%
 326501 121462        cutoff            314.2809      314.8328 12167984    0.18%
Elapsed time = 2441.05 sec. (1856700.04 ticks, tree = 155.03 MB, solutions = 4)
 327379 122019      314.5920   268      314.2809      314.8325 12192590    0.18%
 328302 122644      314.7912   222      314.2809      314.8322 12218119    0.18%
 329076 123130      314.6262   211      314.2809      314.8319 12243959    0.18%
 329748 123560      314.6467   224      314.2809      314.8315 12268841    0.18%
 330672 124164      314.3349    44      314.2809      314.8311 12293544    0.18%
 331603 124773      314.3571   128      314.2809      314.8308 12318529    0.17%
 332328 125229      314.4386   178      314.2809      314.8305 12343733    0.17%
 333198 125746      314.5555   145      314.2809      314.8300 12369176    0.17%
 334155 126422      314.5038   132      314.2809      314.8296 12395995    0.17%
 334966 126964      314.4723   231      314.2809      314.8293 12421980    0.17%
Elapsed time = 2495.04 sec. (1894970.52 ticks, tree = 161.97 MB, solutions = 4)
 335911 127602      314.6922   226      314.2809      314.8291 12447716    0.17%
 336854 128199      314.5862   242      314.2809      314.8288 12474405    0.17%
 337817 128799      314.7289   239      314.2809      314.8284 12501167    0.17%
 338840 129545      314.5213   222      314.2809      314.8279 12528451    0.17%
 339757 130138      314.3140   261      314.2809      314.8277 12555347    0.17%
 340738 130793      314.6708   182      314.2809      314.8273 12581912    0.17%
 341594 131298      314.2841   272      314.2809      314.8270 12608378    0.17%
 342459 131852      314.3714   236      314.2809      314.8267 12632905    0.17%
 343319 132428      314.7661   257      314.2809      314.8262 12657025    0.17%
 344207 133010      314.3878    61      314.2809      314.8259 12682496    0.17%
Elapsed time = 2551.93 sec. (1933296.84 ticks, tree = 172.62 MB, solutions = 4)
 344910 133430      314.6437   175      314.2809      314.8254 12707267    0.17%
 345763 133973      314.6111   288      314.2809      314.8250 12732205    0.17%
 346701 134580      314.3572   192      314.2809      314.8248 12756603    0.17%
 347572 135118        cutoff            314.2809      314.8244 12781511    0.17%
 348577 135799      314.5460   121      314.2809      314.8241 12808350    0.17%
 349522 136390      314.7190   230      314.2809      314.8237 12834637    0.17%
 350375 136913      314.6082   222      314.2809      314.8234 12861472    0.17%
 351320 137527      314.4545   274      314.2809      314.8230 12888064    0.17%
 352337 138209      314.7672   231      314.2809      314.8227 12914826    0.17%
 353285 138792      314.5019   273      314.2809      314.8222 12941156    0.17%
Elapsed time = 2608.48 sec. (1971561.80 ticks, tree = 179.92 MB, solutions = 4)
 354298 139452      314.5648   266      314.2809      314.8218 12968399    0.17%
 355306 140140      314.4445   284      314.2809      314.8215 12995821    0.17%
 356157 140641      314.2966   197      314.2809      314.8212 13021741    0.17%
 357164 141307      314.7224   235      314.2809      314.8209 13047823    0.17%
 358175 142063      314.3490   312      314.2809      314.8205 13072597    0.17%
 359067 142621      314.4222   188      314.2809      314.8202 13098003    0.17%
 360051 143255      314.7633   274      314.2809      314.8200 13123908    0.17%
 361053 143928      314.7068   271      314.2809      314.8195 13149089    0.17%
 361985 144527        cutoff            314.2809      314.8192 13173776    0.17%
 362782 145043      314.6704   220      314.2809      314.8190 13199310    0.17%
Elapsed time = 2665.80 sec. (2009813.06 ticks, tree = 187.91 MB, solutions = 4)
 363688 145643      314.3004   210      314.2809      314.8187 13226446    0.17%
 364589 146250      314.3393   202      314.2809      314.8183 13253565    0.17%
 365576 146912      314.3801   243      314.2809      314.8179 13280384    0.17%
 366623 147572      314.4834    82      314.2809      314.8176 13308136    0.17%
 367700 148296      314.5888   323      314.2809      314.8173 13335459    0.17%
 368690 148903      314.5757   183      314.2809      314.8170 13362634    0.17%
 369723 149561      314.3536   245      314.2809      314.8167 13389792    0.17%
 370617 150173      314.6795   156      314.2809      314.8164 13416978    0.17%
 371519 150748      314.3130    83      314.2809      314.8161 13443217    0.17%
 372448 151368      314.4785   199      314.2809      314.8159 13468412    0.17%
Elapsed time = 2722.92 sec. (2048044.72 ticks, tree = 195.99 MB, solutions = 4)
 373518 152074      314.5112   219      314.2809      314.8155 13494375    0.17%
 374528 152693        cutoff            314.2809      314.8153 13518727    0.17%
 375459 153284      314.3110   221      314.2809      314.8150 13544655    0.17%
 376272 153822      314.3894   115      314.2809      314.8147 13569808    0.17%
 377208 154457      314.7091   199      314.2809      314.8142 13595392    0.17%
 378180 155121      314.4654   317      314.2809      314.8139 13622223    0.17%
 379094 155765      314.4125   187      314.2809      314.8137 13647876    0.17%
 380075 156386      314.2895   286      314.2809      314.8133 13674187    0.17%
 380973 156982      314.6244   190      314.2809      314.8130 13701168    0.17%
 382009 157620      314.3229   127      314.2809      314.8128 13728798    0.17%
Elapsed time = 2779.59 sec. (2086258.10 ticks, tree = 205.71 MB, solutions = 4)
 382899 158182        cutoff            314.2809      314.8124 13756569    0.17%
 383921 158867      314.5114   161      314.2809      314.8121 13783367    0.17%
 384881 159500      314.2858    57      314.2809      314.8119 13811302    0.17%
 385759 160021      314.5428   238      314.2809      314.8116 13838799    0.17%
 386557 160522      314.4065   237      314.2809      314.8112 13865817    0.17%
 387473 161130      314.5871   272      314.2809      314.8110 13891948    0.17%
 388322 161642      314.7370   207      314.2809      314.8107 13917504    0.17%
 389194 162203      314.3357   177      314.2809      314.8105 13943020    0.17%
 390077 162773      314.5657   247      314.2809      314.8103 13968514    0.17%
 391008 163382      314.3398   208      314.2809      314.8098 13994919    0.17%
Elapsed time = 2834.83 sec. (2124453.12 ticks, tree = 213.11 MB, solutions = 4)
 391956 164031      314.3308    60      314.2809      314.8095 14019888    0.17%
 392800 164591      314.2999    86      314.2809      314.8093 14045231    0.17%
 393706 165184      314.5830   233      314.2809      314.8090 14072722    0.17%
 394654 165783      314.5278   212      314.2809      314.8088 14100176    0.17%
 395568 166421      314.2959    51      314.2809      314.8085 14126829    0.17%
 396672 167203      314.6523   114      314.2809      314.8082 14153874    0.17%
 397720 167932      314.7361   166      314.2809      314.8079 14181142    0.17%
 398726 168590      314.3359   240      314.2809      314.8077 14208685    0.17%
 399723 169262      314.7465   310      314.2809      314.8075 14236579    0.17%
 400770 169938      314.3610   208      314.2809      314.8071 14263125    0.17%
Elapsed time = 2892.78 sec. (2162652.14 ticks, tree = 221.49 MB, solutions = 4)
 401827 170614      314.7421   226      314.2809      314.8068 14289640    0.17%
 402720 171222      314.5110   203      314.2809      314.8066 14315273    0.17%
 403751 171934      314.5018   217      314.2809      314.8063 14341441    0.17%
 404635 172523      314.5137   150      314.2809      314.8060 14366747    0.17%
 405633 173138      314.6940   220      314.2809      314.8057 14392472    0.17%
 406700 173901      314.4386   223      314.2809      314.8054 14417643    0.17%
 407753 174627      314.3646   123      314.2809      314.8051 14442734    0.17%
 408800 175325      314.7770   209      314.2809      314.8048 14467393    0.17%
 409583 175796      314.7911   205      314.2809      314.8045 14492985    0.17%
 410573 176442      314.3144    52      314.2809      314.8042 14519978    0.17%
Elapsed time = 2950.91 sec. (2200825.00 ticks, tree = 229.87 MB, solutions = 4)
 411496 177030      314.6167   158      314.2809      314.8037 14547339    0.17%
 412523 177756      314.4938   104      314.2809      314.8035 14574052    0.17%
 413498 178364      314.7009   281      314.2809      314.8032 14601211    0.17%
 414489 179021      314.3221   132      314.2809      314.8029 14628782    0.17%
 415458 179649      314.6289   228      314.2809      314.8025 14654743    0.17%
 416403 180273        cutoff            314.2809      314.8023 14682131    0.17%
 417261 180782      314.3582   242      314.2809      314.8020 14709961    0.17%
 418319 181490      314.7462   273      314.2809      314.8017 14736799    0.17%
 419235 182098      314.6194   113      314.2809      314.8015 14763328    0.17%
 420174 182689      314.7546   253      314.2809      314.8011 14788013    0.17%
Elapsed time = 3008.45 sec. (2239050.59 ticks, tree = 237.86 MB, solutions = 4)
 421200 183389      314.3795   299      314.2809      314.8007 14813634    0.17%
 422197 184019      314.4484   248      314.2809      314.8004 14839461    0.17%
 423173 184654      314.3005   149      314.2809      314.8001 14865900    0.17%
 424216 185390      314.7097   232      314.2809      314.7999 14891750    0.17%
 425235 186001      314.5291   193      314.2809      314.7996 14916963    0.17%
 426259 186630      314.5664   239      314.2809      314.7993 14943059    0.16%
 427390 187421        cutoff            314.2809      314.7991 14970928    0.16%
 428377 188088      314.3746   142      314.2809      314.7989 14997276    0.16%
 429367 188741      314.6404   158      314.2809      314.7986 15024576    0.16%
 430387 189410      314.6600   169      314.2809      314.7982 15052245    0.16%
Elapsed time = 3067.66 sec. (2277315.25 ticks, tree = 248.59 MB, solutions = 4)
 431410 190091      314.5317   228      314.2809      314.7978 15079650    0.16%
 432362 190754      314.4826   242      314.2809      314.7976 15106833    0.16%
 433378 191427      314.5951   206      314.2809      314.7974 15133906    0.16%
 434280 192024      314.6533   148      314.2809      314.7971 15161766    0.16%
 435258 192656      314.5608   139      314.2809      314.7968 15189049    0.16%
*435988 187377      integral     0      314.2914      314.7966 15206171    0.16%
 436724 187834        cutoff            314.2914      314.7964 15231300    0.16%
 437706 188473      314.3433   274      314.2914      314.7962 15257602    0.16%
 438668 189061      314.4919   162      314.2914      314.7960 15282396    0.16%
 439683 189722      314.4544   207      314.2914      314.7957 15309134    0.16%
Elapsed time = 3123.40 sec. (2314264.69 ticks, tree = 248.99 MB, solutions = 5)
 440651 190368      314.7579   215      314.2914      314.7955 15333495    0.16%
 441566 190982        cutoff            314.2914      314.7953 15359627    0.16%
 442486 191563      314.6975   305      314.2914      314.7950 15385855    0.16%
 443374 192132      314.5706   197      314.2914      314.7947 15412700    0.16%
 444247 192663      314.3044   237      314.2914      314.7944 15438886    0.16%
 445219 193274      314.3885   113      314.2914      314.7941 15465846    0.16%
 446356 194068      314.6533   228      314.2914      314.7939 15493250    0.16%
 447241 194651      314.3233   123      314.2914      314.7936 15520572    0.16%
 448141 195246      314.3221    19      314.2914      314.7934 15546708    0.16%
 449082 195803      314.4931   200      314.2914      314.7931 15573368    0.16%
Elapsed time = 3180.33 sec. (2352482.96 ticks, tree = 256.80 MB, solutions = 5)
 450046 196422      314.5547   200      314.2914      314.7928 15601075    0.16%
 450997 197032      314.3697   242      314.2914      314.7926 15629130    0.16%
 451888 197615      314.6636   247      314.2914      314.7924 15655804    0.16%
 452895 198280      314.3855   250      314.2914      314.7921 15682689    0.16%
 453852 198951      314.4172   288      314.2914      314.7918 15708390    0.16%
 454848 199581      314.4198   154      314.2914      314.7916 15735286    0.16%
 455751 200158      314.4431   249      314.2914      314.7913 15761091    0.16%
 456617 200727      314.3927   140      314.2914      314.7910 15787095    0.16%
 457497 201297      314.6671   251      314.2914      314.7908 15813381    0.16%
 458396 201816        cutoff            314.2914      314.7905 15838919    0.16%
Elapsed time = 3236.79 sec. (2390775.14 ticks, tree = 264.60 MB, solutions = 5)
 459317 202377      314.7563   256      314.2914      314.7902 15864578    0.16%
 459914 202766      314.3010    79      314.2914      314.7902 15877893    0.16%
 460401 203077      314.6497   221      314.2914      314.7901 15891185    0.16%
 460717 203294      314.3814    47      314.2914      314.7900 15897580    0.16%
 461132 203551      314.4161   209      314.2914      314.7898 15909607    0.16%
 461617 203836      314.3463   239      314.2914      314.7897 15923492    0.16%
 462005 204084        cutoff            314.2914      314.7895 15933552    0.16%
 462317 204296      314.4226    26      314.2914      314.7895 15939702    0.16%
 462817 204621      314.7828   245      314.2914      314.7895 15951768    0.16%
 463376 204976      314.5918   236      314.2914      314.7893 15968941    0.16%
Elapsed time = 3288.36 sec. (2429487.47 ticks, tree = 268.69 MB, solutions = 5)
 463761 205211      314.3547    96      314.2914      314.7891 15981998    0.16%
 464217 205498      314.6386   133      314.2914      314.7890 15992555    0.16%
 464617 205734      314.3279   211      314.2914      314.7890 16004293    0.16%
 465017 205992      314.6007   220      314.2914      314.7889 16013550    0.16%
 465417 206275      314.4174   233      314.2914      314.7888 16023503    0.16%
 465917 206612      314.3261    76      314.2914      314.7887 16037175    0.16%
 466262 206814        cutoff            314.2914      314.7886 16047196    0.16%
 466717 207123      314.6656   212      314.2914      314.7885 16057730    0.16%
 467123 207379      314.3987   156      314.2914      314.7883 16069645    0.16%
 467687 207730      314.5898   237      314.2914      314.7882 16083632    0.16%
Elapsed time = 3341.79 sec. (2471205.46 ticks, tree = 272.29 MB, solutions = 5)
 468048 207960      314.4918   133      314.2914      314.7881 16093051    0.16%
 468517 208276      314.4768   154      314.2914      314.7879 16104886    0.16%
 468917 208548      314.2982   154      314.2914      314.7878 16115317    0.16%
 469417 208864      314.3929   231      314.2914      314.7877 16128869    0.16%
 469917 209176      314.6753   238      314.2914      314.7876 16141688    0.16%
 470319 209445      314.3789   118      314.2914      314.7875 16153285    0.16%
 470717 209718      314.4279   236      314.2914      314.7874 16164308    0.16%
 471067 209946        cutoff            314.2914      314.7873 16173393    0.16%
 471449 210197      314.6961   214      314.2914      314.7872 16183694    0.16%
 471817 210454      314.4222   179      314.2914      314.7870 16194293    0.16%
Elapsed time = 3393.14 sec. (2511931.37 ticks, tree = 275.82 MB, solutions = 5)
 472301 210766      314.3041   209      314.2914      314.7869 16210149    0.16%
 472812 211061      314.6776   185      314.2914      314.7867 16227370    0.16%
 473217 211331      314.5027   118      314.2914      314.7866 16238278    0.16%
 473685 211653      314.2927   262      314.2914      314.7865 16248326    0.16%
 474054 211880      314.3056    51      314.2914      314.7864 16258345    0.16%
 474461 212126      314.5684   247      314.2914      314.7862 16269283    0.16%
 474817 212347      314.7011   238      314.2914      314.7861 16280237    0.16%
 475226 212613      314.3306   198      314.2914      314.7861 16291284    0.16%
 475694 212912      314.4277   112      314.2914      314.7859 16302028    0.16%
 476117 213214      314.5202   129      314.2914      314.7858 16311767    0.16%
Elapsed time = 3442.86 sec. (2550618.83 ticks, tree = 279.41 MB, solutions = 5)
 476517 213466      314.7192   233      314.2914      314.7857 16326112    0.16%
 476917 213718      314.6567   181      314.2914      314.7855 16337383    0.16%
 477255 213943      314.7727   301      314.2914      314.7855 16346035    0.16%
 477617 214169      314.4412   191      314.2914      314.7854 16357643    0.16%
 478177 214563      314.4891   232      314.2914      314.7853 16372313    0.16%
 478617 214845      314.5396   176      314.2914      314.7852 16385552    0.16%
 479117 215217      314.5743   118      314.2914      314.7851 16396173    0.16%
 479613 215505        cutoff            314.2914      314.7850 16410892    0.16%
 479943 215745      314.3584   120      314.2914      314.7849 16419564    0.16%
 480378 216011      314.4802   248      314.2914      314.7848 16433935    0.16%
Elapsed time = 3494.02 sec. (2590929.85 ticks, tree = 283.03 MB, solutions = 5)
 480717 216239      314.4384   230      314.2914      314.7848 16443678    0.16%
 481117 216495      314.5432   176      314.2914      314.7847 16454319    0.16%
 481517 216767      314.6741   117      314.2914      314.7846 16463676    0.16%
 481842 216948      314.5859   243      314.2914      314.7845 16473604    0.16%
 482317 217281      314.4211   283      314.2914      314.7844 16485808    0.16%
 482717 217524      314.3686    58      314.2914      314.7843 16496678    0.16%
 483117 217822      314.3936   254      314.2914      314.7842 16505580    0.16%
 483517 218074      314.4385   208      314.2914      314.7841 16515358    0.16%
 484017 218428      314.3948   222      314.2914      314.7840 16527097    0.16%
 484517 218760      314.3637   181      314.2914      314.7839 16540252    0.16%
Elapsed time = 3545.82 sec. (2632018.53 ticks, tree = 286.63 MB, solutions = 5)
 484817 218960      314.6044   127      314.2914      314.7838 16547147    0.16%
 485217 219228      314.3713   109      314.2914      314.7837 16557660    0.16%
 485620 219508      314.6211   314      314.2914      314.7836 16567574    0.16%
 486053 219777      314.7009   203      314.2914      314.7835 16578360    0.16%
 486517 220105      314.6092   168      314.2914      314.7834 16588582    0.16%
 486925 220377      314.5328   171      314.2914      314.7833 16599020    0.16%
 487337 220647      314.5875   203      314.2914      314.7832 16608839    0.16%
 487688 220879      314.4072   195      314.2914      314.7832 16617837    0.16%
 488117 221161      314.5782   108      314.2914      314.7831 16628114    0.16%
 488517 221400      314.4599   196      314.2914      314.7830 16639601    0.16%
Elapsed time = 3595.72 sec. (2671670.10 ticks, tree = 290.08 MB, solutions = 5)
Advanced basis not built.

Flow cuts applied:  66
Mixed integer rounding cuts applied:  334
Lift and project cuts applied:  8
Gomory fractional cuts applied:  16
User cuts applied:  970

Root node processing (before b&c):
  Real time             =    1.13 sec. (945.10 ticks)
Sequential b&c:
  Real time             = 3598.87 sec. (2675042.78 ticks)
                          ------------
Total (root+branch&cut) = 3600.00 sec. (2675987.89 ticks)
|V|                                     400
K                                       133
theta                                   0.10
r                                       1
R                                       20
prob_func                               facility_mixture
mixture_low_share                       0.500000
mixture_low_interval                    [0.001000, 0.010000]
mixture_high_interval                   [0.100000, 0.500000]
mixture_seed                            1
#C1                                     456
#CP                                     4474

@Parameters: 
am_callback_heuristic                   false
am_local_search                         true
am_start_heuristic                      false
colocation                              true
comp                                    false
cutC                                    true
cutC_init                               false
cutF                                    false
cutF_init                               false
cutF_stable                             false
cutF_wrong                              false
cutLocal                                false
cutM                                    true
cutM_init                               true
cutM_stable                             false
cutP                                    true
cutP_init                               false
cutP_stable                             false
init                                    true
init_cutF_zero                          false
init_val_greedy                         true
is_Euclidean                            false
is_local_search                         false
is_right_cutP                           true
is_root                                 false
is_silent                               false
is_start                                false
mycut                                   false
pmed                                    false
pre                                     true
stable_root                             false
str                                     false
two_phase                               false
ubstr                                   false
mode                                    Int

am_callback_node_space                  50
init                                    0
mixture_seed                            1
node_space                              5
nodelimit                               -1
nsepa                                   1
strF                                    0
type_delta                              0

EPS                                     0.001000
EPS_FRAC                                0.00
gap                                     0.00
mixture_high_max                        0.50
mixture_high_min                        0.10
mixture_low_max                         0.01
mixture_low_min                         0.00
mixture_low_share                       0.50
timelimit                               3600.00

Number of Closed Sites: 12 / 1596 
Number of Confined Sites-1: 24 / 3168 
Number of Confined Sites-k: 364 / 13239 
Preprocess Time: 1.10 + 0.00 sec

Solve Time: 3600.00
Number of Nodes: 488917
Termination Status: TIME_LIMIT

CutInfo: [phase] num / time (sec) / aver. num_nonzero
max              [LP]     0 / 0.00 / 0.00 [init]   273 / 0.00 / 1.27 [rLC]   180 / 0.00 / 2.66 [rUC]   349 / 0.04 / 3.26 [sLC]    30 / 0.04 / 3.60 [sUC]   402 / 1.04 / 3.40 
prod_oa          [LP]     0 / 0.00 / 0.00 [init]   270 / 0.00 / 12.90 [rLC]   266 / 0.00 / 11.49 [rUC]   542 / 0.03 / 15.07 [sLC]   515 / 0.03 / 15.15 [sUC]  1082 / 0.91 / 14.76 
prod_sm_fixed    [LP]     0 / 0.00 / 0.00 [init]     0 / 0.00 / 0.00 [rLC]     0 / 0.00 / 0.00 [rUC]     0 / 0.00 / 0.00 [sLC]     0 / 0.00 / 0.00 [sUC]     0 / 0.00 / 0.00 
prod_bin         [LP]     0 / 0.00 / 0.00 [init]     0 / 0.00 / 0.00 [rLC]     0 / 0.00 / 0.00 [rUC]     0 / 0.00 / 0.00 [sLC]     0 / 0.00 / 0.00 [sUC]     0 / 0.00 / 0.00 
prod_local       [LP]     0 / 0.00 / 0.00 [init]     0 / 0.00 / 0.00 [rLC]     0 / 0.00 / 0.00 [rUC]     0 / 0.00 / 0.00 [sLC]     0 / 0.00 / 0.00 [sUC]     0 / 0.00 / 0.00 
prod_sm_C        [LP]     0 / 0.00 / 0.00 [init]     0 / 0.00 / 0.00 [rLC]     0 / 0.00 / 0.00 [rUC]     0 / 0.00 / 0.00 [sLC]     0 / 0.00 / 0.00 [sUC]     0 / 0.00 / 0.00 
facet            [LP]     0 / 0.00 / 0.00 [init]     0 / 0.00 / 0.00 [rLC]     0 / 0.00 / 0.00 [rUC]     0 / 0.00 / 0.00 [sLC]     0 / 0.00 / 0.00 [sUC]     0 / 0.00 / 0.00 
Separation Round:   [LP] 0  [init] 1  [rLC] 2  [rUC] 18  [sLC] 19  [sUC] 854309  
Root Best Bound 319.011936
Root Best Integer: 314.023454
Best Bound: 314.782975
Best Integer: 314.291394
1: 2, 21, 30, 31, 32, 41, 43, 50, 56, 60, 64, 65, 72, 73, 76, 77, 83, 85, 87, 90, 91, 92, 94, 95, 100, 101, 102, 107, 108, 110, 112, 117, 118, 121, 122, 125, 132, 134, 137, 153, 163, 168, 174, 177, 178, 181, 184, 188, 196, 206, 209, 212, 218, 226, 227, 229, 237, 239, 240, 242, 244, 246, 252, 264, 265, 267, 268, 271, 276, 277, 278, 280, 284, 298, 300, 301, 303, 311, 319, 325, 327, 329, 331, 332, 333, 338, 339, 341, 343, 356, 361, 362, 363, 364, 367, 369, 370, 371, 373, 374, 379, 383, 384, 397, 400
2: 13, 34, 130, 133, 169, 172, 204, 293, 314, 315, 358
3: 185, 253
Objective Value (calc): 314.276517
sum_etaM = 238.337747 / 238.337747
sum_etaP = 322.730688 / 322.714158
nL: 118
nCL: 13
mCL: 3
