Version identifier: 20.1.0.0 | 2020-11-10 | 9bedb6d68
CPXPARAM_Threads                                 1
CPXPARAM_TimeLimit                               3600
CPXPARAM_MIP_Tolerances_MIPGap                   0
Generic callback                                 0x60
1 of 1 MIP starts provided solutions.
MIP start 'm1' defined initial solution with objective 488.9426.
Tried aggregator 2 times.
MIP Presolve eliminated 19 rows and 10 columns.
MIP Presolve modified 461 coefficients.
Aggregator did 9 substitutions.
Reduced MIP has 2091 rows, 2381 columns, and 22439 nonzeros.
Reduced MIP has 595 binaries, 586 generals, 0 SOSs, and 0 indicators.
Presolve time = 0.01 sec. (7.15 ticks)
Probing time = 0.00 sec. (1.22 ticks)
Tried aggregator 1 time.
Reduced MIP has 2091 rows, 2381 columns, and 22439 nonzeros.
Reduced MIP has 595 binaries, 586 generals, 0 SOSs, and 0 indicators.
Presolve time = 0.00 sec. (4.12 ticks)
Probing time = 0.00 sec. (1.22 ticks)
MIP emphasis: balance optimality and feasibility.
MIP search method: dynamic search.
Parallel mode: none, using 1 thread.
Root relaxation solution time = 0.05 sec. (54.33 ticks)

        Nodes                                         Cuts/
   Node  Left     Objective  IInf  Best Integer    Best Bound    ItCnt     Gap

*     0+    0                          488.9426      600.0000            22.71%
      0     0      550.9625    71      488.9426      550.9625     1585   12.68%
      0     0      493.5966   343      488.9426     Cuts: 463     1973    0.95%
      0     0      492.6969   298      488.9426     Cuts: 279     2268    0.77%
      0     0      492.4833   334      488.9426     Cuts: 183     2415    0.72%
      0     0      492.2920   317      488.9426     Cuts: 121     2585    0.69%
      0     0      492.1826   302      488.9426     Cuts: 130     2699    0.66%
      0     0      492.1139   296      488.9426      Cuts: 66     2802    0.65%
      0     0      492.0576   303      488.9426      Cuts: 59     2903    0.64%
      0     0      491.9903   297      488.9426      Cuts: 86     3008    0.62%
      0     0      491.9552   304      488.9426      Cuts: 74     3113    0.62%
      0     0      491.9325   276      488.9426      Cuts: 23     3168    0.61%
      0     0      491.9258   292      488.9426      Cuts: 16     3191    0.61%
      0     0      491.9240   297      488.9426 UserPurge2: 14     3205    0.61%
      0     2      491.9240   297      488.9426      491.9238     3205    0.61%
Elapsed time = 1.73 sec. (1468.21 ticks, tree = 0.01 MB, solutions = 1)
     10    12      491.4227   372      488.9426      491.9146     4153    0.61%
     20    22      491.2918   369      488.9426      491.9146     4931    0.61%
     30    32      490.8160   363      488.9426      491.9146     6132    0.61%
     40    42      490.7834   345      488.9426      491.9146     6903    0.61%
     50    52      490.4958   340      488.9426      491.9146     7251    0.61%
     62    64      490.3969   312      488.9426      491.9146     7628    0.61%
     80    81      489.1622   291      488.9426      491.9146     8123    0.61%
     94    90      491.1759   382      488.9426      491.9140     8872    0.61%
*   100+   94                          488.9604      491.9140             0.60%
    100    96      491.2184   346      488.9604      491.9140     9476    0.60%
    140   136      490.4507   271      488.9604      491.9140    12021    0.60%
Elapsed time = 7.02 sec. (5191.03 ticks, tree = 0.57 MB, solutions = 2)
    222   212      491.2424   385      488.9604      491.8702    14203    0.60%
    280   266      490.7207   390      488.9604      491.8677    16410    0.59%
    337   320      490.1845   372      488.9604      491.5713    18968    0.53%
    392   365      490.4378   389      488.9604      491.5447    21222    0.53%
    437   410      489.4680   251      488.9604      491.5447    23463    0.53%

Performing restart 1

Repeating presolve.
Tried aggregator 1 time.
MIP Presolve modified 444 coefficients.
Reduced MIP has 2091 rows, 2381 columns, and 22439 nonzeros.
Reduced MIP has 595 binaries, 586 generals, 0 SOSs, and 0 indicators.
Presolve time = 0.01 sec. (4.26 ticks)
Tried aggregator 1 time.
Reduced MIP has 2091 rows, 2381 columns, and 22439 nonzeros.
Reduced MIP has 595 binaries, 586 generals, 0 SOSs, and 0 indicators.
Presolve time = 0.00 sec. (4.20 ticks)
Represolve time = 0.03 sec. (25.03 ticks)
    476     0      491.1424   269      488.9604     Cuts: 133    26689    0.45%
    476     0      490.9859   249      488.9604      Cuts: 88    26848    0.41%
    476     0      490.9199   256      488.9604      Cuts: 92    26933    0.40%
    476     0      490.8433   261      488.9604      Cuts: 64    27020    0.39%
    476     0      490.8028   251      488.9604      Cuts: 47    27076    0.38%
    476     0      490.7843   255      488.9604      Cuts: 30    27120    0.37%
    476     0      490.7580   274      488.9604      Cuts: 78    27177    0.37%
    476     0      490.7386   259      488.9604      Cuts: 39    27227    0.36%
    476     0      490.7167   282      488.9604      Cuts: 27    27290    0.36%
    476     0      490.7112   271      488.9604      Cuts: 23    27324    0.36%
    476     0      490.6734   283      488.9604      Cuts: 43    27392    0.35%
    476     0      490.5567   265      488.9604      Cuts: 41    27473    0.33%
    476     0      490.5430   262      488.9604      Cuts: 97    27542    0.32%
    476     0      490.5113   248      488.9604      Cuts: 54    27617    0.32%
    476     0      490.4640   239      488.9604      Cuts: 87    27667    0.31%
    476     0      490.4228   255      488.9604      Cuts: 29    27714    0.30%
    476     0      490.4064   234      488.9604      Cuts: 22    27753    0.30%
    476     0      490.4004   211      488.9604      Cuts: 17    27792    0.29%
    476     0      490.3981   227      488.9604      Cuts: 19    27820    0.29%
    476     0      490.3944   229      488.9604      Cuts: 12    27841    0.29%
    476     0      490.3898   227      488.9604      Cuts: 19    27866    0.29%
    476     2      490.3783   276      488.9604      490.3745    27866    0.29%
    480     6      490.2819   266      488.9604      490.3251    28253    0.28%
    484    10      490.1966   228      488.9604      490.3251    28565    0.28%
    489    11      489.2761   167      488.9604      490.3251    28659    0.28%
    500    14      489.2537   309      488.9604      490.3186    30146    0.28%
Elapsed time = 23.45 sec. (18952.81 ticks, tree = 0.02 MB, solutions = 2)
    550    44      489.1522   208      488.9604      490.3125    32025    0.28%
    606    72      488.9944   234      488.9604      490.2644    33506    0.27%
    646   101      489.5383   266      488.9604      490.2398    34688    0.26%
    736   157      489.1520   202      488.9604      490.2310    36553    0.26%
    815   212      489.6312   220      488.9604      490.2238    38288    0.26%
    888   265      489.0616   231      488.9604      490.1966    39721    0.25%
    953   309      489.0248   257      488.9604      490.1951    41533    0.25%
   1015   346      489.9527   255      488.9604      490.1938    43315    0.25%
   1093   412      489.0368   180      488.9604      490.1844    45542    0.25%
   1180   474      489.8879   326      488.9604      490.1662    48022    0.25%
Elapsed time = 35.77 sec. (28895.03 ticks, tree = 4.79 MB, solutions = 2)
   1258   522      489.8914   324      488.9604      490.1633    50493    0.25%
   1328   570      489.0608   219      488.9604      490.1563    52171    0.24%
   1429   650      489.3919   252      488.9604      490.1391    54852    0.24%
   1536   706      489.8477   303      488.9604      490.1041    57973    0.23%
   1636   772      489.1908   271      488.9604      490.1033    60654    0.23%
   1738   831      489.1382   199      488.9604      490.1023    64592    0.23%
   1869   895      488.9676   254      488.9604      490.0858    68166    0.23%
   1954   938      489.5158   313      488.9604      490.0786    71249    0.23%
   2109  1022      489.0813   210      488.9604      490.0680    74763    0.23%
   2170  1053      489.5982   300      488.9604      490.0518    77780    0.22%
Elapsed time = 47.96 sec. (38646.12 ticks, tree = 5.64 MB, solutions = 2)
   2278  1123      489.6656   224      488.9604      490.0508    80969    0.22%
   2406  1215      489.1166   288      488.9604      490.0463    84443    0.22%
   2473  1248      488.9663   243      488.9604      490.0355    87070    0.22%
   2592  1308      489.1333   183      488.9604      490.0321    90813    0.22%
   2695  1366      489.5928   220      488.9604      490.0199    93724    0.22%
   2781  1411      489.0483   194      488.9604      490.0151    96804    0.22%
   2876  1476      489.5208   233      488.9604      490.0145    99803    0.22%
   2988  1575      489.6808   261      488.9604      490.0139   102191    0.22%
   3083  1636      489.8273   230      488.9604      490.0121   103947    0.22%
   3187  1719      489.7801   283      488.9604      490.0115   106339    0.21%
Elapsed time = 60.46 sec. (48411.70 ticks, tree = 8.69 MB, solutions = 2)
   3352  1836      489.2962   174      488.9604      490.0113   109299    0.21%
   3455  1887      489.0824   217      488.9604      490.0073   111868    0.21%
   3530  1927      489.4863   245      488.9604      490.0039   114239    0.21%
   3626  1975      489.3210   217      488.9604      490.0022   117228    0.21%
   3700  2020      489.0589   184      488.9604      490.0014   119395    0.21%
   3798  2052      489.9885   308      488.9604      489.9951   122318    0.21%
   3913  2130      489.0787   196      488.9604      489.9933   125070    0.21%
   4006  2176      489.4072   217      488.9604      489.9894   127920    0.21%
   4100  2227      489.2729   196      488.9604      489.9880   131326    0.21%
   4181  2271      488.9646   200      488.9604      489.9854   135269    0.21%
Elapsed time = 72.91 sec. (58160.97 ticks, tree = 14.12 MB, solutions = 2)
   4298  2314      489.0766   234      488.9604      489.9819   137858    0.21%
   4454  2417      489.2877   224      488.9604      489.9783   141362    0.21%
   4553  2478      489.2785   168      488.9604      489.9776   145189    0.21%
   4671  2542      489.0629   209      488.9604      489.9674   149183    0.21%
   4776  2599      489.5276   247      488.9604      489.9618   152838    0.20%
   4886  2657      489.0616   253      488.9604      489.9612   156100    0.20%
   5041  2761      489.0635    92      488.9604      489.9581   159258    0.20%
   5123  2808      488.9236   143      488.9604      489.9572   163119    0.20%
   5205  2848      489.0161   318      488.9604      489.9563   166004    0.20%
   5322  2897        cutoff            488.9604      489.9549   169447    0.20%
Elapsed time = 85.32 sec. (67815.73 ticks, tree = 15.01 MB, solutions = 2)
   5426  2953      489.4888   267      488.9604      489.9523   173072    0.20%
   5580  3053      489.3950   272      488.9604      489.9496   176586    0.20%
   5686  3115      489.1363   170      488.9604      489.9479   180013    0.20%
   5792  3167      489.1603   190      488.9604      489.9473   183068    0.20%
   5916  3243      489.8177   301      488.9604      489.9455   187022    0.20%
   6024  3294      489.0549   212      488.9604      489.9429   190097    0.20%
   6120  3351      489.2301   105      488.9604      489.9421   193008    0.20%
   6240  3423      489.4591   177      488.9604      489.9408   195745    0.20%
   6403  3546      489.1800   233      488.9604      489.9396   200021    0.20%
   6500  3617      489.3942   283      488.9604      489.9368   203285    0.20%
Elapsed time = 98.00 sec. (77743.74 ticks, tree = 16.05 MB, solutions = 2)
   6661  3733      489.9281   211      488.9604      489.9338   207171    0.20%
   6802  3849      489.5173   262      488.9604      489.9332   209619    0.20%
   6959  3969      489.0583   184      488.9604      489.9327   213639    0.20%
   7083  4053      489.1010   240      488.9604      489.9310   216847    0.20%
   7155  4103      489.5960   175      488.9604      489.9295   219865    0.20%
   7270  4179      489.7644   260      488.9604      489.9291   223484    0.20%
   7366  4224      488.9759   277      488.9604      489.9269   226156    0.20%
   7492  4279      489.9249   254      488.9604      489.9249   229811    0.20%
   7595  4340      489.1216   245      488.9604      489.9241   233655    0.20%
   7714  4409      489.0314   168      488.9604      489.9236   237479    0.20%
Elapsed time = 110.68 sec. (87409.92 ticks, tree = 17.53 MB, solutions = 2)
   7836  4481      489.5780   143      488.9604      489.9224   241047    0.20%
   7967  4550      489.0998   298      488.9604      489.9159   244725    0.20%
   8096  4613      489.7749   252      488.9604      489.9142   248133    0.20%
   8224  4689      489.2671   195      488.9604      489.9123   252434    0.19%
   8363  4774      488.9830   189      488.9604      489.9088   256539    0.19%
   8462  4809      489.1562   176      488.9604      489.9054   259956    0.19%
   8574  4881      489.2231   136      488.9604      489.9026   262575    0.19%
   8701  4951      489.8865   185      488.9604      489.9006   266363    0.19%
   8832  5046      489.0185   193      488.9604      489.8992   269768    0.19%
   9245  5296      488.9810   235      488.9604      489.8928   282372    0.19%
Elapsed time = 126.93 sec. (99937.27 ticks, tree = 19.07 MB, solutions = 2)
   9760  5630      488.9861   150      488.9604      489.8897   296628    0.19%
   9997  5786      489.3496   235      488.9604      489.8858   303200    0.19%
   9998  5787      489.2419   198      488.9604      489.8855   303329    0.19%
  10470  6081      489.6098   226      488.9604      489.8797   316466    0.19%
  11051  6488      488.9790   124      488.9604      489.8725   329982    0.19%
  11712  6985      489.6576   238      488.9604      489.8706   344972    0.19%
  12262  7332      489.0805   256      488.9604      489.8668   359821    0.19%
  12843  7700      489.8498   288      488.9604      489.8641   375169    0.18%
  13308  7992      489.4721   146      488.9604      489.8585   388643    0.18%
  13862  8382      489.7056   198      488.9604      489.8568   401955    0.18%
Elapsed time = 181.12 sec. (141304.35 ticks, tree = 25.42 MB, solutions = 2)
  14372  8699      489.7494   212      488.9604      489.8505   415738    0.18%
  14913  9056      489.0391   184      488.9604      489.8465   428874    0.18%
  15396  9356      489.0613   156      488.9604      489.8404   441641    0.18%
  15985  9733      489.5576   260      488.9604      489.8358   456285    0.18%
  16575 10096      489.7547   190      488.9604      489.8321   471217    0.18%
  17207 10549      489.3693   165      488.9604      489.8290   486892    0.18%
  17908 11018      489.0079   200      488.9604      489.8229   502635    0.18%
  18508 11350      489.1677   245      488.9604      489.8197   517809    0.18%
  19140 11783      489.4792   145      488.9604      489.8164   533701    0.18%

Performing restart 2

Repeating presolve.
Tried aggregator 1 time.
MIP Presolve eliminated 82 rows and 41 columns.
MIP Presolve modified 50 coefficients.
Reduced MIP has 2009 rows, 2340 columns, and 22275 nonzeros.
Reduced MIP has 595 binaries, 545 generals, 0 SOSs, and 0 indicators.
Presolve time = 0.01 sec. (5.37 ticks)
Tried aggregator 1 time.
Reduced MIP has 2009 rows, 2340 columns, and 22275 nonzeros.
Reduced MIP has 595 binaries, 545 generals, 0 SOSs, and 0 indicators.
Presolve time = 0.01 sec. (4.68 ticks)
Represolve time = 0.08 sec. (40.92 ticks)
  19520     0      490.2704   284      488.9604      Cuts: 59   544173    0.17%
  19520     0      490.2512   275      488.9604      Cuts: 28   544264    0.17%
  19520     0      490.2456   302      488.9604      Cuts: 25   544331    0.17%
  19520     0      490.2405   284      488.9604      Cuts: 21   544375    0.17%
  19520     0      490.2348   275      488.9604      Cuts: 16   544418    0.17%
  19520     0      490.2202   262      488.9604   MIRcuts: 10   544456    0.17%
  19520     0      490.2126   264      488.9604      Cuts: 23   544489    0.17%
  19520     0      490.2102   268      488.9604       Cuts: 8   544515    0.17%
  19520     0      490.2092   263      488.9604       Cuts: 6   544530    0.17%
  19520     0      490.2089   269      488.9604    MIRcuts: 6   544538    0.17%
  19520     0      490.1949   240      488.9604      Cuts: 18   544600    0.17%
  19520     0      490.1870   223      488.9604      Cuts: 14   544635    0.17%
  19520     0      490.1846   235      488.9604      Cuts: 11   544668    0.17%
  19520     2      490.1810   250      488.9604      489.8148   544668    0.17%
Elapsed time = 236.28 sec. (180958.68 ticks, tree = 0.01 MB, solutions = 2)
  19553    32      489.3813   172      488.9604      489.8148   546143    0.17%
  19606    59      489.3350   223      488.9604      489.8148   547554    0.17%
  19673    88      489.2079   166      488.9604      489.8148   549515    0.17%
  19802   154      489.4884   259      488.9604      489.8148   554232    0.17%
  20062   289      489.4791   237      488.9604      489.8148   560485    0.17%
  20433   474      489.2648   178      488.9604      489.8148   567362    0.17%
  20800   629      489.0417   193      488.9604      489.8148   576928    0.17%
  21258   818      489.0616   166      488.9604      489.8148   589801    0.17%
  21754   991      489.4954   203      488.9604      489.8148   602040    0.17%
  22280  1216      489.4965   121      488.9604      489.8148   617690    0.17%
Elapsed time = 279.47 sec. (219483.17 ticks, tree = 14.24 MB, solutions = 2)
  22902  1504      489.0872   129      488.9604      489.8148   634228    0.17%
  23408  1706      488.9973   168      488.9604      489.8148   652451    0.17%
  23837  1917      489.7365   244      488.9604      489.8148   665528    0.17%
  24356  2125      489.2898   216      488.9604      489.8106   681518    0.17%
  24976  2417      489.7773   182      488.9604      489.7961   699132    0.17%
  25607  2770      489.6936   172      488.9604      489.7797   717334    0.17%
  26221  3083      489.4631   236      488.9604      489.7735   734333    0.17%
  26745  3397      489.0652   130      488.9604      489.7698   753547    0.17%
* 27210+ 2619                          489.0697      489.7614             0.14%
* 27220+ 2310                          489.1153      489.7614             0.13%
* 27280+ 2333                          489.1193      489.7614             0.13%
  27315  2357      489.2729   144      489.1193      489.7572   769665    0.13%
  27785  2591      489.1440   197      489.1193      489.7465   783771    0.13%
Elapsed time = 332.85 sec. (257752.22 ticks, tree = 13.21 MB, solutions = 5)
* 28018  2680      integral     0      489.1261      489.7424   789025    0.13%
  28305  2824      489.2933   148      489.1261      489.7397   798276    0.13%
  28884  3176      489.6586   238      489.1261      489.7356   814196    0.12%
  29405  3481      489.6757   227      489.1261      489.7301   829888    0.12%
  29867  3736      489.6221   146      489.1261      489.7266   842823    0.12%
  30407  4044      489.3147   207      489.1261      489.7208   858520    0.12%
  30906  4325        cutoff            489.1261      489.7163   872219    0.12%
  31358  4588      489.4123   106      489.1261      489.7136   884859    0.12%
  31752  4796      489.1763   142      489.1261      489.7096   896976    0.12%
  32227  5056      489.2959   176      489.1261      489.7057   910683    0.12%
  32710  5338      489.3920   197      489.1261      489.7015   924591    0.12%
Elapsed time = 385.29 sec. (295998.18 ticks, tree = 20.26 MB, solutions = 6)
  33188  5588      489.6736   250      489.1261      489.6970   939371    0.12%
  33620  5843      489.5073   203      489.1261      489.6941   952354    0.12%
  34118  6130      489.6264   146      489.1261      489.6911   965224    0.12%
* 34180+ 6140                          489.1290      489.6910             0.11%
* 34190+ 5848                          489.1451      489.6910             0.11%
* 34190+ 5802                          489.1473      489.6910             0.11%
* 34221  5786      integral     0      489.1498      489.6910   966491    0.11%
  34576  5973      489.4076   102      489.1498      489.6893   976567    0.11%
  35060  6264      489.1674   206      489.1498      489.6871   988938    0.11%
  35506  6474      489.2514   138      489.1498      489.6847  1001997    0.11%
  35919  6719      489.2325   177      489.1498      489.6826  1013576    0.11%
  36371  6965      489.5411   178      489.1498      489.6809  1027117    0.11%
  36826  7191      489.3773   121      489.1498      489.6785  1041824    0.11%
  37300  7412      489.6414   151      489.1498      489.6763  1056560    0.11%
Elapsed time = 436.63 sec. (334353.57 ticks, tree = 25.21 MB, solutions = 10)
  37769  7648      489.1940   115      489.1498      489.6739  1070852    0.11%
  38199  7875      489.3387   155      489.1498      489.6718  1083734    0.11%
  38648  8101      489.2003   164      489.1498      489.6703  1097207    0.11%
  39091  8325      489.1721   153      489.1498      489.6679  1111249    0.11%
  39562  8576      489.1611   203      489.1498      489.6660  1126844    0.11%
  40024  8817      489.2131   124      489.1498      489.6638  1141309    0.11%
  40445  9030        cutoff            489.1498      489.6616  1154251    0.10%
  40896  9297      489.2137   102      489.1498      489.6589  1165953    0.10%
  41374  9568      489.5706    97      489.1498      489.6573  1179654    0.10%
  41861  9823      489.5599   242      489.1498      489.6546  1193607    0.10%
Elapsed time = 487.62 sec. (372565.47 ticks, tree = 31.79 MB, solutions = 10)
  42398 10122      489.3778    78      489.1498      489.6520  1208093    0.10%
  42894 10372      489.6133   140      489.1498      489.6500  1221693    0.10%
  43317 10600      489.6201   137      489.1498      489.6485  1234560    0.10%
  43751 10811      489.1723   135      489.1498      489.6465  1247556    0.10%
  44255 11073      489.1856   176      489.1498      489.6446  1260764    0.10%
  44787 11363      489.3443   139      489.1498      489.6428  1274370    0.10%
  45317 11633      489.2744   220      489.1498      489.6413  1287913    0.10%
  45790 11827      489.5134   157      489.1498      489.6389  1304158    0.10%
  46263 12068      489.1571    79      489.1498      489.6374  1317539    0.10%
  46700 12296      489.1779    82      489.1498      489.6358  1329926    0.10%
Elapsed time = 539.33 sec. (410773.19 ticks, tree = 38.20 MB, solutions = 10)
  47128 12518      489.1575   181      489.1498      489.6344  1343723    0.10%
  47640 12785      489.2040   103      489.1498      489.6323  1358741    0.10%
  48140 13035        cutoff            489.1498      489.6304  1373110    0.10%
  48637 13252      489.5168   106      489.1498      489.6287  1387377    0.10%
  49148 13459      489.4374   144      489.1498      489.6267  1403150    0.10%
  49623 13692      489.5843   122      489.1498      489.6256  1417243    0.10%
  50151 13927      489.2080   162      489.1498      489.6238  1431744    0.10%
  50701 14177      489.3336   111      489.1498      489.6216  1447270    0.10%
  51216 14402      489.5551   116      489.1498      489.6203  1461545    0.10%
  51781 14669        cutoff            489.1498      489.6181  1477155    0.10%
Elapsed time = 591.60 sec. (449009.05 ticks, tree = 44.36 MB, solutions = 10)
  52320 14934      489.4846   147      489.1498      489.6166  1492861    0.10%
  52830 15165        cutoff            489.1498      489.6152  1507703    0.10%
  53331 15407      489.4588   112      489.1498      489.6137  1521839    0.09%
  53875 15624      489.3766   103      489.1498      489.6123  1535275    0.09%
  54423 15890      489.5315   119      489.1498      489.6106  1551073    0.09%
  54944 16167      489.1860   103      489.1498      489.6096  1566960    0.09%
  55541 16447      489.3297   115      489.1498      489.6079  1581015    0.09%
  56073 16708      489.1206   181      489.1498      489.6068  1595474    0.09%
  56594 16941      489.3939   157      489.1498      489.6057  1609667    0.09%
  57115 17206      489.1517    83      489.1498      489.6050  1622991    0.09%
Elapsed time = 644.98 sec. (487222.98 ticks, tree = 51.58 MB, solutions = 10)
  57687 17489        cutoff            489.1498      489.6035  1636778    0.09%
  58289 17761      489.4615   131      489.1498      489.6021  1651775    0.09%
  58856 18033      489.4543   174      489.1498      489.6009  1666634    0.09%
  59450 18303      489.1589   141      489.1498      489.5992  1682085    0.09%
  60001 18561      489.5758   150      489.1498      489.5979  1695740    0.09%
  60571 18821      489.5041   139      489.1498      489.5965  1708980    0.09%
  61091 19002      489.4022   113      489.1498      489.5951  1722198    0.09%
  61665 19264      489.5904   139      489.1498      489.5936  1735337    0.09%
  62238 19535      489.2609   162      489.1498      489.5924  1751002    0.09%
  62819 19788      489.1676   225      489.1498      489.5913  1765871    0.09%
Elapsed time = 700.24 sec. (525429.32 ticks, tree = 58.31 MB, solutions = 10)
  63412 20065        cutoff            489.1498      489.5899  1780616    0.09%
  63940 20316      489.2035   125      489.1498      489.5889  1795330    0.09%
  64416 20513      489.3760   129      489.1498      489.5880  1808924    0.09%
  64911 20758      489.3917   137      489.1498      489.5874  1821879    0.09%
  65450 20973      489.4562   119      489.1498      489.5866  1835611    0.09%
  66009 21212      489.2099   216      489.1498      489.5853  1849862    0.09%
  66597 21461      489.3286   152      489.1498      489.5841  1864178    0.09%
  67139 21695      489.5482   130      489.1498      489.5828  1880113    0.09%
  67752 21970      489.2518   127      489.1498      489.5816  1894672    0.09%
  68230 22166      489.1757   123      489.1498      489.5806  1909184    0.09%
Elapsed time = 754.32 sec. (563624.43 ticks, tree = 64.63 MB, solutions = 10)
  68768 22388      489.3751   181      489.1498      489.5797  1922494    0.09%
  69277 22584      489.5764   151      489.1498      489.5784  1936248    0.09%
  69862 22852      489.2605   122      489.1498      489.5771  1950991    0.09%
  70448 23089      489.5566   142      489.1498      489.5756  1965413    0.09%
  71039 23348      489.3464   127      489.1498      489.5743  1980204    0.09%
  71598 23573      489.2895   126      489.1498      489.5731  1995087    0.09%
  72175 23824        cutoff            489.1498      489.5721  2009705    0.09%
  72723 24075      489.1515   148      489.1498      489.5710  2024248    0.09%
  73234 24291      489.1986   117      489.1498      489.5702  2037909    0.09%
  73759 24544      489.4805   173      489.1498      489.5695  2050449    0.09%
Elapsed time = 808.64 sec. (601874.14 ticks, tree = 70.94 MB, solutions = 10)
  74311 24767      489.4354   180      489.1498      489.5684  2065466    0.09%
  74866 25025      489.3905   139      489.1498      489.5676  2079348    0.09%
  75423 25253      489.2006   132      489.1498      489.5666  2094799    0.09%
  75975 25495      489.1791   111      489.1498      489.5656  2109639    0.09%
  76596 25732      489.4648   135      489.1498      489.5644  2123677    0.08%
  77116 25968      489.3208   139      489.1498      489.5634  2138810    0.08%
  77662 26187      489.3712   116      489.1498      489.5626  2152064    0.08%
  78160 26398      489.4726   147      489.1498      489.5615  2165664    0.08%
  78731 26662      489.3750   143      489.1498      489.5605  2180079    0.08%
  79278 26892      489.4214   154      489.1498      489.5593  2195801    0.08%
Elapsed time = 863.17 sec. (640067.63 ticks, tree = 77.16 MB, solutions = 10)
  79833 27106        cutoff            489.1498      489.5583  2209756    0.08%
  80374 27318      489.2397   125      489.1498      489.5570  2224370    0.08%
  80974 27575      489.3348   120      489.1498      489.5560  2238997    0.08%
  81533 27803      489.4647   145      489.1498      489.5547  2254452    0.08%
  82064 28014      489.5536   140      489.1498      489.5537  2268675    0.08%
  82558 28195      489.1944   190      489.1498      489.5527  2282622    0.08%
  83081 28399      489.2383   109      489.1498      489.5517  2296229    0.08%
  83628 28613      489.3099   117      489.1498      489.5508  2310189    0.08%
  84219 28842      489.1635    85      489.1498      489.5498  2325686    0.08%
  84772 29042      489.3360   132      489.1498      489.5486  2341606    0.08%
Elapsed time = 916.79 sec. (678272.81 ticks, tree = 82.87 MB, solutions = 10)
  85330 29248      489.3204   129      489.1498      489.5473  2355819    0.08%
  85880 29470      489.1822   129      489.1498      489.5465  2372136    0.08%
  86450 29686      489.2320   155      489.1498      489.5455  2386739    0.08%
  86963 29863      489.5072   103      489.1498      489.5446  2399865    0.08%
  87475 30059      489.1566   154      489.1498      489.5437  2413465    0.08%
  87980 30260      489.2810   134      489.1498      489.5430  2426778    0.08%
  88515 30461      489.2875   132      489.1498      489.5418  2442227    0.08%
  89079 30684      489.1914   175      489.1498      489.5408  2456695    0.08%
  89664 30881      489.3553   152      489.1498      489.5396  2470735    0.08%
  90224 31064      489.4012   128      489.1498      489.5385  2486304    0.08%
Elapsed time = 969.84 sec. (716453.84 ticks, tree = 88.22 MB, solutions = 10)
  90769 31276        cutoff            489.1498      489.5374  2501229    0.08%
  91283 31450      489.1559   159      489.1498      489.5367  2515400    0.08%
  91772 31640      489.3370   123      489.1498      489.5359  2529609    0.08%
  92309 31847      489.2105   108      489.1498      489.5351  2543242    0.08%
  92815 32034      489.2269   146      489.1498      489.5344  2556574    0.08%
  93339 32215      489.3024   186      489.1498      489.5336  2570399    0.08%
  93920 32419      489.3328   175      489.1498      489.5325  2584913    0.08%
  94449 32604      489.3182   141      489.1498      489.5317  2600147    0.08%
  95062 32890        cutoff            489.1498      489.5312  2613354    0.08%
  95642 33078        cutoff            489.1498      489.5304  2627759    0.08%
Elapsed time = 1022.96 sec. (754739.57 ticks, tree = 94.98 MB, solutions = 10)
  96215 33286      489.2484   113      489.1498      489.5296  2642907    0.08%
  96753 33456      489.1571   127      489.1498      489.5285  2656992    0.08%
  97260 33654        cutoff            489.1498      489.5278  2669921    0.08%
  97808 33864      489.1589   108      489.1498      489.5268  2683288    0.08%
  98286 34064      489.2804   109      489.1498      489.5261  2696589    0.08%
  98821 34240      489.4967   135      489.1498      489.5253  2711485    0.08%
  99413 34428      489.2630   124      489.1498      489.5242  2725916    0.08%
  99968 34610        cutoff            489.1498      489.5230  2740461    0.08%
 100489 34819      489.2957   112      489.1498      489.5222  2754874    0.08%
 101046 35042      489.5122   141      489.1498      489.5213  2769333    0.08%
Elapsed time = 1076.47 sec. (792921.39 ticks, tree = 100.24 MB, solutions = 10)
 101567 35227        cutoff            489.1498      489.5201  2785048    0.08%
 102094 35420      489.3556   167      489.1498      489.5191  2799645    0.08%
 102581 35575      489.3564   136      489.1498      489.5182  2813844    0.08%
 103085 35778      489.1524   110      489.1498      489.5174  2827881    0.08%
 103659 36030      489.2208   122      489.1498      489.5167  2841720    0.08%
 104198 36241      489.3527   148      489.1498      489.5158  2856506    0.07%
 104720 36478      489.3221    97      489.1498      489.5151  2869107    0.07%
 105266 36702      489.2609   119      489.1498      489.5140  2883437    0.07%
 105816 36908      489.1939   161      489.1498      489.5133  2897993    0.07%
 106392 37103        cutoff            489.1498      489.5121  2912537    0.07%
Elapsed time = 1129.75 sec. (831128.80 ticks, tree = 105.80 MB, solutions = 10)
 106941 37332      489.2626   148      489.1498      489.5113  2927349    0.07%
 107453 37557      489.2049    90      489.1498      489.5107  2940362    0.07%
 107969 37760      489.5099   114      489.1498      489.5099  2953694    0.07%
 108453 38000      489.2224   124      489.1498      489.5094  2965640    0.07%
 108974 38182      489.3514   135      489.1498      489.5088  2979045    0.07%
 109519 38348      489.2910   131      489.1498      489.5076  2994208    0.07%
 110058 38585      489.3477   108      489.1498      489.5069  3007390    0.07%
 110601 38820      489.1889    57      489.1498      489.5062  3021380    0.07%
 111118 39018        cutoff            489.1498      489.5051  3036085    0.07%
 111669 39238      489.4160   139      489.1498      489.5041  3050695    0.07%
Elapsed time = 1182.67 sec. (869335.13 ticks, tree = 111.45 MB, solutions = 10)
 112197 39454      489.3339   121      489.1498      489.5035  3064662    0.07%
 112718 39693      489.4484   137      489.1498      489.5028  3078708    0.07%
 113241 39932      489.1723   132      489.1498      489.5023  3090867    0.07%
 113728 40093      489.2464   135      489.1498      489.5017  3104755    0.07%
 114216 40270      489.4705   169      489.1498      489.5008  3118539    0.07%
 114742 40482        cutoff            489.1498      489.5003  3132211    0.07%
 115286 40684      489.3064   127      489.1498      489.4995  3146880    0.07%
 115800 40859      489.3783   160      489.1498      489.4987  3162162    0.07%
 116320 41063      489.3428   108      489.1498      489.4980  3175510    0.07%
 116824 41258      489.3010   152      489.1498      489.4973  3192268    0.07%
Elapsed time = 1234.39 sec. (907650.46 ticks, tree = 116.88 MB, solutions = 10)
 117371 41460      489.1960    99      489.1498      489.4966  3207033    0.07%
 117924 41663      489.1692    84      489.1498      489.4959  3221954    0.07%
 118499 41863      489.2018   101      489.1498      489.4950  3235607    0.07%
 119027 42083      489.2668   115      489.1498      489.4942  3249908    0.07%
 119517 42253      489.1664    97      489.1498      489.4934  3263278    0.07%
 120046 42419      489.1775   124      489.1498      489.4927  3276524    0.07%
 120583 42668      489.1923   126      489.1498      489.4920  3289098    0.07%
*121028 42702      integral     0      489.1509      489.4915  3300693    0.07%
 121130 42741      489.2251   100      489.1509      489.4914  3303527    0.07%
 121691 42969      489.1878   117      489.1509      489.4907  3318778    0.07%
 122246 43175      489.1711   125      489.1509      489.4900  3332402    0.07%
Elapsed time = 1287.32 sec. (945849.98 ticks, tree = 122.04 MB, solutions = 11)
 122768 43366      489.4069   198      489.1509      489.4894  3346591    0.07%
 123298 43547      489.3521   134      489.1509      489.4884  3362136    0.07%
 123869 43775      489.1764   122      489.1509      489.4877  3376056    0.07%
 124442 43973      489.2996   125      489.1509      489.4868  3389756    0.07%
 124964 44198      489.2674   116      489.1509      489.4862  3403128    0.07%
 125460 44371      489.2170   122      489.1509      489.4855  3415880    0.07%
 125992 44586      489.4730   131      489.1509      489.4848  3428090    0.07%
 126490 44823      489.2795   192      489.1509      489.4843  3442078    0.07%
 127033 45000      489.3552   140      489.1509      489.4835  3455165    0.07%
 127599 45210      489.1558   118      489.1509      489.4827  3468076    0.07%
Elapsed time = 1339.62 sec. (984037.97 ticks, tree = 127.54 MB, solutions = 11)
 128200 45394      489.4560   134      489.1509      489.4819  3482114    0.07%
 128767 45605      489.3200   130      489.1509      489.4812  3496241    0.07%
 129283 45821      489.1649   108      489.1509      489.4805  3510365    0.07%
 129848 46044      489.1523    50      489.1509      489.4798  3524414    0.07%
 130379 46239      489.3223    99      489.1509      489.4792  3538471    0.07%
 130944 46447      489.1796    99      489.1509      489.4786  3552201    0.07%
 131471 46676      489.1518   158      489.1509      489.4779  3565088    0.07%
 131959 46865      489.3005   108      489.1509      489.4772  3578297    0.07%
 132452 47076      489.1586   109      489.1509      489.4765  3590729    0.07%
 132983 47235      489.3040    96      489.1509      489.4757  3605795    0.07%
Elapsed time = 1391.49 sec. (1022231.40 ticks, tree = 133.00 MB, solutions = 11)
 133556 47469      489.3343   136      489.1509      489.4750  3619189    0.07%
 134099 47672      489.3259   161      489.1509      489.4743  3632583    0.07%
 134663 47915      489.4348   194      489.1509      489.4738  3647598    0.07%
 135216 48123      489.1742   116      489.1509      489.4731  3661873    0.07%
 135734 48308      489.2528   113      489.1509      489.4724  3676368    0.07%
 136275 48492      489.1588   135      489.1509      489.4716  3691143    0.07%
 136847 48686      489.3183   111      489.1509      489.4709  3703580    0.07%
 137392 48903      489.4232   120      489.1509      489.4701  3717164    0.07%
 137906 49109      489.2742   163      489.1509      489.4697  3729059    0.07%
 138435 49293      489.4402   232      489.1509      489.4691  3742287    0.07%
Elapsed time = 1443.29 sec. (1060441.09 ticks, tree = 138.58 MB, solutions = 11)
 138944 49469      489.1607   126      489.1509      489.4685  3754573    0.06%
 139469 49661      489.3355   121      489.1509      489.4679  3767786    0.06%
 139997 49873      489.4652   214      489.1509      489.4673  3781746    0.06%
 140563 50103      489.4188   143      489.1509      489.4668  3794342    0.06%
 141106 50280        cutoff            489.1509      489.4662  3808328    0.06%
 141625 50491      489.2661   103      489.1509      489.4655  3822084    0.06%
 142175 50741      489.2255   166      489.1509      489.4649  3836360    0.06%
 142714 50937      489.3220   113      489.1509      489.4643  3849560    0.06%
 143299 51169      489.2506   152      489.1509      489.4638  3864088    0.06%
 143847 51380      489.3002   151      489.1509      489.4631  3877466    0.06%
Elapsed time = 1495.42 sec. (1098636.83 ticks, tree = 144.21 MB, solutions = 11)
 144389 51615      489.3010   152      489.1509      489.4626  3890532    0.06%
 144927 51842      489.2848   113      489.1509      489.4622  3903846    0.06%
 145436 51988      489.2715   179      489.1509      489.4615  3917417    0.06%
 145960 52205      489.2100   152      489.1509      489.4610  3930158    0.06%
 146467 52387      489.2815   150      489.1509      489.4604  3943569    0.06%
 147014 52595      489.1845   171      489.1509      489.4600  3956769    0.06%
 147530 52776      489.3575   167      489.1509      489.4594  3971539    0.06%
 148118 53036      489.1692   116      489.1509      489.4590  3985048    0.06%
 148686 53278      489.3074   145      489.1509      489.4584  3997507    0.06%
 149234 53499      489.2015   143      489.1509      489.4578  4009781    0.06%
Elapsed time = 1547.74 sec. (1136843.39 ticks, tree = 149.90 MB, solutions = 11)
 149768 53703      489.2306   127      489.1509      489.4571  4023220    0.06%
 150322 53902      489.1598   135      489.1509      489.4565  4034684    0.06%
 150840 54095      489.3874   134      489.1509      489.4560  4048336    0.06%
 151406 54311      489.3275   123      489.1509      489.4554  4060734    0.06%
 151910 54489      489.1990   130      489.1509      489.4549  4073169    0.06%
 152425 54696      489.2215   101      489.1509      489.4544  4084800    0.06%
 152957 54917      489.2043    64      489.1509      489.4540  4097149    0.06%
 153495 55140      489.2878   224      489.1509      489.4536  4109561    0.06%
 154042 55375      489.3200   139      489.1509      489.4533  4121754    0.06%
 154591 55564      489.3202   161      489.1509      489.4529  4135248    0.06%
Elapsed time = 1600.63 sec. (1175037.41 ticks, tree = 155.42 MB, solutions = 11)
 155115 55746      489.3489   131      489.1509      489.4524  4148476    0.06%
 155609 55895      489.1603   121      489.1509      489.4519  4162458    0.06%
 156131 56105      489.2779   118      489.1509      489.4516  4174298    0.06%
 156677 56279      489.3252   151      489.1509      489.4511  4187980    0.06%
 157186 56420      489.4480   161      489.1509      489.4505  4202470    0.06%
 157694 56626      489.2008   149      489.1509      489.4501  4215226    0.06%
 158196 56783        cutoff            489.1509      489.4496  4228909    0.06%
 158733 56943      489.2910   115      489.1509      489.4490  4243920    0.06%
 159279 57122      489.2483   103      489.1509      489.4485  4258533    0.06%
 159772 57320      489.1972   102      489.1509      489.4481  4273314    0.06%
Elapsed time = 1651.09 sec. (1213218.11 ticks, tree = 160.13 MB, solutions = 11)
 160281 57487        cutoff            489.1509      489.4476  4286208    0.06%
*160514 52748      integral     0      489.1713      489.4474  4291722    0.06%
 160780 52834      489.3889   194      489.1713      489.4470  4298807    0.06%
 161268 53009      489.2267   102      489.1713      489.4467  4311519    0.06%
 161824 53175      489.2291   132      489.1713      489.4460  4323714    0.06%
 162352 53340      489.2340   157      489.1713      489.4455  4336293    0.06%
 162877 53524      489.2332   152      489.1713      489.4450  4349777    0.06%
 163385 53722      489.2174   103      489.1713      489.4447  4362484    0.06%
 163920 53860      489.2324   161      489.1713      489.4439  4376622    0.06%
 164469 54019      489.3579   144      489.1713      489.4433  4390195    0.06%
 164965 54184      489.3445   139      489.1713      489.4429  4403839    0.06%
Elapsed time = 1701.63 sec. (1251447.82 ticks, tree = 151.09 MB, solutions = 12)
 165532 54378      489.4333   139      489.1713      489.4423  4416645    0.06%
 166079 54579      489.2805   134      489.1713      489.4417  4429608    0.06%
 166641 54805      489.1837   114      489.1713      489.4411  4441915    0.06%
 167151 55013      489.2917   146      489.1713      489.4408  4453678    0.06%
 167609 55160      489.3115   184      489.1713      489.4404  4465640    0.06%
 168122 55307      489.2425   131      489.1713      489.4398  4479120    0.05%
 168608 55430      489.2305   117      489.1713      489.4392  4491806    0.05%
 169120 55605      489.4307   193      489.1713      489.4386  4504478    0.05%
 169625 55784      489.4003   135      489.1713      489.4382  4517176    0.05%
 170179 55976      489.2410   154      489.1713      489.4375  4530318    0.05%
Elapsed time = 1752.32 sec. (1289705.66 ticks, tree = 155.96 MB, solutions = 12)
 170692 56135      489.1716   133      489.1713      489.4370  4543545    0.05%
 171221 56303      489.3099   141      489.1713      489.4366  4557849    0.05%
 171753 56509      489.3743   167      489.1713      489.4361  4570501    0.05%
 172320 56673      489.1883   155      489.1713      489.4355  4584128    0.05%
 172844 56809      489.2246   181      489.1713      489.4348  4597491    0.05%
 173367 56984      489.2593   120      489.1713      489.4344  4611485    0.05%
 173897 57178      489.3158   146      489.1713      489.4338  4623493    0.05%
 174393 57350      489.3025   123      489.1713      489.4334  4636885    0.05%
 174862 57490      489.2664   144      489.1713      489.4329  4650281    0.05%
 175358 57679      489.2971   134      489.1713      489.4325  4662471    0.05%
Elapsed time = 1802.75 sec. (1327892.52 ticks, tree = 160.60 MB, solutions = 12)
 175877 57868      489.2745   133      489.1713      489.4321  4674828    0.05%
 176416 58071      489.2113   140      489.1713      489.4316  4687373    0.05%
 176986 58290      489.2935   133      489.1713      489.4311  4700279    0.05%
 177536 58482      489.2405   114      489.1713      489.4307  4712018    0.05%
 178042 58633      489.3974   101      489.1713      489.4302  4724152    0.05%
 178620 58826      489.2192   194      489.1713      489.4297  4736219    0.05%
 179170 58989      489.1993   129      489.1713      489.4292  4748685    0.05%
 179724 59198      489.2112   127      489.1713      489.4289  4760926    0.05%
 180206 59367      489.4126   144      489.1713      489.4285  4772892    0.05%
 180747 59559      489.3799   187      489.1713      489.4280  4785397    0.05%
Elapsed time = 1854.29 sec. (1366118.78 ticks, tree = 165.72 MB, solutions = 12)
 181254 59743      489.2503   113      489.1713      489.4277  4798566    0.05%
 181806 59952      489.2744   128      489.1713      489.4273  4811080    0.05%
 182301 60091      489.1929   120      489.1713      489.4269  4822944    0.05%
 182790 60278      489.1839    93      489.1713      489.4266  4835026    0.05%
 183307 60448      489.3554   118      489.1713      489.4262  4847347    0.05%
 183805 60644      489.2491   116      489.1713      489.4257  4858900    0.05%
 184296 60796      489.3973   145      489.1713      489.4253  4872115    0.05%
 184813 60938      489.1748   254      489.1713      489.4248  4885332    0.05%
 185346 61117      489.2331   155      489.1713      489.4244  4897479    0.05%
 185864 61280      489.2177   125      489.1713      489.4240  4911499    0.05%
Elapsed time = 1905.46 sec. (1404338.81 ticks, tree = 170.36 MB, solutions = 12)
 186396 61441      489.2348   134      489.1713      489.4234  4924345    0.05%
 186898 61628      489.2231   117      489.1713      489.4231  4936712    0.05%
 187416 61836      489.1903   128      489.1713      489.4227  4950411    0.05%
 187940 62017        cutoff            489.1713      489.4222  4963261    0.05%
 188514 62202      489.2689   119      489.1713      489.4218  4975672    0.05%
 189057 62363      489.3685   146      489.1713      489.4212  4989324    0.05%
 189622 62525      489.2036    90      489.1713      489.4207  5002088    0.05%
 190186 62720      489.3082   112      489.1713      489.4202  5014990    0.05%
 190688 62876      489.2802   164      489.1713      489.4197  5028415    0.05%
 191215 63056      489.3784   147      489.1713      489.4193  5040294    0.05%
Elapsed time = 1957.02 sec. (1442534.34 ticks, tree = 175.12 MB, solutions = 12)
 191743 63220      489.2546   188      489.1713      489.4187  5051954    0.05%
 192262 63415      489.2437   183      489.1713      489.4183  5063152    0.05%
 192799 63607      489.3140   207      489.1713      489.4180  5075041    0.05%
 193372 63846      489.4063   115      489.1713      489.4176  5086411    0.05%
 193895 64025      489.2790   148      489.1713      489.4172  5099250    0.05%
 194414 64181      489.4061   203      489.1713      489.4168  5111452    0.05%
 194936 64329        cutoff            489.1713      489.4164  5124825    0.05%
 195496 64563      489.1833    91      489.1713      489.4160  5136733    0.05%
 196038 64727      489.3465   203      489.1713      489.4155  5149458    0.05%
 196552 64957      489.1759   116      489.1713      489.4153  5161399    0.05%
Elapsed time = 2008.95 sec. (1480723.62 ticks, tree = 180.27 MB, solutions = 12)
 197083 65171      489.1776   106      489.1713      489.4149  5172779    0.05%
 197611 65320        cutoff            489.1713      489.4144  5185737    0.05%
 198175 65528      489.1923    93      489.1713      489.4140  5197202    0.05%
 198696 65715      489.3350   185      489.1713      489.4137  5208535    0.05%
 199236 65927      489.3638   150      489.1713      489.4134  5219623    0.05%
 199728 66083      489.1758    93      489.1713      489.4129  5231226    0.05%
 200217 66249      489.2022    94      489.1713      489.4125  5242953    0.05%
 200725 66411      489.3902   159      489.1713      489.4121  5255149    0.05%
 201281 66601      489.1961    92      489.1713      489.4117  5266874    0.05%
 201830 66772      489.2040    85      489.1713      489.4113  5279276    0.05%
Elapsed time = 2060.75 sec. (1518904.04 ticks, tree = 188.02 MB, solutions = 12)
 202344 66945      489.2194   125      489.1713      489.4109  5291057    0.05%
 202885 67105      489.2030    96      489.1713      489.4105  5304781    0.05%
 203447 67297      489.1978   140      489.1713      489.4101  5317149    0.05%
 204058 67545      489.1824   155      489.1713      489.4098  5328724    0.05%
 204640 67679      489.2251   142      489.1713      489.4092  5342167    0.05%
 205169 67828      489.2874   135      489.1713      489.4087  5354728    0.05%
 205718 68019      489.2020    49      489.1713      489.4084  5368037    0.05%
 206244 68199      489.1874   162      489.1713      489.4080  5380729    0.05%
 206727 68353      489.3621   163      489.1713      489.4077  5393963    0.05%
 207234 68525      489.1715   168      489.1713      489.4074  5406722    0.05%
Elapsed time = 2112.91 sec. (1557103.06 ticks, tree = 192.83 MB, solutions = 12)
 207720 68668      489.3693   133      489.1713      489.4069  5419299    0.05%
 208242 68848      489.2373   120      489.1713      489.4066  5430615    0.05%
 208763 69007        cutoff            489.1713      489.4063  5442338    0.05%
 209286 69179      489.3295   163      489.1713      489.4060  5454113    0.05%
 209808 69318      489.3644   140      489.1713      489.4055  5466970    0.05%
 210376 69467      489.1884   103      489.1713      489.4050  5479181    0.05%
 210909 69630      489.2533   156      489.1713      489.4047  5491477    0.05%
 211445 69786      489.2935   142      489.1713      489.4042  5504298    0.05%
 211955 69932      489.1817   168      489.1713      489.4037  5517945    0.05%
 212508 70151      489.3133   114      489.1713      489.4035  5530312    0.05%
Elapsed time = 2163.85 sec. (1595288.62 ticks, tree = 197.23 MB, solutions = 12)
 213082 70373      489.2475   154      489.1713      489.4031  5541797    0.05%
 213601 70533      489.2210   102      489.1713      489.4027  5554521    0.05%
 214176 70726      489.2955   199      489.1713      489.4024  5566080    0.05%
 214668 70901        cutoff            489.1713      489.4021  5577960    0.05%
 215199 71094      489.2345   179      489.1713      489.4017  5590166    0.05%
 215763 71294      489.2983   160      489.1713      489.4013  5601116    0.05%
 216271 71421      489.2702   154      489.1713      489.4008  5613445    0.05%
 216808 71618      489.3678   208      489.1713      489.4004  5624087    0.05%
 217366 71781      489.3489   166      489.1713      489.3999  5636631    0.05%
 217884 71964      489.3491   155      489.1713      489.3996  5648450    0.05%
Elapsed time = 2215.43 sec. (1633515.62 ticks, tree = 202.19 MB, solutions = 12)
 218421 72163      489.3269   109      489.1713      489.3993  5658644    0.05%
 218954 72319      489.1959   124      489.1713      489.3990  5669974    0.05%
 219484 72483      489.2988   130      489.1713      489.3986  5682841    0.05%
 219991 72621      489.2157   113      489.1713      489.3982  5696191    0.05%
 220517 72792      489.3239    98      489.1713      489.3979  5709315    0.05%
 221064 72982      489.1930    54      489.1713      489.3975  5722236    0.05%
 221628 73199      489.2500    90      489.1713      489.3973  5733654    0.05%
 222177 73326      489.2147   145      489.1713      489.3968  5746462    0.05%
 222727 73484      489.1754    85      489.1713      489.3964  5758779    0.05%
 223296 73685      489.1735   149      489.1713      489.3961  5770571    0.05%
Elapsed time = 2266.58 sec. (1671712.85 ticks, tree = 206.87 MB, solutions = 12)
 223860 73854      489.3090   117      489.1713      489.3957  5782750    0.05%
 224403 74013      489.2621   145      489.1713      489.3953  5795325    0.05%
 224933 74143      489.3604   194      489.1713      489.3950  5807501    0.05%
 225431 74299      489.3402   128      489.1713      489.3947  5819429    0.05%
 225950 74450      489.2415   142      489.1713      489.3943  5831875    0.05%
 226475 74663        cutoff            489.1713      489.3941  5843828    0.05%
 227004 74803      489.1901    83      489.1713      489.3936  5857525    0.05%
 227548 74976      489.3662   142      489.1713      489.3934  5869804    0.05%
 228090 75113        cutoff            489.1713      489.3929  5881486    0.05%
 228617 75258      489.1937   143      489.1713      489.3925  5894432    0.05%
Elapsed time = 2317.20 sec. (1709914.43 ticks, tree = 211.20 MB, solutions = 12)
 229167 75433      489.2926   123      489.1713      489.3922  5906944    0.05%
 229714 75552      489.2278   141      489.1713      489.3917  5919761    0.05%
 230275 75789      489.2104   122      489.1713      489.3914  5930921    0.04%
 230834 75944        cutoff            489.1713      489.3910  5943458    0.04%
 231344 76109      489.2226   186      489.1713      489.3907  5955941    0.04%
*231840+73951                          489.1769      489.3904             0.04%
 231883 73978      489.1986   123      489.1769      489.3904  5966990    0.04%
 232324 74082      489.3249   132      489.1769      489.3901  5977575    0.04%
 232834 74210      489.1900   129      489.1769      489.3897  5989165    0.04%
 233332 74378        cutoff            489.1769      489.3894  6000451    0.04%
 233868 74507      489.1960   146      489.1769      489.3889  6012244    0.04%
Elapsed time = 2367.65 sec. (1748119.93 ticks, tree = 209.00 MB, solutions = 13)
 234351 74635      489.2245   145      489.1769      489.3885  6024236    0.04%
 234867 74779        cutoff            489.1769      489.3881  6036348    0.04%
 235398 74940      489.2531   157      489.1769      489.3878  6048922    0.04%
 235945 75076      489.2193   124      489.1769      489.3874  6060833    0.04%
 236479 75202      489.2237   143      489.1769      489.3870  6074275    0.04%
 237026 75346        cutoff            489.1769      489.3866  6087360    0.04%
 237557 75505      489.2194   144      489.1769      489.3863  6099624    0.04%
 238124 75675      489.3392   154      489.1769      489.3860  6112568    0.04%
 238688 75827      489.3460   145      489.1769      489.3857  6125502    0.04%
 239192 75970        cutoff            489.1769      489.3853  6138650    0.04%
Elapsed time = 2418.24 sec. (1786312.91 ticks, tree = 212.99 MB, solutions = 13)
 239731 76162      489.1911    87      489.1769      489.3850  6150439    0.04%
 240263 76275      489.2791   164      489.1769      489.3846  6163478    0.04%
 240794 76423        cutoff            489.1769      489.3843  6174605    0.04%
 241331 76558      489.2691   125      489.1769      489.3839  6187174    0.04%
 241854 76672      489.3612   105      489.1769      489.3836  6199560    0.04%
 242376 76817      489.2479   129      489.1769      489.3832  6211726    0.04%
 242909 76952      489.1778   153      489.1769      489.3829  6224029    0.04%
 243399 77108      489.1958    96      489.1769      489.3826  6236086    0.04%
 243943 77217      489.2027   121      489.1769      489.3823  6248413    0.04%
 244448 77333        cutoff            489.1769      489.3820  6260491    0.04%
Elapsed time = 2468.43 sec. (1824494.32 ticks, tree = 216.69 MB, solutions = 13)
 244996 77507      489.3461   130      489.1769      489.3817  6272346    0.04%
 245559 77601      489.2454   135      489.1769      489.3812  6286159    0.04%
 246076 77732      489.3713   131      489.1769      489.3808  6299406    0.04%
 246624 77834      489.2884   111      489.1769      489.3803  6313302    0.04%
 247198 77969      489.2885   141      489.1769      489.3800  6325703    0.04%
 247727 78100      489.2900   194      489.1769      489.3796  6338942    0.04%
 248246 78197      489.3012   162      489.1769      489.3792  6350915    0.04%
 248805 78412      489.1972   111      489.1769      489.3790  6362550    0.04%
 249331 78561      489.1864   155      489.1769      489.3787  6375447    0.04%
 249912 78710        cutoff            489.1769      489.3783  6386653    0.04%
Elapsed time = 2519.00 sec. (1862681.82 ticks, tree = 220.47 MB, solutions = 13)
 250438 78830      489.1789   101      489.1769      489.3780  6398623    0.04%
 250977 78943      489.2512   164      489.1769      489.3776  6409837    0.04%
 251508 79091      489.1986   146      489.1769      489.3773  6421752    0.04%
 252007 79195        cutoff            489.1769      489.3770  6433796    0.04%
 252516 79348      489.1907   110      489.1769      489.3767  6446070    0.04%
 253047 79494      489.3121   159      489.1769      489.3763  6457455    0.04%
 253596 79585      489.2380   134      489.1769      489.3759  6469875    0.04%
 254153 79731      489.2052    85      489.1769      489.3755  6482675    0.04%
 254694 79868      489.1903    93      489.1769      489.3752  6495248    0.04%
 255254 80078      489.3120   186      489.1769      489.3749  6506544    0.04%
Elapsed time = 2569.18 sec. (1900882.74 ticks, tree = 224.22 MB, solutions = 13)
 255751 80243      489.1799    92      489.1769      489.3747  6518791    0.04%
 256323 80377      489.2178   217      489.1769      489.3744  6530016    0.04%
 256866 80551      489.2553   174      489.1769      489.3741  6542001    0.04%
 257444 80762        cutoff            489.1769      489.3738  6553632    0.04%
 257947 80862      489.2075   155      489.1769      489.3734  6565758    0.04%
 258509 81036      489.1844   112      489.1769      489.3731  6578057    0.04%
 259041 81170      489.1910   152      489.1769      489.3728  6590818    0.04%
 259563 81357      489.1887   162      489.1769      489.3725  6602051    0.04%
 260088 81479      489.2547   129      489.1769      489.3722  6614727    0.04%
 260611 81619        cutoff            489.1769      489.3720  6625840    0.04%
Elapsed time = 2619.86 sec. (1939094.94 ticks, tree = 228.44 MB, solutions = 13)
 261115 81706        cutoff            489.1769      489.3717  6638053    0.04%
 261630 81820      489.2841   173      489.1769      489.3713  6650372    0.04%
 262191 81966      489.2013   160      489.1769      489.3710  6661983    0.04%
 262720 82054      489.3420   139      489.1769      489.3707  6674497    0.04%
 263227 82168      489.3393   144      489.1769      489.3704  6686599    0.04%
 263783 82286      489.2058   145      489.1769      489.3700  6699224    0.04%
*264105 82325      integral     0      489.1770      489.3699  6704802    0.04%
 264375 82436      489.3018   140      489.1770      489.3697  6709837    0.04%
 264938 82613      489.2151    82      489.1770      489.3695  6722323    0.04%
 265515 82754      489.2132   156      489.1770      489.3691  6734639    0.04%
 266042 82893        cutoff            489.1770      489.3688  6746735    0.04%
Elapsed time = 2670.30 sec. (1977298.23 ticks, tree = 231.91 MB, solutions = 14)
 266575 83018      489.2741   163      489.1770      489.3685  6758934    0.04%
 267113 83195      489.1966   207      489.1770      489.3682  6771186    0.04%
 267644 83377      489.3011   122      489.1770      489.3680  6782596    0.04%
 268190 83510      489.2811   185      489.1770      489.3677  6795248    0.04%
 268742 83663      489.2058   138      489.1770      489.3674  6806531    0.04%
 269208 83790      489.2100   147      489.1770      489.3672  6818367    0.04%
 269739 83929      489.3353   129      489.1770      489.3670  6829665    0.04%
 270281 84060      489.2739   224      489.1770      489.3667  6841555    0.04%
 270767 84166      489.2470   138      489.1770      489.3664  6852881    0.04%
 271295 84318      489.2175   134      489.1770      489.3662  6863789    0.04%
Elapsed time = 2720.55 sec. (2015534.20 ticks, tree = 235.81 MB, solutions = 14)
 271855 84463      489.2118    95      489.1770      489.3659  6875270    0.04%
 272379 84544      489.1941   167      489.1770      489.3655  6886862    0.04%
 272920 84678      489.3299   111      489.1770      489.3653  6899196    0.04%
 273447 84816      489.3436   187      489.1770      489.3650  6911243    0.04%
 273980 84997      489.3082   138      489.1770      489.3647  6923259    0.04%
 274495 85155      489.2149   182      489.1770      489.3644  6935004    0.04%
 275089 85323        cutoff            489.1770      489.3640  6946978    0.04%
 275628 85495      489.2139   151      489.1770      489.3638  6959139    0.04%
 276194 85657      489.1822   135      489.1770      489.3635  6971985    0.04%
 276737 85860      489.2118    65      489.1770      489.3632  6982678    0.04%
Elapsed time = 2771.50 sec. (2053740.25 ticks, tree = 240.00 MB, solutions = 14)
 277310 85988      489.2290   102      489.1770      489.3629  6994462    0.04%
 277851 86147      489.2685   154      489.1770      489.3626  7006053    0.04%
 278410 86271        cutoff            489.1770      489.3622  7017887    0.04%
 278949 86433      489.2048   124      489.1770      489.3620  7029502    0.04%
 279470 86590      489.3415   132      489.1770      489.3617  7040921    0.04%
 279999 86701      489.2299   162      489.1770      489.3614  7053170    0.04%
 280505 86786        cutoff            489.1770      489.3610  7065172    0.04%
 281030 86905      489.2265   205      489.1770      489.3607  7076522    0.04%
 281549 87057      489.3174   119      489.1770      489.3604  7088509    0.04%
 282131 87239      489.2318    92      489.1770      489.3601  7098745    0.04%
Elapsed time = 2822.08 sec. (2091959.67 ticks, tree = 243.78 MB, solutions = 14)
 282673 87393      489.1824   106      489.1770      489.3598  7111064    0.04%
 283211 87563      489.2426   141      489.1770      489.3596  7122169    0.04%
 283787 87719      489.1873   140      489.1770      489.3593  7134177    0.04%
 284347 87872      489.2921   163      489.1770      489.3590  7145770    0.04%
 284941 88037      489.1997    53      489.1770      489.3587  7157565    0.04%
 285476 88139      489.2140   123      489.1770      489.3583  7169583    0.04%
 286014 88254      489.3548    98      489.1770      489.3580  7182083    0.04%
 286565 88419        cutoff            489.1770      489.3577  7193604    0.04%
 287112 88551      489.3251   116      489.1770      489.3575  7205480    0.04%
 287647 88712      489.2554    99      489.1770      489.3573  7217241    0.04%
Elapsed time = 2873.01 sec. (2130163.45 ticks, tree = 247.78 MB, solutions = 14)
 288209 88899      489.2009   108      489.1770      489.3570  7228335    0.04%
 288744 88983      489.2267   146      489.1770      489.3567  7240714    0.04%
 289265 89089      489.2420   160      489.1770      489.3564  7253571    0.04%
 289848 89303      489.2790    87      489.1770      489.3562  7264465    0.04%
 290416 89511      489.2008    73      489.1770      489.3560  7275690    0.04%
 290920 89604      489.3164   176      489.1770      489.3557  7287361    0.04%
 291475 89720      489.3554   111      489.1770      489.3554  7298708    0.04%
 291983 89805      489.2621   125      489.1770      489.3551  7310919    0.04%
 292474 89917      489.2352   134      489.1770      489.3549  7322828    0.04%
 293005 90063      489.2372   127      489.1770      489.3547  7333831    0.04%
Elapsed time = 2924.17 sec. (2168363.64 ticks, tree = 251.46 MB, solutions = 14)
 293584 90224      489.3010   108      489.1770      489.3544  7346192    0.04%
 294116 90370      489.2278   153      489.1770      489.3541  7358239    0.04%
 294701 90562      489.2981   210      489.1770      489.3539  7368939    0.04%
 295261 90716      489.2756   129      489.1770      489.3536  7380976    0.04%
 295804 90771      489.1939   125      489.1770      489.3532  7393984    0.04%
 296350 90887      489.3165   111      489.1770      489.3529  7405856    0.04%
 296930 91029      489.1867   105      489.1770      489.3525  7417990    0.04%
 297471 91143      489.1834    97      489.1770      489.3521  7430125    0.04%
 298039 91326        cutoff            489.1770      489.3519  7441767    0.04%
 298599 91504      489.2456   156      489.1770      489.3517  7452828    0.04%
Elapsed time = 2975.89 sec. (2206551.41 ticks, tree = 255.34 MB, solutions = 14)
 299134 91631      489.2057    64      489.1770      489.3514  7464894    0.04%
 299667 91777      489.2307   176      489.1770      489.3511  7475038    0.04%
 300249 91950      489.2686   177      489.1770      489.3508  7486669    0.04%
 300790 92136      489.1972   133      489.1770      489.3506  7497396    0.04%
 301340 92255      489.3312   168      489.1770      489.3503  7508636    0.04%
 301888 92402        cutoff            489.1770      489.3500  7519684    0.04%
 302418 92554      489.2009   128      489.1770      489.3498  7530323    0.04%
 302993 92752      489.2948   142      489.1770      489.3496  7541379    0.04%
 303536 92834        cutoff            489.1770      489.3493  7553521    0.04%
 304074 92929      489.2790   147      489.1770      489.3490  7565497    0.04%
Elapsed time = 3027.60 sec. (2244746.72 ticks, tree = 259.24 MB, solutions = 14)
 304653 93076      489.3203   168      489.1770      489.3488  7576653    0.04%
 305213 93256      489.2022    94      489.1770      489.3485  7587758    0.04%
 305735 93359      489.2214   125      489.1770      489.3482  7600086    0.03%
 306297 93530      489.2875   151      489.1770      489.3479  7611779    0.03%
 306846 93622      489.2059   141      489.1770      489.3476  7623264    0.03%
 307412 93775      489.3151   153      489.1770      489.3473  7634899    0.03%
 307978 93902        cutoff            489.1770      489.3470  7646960    0.03%
 308563 94045      489.1792   105      489.1770      489.3468  7659088    0.03%
 309122 94165      489.3161   188      489.1770      489.3465  7671160    0.03%
 309662 94297      489.1910   113      489.1770      489.3462  7682941    0.03%
Elapsed time = 3079.57 sec. (2282943.80 ticks, tree = 262.94 MB, solutions = 14)
 310257 94462      489.2769   129      489.1770      489.3459  7694427    0.03%
 310819 94602      489.1821    60      489.1770      489.3457  7705226    0.03%
 311392 94761        cutoff            489.1770      489.3454  7715785    0.03%
 311927 94868      489.2167   120      489.1770      489.3451  7727256    0.03%
 312513 95037      489.2225    85      489.1770      489.3448  7738419    0.03%
 313062 95121      489.2855   148      489.1770      489.3445  7749899    0.03%
 313604 95261      489.2375   167      489.1770      489.3443  7761285    0.03%
 314178 95440      489.1857    96      489.1770      489.3440  7771934    0.03%
 314709 95570      489.1838   128      489.1770      489.3438  7784198    0.03%
 315238 95675      489.3313   191      489.1770      489.3435  7796666    0.03%
Elapsed time = 3131.90 sec. (2321126.19 ticks, tree = 266.73 MB, solutions = 14)
 315767 95805      489.2985   162      489.1770      489.3433  7807795    0.03%
 316316 95962        cutoff            489.1770      489.3431  7819317    0.03%
 316885 96083      489.2598    93      489.1770      489.3428  7830937    0.03%
 317429 96184      489.2219   120      489.1770      489.3424  7844285    0.03%
 317976 96239        cutoff            489.1770      489.3421  7856242    0.03%
 318557 96400      489.2478   100      489.1770      489.3419  7867661    0.03%
 319117 96531      489.2029   133      489.1770      489.3416  7878689    0.03%
 319723 96722        cutoff            489.1770      489.3414  7890090    0.03%
 320318 96872      489.3190   140      489.1770      489.3411  7901840    0.03%
 320888 97032      489.2235   124      489.1770      489.3409  7913731    0.03%
Elapsed time = 3184.47 sec. (2359338.31 ticks, tree = 270.44 MB, solutions = 14)
 321465 97180      489.2756   142      489.1770      489.3407  7925387    0.03%
 322018 97327      489.2018   167      489.1770      489.3404  7937502    0.03%
 322545 97459      489.2878   139      489.1770      489.3402  7949239    0.03%
 323107 97657      489.2400   237      489.1770      489.3400  7959582    0.03%
 323699 97788        cutoff            489.1770      489.3397  7970833    0.03%
 324229 97915      489.2800   190      489.1770      489.3395  7981968    0.03%
 324760 98061      489.2519   133      489.1770      489.3393  7993730    0.03%
 325287 98167        cutoff            489.1770      489.3390  8004891    0.03%
 325863 98275      489.2797   103      489.1770      489.3387  8016411    0.03%
 326429 98392      489.2912   170      489.1770      489.3384  8027337    0.03%
Elapsed time = 3236.82 sec. (2397543.99 ticks, tree = 274.14 MB, solutions = 14)
 326945 98503        cutoff            489.1770      489.3382  8038572    0.03%
 327466 98654      489.2439   180      489.1770      489.3380  8048983    0.03%
 328013 98772      489.3350   165      489.1770      489.3377  8060278    0.03%
 328461 98859      489.3358   174      489.1770      489.3374  8069110    0.03%
 328917 98994      489.3314   152      489.1770      489.3373  8078530    0.03%
 329333 99077      489.2495   228      489.1770      489.3371  8087382    0.03%
 329838 99208      489.2364   173      489.1770      489.3369  8096807    0.03%
 330304 99288      489.1989   153      489.1770      489.3366  8107040    0.03%
 330580 99324      489.2956   162      489.1770      489.3364  8113588    0.03%
 330950 99437      489.3054   154      489.1770      489.3363  8120830    0.03%
Elapsed time = 3286.58 sec. (2435739.14 ticks, tree = 276.99 MB, solutions = 14)
 331259 99489      489.1933    61      489.1770      489.3362  8127777    0.03%
 331620 99571      489.2586   148      489.1770      489.3360  8135591    0.03%
 332027 99672      489.2332   134      489.1770      489.3358  8143587    0.03%
 332420 99732      489.2012   158      489.1770      489.3356  8152410    0.03%
 332736 99813      489.3000   110      489.1770      489.3355  8159063    0.03%
 333121 99928      489.2096    90      489.1770      489.3353  8166001    0.03%
 333420 100003      489.2508    96      489.1770      489.3352  8171932    0.03%
 333763 100102      489.2486   106      489.1770      489.3351  8179116    0.03%
 334217 100227      489.1772    88      489.1770      489.3349  8186927    0.03%
 334620 100327      489.2136   188      489.1770      489.3347  8194552    0.03%
Elapsed time = 3335.86 sec. (2475959.80 ticks, tree = 279.43 MB, solutions = 14)
 334927 100383      489.2112    78      489.1770      489.3346  8200764    0.03%
 335220 100457      489.3050   134      489.1770      489.3345  8206158    0.03%
 335600 100564      489.2235    93      489.1770      489.3344  8213249    0.03%
 335866 100644      489.3092   164      489.1770      489.3343  8218147    0.03%
 336120 100681      489.2290   105      489.1770      489.3341  8224385    0.03%
 336545 100751      489.2568   125      489.1770      489.3339  8233738    0.03%
 336820 100832      489.2970   159      489.1770      489.3338  8239192    0.03%
 337120 100916      489.2001    94      489.1770      489.3337  8245380    0.03%
 337509 101023      489.2693   114      489.1770      489.3335  8253437    0.03%
 338002 101135      489.3040   150      489.1770      489.3334  8264106    0.03%
Elapsed time = 3383.02 sec. (2515050.33 ticks, tree = 281.60 MB, solutions = 14)
 338412 101239      489.2518   135      489.1770      489.3332  8271973    0.03%
 338723 101300      489.1838   175      489.1770      489.3330  8277738    0.03%
 339061 101377      489.2138   117      489.1770      489.3329  8284185    0.03%
 339320 101449      489.2912   179      489.1770      489.3328  8289341    0.03%
 339646 101562        cutoff            489.1770      489.3327  8295951    0.03%
 340044 101668      489.1873    98      489.1770      489.3325  8304037    0.03%
 340420 101750      489.2357   107      489.1770      489.3324  8311437    0.03%
 340788 101845      489.1980    90      489.1770      489.3322  8318504    0.03%
 341220 101947      489.2392   112      489.1770      489.3321  8328045    0.03%
 341554 102027      489.1774    94      489.1770      489.3319  8334838    0.03%
Elapsed time = 3431.39 sec. (2554546.81 ticks, tree = 284.05 MB, solutions = 14)
 342102 102133      489.1857    87      489.1770      489.3317  8346246    0.03%
 342670 102248      489.3252   109      489.1770      489.3314  8358841    0.03%
 343109 102355      489.2077   225      489.1770      489.3312  8368076    0.03%
 343692 102518      489.1980   126      489.1770      489.3310  8379060    0.03%
 344236 102646      489.2281   160      489.1770      489.3308  8390029    0.03%
 344756 102745      489.3034   105      489.1770      489.3306  8401601    0.03%
 345320 102845      489.2963   159      489.1770      489.3303  8413364    0.03%
 345889 102960      489.2063   134      489.1770      489.3300  8424417    0.03%
 346436 103087      489.2187    88      489.1770      489.3298  8433915    0.03%
 346992 103218      489.2183   111      489.1770      489.3295  8444717    0.03%
Elapsed time = 3482.59 sec. (2592775.67 ticks, tree = 287.32 MB, solutions = 14)
 347524 103376      489.2656    90      489.1770      489.3294  8455544    0.03%
 348030 103472        cutoff            489.1770      489.3292  8466422    0.03%
 348564 103581      489.2317    98      489.1770      489.3290  8478567    0.03%
 349104 103696        cutoff            489.1770      489.3288  8490204    0.03%
 349633 103849      489.2041   127      489.1770      489.3286  8500064    0.03%
 350190 103991      489.2103   135      489.1770      489.3283  8512195    0.03%
 350662 104088      489.2643    93      489.1770      489.3281  8522071    0.03%
 351208 104241      489.1804    66      489.1770      489.3280  8532432    0.03%
 351741 104340      489.2818   110      489.1770      489.3278  8543877    0.03%
 352314 104453      489.1878    55      489.1770      489.3275  8556190    0.03%
Elapsed time = 3533.09 sec. (2630969.46 ticks, tree = 290.73 MB, solutions = 14)
 352880 104548      489.2792   131      489.1770      489.3273  8568825    0.03%
 353436 104684      489.2961   173      489.1770      489.3271  8579794    0.03%
 353925 104804      489.3268   160      489.1770      489.3268  8589945    0.03%
 354480 104929      489.2794    86      489.1770      489.3265  8601908    0.03%
 355016 105007      489.2602   115      489.1770      489.3263  8613877    0.03%
 355598 105125        cutoff            489.1770      489.3260  8625068    0.03%
 356169 105264      489.2792   147      489.1770      489.3258  8635522    0.03%
 356693 105356        cutoff            489.1770      489.3256  8647381    0.03%
 357220 105446      489.2736   116      489.1770      489.3253  8658939    0.03%
 357734 105525      489.3145   138      489.1770      489.3251  8671103    0.03%
Elapsed time = 3584.01 sec. (2669706.26 ticks, tree = 293.67 MB, solutions = 14)
*358110 92395      integral     0      489.1922      489.3250  8678755    0.03%
 358296 92452      489.2524   136      489.1922      489.3249  8682776    0.03%
 358839 92567      489.2431   178      489.1922      489.3247  8693864    0.03%
 359387 92684      489.2329   126      489.1922      489.3244  8705069    0.03%

Flow cuts applied:  33
Mixed integer rounding cuts applied:  202
Lift and project cuts applied:  5
Gomory fractional cuts applied:  4
User cuts applied:  857

Root node processing (before b&c):
  Real time             =    1.73 sec. (1464.68 ticks)
Sequential b&c:
  Real time             = 3598.27 sec. (2681828.09 ticks)
                          ------------
Total (root+branch&cut) = 3600.00 sec. (2683292.77 ticks)
|V|                                     600
K                                       120
theta                                   0.01
r                                       1
R                                       20
prob_func                               facility_mixture
mixture_low_share                       0.900000
mixture_low_interval                    [0.001000, 0.010000]
mixture_high_interval                   [0.100000, 0.500000]
mixture_seed                            1
#C1                                     746
#CP                                     29936

@Parameters: 
am_callback_heuristic                   false
am_local_search                         true
am_start_heuristic                      false
colocation                              true
comp                                    false
cutC                                    true
cutC_init                               false
cutF                                    false
cutF_init                               false
cutF_stable                             false
cutF_wrong                              false
cutLocal                                false
cutM                                    true
cutM_init                               true
cutM_stable                             false
cutP                                    true
cutP_init                               false
cutP_stable                             false
init                                    true
init_cutF_zero                          false
init_val_greedy                         true
is_Euclidean                            false
is_local_search                         false
is_right_cutP                           true
is_root                                 false
is_silent                               false
is_start                                false
mycut                                   false
pmed                                    false
pre                                     true
stable_root                             false
str                                     false
two_phase                               false
ubstr                                   false
mode                                    Int

am_callback_node_space                  50
init                                    0
mixture_seed                            1
node_space                              5
nodelimit                               -1
nsepa                                   1
strF                                    0
type_delta                              0

EPS                                     0.001000
EPS_FRAC                                0.00
gap                                     0.00
mixture_high_max                        0.50
mixture_high_min                        0.10
mixture_low_max                         0.01
mixture_low_min                         0.00
mixture_low_share                       0.90
timelimit                               3600.00

Number of Closed Sites: 5 / 600 
Number of Confined Sites-1: 9 / 1071 
Number of Confined Sites-k: 586 / 8391 
Preprocess Time: 1.21 + 0.00 sec

Solve Time: 3600.00
Number of Nodes: 359478
Termination Status: TIME_LIMIT

CutInfo: [phase] num / time (sec) / aver. num_nonzero
max              [LP]     0 / 0.00 / 0.00 [init]   499 / 0.01 / 1.55 [rLC]   257 / 0.01 / 6.70 [rUC]   195 / 0.04 / 5.58 [sLC]    23 / 0.14 / 10.30 [sUC]   252 / 1.10 / 4.45 
prod_oa          [LP]     0 / 0.00 / 0.00 [init]   419 / 0.01 / 42.54 [rLC]   432 / 0.02 / 50.64 [rUC]   728 / 0.12 / 46.40 [sLC]   602 / 0.27 / 43.21 [sUC]   831 / 2.46 / 44.16 
prod_sm_fixed    [LP]     0 / 0.00 / 0.00 [init]     0 / 0.00 / 0.00 [rLC]     0 / 0.00 / 0.00 [rUC]     0 / 0.00 / 0.00 [sLC]     0 / 0.00 / 0.00 [sUC]     0 / 0.00 / 0.00 
prod_bin         [LP]     0 / 0.00 / 0.00 [init]     0 / 0.00 / 0.00 [rLC]     0 / 0.00 / 0.00 [rUC]     0 / 0.00 / 0.00 [sLC]     0 / 0.00 / 0.00 [sUC]     0 / 0.00 / 0.00 
prod_local       [LP]     0 / 0.00 / 0.00 [init]     0 / 0.00 / 0.00 [rLC]     0 / 0.00 / 0.00 [rUC]     0 / 0.00 / 0.00 [sLC]     0 / 0.00 / 0.00 [sUC]     0 / 0.00 / 0.00 
prod_sm_C        [LP]     0 / 0.00 / 0.00 [init]     0 / 0.00 / 0.00 [rLC]     0 / 0.00 / 0.00 [rUC]     0 / 0.00 / 0.00 [sLC]     0 / 0.00 / 0.00 [sUC]     0 / 0.00 / 0.00 
facet            [LP]     0 / 0.00 / 0.00 [init]     0 / 0.00 / 0.00 [rLC]     0 / 0.00 / 0.00 [rUC]     0 / 0.00 / 0.00 [sLC]     0 / 0.00 / 0.00 [sUC]     0 / 0.00 / 0.00 
Separation Round:   [LP] 0  [init] 1  [rLC] 2  [rUC] 14  [sLC] 31  [sUC] 536141  
Root Best Bound 491.914571
Root Best Integer: 488.942568
Best Bound: 489.324383
Best Integer: 489.192207
1: 3, 4, 16, 19, 30, 49, 79, 85, 103, 112, 121, 129, 132, 133, 149, 153, 174, 175, 179, 190, 195, 213, 215, 218, 221, 229, 234, 247, 252, 260, 263, 267, 269, 273, 275, 288, 291, 293, 304, 309, 310, 313, 318, 319, 325, 327, 334, 339, 350, 386, 392, 403, 411, 426, 438, 450, 486, 490, 494, 525, 529, 530, 535, 548, 554, 571, 588, 589, 594, 595, 598
2: 47, 122, 136, 371, 388, 498
3: 24, 205, 320, 372, 470, 553, 597
4: 27, 109, 298, 416
Objective Value (calc): 489.147821
sum_etaM = 290.609095 / 290.609095
sum_etaP = 491.198097 / 491.153263
nL: 88
nCL: 17
mCL: 4
