Version identifier: 20.1.0.0 | 2020-11-10 | 9bedb6d68
CPXPARAM_Threads                                 1
CPXPARAM_TimeLimit                               3600
CPXPARAM_MIP_Tolerances_MIPGap                   0
Generic callback                                 0x60
1 of 1 MIP starts provided solutions.
MIP start 'm1' defined initial solution with objective 571.2292.
Tried aggregator 2 times.
MIP Presolve eliminated 21 rows and 12 columns.
MIP Presolve modified 334 coefficients.
Aggregator did 9 substitutions.
Reduced MIP has 1952 rows, 2379 columns, and 13162 nonzeros.
Reduced MIP has 594 binaries, 585 generals, 0 SOSs, and 0 indicators.
Presolve time = 0.01 sec. (4.97 ticks)
Probing time = 0.00 sec. (0.70 ticks)
Tried aggregator 1 time.
Reduced MIP has 1952 rows, 2379 columns, and 13162 nonzeros.
Reduced MIP has 594 binaries, 585 generals, 0 SOSs, and 0 indicators.
Presolve time = 0.00 sec. (2.92 ticks)
Probing time = 0.00 sec. (0.70 ticks)
MIP emphasis: balance optimality and feasibility.
MIP search method: dynamic search.
Parallel mode: none, using 1 thread.
Root relaxation solution time = 0.06 sec. (69.54 ticks)

        Nodes                                         Cuts/
   Node  Left     Objective  IInf  Best Integer    Best Bound    ItCnt     Gap

*     0+    0                          571.2292      600.0000             5.04%
      0     0      597.6928   308      571.2292      597.6928     1715    4.63%
      0     0      581.3916   378      571.2292     Cuts: 588     2322    1.78%
      0     0      579.5222   378      571.2292     Cuts: 588     2794    1.45%
      0     0      578.6063   475      571.2292     Cuts: 571     3375    1.29%
      0     0      578.0030   540      571.2292     Cuts: 481     4031    1.19%
      0     0      577.5791   576      571.2292     Cuts: 436     4677    1.11%
      0     0      577.2896   611      571.2292     Cuts: 344     5160    1.06%
      0     0      577.1074   628      571.2292     Cuts: 309     5704    1.03%
      0     0      576.9703   629      571.2292     Cuts: 270     6137    1.01%
      0     0      576.8727   651      571.2292     Cuts: 222     6571    0.99%
      0     0      576.8101   667      571.2292     Cuts: 336     6971    0.98%
      0     0      576.7197   655      571.2292     Cuts: 220     7422    0.96%
      0     0      576.6508   675      571.2292     Cuts: 224     7800    0.95%
      0     0      576.6058   683      571.2292     Cuts: 233     8159    0.94%
      0     0      576.5975   688      571.2292 UserPurge2: 55     8294    0.94%
      0     0      576.5876   650      571.2292 UserPurge2: 50     8415    0.94%
      0     0      576.5812   656      571.2292 UserPurge2: 49     8518    0.94%
      0     0      576.5773   667      571.2292 UserPurge2: 31     8582    0.94%
      0     0      576.5757   672      571.2292 UserPurge2: 23     8635    0.94%
      0     0      576.5740   664      571.2292 UserPurge2: 18     8692    0.94%
      0     0      576.5726   674      571.2292 UserPurge2: 23     8747    0.94%
      0     0      576.5724   668      571.2292 UserPurge2: 8     8764    0.94%
      0     0      576.5723   666      571.2292 UserPurge2: 8     8782    0.94%
      0     0      576.5722   672      571.2292 UserPurge2: 6     8796    0.94%
      0     2      576.5722   672      571.2292      576.5722     8796    0.94%
Elapsed time = 8.75 sec. (7082.08 ticks, tree = 0.01 MB, solutions = 1)
      3     5      576.5141   617      571.2292      576.5540     9722    0.93%
      5     7      576.2979   710      571.2292      576.5540    12761    0.93%
      6     8      576.2639   675      571.2292      576.5540    14181    0.93%
      7     9      576.2660   697      571.2292      576.5540    14876    0.93%
      8    10      576.2586   682      571.2292      576.5540    15367    0.93%
     10    12      576.0991   696      571.2292      576.5540    17784    0.93%
     11    13      576.0305   676      571.2292      576.5540    18494    0.93%
     13    15      575.9828   657      571.2292      576.5540    19163    0.93%
     15    17      575.9442   660      571.2292      576.5540    20509    0.93%
     20    22      575.7455   674      571.2292      576.5540    23244    0.93%
Elapsed time = 17.36 sec. (13386.42 ticks, tree = 0.03 MB, solutions = 1)
     25    27      575.4648   685      571.2292      576.5540    26291    0.93%
     30    32      575.2505   670      571.2292      576.5540    29846    0.93%
     35    37      574.8267   679      571.2292      576.5540    33983    0.93%
     39    41      574.7599   640      571.2292      576.5540    36243    0.93%
     40    42      574.5897   663      571.2292      576.5540    39145    0.93%
     43    45      574.4176   621      571.2292      576.5540    41686    0.93%
     48    50      574.2988   634      571.2292      576.5540    44590    0.93%
     51    53      574.1487   636      571.2292      576.5540    46619    0.93%
     55    57      573.9431   620      571.2292      576.5540    49413    0.93%
     60    62      573.5952   603      571.2292      576.5540    53753    0.93%
Elapsed time = 34.51 sec. (26832.89 ticks, tree = 0.29 MB, solutions = 1)
     66    68      573.4284   594      571.2292      576.5540    56330    0.93%
     70    72      573.1975   579      571.2292      576.5540    58802    0.93%
     75    77      572.9153   580      571.2292      576.5540    62647    0.93%
     82    84      572.5722   556      571.2292      576.5540    65188    0.93%
     90    92      572.0367   551      571.2292      576.5540    68417    0.93%
     96    98      571.9706   555      571.2292      576.5540    71271    0.93%
    102   104      571.6429   553      571.2292      576.5540    74152    0.93%
    108   110      571.4283   536      571.2292      576.5540    77233    0.93%
    113   111      576.4474   721      571.2292      576.5514    79761    0.93%
    116   114      576.3338   712      571.2292      576.5514    81960    0.93%
Elapsed time = 50.60 sec. (37889.79 ticks, tree = 0.58 MB, solutions = 1)
    118   116      576.2813   704      571.2292      576.5514    83963    0.93%
    120   118      576.2421   703      571.2292      576.5514    86149    0.93%
    124   122      576.1307   678      571.2292      576.5514    88402    0.93%
    127   125      575.8709   707      571.2292      576.5514    90889    0.93%
    130   128      575.9962   670      571.2292      576.5514    93788    0.93%
    134   132      575.8477   654      571.2292      576.5514    96041    0.93%
    138   136      575.7234   652      571.2292      576.5514    98747    0.93%
    140   138      575.5613   664      571.2292      576.5514   100667    0.93%
    145   143      575.2550   677      571.2292      576.5514   104071    0.93%
    150   148      575.1983   642      571.2292      576.5514   107416    0.93%
Elapsed time = 67.56 sec. (52022.74 ticks, tree = 1.05 MB, solutions = 1)
    155   153      574.9774   645      571.2292      576.5514   110742    0.93%
    160   158      574.7264   618      571.2292      576.5514   113969    0.93%
    165   163      574.5561   619      571.2292      576.5514   116778    0.93%
    170   168      574.4169   602      571.2292      576.5514   119137    0.93%
    175   173      574.0421   586      571.2292      576.5514   122247    0.93%
    180   178      573.9062   563      571.2292      576.5514   125456    0.93%
    190   188      573.6479   551      571.2292      576.5514   128192    0.93%
    200   198      573.5403   525      571.2292      576.5514   130553    0.93%
    210   208      573.1820   503      571.2292      576.5514   132594    0.93%
    220   218      572.9089   524      571.2292      576.5514   134501    0.93%
Elapsed time = 90.60 sec. (70077.67 ticks, tree = 2.90 MB, solutions = 1)
    235   233      572.5611   458      571.2292      576.5514   136706    0.93%
    250   248      572.0766   464      571.2292      576.5514   138670    0.93%
    260   258      571.8755   440      571.2292      576.5514   140048    0.93%
    284   278        cutoff            571.2292      576.5514   142215    0.93%
    288   282      576.4285   729      571.2292      576.5511   143869    0.93%
    289   283      576.2511   746      571.2292      576.5511   145544    0.93%
    291   285      576.2343   743      571.2292      576.5511   147110    0.93%
    295   289      576.1356   725      571.2292      576.5511   149233    0.93%
    298   292      576.1216   719      571.2292      576.5511   150700    0.93%
    300   294      576.0344   732      571.2292      576.5511   151882    0.93%
Elapsed time = 105.73 sec. (81215.41 ticks, tree = 6.00 MB, solutions = 1)
    303   297      575.8353   717      571.2292      576.5511   153215    0.93%
    306   300      575.9571   721      571.2292      576.5511   154979    0.93%
    310   304      575.8365   702      571.2292      576.5511   156564    0.93%
    313   307      575.6536   680      571.2292      576.5511   158293    0.93%
    317   311      575.5711   676      571.2292      576.5511   159833    0.93%
    320   314      575.5956   687      571.2292      576.5511   161630    0.93%
    323   317      575.5416   672      571.2292      576.5511   163633    0.93%
    327   321      575.3634   674      571.2292      576.5511   165883    0.93%
    330   324      575.0419   662      571.2292      576.5511   167591    0.93%
    338   332      574.3937   634      571.2292      576.5511   169797    0.93%
Elapsed time = 119.06 sec. (93424.83 ticks, tree = 7.31 MB, solutions = 1)
    340   334      574.3833   615      571.2292      576.5511   171509    0.93%
    345   339      574.3094   607      571.2292      576.5511   173947    0.93%
    349   343      574.1584   595      571.2292      576.5511   176234    0.93%
    353   347      573.9341   596      571.2292      576.5511   177983    0.93%
    360   354      573.9015   561      571.2292      576.5511   179886    0.93%
    366   360      573.7408   537      571.2292      576.5511   182018    0.93%
    371   365      573.5291   541      571.2292      576.5511   183791    0.93%
    380   374      573.4511   487      571.2292      576.5511   185847    0.93%
    390   384      573.1050   500      571.2292      576.5511   188663    0.93%
    400   394      572.8564   489      571.2292      576.5511   190438    0.93%
Elapsed time = 135.28 sec. (106900.90 ticks, tree = 10.24 MB, solutions = 1)
    404   398      576.2938   745      571.2292      576.5141   192065    0.93%
    410   404      575.9955   710      571.2292      576.5141   193966    0.93%
    419   413      575.6172   635      571.2292      576.5141   195839    0.93%
    423   417      575.3519   646      571.2292      576.5141   197487    0.93%
    430   424      574.9473   617      571.2292      576.5141   199713    0.93%
    440   434      574.5915   579      571.2292      576.5141   201624    0.93%
    450   444      574.1139   544      571.2292      576.5141   203894    0.93%
    467   461      573.7225   503      571.2292      576.5141   205956    0.93%
    480   474      573.0258   466      571.2292      576.5141   208074    0.93%

Performing restart 1

Repeating presolve.
Tried aggregator 1 time.
MIP Presolve modified 286 coefficients.
Reduced MIP has 1952 rows, 2379 columns, and 13162 nonzeros.
Reduced MIP has 594 binaries, 585 generals, 0 SOSs, and 0 indicators.
Presolve time = 0.00 sec. (3.04 ticks)
Tried aggregator 1 time.
Reduced MIP has 1952 rows, 2379 columns, and 13162 nonzeros.
Reduced MIP has 594 binaries, 585 generals, 0 SOSs, and 0 indicators.
Presolve time = 0.00 sec. (2.99 ticks)
Represolve time = 0.06 sec. (36.08 ticks)
    495     0      575.6883   412      571.2292     Cuts: 207   219182    0.78%
    495     0      575.6260   403      571.2292     Cuts: 124   219520    0.77%
    495     0      575.5954   381      571.2292     Cuts: 110   219776    0.76%
    495     0      575.5796   398      571.2292      Cuts: 76   219967    0.76%
    495     0      575.5667   390      571.2292      Cuts: 88   220146    0.76%
    495     0      575.5503   395      571.2292      Cuts: 73   220343    0.76%
    495     0      575.5383   402      571.2292     Cuts: 106   220505    0.75%
    495     0      575.5219   384      571.2292      Cuts: 59   220678    0.75%
    495     0      575.5177   417      571.2292      Cuts: 75   220799    0.75%
    495     0      575.5142   401      571.2292      Cuts: 43   220907    0.75%
    495     0      575.4823   401      571.2292      Cuts: 70   221193    0.74%
    495     0      575.4682   375      571.2292      Cuts: 71   221366    0.74%
    495     0      575.4604   403      571.2292      Cuts: 58   221470    0.74%
    495     0      575.4520   399      571.2292      Cuts: 41   221597    0.74%
    495     0      575.4458   402      571.2292      Cuts: 55   221708    0.74%
    495     0      575.4424   376      571.2292      Cuts: 29   221788    0.74%
    495     0      575.4398   388      571.2292      Cuts: 19   221878    0.74%
    495     2      575.4398   388      571.2292      575.4398   221878    0.74%
Elapsed time = 164.39 sec. (131025.23 ticks, tree = 0.01 MB, solutions = 1)
    496     3      575.3847   357      571.2292      575.4396   222325    0.74%
    497     4      575.3619   371      571.2292      575.3846   222935    0.73%
    498     5      575.3474   355      571.2292      575.3832   223302    0.73%
    499     6      575.3268   374      571.2292      575.3618   223495    0.72%
    500     7      575.1930   442      571.2292      575.3618   226362    0.72%
    501     8      575.1713   407      571.2292      575.3618   227598    0.72%
    502     9      575.1596   449      571.2292      575.3618   228577    0.72%
    503    10      575.1415   406      571.2292      575.3618   229404    0.72%
    505    12      575.1185   400      571.2292      575.3618   230419    0.72%
    514    21      574.9922   377      571.2292      575.3618   233616    0.72%
Elapsed time = 194.74 sec. (164006.06 ticks, tree = 0.13 MB, solutions = 1)
    525    32      574.5424   433      571.2292      575.3618   238427    0.72%
    535    42      574.4169   409      571.2292      575.3618   241612    0.72%
    550    57      574.0118   434      571.2292      575.3618   248275    0.72%
    575    82      573.5785   406      571.2292      575.3618   253141    0.72%
    621   128      573.1441   329      571.2292      575.3618   259405    0.72%
    655   162      572.9073   326      571.2292      575.3618   265437    0.72%
    699   206      571.8358   286      571.2292      575.3618   271407    0.72%
    777   239      575.1950   463      571.2292      575.3618   277471    0.72%
    800   262      573.3453   460      571.2292      575.3618   284121    0.72%
    817   279      572.2931   440      571.2292      575.3618   289479    0.72%
Elapsed time = 240.27 sec. (205762.35 ticks, tree = 7.05 MB, solutions = 1)
    855   297      575.0697   457      571.2292      575.3474   296958    0.72%
    897   337      575.2893   497      571.2292      575.3467   306173    0.72%
    925   365      572.9328   462      571.2292      575.3467   315755    0.72%
    958   382      574.0023   491      571.2292      575.3268   322027    0.72%
   1004   407      571.3287   438      571.2292      575.3268   328318    0.72%
   1036   435      573.2024   506      571.2292      575.2890   335325    0.71%
   1089   483      571.6321   456      571.2292      575.2890   343763    0.71%
   1154   522      574.6927   483      571.2292      575.2820   351465    0.71%
   1195   563      573.7139   449      571.2292      575.2820   359248    0.71%
   1269   616        cutoff            571.2292      575.2820   368760    0.71%
Elapsed time = 283.93 sec. (245670.05 ticks, tree = 18.09 MB, solutions = 1)
   1357   662      575.2468   478      571.2292      575.2695   376688    0.71%
   1407   712      574.0298   463      571.2292      575.2695   384574    0.71%
   1441   746      572.6592   472      571.2292      575.2695   391547    0.71%
   1495   797      571.2342   369      571.2292      575.2695   400173    0.71%
   1570   841      571.2354   443      571.2292      575.2567   407137    0.71%
   1614   881      573.2560   474      571.2292      575.2447   416523    0.70%
   1655   922      571.7011   455      571.2292      575.2447   425881    0.70%
   1737   972      573.0088   499      571.2292      575.2445   434899    0.70%
   1796  1016      575.0127   448      571.2292      575.2441   442146    0.70%
   1852  1072      574.0435   412      571.2292      575.2441   452394    0.70%
Elapsed time = 325.31 sec. (284906.52 ticks, tree = 33.80 MB, solutions = 1)
   1927  1147      571.4416   324      571.2292      575.2441   461352    0.70%
   2028  1192      571.2495   460      571.2292      575.2435   468942    0.70%
   2076  1235      574.3526   427      571.2292      575.2419   478234    0.70%
   2134  1293      572.5846   401      571.2292      575.2419   489084    0.70%
   2205  1352        cutoff            571.2292      575.2419   497427    0.70%
   2290  1395      574.4640   476      571.2292      575.2414   506237    0.70%
   2342  1447      572.7027   426      571.2292      575.2414   514336    0.70%
   2407  1499      573.6228   442      571.2292      575.2391   524509    0.70%
   2463  1544      571.3992   434      571.2292      575.2391   532696    0.70%
   2543  1589      571.3506   413      571.2292      575.2383   540269    0.70%
Elapsed time = 366.32 sec. (323625.55 ticks, tree = 53.15 MB, solutions = 1)
   2604  1639      573.9272   468      571.2292      575.2363   548621    0.70%
   2682  1717      573.5178   362      571.2292      575.2363   558952    0.70%
   2761  1796      572.7159   245      571.2292      575.2363   569474    0.70%
   2988  2011      574.6281   485      571.2292      575.2308   582228    0.70%
   3061  2066      573.8508   496      571.2292      575.2307   592327    0.70%
   3112  2117      572.6565   448      571.2292      575.2307   602067    0.70%
   3206  2179      574.7304   506      571.2292      575.2278   613063    0.70%
   3268  2228      572.1936   529      571.2292      575.2273   621958    0.70%
   3335  2273      573.9406   493      571.2292      575.2265   631736    0.70%
   3398  2323      574.1240   459      571.2292      575.2253   641171    0.70%
Elapsed time = 409.35 sec. (363174.95 ticks, tree = 77.41 MB, solutions = 1)
   3449  2369      571.3563   423      571.2292      575.2253   651312    0.70%
   3524  2419      572.6526   453      571.2292      575.2251   660616    0.70%
   3586  2459      574.0892   484      571.2292      575.2249   669106    0.70%
   3626  2499      573.9258   443      571.2292      575.2249   678671    0.70%
   3690  2563      572.5848   390      571.2292      575.2249   689356    0.70%
   3775  2630      574.2577   479      571.2292      575.2236   699260    0.70%
   3840  2670      574.0659   502      571.2292      575.2219   709695    0.70%
   3893  2723      571.9004   434      571.2292      575.2219   718875    0.70%
   3974  2772      573.5798   551      571.2292      575.2202   728874    0.70%
   4033  2830      571.2780   474      571.2292      575.2202   738303    0.70%
Elapsed time = 450.51 sec. (402151.70 ticks, tree = 95.39 MB, solutions = 1)
   4095  2858      575.2179   461      571.2292      575.2196   743470    0.70%
   4135  2898      573.7928   480      571.2292      575.2196   753301    0.70%
   4212  2942      571.7118   523      571.2292      575.2189   762660    0.70%
   4279  2998      573.8996   427      571.2292      575.2185   772612    0.70%
   4365  3073      571.5471   335      571.2292      575.2185   783459    0.70%
   4435  3118      573.5545   422      571.2292      575.2184   793199    0.70%
   4495  3178      572.4972   385      571.2292      575.2184   802707    0.70%
   4580  3263      571.6949   303      571.2292      575.2184   813726    0.70%
   4665  3327      572.2310   518      571.2292      575.2169   823653    0.70%
   4709  3362      571.4971   438      571.2292      575.2169   833356    0.70%
Elapsed time = 492.28 sec. (441237.09 ticks, tree = 115.25 MB, solutions = 1)
   4827  3444      574.3072   323      571.2292      575.2169   842933    0.70%
   5022  3631      574.6202   495      571.2292      575.2154   853709    0.70%
   5067  3676      573.5722   493      571.2292      575.2154   863004    0.70%
   5135  3724      571.4546   447      571.2292      575.2135   872547    0.70%
   5183  3759      574.0364   445      571.2292      575.2124   881653    0.70%
   5249  3801      571.2322   371      571.2292      575.2124   891691    0.70%
   5307  3841      574.0442   453      571.2292      575.2116   900273    0.70%
   5379  3885      573.9645   461      571.2292      575.2116   909401    0.70%
   5448  3935      573.5754   424      571.2292      575.2108   919046    0.70%
   5531  4014      571.7728   315      571.2292      575.2108   929375    0.70%
Elapsed time = 534.25 sec. (480044.38 ticks, tree = 139.73 MB, solutions = 1)
   5616  4075      573.2385   433      571.2292      575.2108   939517    0.70%
   5696  4155      571.6119   318      571.2292      575.2108   949825    0.70%
   5771  4221      572.2102   511      571.2292      575.2101   959493    0.70%
   5836  4283      571.2901   416      571.2292      575.2101   969788    0.70%
   5906  4325      573.2883   479      571.2292      575.2058   979207    0.70%
   5995  4378      573.9788   473      571.2292      575.2016   988414    0.70%
   6072  4431      571.5882   469      571.2292      575.2004   997719    0.70%
   6153  4485      571.2418   471      571.2292      575.1988  1006389    0.69%
   6214  4540      572.5146   474      571.2292      575.1986  1016030    0.69%
   6293  4589      571.6799   486      571.2292      575.1965  1025134    0.69%
Elapsed time = 575.55 sec. (518792.47 ticks, tree = 161.46 MB, solutions = 1)
   6347  4636      572.9049   478      571.2292      575.1958  1034681    0.69%
   6415  4704      572.0798   352      571.2292      575.1958  1045080    0.69%
   6485  4754      573.6772   460      571.2292      575.1955  1054524    0.69%
   6524  4792      571.4624   476      571.2292      575.1955  1062976    0.69%
   6601  4840      573.2270   452      571.2292      575.1955  1072238    0.69%
   6715  4918      572.9000   431      571.2292      575.1947  1081822    0.69%
   6790  4965      572.6751   494      571.2292      575.1946  1090907    0.69%
   6837  5012      571.5957   427      571.2292      575.1946  1100976    0.69%
   6936  5047      573.5328   473      571.2292      575.1946  1108765    0.69%
   7001  5098      572.0107   484      571.2292      575.1942  1118354    0.69%
Elapsed time = 615.88 sec. (557625.02 ticks, tree = 180.52 MB, solutions = 1)
   7075  5146      574.5821   460      571.2292      575.1927  1128451    0.69%
   7136  5191      573.9333   439      571.2292      575.1921  1137535    0.69%
   7194  5249      572.9906   401      571.2292      575.1921  1147981    0.69%
   7274  5329      572.0059   296      571.2292      575.1921  1159106    0.69%
   7362  5398      571.5985   464      571.2292      575.1919  1168772    0.69%
   7422  5445      573.9511   419      571.2292      575.1914  1178653    0.69%
   7480  5494      574.5829   456      571.2292      575.1913  1189257    0.69%
   7527  5541      574.3863   380      571.2292      575.1913  1199077    0.69%
   7590  5591      574.6648   467      571.2292      575.1912  1209538    0.69%
   7646  5647      572.6392   424      571.2292      575.1912  1219054    0.69%
Elapsed time = 657.13 sec. (596459.25 ticks, tree = 200.50 MB, solutions = 1)
   7768  5715      573.6166   450      571.2292      575.1911  1229434    0.69%
   7865  5772      573.5699   456      571.2292      575.1901  1238648    0.69%
   7933  5816      572.9221   449      571.2292      575.1899  1248144    0.69%
   7990  5857      571.7027   513      571.2292      575.1892  1257303    0.69%
   8095  5922      571.4250   423      571.2292      575.1889  1266050    0.69%
   8160  5975      572.7916   437      571.2292      575.1878  1275282    0.69%
   8225  6040      571.3470   380      571.2292      575.1878  1285980    0.69%
   8341  6102      575.0409   432      571.2292      575.1870  1295669    0.69%
   8439  6162      574.5526   444      571.2292      575.1863  1305926    0.69%
   8500  6223      572.5955   373      571.2292      575.1863  1315317    0.69%
Elapsed time = 699.24 sec. (635408.03 ticks, tree = 222.09 MB, solutions = 1)
   8584  6291      573.0497   412      571.2292      575.1860  1325387    0.69%
   8650  6355      571.6545   379      571.2292      575.1860  1336468    0.69%
   8746  6395      574.5599   425      571.2292      575.1843  1345611    0.69%
   8815  6463      571.7766   350      571.2292      575.1843  1355816    0.69%
   8899  6510      571.5081   494      571.2292      575.1835  1364130    0.69%
   8952  6553      573.6042   477      571.2292      575.1835  1373320    0.69%
   9015  6614      571.8909   432      571.2292      575.1835  1383249    0.69%
   9115  6667      573.9220   498      571.2292      575.1822  1392698    0.69%
   9155  6707      574.0391   444      571.2292      575.1822  1402197    0.69%
   9213  6765      572.1841   421      571.2292      575.1822  1412261    0.69%
Elapsed time = 740.72 sec. (674179.16 ticks, tree = 242.01 MB, solutions = 1)
   9285  6812      574.0261   471      571.2292      575.1763  1421523    0.69%
   9356  6847      574.8329   475      571.2292      575.1750  1429134    0.69%
   9411  6902      572.0904   426      571.2292      575.1750  1439040    0.69%
   9519  6957      571.5247   509      571.2292      575.1735  1448293    0.69%
   9592  7011      574.2400   444      571.2292      575.1723  1458441    0.69%
   9665  7077      572.4999   458      571.2292      575.1720  1467825    0.69%
   9720  7132      571.4251   392      571.2292      575.1720  1478131    0.69%
   9806  7185      571.2440   451      571.2292      575.1717  1486705    0.69%
   9861  7231      574.3186   420      571.2292      575.1708  1496357    0.69%
   9935  7297      571.4235   343      571.2292      575.1708  1506973    0.69%
Elapsed time = 782.34 sec. (712958.08 ticks, tree = 261.65 MB, solutions = 1)
  10018  7342      572.7526   480      571.2292      575.1707  1515870    0.69%
  10063  7387      572.2739   431      571.2292      575.1707  1525792    0.69%
  10126  7431      571.2999   379      571.2292      575.1707  1535057    0.69%
  10204  7487      573.9339   428      571.2292      575.1696  1544791    0.69%
  10288  7545      574.2274   432      571.2292      575.1687  1554419    0.69%
  10352  7609      572.0170   394      571.2292      575.1687  1565023    0.69%
  10395  7652      571.8540   344      571.2292      575.1687  1572021    0.69%
  10396  7653      575.0879   434      571.2292      575.1686  1572471    0.69%
  10397  7654      575.1683   425      571.2292      575.1683  1572506    0.69%
  10455  7712      574.1232   389      571.2292      575.1682  1582487    0.69%
Elapsed time = 838.06 sec. (766201.77 ticks, tree = 276.77 MB, solutions = 1)
  10496  7753      572.7619   350      571.2292      575.1682  1591417    0.69%
  10593  7833      574.1264   482      571.2292      575.1668  1602221    0.69%
  10655  7868      573.6493   530      571.2292      575.1664  1610824    0.69%
  10713  7913      571.2352   438      571.2292      575.1664  1620107    0.69%
  10788  7960      574.3882   467      571.2292      575.1659  1629018    0.69%
  10822  7994      573.3983   499      571.2292      575.1659  1638623    0.69%
  10867  8039      572.1588   422      571.2292      575.1659  1648551    0.69%
  10966  8088      573.1482   459      571.2292      575.1646  1657735    0.69%
  11025  8136      573.7759   424      571.2292      575.1636  1667473    0.69%
  11078  8189      573.5007   388      571.2292      575.1636  1677806    0.69%
Elapsed time = 878.16 sec. (804893.74 ticks, tree = 292.80 MB, solutions = 1)
  11160  8248      574.0012   515      571.2292      575.1634  1688632    0.69%
  11193  8281      573.0199   475      571.2292      575.1634  1698002    0.69%
  11242  8330      571.6623   443      571.2292      575.1634  1708018    0.69%
  11307  8372      571.2730   452      571.2292      575.1631  1717528    0.69%
  11346  8402      574.2462   486      571.2292      575.1625  1726812    0.69%
  11415  8452      571.2639   431      571.2292      575.1625  1736651    0.69%
  11470  8499      573.3597   400      571.2292      575.1625  1746489    0.69%
  11533  8562      571.4898   335      571.2292      575.1625  1757474    0.69%
  11616  8610      572.8887   460      571.2292      575.1612  1766461    0.69%
  11685  8655      574.5620   483      571.2292      575.1612  1775880    0.69%
Elapsed time = 918.88 sec. (843682.79 ticks, tree = 310.58 MB, solutions = 1)
  11815  8785      573.2459   297      571.2292      575.1612  1784704    0.69%
  12004  8966      574.2064   459      571.2292      575.1590  1796666    0.69%
  12055  9017      573.6604   377      571.2292      575.1590  1806512    0.69%
  12111  9073      571.8870   355      571.2292      575.1590  1816082    0.69%
  12211  9117      574.3878   422      571.2292      575.1569  1825533    0.69%
  12232  9138      573.9532   413      571.2292      575.1569  1836308    0.69%
  12320  9187      572.6365   483      571.2292      575.1559  1846113    0.69%
  12410  9231      571.2955   463      571.2292      575.1545  1855351    0.69%
  12468  9278      573.2393   451      571.2292      575.1539  1864683    0.69%
  12537  9325      573.6057   506      571.2292      575.1536  1874395    0.69%
Elapsed time = 960.66 sec. (882503.07 ticks, tree = 335.80 MB, solutions = 1)
  12609  9386      572.6654   398      571.2292      575.1533  1884008    0.69%
  12693  9445        cutoff            571.2292      575.1533  1894668    0.69%
  12781  9495      573.9889   456      571.2292      575.1499  1904526    0.69%
  12828  9542      571.9047   426      571.2292      575.1499  1914670    0.69%
  12910  9578      571.8312   542      571.2292      575.1489  1924303    0.69%
  12977  9610      574.1788   428      571.2292      575.1479  1934772    0.69%
  13044  9665        cutoff            571.2292      575.1479  1944671    0.69%
  13109  9697      573.6651   457      571.2292      575.1477  1954152    0.69%
  13154  9742      572.6212   429      571.2292      575.1477  1963672    0.69%
  13218  9787      573.4095   424      571.2292      575.1476  1973593    0.69%
Elapsed time = 1001.71 sec. (921675.52 ticks, tree = 353.07 MB, solutions = 1)
  13306  9827      571.2373   479      571.2292      575.1458  1982978    0.69%
  13352  9867      571.3882   420      571.2292      575.1455  1992749    0.69%
  13426  9899      574.9343   445      571.2292      575.1424  2002009    0.69%
  13468  9941      573.2141   426      571.2292      575.1424  2011759    0.69%
  13554 10003      571.7096   440      571.2292      575.1416  2021944    0.68%
  13617 10048      573.8271   465      571.2292      575.1394  2031633    0.68%
  13678 10109      571.9198   388      571.2292      575.1394  2041978    0.68%
  13759 10163      574.9847   430      571.2292      575.1391  2051856    0.68%
  13814 10208      572.4437   448      571.2292      575.1380  2061506    0.68%
  13894 10251      572.7688   474      571.2292      575.1377  2071189    0.68%
Elapsed time = 1042.83 sec. (960443.22 ticks, tree = 370.21 MB, solutions = 1)
  13945 10302      572.0887   425      571.2292      575.1377  2081335    0.68%
  14022 10366      572.2180   399      571.2292      575.1373  2091841    0.68%
  14133 10417      571.8863   498      571.2292      575.1371  2101824    0.68%
  14179 10456      573.6609   413      571.2292      575.1360  2111652    0.68%
  14248 10525      571.3154   355      571.2292      575.1360  2122412    0.68%
  14330 10576      571.4767   508      571.2292      575.1349  2132264    0.68%
  14392 10617      573.8710   412      571.2292      575.1335  2141847    0.68%
  14495 10666      574.2124   452      571.2292      575.1332  2151652    0.68%
  14558 10712      571.5857   455      571.2292      575.1329  2161982    0.68%
  14640 10746      574.6966   461      571.2292      575.1323  2170898    0.68%
Elapsed time = 1083.88 sec. (999355.81 ticks, tree = 388.72 MB, solutions = 1)
  14687 10793      573.5540   424      571.2292      575.1323  2180972    0.68%
  14806 10850      574.5788   458      571.2292      575.1308  2191669    0.68%
  14889 10908      571.2543   338      571.2292      575.1308  2201674    0.68%
  14946 10951      573.4373   407      571.2292      575.1284  2211439    0.68%
  15026 11001      571.3460   385      571.2292      575.1284  2221914    0.68%
  15085 11052      573.5600   371      571.2292      575.1258  2231672    0.68%
  15168 11132      571.3599   315      571.2292      575.1258  2242905    0.68%
  15262 11188      574.3473   429      571.2292      575.1253  2253023    0.68%
  15329 11245        cutoff            571.2292      575.1253  2262522    0.68%
  15471 11371      573.6630   266      571.2292      575.1252  2272117    0.68%
Elapsed time = 1125.06 sec. (1038024.50 ticks, tree = 412.23 MB, solutions = 1)
  15631 11523      573.0200   531      571.2292      575.1249  2283241    0.68%
  15674 11566      572.3205   469      571.2292      575.1249  2292754    0.68%
  15761 11612      571.2362   373      571.2292      575.1249  2303109    0.68%
  15859 11656      572.2617   453      571.2292      575.1242  2312923    0.68%
  15930 11714      573.3152   428      571.2292      575.1240  2323156    0.68%
  16011 11763      573.3111   411      571.2292      575.1227  2332724    0.68%
  16096 11819      571.2498   481      571.2292      575.1202  2341586    0.68%
  16167 11871      571.4223   401      571.2292      575.1201  2351375    0.68%
  16255 11926      572.5019   397      571.2292      575.1190  2361357    0.68%
  16345 11998      575.1189   415      571.2292      575.1189  2372189    0.68%
Elapsed time = 1166.34 sec. (1076796.57 ticks, tree = 435.86 MB, solutions = 1)
  16419 12056      572.8614   376      571.2292      575.1184  2381466    0.68%
  16495 12119      571.2939   395      571.2292      575.1180  2391750    0.68%
  16553 12172      572.8108   374      571.2292      575.1178  2401884    0.68%
  16628 12229      573.7770   426      571.2292      575.1177  2412108    0.68%
  16705 12293      574.6126   411      571.2292      575.1175  2423232    0.68%
  16775 12358      573.7227   430      571.2292      575.1173  2434122    0.68%
  16852 12418      573.6049   400      571.2292      575.1164  2443679    0.68%
  16944 12482      573.6774   430      571.2292      575.1127  2454178    0.68%
  17037 12575      572.7236   317      571.2292      575.1127  2464648    0.68%
  17149 12673      573.9209   467      571.2292      575.1124  2474292    0.68%
Elapsed time = 1207.95 sec. (1115726.73 ticks, tree = 461.24 MB, solutions = 1)
  17196 12711      572.3701   472      571.2292      575.1111  2483286    0.68%
  17304 12765      573.9101   469      571.2292      575.1096  2492945    0.68%
  17357 12817      571.5440   491      571.2292      575.1096  2502253    0.68%
  17413 12859      573.2898   443      571.2292      575.1096  2511226    0.68%
  17459 12896      571.6726   453      571.2292      575.1096  2521223    0.68%
  17523 12934      572.7665   464      571.2292      575.1094  2531298    0.68%
  17565 12976      571.5253   455      571.2292      575.1094  2540713    0.68%
  17627 13029      573.9636   464      571.2292      575.1094  2550544    0.68%
  17698 13077      574.4148   409      571.2292      575.1093  2560052    0.68%
  17784 13150      573.3601   519      571.2292      575.1092  2570336    0.68%
Elapsed time = 1249.38 sec. (1154556.23 ticks, tree = 479.07 MB, solutions = 1)
  17844 13193      573.1936   411      571.2292      575.1087  2579665    0.68%
  17934 13265      571.2559   314      571.2292      575.1087  2590284    0.68%
  18014 13317      571.4047   530      571.2292      575.1081  2599176    0.68%
  18098 13348      572.8938   477      571.2292      575.1079  2608092    0.68%
  18153 13379      574.5153   440      571.2292      575.1076  2617223    0.68%
  18193 13419      572.0698   414      571.2292      575.1076  2627313    0.68%
  18234 13447        cutoff            571.2292      575.1076  2636867    0.68%
  18267 13478      574.2895   428      571.2292      575.1067  2646388    0.68%
  18344 13544      571.3888   363      571.2292      575.1067  2656469    0.68%
  18415 13579      574.0982   404      571.2292      575.1064  2665761    0.68%
Elapsed time = 1290.20 sec. (1193413.01 ticks, tree = 494.32 MB, solutions = 1)
  18505 13628      571.6933   450      571.2292      575.1063  2674253    0.68%
  18567 13671      573.9329   463      571.2292      575.1062  2683466    0.68%
  18617 13721      572.0588   417      571.2292      575.1062  2694189    0.68%
  18695 13786      574.3560   445      571.2292      575.1061  2704203    0.68%
  18831 13922      572.3421   224      571.2292      575.1061  2715360    0.68%
  18939 14026      574.0153   470      571.2292      575.1058  2724972    0.68%
  18982 14069      572.3296   464      571.2292      575.1058  2734856    0.68%
  19058 14108        cutoff            571.2292      575.1056  2744146    0.68%
  19110 14154      572.9560   466      571.2292      575.1053  2752971    0.68%
  19195 14193      571.4354   513      571.2292      575.1040  2762785    0.68%
Elapsed time = 1331.40 sec. (1231989.41 ticks, tree = 517.37 MB, solutions = 1)
  19289 14248      573.2131   391      571.2292      575.1039  2772088    0.68%
  19376 14294      574.6315   422      571.2292      575.1033  2782142    0.68%
  19444 14344      574.2642   440      571.2292      575.1031  2791976    0.68%
  19518 14418      571.9176   355      571.2292      575.1031  2802289    0.68%
  19624 14476      571.8221   517      571.2292      575.1010  2811326    0.68%
  19695 14507      572.3684   494      571.2292      575.1009  2818572    0.68%
  19762 14562      574.4303   394      571.2292      575.1008  2828373    0.68%
  19870 14652      572.7730   459      571.2292      575.1007  2839324    0.68%
  19942 14705      572.1724   503      571.2292      575.1005  2848466    0.68%
  20004 14749      574.9647   502      571.2292      575.1003  2857864    0.68%
Elapsed time = 1371.86 sec. (1270774.89 ticks, tree = 538.24 MB, solutions = 1)
  20091 14810      571.2767   380      571.2292      575.1003  2866988    0.68%
  20147 14855      572.5797   454      571.2292      575.0999  2875491    0.68%
  20230 14896      573.0873   454      571.2292      575.0998  2884561    0.68%
  20298 14937      573.0580   474      571.2292      575.0994  2894294    0.68%

Performing restart 2

Repeating presolve.
Tried aggregator 1 time.
MIP Presolve modified 93 coefficients.
Reduced MIP has 1952 rows, 2379 columns, and 13162 nonzeros.
Reduced MIP has 594 binaries, 585 generals, 0 SOSs, and 0 indicators.
Presolve time = 0.00 sec. (3.02 ticks)
Tried aggregator 1 time.
Reduced MIP has 1952 rows, 2379 columns, and 13162 nonzeros.
Reduced MIP has 594 binaries, 585 generals, 0 SOSs, and 0 indicators.
Presolve time = 0.00 sec. (2.99 ticks)
Represolve time = 0.15 sec. (50.83 ticks)
  20299     0      575.3819   473      571.2292      Cuts: 65  2900850    0.68%
  20299     0      575.3770   469      571.2292   MIRcuts: 27  2901006    0.68%
  20299     0      575.3735   443      571.2292      Cuts: 22  2901107    0.68%
  20299     0      575.3725   447      571.2292      Cuts: 28  2901169    0.68%
  20299     0      575.3719   456      571.2292      Cuts: 16  2901227    0.68%
  20299     0      575.3710   465      571.2292   MIRcuts: 13  2901288    0.68%
  20299     0      575.3704   459      571.2292   MIRcuts: 12  2901350    0.68%
  20299     0      575.3703   443      571.2292    MIRcuts: 7  2901379    0.68%
  20299     0      575.3695   437      571.2292      Cuts: 12  2901439    0.68%
  20299     2      575.3695   439      571.2292      575.0994  2901439    0.68%
  20300     3      575.3451   426      571.2292      575.0994  2901730    0.68%
  20302     5      575.2939   414      571.2292      575.0994  2902593    0.68%
  20316    19      574.8226   388      571.2292      575.0994  2903285    0.68%
  20343    46      574.5575   275      571.2292      575.0994  2908474    0.68%
  20429   132      574.0834   124      571.2292      575.0994  2914273    0.68%
Elapsed time = 1419.26 sec. (1320206.82 ticks, tree = 2.19 MB, solutions = 1)
  20619   318      575.1100   423      571.2292      575.0994  2921095    0.68%
  20668   367      573.7833   305      571.2292      575.0994  2927629    0.68%
  20801   485      571.2516   112      571.2292      575.0994  2935622    0.68%
  20917   585      575.1120   429      571.2292      575.0994  2945169    0.68%
  20958   626      573.6503   371      571.2292      575.0994  2952743    0.68%
  21066   719      574.5203   318      571.2292      575.0994  2963674    0.68%
  21192   827      572.7715   352      571.2292      575.0994  2974049    0.68%
  21309   924      574.6558   398      571.2292      575.0994  2985980    0.68%
  21448  1042      571.7423   316      571.2292      575.0994  2998010    0.68%
  21601  1152      574.4620   344      571.2292      575.0994  3010041    0.68%
Elapsed time = 1459.22 sec. (1360197.21 ticks, tree = 25.90 MB, solutions = 1)
  21731  1262      571.3272   247      571.2292      575.0994  3022255    0.68%
  21841  1348      573.9166   307      571.2292      575.0994  3034574    0.68%
  21976  1466      573.9234   295      571.2292      575.0994  3047886    0.68%
  22101  1566      574.5108   347      571.2292      575.0994  3059778    0.68%
  22219  1666      575.0550   341      571.2292      575.0994  3069684    0.68%
  22318  1756      573.5150   284      571.2292      575.0994  3082915    0.68%
  22532  1965      573.7599   415      571.2292      575.0994  3092320    0.68%
  22603  2025      573.7379   396      571.2292      575.0994  3102348    0.68%
  22710  2108      572.5518   387      571.2292      575.0994  3111721    0.68%
  22804  2159      571.2343   318      571.2292      575.0994  3121521    0.68%
Elapsed time = 1498.18 sec. (1398703.03 ticks, tree = 50.31 MB, solutions = 1)
  22902  2228      574.9458   321      571.2292      575.0994  3133104    0.68%
  23021  2347      573.5659   205      571.2292      575.0994  3145392    0.68%
  23272  2590      574.8526   414      571.2292      575.0994  3156461    0.68%
  23347  2652      574.5250   422      571.2292      575.0994  3166664    0.68%
  23408  2713      572.2245   344      571.2292      575.0994  3178362    0.68%
  23514  2773      571.2377   320      571.2292      575.0994  3188083    0.68%
  23570  2827      572.7833   340      571.2292      575.0994  3200660    0.68%
  23675  2902      575.1909   374      571.2292      575.0994  3212503    0.68%
  23759  2986      571.4473   319      571.2292      575.0994  3224082    0.68%
  23865  3058      574.3866   381      571.2292      575.0994  3235529    0.68%
Elapsed time = 1536.87 sec. (1437121.97 ticks, tree = 73.35 MB, solutions = 1)
  23955  3139      571.4083   429      571.2292      575.0994  3246713    0.68%
  24041  3213      571.5840   294      571.2292      575.0994  3258818    0.68%
  24157  3294      571.5256   317      571.2292      575.0994  3270036    0.68%
  24249  3350      572.2371   383      571.2292      575.0994  3280828    0.68%
  24364  3439      574.4232   347      571.2292      575.0994  3290978    0.68%
  24600  3667      574.4786   407      571.2292      575.0994  3300316    0.68%
  24683  3750      572.7238   299      571.2292      575.0994  3311616    0.68%
  24773  3813      574.2568   386      571.2292      575.0994  3322171    0.68%
  24900  3897      574.8400   367      571.2292      575.0994  3332104    0.68%
  24972  3955      572.5528   418      571.2292      575.0994  3343119    0.68%
Elapsed time = 1575.55 sec. (1475501.81 ticks, tree = 91.83 MB, solutions = 1)
  25064  4004      574.7132   410      571.2292      575.0994  3353078    0.68%
  25117  4057      573.0256   360      571.2292      575.0994  3363325    0.68%
  25211  4121      573.8124   387      571.2292      575.0994  3373669    0.68%
  25305  4197      575.0681   400      571.2292      575.0994  3383847    0.68%
  25388  4262      572.6624   442      571.2292      575.0994  3394819    0.68%
  25455  4321      573.2618   382      571.2292      575.0994  3405952    0.68%
  25564  4396      573.1911   324      571.2292      575.0994  3414872    0.68%
  25660  4471      573.6480   342      571.2292      575.0994  3426313    0.68%
  25779  4536      571.4028   325      571.2292      575.0994  3437308    0.68%
  25854  4601      573.0116   314      571.2292      575.0994  3448701    0.68%
Elapsed time = 1613.04 sec. (1513866.09 ticks, tree = 109.04 MB, solutions = 1)
  25952  4681      571.3663   407      571.2292      575.0994  3458033    0.68%
  26028  4745      572.1584   340      571.2292      575.0994  3468544    0.68%
  26111  4810      574.1606   353      571.2292      575.0994  3479513    0.68%
  26219  4895      574.7525   389      571.2292      575.0994  3489990    0.68%
  26318  4989      571.2995   286      571.2292      575.0994  3500707    0.68%
  26392  5037      573.8561   445      571.2292      575.0994  3510845    0.68%
  26494  5113      574.6701   383      571.2292      575.0994  3522056    0.68%
  26575  5187      573.0200   371      571.2292      575.0994  3532720    0.68%
  26700  5259      575.0067   425      571.2292      575.0994  3542458    0.68%
  26769  5328      572.6369   340      571.2292      575.0994  3554417    0.68%
Elapsed time = 1651.24 sec. (1552668.02 ticks, tree = 128.90 MB, solutions = 1)
  26873  5407      571.2801   385      571.2292      575.0994  3564892    0.68%
  26941  5466      573.2557   363      571.2292      575.0994  3575756    0.68%
  27049  5553      574.8851   382      571.2292      575.0994  3587144    0.68%
  27130  5628      573.7833   356      571.2292      575.0994  3598228    0.68%
  27249  5707      574.0903   420      571.2292      575.0994  3608403    0.68%
  27339  5771      574.3653   366      571.2292      575.0994  3619529    0.68%
  27449  5861      574.1104   351      571.2292      575.0994  3628988    0.68%
  27559  5946      574.7045   368      571.2292      575.0994  3638435    0.68%
  27674  6027      573.2721   461      571.2292      575.0994  3649576    0.68%
  27754  6089      574.5216   368      571.2292      575.0994  3660356    0.68%
Elapsed time = 1689.31 sec. (1591279.73 ticks, tree = 150.98 MB, solutions = 1)
  27866  6163      574.1242   398      571.2292      575.0994  3670237    0.68%
  27955  6228      574.5087   343      571.2292      575.0994  3681506    0.68%
  28062  6321      574.6391   408      571.2292      575.0994  3692651    0.68%
  28176  6420      571.2717   231      571.2292      575.0994  3704523    0.68%
  28266  6491      572.1616   304      571.2292      575.0994  3715422    0.68%
  28354  6561      571.6856   390      571.2292      575.0994  3725914    0.68%
  28444  6616      575.0175   358      571.2292      575.0994  3736930    0.68%
  28546  6686      572.5357   456      571.2292      575.0994  3747901    0.68%
  28645  6758      573.2291   306      571.2292      575.0994  3758729    0.68%
  28752  6827      571.2683   354      571.2292      575.0994  3768381    0.68%
Elapsed time = 1727.58 sec. (1629839.04 ticks, tree = 172.10 MB, solutions = 1)
  28863  6909      571.2323   296      571.2292      575.0994  3779517    0.68%
  28962  6984      572.9208   360      571.2292      575.0994  3789570    0.68%
  29080  7080      575.1420   392      571.2292      575.0994  3800122    0.68%
  29182  7165      574.7920   406      571.2292      575.0994  3810816    0.68%
  29262  7237      574.0758   365      571.2292      575.0994  3821966    0.68%
  29348  7308      574.8716   388      571.2292      575.0994  3833373    0.68%
  29487  7430      574.3592   392      571.2292      575.0994  3844509    0.68%
  29567  7495      574.9546   372      571.2292      575.0994  3853978    0.68%
  29671  7573      571.5482   441      571.2292      575.0994  3865145    0.68%
  29766  7650      574.0852   343      571.2292      575.0994  3875830    0.68%
Elapsed time = 1765.72 sec. (1668474.42 ticks, tree = 195.64 MB, solutions = 1)
  29871  7721      574.3339   386      571.2292      575.0994  3886657    0.68%
  29959  7785      574.1846   385      571.2292      575.0994  3896840    0.68%
  30065  7876      572.0464   292      571.2292      575.0994  3907370    0.68%
  30160  7939      574.0338   336      571.2292      575.0994  3918693    0.68%
  30270  8015      571.2504   233      571.2292      575.0994  3929466    0.68%
  30367  8097      574.1758   420      571.2292      575.0994  3940348    0.68%
  30448  8174      571.2624   312      571.2292      575.0994  3951287    0.68%
  30537  8229      573.5237   344      571.2292      575.0994  3961756    0.68%
  30659  8296      575.0631   397      571.2292      575.0994  3971732    0.68%
  30777  8389      571.2851   278      571.2292      575.0994  3982437    0.68%
Elapsed time = 1803.70 sec. (1707235.32 ticks, tree = 216.20 MB, solutions = 1)
  30883  8467      572.1536   364      571.2292      575.0994  3993178    0.68%
  31025  8599      573.1050   218      571.2292      575.0994  4003853    0.68%
  31217  8784      573.7127   344      571.2292      575.0994  4015218    0.68%
  31331  8863      574.0294   369      571.2292      575.0994  4025868    0.68%
  31439  8942      573.8030   384      571.2292      575.0994  4037248    0.68%
  31566  9015      574.1047   446      571.2292      575.0994  4047627    0.68%
  31656  9105      572.3151   310      571.2292      575.0994  4059276    0.68%
  31750  9167      573.5553   412      571.2292      575.0994  4069537    0.68%
  31849  9243      571.2670   370      571.2292      575.0994  4080554    0.68%
  31939  9324      571.8704   332      571.2292      575.0994  4091662    0.68%
Elapsed time = 1842.74 sec. (1745773.90 ticks, tree = 243.34 MB, solutions = 1)
  32056  9397      574.9644   371      571.2292      575.0994  4101756    0.68%
  32174  9500      574.2368   427      571.2292      575.0994  4114098    0.68%
  32252  9578      571.7300   319      571.2292      575.0994  4126166    0.68%
  32389  9660      572.6863   435      571.2292      575.0994  4136460    0.68%
  32497  9729      574.9110   396      571.2292      575.0994  4147240    0.68%
  32600  9826      571.4338   288      571.2292      575.0994  4158707    0.68%
  32699  9892      574.6425   397      571.2292      575.0994  4168951    0.68%
  32799  9975      573.8992   408      571.2292      575.0994  4179694    0.68%
  32892 10063      572.6902   278      571.2292      575.0994  4190805    0.68%
  32989 10121      574.7532   391      571.2292      575.0994  4201537    0.68%
Elapsed time = 1881.31 sec. (1784332.25 ticks, tree = 264.67 MB, solutions = 1)
  33070 10202      572.7509   281      571.2292      575.0994  4213936    0.68%
  33151 10271      572.1856   377      571.2292      575.0994  4225972    0.68%
  33256 10346      573.9898   351      571.2292      575.0994  4236561    0.68%
  33388 10419      574.6472   360      571.2292      575.0994  4246130    0.68%
  33499 10508      571.3261   222      571.2292      575.0994  4258045    0.68%
  33588 10577      573.2600   375      571.2292      575.0994  4268739    0.68%
  33697 10659      571.2349   348      571.2292      575.0994  4279486    0.68%
  33764 10722      572.7017   312      571.2292      575.0994  4291196    0.68%
  33860 10795      574.4123   340      571.2292      575.0994  4303143    0.68%
  33962 10881      572.9081   396      571.2292      575.0994  4312776    0.68%
Elapsed time = 1919.47 sec. (1822984.64 ticks, tree = 286.10 MB, solutions = 1)
  34063 10955      574.2061   398      571.2292      575.0994  4323956    0.68%
  34162 11047      571.3187   276      571.2292      575.0994  4335297    0.68%
  34265 11110      574.1682   302      571.2292      575.0994  4346178    0.68%
  34372 11182      574.4084   375      571.2292      575.0994  4355959    0.68%
  34485 11267      571.2377   278      571.2292      575.0994  4367449    0.68%
  34736 11512      574.1091   425      571.2292      575.0994  4378005    0.68%
  34854 11615      571.4507   228      571.2292      575.0994  4389125    0.68%
  34989 11699      572.3507   311      571.2292      575.0994  4400017    0.68%
  35099 11789      573.3185   299      571.2292      575.0994  4411635    0.68%
  35240 11904      573.1519   280      571.2292      575.0994  4422952    0.68%
Elapsed time = 1958.72 sec. (1861524.41 ticks, tree = 316.08 MB, solutions = 1)
  35351 11990      574.9198   363      571.2292      575.0994  4434193    0.68%
  35451 12074      574.6529   403      571.2292      575.0994  4446271    0.68%
  35540 12163      572.9076   306      571.2292      575.0994  4457745    0.68%
  35665 12264      572.7292   311      571.2292      575.0994  4468569    0.68%
  35776 12343      573.7368   378      571.2292      575.0994  4479283    0.68%
  35865 12419      574.7853   396      571.2292      575.0994  4490989    0.68%
  35939 12485      571.3883   305      571.2292      575.0994  4501038    0.68%
  36041 12549      572.9366   365      571.2292      575.0994  4512303    0.68%
  36138 12639      572.4044   316      571.2292      575.0994  4523953    0.68%
  36222 12708      571.7326   372      571.2292      575.0994  4535156    0.68%
Elapsed time = 1997.10 sec. (1900164.90 ticks, tree = 338.86 MB, solutions = 1)
  36322 12773      575.0664   410      571.2292      575.0994  4545397    0.68%
  36442 12885      571.3092   279      571.2292      575.0994  4556704    0.68%
  36564 12972      574.6492   368      571.2292      575.0994  4567379    0.68%
  36699 13064      574.7392   409      571.2292      575.0994  4577442    0.68%
  36791 13142      574.2425   361      571.2292      575.0994  4588092    0.68%
  36910 13248      575.1129   386      571.2292      575.0994  4598369    0.68%
  37009 13328      573.3714   385      571.2292      575.0994  4609566    0.68%
  37132 13407      571.2868   222      571.2292      575.0994  4619921    0.68%
  37231 13483      573.9715   339      571.2292      575.0994  4631022    0.68%
  37344 13563      574.4784   371      571.2292      575.0994  4641944    0.68%
Elapsed time = 2035.61 sec. (1938542.86 ticks, tree = 361.85 MB, solutions = 1)
  37449 13661      572.7253   462      571.2292      575.0994  4652910    0.68%
  37526 13728      573.6980   389      571.2292      575.0994  4662385    0.68%
  37644 13823      571.3702   379      571.2292      575.0994  4673140    0.68%
  37743 13900      571.5647   346      571.2292      575.0994  4683782    0.68%
  37838 13971      572.2806   331      571.2292      575.0994  4694718    0.68%
  37945 14058      572.2218   352      571.2292      575.0994  4705821    0.68%
  38063 14142      574.5387   377      571.2292      575.0994  4715891    0.68%
  38173 14236      574.6111   383      571.2292      575.0994  4727809    0.68%
  38379 14442      571.8132    65      571.2292      575.0994  4738625    0.68%
  38494 14550      573.3391   341      571.2292      575.0994  4749663    0.68%
Elapsed time = 2074.70 sec. (1976951.96 ticks, tree = 390.41 MB, solutions = 1)
  38596 14621      575.0103   372      571.2292      575.0994  4760499    0.68%
  38704 14701        cutoff            571.2292      575.0994  4770171    0.68%
  38794 14785      571.4564   288      571.2292      575.0994  4781567    0.68%
  38892 14859      572.5256   392      571.2292      575.0994  4792829    0.68%
  38986 14930      574.0739   343      571.2292      575.0994  4804219    0.68%
  39129 15021      574.5832   368      571.2292      575.0994  4814888    0.68%
  39226 15102      571.6855   322      571.2292      575.0994  4825893    0.68%
  39324 15176      574.0415   366      571.2292      575.0994  4837141    0.68%
  39434 15243      574.1773   390      571.2292      575.0994  4847811    0.68%
  39509 15318      572.5422   333      571.2292      575.0994  4858574    0.68%
Elapsed time = 2113.38 sec. (2015640.45 ticks, tree = 413.05 MB, solutions = 1)
  39618 15388      574.4258   433      571.2292      575.0994  4868489    0.68%
  39695 15459      571.4129   301      571.2292      575.0994  4879797    0.68%
  39809 15556      572.7665   265      571.2292      575.0994  4891655    0.68%
  39929 15644      573.7302   338      571.2292      575.0994  4901985    0.68%
  40053 15717      574.3668   392      571.2292      575.0994  4912150    0.68%
  40161 15804      574.4785   465      571.2292      575.0994  4923659    0.68%
  40230 15867      573.9063   359      571.2292      575.0994  4934092    0.68%
  40329 15932      575.0133   408      571.2292      575.0994  4943497    0.68%
  40410 16013      572.3826   313      571.2292      575.0994  4956208    0.68%
  40521 16085      574.3445   356      571.2292      575.0994  4966814    0.68%
Elapsed time = 2152.08 sec. (2054325.02 ticks, tree = 433.91 MB, solutions = 1)
  40636 16200      571.3400   242      571.2292      575.0994  4977889    0.68%
  40739 16273      571.3991   374      571.2292      575.0994  4989069    0.68%
  40815 16343      571.2724   354      571.2292      575.0994  4999134    0.68%
  40918 16429      574.1720   383      571.2292      575.0994  5010352    0.68%
  41036 16522      574.0537   338      571.2292      575.0994  5020930    0.68%
  41132 16604        cutoff            571.2292      575.0994  5032327    0.68%
  41249 16677      574.3534   376      571.2292      575.0994  5042343    0.68%
  41358 16756      571.9657   366      571.2292      575.0994  5052019    0.68%
  41450 16818      575.0642   376      571.2292      575.0994  5062948    0.68%
  41544 16897      574.0128   384      571.2292      575.0994  5072998    0.68%
Elapsed time = 2190.18 sec. (2092669.70 ticks, tree = 457.88 MB, solutions = 1)
  41616 16969      571.8436   353      571.2292      575.0994  5083944    0.68%
  41759 17094      573.3718   197      571.2292      575.0994  5094070    0.68%
  41959 17290      573.7391   346      571.2292      575.0994  5106421    0.68%
  42083 17379      574.1865   390      571.2292      575.0994  5117327    0.68%
  42177 17459      572.9933   407      571.2292      575.0994  5128913    0.68%
  42278 17540      571.2352   326      571.2292      575.0994  5138725    0.68%
  42344 17590      574.0208   338      571.2292      575.0994  5148825    0.68%
  42433 17666      574.6406   391      571.2292      575.0994  5160113    0.68%
  42516 17749      572.7712   351      571.2292      575.0994  5171505    0.68%
  42625 17842      572.0262   344      571.2292      575.0994  5181808    0.68%
Elapsed time = 2228.59 sec. (2131289.24 ticks, tree = 483.93 MB, solutions = 1)
  42749 17908      574.9118   391      571.2292      575.0994  5192001    0.68%
  42823 17982      572.5562   311      571.2292      575.0994  5204747    0.68%
  42929 18086      571.4645   193      571.2292      575.0994  5217362    0.68%
  43077 18165      574.0827   373      571.2292      575.0994  5227562    0.68%
  43173 18243      574.0461   344      571.2292      575.0994  5238003    0.68%
  43273 18326      573.6131   321      571.2292      575.0992  5248868    0.68%
  43381 18397      573.8838   330      571.2292      575.0991  5259675    0.68%
  43482 18481      574.4367   357      571.2292      575.0990  5270794    0.68%
  43618 18574      574.8668   302      571.2292      575.0989  5280735    0.68%
  43741 18658      573.6921   356      571.2292      575.0984  5291529    0.68%
Elapsed time = 2266.86 sec. (2169791.71 ticks, tree = 508.06 MB, solutions = 1)
  43852 18746      574.1690   396      571.2292      575.0983  5302540    0.68%
  43942 18816      574.4804   360      571.2292      575.0982  5313678    0.68%
  44072 18898      571.2336   262      571.2292      575.0982  5324213    0.68%
  44165 18988      571.7224   283      571.2292      575.0980  5335020    0.68%
  44270 19064      573.8939   350      571.2292      575.0979  5346122    0.68%
  44364 19147      571.7319   287      571.2292      575.0979  5356533    0.68%
  44493 19230      574.5440   394      571.2292      575.0976  5367291    0.68%
  44578 19298      573.2147   335      571.2292      575.0975  5379016    0.68%
  44690 19386      571.2870   368      571.2292      575.0973  5389764    0.68%
  44785 19475      572.0063   290      571.2292      575.0970  5401144    0.68%
Elapsed time = 2304.68 sec. (2208225.96 ticks, tree = 532.02 MB, solutions = 1)
  44880 19543      574.8953   374      571.2292      575.0966  5412537    0.68%
  44954 19613      571.2693   283      571.2292      575.0966  5424799    0.68%
  45077 19690      573.5569   399      571.2292      575.0965  5435100    0.68%
  45157 19762      574.2850   427      571.2292      575.0964  5447011    0.68%
  45243 19848      571.5349   308      571.2292      575.0964  5458354    0.68%
  45345 19927      573.1940   317      571.2292      575.0963  5469796    0.68%
  45464 20016      572.1848   342      571.2292      575.0960  5480897    0.68%
  45541 20081      571.7027   324      571.2292      575.0957  5491373    0.68%
  45652 20142      573.5232   354      571.2292      575.0953  5501622    0.68%
  45756 20240      571.7982   322      571.2292      575.0949  5512617    0.68%
Elapsed time = 2342.58 sec. (2246864.65 ticks, tree = 554.34 MB, solutions = 1)
  45858 20318      573.9663   346      571.2292      575.0949  5524768    0.68%
  45975 20417      574.8057   405      571.2292      575.0945  5535644    0.68%
  46077 20519      572.1631   318      571.2292      575.0945  5547837    0.68%
  46198 20617      571.3978   303      571.2292      575.0944  5558783    0.68%
  46299 20689      573.3437   307      571.2292      575.0942  5569589    0.68%
  46409 20774      572.3923   400      571.2292      575.0922  5580837    0.68%
  46516 20838      573.6837   413      571.2292      575.0921  5590663    0.68%
  46624 20921      574.4838   343      571.2292      575.0913  5601606    0.68%
  46718 21001      574.2452   333      571.2292      575.0911  5612141    0.68%
  46831 21071      574.5782   363      571.2292      575.0898  5622848    0.68%
Elapsed time = 2380.70 sec. (2285498.54 ticks, tree = 578.80 MB, solutions = 1)
  46917 21157      571.8099   300      571.2292      575.0898  5633981    0.68%
  47020 21234      571.2972   335      571.2292      575.0897  5644695    0.68%
  47119 21305      572.9555   339      571.2292      575.0896  5655800    0.68%
  47224 21375      574.2770   417      571.2292      575.0885  5666025    0.68%
  47303 21454      572.9924   277      571.2292      575.0885  5678149    0.68%
  47436 21548      574.1032   371      571.2292      575.0881  5688935    0.68%
  47543 21643      572.6227   400      571.2292      575.0881  5699079    0.68%
  47631 21720      574.3548   280      571.2292      575.0879  5711374    0.68%
  47769 21813      571.4458   381      571.2292      575.0879  5722357    0.68%
  47821 21855      574.0232   329      571.2292      575.0879  5734128    0.68%
Elapsed time = 2418.52 sec. (2324038.99 ticks, tree = 600.37 MB, solutions = 1)
  47881 21915      571.8309   273      571.2292      575.0879  5746645    0.68%
  47989 21993      573.2357   321      571.2292      575.0873  5757058    0.68%
  48106 22077      574.1574   321      571.2292      575.0872  5768496    0.68%
  48243 22187      571.4248   355      571.2292      575.0871  5779707    0.68%
  48318 22249      571.9638   344      571.2292      575.0870  5788898    0.68%
  48422 22321      574.6784   379      571.2292      575.0863  5799525    0.68%
  48530 22404      574.2588   435      571.2292      575.0859  5810603    0.68%
  48628 22480      573.5515   319      571.2292      575.0856  5821662    0.68%
  48768 22587      574.2103   318      571.2292      575.0855  5832525    0.68%
  48998 22813      573.6156   358      571.2292      575.0852  5843746    0.68%
Elapsed time = 2456.92 sec. (2362500.57 ticks, tree = 628.75 MB, solutions = 1)
  49099 22878      572.3665   362      571.2292      575.0851  5854128    0.68%
  49224 22946      574.3028   360      571.2292      575.0851  5864793    0.68%
  49325 23037      574.3323   352      571.2292      575.0851  5875885    0.68%
  49419 23116      573.7891   386      571.2292      575.0849  5886245    0.67%
  49494 23189      571.3023   290      571.2292      575.0849  5897913    0.67%
  49599 23269      572.7924   396      571.2292      575.0843  5908354    0.67%
  49726 23348      571.7032   372      571.2292      575.0840  5918480    0.67%
  49822 23410      571.2578   336      571.2292      575.0833  5928161    0.67%
  49899 23474      573.9018   387      571.2292      575.0828  5938522    0.67%
  50018 23562      571.2354   214      571.2292      575.0828  5949262    0.67%
Elapsed time = 2495.28 sec. (2401573.83 ticks, tree = 650.91 MB, solutions = 1)
  50101 23642      573.1800   286      571.2292      575.0827  5960907    0.67%
  50208 23717      573.1871   328      571.2292      575.0827  5972120    0.67%
  50327 23797      574.7079   335      571.2292      575.0822  5981981    0.67%
  50451 23880      574.8931   389      571.2292      575.0820  5992887    0.67%
  50544 23959      574.4882   353      571.2292      575.0816  6004522    0.67%
  50631 24046      571.5852   253      571.2292      575.0816  6017654    0.67%
  50742 24117      573.8558   344      571.2292      575.0809  6028303    0.67%
  50885 24209      574.7307   367      571.2292      575.0803  6038071    0.67%
  50942 24266      573.0639   349      571.2292      575.0803  6049408    0.67%
  51085 24351      573.1011   370      571.2292      575.0803  6059174    0.67%
Elapsed time = 2533.40 sec. (2440229.68 ticks, tree = 673.00 MB, solutions = 1)
  51193 24445      574.3361   355      571.2292      575.0802  6069897    0.67%
  51318 24542      571.2813   228      571.2292      575.0802  6080834    0.67%
  51413 24616      574.5036   325      571.2292      575.0800  6091985    0.67%
  51512 24678      574.6631   392      571.2292      575.0799  6101692    0.67%
  51595 24761      572.6061   348      571.2292      575.0799  6111917    0.67%
  51699 24830      573.9347   401      571.2292      575.0796  6122107    0.67%
  51787 24906      571.3122   343      571.2292      575.0796  6133859    0.67%
  51874 24975      573.6885   356      571.2292      575.0783  6144956    0.67%
  51967 25059      573.3622   362      571.2292      575.0783  6155609    0.67%
  52068 25132      572.6297   433      571.2292      575.0782  6166411    0.67%
Elapsed time = 2571.33 sec. (2478760.22 ticks, tree = 695.06 MB, solutions = 1)
  52166 25206      574.1696   414      571.2292      575.0780  6177063    0.67%
  52278 25296      571.2445   404      571.2292      575.0780  6188757    0.67%
  52346 25358      574.2081   333      571.2292      575.0779  6198541    0.67%
  52489 25463      574.3472   386      571.2292      575.0777  6209776    0.67%
  52694 25661      573.8795   375      571.2292      575.0774  6221750    0.67%
  52777 25744      571.2718   278      571.2292      575.0774  6233112    0.67%
  52877 25809      573.4522   381      571.2292      575.0772  6243320    0.67%
  52987 25899      574.7900   381      571.2292      575.0772  6254268    0.67%
  53114 25995      573.6020   449      571.2292      575.0771  6264749    0.67%
  53199 26080      571.7834   320      571.2292      575.0771  6276252    0.67%
Elapsed time = 2610.28 sec. (2517474.11 ticks, tree = 722.45 MB, solutions = 1)
  53317 26148      573.1936   377      571.2292      575.0764  6287040    0.67%
  53428 26241      571.9491   359      571.2292      575.0762  6297902    0.67%
  53522 26317      573.2746   309      571.2292      575.0761  6307698    0.67%
  53629 26395      574.3272   407      571.2292      575.0757  6318067    0.67%
  53709 26475      572.5346   274      571.2292      575.0757  6330196    0.67%
  53822 26552      574.2691   353      571.2292      575.0755  6341033    0.67%
  53953 26624      572.6024   392      571.2292      575.0754  6350862    0.67%
  54046 26712      573.2708   386      571.2292      575.0752  6362033    0.67%
  54148 26788      572.3206   352      571.2292      575.0748  6372530    0.67%
  54213 26845      573.6650   356      571.2292      575.0746  6384792    0.67%
Elapsed time = 2648.07 sec. (2556005.08 ticks, tree = 744.05 MB, solutions = 1)
  54338 26943      573.9222   421      571.2292      575.0746  6395557    0.67%
  54457 27044      571.2465   244      571.2292      575.0742  6406736    0.67%
  54569 27115      573.9514   342      571.2292      575.0737  6417083    0.67%
  54670 27192      571.4486   396      571.2292      575.0737  6428720    0.67%
  54736 27248      573.2134   305      571.2292      575.0735  6439733    0.67%
  54831 27329      572.9897   338      571.2292      575.0734  6450900    0.67%
  54958 27423      573.6183   400      571.2292      575.0732  6461437    0.67%
  55041 27496      574.1837   387      571.2292      575.0728  6472249    0.67%
  55119 27562      573.1995   367      571.2292      575.0725  6482297    0.67%
  55244 27645      575.0635   368      571.2292      575.0723  6492704    0.67%
Elapsed time = 2685.60 sec. (2594377.80 ticks, tree = 767.78 MB, solutions = 1)
  55320 27721      572.0169   326      571.2292      575.0723  6504570    0.67%
  55406 27774      573.4756   384      571.2292      575.0718  6514480    0.67%
  55490 27840      571.2446   359      571.2292      575.0716  6525208    0.67%
  55573 27915      573.0013   303      571.2292      575.0714  6535422    0.67%
  55709 27999      574.0565   306      571.2292      575.0713  6546074    0.67%
  55829 28106      573.1740   362      571.2292      575.0713  6557093    0.67%
  55927 28173      571.2720   383      571.2292      575.0709  6566517    0.67%
  56039 28259      571.4584   232      571.2292      575.0706  6577993    0.67%
  56248 28437      571.9947   126      571.2292      575.0705  6588432    0.67%
  56363 28547      571.4827   322      571.2292      575.0703  6599371    0.67%
Elapsed time = 2723.78 sec. (2632873.87 ticks, tree = 793.70 MB, solutions = 1)
  56493 28622      573.9059   403      571.2292      575.0699  6609777    0.67%
  56605 28710      574.6311   378      571.2292      575.0694  6621324    0.67%
  56689 28778      572.8395   392      571.2292      575.0688  6631963    0.67%
  56775 28853      573.0252   341      571.2292      575.0687  6643130    0.67%
  56865 28923      573.4600   352      571.2292      575.0683  6654132    0.67%
  56957 28994      574.3686   410      571.2292      575.0678  6664950    0.67%
  57059 29077      574.9447   413      571.2292      575.0678  6676689    0.67%
  57140 29146      571.6490   356      571.2292      575.0677  6686598    0.67%
  57250 29220      574.1171   368      571.2292      575.0665  6696844    0.67%
  57336 29302      571.3342   297      571.2292      575.0665  6708136    0.67%
Elapsed time = 2761.58 sec. (2671635.82 ticks, tree = 816.12 MB, solutions = 1)
  57438 29375      573.0409   333      571.2292      575.0662  6719445    0.67%
  57542 29443      572.2549   334      571.2292      575.0659  6729664    0.67%
  57648 29525      573.4127   352      571.2292      575.0656  6739997    0.67%
  57792 29585      574.5758   412      571.2292      575.0652  6749106    0.67%
  57892 29685      571.4454   296      571.2292      575.0652  6760089    0.67%
  58026 29783      572.8013   388      571.2292      575.0645  6770855    0.67%
  58136 29855      574.5390   419      571.2292      575.0644  6781886    0.67%
  58219 29926      573.3583   373      571.2292      575.0644  6791849    0.67%
  58315 30004      571.3446   417      571.2292      575.0642  6801898    0.67%
  58394 30075      573.6920   340      571.2292      575.0642  6812904    0.67%
Elapsed time = 2799.36 sec. (2710144.00 ticks, tree = 839.10 MB, solutions = 1)
  58502 30157      573.8975   304      571.2292      575.0631  6823964    0.67%
  58615 30260      573.5423   399      571.2292      575.0627  6834864    0.67%
  58718 30337      571.2826   239      571.2292      575.0627  6845119    0.67%
  58827 30424      572.5674   325      571.2292      575.0626  6855630    0.67%
  58949 30508      573.0907   352      571.2292      575.0624  6865572    0.67%
  59054 30577      571.2423   407      571.2292      575.0624  6875906    0.67%
  59127 30646      571.6784   309      571.2292      575.0621  6886630    0.67%
  59260 30698      573.8318   482      571.2292      575.0619  6896331    0.67%
  59335 30765      573.6304   354      571.2292      575.0619  6907282    0.67%
  59443 30832      573.1820   456      571.2292      575.0615  6917533    0.67%
Elapsed time = 2836.93 sec. (2748435.55 ticks, tree = 861.65 MB, solutions = 1)
  59577 30963      573.6501   224      571.2292      575.0612  6927203    0.67%
  59780 31162      574.1862   360      571.2292      575.0609  6938438    0.67%
  59921 31268      571.2606   396      571.2292      575.0606  6948057    0.67%
  60052 31360      573.2958   412      571.2292      575.0599  6959618    0.67%
  60151 31443      571.3412   305      571.2292      575.0599  6970763    0.67%
  60253 31523      572.6864   274      571.2292      575.0598  6981371    0.67%
  60337 31600      572.9393   346      571.2292      575.0592  6992954    0.67%
  60424 31671      572.0236   345      571.2292      575.0591  7004007    0.67%
  60523 31738      573.3441   432      571.2292      575.0589  7015091    0.67%
  60609 31806      574.7843   348      571.2292      575.0583  7026320    0.67%
Elapsed time = 2876.66 sec. (2786876.58 ticks, tree = 890.18 MB, solutions = 1)
  60727 31892      572.3247   391      571.2292      575.0583  7037806    0.67%
  60822 31967      572.7211   315      571.2292      575.0581  7048566    0.67%
  60928 32058      574.6793   297      571.2292      575.0581  7060298    0.67%
  61038 32147      573.2824   369      571.2292      575.0577  7071147    0.67%
  61109 32211      573.9338   344      571.2292      575.0577  7081539    0.67%
  61226 32314      573.6962   377      571.2292      575.0577  7093080    0.67%
  61324 32401      571.3666   348      571.2292      575.0569  7104189    0.67%
  61414 32475      572.9813   354      571.2292      575.0568  7115744    0.67%
  61502 32555      571.9171   378      571.2292      575.0568  7126252    0.67%
  61586 32616      571.8568   341      571.2292      575.0567  7137413    0.67%
Elapsed time = 2914.59 sec. (2825264.34 ticks, tree = 914.03 MB, solutions = 1)
  61689 32689      573.0953   387      571.2292      575.0566  7148422    0.67%
  61790 32764      571.3126   241      571.2292      575.0566  7159024    0.67%
  61906 32850      571.2891   240      571.2292      575.0565  7170709    0.67%
  62043 32945      574.2115   413      571.2292      575.0562  7182515    0.67%
  62139 33033      571.3695   325      571.2292      575.0560  7193475    0.67%
  62227 33095      572.9712   402      571.2292      575.0558  7203893    0.67%
  62320 33172      571.3145   388      571.2292      575.0557  7212981    0.67%
  62406 33248      572.7977   319      571.2292      575.0555  7224231    0.67%
  62518 33336      572.7809   365      571.2292      575.0544  7235227    0.67%
  62620 33406      573.7511   377      571.2292      575.0543  7245453    0.67%
Elapsed time = 2952.96 sec. (2863805.52 ticks, tree = 938.90 MB, solutions = 1)
  62717 33490      574.0610   358      571.2292      575.0543  7256302    0.67%
  62789 33562      573.2437   288      571.2292      575.0543  7268673    0.67%
  62913 33629      573.7001   421      571.2292      575.0539  7279549    0.67%
  62987 33703      571.6545   299      571.2292      575.0539  7291161    0.67%
  63073 33771      572.9748   400      571.2292      575.0533  7302083    0.67%
  63168 33847      574.2171   413      571.2292      575.0528  7312697    0.67%
  63250 33919      571.2440   291      571.2292      575.0528  7323558    0.67%
  63333 33989      573.1672   332      571.2292      575.0527  7335120    0.67%
  63424 34068      574.6130   326      571.2292      575.0525  7347110    0.67%
  63551 34164      571.2630   185      571.2292      575.0525  7358523    0.67%
Elapsed time = 2991.03 sec. (2902365.70 ticks, tree = 960.49 MB, solutions = 1)
  63656 34241      573.9415   383      571.2292      575.0523  7369579    0.67%
  63727 34300      572.1687   356      571.2292      575.0523  7380308    0.67%
  63812 34356      574.1051   353      571.2292      575.0520  7391330    0.67%
  63910 34445      573.7743   380      571.2292      575.0520  7402589    0.67%
  64014 34537      571.8651   344      571.2292      575.0520  7413615    0.67%
  64151 34616      571.4054   340      571.2292      575.0520  7424088    0.67%
  64266 34711        cutoff            571.2292      575.0518  7435535    0.67%
  64380 34794      574.2199   422      571.2292      575.0514  7445728    0.67%
  64475 34873      571.2455   374      571.2292      575.0512  7456150    0.67%
  64563 34957      573.0347   315      571.2292      575.0509  7466667    0.67%
Elapsed time = 3029.16 sec. (2940855.04 ticks, tree = 982.72 MB, solutions = 1)
  64687 35034      574.1337   379      571.2292      575.0504  7476846    0.67%
  64766 35113      571.4739   338      571.2292      575.0504  7488311    0.67%
  64879 35191      573.5897   296      571.2292      575.0500  7499408    0.67%
  65015 35262      574.6798   338      571.2292      575.0498  7509494    0.67%
  65111 35331      573.1325   384      571.2292      575.0498  7520253    0.67%
  65199 35394      573.1782   318      571.2292      575.0496  7531469    0.67%
  65332 35473      574.8497   392      571.2292      575.0491  7542790    0.67%
  65448 35553      572.8671   401      571.2292      575.0491  7553773    0.67%
  65540 35618      573.4478   297      571.2292      575.0489  7563243    0.67%
  65669 35709      571.2851   318      571.2292      575.0485  7574253    0.67%
Elapsed time = 3067.59 sec. (2979383.51 ticks, tree = 1004.18 MB, solutions = 1)
  65739 35764      573.8934   322      571.2292      575.0481  7585163    0.67%
  65849 35866      574.2840   295      571.2292      575.0476  7597437    0.67%
  66102 36113      574.1495   362      571.2292      575.0476  7608727    0.67%
  66211 36220      571.4439   274      571.2292      575.0476  7619645    0.67%
  66329 36305      573.0636   260      571.2292      575.0475  7630240    0.67%
  66426 36388      571.5784   333      571.2292      575.0475  7641748    0.67%
  66533 36449      574.7602   359      571.2292      575.0472  7651477    0.67%
  66648 36545      571.3472   311      571.2292      575.0472  7661517    0.67%
  66747 36618      575.0430   394      571.2292      575.0471  7672516    0.67%
  66847 36706      572.6393   376      571.2292      575.0470  7683493    0.67%
Elapsed time = 3106.40 sec. (3017944.57 ticks, tree = 1033.56 MB, solutions = 1)
  66970 36792      572.2332   328      571.2292      575.0470  7693727    0.67%
  67040 36849      573.9387   352      571.2292      575.0467  7705284    0.67%
  67134 36932      573.7652   351      571.2292      575.0466  7716236    0.67%
  67243 37014      574.9711   368      571.2292      575.0464  7727303    0.67%
  67330 37095      574.0724   357      571.2292      575.0462  7740200    0.67%
  67423 37165      572.7103   327      571.2292      575.0462  7751269    0.67%
  67558 37244      571.3737   364      571.2292      575.0460  7760625    0.67%
  67647 37313      573.7426   340      571.2292      575.0460  7771244    0.67%
  67766 37388      574.6069   371      571.2292      575.0458  7781779    0.67%
  67852 37466      571.3316   266      571.2292      575.0458  7792868    0.67%
Elapsed time = 3144.29 sec. (3056356.97 ticks, tree = 1056.19 MB, solutions = 1)
  67952 37529      573.8029   357      571.2292      575.0454  7802069    0.67%
  68052 37618      573.5834   360      571.2292      575.0454  7812938    0.67%
  68146 37696      574.4130   354      571.2292      575.0452  7824046    0.67%
  68269 37793      571.4251   310      571.2292      575.0450  7834127    0.67%
  68373 37882      571.8836   297      571.2292      575.0450  7844874    0.67%
  68523 37964      571.4818   402      571.2292      575.0447  7855211    0.67%
  68626 38033      573.9804   322      571.2292      575.0446  7865076    0.67%
  68761 38124      572.8647   438      571.2292      575.0446  7874763    0.67%
  68870 38204      571.3000   317      571.2292      575.0446  7884600    0.67%
  68965 38268      572.2597   393      571.2292      575.0446  7895499    0.67%
Elapsed time = 3182.46 sec. (3094749.24 ticks, tree = 1080.04 MB, solutions = 1)
  69050 38343      572.9987   294      571.2292      575.0444  7907442    0.67%
  69173 38433      572.4792   482      571.2292      575.0440  7919140    0.67%
  69283 38509      571.3215   261      571.2292      575.0439  7929119    0.67%
  69380 38564      571.4319   376      571.2292      575.0438  7939305    0.67%
  69551 38702      572.5180   182      571.2292      575.0436  7949179    0.67%
  69707 38855      572.6644   301      571.2292      575.0433  7961691    0.67%
  69827 38929      573.9540   391      571.2292      575.0432  7972259    0.67%
  69889 38991      572.5251   286      571.2292      575.0432  7984213    0.67%
  69978 39049      573.9696   373      571.2292      575.0431  7995320    0.67%
  70075 39132      574.2573   364      571.2292      575.0430  8006774    0.67%
Elapsed time = 3221.05 sec. (3133181.53 ticks, tree = 1105.89 MB, solutions = 1)
  70174 39220        cutoff            571.2292      575.0428  8018406    0.67%
  70269 39295      573.4170   306      571.2292      575.0428  8029015    0.67%
  70399 39388      574.7678   421      571.2292      575.0424  8039519    0.67%
  70478 39467      572.8895   322      571.2292      575.0424  8050645    0.67%
  70591 39551      573.9152   313      571.2292      575.0420  8061353    0.67%
Starting limited solution polishing.
  70737 39629      571.2849   353      571.2292      575.0415  8071639    0.67%
  70803 39691      571.8795   327      571.2292      575.0414  8083238    0.67%
  70891 39764      573.2590   365      571.2292      575.0414  8094752    0.67%
  70983 39843      572.7583   353      571.2292      575.0414  8105166    0.67%
  71099 39909      571.3190   225      571.2292      575.0414  8113342    0.67%
Elapsed time = 3259.50 sec. (3171630.55 ticks, tree = 1129.03 MB, solutions = 1)
  71199 39965      574.6050   362      571.2292      575.0413  8121082    0.67%
  71299 40047      573.4842   380      571.2292      575.0412  8132214    0.67%
  71401 40136      572.3723   271      571.2292      575.0411  8142186    0.67%
  71490 40208      573.0663   355      571.2292      575.0410  8153451    0.67%
  71562 40265      573.9481   418      571.2292      575.0410  8162408    0.67%
  71625 40313      572.7826   358      571.2292      575.0407  8169471    0.67%
  71706 40384      574.3187   383      571.2292      575.0405  8177698    0.67%
  71799 40474      571.3841   269      571.2292      575.0405  8187913    0.67%
  71899 40554      572.1688   338      571.2292      575.0405  8197532    0.67%
  71999 40629      574.5022   415      571.2292      575.0405  8207281    0.67%
Elapsed time = 3301.59 sec. (3213748.07 ticks, tree = 1150.19 MB, solutions = 1)
  72099 40727      571.6222   260      571.2292      575.0405  8218480    0.67%
  72200 40795      573.8724   367      571.2292      575.0399  8227569    0.67%
  72299 40872      571.2768   228      571.2292      575.0399  8237718    0.67%
  72385 40946      572.6731   310      571.2292      575.0399  8249284    0.67%
  72468 41007      573.1873   378      571.2292      575.0396  8258951    0.67%
  72531 41062      571.3982   289      571.2292      575.0396  8267053    0.67%
  72614 41133      571.8504   327      571.2292      575.0392  8277815    0.67%
  72708 41203      572.3941   297      571.2292      575.0391  8288067    0.67%
  72799 41266      574.2831   370      571.2292      575.0389  8297455    0.67%
  72882 41348      571.3346   338      571.2292      575.0389  8307880    0.67%
Elapsed time = 3341.29 sec. (3253952.91 ticks, tree = 1171.67 MB, solutions = 1)
  73055 41487      572.2287   180      571.2292      575.0387  8316378    0.67%
  73179 41598      573.7622   413      571.2292      575.0386  8325787    0.67%
  73271 41669      572.5090   363      571.2292      575.0385  8335860    0.67%
  73341 41722      572.4630   295      571.2292      575.0385  8344785    0.67%
  73430 41766      574.7071   387      571.2292      575.0383  8352214    0.67%
  73523 41830      574.3371   343      571.2292      575.0383  8360926    0.67%
  73630 41907      574.4416   377      571.2292      575.0383  8369970    0.67%
  73701 41978      572.4054   297      571.2292      575.0383  8381339    0.67%
  73807 42031      573.9627   413      571.2292      575.0383  8388842    0.67%
  73882 42106      571.3670   353      571.2292      575.0383  8401531    0.67%
Elapsed time = 3380.12 sec. (3292463.41 ticks, tree = 1194.02 MB, solutions = 1)
  73969 42157      572.4914   426      571.2292      575.0381  8413040    0.67%
  74064 42215      574.4180   410      571.2292      575.0374  8423602    0.67%
  74121 42272      573.8332   334      571.2292      575.0374  8431590    0.67%
  74214 42339      574.2259   397      571.2292      575.0372  8440199    0.67%
  74299 42412      572.9450   301      571.2292      575.0372  8451294    0.67%
  74404 42482      573.3009   399      571.2292      575.0371  8461313    0.67%
  74481 42556      571.2518   295      571.2292      575.0371  8472708    0.67%
  74580 42629      573.1257   332      571.2292      575.0370  8483562    0.67%
  74678 42702      574.6895   417      571.2292      575.0368  8492205    0.67%
  74743 42767      572.2920   356      571.2292      575.0368  8500644    0.67%
Elapsed time = 3419.13 sec. (3332199.99 ticks, tree = 1213.53 MB, solutions = 1)
  74851 42830      573.5501   337      571.2292      575.0366  8510150    0.67%
  74919 42889      571.4848   250      571.2292      575.0366  8518124    0.67%
  75008 42936      574.1872   346      571.2292      575.0360  8525699    0.67%
  75109 43020      572.1041   388      571.2292      575.0360  8535027    0.67%
  75199 43092      572.0271   368      571.2292      575.0360  8545201    0.67%
  75299 43168      573.9878   357      571.2292      575.0360  8555621    0.67%
  75399 43254      571.2795   222      571.2292      575.0360  8566305    0.67%
  75481 43321      572.2137   325      571.2292      575.0356  8577343    0.67%
  75568 43378      574.0065   375      571.2292      575.0355  8584941    0.67%
  75641 43451      572.7191   297      571.2292      575.0355  8593945    0.67%
Elapsed time = 3458.81 sec. (3372126.62 ticks, tree = 1233.93 MB, solutions = 1)
  75745 43523      573.9225   393      571.2292      575.0352  8604590    0.67%
  75851 43611      571.3865   339      571.2292      575.0351  8614818    0.67%
  75936 43674      572.2068   322      571.2292      575.0351  8623961    0.67%
  76070 43739      574.3612   380      571.2292      575.0350  8633217    0.67%
  76132 43800      571.2358   299      571.2292      575.0350  8643310    0.67%
  76238 43880      574.7392   354      571.2292      575.0348  8653314    0.67%
  76331 43958      574.0119   340      571.2292      575.0346  8661978    0.67%
  76499 44125      571.2909    60      571.2292      575.0346  8668663    0.67%
  76568 44190      572.4812   366      571.2292      575.0344  8680008    0.67%
  76669 44246      572.1468   414      571.2292      575.0343  8688494    0.67%
Elapsed time = 3498.94 sec. (3411916.25 ticks, tree = 1257.75 MB, solutions = 1)
  76705 44264      574.5674   389      571.2292      575.0342  8691926    0.67%
  76799 44349      571.2675   288      571.2292      575.0342  8701886    0.67%
  76897 44421        cutoff            571.2292      575.0338  8713166    0.67%
  76975 44477      574.3351   372      571.2292      575.0335  8720927    0.67%
  77052 44554      571.7407   340      571.2292      575.0335  8732054    0.67%
  77130 44620      573.2072   281      571.2292      575.0332  8740452    0.67%
  77226 44678      573.8985   379      571.2292      575.0332  8748095    0.67%
  77329 44744      573.7979   352      571.2292      575.0332  8758419    0.67%
  77399 44791      572.2697   388      571.2292      575.0331  8766366    0.67%
  77492 44877      573.7197   374      571.2292      575.0330  8776610    0.67%
Elapsed time = 3537.11 sec. (3450680.80 ticks, tree = 1276.47 MB, solutions = 1)
  77568 44936      573.1359   319      571.2292      575.0329  8784395    0.67%
  77671 44998      574.3040   380      571.2292      575.0327  8792540    0.67%
  77739 45066      572.3016   277      571.2292      575.0327  8801456    0.67%
  77816 45115      574.4208   391      571.2292      575.0325  8807437    0.67%
  77893 45192      573.0586   326      571.2292      575.0325  8818926    0.67%
  77991 45231      574.3015   394      571.2292      575.0324  8825174    0.67%
  78062 45288      574.4880   388      571.2292      575.0324  8834440    0.67%
  78119 45345      572.8603   340      571.2292      575.0324  8842166    0.67%
  78229 45429      574.6450   340      571.2292      575.0319  8852474    0.67%
  78299 45499      572.9301   264      571.2292      575.0319  8860956    0.67%
Elapsed time = 3575.16 sec. (3489233.30 ticks, tree = 1295.01 MB, solutions = 1)
  78399 45562      574.2310   371      571.2292      575.0313  8869822    0.67%
  78511 45646      574.1417   392      571.2292      575.0310  8880205    0.67%
  78599 45712      572.5031   297      571.2292      575.0309  8890857    0.67%
  78699 45792      571.3141   276      571.2292      575.0308  8900158    0.67%
  78786 45857      571.5530   340      571.2292      575.0305  8911357    0.67%
  78855 45902      573.4387   414      571.2292      575.0304  8920685    0.67%

Flow cuts applied:  43
Mixed integer rounding cuts applied:  193
Lift and project cuts applied:  23
Gomory fractional cuts applied:  1
User cuts applied:  1443

Root node processing (before b&c):
  Real time             =    8.75 sec. (7081.44 ticks)
Sequential b&c:
  Real time             = 3591.25 sec. (3507482.47 ticks)
                          ------------
Total (root+branch&cut) = 3600.00 sec. (3514563.91 ticks)
|V|                                     600
K                                       120
theta                                   0.01
r                                       1
R                                       20
prob_func                               facility_mixture
mixture_low_share                       0.100000
mixture_low_interval                    [0.001000, 0.010000]
mixture_high_interval                   [0.100000, 0.500000]
mixture_seed                            1
#C1                                     746
#CP                                     29936

@Parameters: 
am_callback_heuristic                   false
am_local_search                         true
am_start_heuristic                      false
colocation                              true
comp                                    false
cutC                                    true
cutC_init                               false
cutF                                    true
cutF_init                               false
cutF_stable                             false
cutF_wrong                              false
cutLocal                                false
cutM                                    true
cutM_init                               true
cutM_stable                             false
cutP                                    true
cutP_init                               false
cutP_stable                             false
init                                    true
init_cutF_zero                          false
init_val_greedy                         true
is_Euclidean                            false
is_local_search                         false
is_right_cutP                           true
is_root                                 false
is_silent                               false
is_start                                false
mycut                                   false
pmed                                    false
pre                                     true
stable_root                             false
str                                     false
two_phase                               false
ubstr                                   false
mode                                    Int

am_callback_node_space                  50
init                                    0
mixture_seed                            1
node_space                              5
nodelimit                               -1
nsepa                                   1
strF                                    0
type_delta                              0

EPS                                     0.001000
EPS_FRAC                                0.00
gap                                     0.00
mixture_high_max                        0.50
mixture_high_min                        0.10
mixture_low_max                         0.01
mixture_low_min                         0.00
mixture_low_share                       0.10
timelimit                               3600.00

Number of Closed Sites: 6 / 720 
Number of Confined Sites-1: 9 / 1071 
Number of Confined Sites-k: 585 / 6090 
Preprocess Time: 1.53 + 0.00 sec

Solve Time: 3600.00
Number of Nodes: 78879
Termination Status: TIME_LIMIT

CutInfo: [phase] num / time (sec) / aver. num_nonzero
max              [LP]     0 / 0.00 / 0.00 [init]   476 / 0.01 / 1.70 [rLC]   150 / 0.01 / 3.53 [rUC]  1229 / 0.11 / 4.80 [sLC]    83 / 0.03 / 5.73 [sUC]  1068 / 2.30 / 4.90 
prod_oa          [LP]     0 / 0.00 / 0.00 [init]   305 / 0.01 / 28.38 [rLC]   246 / 0.01 / 21.63 [rUC]  1057 / 0.22 / 40.52 [sLC]   527 / 0.04 / 32.39 [sUC]  1537 / 4.93 / 31.22 
prod_sm_fixed    [LP]     0 / 0.00 / 0.00 [init]     0 / 0.00 / 0.00 [rLC]     0 / 0.00 / 0.00 [rUC]     0 / 0.00 / 0.00 [sLC]     0 / 0.00 / 0.00 [sUC]     0 / 0.00 / 0.00 
prod_bin         [LP]     0 / 0.00 / 0.00 [init]     0 / 0.00 / 0.00 [rLC]     0 / 0.00 / 0.00 [rUC]     0 / 0.00 / 0.00 [sLC]     0 / 0.00 / 0.00 [sUC]     0 / 0.00 / 0.00 
prod_local       [LP]     0 / 0.00 / 0.00 [init]     0 / 0.00 / 0.00 [rLC]     0 / 0.00 / 0.00 [rUC]     0 / 0.00 / 0.00 [sLC]     0 / 0.00 / 0.00 [sUC]     0 / 0.00 / 0.00 
prod_sm_C        [LP]     0 / 0.00 / 0.00 [init]     0 / 0.04 / 0.00 [rLC]     0 / 0.08 / 0.00 [rUC]  1310 / 1.67 / 35.47 [sLC]     0 / 0.22 / 0.00 [sUC]  2541 / 35.86 / 37.24 
facet            [LP]     0 / 0.00 / 0.00 [init]     0 / 0.00 / 0.00 [rLC]     0 / 0.00 / 0.00 [rUC]  1305 / 0.00 / 0.00 [sLC]     0 / 0.00 / 0.00 [sUC]  2541 / 0.00 / 0.00 
Separation Round:   [LP] 0  [init] 1  [rLC] 2  [rUC] 25  [sLC] 5  [sUC] 142831  
Root Best Bound 576.553975
Root Best Integer: 571.229164
Best Bound: 575.030364
Best Integer: 571.229164
1: 7, 11, 13, 16, 22, 31, 34, 57, 60, 88, 99, 114, 118, 119, 136, 141, 142, 148, 150, 156, 179, 181, 186, 190, 196, 197, 201, 209, 220, 232, 241, 245, 253, 256, 257, 258, 264, 268, 275, 289, 299, 320, 325, 337, 350, 351, 359, 360, 361, 366, 380, 383, 384, 386, 402, 409, 410, 411, 415, 425, 426, 433, 435, 438, 451, 465, 470, 473, 486, 489, 490, 500, 513, 517, 519, 532, 550, 563, 564, 577, 594, 600
2: 25, 67, 71, 155, 172, 271, 280, 302, 322, 369, 416, 448, 466, 503, 555, 558
3: 159, 580
Objective Value (calc): 571.229164
sum_etaM = 352.114224 / 352.114224
sum_etaP = 573.442446 / 573.442446
nL: 100
nCL: 18
mCL: 3
