Version identifier: 20.1.0.0 | 2020-11-10 | 9bedb6d68
CPXPARAM_Threads                                 1
CPXPARAM_TimeLimit                               3600
CPXPARAM_MIP_Tolerances_MIPGap                   0
Generic callback                                 0x60
1 of 1 MIP starts provided solutions.
MIP start 'm1' defined initial solution with objective 150.4547.
Tried aggregator 2 times.
MIP Presolve eliminated 22 rows and 12 columns.
MIP Presolve modified 279 coefficients.
Aggregator did 10 substitutions.
Reduced MIP has 1955 rows, 1978 columns, and 21494 nonzeros.
Reduced MIP has 494 binaries, 484 generals, 0 SOSs, and 0 indicators.
Presolve time = 0.01 sec. (7.70 ticks)
Probing time = 0.00 sec. (1.07 ticks)
Tried aggregator 1 time.
Reduced MIP has 1955 rows, 1978 columns, and 21494 nonzeros.
Reduced MIP has 494 binaries, 484 generals, 0 SOSs, and 0 indicators.
Presolve time = 0.01 sec. (4.42 ticks)
Probing time = 0.00 sec. (1.07 ticks)
MIP emphasis: balance optimality and feasibility.
MIP search method: dynamic search.
Parallel mode: none, using 1 thread.
Root relaxation solution time = 0.08 sec. (91.71 ticks)

        Nodes                                         Cuts/
   Node  Left     Objective  IInf  Best Integer    Best Bound    ItCnt     Gap

*     0+    0                          150.4547      500.0000           232.33%
      0     0      169.4070    14      150.4547      169.4070     1874   12.60%
      0     0      154.1997    17      150.4547     Cuts: 388     2204    2.49%
      0     0      153.4869    14      150.4547     Cuts: 150     2332    2.02%

Repeating presolve.
Tried aggregator 1 time.
MIP Presolve eliminated 1034 rows and 974 columns.
MIP Presolve modified 143 coefficients.
Reduced MIP has 921 rows, 1004 columns, and 4929 nonzeros.
Reduced MIP has 62 binaries, 52 generals, 0 SOSs, and 0 indicators.
Presolve time = 0.00 sec. (3.55 ticks)
Probing time = 0.00 sec. (0.25 ticks)
Tried aggregator 1 time.
Reduced MIP has 921 rows, 1004 columns, and 4929 nonzeros.
Reduced MIP has 62 binaries, 52 generals, 0 SOSs, and 0 indicators.
Presolve time = 0.00 sec. (1.24 ticks)
Represolve time = 0.01 sec. (11.78 ticks)
Probing time = 0.00 sec. (0.25 ticks)
MIP emphasis: balance optimality and feasibility.
MIP search method: dynamic search.
Parallel mode: none, using 1 thread.
Root relaxation solution time = 0.08 sec. (91.25 ticks)

        Nodes                                         Cuts/
   Node  Left     Objective  IInf  Best Integer    Best Bound    ItCnt     Gap

*     0+    0                          150.4547      153.4869             2.02%
      0     0      152.8793    20      150.4547      152.8793     3784    1.61%
      0     0      151.7700    18      150.4547     Cuts: 159     3937    0.87%
      0     0      151.3995    21      150.4547      Cuts: 90     4035    0.63%
      0     0      151.3350    21      150.4547      Cuts: 50     4101    0.59%
      0     0      151.3059    19      150.4547      Cuts: 39     4123    0.57%
      0     0      151.2949    19      150.4547      Cuts: 27     4144    0.56%
      0     0      151.2405    19      150.4547      Cuts: 16     4169    0.52%
      0     0      151.2235    17      150.4547      Cuts: 19     4187    0.51%
      0     0      151.2154    17      150.4547      Cuts: 27     4201    0.51%
      0     0      151.2147    17      150.4547      Cuts: 18     4214    0.51%
      0     2      151.2147    17      150.4547      151.2145     4214    0.50%
Elapsed time = 0.87 sec. (573.42 ticks, tree = 0.01 MB, solutions = 1)

Flow cuts applied:  40
Mixed integer rounding cuts applied:  192
Lift and project cuts applied:  2
Gomory fractional cuts applied:  2
User cuts applied:  426

Root node processing (before b&c):
  Real time             =    0.87 sec. (573.45 ticks)
Sequential b&c:
  Real time             =    0.26 sec. (78.79 ticks)
                          ------------
Total (root+branch&cut) =    1.13 sec. (652.23 ticks)
|V|                                     500
K                                       5
theta                                   0.01
r                                       1
R                                       20
prob_func                               facility_mixture
mixture_low_share                       0.100000
mixture_low_interval                    [0.001000, 0.010000]
mixture_high_interval                   [0.100000, 0.500000]
mixture_seed                            1
#C1                                     592
#CP                                     13426

@Parameters: 
am_callback_heuristic                   false
am_local_search                         true
am_start_heuristic                      false
colocation                              true
comp                                    false
cutC                                    true
cutC_init                               false
cutF                                    false
cutF_init                               false
cutF_stable                             false
cutF_wrong                              false
cutLocal                                false
cutM                                    true
cutM_init                               true
cutM_stable                             false
cutP                                    true
cutP_init                               false
cutP_stable                             false
init                                    true
init_cutF_zero                          false
init_val_greedy                         true
is_Euclidean                            false
is_local_search                         false
is_right_cutP                           true
is_root                                 false
is_silent                               false
is_start                                false
mycut                                   false
pmed                                    false
pre                                     true
stable_root                             false
str                                     false
two_phase                               false
ubstr                                   false
mode                                    Int

am_callback_node_space                  50
init                                    0
mixture_seed                            1
node_space                              5
nodelimit                               -1
nsepa                                   1
strF                                    0
type_delta                              0

EPS                                     0.001000
EPS_FRAC                                0.00
gap                                     0.00
mixture_high_max                        0.50
mixture_high_min                        0.10
mixture_low_max                         0.01
mixture_low_min                         0.00
mixture_low_share                       0.10
timelimit                               3600.00

Number of Closed Sites: 6 / 30 
Number of Confined Sites-1: 10 / 40 
Number of Confined Sites-k: 484 / 1163 
Preprocess Time: 0.90 + 0.00 sec

Solve Time: 1.13
Number of Nodes: 38
Termination Status: OPTIMAL

CutInfo: [phase] num / time (sec) / aver. num_nonzero
max              [LP]     0 / 0.00 / 0.00 [init]   493 / 0.02 / 10.13 [rLC]   216 / 0.05 / 17.53 [rUC]   294 / 0.06 / 10.33 [sLC]     0 / 0.00 / 0.00 [sUC]    61 / 0.05 / 14.11 
prod_oa          [LP]     0 / 0.00 / 0.00 [init]   493 / 0.00 / 26.62 [rLC]   844 / 0.04 / 45.94 [rUC]   126 / 0.04 / 38.74 [sLC]    60 / 0.00 / 49.83 [sUC]    45 / 0.03 / 50.96 
prod_sm_fixed    [LP]     0 / 0.00 / 0.00 [init]     0 / 0.00 / 0.00 [rLC]     0 / 0.00 / 0.00 [rUC]     0 / 0.00 / 0.00 [sLC]     0 / 0.00 / 0.00 [sUC]     0 / 0.00 / 0.00 
prod_bin         [LP]     0 / 0.00 / 0.00 [init]     0 / 0.00 / 0.00 [rLC]     0 / 0.00 / 0.00 [rUC]     0 / 0.00 / 0.00 [sLC]     0 / 0.00 / 0.00 [sUC]     0 / 0.00 / 0.00 
prod_local       [LP]     0 / 0.00 / 0.00 [init]     0 / 0.00 / 0.00 [rLC]     0 / 0.00 / 0.00 [rUC]     0 / 0.00 / 0.00 [sLC]     0 / 0.00 / 0.00 [sUC]     0 / 0.00 / 0.00 
prod_sm_C        [LP]     0 / 0.00 / 0.00 [init]     0 / 0.00 / 0.00 [rLC]     0 / 0.00 / 0.00 [rUC]     0 / 0.00 / 0.00 [sLC]     0 / 0.00 / 0.00 [sUC]     0 / 0.00 / 0.00 
facet            [LP]     0 / 0.00 / 0.00 [init]     0 / 0.00 / 0.00 [rLC]     0 / 0.00 / 0.00 [rUC]     0 / 0.00 / 0.00 [sLC]     0 / 0.00 / 0.00 [sUC]     0 / 0.00 / 0.00 
Separation Round:   [LP] 0  [init] 1  [rLC] 14  [rUC] 13  [sLC] 1  [sUC] 40  
Root Best Bound 151.138672
Root Best Integer: 150.454705
Best Bound: 150.629493
Best Integer: 150.454705
1: 161, 336, 488
2: 494
Objective Value (calc): 150.454705
sum_etaM = 107.136445 / 107.136445
sum_etaP = 150.892264 / 150.892264
nL: 4
nCL: 1
mCL: 2
