Version identifier: 20.1.0.0 | 2020-11-10 | 9bedb6d68
CPXPARAM_Threads                                 1
CPXPARAM_TimeLimit                               3600
CPXPARAM_MIP_Tolerances_MIPGap                   0
Generic callback                                 0x60
1 of 1 MIP starts provided solutions.
MIP start 'm1' defined initial solution with objective 201.9289.
Tried aggregator 1 time.
Reduced MIP has 371 rows, 900 columns, and 2392 nonzeros.
Reduced MIP has 300 binaries, 0 generals, 0 SOSs, and 0 indicators.
Presolve time = 0.00 sec. (0.73 ticks)
Probing time = 0.00 sec. (0.14 ticks)
Tried aggregator 1 time.
Reduced MIP has 371 rows, 900 columns, and 2392 nonzeros.
Reduced MIP has 300 binaries, 0 generals, 0 SOSs, and 0 indicators.
Presolve time = 0.00 sec. (0.73 ticks)
Probing time = 0.00 sec. (0.14 ticks)
MIP emphasis: balance optimality and feasibility.
MIP search method: dynamic search.
Parallel mode: none, using 1 thread.
Root relaxation solution time = 0.00 sec. (3.04 ticks)

        Nodes                                         Cuts/
   Node  Left     Objective  IInf  Best Integer    Best Bound    ItCnt     Gap

*     0+    0                          201.9289      300.0000            48.57%
      0     0      269.1627    56      201.9289      269.1627      389   33.30%
      0     0      212.1211    71      201.9289     Cuts: 192      591    5.05%
*     0+    0                          205.6152      212.1211             3.16%
      0     0      210.6741    62      205.6152     Cuts: 176      749    2.46%
*     0+    0                          207.5620      210.6741             1.50%
      0     0      210.3496    58      207.5620     Cuts: 103      844    1.34%
*     0+    0                          208.9010      210.3496             0.69%
      0     0      210.2105    63      208.9010      Cuts: 50      898    0.63%
      0     0      210.1605    46      208.9010      Cuts: 46      951    0.60%
      0     0      210.1529    46      208.9010      Cuts: 12      970    0.60%
      0     0      210.1385    44      208.9010      Cuts: 21     1004    0.59%
      0     0      210.1365    43      208.9010 UserPurge2: 8     1013    0.59%
      0     0      210.1328    42      208.9010 UserPurge2: 7     1018    0.59%
*     0+    0                          208.9373      210.1328             0.57%
      0     2      210.1326    49      208.9373      210.1170     1018    0.56%
Elapsed time = 0.43 sec. (164.16 ticks, tree = 0.01 MB, solutions = 5)
*    10+   10                          209.0185      210.0994             0.52%
*    10+   10                          209.0191      210.0994             0.52%
*    44    32      integral     0      209.8493      210.0994     1639    0.12%
*   160    83      integral     0      209.8830      210.0389     3437    0.07%
*   193    93      integral     0      209.9037      210.0340     3670    0.06%
*   271    66      integral     0      209.9085      209.9125     4169    0.00%
*   314    40      integral     0      209.9092      209.9098     4379    0.00%
    660   215      209.9093     6      209.9092      209.9097     6020    0.00%
*   716    36      integral     0      209.9094      209.9096     6503    0.00%
   1168   187      209.9095    12      209.9094      209.9096     8648    0.00%
   1678   268      209.9096    11      209.9094      209.9096    11439    0.00%

Performing restart 1

Repeating presolve.
Tried aggregator 1 time.
MIP Presolve eliminated 53 rows and 78 columns.
MIP Presolve modified 21 coefficients.
Reduced MIP has 318 rows, 822 columns, and 1625 nonzeros.
Reduced MIP has 222 binaries, 0 generals, 0 SOSs, and 0 indicators.
Presolve time = 0.00 sec. (0.66 ticks)
Tried aggregator 1 time.
Reduced MIP has 318 rows, 822 columns, and 1625 nonzeros.
Reduced MIP has 222 binaries, 0 generals, 0 SOSs, and 0 indicators.
Presolve time = 0.00 sec. (0.58 ticks)
Represolve time = 0.01 sec. (4.17 ticks)
   1920     0      210.1015    46      209.9094      Cuts: 12    13639    0.00%
   1920     0      210.0896    46      209.9094       Cuts: 2    13657    0.00%
   1920     0      210.0850    48      209.9094    MIRcuts: 3    13677    0.00%
   1920     0      210.0840    36      209.9094       Cuts: 5    13682    0.00%
*  1932     0      integral     0      209.9097      209.9096    13828   -0.00%

Flow cuts applied:  4
Mixed integer rounding cuts applied:  37
Gomory fractional cuts applied:  6
User cuts applied:  407

Root node processing (before b&c):
  Real time             =    0.43 sec. (164.23 ticks)
Sequential b&c:
  Real time             =    6.74 sec. (1167.68 ticks)
                          ------------
Total (root+branch&cut) =    7.17 sec. (1331.91 ticks)
|V|                                     300
K                                       100
theta                                   0.20
r                                       2
R                                       20
prob_func                               facility_mixture
mixture_low_share                       0.500000
mixture_low_interval                    [0.001000, 0.010000]
mixture_high_interval                   [0.100000, 0.500000]
mixture_seed                            1
#C1                                     376
#CP                                     2142

@Parameters: 
am_callback_heuristic                   false
am_local_search                         true
am_start_heuristic                      false
colocation                              false
comp                                    false
cutC                                    true
cutC_init                               false
cutF                                    true
cutF_init                               false
cutF_stable                             false
cutF_wrong                              false
cutLocal                                false
cutM                                    true
cutM_init                               true
cutM_stable                             false
cutP                                    true
cutP_init                               false
cutP_stable                             false
init                                    true
init_cutF_zero                          false
init_val_greedy                         true
is_Euclidean                            false
is_local_search                         true
is_right_cutP                           true
is_root                                 false
is_silent                               false
is_start                                false
mycut                                   false
pmed                                    false
pre                                     true
stable_root                             false
str                                     true
two_phase                               false
ubstr                                   false
mode                                    Int

am_callback_node_space                  50
init                                    0
mixture_seed                            1
node_space                              5
nodelimit                               -1
nsepa                                   1
strF                                    0
type_delta                              0

EPS                                     0.001000
EPS_FRAC                                0.00
gap                                     0.00
mixture_high_max                        0.50
mixture_high_min                        0.10
mixture_low_max                         0.01
mixture_low_min                         0.00
mixture_low_share                       0.50
timelimit                               3600.00

Number of Closed Sites: 13 / 1300 
Number of Confined Sites-1: 26 / 2574 
Number of Confined Sites-k: 261 / 8521 
Preprocess Time: 0.48 + 0.00 sec

Solve Time: 7.17
Number of Nodes: 1933
Termination Status: OPTIMAL

CutInfo: [phase] num / time (sec) / aver. num_nonzero
max              [LP]     0 / 0.00 / 0.00 [init]   185 / 0.00 / 1.19 [rLC]   208 / 0.01 / 3.05 [rUC]   117 / 0.02 / 2.00 [sLC]     0 / 0.02 / 0.00 [sUC]    50 / 0.43 / 2.48 
prod_oa          [LP]     0 / 0.00 / 0.00 [init]   185 / 0.00 / 8.11 [rLC]   556 / 0.02 / 10.97 [rUC]    54 / 0.01 / 13.44 [sLC]     1 / 0.01 / 14.00 [sUC]    72 / 0.37 / 13.56 
prod_sm_fixed    [LP]     0 / 0.00 / 0.00 [init]     0 / 0.00 / 0.00 [rLC]     0 / 0.00 / 0.00 [rUC]     0 / 0.00 / 0.00 [sLC]     0 / 0.00 / 0.00 [sUC]     0 / 0.00 / 0.00 
prod_bin         [LP]     0 / 0.00 / 0.00 [init]     0 / 0.00 / 0.00 [rLC]     0 / 0.00 / 0.00 [rUC]     0 / 0.00 / 0.00 [sLC]     0 / 0.00 / 0.00 [sUC]     0 / 0.00 / 0.00 
prod_local       [LP]     0 / 0.00 / 0.00 [init]     0 / 0.00 / 0.00 [rLC]     0 / 0.00 / 0.00 [rUC]     0 / 0.00 / 0.00 [sLC]     0 / 0.00 / 0.00 [sUC]     0 / 0.00 / 0.00 
prod_sm_C        [LP]     0 / 0.00 / 0.00 [init]     0 / 0.00 / 0.00 [rLC]     6 / 0.05 / 34.50 [rUC]   489 / 0.04 / 19.89 [sLC]     0 / 0.03 / 0.00 [sUC]   172 / 1.15 / 23.82 
facet            [LP]     0 / 0.00 / 0.00 [init]     0 / 0.00 / 0.00 [rLC]     6 / 0.00 / 0.00 [rUC]   489 / 0.00 / 0.00 [sLC]     0 / 0.00 / 0.00 [sUC]   172 / 0.00 / 0.00 
Separation Round:   [LP] 0  [init] 1  [rLC] 15  [rUC] 11  [sLC] 10  [sUC] 3797  
Root Best Bound 210.103568
Root Best Integer: 208.937266
Best Bound: 209.909555
Best Integer: 209.909416
1: 2, 7, 8, 12, 16, 19, 22, 23, 27, 30, 32, 34, 35, 36, 39, 42, 44, 45, 48, 52, 57, 58, 60, 62, 64, 66, 69, 71, 77, 79, 84, 85, 88, 90, 95, 96, 99, 100, 102, 103, 105, 112, 114, 118, 119, 122, 124, 126, 130, 133, 135, 138, 139, 141, 143, 144, 146, 151, 153, 158, 164, 169, 176, 179, 181, 182, 185, 187, 188, 189, 190, 192, 196, 200, 201, 204, 212, 213, 214, 215, 219, 220, 221, 224, 226, 231, 243, 244, 245, 247, 249, 251, 253, 257, 259, 263, 275, 277, 286, 295
Objective Value (calc): 209.908375
sum_etaM = 188.413391 / 188.413391
sum_etaP = 215.283821 / 215.282121
nL: 100
nCL: 0
mCL: 1
