Version identifier: 20.1.0.0 | 2020-11-10 | 9bedb6d68
CPXPARAM_Threads                                 1
CPXPARAM_TimeLimit                               3600
CPXPARAM_MIP_Tolerances_MIPGap                   0
Generic callback                                 0x60
1 of 1 MIP starts provided solutions.
MIP start 'm1' defined initial solution with objective 699.8463.
Tried aggregator 2 times.
MIP Presolve eliminated 5 rows and 4 columns.
MIP Presolve modified 458 coefficients.
Aggregator did 1 substitutions.
Reduced MIP has 2712 rows, 3195 columns, and 29784 nonzeros.
Reduced MIP has 798 binaries, 797 generals, 0 SOSs, and 0 indicators.
Presolve time = 0.01 sec. (9.41 ticks)
Probing time = 0.00 sec. (1.52 ticks)
Tried aggregator 1 time.
Reduced MIP has 2712 rows, 3195 columns, and 29784 nonzeros.
Reduced MIP has 798 binaries, 797 generals, 0 SOSs, and 0 indicators.
Presolve time = 0.01 sec. (5.51 ticks)
Probing time = 0.00 sec. (1.52 ticks)
MIP emphasis: balance optimality and feasibility.
MIP search method: dynamic search.
Parallel mode: none, using 1 thread.
Root relaxation solution time = 0.16 sec. (173.44 ticks)

        Nodes                                         Cuts/
   Node  Left     Objective  IInf  Best Integer    Best Bound    ItCnt     Gap

*     0+    0                          699.8463      800.0000            14.31%
      0     0      722.0085   132      699.8463      722.0085     2677    3.17%
      0     0      703.1647   475      699.8463     Cuts: 778     3374    0.47%
      0     0      702.6002   436      699.8463     Cuts: 275     3789    0.39%
      0     0      702.3152   495      699.8463     Cuts: 185     4143    0.35%
      0     0      702.1639   491      699.8463     Cuts: 177     4461    0.33%
      0     0      702.0839   536      699.8463     Cuts: 155     4781    0.32%
      0     0      702.0323   506      699.8463     Cuts: 356     5077    0.31%
      0     0      702.0037   530      699.8463     Cuts: 110     5296    0.31%
      0     0      701.9749   533      699.8463     Cuts: 127     5537    0.30%
      0     0      701.9649   543      699.8463 UserPurge2: 18     5634    0.30%
      0     0      701.9643   551      699.8463 UserPurge2: 6     5653    0.30%
      0     0      701.9643   551      699.8463 UserPurge2: 1     5659    0.30%
      0     0      701.9643   551      699.8463 UserPurge2: 1     5662    0.30%
      0     0      701.9615   553      699.8463 UserPurge2: 5     5707    0.30%
      0     0      701.9609   557      699.8463 UserPurge2: 6     5744    0.30%
      0     0      701.9603   557      699.8463 UserPurge2: 7     5766    0.30%
      0     0      701.9601   558      699.8463 UserPurge2: 2     5780    0.30%
      0     0      701.9601   562      699.8463 UserPurge2: 1     5783    0.30%
      0     0      701.9598   563      699.8463 UserPurge2: 3     5801    0.30%
      0     0      701.9581   561      699.8463 UserPurge2: 5     5827    0.30%
      0     2      701.9501   589      699.8463      701.9500     5827    0.30%
Elapsed time = 5.91 sec. (5597.93 ticks, tree = 0.01 MB, solutions = 1)
      5     7      701.9034   604      699.8463      701.9446     7181    0.30%
      7     9      701.9092   571      699.8463      701.9446     7891    0.30%
      9    11      701.6954   552      699.8463      701.9446     8324    0.30%
     10    12      701.6499   587      699.8463      701.9446     8864    0.30%
     12    14      701.6369   601      699.8463      701.9446     9604    0.30%
     15    17      701.5906   629      699.8463      701.9446    10428    0.30%
     18    20      701.5908   593      699.8463      701.9446    11203    0.30%
     20    22      701.5440   579      699.8463      701.9446    12007    0.30%
     24    26      701.2757   555      699.8463      701.9446    12819    0.30%
     30    32      701.0029   514      699.8463      701.9446    14975    0.30%
Elapsed time = 11.02 sec. (10253.16 ticks, tree = 0.18 MB, solutions = 1)
     42    44      700.7264   488      699.8463      701.9446    17484    0.30%
     55    57      700.3070   445      699.8463      701.9446    19083    0.30%
     72    74      699.9213   362      699.8463      701.9446    20665    0.30%
     80    78      701.6602   670      699.8463      701.9380    21933    0.30%
     86    84      701.7487   659      699.8463      701.9380    24109    0.30%
     90    88      701.4585   678      699.8463      701.9380    26244    0.30%
     95    93      701.4956   671      699.8463      701.9380    27958    0.30%
    100    98      701.4396   674      699.8463      701.9380    28962    0.30%
    107   105      701.3544   647      699.8463      701.9380    30729    0.30%
    114   112      701.3169   645      699.8463      701.9380    32487    0.30%
Elapsed time = 23.18 sec. (21499.64 ticks, tree = 0.87 MB, solutions = 1)
    124   122      701.1459   589      699.8463      701.9380    34408    0.30%
    133   131      701.0343   564      699.8463      701.9380    36188    0.30%
    140   138      700.8336   542      699.8463      701.9380    37699    0.30%
    158   156      700.4701   521      699.8463      701.9380    39672    0.30%
    170   165      701.7569   690      699.8463      701.9372    41184    0.30%
    174   169      701.6614   680      699.8463      701.9372    42692    0.30%
    179   174      701.5394   644      699.8463      701.9372    44322    0.30%
    180   175      701.5341   662      699.8463      701.9372    44781    0.30%
    184   179      701.4581   635      699.8463      701.9372    46463    0.30%
    190   185      701.3486   623      699.8463      701.9372    48575    0.30%
Elapsed time = 34.71 sec. (32309.27 ticks, tree = 2.20 MB, solutions = 1)
    197   192      701.2705   622      699.8463      701.9372    50461    0.30%
    200   195      701.2169   594      699.8463      701.9372    51354    0.30%
    208   203      701.1518   573      699.8463      701.9372    53509    0.30%
    217   212      701.0391   546      699.8463      701.9372    55554    0.30%
    220   215      700.9109   541      699.8463      701.9372    56376    0.30%
    233   228      700.2576   482      699.8463      701.9372    58152    0.30%
    251   240      701.7058   656      699.8463      701.9128    60565    0.30%
    260   249      701.1990   687      699.8463      701.9128    62320    0.30%
    272   261      700.9945   648      699.8463      701.9128    64190    0.30%
    284   273      700.5374   606      699.8463      701.9128    65871    0.30%
Elapsed time = 46.45 sec. (43195.62 ticks, tree = 3.76 MB, solutions = 1)
    305   294      700.1012   498      699.8463      701.9128    67665    0.30%
    325   305      701.5831   719      699.8463      701.9128    69647    0.30%
    331   311      701.5488   716      699.8463      701.9128    71221    0.30%
    339   319      701.2402   655      699.8463      701.9128    73134    0.30%
    347   327      701.2009   607      699.8463      701.9128    74829    0.30%
    358   338      701.0028   599      699.8463      701.9128    76538    0.30%
    366   346      700.8840   575      699.8463      701.9128    77732    0.30%
    381   361      700.7104   528      699.8463      701.9128    79745    0.30%
    400   380      700.2002   454      699.8463      701.9128    82000    0.30%
    413   390      701.6922   734      699.8463      701.9034    83881    0.29%
Elapsed time = 57.42 sec. (53454.10 ticks, tree = 8.25 MB, solutions = 1)
    419   396      701.4949   711      699.8463      701.9034    85740    0.29%
    424   401      701.3673   723      699.8463      701.9034    86911    0.29%
    429   406      701.2875   732      699.8463      701.9034    88311    0.29%
    432   409      701.1328   691      699.8463      701.9034    89499    0.29%
    438   415      701.0950   612      699.8463      701.9034    91013    0.29%
    442   419      701.0290   601      699.8463      701.9034    92151    0.29%
    449   426      700.9437   605      699.8463      701.9034    93821    0.29%
    457   434      700.7582   532      699.8463      701.9034    95338    0.29%
    467   444      700.6332   501      699.8463      701.9034    97215    0.29%
    479   456      700.3919   428      699.8463      701.9034    99431    0.29%
Elapsed time = 67.28 sec. (63596.40 ticks, tree = 9.05 MB, solutions = 1)

Performing restart 1

Repeating presolve.
Tried aggregator 1 time.
MIP Presolve modified 444 coefficients.
Reduced MIP has 2712 rows, 3195 columns, and 29784 nonzeros.
Reduced MIP has 798 binaries, 797 generals, 0 SOSs, and 0 indicators.
Presolve time = 0.01 sec. (5.68 ticks)
Tried aggregator 1 time.
Reduced MIP has 2712 rows, 3195 columns, and 29784 nonzeros.
Reduced MIP has 798 binaries, 797 generals, 0 SOSs, and 0 indicators.
Presolve time = 0.01 sec. (5.62 ticks)
Represolve time = 0.05 sec. (37.45 ticks)
    486     0      701.2259   301      699.8463     Cuts: 192   105080    0.20%
    486     0      701.1296   274      699.8463      Cuts: 88   105409    0.18%
    486     0      701.0945   279      699.8463      Cuts: 67   105598    0.18%
    486     0      701.0713   291      699.8463      Cuts: 50   105738    0.18%
    486     0      701.0609   316      699.8463      Cuts: 50   105857    0.17%
    486     0      701.0514   320      699.8463      Cuts: 46   105996    0.17%
    486     0      701.0434   324      699.8463      Cuts: 36   106115    0.17%
    486     0      701.0352   329      699.8463      Cuts: 43   106223    0.17%
    486     0      701.0289   315      699.8463      Cuts: 44   106312    0.17%
    486     0      701.0254   323      699.8463      Cuts: 40   106410    0.17%
    486     0      701.0169   327      699.8463      Cuts: 38   106546    0.17%
    486     0      701.0110   321      699.8463      Cuts: 27   106668    0.17%
    486     0      701.0057   288      699.8463     Cuts: 112   106756    0.17%
    486     0      701.0042   321      699.8463      Cuts: 29   106826    0.17%
    486     0      701.0024   295      699.8463      Cuts: 26   106905    0.17%
    486     0      701.0010   302      699.8463      Cuts: 19   106967    0.16%
    486     0      700.9993   310      699.8463      Cuts: 14   107029    0.16%
    486     2      700.9993   310      699.8463      700.9993   107029    0.16%
    487     3      700.9877   269      699.8463      700.9991   107214    0.16%
    488     4      700.9466   266      699.8463      700.9877   107565    0.16%
    489     5      700.9418   264      699.8463      700.9877   107627    0.16%
    490     6      700.9198   308      699.8463      700.9877   108259    0.16%
    491     7      700.6886   285      699.8463      700.9877   108544    0.16%
    495    11      700.9191   292      699.8463      700.9877   108609    0.16%
    497    13      700.4497   299      699.8463      700.9877   109224    0.16%
    499    15      700.9159   313      699.8463      700.9877   109325    0.16%
    502    18      700.8388   280      699.8463      700.9877   110076    0.16%
Elapsed time = 90.42 sec. (88133.11 ticks, tree = 0.12 MB, solutions = 1)
    514    25      699.9454   269      699.8463      700.9877   111546    0.16%
    526    31      699.8944   224      699.8463      700.9877   112704    0.16%
    548    38      700.9641   328      699.8463      700.9876   113597    0.16%
    550    40      700.9461   357      699.8463      700.9876   113965    0.16%
    552    41      700.3690   335      699.8463      700.9876   114654    0.16%
    564    49      699.9337   307      699.8463      700.9876   115627    0.16%
    578    54        cutoff            699.8463      700.9876   118190    0.16%
    586    56      700.2779   331      699.8463      700.9634   119180    0.16%
    602    68      699.9383   282      699.8463      700.9634   119906    0.16%
    638    81      700.2040   389      699.8463      700.9461   121950    0.16%
Elapsed time = 101.73 sec. (99439.27 ticks, tree = 1.34 MB, solutions = 1)
    664   101      700.1928   324      699.8463      700.9461   122538    0.16%
    679   113      700.1564   301      699.8463      700.9461   123252    0.16%
    706   134      700.1329   242      699.8463      700.9461   124233    0.16%
    733   147      700.3910   388      699.8463      700.9419   126849    0.16%
    746   157      700.1193   349      699.8463      700.9419   127369    0.16%
    789   178      699.8815   262      699.8463      700.9419   129605    0.16%
    808   182      700.3967   393      699.8463      700.9412   130658    0.16%
    826   191      700.3901   370      699.8463      700.9412   131617    0.16%
    850   200      699.8696   307      699.8463      700.9412   133609    0.16%
    879   215      700.3611   397      699.8463      700.9398   134975    0.16%
Elapsed time = 114.84 sec. (111059.84 ticks, tree = 5.06 MB, solutions = 1)
    895   231      700.6060   380      699.8463      700.9398   136275    0.16%
    926   240      699.8599   327      699.8463      700.9398   138143    0.16%
    956   258      700.4962   374      699.8463      700.9357   139605    0.16%
    974   272      700.0400   329      699.8463      700.9357   141239    0.16%
   1006   293      699.9794   271      699.8463      700.9357   143470    0.16%
   1043   319      699.8914   199      699.8463      700.9357   145849    0.16%
   1065   333      700.3774   410      699.8463      700.9344   148469    0.16%
   1086   344      700.3715   378      699.8463      700.9344   149538    0.16%
   1135   364      699.9561   342      699.8463      700.9314   151228    0.16%
   1276   437      700.1799   362      699.8463      700.9268   157097    0.15%
Elapsed time = 130.61 sec. (125200.29 ticks, tree = 9.82 MB, solutions = 1)
   1446   521      700.9228   319      699.8463      700.9236   162739    0.15%
   1627   609      700.0677   309      699.8463      700.9226   170824    0.15%
   1777   707      700.7418   310      699.8463      700.9214   178145    0.15%
   1948   816      699.9236   216      699.8463      700.9214   185669    0.15%
   2091   901      699.9865   267      699.8463      700.9183   194821    0.15%
   2284   991      700.0493   314      699.8463      700.9177   203496    0.15%
   2463  1066      700.4184   356      699.8463      700.9170   210230    0.15%
   2661  1165      699.9027   281      699.8463      700.9137   219522    0.15%
   2880  1312      700.4211   359      699.8463      700.9094   228020    0.15%
   3117  1421        cutoff            699.8463      700.9089   236438    0.15%
Elapsed time = 178.00 sec. (164333.07 ticks, tree = 37.12 MB, solutions = 1)
   3380  1578      700.2073   227      699.8463      700.9077   244950    0.15%
   3568  1705        cutoff            699.8463      700.9052   253953    0.15%
   3754  1817      699.9772   317      699.8463      700.9042   262952    0.15%
   3956  1923      699.8723   302      699.8463      700.9016   271948    0.15%
   4109  2029      700.3090   224      699.8463      700.8993   281513    0.15%
   4338  2122        cutoff            699.8463      700.8988   290839    0.15%
   4554  2218      699.9100   247      699.8463      700.8979   299153    0.15%
   4762  2302      699.8901   263      699.8463      700.8968   309260    0.15%
   4986  2410      699.8732   180      699.8463      700.8965   319682    0.15%
   5220  2526      699.9039   237      699.8463      700.8964   330579    0.15%
Elapsed time = 224.59 sec. (202732.88 ticks, tree = 57.64 MB, solutions = 1)
   5520  2681      699.9158   185      699.8463      700.8954   340107    0.15%
   5690  2787      699.8519   187      699.8463      700.8947   348489    0.15%
   5899  2888      700.6966   296      699.8463      700.8941   357668    0.15%
   6151  3013      699.8648   135      699.8463      700.8939   368425    0.15%
   6404  3137        cutoff            699.8463      700.8931   376787    0.15%
   6614  3233      699.9091   185      699.8463      700.8929   386380    0.15%
   6826  3364      700.4982   275      699.8463      700.8917   396413    0.15%
   7065  3466      699.8695   159      699.8463      700.8905   403948    0.15%
   7283  3560      700.6451   302      699.8463      700.8898   413240    0.15%
   7465  3651      699.8736   192      699.8463      700.8897   423145    0.15%
Elapsed time = 271.04 sec. (241040.53 ticks, tree = 94.41 MB, solutions = 1)
   7713  3794      699.9164   212      699.8463      700.8879   433313    0.15%
   7927  3902      700.0879   286      699.8463      700.8859   442761    0.15%
   8149  4004      699.9078   178      699.8463      700.8841   451182    0.15%
   8341  4105      699.9956   213      699.8463      700.8830   461114    0.15%
   8538  4211      699.8732   155      699.8463      700.8815   469733    0.15%
   8741  4310      700.0400   327      699.8463      700.8804   477579    0.15%
   8946  4437      699.9639   222      699.8463      700.8789   486267    0.15%
   9115  4519      699.9862   260      699.8463      700.8781   495191    0.15%
   9372  4638      699.9565   166      699.8463      700.8770   505899    0.15%
   9577  4752      700.2592   299      699.8463      700.8754   515768    0.15%
Elapsed time = 317.56 sec. (279589.25 ticks, tree = 127.86 MB, solutions = 1)
   9773  4927      700.1680    93      699.8463      700.8752   524251    0.15%
   9994  5055      699.9226   174      699.8463      700.8747   534275    0.15%
  10206  5168        cutoff            699.8463      700.8736   543544    0.15%
  10207  5169      700.0296   245      699.8463      700.8736   543553    0.15%
  10208  5170      700.2988   252      699.8463      700.8732   543731    0.15%
  10454  5302      700.0004   231      699.8463      700.8731   553986    0.15%
  10665  5413      699.8996   238      699.8463      700.8724   564272    0.15%
  10911  5524      700.3181   223      699.8463      700.8713   573588    0.15%
  11117  5639      700.0723   207      699.8463      700.8707   583212    0.15%
  11353  5769      699.8898   241      699.8463      700.8702   593715    0.15%
Elapsed time = 376.77 sec. (332328.18 ticks, tree = 161.46 MB, solutions = 1)
  11606  5886      699.8513   172      699.8463      700.8691   602475    0.15%
  11868  5996      700.1050   228      699.8463      700.8664   612459    0.15%
  12065  6098      700.3756   319      699.8463      700.8653   620233    0.15%
  12237  6188      700.3773   250      699.8463      700.8647   628542    0.15%
  12426  6293      699.9381   220      699.8463      700.8643   639166    0.15%
  12642  6402      700.2933   225      699.8463      700.8637   647653    0.15%
  12915  6595        cutoff            699.8463      700.8633   657466    0.15%
  13140  6680      700.2566   209      699.8463      700.8627   666469    0.15%
  13316  6797      700.5243   262      699.8463      700.8625   677173    0.15%
  13576  6913      699.8609   223      699.8463      700.8612   686334    0.15%
Elapsed time = 422.44 sec. (370712.36 ticks, tree = 199.14 MB, solutions = 1)
  13752  6988      699.9796   224      699.8463      700.8609   695805    0.14%
  13960  7079      700.3061   231      699.8463      700.8602   706300    0.14%
  14241  7239      700.3690   204      699.8463      700.8600   715436    0.14%
  14508  7342      699.8688   223      699.8463      700.8583   725966    0.14%
  14704  7434      700.3488   241      699.8463      700.8576   735711    0.14%
  14942  7558      700.0893   222      699.8463      700.8568   745101    0.14%
  15185  7685      700.6683   241      699.8463      700.8562   756004    0.14%
  15416  7818      700.6489   224      699.8463      700.8557   766392    0.14%
  15666  8028      699.8939   183      699.8463      700.8550   775884    0.14%
  15850  8108      700.0185   217      699.8463      700.8538   785385    0.14%
Elapsed time = 468.78 sec. (409052.70 ticks, tree = 237.45 MB, solutions = 1)
  16094  8215      700.3295   228      699.8463      700.8516   794572    0.14%
  16339  8332      699.9219   216      699.8463      700.8506   803928    0.14%
  16548  8423      699.9537   145      699.8463      700.8500   811969    0.14%
  16726  8531      699.8811   178      699.8463      700.8481   821750    0.14%
  16929  8609      700.1663   221      699.8463      700.8468   831818    0.14%
  17188  8700      699.9963   372      699.8463      700.8454   841476    0.14%
  17476  8824      699.8666   117      699.8463      700.8437   849838    0.14%
  17733  8925      700.5197   239      699.8463      700.8426   860323    0.14%
  18013  9148        cutoff            699.8463      700.8423   870945    0.14%
  18212  9256      700.3590   220      699.8463      700.8421   880083    0.14%
Elapsed time = 515.41 sec. (447734.63 ticks, tree = 277.09 MB, solutions = 1)
  18431  9372      699.9900   139      699.8463      700.8415   890120    0.14%
  18671  9451      699.9327   218      699.8463      700.8409   899118    0.14%
  18909  9578      700.8334   286      699.8463      700.8403   909674    0.14%
  19069  9665      699.8801   138      699.8463      700.8400   918160    0.14%
  19376  9810      700.2248   263      699.8463      700.8387   927576    0.14%
  19603  9917      699.8912   234      699.8463      700.8377   938238    0.14%
  19808 10019        cutoff            699.8463      700.8373   948162    0.14%
  20067 10128      699.8609   212      699.8463      700.8360   958817    0.14%
  20291 10231      699.9731   175      699.8463      700.8354   969010    0.14%
  20488 10348      700.1635   200      699.8463      700.8352   980142    0.14%
Elapsed time = 561.13 sec. (486053.78 ticks, tree = 314.16 MB, solutions = 1)
  20673 10449        cutoff            699.8463      700.8350   991348    0.14%
  20901 10579      700.3888   317      699.8463      700.8342  1002793    0.14%
  21144 10695      699.9423   151      699.8463      700.8342  1012382    0.14%
  21387 10786      699.8575   190      699.8463      700.8333  1021679    0.14%
  21633 10895      699.8858   179      699.8463      700.8324  1032648    0.14%
  21875 11012        cutoff            699.8463      700.8315  1042493    0.14%
  22157 11141      699.9290   214      699.8463      700.8309  1052254    0.14%
  22451 11285      699.8524   201      699.8463      700.8300  1062181    0.14%
  22720 11393      700.1239   278      699.8463      700.8288  1072313    0.14%
  23032 11584      699.9822   212      699.8463      700.8284  1083020    0.14%
Elapsed time = 609.51 sec. (524424.59 ticks, tree = 356.48 MB, solutions = 1)
  23241 11664      699.8485   143      699.8463      700.8280  1092915    0.14%
  23414 11772      699.8782   174      699.8463      700.8279  1103988    0.14%
  23654 11894      699.9056   281      699.8463      700.8275  1114293    0.14%
  23850 11974      700.1402   260      699.8463      700.8272  1124450    0.14%
  24088 12094      700.4285   298      699.8463      700.8265  1136280    0.14%
  24288 12199      700.2678   188      699.8463      700.8263  1145287    0.14%
  24500 12302      699.8728   212      699.8463      700.8258  1156339    0.14%
  24703 12423      699.8811   216      699.8463      700.8255  1167322    0.14%
  24952 12546      699.9501   230      699.8463      700.8249  1178903    0.14%
  25228 12693      700.5426   138      699.8463      700.8242  1189341    0.14%
Elapsed time = 656.18 sec. (562779.76 ticks, tree = 392.77 MB, solutions = 1)
  25441 12823      700.0936   197      699.8463      700.8241  1198406    0.14%
  25670 12910      700.4891   192      699.8463      700.8237  1207882    0.14%
  25855 13018      699.9484   282      699.8463      700.8228  1217787    0.14%
  26113 13153      699.8693   163      699.8463      700.8226  1227952    0.14%
  26283 13240      700.4362   172      699.8463      700.8223  1238764    0.14%
  26500 13352      699.8506   141      699.8463      700.8220  1249289    0.14%
  26797 13487      699.9408   151      699.8463      700.8216  1260272    0.14%
  26965 13574      700.0264   199      699.8463      700.8211  1270011    0.14%
  27231 13703      700.1337   120      699.8463      700.8200  1281406    0.14%
  27412 13795      699.9614   232      699.8463      700.8195  1291072    0.14%
Elapsed time = 704.13 sec. (601195.80 ticks, tree = 430.42 MB, solutions = 1)
  27664 13910      700.0721   167      699.8463      700.8192  1301509    0.14%
  27888 14103      699.8824   270      699.8463      700.8191  1311539    0.14%
  28077 14173        cutoff            699.8463      700.8190  1320448    0.14%
  28288 14271      700.0710   104      699.8463      700.8176  1330368    0.14%
  28500 14375      699.9032   334      699.8463      700.8166  1338893    0.14%
  28675 14474      700.7933   287      699.8463      700.8147  1348163    0.14%
  28883 14589      700.3572   257      699.8463      700.8143  1358729    0.14%
  29072 14670      699.8916   200      699.8463      700.8141  1368490    0.14%
  29286 14783      699.9644   191      699.8463      700.8129  1377461    0.14%
  29515 14895      700.0103   298      699.8463      700.8121  1386519    0.14%
Elapsed time = 750.62 sec. (639680.54 ticks, tree = 466.63 MB, solutions = 1)
  29676 14966      700.0021   162      699.8463      700.8118  1394726    0.14%
  29889 15085      699.8937   282      699.8463      700.8112  1404955    0.14%
  30086 15194      700.3614   206      699.8463      700.8108  1415218    0.14%
  30333 15286      699.8779   171      699.8463      700.8105  1423075    0.14%
  30614 15506      699.8618   145      699.8463      700.8096  1431664    0.14%
  30825 15599      699.8478   201      699.8463      700.8094  1441284    0.14%
  31003 15695      700.3432   197      699.8463      700.8091  1450217    0.14%
  31196 15790      700.7998   170      699.8463      700.8087  1459196    0.14%
  31407 15897      700.0704   149      699.8463      700.8085  1467786    0.14%
  31610 16017      699.8793   135      699.8463      700.8080  1478342    0.14%
Elapsed time = 796.66 sec. (678072.03 ticks, tree = 502.69 MB, solutions = 1)
  31812 16100      699.8465   161      699.8463      700.8079  1487703    0.14%
  31980 16164      700.2711   216      699.8463      700.8075  1495608    0.14%
  32204 16286      699.9895   169      699.8463      700.8074  1505908    0.14%
  32465 16400      700.1214   237      699.8463      700.8072  1515841    0.14%
  32639 16507      699.9266   269      699.8463      700.8070  1525207    0.14%
  32830 16593        cutoff            699.8463      700.8068  1534741    0.14%
  33003 16679      700.8052   203      699.8463      700.8066  1542423    0.14%
  33222 16774        cutoff            699.8463      700.8065  1551816    0.14%
  33440 16887      699.9282   250      699.8463      700.8062  1562292    0.14%
  33633 17000      700.6177   216      699.8463      700.8060  1572822    0.14%
Elapsed time = 841.83 sec. (716403.18 ticks, tree = 537.18 MB, solutions = 1)
  33813 17099      699.8745   191      699.8463      700.8059  1582982    0.14%
  33993 17202      700.6024   313      699.8463      700.8056  1592426    0.14%
  34217 17290      699.9015   131      699.8463      700.8054  1602321    0.14%
  34487 17396      700.0245   180      699.8463      700.8048  1612346    0.14%
  34682 17486      699.8734   190      699.8463      700.8044  1622208    0.14%
  34942 17653      700.1531    67      699.8463      700.8042  1632175    0.14%
  35161 17766      699.8919   160      699.8463      700.8039  1642843    0.14%
  35402 17878      700.6302   174      699.8463      700.8034  1652654    0.14%
  35563 17975      699.8797   119      699.8463      700.8034  1663433    0.14%
  35812 18080      700.0067   184      699.8463      700.8028  1672367    0.14%
Elapsed time = 887.35 sec. (754730.23 ticks, tree = 574.03 MB, solutions = 1)
  36073 18202      699.8492   188      699.8463      700.8025  1683097    0.14%
  36242 18286      699.9110   279      699.8463      700.8025  1693978    0.14%
  36454 18384      700.6232   165      699.8463      700.8024  1703325    0.14%
  36677 18515      700.1745   182      699.8463      700.8020  1715490    0.14%
  36859 18620      699.9453   153      699.8463      700.8020  1725000    0.14%
  37056 18715      699.9049   223      699.8463      700.8019  1733952    0.14%
  37262 18821      699.9173   270      699.8463      700.8017  1744065    0.14%
  37486 18939      699.9034   152      699.8463      700.8013  1753659    0.14%
  37660 19023      700.0308   139      699.8463      700.8013  1763238    0.14%
  37888 19119      700.3034   308      699.8463      700.8009  1773205    0.14%
Elapsed time = 932.19 sec. (793270.68 ticks, tree = 607.73 MB, solutions = 1)
  38100 19210      699.8538   229      699.8463      700.8007  1783763    0.14%
  38320 19296      700.0143   255      699.8463      700.8001  1794200    0.14%
  38521 19412      700.0677   170      699.8463      700.8000  1803309    0.14%
  38695 19535      700.2382   277      699.8463      700.7998  1814913    0.14%
  38897 19627      700.1494   167      699.8463      700.7996  1824297    0.14%
  39103 19717      700.7932   201      699.8463      700.7995  1834292    0.14%
  39343 19818        cutoff            699.8463      700.7993  1844146    0.14%
  39589 19927      700.6841   189      699.8463      700.7989  1854263    0.14%
  39799 20037      699.9057    97      699.8463      700.7988  1865529    0.14%
  40053 20207        cutoff            699.8463      700.7984  1876374    0.14%
Elapsed time = 977.52 sec. (831645.32 ticks, tree = 645.17 MB, solutions = 1)
  40293 20303      699.8466   310      699.8463      700.7980  1886593    0.14%
  40499 20410      700.1911   155      699.8463      700.7978  1897743    0.14%
  40773 20550      699.9062   159      699.8463      700.7973  1908647    0.14%
  40995 20645      700.0644   170      699.8463      700.7966  1919008    0.14%
  41249 20767      699.8668   271      699.8463      700.7962  1930190    0.14%
  41448 20878      700.6253   199      699.8463      700.7953  1941468    0.14%
  41680 20980      700.2820   186      699.8463      700.7947  1953111    0.14%
  41884 21089      699.9519   215      699.8463      700.7944  1963876    0.14%
  42133 21219      699.8981   126      699.8463      700.7943  1974878    0.14%
  42334 21356      700.2440   207      699.8463      700.7939  1986366    0.14%
Elapsed time = 1024.59 sec. (870202.13 ticks, tree = 685.11 MB, solutions = 1)
  42521 21448      700.3799   142      699.8463      700.7936  1996405    0.14%
  42724 21548      699.8554   156      699.8463      700.7931  2006874    0.14%
  42947 21638      700.0492   153      699.8463      700.7928  2017058    0.14%
  43159 21727      700.3862   250      699.8463      700.7925  2027154    0.14%
  43336 21814      699.8466   159      699.8463      700.7925  2038140    0.14%
  43568 21910      699.9634   257      699.8463      700.7923  2046619    0.14%
  43826 22033      700.1287   236      699.8463      700.7919  2057765    0.14%
  44100 22190      700.3359   247      699.8463      700.7918  2068705    0.14%
  44331 22284      700.7857   223      699.8463      700.7912  2078798    0.14%
  44548 22402      699.9345   222      699.8463      700.7909  2090207    0.13%
Elapsed time = 1069.99 sec. (908499.83 ticks, tree = 720.51 MB, solutions = 1)
  44833 22549      700.3793   224      699.8463      700.7908  2100456    0.13%
  45027 22674      700.1294   199      699.8463      700.7907  2111156    0.13%
  45281 22787      700.0657   209      699.8463      700.7904  2121961    0.13%
  45549 22904        cutoff            699.8463      700.7901  2132752    0.13%
  45757 23017      700.1151   197      699.8463      700.7899  2144435    0.13%
  45981 23126      699.8893   179      699.8463      700.7894  2156338    0.13%
  46189 23221      700.0336   213      699.8463      700.7890  2164674    0.13%
  46414 23329      700.7244   211      699.8463      700.7888  2175519    0.13%
  46556 23446      700.2378   150      699.8463      700.7887  2187199    0.13%
  46759 23561      699.8930   104      699.8463      700.7886  2197269    0.13%
Elapsed time = 1115.97 sec. (946975.74 ticks, tree = 760.62 MB, solutions = 1)
  46956 23670      700.6600   182      699.8463      700.7883  2206924    0.13%
  47127 23807      700.0513   183      699.8463      700.7882  2217282    0.13%
  47361 23906      700.7717   168      699.8463      700.7880  2227834    0.13%
  47575 24004      699.9584   235      699.8463      700.7879  2238219    0.13%
  47836 24117      699.8907   141      699.8463      700.7879  2247629    0.13%
  48068 24232      700.5440   285      699.8463      700.7873  2258424    0.13%
  48259 24321      700.4723   211      699.8463      700.7869  2267551    0.13%
  48495 24408        cutoff            699.8463      700.7867  2278151    0.13%
  48704 24524      699.8892   183      699.8463      700.7862  2288634    0.13%
  48944 24629      699.8856   120      699.8463      700.7857  2298013    0.13%
Elapsed time = 1161.90 sec. (985403.76 ticks, tree = 797.71 MB, solutions = 1)
  49130 24735      699.8949   165      699.8463      700.7855  2308032    0.13%
  49409 24885      700.0093   231      699.8463      700.7851  2318535    0.13%
  49684 25008      699.8886   254      699.8463      700.7848  2329635    0.13%
  49895 25121      700.7745   186      699.8463      700.7842  2340643    0.13%
  50089 25243      699.8811   163      699.8463      700.7841  2351933    0.13%
  50277 25341      700.1546   163      699.8463      700.7837  2362265    0.13%
  50459 25460      699.8847   165      699.8463      700.7836  2373200    0.13%
  50597 25524      699.8976   223      699.8463      700.7834  2382429    0.13%
  50814 25593      699.8475   192      699.8463      700.7831  2391391    0.13%
  51035 25680      699.9738   233      699.8463      700.7828  2400397    0.13%
Elapsed time = 1207.22 sec. (1023732.39 ticks, tree = 831.90 MB, solutions = 1)
  51275 25783      699.9123   191      699.8463      700.7824  2411569    0.13%
  51559 25952      699.8671   170      699.8463      700.7817  2422353    0.13%
  51775 26054      700.4384   171      699.8463      700.7811  2432401    0.13%
  52015 26172      700.1458   213      699.8463      700.7806  2443512    0.13%
  52227 26265      699.9409   212      699.8463      700.7802  2454153    0.13%
  52452 26386      700.4465   150      699.8463      700.7795  2465267    0.13%
  52696 26564      700.4993   290      699.8463      700.7790  2476348    0.13%
  52887 26633      699.9447   238      699.8463      700.7789  2484131    0.13%
  53059 26694      700.0214   195      699.8463      700.7788  2492384    0.13%
  53197 26776      700.0778   244      699.8463      700.7786  2502721    0.13%
Elapsed time = 1253.47 sec. (1062298.95 ticks, tree = 868.94 MB, solutions = 1)
  53462 26886      700.5071   213      699.8463      700.7781  2513341    0.13%
  53726 27063      699.9093   213      699.8463      700.7778  2524127    0.13%
  53945 27155      699.9183   168      699.8463      700.7775  2533030    0.13%
  54185 27241      699.8655   181      699.8463      700.7774  2542500    0.13%
  54486 27360      699.9285   195      699.8463      700.7770  2552809    0.13%
  54690 27447      700.0016   168      699.8463      700.7766  2563457    0.13%
  54936 27547      699.8541   203      699.8463      700.7763  2573749    0.13%
  55219 27659      699.9351   156      699.8463      700.7760  2584605    0.13%
  55390 27733      699.8552   138      699.8463      700.7759  2593983    0.13%
  55601 27810      699.8572   125      699.8463      700.7757  2603844    0.13%
Elapsed time = 1300.03 sec. (1100687.58 ticks, tree = 905.50 MB, solutions = 1)
  55866 27962      700.1431   257      699.8463      700.7751  2614510    0.13%
  56072 28062      699.9088   185      699.8463      700.7750  2624980    0.13%
  56261 28157      700.0830   281      699.8463      700.7748  2634305    0.13%
  56474 28269      700.0655   189      699.8463      700.7746  2645331    0.13%
  56644 28376      699.9130   206      699.8463      700.7745  2655191    0.13%
  56897 28483      699.8591   191      699.8463      700.7743  2665482    0.13%
  57157 28600      699.9831   222      699.8463      700.7740  2675531    0.13%
  57333 28711      699.8625   217      699.8463      700.7739  2685854    0.13%
  57579 28816      699.9573   261      699.8463      700.7738  2696412    0.13%
  57762 28894      699.8510   194      699.8463      700.7735  2705238    0.13%
Elapsed time = 1345.93 sec. (1139035.44 ticks, tree = 942.98 MB, solutions = 1)
  58008 29019      700.0291   234      699.8463      700.7733  2716105    0.13%
  58276 29207      700.4072   285      699.8463      700.7732  2726418    0.13%
  58456 29302      699.9788   241      699.8463      700.7731  2736226    0.13%
  58655 29374      699.8483   177      699.8463      700.7729  2744167    0.13%
  58868 29484      699.8683   195      699.8463      700.7728  2754520    0.13%
  59108 29617      699.9108   187      699.8463      700.7726  2764785    0.13%
  59305 29714      700.4241   197      699.8463      700.7725  2775015    0.13%
  59532 29822      700.1126   200      699.8463      700.7724  2785401    0.13%
  59748 29929      700.1501   181      699.8463      700.7721  2795170    0.13%
  59991 30057      700.5477   199      699.8463      700.7719  2805256    0.13%
Elapsed time = 1392.01 sec. (1177511.45 ticks, tree = 981.30 MB, solutions = 1)
  60247 30170      700.3006   199      699.8463      700.7718  2815941    0.13%
  60502 30320      700.5906   107      699.8463      700.7717  2827294    0.13%
  60726 30454      699.8911   153      699.8463      700.7716  2836946    0.13%
  60903 30555      700.2220   150      699.8463      700.7715  2847534    0.13%
  61120 30684      699.8483    89      699.8463      700.7712  2858044    0.13%
  61357 30787      700.3872   156      699.8463      700.7711  2867204    0.13%
  61551 30863      700.3327   244      699.8463      700.7708  2877006    0.13%
  61750 30958      700.2290   204      699.8463      700.7707  2886636    0.13%
  61927 31046      699.8690   154      699.8463      700.7705  2896946    0.13%
  62076 31146      700.1874   146      699.8463      700.7701  2908010    0.13%
Elapsed time = 1438.08 sec. (1215953.61 ticks, tree = 1018.91 MB, solutions = 1)
  62314 31254        cutoff            699.8463      700.7695  2916120    0.13%
  62454 31322      700.3740   234      699.8463      700.7694  2925066    0.13%
  62636 31405      700.3883   224      699.8463      700.7692  2934800    0.13%
  62850 31511      700.1031   255      699.8463      700.7690  2944958    0.13%
  63041 31654      700.2809   174      699.8463      700.7690  2954758    0.13%
  63214 31766      700.0684   223      699.8463      700.7688  2966751    0.13%
  63407 31858      699.8673   229      699.8463      700.7687  2974448    0.13%
  63586 31931      699.9165   186      699.8463      700.7686  2983536    0.13%
  63776 32016      699.8466   178      699.8463      700.7682  2992653    0.13%
  63936 32085      700.1577   222      699.8463      700.7678  3002072    0.13%
Elapsed time = 1481.80 sec. (1254388.08 ticks, tree = 1045.95 MB, solutions = 1)
  64155 32195        cutoff            699.8463      700.7674  3012063    0.13%
  64366 32279      700.1914   157      699.8463      700.7673  3021648    0.13%
  64567 32375      699.9660   152      699.8463      700.7673  3030390    0.13%
  64753 32482      699.8909   254      699.8463      700.7671  3041170    0.13%
  64834 32536      700.2636   267      699.8463      700.7671  3050042    0.13%
  65021 32608      700.5566   284      699.8463      700.7668  3058198    0.13%
  65285 32817      700.0618   211      699.8463      700.7667  3067672    0.13%
  65519 32920      699.9236   160      699.8463      700.7665  3077211    0.13%
  65732 33017      700.0747   273      699.8463      700.7663  3086798    0.13%
  65929 33101      699.9174   267      699.8463      700.7661  3095710    0.13%
Elapsed time = 1526.68 sec. (1293006.63 ticks, tree = 1074.22 MB, solutions = 1)
  66149 33233      700.3558   258      699.8463      700.7657  3103838    0.13%
  66324 33312      700.1641   201      699.8463      700.7655  3113671    0.13%
  66486 33390      700.0474   227      699.8463      700.7653  3122953    0.13%
  66689 33485      700.5631   189      699.8463      700.7651  3133918    0.13%
  66885 33588      700.0291   190      699.8463      700.7650  3143818    0.13%
  67138 33709      699.9295   149      699.8463      700.7648  3153260    0.13%
  67330 33803      699.8488   176      699.8463      700.7645  3162454    0.13%
  67571 33908      700.1617   241      699.8463      700.7644  3172756    0.13%
  67815 33993      700.1557   192      699.8463      700.7642  3182716    0.13%
  68024 34098      699.8991   195      699.8463      700.7642  3192246    0.13%
Elapsed time = 1572.18 sec. (1331629.08 ticks, tree = 1108.39 MB, solutions = 1)
  68284 34190      699.8624   256      699.8463      700.7640  3200450    0.13%
  68486 34294      700.0902   220      699.8463      700.7640  3209715    0.13%
  68733 34428        cutoff            699.8463      700.7639  3220927    0.13%
  68980 34513      700.5608   310      699.8463      700.7639  3231514    0.13%
  69174 34572      700.1656   219      699.8463      700.7636  3240341    0.13%
  69400 34695      699.9657   296      699.8463      700.7633  3251204    0.13%
  69594 34761      700.3186   210      699.8463      700.7630  3260800    0.13%
  69744 34841      700.6012   261      699.8463      700.7628  3270923    0.13%
  69948 34950      699.8511   144      699.8463      700.7626  3281198    0.13%
  70113 35026      699.8554   144      699.8463      700.7626  3290382    0.13%
Elapsed time = 1617.22 sec. (1370223.54 ticks, tree = 1138.22 MB, solutions = 1)
  70371 35143      700.1948   321      699.8463      700.7624  3300476    0.13%
  70579 35245      699.8510   216      699.8463      700.7622  3311671    0.13%
  70789 35337      700.1207   143      699.8463      700.7620  3322522    0.13%
  70990 35470      700.1507   246      699.8463      700.7619  3334163    0.13%
  71212 35591      700.4427   160      699.8463      700.7618  3344402    0.13%
  71396 35721      700.5282   143      699.8463      700.7617  3353581    0.13%
  71562 35854      700.4137   123      699.8463      700.7617  3364958    0.13%
  71761 35985      699.9908   188      699.8463      700.7616  3373833    0.13%
  71962 36095      699.8931   120      699.8463      700.7615  3384225    0.13%
  72157 36210      699.8678   196      699.8463      700.7612  3393856    0.13%
Elapsed time = 1663.08 sec. (1408585.29 ticks, tree = 1179.84 MB, solutions = 1)
  72333 36304        cutoff            699.8463      700.7612  3403945    0.13%
  72479 36391      699.8565   182      699.8463      700.7611  3414588    0.13%
  72685 36532      699.9458   227      699.8463      700.7609  3423756    0.13%
  72827 36619      700.0048   238      699.8463      700.7608  3433892    0.13%
  73016 36671      699.9112   144      699.8463      700.7607  3442198    0.13%
  73210 36747        cutoff            699.8463      700.7606  3450915    0.13%
  73462 36877      699.8506   175      699.8463      700.7603  3460210    0.13%
  73623 36954      700.5941   271      699.8463      700.7600  3470607    0.13%
  73840 37079      699.8881   142      699.8463      700.7597  3480845    0.13%
  74055 37187      700.0524   184      699.8463      700.7595  3490982    0.13%
Elapsed time = 1707.68 sec. (1446996.84 ticks, tree = 1214.44 MB, solutions = 1)
  74253 37279      700.2228   277      699.8463      700.7594  3499943    0.13%
  74389 37368      699.9647   325      699.8463      700.7594  3511034    0.13%
  74522 37426      699.8942   215      699.8463      700.7594  3520208    0.13%
  74723 37538      700.3072   183      699.8463      700.7592  3530248    0.13%
  74892 37645      700.4898   180      699.8463      700.7589  3538336    0.13%
  75109 37805      699.8930   199      699.8463      700.7588  3548508    0.13%
  75311 37874      700.2935   191      699.8463      700.7585  3556516    0.13%
  75517 37942      700.2880   236      699.8463      700.7583  3566137    0.13%
  75739 38035      699.8971   176      699.8463      700.7583  3574253    0.13%
  75927 38135      700.2988   276      699.8463      700.7581  3583081    0.13%
Elapsed time = 1752.35 sec. (1485485.04 ticks, tree = 1247.66 MB, solutions = 1)
  76086 38199      700.3410   265      699.8463      700.7580  3591866    0.13%
  76316 38302      700.1955   184      699.8463      700.7580  3601941    0.13%
  76494 38385      699.8942   213      699.8463      700.7579  3610199    0.13%
  76687 38471        cutoff            699.8463      700.7577  3620766    0.13%
  76884 38558      699.8525   142      699.8463      700.7575  3630959    0.13%
  77132 38698      700.1982   175      699.8463      700.7573  3641553    0.13%
  77286 38776      700.4052   170      699.8463      700.7573  3651377    0.13%
  77517 38922      700.1186   181      699.8463      700.7570  3661183    0.13%
  77683 39005      699.9273   245      699.8463      700.7567  3669657    0.13%
  77901 39089      699.9284   145      699.8463      700.7565  3678008    0.13%
Elapsed time = 1797.52 sec. (1524500.67 ticks, tree = 1281.29 MB, solutions = 1)
  78092 39168      699.9384   250      699.8463      700.7564  3687368    0.13%
  78312 39286      699.9747   177      699.8463      700.7562  3696965    0.13%
  78519 39399      700.4305   252      699.8463      700.7560  3706645    0.13%
  78706 39492      699.8703   198      699.8463      700.7557  3716742    0.13%
  78916 39578      700.5944   203      699.8463      700.7555  3726943    0.13%
  79149 39720      699.9957   148      699.8463      700.7553  3738135    0.13%
  79322 39799      699.8642   171      699.8463      700.7549  3747472    0.13%
  79519 39901      699.8992   219      699.8463      700.7548  3756842    0.13%
  79689 39998      700.4230   284      699.8463      700.7546  3765942    0.13%
  79862 40084      699.9921   171      699.8463      700.7545  3774784    0.13%
Elapsed time = 1842.19 sec. (1562874.58 ticks, tree = 1316.33 MB, solutions = 1)
  80042 40176      700.1932   158      699.8463      700.7543  3785205    0.13%
  80244 40272      699.9516   232      699.8463      700.7542  3796344    0.13%
  80403 40362      700.1532   205      699.8463      700.7541  3806594    0.13%
  80672 40477      699.8909   122      699.8463      700.7537  3817361    0.13%
  80886 40556      699.8607   195      699.8463      700.7537  3826274    0.13%
  81078 40682      699.9534    91      699.8463      700.7535  3837885    0.13%
  81253 40776      699.8723   246      699.8463      700.7533  3847972    0.13%
  81429 40859      700.0120   185      699.8463      700.7532  3857248    0.13%
  81716 40976      699.8577   199      699.8463      700.7530  3867607    0.13%
  81947 41073      699.8538   142      699.8463      700.7528  3877321    0.13%
Elapsed time = 1887.91 sec. (1601263.78 ticks, tree = 1351.37 MB, solutions = 1)
  82179 41183      699.8821   175      699.8463      700.7526  3887708    0.13%
  82374 41276      700.0207   187      699.8463      700.7526  3897309    0.13%
  82567 41362      700.1027   180      699.8463      700.7525  3907806    0.13%
  82828 41492      699.8640   224      699.8463      700.7523  3918739    0.13%
  83057 41611      700.2365   275      699.8463      700.7520  3929027    0.13%
  83215 41686      699.9539   174      699.8463      700.7520  3938855    0.13%
  83452 41786      699.9111   177      699.8463      700.7519  3947343    0.13%
  83662 41911      700.1582   102      699.8463      700.7518  3959200    0.13%
  83897 42032      699.8765   137      699.8463      700.7517  3970411    0.13%
  84132 42155      699.8535   283      699.8463      700.7516  3980960    0.13%
Elapsed time = 1933.64 sec. (1639747.50 ticks, tree = 1389.82 MB, solutions = 1)
  84351 42302      699.9391   197      699.8463      700.7515  3990580    0.13%
  84548 42391      699.9274   230      699.8463      700.7513  3999354    0.13%
  84722 42467      699.9004   260      699.8463      700.7512  4009136    0.13%
  84923 42562      700.0808   177      699.8463      700.7507  4020262    0.13%
  85138 42665      700.0394   187      699.8463      700.7506  4030927    0.13%
  85346 42752      699.8573   231      699.8463      700.7503  4041203    0.13%
  85543 42855        cutoff            699.8463      700.7501  4051279    0.13%
  85788 42967      700.6248   148      699.8463      700.7499  4061871    0.13%
  86039 43091      699.9675   125      699.8463      700.7497  4073220    0.13%
  86212 43176        cutoff            699.8463      700.7495  4084011    0.13%
Elapsed time = 1979.03 sec. (1678153.41 ticks, tree = 1426.09 MB, solutions = 1)
  86463 43333      700.0296   147      699.8463      700.7494  4093978    0.13%
  86698 43437      700.1178   264      699.8463      700.7493  4103607    0.13%
  86858 43507      700.4027   279      699.8463      700.7492  4113774    0.13%
  87080 43605      700.4134   173      699.8463      700.7489  4123309    0.13%
  87267 43692      700.2624   303      699.8463      700.7489  4132038    0.13%
  87488 43778      699.9464   243      699.8463      700.7487  4141191    0.13%
  87686 43862      699.8495   243      699.8463      700.7487  4149715    0.13%
  87883 43984      699.9545   226      699.8463      700.7486  4160799    0.13%
  88054 44052      699.9921   158      699.8463      700.7486  4170380    0.13%
  88302 44153        cutoff            699.8463      700.7485  4181135    0.13%
Elapsed time = 2023.70 sec. (1716476.66 ticks, tree = 1459.44 MB, solutions = 1)
  88490 44254      699.9468   198      699.8463      700.7484  4192012    0.13%
  88726 44375      700.2767    95      699.8463      700.7483  4201586    0.13%
  88974 44522      700.6291   193      699.8463      700.7482  4212724    0.13%
  89174 44638      700.1788   194      699.8463      700.7480  4224142    0.13%
  89404 44744      699.9506   173      699.8463      700.7479  4234796    0.13%
  89656 44866      700.6233   185      699.8463      700.7477  4246296    0.13%
  89847 44956        cutoff            699.8463      700.7475  4256950    0.13%
  90074 45048      699.9170   192      699.8463      700.7474  4265767    0.13%
  90275 45176      699.9397   180      699.8463      700.7473  4277730    0.13%
  90473 45242      699.9084   180      699.8463      700.7472  4287269    0.13%
Elapsed time = 2069.09 sec. (1754817.70 ticks, tree = 1496.64 MB, solutions = 1)
  90703 45356        cutoff            699.8463      700.7471  4296808    0.13%
  90978 45495      700.0779    98      699.8463      700.7471  4306267    0.13%
  91178 45592      700.1109   156      699.8463      700.7467  4316940    0.13%
  91308 45670      699.9865   163      699.8463      700.7466  4327415    0.13%
  91478 45758      700.2804   191      699.8463      700.7465  4338092    0.13%
  91718 45855      699.8803   104      699.8463      700.7462  4348411    0.13%
  91929 45958      700.0089   155      699.8463      700.7462  4358561    0.13%
  92093 46028      700.4610   172      699.8463      700.7460  4367772    0.13%
  92315 46135      700.2854   268      699.8463      700.7459  4378314    0.13%
  92531 46255      700.7378   346      699.8463      700.7456  4388532    0.13%
Elapsed time = 2113.85 sec. (1793301.29 ticks, tree = 1531.28 MB, solutions = 1)
  92741 46389      699.9161   192      699.8463      700.7456  4397864    0.13%
  92921 46489      699.9745   257      699.8463      700.7453  4408216    0.13%
  93148 46579      699.8829   233      699.8463      700.7452  4418251    0.13%
  93332 46660      699.9132   192      699.8463      700.7450  4427355    0.13%
  93560 46735      699.8846   163      699.8463      700.7449  4437337    0.13%
  93767 46828      699.8678   213      699.8463      700.7448  4446380    0.13%
  94011 46932        cutoff            699.8463      700.7445  4456780    0.13%
  94222 47027      700.1494   161      699.8463      700.7443  4467614    0.13%
  94470 47118      699.9860   172      699.8463      700.7441  4477965    0.13%
  94740 47280      700.5052   181      699.8463      700.7437  4489179    0.13%
Elapsed time = 2159.64 sec. (1831691.63 ticks, tree = 1567.28 MB, solutions = 1)
  94938 47371      699.8772   247      699.8463      700.7435  4499447    0.13%
  95155 47473      700.5805   205      699.8463      700.7433  4510465    0.13%
  95344 47555      699.9211   212      699.8463      700.7433  4521388    0.13%
  95527 47648      700.3278   285      699.8463      700.7432  4530361    0.13%
  95744 47742        cutoff            699.8463      700.7430  4540151    0.13%
  95971 47876      699.9328   269      699.8463      700.7428  4550662    0.13%
  96186 47946      699.8922   146      699.8463      700.7427  4559247    0.13%
  96471 48065      699.9279   324      699.8463      700.7423  4570167    0.13%
  96682 48179      699.8701   162      699.8463      700.7421  4580220    0.13%
  96993 48415        cutoff            699.8463      700.7421  4590861    0.13%
Elapsed time = 2205.81 sec. (1870192.69 ticks, tree = 1605.71 MB, solutions = 1)
  97143 48492      700.1552   172      699.8463      700.7421  4600900    0.13%
  97309 48557      699.8575   122      699.8463      700.7420  4609734    0.13%
  97564 48665      700.0105   218      699.8463      700.7419  4620484    0.13%
  97755 48784      700.2724   318      699.8463      700.7417  4631421    0.13%
  97946 48888      699.9724   179      699.8463      700.7416  4641960    0.13%
  98100 48977        cutoff            699.8463      700.7416  4652142    0.13%
  98294 49085      700.1611   189      699.8463      700.7414  4661262    0.13%
  98514 49190      699.8943   241      699.8463      700.7412  4672176    0.13%
  98774 49324      700.2685   145      699.8463      700.7409  4682959    0.13%
  98949 49425      700.3488   190      699.8463      700.7409  4692731    0.13%
Elapsed time = 2250.74 sec. (1908532.93 ticks, tree = 1637.96 MB, solutions = 1)
  99216 49623      699.8752   268      699.8463      700.7407  4702853    0.13%
  99418 49705        cutoff            699.8463      700.7404  4711209    0.13%
  99666 49800      700.0096   206      699.8463      700.7402  4720977    0.13%
  99881 49913      699.9474   104      699.8463      700.7401  4731210    0.13%
 100086 50005      699.8557   167      699.8463      700.7401  4739643    0.13%
 100311 50134      699.8600   152      699.8463      700.7399  4749591    0.13%
 100533 50229      699.8973   180      699.8463      700.7398  4759516    0.13%
 100771 50313      699.8625   117      699.8463      700.7396  4769695    0.13%
 100990 50421      699.8510   228      699.8463      700.7394  4779708    0.13%
 101251 50523      699.8532   160      699.8463      700.7393  4788880    0.13%
Elapsed time = 2296.82 sec. (1946841.46 ticks, tree = 1677.03 MB, solutions = 1)
 101488 50633      699.9378   165      699.8463      700.7391  4798704    0.13%
 101745 50746      700.3374   305      699.8463      700.7390  4809767    0.13%
 101908 50857      699.8884   125      699.8463      700.7390  4821124    0.13%
 102129 50961      699.8838   163      699.8463      700.7388  4830214    0.13%
 102317 51055      699.8791   196      699.8463      700.7388  4840893    0.13%
 102546 51160      700.0331   153      699.8463      700.7386  4852469    0.13%
 102769 51234      699.8568   127      699.8463      700.7386  4862282    0.13%
 102939 51321      700.1369   183      699.8463      700.7385  4872264    0.13%
 103237 51531      700.1718   107      699.8463      700.7384  4882934    0.13%
 103381 51638      699.8739   178      699.8463      700.7384  4892952    0.13%
Elapsed time = 2342.70 sec. (1985231.41 ticks, tree = 1716.41 MB, solutions = 1)
 103564 51740      700.2082   177      699.8463      700.7383  4903475    0.13%
 103761 51845      700.0245   157      699.8463      700.7382  4913625    0.13%
 103966 51945      700.1906   271      699.8463      700.7380  4923897    0.13%
 104112 52003      700.3474   204      699.8463      700.7379  4932083    0.13%
 104301 52103      700.2477   185      699.8463      700.7379  4940558    0.13%
 104458 52179      700.7373   264      699.8463      700.7378  4949614    0.13%
 104643 52279      699.9307   312      699.8463      700.7378  4958431    0.13%
 104835 52371        cutoff            699.8463      700.7377  4968699    0.13%
 105022 52480      699.9207   162      699.8463      700.7376  4977520    0.13%
 105192 52567      700.2255   157      699.8463      700.7374  4986250    0.13%
Elapsed time = 2386.81 sec. (2023794.02 ticks, tree = 1746.68 MB, solutions = 1)
 105390 52664      699.8972   121      699.8463      700.7372  4996549    0.13%
 105607 52786      700.4029   194      699.8463      700.7370  5006043    0.13%
 105730 52878      700.1254   265      699.8463      700.7369  5016357    0.13%
 105943 52976      700.0095   156      699.8463      700.7367  5026478    0.13%
 106128 53083      700.5836   188      699.8463      700.7366  5035053    0.13%
 106367 53201      700.0213   138      699.8463      700.7364  5045534    0.13%
 106506 53285      700.4859   167      699.8463      700.7364  5054517    0.13%
 106691 53416      699.8695   284      699.8463      700.7362  5064631    0.13%
 106926 53496      699.9305   211      699.8463      700.7361  5073833    0.13%
 107116 53573      699.8504   241      699.8463      700.7360  5081237    0.13%
Elapsed time = 2431.46 sec. (2062169.39 ticks, tree = 1782.35 MB, solutions = 1)
 107266 53661      700.0839   161      699.8463      700.7360  5092597    0.13%
*107426+38978                          699.9257      700.7359             0.12%
 107443 38992      700.1319    96      699.9257      700.7359  5101876    0.12%
 107546 39085      700.1195   131      699.9257      700.7358  5105591    0.12%
 107746 39209      700.0275   177      699.9257      700.7356  5115096    0.12%
 107886 39264      700.7316   179      699.9257      700.7354  5120873    0.12%
 108069 39354      700.0264   175      699.9257      700.7353  5129294    0.12%
 108296 39481      700.0246   192      699.9257      700.7353  5137741    0.12%
 108484 39588      700.0679   138      699.9257      700.7352  5146779    0.12%
 108731 39758      700.2423   164      699.9257      700.7350  5155606    0.12%
 108926 39863      699.9916   167      699.9257      700.7349  5164795    0.12%
Elapsed time = 2476.72 sec. (2100994.22 ticks, tree = 1321.67 MB, solutions = 2)
 109119 39934      700.2225   322      699.9257      700.7347  5171355    0.12%
 109286 40038      699.9625   184      699.9257      700.7344  5179331    0.12%
 109509 40182      700.6196   149      699.9257      700.7342  5188386    0.12%
 109693 40296      699.9675   163      699.9257      700.7341  5197300    0.12%
 109930 40399      699.9295   245      699.9257      700.7340  5205851    0.12%
 110142 40532        cutoff            699.9257      700.7339  5216184    0.12%
 110380 40637      700.2338   183      699.9257      700.7338  5225352    0.12%
 110602 40759      700.5227   239      699.9257      700.7337  5235088    0.12%
 110763 40831      700.5092   200      699.9257      700.7336  5243826    0.12%
 110990 40947      700.3480   319      699.9257      700.7335  5253406    0.12%
Elapsed time = 2522.16 sec. (2139521.53 ticks, tree = 1360.12 MB, solutions = 2)
 111196 41039      700.5111   238      699.9257      700.7334  5262304    0.12%
 111352 41119      700.2534   261      699.9257      700.7334  5270317    0.12%
 111528 41220      700.2259   301      699.9257      700.7333  5280516    0.12%
 111748 41333      700.0435   149      699.9257      700.7332  5289599    0.12%
 111954 41442      699.9452   153      699.9257      700.7331  5299628    0.12%
 112186 41579      700.1286   183      699.9257      700.7330  5308862    0.12%
 112446 41758      700.0401   175      699.9257      700.7330  5317168    0.12%
 112588 41840        cutoff            699.9257      700.7328  5325216    0.12%
 112796 41951      700.0927   303      699.9257      700.7328  5334483    0.12%
 112957 42037      700.5199   208      699.9257      700.7327  5343304    0.12%
Elapsed time = 2565.85 sec. (2177874.46 ticks, tree = 1390.86 MB, solutions = 2)
 113207 42177      699.9946   119      699.9257      700.7327  5353998    0.12%
 113439 42356      700.4369   105      699.9257      700.7326  5362772    0.12%
 113705 42517      699.9642   128      699.9257      700.7324  5372581    0.12%
 113914 42627        cutoff            699.9257      700.7323  5382071    0.12%
 114127 42732      700.0281   148      699.9257      700.7320  5390967    0.12%
 114379 42878      700.5183   142      699.9257      700.7320  5399636    0.12%
 114595 43015      700.0046   177      699.9257      700.7319  5408983    0.12%
 114778 43109      700.2182   208      699.9257      700.7317  5419473    0.12%
 114996 43207      700.5110   183      699.9257      700.7316  5428478    0.12%
 115181 43328      699.9730   158      699.9257      700.7315  5438836    0.12%
Elapsed time = 2611.23 sec. (2216299.32 ticks, tree = 1436.98 MB, solutions = 2)
 115431 43504        cutoff            699.9257      700.7314  5448162    0.12%
 115626 43607      699.9466   215      699.9257      700.7313  5458569    0.12%
 115801 43697      699.9263   120      699.9257      700.7312  5466767    0.12%
 116047 43822      700.2295   153      699.9257      700.7311  5476388    0.12%
 116262 43947      700.0342   144      699.9257      700.7309  5485868    0.12%
 116471 44018      699.9763   210      699.9257      700.7307  5493585    0.12%
 116688 44125      700.1633   261      699.9257      700.7306  5504218    0.11%
 116917 44248      700.2059   194      699.9257      700.7305  5513100    0.11%
 117103 44335      700.1612   193      699.9257      700.7304  5523309    0.11%
 117379 44532      699.9716   128      699.9257      700.7303  5531792    0.11%
Elapsed time = 2655.98 sec. (2254745.02 ticks, tree = 1478.02 MB, solutions = 2)
 117607 44626      700.1635   172      699.9257      700.7301  5541805    0.11%
 117795 44694      700.0075   209      699.9257      700.7300  5549597    0.11%
 118049 44824      700.7298   181      699.9257      700.7298  5559829    0.11%
 118266 44954      700.7235   204      699.9257      700.7296  5569269    0.11%
 118466 45051      700.1049   223      699.9257      700.7295  5577924    0.11%
 118650 45160      700.7291   186      699.9257      700.7294  5586984    0.11%
 118923 45300      700.4430   200      699.9257      700.7294  5596528    0.11%
 119178 45480      700.0251   262      699.9257      700.7292  5606173    0.11%
 119455 45598      700.3315   173      699.9257      700.7291  5615333    0.11%
 119696 45707      700.2888   262      699.9257      700.7290  5625069    0.11%
Elapsed time = 2701.07 sec. (2293237.34 ticks, tree = 1519.99 MB, solutions = 2)
 119954 45887      699.9704   128      699.9257      700.7289  5634414    0.11%
 120215 46007      700.0052   181      699.9257      700.7288  5643548    0.11%
 120446 46092        cutoff            699.9257      700.7287  5652618    0.11%
 120706 46226      699.9725   188      699.9257      700.7287  5660976    0.11%
 120931 46336      700.1657   148      699.9257      700.7286  5669013    0.11%
 121140 46443      700.0997   190      699.9257      700.7285  5679523    0.11%
 121378 46547      699.9258   106      699.9257      700.7285  5689165    0.11%
 121576 46622      699.9972   226      699.9257      700.7282  5697748    0.11%
 121800 46751      700.6935   182      699.9257      700.7281  5706923    0.11%
 122022 46871      700.5668   201      699.9257      700.7280  5715947    0.11%
Elapsed time = 2745.76 sec. (2331591.52 ticks, tree = 1561.50 MB, solutions = 2)
 122232 46962      699.9293   318      699.9257      700.7280  5724946    0.11%
 122448 47086      700.5299   219      699.9257      700.7278  5733966    0.11%
 122690 47218      700.6471   173      699.9257      700.7276  5743551    0.11%
 122901 47317      700.0796   182      699.9257      700.7275  5753294    0.11%
 123097 47419      700.0140   241      699.9257      700.7275  5763041    0.11%
 123325 47525      700.5788   152      699.9257      700.7274  5771408    0.11%
 123548 47704      700.5308   171      699.9257      700.7273  5780131    0.11%
 123782 47869      700.1788   156      699.9257      700.7272  5789360    0.11%
 123999 47972      700.0011   216      699.9257      700.7271  5798778    0.11%
 124213 48081      699.9677   203      699.9257      700.7269  5807014    0.11%
Elapsed time = 2790.41 sec. (2370010.97 ticks, tree = 1604.66 MB, solutions = 2)
 124457 48249      700.4759   226      699.9257      700.7267  5816952    0.11%
 124666 48393      700.1541   142      699.9257      700.7265  5826458    0.11%
 124892 48506      699.9969   190      699.9257      700.7265  5837079    0.11%
 125151 48640      700.1936   144      699.9257      700.7263  5846815    0.11%
 125368 48770      700.0060   262      699.9257      700.7261  5857233    0.11%
 125572 48908      699.9429   285      699.9257      700.7260  5866532    0.11%
 125715 48987      699.9701   149      699.9257      700.7259  5875214    0.11%
 125922 49106      699.9699   170      699.9257      700.7259  5885440    0.11%
 126146 49218      699.9656   145      699.9257      700.7257  5894631    0.11%
 126373 49356      700.6967   174      699.9257      700.7257  5903919    0.11%
Elapsed time = 2836.67 sec. (2408499.47 ticks, tree = 1646.22 MB, solutions = 2)
 126651 49540      699.9977   154      699.9257      700.7256  5914227    0.11%
 126876 49658      699.9539   163      699.9257      700.7255  5922894    0.11%
 127130 49778      700.0771   143      699.9257      700.7254  5932460    0.11%
 127321 49870      699.9864   140      699.9257      700.7254  5940620    0.11%
 127534 49964      700.2368   199      699.9257      700.7252  5949815    0.11%
 127726 50076      699.9597   166      699.9257      700.7251  5959525    0.11%
 127936 50179      700.5601   262      699.9257      700.7250  5969656    0.11%
 128184 50363      700.6335   194      699.9257      700.7250  5978784    0.11%
 128405 50456      699.9661   168      699.9257      700.7249  5988146    0.11%
 128637 50565      699.9336   164      699.9257      700.7249  5998262    0.11%
Elapsed time = 2881.52 sec. (2446778.32 ticks, tree = 1689.41 MB, solutions = 2)
 128845 50667      699.9391   113      699.9257      700.7248  6008016    0.11%
 129080 50835      700.2035   197      699.9257      700.7248  6016192    0.11%
 129303 50966      700.0146   185      699.9257      700.7247  6026132    0.11%
 129494 51054      699.9971   163      699.9257      700.7247  6034003    0.11%
 129666 51150      700.2426   222      699.9257      700.7246  6044591    0.11%
 129933 51279      700.0602   160      699.9257      700.7245  6053973    0.11%
 130156 51400      700.0720   178      699.9257      700.7244  6063131    0.11%
 130408 51515        cutoff            699.9257      700.7243  6072262    0.11%
 130605 51603      699.9433   148      699.9257      700.7243  6080740    0.11%
 130762 51683      699.9753   212      699.9257      700.7242  6088694    0.11%
Elapsed time = 2925.77 sec. (2485199.42 ticks, tree = 1719.65 MB, solutions = 2)
 130946 51781      700.2677    82      699.9257      700.7241  6096773    0.11%
 131066 51860      700.1295   208      699.9257      700.7240  6107201    0.11%
 131251 51968      700.0522   263      699.9257      700.7240  6116963    0.11%
 131435 52032      700.7126   193      699.9257      700.7239  6126525    0.11%
 131601 52128      700.1671   200      699.9257      700.7238  6137641    0.11%
 131854 52255      700.1550   118      699.9257      700.7238  6147553    0.11%
 132014 52354      699.9348   261      699.9257      700.7237  6157023    0.11%
 132234 52464      699.9332   161      699.9257      700.7237  6165400    0.11%
 132437 52558      700.5464   196      699.9257      700.7236  6174478    0.11%
 132628 52642      700.5595   192      699.9257      700.7236  6182530    0.11%
Elapsed time = 2968.85 sec. (2523580.50 ticks, tree = 1741.91 MB, solutions = 2)
 132856 52764      700.3038   271      699.9257      700.7234  6191819    0.11%
 133104 52921        cutoff            699.9257      700.7233  6201177    0.11%
 133339 53035      700.2081   298      699.9257      700.7232  6210926    0.11%
 133501 53119      699.9503   323      699.9257      700.7231  6221489    0.11%
 133788 53325      700.1501   147      699.9257      700.7230  6231345    0.11%
 134026 53445      700.0547   174      699.9257      700.7229  6241993    0.11%
 134264 53565      700.2284   196      699.9257      700.7229  6252095    0.11%
 134476 53668      700.6951   170      699.9257      700.7227  6261619    0.11%
 134724 53810      699.9543   204      699.9257      700.7227  6270288    0.11%
 134928 53916        cutoff            699.9257      700.7226  6279554    0.11%
Elapsed time = 3015.32 sec. (2562145.76 ticks, tree = 1784.89 MB, solutions = 2)
 135146 54041        cutoff            699.9257      700.7226  6290057    0.11%
 135377 54186      700.1304   167      699.9257      700.7224  6300377    0.11%
 135617 54309      700.2121   275      699.9257      700.7223  6310234    0.11%
 135871 54438      700.6869   148      699.9257      700.7222  6318693    0.11%
 136130 54589      699.9755   138      699.9257      700.7222  6327615    0.11%
 136364 54692      700.0366   172      699.9257      700.7221  6337164    0.11%
 136571 54787      700.3681   216      699.9257      700.7221  6347186    0.11%
 136809 54941      699.9696   152      699.9257      700.7221  6357246    0.11%
 137051 55028      700.5801   190      699.9257      700.7220  6366192    0.11%
 137262 55118      699.9624   124      699.9257      700.7219  6375910    0.11%
Elapsed time = 3061.46 sec. (2600581.97 ticks, tree = 1826.99 MB, solutions = 2)
 137499 55267      700.2287   197      699.9257      700.7218  6384881    0.11%
 137687 55376      699.9898   149      699.9257      700.7218  6395335    0.11%
 137915 55488      699.9709   167      699.9257      700.7217  6404900    0.11%
 138185 55604        cutoff            699.9257      700.7216  6414248    0.11%
 138459 55764      700.0865   144      699.9257      700.7215  6424630    0.11%
 138684 55848      699.9551   169      699.9257      700.7214  6433655    0.11%
 138886 55945      699.9567   115      699.9257      700.7212  6442321    0.11%
 139115 56019      700.1203   139      699.9257      700.7211  6452074    0.11%
 139398 56174        cutoff            699.9257      700.7210  6462340    0.11%
 139643 56299      699.9327   189      699.9257      700.7210  6472530    0.11%
Elapsed time = 3108.00 sec. (2638908.97 ticks, tree = 1868.28 MB, solutions = 2)
 139883 56396      699.9602   223      699.9257      700.7209  6481665    0.11%
 140107 56507      700.0684   210      699.9257      700.7208  6489962    0.11%
 140373 56733      700.1653   272      699.9257      700.7208  6499027    0.11%
 140583 56849      699.9341   204      699.9257      700.7206  6508864    0.11%
 140819 56962      700.5981   218      699.9257      700.7206  6518137    0.11%
 141036 57066      700.0675   187      699.9257      700.7205  6527666    0.11%
 141215 57148      699.9343   166      699.9257      700.7204  6537136    0.11%
 141472 57322      700.0835   227      699.9257      700.7204  6546474    0.11%
 141662 57432      700.4775   242      699.9257      700.7203  6554847    0.11%
 141911 57548      700.1047   220      699.9257      700.7202  6565348    0.11%
Elapsed time = 3154.20 sec. (2677268.44 ticks, tree = 1910.58 MB, solutions = 2)
 142086 57654      699.9921   196      699.9257      700.7202  6574608    0.11%
 142298 57764      700.2968   162      699.9257      700.7201  6584944    0.11%
 142538 57893      700.3198   191      699.9257      700.7199  6594431    0.11%
 142723 57989      700.2654   247      699.9257      700.7199  6603335    0.11%
 142914 58092      699.9448   124      699.9257      700.7198  6612294    0.11%
 143085 58155      700.1857   222      699.9257      700.7197  6621196    0.11%
 143246 58237      700.2611   228      699.9257      700.7197  6630428    0.11%
 143471 58357      700.5663   178      699.9257      700.7196  6640137    0.11%
 143766 58515      700.0131   179      699.9257      700.7195  6650314    0.11%
 143986 58613      699.9614   173      699.9257      700.7195  6658422    0.11%
Elapsed time = 3199.50 sec. (2716097.70 ticks, tree = 1944.98 MB, solutions = 2)
 144220 58722      700.7019   187      699.9257      700.7194  6667860    0.11%
 144428 58819      700.4237   168      699.9257      700.7193  6676510    0.11%
 144630 58919      700.1626   195      699.9257      700.7192  6686261    0.11%
 144858 59024      700.4044   217      699.9257      700.7192  6695610    0.11%
 145107 59195      699.9815   222      699.9257      700.7192  6705129    0.11%
 145285 59262      700.7082   165      699.9257      700.7191  6712744    0.11%
 145486 59351      699.9369   151      699.9257      700.7190  6721478    0.11%
 145712 59476      700.4332   123      699.9257      700.7189  6730923    0.11%
 145945 59635      700.1168   187      699.9257      700.7189  6740613    0.11%
 146204 59761        cutoff            699.9257      700.7188  6750047    0.11%
Elapsed time = 3244.95 sec. (2754520.01 ticks, tree = 1986.05 MB, solutions = 2)
 146429 59850      699.9472   257      699.9257      700.7187  6759401    0.11%
 146616 59944      700.0657   265      699.9257      700.7187  6767640    0.11%
 146766 60012      699.9340   127      699.9257      700.7186  6773963    0.11%
 146946 60142      700.0927   154      699.9257      700.7185  6779724    0.11%
 147134 60247      700.1725   169      699.9257      700.7185  6787646    0.11%
 147290 60322      699.9425   215      699.9257      700.7185  6792579    0.11%
 147458 60403      700.2477   176      699.9257      700.7184  6799975    0.11%
 147576 60450      700.3935   337      699.9257      700.7183  6805410    0.11%
 147676 60495      700.2364   280      699.9257      700.7183  6809831    0.11%
 147786 60543      700.1818   145      699.9257      700.7183  6813821    0.11%
Elapsed time = 3289.08 sec. (2793817.58 ticks, tree = 2013.77 MB, solutions = 2)
 147986 60632      699.9743   134      699.9257      700.7182  6822056    0.11%
 148120 60685        cutoff            699.9257      700.7181  6827558    0.11%
 148253 60716      700.0955   171      699.9257      700.7181  6832340    0.11%
 148386 60785      700.0175   180      699.9257      700.7180  6837606    0.11%
 148557 60865      700.5881   166      699.9257      700.7178  6844697    0.11%
 148686 60935      700.0213   136      699.9257      700.7177  6850495    0.11%
 148821 60987      700.3207   199      699.9257      700.7175  6858590    0.11%
 148933 61037        cutoff            699.9257      700.7175  6865543    0.11%
 149052 61099      700.1399   154      699.9257      700.7175  6872853    0.11%
 149144 61148      700.1504   295      699.9257      700.7174  6879631    0.11%
Elapsed time = 3332.24 sec. (2833573.48 ticks, tree = 2027.10 MB, solutions = 2)
 149281 61210      700.0238   167      699.9257      700.7174  6887192    0.11%
 149407 61299      700.3576   196      699.9257      700.7174  6893957    0.11%
 149501 61385      700.4968   257      699.9257      700.7174  6900869    0.11%
 149662 61474      699.9822   211      699.9257      700.7174  6911111    0.11%
 149771 61524      700.4301   183      699.9257      700.7174  6917458    0.11%
 149886 61568      700.2169   269      699.9257      700.7173  6922571    0.11%
 150034 61661      700.2585   324      699.9257      700.7173  6927112    0.11%
 150175 61726      700.1305   147      699.9257      700.7172  6934040    0.11%
 150362 61826      699.9421   139      699.9257      700.7171  6942075    0.11%
 150463 61887      700.1533   215      699.9257      700.7171  6946512    0.11%
Elapsed time = 3374.65 sec. (2872087.29 ticks, tree = 2046.12 MB, solutions = 2)
 150586 61973      699.9309   133      699.9257      700.7171  6952032    0.11%
 150730 62039      700.2058   137      699.9257      700.7170  6957006    0.11%
 150997 62190      700.6704   166      699.9257      700.7168  6967900    0.11%
 151127 62261      699.9633   236      699.9257      700.7167  6974858    0.11%
 151286 62337      700.1114   135      699.9257      700.7166  6980537    0.11%
 151419 62437      700.3965   168      699.9257      700.7166  6985615    0.11%
 151570 62547      699.9299   307      699.9257      700.7166  6993127    0.11%
 151666 62613      700.2183   320      699.9257      700.7165  6997554    0.11%
 151786 62681      700.1648   226      699.9257      700.7165  7003352    0.11%
 151920 62741        cutoff            699.9257      700.7164  7011938    0.11%
Elapsed time = 3421.57 sec. (2913945.42 ticks, tree = 2069.09 MB, solutions = 2)
Nodefile size = 21.52 MB (19.21 MB after compression)
 152075 62826      699.9676   199      699.9257      700.7163  7017609    0.11%
 152186 62881      700.0008   190      699.9257      700.7163  7021736    0.11%
 152347 62935      700.4954   206      699.9257      700.7161  7027591    0.11%
 152486 63061      700.2691   101      699.9257      700.7161  7031519    0.11%
 152601 63126      699.9660   168      699.9257      700.7161  7037127    0.11%
 152742 63201      700.0983   142      699.9257      700.7160  7044369    0.11%
 152886 63267      699.9758   148      699.9257      700.7160  7050894    0.11%
 153085 63344      699.9380   182      699.9257      700.7158  7058074    0.11%
 153186 63404      700.0258   170      699.9257      700.7158  7061980    0.11%
 153286 63460      700.4203   189      699.9257      700.7158  7066511    0.11%
Elapsed time = 3469.11 sec. (2957725.64 ticks, tree = 2093.88 MB, solutions = 2)
Nodefile size = 46.15 MB (41.17 MB after compression)
 153486 63576      699.9493   102      699.9257      700.7157  7076846    0.11%
 153590 63632      700.0079   178      699.9257      700.7157  7082133    0.11%
 153725 63692      700.5723   216      699.9257      700.7157  7087755    0.11%
 153945 63809      699.9423   148      699.9257      700.7157  7095381    0.11%
 154086 63888      699.9471   135      699.9257      700.7156  7102153    0.11%
 154304 64072      700.1049    97      699.9257      700.7156  7108479    0.11%
 154417 64141      700.4524   228      699.9257      700.7155  7114176    0.11%
 154586 64241      699.9887   194      699.9257      700.7155  7121443    0.11%
 154694 64301      700.4290   181      699.9257      700.7154  7126387    0.11%
 154866 64373        cutoff            699.9257      700.7154  7133469    0.11%
Elapsed time = 3515.00 sec. (2997945.73 ticks, tree = 2126.53 MB, solutions = 2)
Nodefile size = 78.62 MB (70.16 MB after compression)
 154971 64425      700.1636   180      699.9257      700.7153  7139684    0.11%
 155144 64569      700.0970    91      699.9257      700.7153  7144628    0.11%
 155325 64666      700.1765   195      699.9257      700.7153  7153175    0.11%
 155471 64748      700.0658   221      699.9257      700.7152  7160149    0.11%
 155618 64817      700.1424   281      699.9257      700.7152  7167581    0.11%
 155741 64883      700.5234   235      699.9257      700.7151  7175232    0.11%
 155934 64977      699.9632   142      699.9257      700.7150  7183250    0.11%
 156068 65043      700.1036   134      699.9257      700.7150  7189457    0.11%
 156186 65120      700.2147   178      699.9257      700.7149  7194343    0.11%
 156335 65209      700.0006   117      699.9257      700.7149  7201367    0.11%
Elapsed time = 3558.69 sec. (3036558.26 ticks, tree = 2154.60 MB, solutions = 2)
Nodefile size = 107.00 MB (95.46 MB after compression)
 156486 65278      700.0297   272      699.9257      700.7148  7207892    0.11%
 156668 65353      700.1741   288      699.9257      700.7147  7214416    0.11%
 156779 65420      700.0655   138      699.9257      700.7147  7220426    0.11%
 156936 65486      700.7012   217      699.9257      700.7146  7226296    0.11%
 157086 65577      700.0226   134      699.9257      700.7145  7232699    0.11%
 157186 65621      699.9704   160      699.9257      700.7145  7236236    0.11%
 157386 65729      700.1569   253      699.9257      700.7144  7243313    0.11%
 157538 65808      700.3857   190      699.9257      700.7144  7253481    0.11%

Flow cuts applied:  46
Mixed integer rounding cuts applied:  165
Lift and project cuts applied:  2
Gomory fractional cuts applied:  3
User cuts applied:  1331

Root node processing (before b&c):
  Real time             =    5.91 sec. (5595.85 ticks)
Sequential b&c:
  Real time             = 3594.09 sec. (3068102.02 ticks)
                          ------------
Total (root+branch&cut) = 3600.00 sec. (3073697.87 ticks)
|V|                                     800
K                                       80
theta                                   0.20
r                                       1
R                                       20
prob_func                               facility_mixture
mixture_low_share                       0.100000
mixture_low_interval                    [0.001000, 0.010000]
mixture_high_interval                   [0.100000, 0.500000]
mixture_seed                            1
#C1                                     994
#CP                                     73610

@Parameters: 
am_callback_heuristic                   false
am_local_search                         true
am_start_heuristic                      false
colocation                              true
comp                                    false
cutC                                    true
cutC_init                               false
cutF                                    false
cutF_init                               false
cutF_stable                             false
cutF_wrong                              false
cutLocal                                false
cutM                                    true
cutM_init                               true
cutM_stable                             false
cutP                                    true
cutP_init                               false
cutP_stable                             false
init                                    true
init_cutF_zero                          false
init_val_greedy                         true
is_Euclidean                            false
is_local_search                         false
is_right_cutP                           true
is_root                                 false
is_silent                               false
is_start                                false
mycut                                   false
pmed                                    false
pre                                     true
stable_root                             false
str                                     false
two_phase                               false
ubstr                                   false
mode                                    Int

am_callback_node_space                  50
init                                    0
mixture_seed                            1
node_space                              5
nodelimit                               -1
nsepa                                   1
strF                                    0
type_delta                              0

EPS                                     0.001000
EPS_FRAC                                0.00
gap                                     0.00
mixture_high_max                        0.50
mixture_high_min                        0.10
mixture_low_max                         0.01
mixture_low_min                         0.00
mixture_low_share                       0.10
timelimit                               3600.00

Number of Closed Sites: 2 / 160 
Number of Confined Sites-1: 1 / 79 
Number of Confined Sites-k: 797 / 4706 
Preprocess Time: 2.07 + 0.00 sec

Solve Time: 3600.00
Number of Nodes: 157623
Termination Status: TIME_LIMIT

CutInfo: [phase] num / time (sec) / aver. num_nonzero
max              [LP]     0 / 0.00 / 0.00 [init]   694 / 0.02 / 2.03 [rLC]   454 / 0.02 / 5.87 [rUC]   529 / 0.11 / 4.71 [sLC]     0 / 0.07 / 0.00 [sUC]   607 / 2.29 / 5.29 
prod_oa          [LP]     0 / 0.00 / 0.00 [init]   423 / 0.02 / 55.02 [rLC]   594 / 0.07 / 61.57 [rUC]   635 / 0.41 / 59.93 [sLC]   246 / 0.20 / 53.78 [sUC]  1014 / 7.40 / 54.75 
prod_sm_fixed    [LP]     0 / 0.00 / 0.00 [init]     0 / 0.00 / 0.00 [rLC]     0 / 0.00 / 0.00 [rUC]     0 / 0.00 / 0.00 [sLC]     0 / 0.00 / 0.00 [sUC]     0 / 0.00 / 0.00 
prod_bin         [LP]     0 / 0.00 / 0.00 [init]     0 / 0.00 / 0.00 [rLC]     0 / 0.00 / 0.00 [rUC]     0 / 0.00 / 0.00 [sLC]     0 / 0.00 / 0.00 [sUC]     0 / 0.00 / 0.00 
prod_local       [LP]     0 / 0.00 / 0.00 [init]     0 / 0.00 / 0.00 [rLC]     0 / 0.00 / 0.00 [rUC]     0 / 0.00 / 0.00 [sLC]     0 / 0.00 / 0.00 [sUC]     0 / 0.00 / 0.00 
prod_sm_C        [LP]     0 / 0.00 / 0.00 [init]     0 / 0.00 / 0.00 [rLC]     0 / 0.00 / 0.00 [rUC]     0 / 0.00 / 0.00 [sLC]     0 / 0.00 / 0.00 [sUC]     0 / 0.00 / 0.00 
facet            [LP]     0 / 0.00 / 0.00 [init]     0 / 0.00 / 0.00 [rLC]     0 / 0.00 / 0.00 [rUC]     0 / 0.00 / 0.00 [sLC]     0 / 0.00 / 0.00 [sUC]     0 / 0.00 / 0.00 
Separation Round:   [LP] 0  [init] 1  [rLC] 3  [rUC] 19  [sLC] 9  [sUC] 251745  
Root Best Bound 701.944769
Root Best Integer: 699.846294
Best Bound: 700.714352
Best Integer: 699.925672
1: 18, 21, 29, 43, 64, 68, 81, 97, 117, 125, 130, 133, 156, 168, 173, 186, 207, 213, 215, 239, 248, 257, 261, 287, 302, 309, 332, 343, 344, 346, 351, 361, 362, 378, 397, 406, 421, 459, 478, 481, 482, 504, 510, 558, 565, 570, 573, 581, 585, 599, 600, 622, 624, 643, 645, 697, 702, 721, 749, 759, 765, 766, 769, 776, 778, 789, 793, 797
2: 10, 251, 427, 620, 650, 736
Objective Value (calc): 699.853402
sum_etaM = 441.309748 / 441.308276
sum_etaP = 764.579653 / 764.489684
nL: 74
nCL: 6
mCL: 2
