Version identifier: 20.1.0.0 | 2020-11-10 | 9bedb6d68
CPXPARAM_Threads                                 1
CPXPARAM_TimeLimit                               3600
CPXPARAM_MIP_Tolerances_MIPGap                   0
Generic callback                                 0x60
1 of 1 MIP starts provided solutions.
MIP start 'm1' defined initial solution with objective 229.9442.
Tried aggregator 2 times.
MIP Presolve eliminated 48 rows and 22 columns.
MIP Presolve modified 193 coefficients.
Aggregator did 26 substitutions.
Reduced MIP has 905 rows, 1152 columns, and 3493 nonzeros.
Reduced MIP has 289 binaries, 263 generals, 0 SOSs, and 0 indicators.
Presolve time = 0.00 sec. (1.82 ticks)
Probing time = 0.00 sec. (0.20 ticks)
Tried aggregator 1 time.
Reduced MIP has 905 rows, 1152 columns, and 3493 nonzeros.
Reduced MIP has 289 binaries, 263 generals, 0 SOSs, and 0 indicators.
Presolve time = 0.00 sec. (1.03 ticks)
Probing time = 0.00 sec. (0.20 ticks)
MIP emphasis: balance optimality and feasibility.
MIP search method: dynamic search.
Parallel mode: none, using 1 thread.
Root relaxation solution time = 0.01 sec. (13.09 ticks)

        Nodes                                         Cuts/
   Node  Left     Objective  IInf  Best Integer    Best Bound    ItCnt     Gap

*     0+    0                          229.9442      300.0000            30.47%
      0     0      283.2183   133      229.9442      283.2183      685   23.17%
      0     0      233.9729   225      229.9442     Cuts: 326      927    1.75%
      0     0      232.8115   201      229.9442     Cuts: 326     1140    1.25%
      0     0      232.2041   199      229.9442     Cuts: 279     1364    0.98%
      0     0      231.9807   190      229.9442     Cuts: 169     1499    0.89%
      0     0      231.7571   241      229.9442      Cuts: 90     1617    0.79%
      0     0      231.6339   234      229.9442     Cuts: 120     1771    0.73%
      0     0      231.5602   250      229.9442      Cuts: 75     1885    0.70%
      0     0      231.4831   245      229.9442      Cuts: 94     2038    0.67%
      0     0      231.4560   236      229.9442      Cuts: 47     2095    0.66%
      0     0      231.4439   223      229.9442      Cuts: 20     2131    0.65%
      0     0      231.4335   230      229.9442      Cuts: 27     2185    0.65%
      0     0      231.4277   229      229.9442      Cuts: 26     2227    0.65%
      0     0      231.4239   239      229.9442 UserPurge2: 27     2251    0.64%
      0     0      231.4237   243      229.9442 UserPurge2: 6     2257    0.64%
      0     0      231.4236   243      229.9442 UserPurge2: 4     2258    0.64%
      0     0      231.4235   243      229.9442 UserPurge2: 2     2259    0.64%
      0     2      231.4235   243      229.9442      231.4227     2259    0.64%
Elapsed time = 0.82 sec. (587.70 ticks, tree = 0.01 MB, solutions = 1)
     14    16      230.1659   175      229.9442      231.4222     4685    0.64%
     65    47      231.0667   212      229.9442      231.3967     6358    0.63%
    100    82      230.5198    88      229.9442      231.3967     7979    0.63%
    140   122      230.5193    88      229.9442      231.3967     8516    0.63%
*   152   107      integral     0      230.2588      231.3967     9419    0.49%
    170   124      230.5601   148      230.2588      231.3712    10588    0.48%
    205   149      230.9240   261      230.2588      231.3391    13021    0.47%
    228   168      230.8077   233      230.2588      231.3256    14558    0.46%
    254   188      230.5548   187      230.2588      231.2437    16794    0.43%
    287   211      230.9682   233      230.2588      231.2095    18735    0.41%
    503   391      230.6899   152      230.2588      231.1467    26310    0.39%
Elapsed time = 6.55 sec. (3800.95 ticks, tree = 0.47 MB, solutions = 2)

Performing restart 1

Repeating presolve.
Tried aggregator 1 time.
MIP Presolve modified 124 coefficients.
Reduced MIP has 905 rows, 1152 columns, and 3493 nonzeros.
Reduced MIP has 289 binaries, 263 generals, 0 SOSs, and 0 indicators.
Presolve time = 0.00 sec. (1.09 ticks)
Tried aggregator 1 time.
Reduced MIP has 905 rows, 1152 columns, and 3493 nonzeros.
Reduced MIP has 289 binaries, 263 generals, 0 SOSs, and 0 indicators.
Presolve time = 0.00 sec. (1.07 ticks)
Represolve time = 0.01 sec. (6.65 ticks)
    526     0      231.1770   208      230.2588     Cuts: 102    28937    0.39%
    526     0      231.0662   192      230.2588      Cuts: 55    29068    0.35%
    526     0      231.0206   165      230.2588      Cuts: 31    29170    0.33%
    526     0      231.0178   171      230.2588      Cuts: 17    29203    0.33%
    526     0      231.0050   160      230.2588      Cuts: 14    29239    0.32%
    526     0      230.9924   215      230.2588      Cuts: 43    29293    0.32%
    526     0      230.9895   213      230.2588      Cuts: 17    29342    0.32%
    526     0      230.9879   214      230.2588      Cuts: 20    29376    0.32%
    526     0      230.9865   211      230.2588       Cuts: 8    29391    0.32%
    526     0      230.9854   191      230.2588      Cuts: 15    29406    0.32%
    526     0      230.9776   199      230.2588      Cuts: 14    29442    0.31%
    526     0      230.9735   183      230.2588      Cuts: 26    29471    0.31%
    526     0      230.9711   157      230.2588      Cuts: 15    29497    0.31%
    526     0      230.9708   165      230.2588    MIRcuts: 2    29515    0.31%
    526     0      230.9694   171      230.2588       Cuts: 6    29530    0.31%
    526     0      230.9677   159      230.2588    MIRcuts: 3    29539    0.31%
    526     0      230.9677   157      230.2588    MIRcuts: 1    29540    0.31%
    526     2      230.9677   157      230.2588      230.9675    29540    0.31%
    534     8      230.6148   152      230.2588      230.9632    30272    0.31%
*   598    42      integral     0      230.3937      230.9148    33674    0.23%
    600    42      230.8430   180      230.3937      230.8950    34092    0.22%
    704   112      230.6412   176      230.3937      230.8496    42161    0.20%
    822   192      230.5034   150      230.3937      230.8303    49837    0.19%
    978   289      230.4369   138      230.3937      230.8035    58141    0.18%
   1086   357      230.5849   168      230.3937      230.7630    65325    0.16%
   1196   408      230.4949   190      230.3937      230.6918    73272    0.13%
   1326   469      230.4604   165      230.3937      230.6668    79204    0.12%
   1470   541      230.5135   218      230.3937      230.6443    87028    0.11%
Elapsed time = 19.62 sec. (13642.34 ticks, tree = 0.89 MB, solutions = 3)
   1607   614      230.4650   166      230.3937      230.6318    94310    0.10%
   1748   672      230.4873   186      230.3937      230.6216   102101    0.10%
   1877   740      230.5181   171      230.3937      230.6072   108798    0.09%
   2019   791        cutoff            230.3937      230.5990   115873    0.09%
   2211   863      230.4347   144      230.3937      230.5859   123918    0.08%
   2405   926      230.4330   141      230.3937      230.5763   132542    0.08%
*  2437   935      integral     0      230.3959      230.5760   133440    0.08%
*  2573   840      integral     0      230.4156      230.5684   140544    0.07%
   2599   851        cutoff            230.4156      230.5654   141608    0.07%
   2785   892      230.4524   134      230.4156      230.5538   151310    0.06%
   2918   914        cutoff            230.4156      230.5463   159173    0.06%
   3096   917      230.4588   168      230.4156      230.5350   166643    0.05%
Elapsed time = 30.75 sec. (23291.52 ticks, tree = 1.20 MB, solutions = 5)
   3309   954        cutoff            230.4156      230.5262   174594    0.05%
   3496   961      230.4539   174      230.4156      230.5120   182607    0.04%
   3721  1018        cutoff            230.4156      230.5049   190001    0.04%
   3958  1018      230.4704   199      230.4156      230.4932   197633    0.03%
   4229   955        cutoff            230.4156      230.4817   206162    0.03%
   4530   846      230.4528   129      230.4156      230.4670   215318    0.02%
*  4589   586      integral     0      230.4283      230.4645   217050    0.02%
   4958   358        cutoff            230.4283      230.4468   222823    0.01%

Flow cuts applied:  27
Mixed integer rounding cuts applied:  115
Lift and project cuts applied:  8
Gomory fractional cuts applied:  11
User cuts applied:  1048

Root node processing (before b&c):
  Real time             =    0.82 sec. (587.75 ticks)
Sequential b&c:
  Real time             =   38.64 sec. (30073.80 ticks)
                          ------------
Total (root+branch&cut) =   39.46 sec. (30661.55 ticks)
|V|                                     300
K                                       100
theta                                   0.10
r                                       2
R                                       20
prob_func                               facility_mixture
mixture_low_share                       0.100000
mixture_low_interval                    [0.001000, 0.010000]
mixture_high_interval                   [0.100000, 0.500000]
mixture_seed                            1
#C1                                     376
#CP                                     2142

@Parameters: 
am_callback_heuristic                   false
am_local_search                         true
am_start_heuristic                      false
colocation                              true
comp                                    false
cutC                                    true
cutC_init                               false
cutF                                    true
cutF_init                               false
cutF_stable                             false
cutF_wrong                              false
cutLocal                                false
cutM                                    true
cutM_init                               true
cutM_stable                             false
cutP                                    true
cutP_init                               false
cutP_stable                             false
init                                    true
init_cutF_zero                          false
init_val_greedy                         true
is_Euclidean                            false
is_local_search                         false
is_right_cutP                           true
is_root                                 false
is_silent                               false
is_start                                false
mycut                                   false
pmed                                    false
pre                                     true
stable_root                             false
str                                     false
two_phase                               false
ubstr                                   false
mode                                    Int

am_callback_node_space                  50
init                                    0
mixture_seed                            1
node_space                              5
nodelimit                               -1
nsepa                                   1
strF                                    0
type_delta                              0

EPS                                     0.001000
EPS_FRAC                                0.00
gap                                     0.00
mixture_high_max                        0.50
mixture_high_min                        0.10
mixture_low_max                         0.01
mixture_low_min                         0.00
mixture_low_share                       0.10
timelimit                               3600.00

Number of Closed Sites: 11 / 1100 
Number of Confined Sites-1: 26 / 2574 
Number of Confined Sites-k: 263 / 7779 
Preprocess Time: 0.77 + 0.00 sec

Solve Time: 39.46
Number of Nodes: 5352
Termination Status: OPTIMAL

CutInfo: [phase] num / time (sec) / aver. num_nonzero
max              [LP]     0 / 0.00 / 0.00 [init]   189 / 0.00 / 1.34 [rLC]   110 / 0.00 / 2.44 [rUC]   451 / 0.03 / 3.20 [sLC]     0 / 0.01 / 0.00 [sUC]   185 / 0.69 / 3.49 
prod_oa          [LP]     0 / 0.00 / 0.00 [init]   189 / 0.00 / 8.15 [rLC]   189 / 0.00 / 7.61 [rUC]   170 / 0.02 / 11.66 [sLC]     0 / 0.00 / 0.00 [sUC]   273 / 0.45 / 12.29 
prod_sm_fixed    [LP]     0 / 0.00 / 0.00 [init]     0 / 0.00 / 0.00 [rLC]     0 / 0.00 / 0.00 [rUC]     0 / 0.00 / 0.00 [sLC]     0 / 0.00 / 0.00 [sUC]     0 / 0.00 / 0.00 
prod_bin         [LP]     0 / 0.00 / 0.00 [init]     0 / 0.00 / 0.00 [rLC]     0 / 0.00 / 0.00 [rUC]     0 / 0.00 / 0.00 [sLC]     0 / 0.00 / 0.00 [sUC]     0 / 0.00 / 0.00 
prod_local       [LP]     0 / 0.00 / 0.00 [init]     0 / 0.00 / 0.00 [rLC]     0 / 0.00 / 0.00 [rUC]     0 / 0.00 / 0.00 [sLC]     0 / 0.00 / 0.00 [sUC]     0 / 0.00 / 0.00 
prod_sm_C        [LP]     0 / 0.00 / 0.00 [init]     0 / 0.00 / 0.00 [rLC]     0 / 0.01 / 0.00 [rUC]   790 / 0.07 / 15.12 [sLC]     0 / 0.02 / 0.00 [sUC]   897 / 1.98 / 18.41 
facet            [LP]     0 / 0.00 / 0.00 [init]     0 / 0.00 / 0.00 [rLC]     0 / 0.00 / 0.00 [rUC]   790 / 0.00 / 0.00 [sLC]     0 / 0.00 / 0.00 [sUC]   897 / 0.00 / 0.00 
Separation Round:   [LP] 0  [init] 1  [rLC] 2  [rUC] 18  [sLC] 5  [sUC] 7224  
Root Best Bound 231.422169
Root Best Integer: 229.944200
Best Bound: 230.434503
Best Integer: 230.428350
1: 2, 4, 10, 18, 19, 22, 27, 30, 32, 37, 38, 39, 44, 45, 46, 48, 51, 59, 60, 61, 62, 65, 66, 69, 77, 79, 83, 84, 86, 90, 93, 95, 96, 99, 105, 114, 118, 120, 122, 124, 126, 133, 134, 135, 138, 141, 143, 146, 149, 153, 157, 158, 161, 164, 168, 176, 177, 181, 185, 189, 190, 192, 196, 200, 212, 213, 214, 221, 224, 244, 249, 254, 257, 259, 275, 277, 279, 281, 282, 284, 286, 288, 293
2: 23, 88, 103, 167, 203, 226, 253
3: 207
Objective Value (calc): 230.427898
sum_etaM = 187.380142 / 187.380142
sum_etaP = 235.211484 / 235.210982
nL: 91
nCL: 8
mCL: 3
