Version identifier: 20.1.0.0 | 2020-11-10 | 9bedb6d68
CPXPARAM_Threads                                 1
CPXPARAM_TimeLimit                               3600
CPXPARAM_MIP_Tolerances_MIPGap                   0
Generic callback                                 0x60
1 of 1 MIP starts provided solutions.
MIP start 'm1' defined initial solution with objective 661.4233.
Tried aggregator 2 times.
MIP Presolve eliminated 15 rows and 10 columns.
Aggregator did 5 substitutions.
Reduced MIP has 2173 rows, 2785 columns, and 15141 nonzeros.
Reduced MIP has 695 binaries, 690 generals, 0 SOSs, and 0 indicators.
Presolve time = 0.01 sec. (6.15 ticks)
Probing time = 0.00 sec. (0.81 ticks)
Tried aggregator 1 time.
Reduced MIP has 2173 rows, 2785 columns, and 15141 nonzeros.
Reduced MIP has 695 binaries, 690 generals, 0 SOSs, and 0 indicators.
Presolve time = 0.01 sec. (3.68 ticks)
Probing time = 0.00 sec. (0.81 ticks)
MIP emphasis: balance optimality and feasibility.
MIP search method: dynamic search.
Parallel mode: none, using 1 thread.
Root relaxation solution time = 0.03 sec. (37.11 ticks)

        Nodes                                         Cuts/
   Node  Left     Objective  IInf  Best Integer    Best Bound    ItCnt     Gap

*     0+    0                          661.4233      700.0000             5.83%
      0     0      679.5056   287      661.4233      679.5056     1586    2.73%
      0     0      667.4752   294      661.4233     Cuts: 583     2189    0.91%
      0     0      666.8114   321      661.4233     Cuts: 208     2610    0.81%
      0     0      666.5588   326      661.4233     Cuts: 292     2932    0.78%
      0     0      666.4868   310      661.4233      Cuts: 72     3069    0.77%
      0     0      666.4266   321      661.4233     Cuts: 124     3229    0.76%
      0     0      666.4065   339      661.4233      Cuts: 48     3345    0.75%
      0     0      666.3976   333      661.4233      Cuts: 59     3418    0.75%
      0     0      666.3936   333      661.4233 UserPurge2: 12     3448    0.75%
      0     0      666.3934   333      661.4233 UserPurge2: 3     3458    0.75%
      0     0      666.3923   329      661.4233 UserPurge2: 3     3471    0.75%
      0     0      666.3916   331      661.4233 UserPurge2: 2     3487    0.75%
      0     0      666.3913   335      661.4233 UserPurge2: 4     3499    0.75%
      0     0      666.3913   333      661.4233 UserPurge2: 1     3504    0.75%
      0     0      666.3911   329      661.4233 UserPurge2: 5     3517    0.75%
      0     0      666.3908   333      661.4233 UserPurge2: 3     3526    0.75%
      0     0      666.3895   327      661.4233 UserPurge2: 4     3541    0.75%
      0     0      666.3895   325      661.4233 UserPurge2: 2     3545    0.75%
      0     2      666.3895   325      661.4233      666.3891     3545    0.75%
Elapsed time = 2.53 sec. (2081.16 ticks, tree = 0.01 MB, solutions = 1)
      6     8      666.1490   316      661.4233      666.3316     4869    0.74%
     10    12      665.8344   298      661.4233      666.3316     6402    0.74%
     16    18      665.6311   273      661.4233      666.3316     7841    0.74%
     20    22      665.5655   270      661.4233      666.3316     8266    0.74%
     30    32      664.9795   236      661.4233      666.3316     9681    0.74%
     40    42      664.8815   228      661.4233      666.3316    10723    0.74%
     50    52      664.5195   230      661.4233      666.3316    11505    0.74%
     65    67      663.9310   184      661.4233      666.3316    12337    0.74%
     82    84      663.1301   145      661.4233      666.3316    13224    0.74%
    146   142      665.5582   298      661.4233      666.3316    16858    0.74%
Elapsed time = 9.48 sec. (5645.62 ticks, tree = 3.18 MB, solutions = 1)
    169   165      664.2594   250      661.4233      666.3316    19556    0.74%
    196   192      663.3145   180      661.4233      666.3316    22450    0.74%
    240   236      661.7329   119      661.4233      666.3316    25364    0.74%
    262   252      665.1721   294      661.4233      666.2626    28133    0.73%
    280   270      664.2850   243      661.4233      666.2626    30342    0.73%
    315   305      663.2912   168      661.4233      666.2626    33747    0.73%
    370   352      665.6458   296      661.4233      666.2620    37892    0.73%
    407   389      664.0016   192      661.4233      666.2620    41309    0.73%
    480   462      662.2418    59      661.4233      666.2620    43977    0.73%

Performing restart 1

Repeating presolve.
Tried aggregator 1 time.
MIP Presolve modified 305 coefficients.
Reduced MIP has 2173 rows, 2785 columns, and 15141 nonzeros.
Reduced MIP has 695 binaries, 690 generals, 0 SOSs, and 0 indicators.
Presolve time = 0.01 sec. (3.82 ticks)
Tried aggregator 1 time.
Reduced MIP has 2173 rows, 2785 columns, and 15141 nonzeros.
Reduced MIP has 695 binaries, 690 generals, 0 SOSs, and 0 indicators.
Presolve time = 0.01 sec. (3.77 ticks)
Represolve time = 0.03 sec. (20.49 ticks)
    497     0      665.2459   377      661.4233     Cuts: 219    48251    0.58%
    497     0      665.0501   365      661.4233     Cuts: 172    48592    0.55%
    497     0      664.9007   385      661.4233     Cuts: 197    48896    0.53%
    497     0      664.8349   389      661.4233     Cuts: 235    49101    0.52%
    497     0      664.7529   434      661.4233     Cuts: 127    49351    0.50%
    497     0      664.6923   410      661.4233     Cuts: 127    49568    0.49%
    497     0      664.6521   421      661.4233     Cuts: 133    49792    0.49%
    497     0      664.6275   452      661.4233     Cuts: 104    50007    0.48%
    497     0      664.6095   473      661.4233     Cuts: 119    50200    0.48%
    497     0      664.5847   438      661.4233     Cuts: 105    50418    0.48%
    497     0      664.5605   452      661.4233     Cuts: 131    50671    0.47%
    497     0      664.5337   457      661.4233     Cuts: 123    50917    0.47%
    497     0      664.5198   463      661.4233     Cuts: 110    51114    0.47%
    497     0      664.5067   468      661.4233      Cuts: 88    51289    0.47%
    497     0      664.4993   447      661.4233      Cuts: 91    51453    0.47%
    497     0      664.4929   448      661.4233      Cuts: 86    51637    0.46%
    497     0      664.4874   437      661.4233      Cuts: 78    51792    0.46%
    497     2      664.4874   437      661.4233      664.4872    51792    0.46%
Elapsed time = 31.27 sec. (22428.56 ticks, tree = 0.01 MB, solutions = 1)
    498     3      664.4753   436      661.4233      664.4853    51905    0.46%
    499     4      664.1447   419      661.4233      664.4746    52333    0.46%
    500     5      664.0238   423      661.4233      664.4746    53278    0.46%
    501     6      663.9054   404      661.4233      664.4746    53749    0.46%
    503     8      663.9853   413      661.4233      664.4746    54612    0.46%
    505    10      663.8976   385      661.4233      664.4746    56120    0.46%
    507    12      663.9507   366      661.4233      664.4746    57099    0.46%
    509    14      663.8736   373      661.4233      664.4746    58273    0.46%
    512    17      663.8352   357      661.4233      664.4746    59459    0.46%
    515    20      663.7726   355      661.4233      664.4746    60179    0.46%
Elapsed time = 45.28 sec. (38102.02 ticks, tree = 0.08 MB, solutions = 1)
    519    24      663.6770   337      661.4233      664.4746    60752    0.46%
    522    27      663.7474   331      661.4233      664.4746    61110    0.46%
    526    31      663.6075   333      661.4233      664.4746    62592    0.46%
    528    33      663.5710   337      661.4233      664.4746    63096    0.46%
    531    36      663.5519   325      661.4233      664.4746    63857    0.46%
    534    39      663.4414   295      661.4233      664.4746    64665    0.46%
    540    45      663.3466   327      661.4233      664.4746    65889    0.46%
    550    55      662.9327   264      661.4233      664.4746    68362    0.46%
    557    62      662.9176   265      661.4233      664.4746    70078    0.46%
    567    72      662.8324   241      661.4233      664.4746    72049    0.46%
Elapsed time = 55.34 sec. (49250.67 ticks, tree = 0.56 MB, solutions = 1)
    577    82      662.5060   223      661.4233      664.4746    74880    0.46%
    594    99      662.4428   180      661.4233      664.4746    76698    0.46%
    617   122      662.1833   157      661.4233      664.4746    78583    0.46%
    662   163      661.5122    79      661.4233      664.4746    81016    0.46%
    687   170      664.3317   406      661.4233      664.4439    81889    0.46%
    690   173      664.3133   401      661.4233      664.4439    82661    0.46%
    697   180      664.2396   361      661.4233      664.4439    84286    0.46%
    708   191      664.0905   304      661.4233      664.4439    86273    0.46%
    718   201      663.9562   303      661.4233      664.4439    87743    0.46%
    731   214      663.7233   242      661.4233      664.4439    89986    0.46%
Elapsed time = 66.14 sec. (59654.15 ticks, tree = 4.08 MB, solutions = 1)
    747   230      663.0882   240      661.4233      664.4439    91276    0.46%
    768   251      662.3579   189      661.4233      664.4439    93480    0.46%
    783   266      661.5833   162      661.4233      664.4439    95478    0.46%
    811   283      664.1946   376      661.4233      664.3317    98198    0.44%
    819   291      664.1533   312      661.4233      664.3317    99551    0.44%
    825   297      664.0836   280      661.4233      664.3317   101475    0.44%
    837   309      663.7710   259      661.4233      664.3317   103603    0.44%
    853   325      663.3465   199      661.4233      664.3317   105686    0.44%
    871   343      663.1453   134      661.4233      664.3317   107592    0.44%
    897   369      662.6296    87      661.4233      664.3317   109650    0.44%
Elapsed time = 76.28 sec. (69588.08 ticks, tree = 8.55 MB, solutions = 1)
    917   389      663.8857   313      661.4233      664.3127   111784    0.44%
    944   416      663.3261   141      661.4233      664.3127   113795    0.44%
    988   460      661.9743    48      661.4233      664.3127   115612    0.44%
   1007   474      663.6307   406      661.4233      664.3091   116836    0.44%
   1020   487      663.6111   329      661.4233      664.3091   119008    0.44%
   1032   499      663.5677   302      661.4233      664.3091   121132    0.44%
   1044   511      663.3601   239      661.4233      664.3091   122749    0.44%
   1057   524      663.1599   205      661.4233      664.3091   124595    0.44%
   1077   544      663.0072   156      661.4233      664.3091   126437    0.44%
   1097   564      662.8491   120      661.4233      664.3091   127914    0.44%
Elapsed time = 86.39 sec. (79704.28 ticks, tree = 14.75 MB, solutions = 1)
   1147   614      662.4884    45      661.4233      664.3091   129993    0.44%
   1250   717      662.0815     8      661.4233      664.3091   132752    0.44%
*  1283   651      integral     0      662.0318      664.3091   133462    0.34%
   1296   664      663.6405   322      662.0318      664.2946   136226    0.34%
   1312   680      663.2533   273      662.0318      664.2946   138331    0.34%
   1332   700      663.1023   204      662.0318      664.2946   140718    0.34%
   1361   729      662.5679   159      662.0318      664.2946   142925    0.34%
   1414   782      662.1083    50      662.0318      664.2946   145284    0.34%
   1460   815      663.7243   311      662.0318      664.2619   147294    0.34%
   1477   832      663.3572   254      662.0318      664.2619   149323    0.34%
Elapsed time = 96.78 sec. (88821.80 ticks, tree = 23.44 MB, solutions = 2)
   1535   888      662.0780    40      662.0318      664.2619   151817    0.34%
   1560   906      663.5913   305      662.0318      664.2617   154100    0.34%
   1591   937      663.0031   121      662.0318      664.2617   156167    0.34%
   1632   970      664.0022   324      662.0318      664.2614   158588    0.34%
   1648   986      663.5945   283      662.0318      664.2614   160606    0.34%
   1690  1028      662.6114    78      662.0318      664.2614   163147    0.34%
   1718  1051      663.6354   255      662.0318      664.2558   165476    0.34%
   1762  1095      662.8411   109      662.0318      664.2558   168013    0.34%
   1800  1126      664.1323   372      662.0318      664.2396   170102    0.33%
   1811  1137      663.8715   296      662.0318      664.2396   172275    0.33%
Elapsed time = 107.45 sec. (98733.43 ticks, tree = 26.10 MB, solutions = 2)
   1833  1159      663.6628   238      662.0318      664.2396   174933    0.33%
   1857  1183      663.2432   193      662.0318      664.2396   177170    0.33%
   1888  1214      662.8579   103      662.0318      664.2396   179497    0.33%
   1949  1275      662.4157    38      662.0318      664.2396   182225    0.33%
   2028  1349      663.9607   308      662.0318      664.2394   184871    0.33%
   2064  1385      663.3122   117      662.0318      664.2394   187368    0.33%
   2134  1450      663.9955   363      662.0318      664.2128   189692    0.33%
   2161  1477      663.4875   221      662.0318      664.2128   192058    0.33%
   2218  1529      664.0832   364      662.0318      664.1967   194620    0.33%
   2325  1630      663.7280   313      662.0318      664.1946   201773    0.33%
Elapsed time = 121.65 sec. (111596.34 ticks, tree = 42.03 MB, solutions = 2)
   2453  1748      663.7281   268      662.0318      664.1943   210140    0.33%
   2587  1877      663.8512   379      662.0318      664.1939   219531    0.33%
   2729  2008      663.3260   116      662.0318      664.1911   228216    0.33%
*  2804  1837      integral     0      662.2491      664.1911   229920    0.29%
   2921  1949      663.7158   320      662.2491      664.1837   238216    0.29%
   3010  2022      663.9180   334      662.2491      664.1777   246083    0.29%
   3080  2092      663.0630   121      662.2491      664.1777   254599    0.29%
   3331  2322      663.9817   335      662.2491      664.1766   264454    0.29%
   3479  2460      664.0856   359      662.2491      664.1756   273601    0.29%
   3583  2554      663.1797   319      662.2491      664.1745   282729    0.29%
Elapsed time = 160.02 sec. (146946.08 ticks, tree = 63.50 MB, solutions = 3)
   3657  2621      663.6450   295      662.2491      664.1711   291032    0.29%
   3814  2768      662.7636    40      662.2491      664.1642   299325    0.29%
   3989  2920      663.1519   181      662.2491      664.1616   308235    0.29%
   4097  3017      663.3434   256      662.2491      664.1564   316481    0.29%
   4226  3130      663.4313   153      662.2491      664.1555   324946    0.29%
   4413  3305      663.6919   319      662.2491      664.1547   334213    0.29%
   4591  3475      662.2935    40      662.2491      664.1464   343124    0.29%
   4676  3557      662.6296   137      662.2491      664.1457   351750    0.29%
   4803  3668      663.7362   263      662.2491      664.1445   360212    0.29%
   4951  3812      663.1721    92      662.2491      664.1435   368658    0.29%
Elapsed time = 201.48 sec. (185478.84 ticks, tree = 102.41 MB, solutions = 3)
   5127  3974      663.7039   339      662.2491      664.1323   377756    0.28%
   5221  4064      664.0170   310      662.2491      664.1317   386605    0.28%
*  5327  3262      integral     0      662.5483      664.1317   390868    0.24%
   5462  3393      663.6374   228      662.5483      664.1267   398801    0.24%
   5635  3549      664.0293   342      662.5483      664.1183   407818    0.24%
   5708  3622      662.9177   127      662.5483      664.1183   416109    0.24%
   5861  3751      663.2220   266      662.5483      664.1143   424283    0.24%
   6029  3898      663.8330   359      662.5483      664.1135   432742    0.24%
   6124  3982      663.8795   266      662.5483      664.1078   440646    0.24%
   6214  4070      662.7403    78      662.5483      664.1078   450158    0.24%
Elapsed time = 240.84 sec. (222141.57 ticks, tree = 111.66 MB, solutions = 4)
   6325  4170      662.9509   240      662.5483      664.1067   458359    0.24%
   6437  4273      663.4779   258      662.5483      664.1059   466005    0.24%
   6530  4358      663.0541   275      662.5483      664.1055   474717    0.24%
   6639  4451      663.8471   338      662.5483      664.1053   482878    0.24%
   6747  4555      663.1184   132      662.5483      664.1045   490816    0.23%
   6900  4700      663.3103   328      662.5483      664.1034   499049    0.23%
   6942  4736      663.9968   349      662.5483      664.1025   506288    0.23%
   7070  4856      663.3071   248      662.5483      664.1020   513922    0.23%
   7237  5011      663.4175   324      662.5483      664.0994   521826    0.23%
   7317  5084      662.9426   281      662.5483      664.0971   530040    0.23%
Elapsed time = 280.45 sec. (260661.87 ticks, tree = 131.59 MB, solutions = 4)
   7406  5156      663.1002   161      662.5483      664.0970   538128    0.23%
   7574  5308      663.7425   279      662.5483      664.0959   546437    0.23%
*  7679  5198      integral     0      662.5879      664.0959   550376    0.23%
   7777  5289      663.2092   319      662.5879      664.0901   558111    0.23%
   7816  5328      662.6594   195      662.5879      664.0901   566128    0.23%
   7942  5437      663.7776   260      662.5879      664.0849   574050    0.23%
*  8039  4787      integral     0      662.7421      664.0849   577349    0.20%
   8178  4914      662.8548    68      662.7421      664.0845   585802    0.20%
   8307  5024      662.7430    38      662.7421      664.0842   594930    0.20%
   8416  5121      663.4447   204      662.7421      664.0834   602382    0.20%
Elapsed time = 316.16 sec. (294551.32 ticks, tree = 135.66 MB, solutions = 6)
   8587  5277      663.5994   294      662.7421      664.0823   610817    0.20%
   8679  5356      663.1680   282      662.7421      664.0819   618430    0.20%
   8787  5444      663.1948    79      662.7421      664.0813   626649    0.20%
   8909  5556      663.4934   250      662.7421      664.0796   634742    0.20%
   9046  5676      663.7681   341      662.7421      664.0782   643900    0.20%
   9099  5729      662.8504   198      662.7421      664.0782   651863    0.20%
   9227  5840      663.2643   158      662.7421      664.0763   660835    0.20%
   9382  5970      663.4108   229      662.7421      664.0733   669092    0.20%
   9482  6062      663.4502   191      662.7421      664.0732   677652    0.20%
   9605  6169      663.8107   334      662.7421      664.0715   685961    0.20%
Elapsed time = 356.53 sec. (333308.83 ticks, tree = 160.46 MB, solutions = 6)
   9714  6273      662.9571   143      662.7421      664.0700   692980    0.20%
   9826  6368      663.7515   306      662.7421      664.0692   701000    0.20%
   9901  6442      662.7607   115      662.7421      664.0692   709607    0.20%
  10001  6530      663.4778   227      662.7421      664.0687   716795    0.20%
  10160  6677      663.7455   296      662.7421      664.0684   725133    0.20%
  10264  6770      663.7508   228      662.7421      664.0681   733481    0.20%
  10371  6844      663.9428   343      662.7421      664.0680   741384    0.20%
  10437  6910      662.9346    72      662.7421      664.0680   745163    0.20%
  10438  6911      663.9701   319      662.7421      664.0679   745479    0.20%
  10439  6912      663.9907   338      662.7421      664.0674   745842    0.20%
Elapsed time = 412.16 sec. (386335.83 ticks, tree = 168.06 MB, solutions = 6)
  10534  6991      663.5920   274      662.7421      664.0664   753901    0.20%
  10608  7061      663.9715   279      662.7421      664.0662   762643    0.20%
* 10716  5723      integral     0      662.9474      664.0662   766625    0.17%
  10815  5817      663.1568   137      662.9474      664.0642   774461    0.17%
  10932  5917      663.2673   276      662.9474      664.0627   781947    0.17%
  11051  6023      663.4964   248      662.9474      664.0612   790258    0.17%
  11206  6162      663.5736   288      662.9474      664.0608   799242    0.17%
  11287  6233      663.2858   210      662.9474      664.0601   807094    0.17%
  11412  6343      663.4136   241      662.9474      664.0589   815090    0.17%
  11526  6444      663.8852   278      662.9474      664.0574   823486    0.17%
Elapsed time = 450.21 sec. (422903.18 ticks, tree = 142.57 MB, solutions = 7)
  11581  6499      663.1032   169      662.9474      664.0574   831667    0.17%
  11698  6601      663.2746   226      662.9474      664.0570   839491    0.17%
  11803  6698      663.3358   213      662.9474      664.0538   848073    0.17%
  11857  6748      663.1373   270      662.9474      664.0526   856140    0.17%
  11953  6824      663.4698   226      662.9474      664.0510   864407    0.17%
  12092  6949      663.5025   233      662.9474      664.0503   873288    0.17%
  12168  7017      663.5696   249      662.9474      664.0492   881336    0.17%
  12257  7098      663.0207   175      662.9474      664.0489   890371    0.17%
  12381  7209      663.3374   168      662.9474      664.0469   897851    0.17%
  12499  7317      663.7870   318      662.9474      664.0462   905019    0.17%
Elapsed time = 489.40 sec. (461383.03 ticks, tree = 161.48 MB, solutions = 7)
  12567  7379      663.8184   259      662.9474      664.0460   912886    0.17%
  12724  7517      663.5706   317      662.9474      664.0456   921284    0.17%
  12853  7633      663.7487   287      662.9474      664.0444   929933    0.17%
  12928  7700      663.4551   246      662.9474      664.0444   937823    0.17%
  13066  7824      663.3808   233      662.9474      664.0439   946645    0.17%
  13178  7927      663.6317   231      662.9474      664.0425   954947    0.17%
  13294  8037      663.1242   181      662.9474      664.0422   963831    0.17%
  13393  8128      663.2562   137      662.9474      664.0420   971933    0.17%
  13499  8226      663.8902   273      662.9474      664.0410   979533    0.16%
  13567  8287      663.5617   279      662.9474      664.0407   987530    0.16%
Elapsed time = 529.07 sec. (500015.75 ticks, tree = 189.34 MB, solutions = 7)
  13663  8375      663.4867   258      662.9474      664.0399   996352    0.16%
  13772  8476      663.3273   267      662.9474      664.0397  1004664    0.16%
  13886  8576      663.9384   333      662.9474      664.0392  1013318    0.16%
  14026  8704      663.8694   324      662.9474      664.0379  1021589    0.16%
  14131  8795      663.6412   321      662.9474      664.0378  1030447    0.16%
  14247  8899      663.9456   285      662.9474      664.0375  1038475    0.16%
  14354  9000      663.2496   143      662.9474      664.0375  1046984    0.16%
  14450  9084      662.9964   166      662.9474      664.0372  1055922    0.16%
  14567  9183      663.2483   133      662.9474      664.0361  1063635    0.16%
  14687  9294      663.3183   180      662.9474      664.0347  1071895    0.16%
Elapsed time = 569.17 sec. (538691.40 ticks, tree = 218.01 MB, solutions = 7)
  14792  9381      663.5595   235      662.9474      664.0333  1080991    0.16%
  14938  9515      663.6413   212      662.9474      664.0318  1089577    0.16%
  15067  9633      663.7263   318      662.9474      664.0309  1097954    0.16%
  15119  9685      663.0380   189      662.9474      664.0309  1106325    0.16%
  15218  9769      663.7047   385      662.9474      664.0295  1114930    0.16%
  15301  9848      662.9776   149      662.9474      664.0293  1122542    0.16%
  15360  9893      663.8268   291      662.9474      664.0292  1130922    0.16%
  15503 10023      663.7222   292      662.9474      664.0279  1139220    0.16%
  15598 10110      663.7933   256      662.9474      664.0275  1147525    0.16%
  15692 10196      663.2963   168      662.9474      664.0272  1156146    0.16%
Elapsed time = 608.79 sec. (577083.60 ticks, tree = 242.30 MB, solutions = 7)
  15817 10307      663.6628   246      662.9474      664.0263  1163635    0.16%
  15915 10398      663.5360   324      662.9474      664.0261  1172177    0.16%
  15974 10451      663.8574   270      662.9474      664.0251  1180321    0.16%
  16131 10586      663.6520   279      662.9474      664.0242  1188692    0.16%
  16252 10695      663.5833   264      662.9474      664.0239  1197453    0.16%
  16380 10808      663.8012   301      662.9474      664.0230  1206126    0.16%
  16491 10911      663.5116   312      662.9474      664.0225  1214703    0.16%
  16576 10984      663.8110   262      662.9474      664.0225  1222779    0.16%
  16722 11119      663.9644   377      662.9474      664.0211  1231519    0.16%
  16836 11226      663.1341   157      662.9474      664.0210  1239855    0.16%
Elapsed time = 648.92 sec. (615536.05 ticks, tree = 263.77 MB, solutions = 7)
  16897 11275      663.2156   253      662.9474      664.0188  1247049    0.16%
  17006 11369      663.5942   302      662.9474      664.0179  1255232    0.16%
  17167 11517      663.6948   261      662.9474      664.0175  1263661    0.16%
  17250 11595      663.5155   234      662.9474      664.0173  1271943    0.16%
  17361 11692      663.4182   346      662.9474      664.0171  1280233    0.16%
  17462 11785      663.2076   208      662.9474      664.0167  1288889    0.16%
  17546 11861      663.1164   169      662.9474      664.0160  1297177    0.16%
  17683 11987      663.1342   112      662.9474      664.0153  1305441    0.16%
  17796 12087      663.1921   256      662.9474      664.0148  1314197    0.16%
  17909 12182      663.9341   335      662.9474      664.0127  1323086    0.16%
Elapsed time = 688.75 sec. (654122.71 ticks, tree = 283.02 MB, solutions = 7)
  18027 12296      663.0969   107      662.9474      664.0124  1331067    0.16%
  18093 12351      663.6314   256      662.9474      664.0112  1340155    0.16%
  18237 12476      663.1363   300      662.9474      664.0110  1348676    0.16%
  18333 12562      663.4958   251      662.9474      664.0097  1357059    0.16%
  18397 12618      663.3302   152      662.9474      664.0095  1364755    0.16%
  18530 12737      663.3834   251      662.9474      664.0092  1372569    0.16%
  18647 12844      663.3535   307      662.9474      664.0089  1381672    0.16%
  18714 12907      663.3520   174      662.9474      664.0076  1390377    0.16%
  18824 13009      663.3362   254      662.9474      664.0066  1398459    0.16%
  18921 13097      663.6537   280      662.9474      664.0059  1406893    0.16%
Elapsed time = 728.24 sec. (692881.34 ticks, tree = 301.68 MB, solutions = 7)
  19008 13176      663.2508   192      662.9474      664.0055  1415354    0.16%
  19145 13296      663.4548   237      662.9474      664.0041  1424161    0.16%
  19225 13369      663.1954   186      662.9474      664.0036  1433020    0.16%
  19344 13475      663.3272   218      662.9474      664.0031  1441549    0.16%
  19452 13575      663.3910   205      662.9474      664.0029  1449689    0.16%
  19548 13659      663.4647   247      662.9474      664.0023  1458270    0.16%
  19687 13789      663.6025   253      662.9474      664.0016  1466033    0.16%
  19808 13896      663.6899   294      662.9474      664.0011  1474294    0.16%
  19858 13942      663.2132   222      662.9474      664.0010  1482683    0.16%
  19995 14064      663.7135   275      662.9474      664.0006  1490983    0.16%
Elapsed time = 767.88 sec. (731269.68 ticks, tree = 328.09 MB, solutions = 7)
  20079 14144      662.9779   215      662.9474      664.0006  1499792    0.16%
  20204 14251      663.9141   301      662.9474      663.9991  1507751    0.16%
  20321 14362      663.7897   311      662.9474      663.9988  1516380    0.16%
  20400 14425      663.8780   304      662.9474      663.9985  1524326    0.16%
  20526 14537      663.9691   285      662.9474      663.9983  1532455    0.16%
  20685 14687      662.9734    57      662.9474      663.9981  1540729    0.16%
  20731 14728      663.0329   210      662.9474      663.9978  1548945    0.16%
  20857 14834      663.2041    83      662.9474      663.9961  1557478    0.16%
  21006 14968      662.9501    83      662.9474      663.9959  1565738    0.16%
  21085 15033      663.3814   159      662.9474      663.9950  1573964    0.16%
Elapsed time = 807.54 sec. (769607.95 ticks, tree = 347.02 MB, solutions = 7)
  21228 15148      663.3366   217      662.9474      663.9942  1582034    0.16%
  21316 15228      663.2689   256      662.9474      663.9941  1589049    0.16%
  21424 15325      663.5787   211      662.9474      663.9937  1597350    0.16%
  21570 15458      663.4192   220      662.9474      663.9931  1605503    0.16%
  21671 15544      663.6623   320      662.9474      663.9919  1614554    0.16%
  21767 15632      663.8744   311      662.9474      663.9907  1622997    0.16%
  21914 15768      662.9867    44      662.9474      663.9907  1631357    0.16%
  21993 15835      663.6854   212      662.9474      663.9904  1639628    0.16%
  22137 15964      663.0258   161      662.9474      663.9897  1648333    0.16%
  22231 16044      663.4173   231      662.9474      663.9895  1656281    0.16%
Elapsed time = 847.51 sec. (808169.63 ticks, tree = 375.42 MB, solutions = 7)
  22330 16132      663.6677   264      662.9474      663.9891  1665108    0.16%
  22449 16244      663.4616   212      662.9474      663.9886  1673696    0.16%
  22531 16318      663.0637   179      662.9474      663.9873  1681712    0.16%
  22676 16448      663.7151   243      662.9474      663.9870  1690749    0.16%
  22859 16614      663.8737   338      662.9474      663.9867  1698891    0.16%
  22927 16678      663.7028   272      662.9474      663.9861  1707045    0.16%
  23051 16791      663.6001   261      662.9474      663.9853  1715431    0.16%
  23145 16877      663.6138   243      662.9474      663.9849  1723911    0.16%
  23263 16985      662.9516    63      662.9474      663.9847  1732548    0.16%
  23380 17085      663.4258   233      662.9474      663.9833  1740322    0.16%
Elapsed time = 888.13 sec. (846591.88 ticks, tree = 401.06 MB, solutions = 7)
  23467 17163      663.3007   299      662.9474      663.9816  1748540    0.16%
  23569 17260      663.2151   183      662.9474      663.9811  1757114    0.16%
  23683 17362      663.4159   263      662.9474      663.9797  1765907    0.16%
  23810 17480      663.6641   238      662.9474      663.9791  1774635    0.16%
  23925 17587      663.7355   222      662.9474      663.9788  1782866    0.16%
  24005 17662      663.4999   220      662.9474      663.9786  1790396    0.16%
  24122 17767      663.8835   323      662.9474      663.9780  1798784    0.16%
  24236 17873      663.7163   328      662.9474      663.9775  1806839    0.16%
  24298 17930      663.0206   234      662.9474      663.9773  1814841    0.16%
  24407 18029      663.2150   197      662.9474      663.9766  1822707    0.16%
Elapsed time = 927.94 sec. (885038.52 ticks, tree = 423.95 MB, solutions = 7)
  24507 18116      663.5186   236      662.9474      663.9752  1830786    0.16%
  24588 18189      663.4257   248      662.9474      663.9751  1839018    0.16%
  24687 18279      663.6257   221      662.9474      663.9749  1847014    0.15%
  24863 18433      663.5265   263      662.9474      663.9747  1855610    0.15%
  24936 18499      663.1093   235      662.9474      663.9744  1863693    0.15%
  25020 18563      663.2991   224      662.9474      663.9732  1871589    0.15%
  25153 18682      663.1975   123      662.9474      663.9732  1879513    0.15%
  25236 18749      663.6877   291      662.9474      663.9726  1887506    0.15%
  25350 18851      663.7063   285      662.9474      663.9718  1895830    0.15%
  25465 18954      663.0682   115      662.9474      663.9715  1903951    0.15%
Elapsed time = 967.87 sec. (923569.50 ticks, tree = 434.37 MB, solutions = 7)
  25554 19030      663.1994   143      662.9474      663.9709  1912056    0.15%
  25665 19128      663.1046   151      662.9474      663.9704  1920125    0.15%
  25759 19209      663.5576   239      662.9474      663.9700  1928085    0.15%
  25847 19285      663.8957   245      662.9474      663.9698  1936002    0.15%
  25976 19396      663.6961   236      662.9474      663.9696  1944603    0.15%
  26069 19480      663.2413   204      662.9474      663.9696  1952380    0.15%
  26171 19568      663.5554   232      662.9474      663.9695  1960115    0.15%
  26308 19694      663.5254   260      662.9474      663.9692  1968585    0.15%
  26376 19759      663.1793   237      662.9474      663.9691  1977115    0.15%
  26487 19847      663.1086   171      662.9474      663.9683  1985327    0.15%
Elapsed time = 1007.65 sec. (961948.74 ticks, tree = 447.35 MB, solutions = 7)
  26616 19968      662.9880    94      662.9474      663.9677  1992827    0.15%
  26687 20027      663.7296   251      662.9474      663.9674  2001162    0.15%
  26841 20162      663.5492   232      662.9474      663.9672  2009672    0.15%
  26944 20255      663.7191   239      662.9474      663.9670  2018166    0.15%
  27043 20349      663.0158    59      662.9474      663.9668  2026684    0.15%
  27158 20447      663.0395   192      662.9474      663.9665  2034651    0.15%
  27249 20529      663.0718   274      662.9474      663.9662  2042907    0.15%
  27360 20622      663.3279   256      662.9474      663.9662  2050594    0.15%
  27479 20728      663.3133   213      662.9474      663.9656  2059018    0.15%
  27560 20803      663.1964   191      662.9474      663.9656  2067833    0.15%
Elapsed time = 1048.02 sec. (1000473.56 ticks, tree = 461.96 MB, solutions = 7)
  27660 20892      663.2282   205      662.9474      663.9654  2076288    0.15%
  27797 21017      663.1439   135      662.9474      663.9648  2084631    0.15%
  27854 21069      663.0329   214      662.9474      663.9644  2093109    0.15%
  27976 21168      663.2868   387      662.9474      663.9639  2101473    0.15%
  28073 21257      663.7604   274      662.9474      663.9639  2109334    0.15%
  28123 21305      663.0891   169      662.9474      663.9639  2116413    0.15%
  28251 21418      663.6518   274      662.9474      663.9638  2124460    0.15%
  28361 21521      663.4571   207      662.9474      663.9637  2133261    0.15%
  28445 21594      663.6907   288      662.9474      663.9634  2141711    0.15%
  28552 21694      663.3875   239      662.9474      663.9632  2149868    0.15%
Elapsed time = 1088.04 sec. (1038998.38 ticks, tree = 473.65 MB, solutions = 7)
  28635 21769      663.3603   316      662.9474      663.9628  2157761    0.15%
  28736 21852      663.5109   226      662.9474      663.9625  2165664    0.15%
  28883 21983      663.1127   152      662.9474      663.9623  2173876    0.15%
  28941 22032      662.9939   185      662.9474      663.9622  2181584    0.15%
  29035 22112      663.8558   269      662.9474      663.9614  2189733    0.15%
  29161 22227      663.7803   291      662.9474      663.9613  2198118    0.15%
  29249 22304      663.7619   322      662.9474      663.9606  2206954    0.15%
  29355 22403      662.9845   141      662.9474      663.9605  2214975    0.15%
  29436 22475      663.2825   279      662.9474      663.9601  2222385    0.15%
  29488 22515      663.3121   255      662.9474      663.9599  2229617    0.15%
Elapsed time = 1127.60 sec. (1077630.16 ticks, tree = 489.92 MB, solutions = 7)
  29600 22619      663.3852   150      662.9474      663.9596  2238028    0.15%
  29723 22729      663.3078   280      662.9474      663.9594  2246417    0.15%
  29818 22815      663.5484   208      662.9474      663.9582  2254282    0.15%
  29958 22930      663.6948   254      662.9474      663.9580  2262853    0.15%
  30061 23015      663.3572   277      662.9474      663.9579  2270855    0.15%
  30155 23090      663.6711   282      662.9474      663.9576  2279082    0.15%
  30251 23178      663.5160   246      662.9474      663.9575  2287494    0.15%
  30342 23257      662.9880   166      662.9474      663.9571  2296729    0.15%
  30451 23350      663.3962   240      662.9474      663.9568  2304932    0.15%
  30543 23434      663.2380   265      662.9474      663.9563  2313722    0.15%
Elapsed time = 1168.25 sec. (1116225.87 ticks, tree = 504.24 MB, solutions = 7)
  30645 23528      663.2077   141      662.9474      663.9555  2321858    0.15%
  30772 23642      662.9680    62      662.9474      663.9552  2330391    0.15%
  30841 23692      663.5329   293      662.9474      663.9551  2338079    0.15%
  30924 23768      663.3367   206      662.9474      663.9551  2345463    0.15%
  31023 23859      663.2928   280      662.9474      663.9550  2353869    0.15%
  31138 23955      663.8457   309      662.9474      663.9546  2362673    0.15%
  31260 24067      663.6948   289      662.9474      663.9538  2371139    0.15%
  31347 24144      663.5277   214      662.9474      663.9537  2379715    0.15%
  31446 24236      663.4381   250      662.9474      663.9537  2387415    0.15%
  31543 24325      663.7005   247      662.9474      663.9533  2395648    0.15%
Elapsed time = 1208.28 sec. (1154795.10 ticks, tree = 518.22 MB, solutions = 7)
  31617 24391      663.0020   132      662.9474      663.9531  2403940    0.15%
  31733 24497      663.1691   128      662.9474      663.9528  2411200    0.15%
  31815 24571      663.6073   221      662.9474      663.9525  2419217    0.15%
  31936 24676      663.8081   263      662.9474      663.9521  2427777    0.15%
  32032 24765      663.8222   308      662.9474      663.9518  2436286    0.15%
  32099 24828      663.4414   264      662.9474      663.9517  2444151    0.15%
  32187 24908      663.0497    78      662.9474      663.9514  2451779    0.15%
  32300 25003      663.6561   287      662.9474      663.9507  2460489    0.15%
  32391 25088      662.9573   184      662.9474      663.9501  2469173    0.15%
  32514 25194      663.4580   242      662.9474      663.9499  2476959    0.15%
Elapsed time = 1247.87 sec. (1193130.99 ticks, tree = 537.26 MB, solutions = 7)
  32620 25287      663.6142   250      662.9474      663.9498  2485477    0.15%
  32674 25328      663.3395   244      662.9474      663.9498  2492908    0.15%
  32791 25434      663.6345   329      662.9474      663.9491  2501409    0.15%
  32859 25498      662.9750   220      662.9474      663.9485  2510076    0.15%
  33009 25626      663.1494   120      662.9474      663.9478  2517732    0.15%
  33151 25754      663.1274    93      662.9474      663.9476  2526245    0.15%
  33249 25839      663.4588   262      662.9474      663.9471  2534833    0.15%
  33346 25927      663.4965   261      662.9474      663.9467  2543061    0.15%
  33444 26014      663.6122   237      662.9474      663.9465  2551791    0.15%
  33543 26103      662.9863   101      662.9474      663.9463  2560278    0.15%
Elapsed time = 1288.39 sec. (1231684.54 ticks, tree = 560.19 MB, solutions = 7)
  33656 26204      663.6947   258      662.9474      663.9458  2568943    0.15%
  33735 26276      663.1195   217      662.9474      663.9458  2577232    0.15%
  33842 26368      663.1573   129      662.9474      663.9455  2585847    0.15%
  33985 26497      662.9622    43      662.9474      663.9452  2594264    0.15%
  34079 26579      663.4776   183      662.9474      663.9450  2602915    0.15%
  34238 26727      663.1199   105      662.9474      663.9445  2610938    0.15%
  34344 26823      663.2314   262      662.9474      663.9444  2619632    0.15%
  34444 26908      663.3012   240      662.9474      663.9442  2628268    0.15%
  34558 27012      663.3847   133      662.9474      663.9441  2636556    0.15%
* 34625 23852      integral     0      663.0263      663.9441  2637912    0.14%
Elapsed time = 1326.61 sec. (1266844.84 ticks, tree = 505.03 MB, solutions = 8)
  34691 23910      663.5609   211      663.0263      663.9441  2645883    0.14%
  34805 24015      663.0947   133      663.0263      663.9440  2654165    0.14%
  34898 24099      663.1069   206      663.0263      663.9439  2661236    0.14%
  35048 24224      663.6584   268      663.0263      663.9431  2669912    0.14%
  35127 24295      663.6328   277      663.0263      663.9429  2678317    0.14%
  35239 24395      663.8540   286      663.0263      663.9425  2686844    0.14%
  35346 24494      663.5127   262      663.0263      663.9424  2695179    0.14%
  35420 24565      663.1694   232      663.0263      663.9423  2704255    0.14%
  35526 24650      663.4453   203      663.0263      663.9420  2712590    0.14%
  35627 24745      663.4698   218      663.0263      663.9420  2720958    0.14%
Elapsed time = 1366.78 sec. (1305420.83 ticks, tree = 523.26 MB, solutions = 8)
  35705 24808      663.8073   299      663.0263      663.9415  2728631    0.14%
  35806 24901      663.3242   227      663.0263      663.9411  2736998    0.14%
  35862 24954      663.1364   153      663.0263      663.9407  2744775    0.14%
  35993 25067      663.2203   120      663.0263      663.9399  2753665    0.14%
  36089 25152      663.2666   255      663.0263      663.9393  2762215    0.14%
  36191 25231      663.6936   260      663.0263      663.9384  2771271    0.14%
  36315 25335      663.6378   211      663.0263      663.9380  2779247    0.14%
  36387 25399      663.2926   175      663.0263      663.9375  2786859    0.14%
  36525 25517      663.4521   331      663.0263      663.9367  2795633    0.14%
  36593 25577      663.5263   266      663.0263      663.9362  2803145    0.14%
Elapsed time = 1406.49 sec. (1343763.25 ticks, tree = 532.63 MB, solutions = 8)
  36707 25677      663.7292   245      663.0263      663.9352  2812591    0.14%
  36811 25767      663.7564   281      663.0263      663.9349  2820982    0.14%
  36930 25874      663.3719   155      663.0263      663.9349  2829547    0.14%
  37036 25972      663.2297   194      663.0263      663.9345  2837523    0.14%
  37153 26067      663.8195   291      663.0263      663.9340  2846349    0.14%
  37256 26160      663.4480   260      663.0263      663.9335  2854868    0.14%
  37335 26233      663.2807   173      663.0263      663.9335  2862975    0.14%
  37453 26339      663.0344   142      663.0263      663.9332  2871414    0.14%
  37546 26421      663.1824   199      663.0263      663.9330  2879559    0.14%
  37654 26510      663.7534   326      663.0263      663.9326  2888190    0.14%
Elapsed time = 1447.38 sec. (1382444.65 ticks, tree = 549.17 MB, solutions = 8)
  37767 26605      663.5885   310      663.0263      663.9324  2896396    0.14%
  37824 26652      663.4662   216      663.0263      663.9321  2903975    0.14%
  37945 26762      663.5785   244      663.0263      663.9317  2912554    0.14%
  38032 26838      663.6281   275      663.0263      663.9309  2921431    0.14%
  38139 26933      663.5188   216      663.0263      663.9307  2929691    0.14%
  38254 27030      663.2502   312      663.0263      663.9304  2937876    0.14%
  38347 27111      663.3867   205      663.0263      663.9301  2945970    0.14%
  38452 27198      663.3251   196      663.0263      663.9298  2954768    0.14%
  38535 27261      663.8221   286      663.0263      663.9292  2963141    0.14%
  38647 27363      663.2886   220      663.0263      663.9290  2971692    0.14%
Elapsed time = 1487.45 sec. (1420925.16 ticks, tree = 565.69 MB, solutions = 8)
  38773 27477      663.4591   231      663.0263      663.9287  2980128    0.14%
  38898 27573      663.2215   112      663.0263      663.9286  2988349    0.14%
  39031 27689      663.5891   198      663.0263      663.9285  2996337    0.14%
  39137 27783      663.1847   218      663.0263      663.9282  3004872    0.14%
  39228 27862      663.6505   327      663.0263      663.9279  3013345    0.14%
  39309 27934      663.0693   178      663.0263      663.9278  3021921    0.14%
  39414 28025      663.6600   260      663.0263      663.9273  3030345    0.14%
  39517 28117      663.6401   239      663.0263      663.9272  3038725    0.14%
  39600 28188      663.6068   267      663.0263      663.9271  3047323    0.14%
  39705 28285      663.2297   156      663.0263      663.9269  3055758    0.14%
Elapsed time = 1527.74 sec. (1459245.15 ticks, tree = 584.23 MB, solutions = 8)
  39774 28346      663.5129   255      663.0263      663.9266  3063640    0.14%
  39897 28458      663.0620   108      663.0263      663.9265  3072234    0.14%
  39999 28551      663.0692   116      663.0263      663.9262  3081378    0.14%
  40095 28633      663.4189   253      663.0263      663.9259  3089494    0.14%
  40180 28709      663.5930   336      663.0263      663.9256  3097666    0.14%
  40257 28771      663.7191   227      663.0263      663.9254  3106017    0.14%
  40375 28879      663.6111   208      663.0263      663.9252  3114097    0.14%
  40492 28977      663.4849   236      663.0263      663.9249  3122648    0.14%
  40604 29081      663.0765   104      663.0263      663.9244  3130701    0.14%
  40694 29154      663.7635   252      663.0263      663.9235  3139703    0.14%
Elapsed time = 1567.92 sec. (1497718.18 ticks, tree = 605.62 MB, solutions = 8)
  40813 29265      663.0896   158      663.0263      663.9233  3148613    0.14%
  40900 29340      663.1696   223      663.0263      663.9226  3156984    0.14%
  41015 29442      663.1852   150      663.0263      663.9217  3165518    0.14%
  41126 29538      663.4861   273      663.0263      663.9216  3174164    0.14%
  41221 29620      663.6335   303      663.0263      663.9215  3182147    0.14%
  41319 29709      663.2062   118      663.0263      663.9213  3190001    0.13%
  41378 29757      663.7976   236      663.0263      663.9211  3197589    0.13%
  41501 29870      663.2136   159      663.0263      663.9207  3206165    0.13%
  41586 29944      663.3153   241      663.0263      663.9205  3214086    0.13%
  41696 30039      663.2711   129      663.0263      663.9200  3222352    0.13%
Elapsed time = 1607.52 sec. (1536238.16 ticks, tree = 621.53 MB, solutions = 8)
  41805 30140      663.0546   252      663.0263      663.9199  3231068    0.13%
  41937 30252      663.0350    86      663.0263      663.9195  3239649    0.13%
  42024 30325      663.2561   211      663.0263      663.9192  3247756    0.13%
  42117 30410      663.1243   140      663.0263      663.9191  3254340    0.13%
  42191 30473      663.0598   261      663.0263      663.9190  3262168    0.13%
  42315 30578      663.7781   284      663.0263      663.9184  3270423    0.13%
  42419 30674      663.3679   266      663.0263      663.9182  3278741    0.13%
  42527 30771      663.0927   151      663.0263      663.9180  3287507    0.13%
  42625 30857      663.4871   240      663.0263      663.9172  3295667    0.13%
  42716 30932      663.3262   188      663.0263      663.9169  3303597    0.13%
Elapsed time = 1646.58 sec. (1574592.99 ticks, tree = 641.86 MB, solutions = 8)
  42847 31042      663.0482   181      663.0263      663.9162  3312005    0.13%
  42946 31118      663.5281   248      663.0263      663.9159  3320746    0.13%
  43054 31219      663.2300   167      663.0263      663.9155  3329414    0.13%
  43128 31286      663.1949   211      663.0263      663.9151  3337904    0.13%
  43246 31384      663.5848   220      663.0263      663.9144  3346236    0.13%
  43346 31472      663.5653   221      663.0263      663.9142  3354710    0.13%
  43456 31566      663.6101   222      663.0263      663.9141  3362933    0.13%
  43566 31667      663.5244   288      663.0263      663.9139  3371602    0.13%
  43666 31748      663.4981   235      663.0263      663.9137  3380658    0.13%
  43778 31848      663.0907   153      663.0263      663.9136  3388951    0.13%
Elapsed time = 1686.53 sec. (1613108.45 ticks, tree = 652.41 MB, solutions = 8)
  43856 31915      663.2123   231      663.0263      663.9133  3397402    0.13%
  43979 32021      663.7584   277      663.0263      663.9126  3405668    0.13%
  44057 32095      663.3309   149      663.0263      663.9123  3413696    0.13%
  44149 32174      663.3404   222      663.0263      663.9122  3421368    0.13%
  44263 32280      663.0780   134      663.0263      663.9122  3430375    0.13%
  44365 32365      663.2675   203      663.0263      663.9117  3439058    0.13%
  44480 32468      663.6916   264      663.0263      663.9117  3447407    0.13%
  44573 32556      663.1367   180      663.0263      663.9116  3456200    0.13%
  44687 32652      663.7310   267      663.0263      663.9115  3464693    0.13%
  44774 32731      663.4707   256      663.0263      663.9112  3472967    0.13%
Elapsed time = 1726.43 sec. (1651663.70 ticks, tree = 670.30 MB, solutions = 8)
  44893 32832      663.5727   305      663.0263      663.9109  3481489    0.13%
  44990 32922      663.2910   231      663.0263      663.9107  3489960    0.13%
  45090 33004      663.7659   353      663.0263      663.9105  3498327    0.13%
  45181 33087      663.5879   236      663.0263      663.9104  3506496    0.13%
  45265 33161      663.0650   124      663.0263      663.9102  3515054    0.13%
  45367 33242      663.6073   295      663.0263      663.9097  3523322    0.13%
  45457 33320      663.6836   279      663.0263      663.9094  3532015    0.13%
  45578 33430      663.1936   216      663.0263      663.9091  3540691    0.13%
  45642 33484      663.6564   241      663.0263      663.9089  3548785    0.13%
  45777 33612      663.0541    93      663.0263      663.9088  3557053    0.13%
Elapsed time = 1766.33 sec. (1690271.47 ticks, tree = 692.45 MB, solutions = 8)
  45889 33708      663.4531   246      663.0263      663.9084  3565832    0.13%
  45997 33805      663.2921   177      663.0263      663.9082  3573631    0.13%
  46081 33877      663.3476   253      663.0263      663.9080  3581937    0.13%
  46174 33958      663.4557   253      663.0263      663.9079  3590610    0.13%
  46288 34061      663.7256   362      663.0263      663.9076  3599329    0.13%
  46347 34114      663.2344   187      663.0263      663.9075  3607091    0.13%
  46472 34225      663.7904   268      663.0263      663.9073  3615801    0.13%
  46544 34293      663.4187   194      663.0263      663.9068  3623973    0.13%
  46658 34379      663.5669   287      663.0263      663.9066  3632563    0.13%
  46766 34475      663.5995   257      663.0263      663.9065  3642016    0.13%
Elapsed time = 1806.24 sec. (1728980.83 ticks, tree = 706.92 MB, solutions = 8)
  46831 34532      663.0448   186      663.0263      663.9065  3649624    0.13%
  46964 34649      663.5298   233      663.0263      663.9063  3657927    0.13%
  47044 34720      663.5059   237      663.0263      663.9061  3666560    0.13%
  47181 34846      663.1765    73      663.0263      663.9059  3674803    0.13%
  47267 34908      663.7246   301      663.0263      663.9057  3683354    0.13%
  47381 35011      663.6002   283      663.0263      663.9053  3691080    0.13%
  47462 35084      663.2767   308      663.0263      663.9052  3699361    0.13%
  47573 35180      663.7704   286      663.0263      663.9050  3707670    0.13%
  47661 35260      663.4259   249      663.0263      663.9049  3716389    0.13%
  47767 35349      663.0545   207      663.0263      663.9049  3724316    0.13%
Elapsed time = 1845.79 sec. (1767446.83 ticks, tree = 734.81 MB, solutions = 8)
  47856 35426      663.4943   254      663.0263      663.9048  3733041    0.13%
  47963 35525      663.1994   220      663.0263      663.9046  3741400    0.13%
  48083 35627      663.7707   263      663.0263      663.9042  3750151    0.13%
  48162 35696      663.6496   256      663.0263      663.9039  3758315    0.13%
  48297 35815        cutoff            663.0263      663.9038  3766814    0.13%
  48386 35892      663.1276   165      663.0263      663.9036  3775328    0.13%
  48497 35987      663.1940   217      663.0263      663.9035  3783518    0.13%
  48586 36062      663.2929   266      663.0263      663.9034  3792208    0.13%
  48711 36173      663.1017   239      663.0263      663.9030  3800822    0.13%
  48808 36254      663.3431   173      663.0263      663.9029  3809334    0.13%
Elapsed time = 1885.52 sec. (1805763.60 ticks, tree = 750.90 MB, solutions = 8)
  48907 36340      663.7289   251      663.0263      663.9028  3817295    0.13%
  49010 36432      663.1613   181      663.0263      663.9027  3825995    0.13%
  49103 36511      663.4303   281      663.0263      663.9026  3834304    0.13%
  49198 36593      663.4727   260      663.0263      663.9023  3842372    0.13%
  49297 36670      663.6654   279      663.0263      663.9018  3850303    0.13%
  49436 36787        cutoff            663.0263      663.9017  3858903    0.13%
  49492 36837      663.4647   260      663.0263      663.9016  3866773    0.13%
  49627 36956      663.5005   204      663.0263      663.9014  3875219    0.13%
  49715 37032      663.0548    87      663.0263      663.9013  3883042    0.13%
  49849 37140      663.5978   239      663.0263      663.9011  3891245    0.13%
Elapsed time = 1924.81 sec. (1844150.02 ticks, tree = 774.10 MB, solutions = 8)
  49927 37210      663.6263   238      663.0263      663.9011  3898959    0.13%
  50047 37310      663.3772   194      663.0263      663.9010  3907499    0.13%
  50193 37447      663.0671   137      663.0263      663.9007  3916202    0.13%
  50297 37532      663.8003   277      663.0263      663.9006  3924979    0.13%
  50398 37625      663.3510   220      663.0263      663.9005  3933859    0.13%
  50461 37684      663.0576   208      663.0263      663.9004  3942541    0.13%
  50582 37787      663.3515   218      663.0263      663.9001  3950892    0.13%
  50689 37867      663.8003   275      663.0263      663.8996  3958694    0.13%
  50804 37968      663.2819   207      663.0263      663.8994  3967885    0.13%
  50897 38053      663.2416   200      663.0263      663.8993  3976030    0.13%
Elapsed time = 1964.52 sec. (1882782.12 ticks, tree = 797.63 MB, solutions = 8)
  50993 38134      663.6526   289      663.0263      663.8991  3984282    0.13%
  51114 38240      663.3055   216      663.0263      663.8988  3993315    0.13%
  51218 38330      663.0297   129      663.0263      663.8986  4001826    0.13%
  51328 38425      663.5448   205      663.0263      663.8979  4010534    0.13%
  51433 38513      663.3146   199      663.0263      663.8978  4019121    0.13%
  51558 38622      663.7946   265      663.0263      663.8976  4027757    0.13%
  51629 38690      663.4684   278      663.0263      663.8975  4036172    0.13%
  51743 38789      663.7750   319      663.0263      663.8974  4045147    0.13%
  51819 38846      663.7040   308      663.0263      663.8973  4054319    0.13%
  51918 38938      663.3293   187      663.0263      663.8972  4063546    0.13%
Elapsed time = 2004.36 sec. (1921510.74 ticks, tree = 815.07 MB, solutions = 8)
  52013 39024      663.2960   177      663.0263      663.8970  4071786    0.13%
  52102 39102      663.5374   276      663.0263      663.8968  4079963    0.13%
  52199 39189      663.0776   183      663.0263      663.8961  4088949    0.13%
  52297 39274      663.4607   225      663.0263      663.8957  4096808    0.13%
  52399 39362      663.7193   231      663.0263      663.8954  4105527    0.13%
  52505 39458      663.1188   199      663.0263      663.8953  4113485    0.13%
  52595 39536      663.5646   237      663.0263      663.8950  4122138    0.13%
  52707 39637      663.7598   240      663.0263      663.8948  4130963    0.13%
  52822 39736      663.6416   253      663.0263      663.8947  4139571    0.13%
  52936 39838      663.7173   297      663.0263      663.8943  4147718    0.13%
Elapsed time = 2043.83 sec. (1959950.54 ticks, tree = 837.00 MB, solutions = 8)
  53048 39934      663.0573   126      663.0263      663.8942  4155949    0.13%
  53157 40026      663.5959   236      663.0263      663.8939  4164574    0.13%
  53257 40112      663.3153   268      663.0263      663.8938  4173126    0.13%
  53378 40205      663.8353   283      663.0263      663.8935  4182083    0.13%
  53495 40312      663.4774   261      663.0263      663.8932  4189873    0.13%
  53588 40391      663.2966   190      663.0263      663.8931  4198461    0.13%
  53693 40479      663.3312   260      663.0263      663.8929  4206886    0.13%
  53786 40558      663.1170   227      663.0263      663.8929  4215686    0.13%
  53888 40648      663.4240   231      663.0263      663.8927  4224560    0.13%
  54001 40744      663.7547   289      663.0263      663.8926  4233486    0.13%
Elapsed time = 2083.49 sec. (1998541.62 ticks, tree = 856.68 MB, solutions = 8)
  54097 40832      663.4763   246      663.0263      663.8925  4241647    0.13%
  54209 40932      663.6404   189      663.0263      663.8924  4249953    0.13%
  54326 41036      663.6591   291      663.0263      663.8921  4258532    0.13%
  54418 41120      663.7449   269      663.0263      663.8920  4267315    0.13%
  54538 41225      663.5794   347      663.0263      663.8916  4276535    0.13%
  54622 41301      663.5932   184      663.0263      663.8913  4285062    0.13%
  54739 41406      663.7314   256      663.0263      663.8908  4293255    0.13%
  54837 41495      663.0401   134      663.0263      663.8907  4302001    0.13%
  54939 41583      663.4934   251      663.0263      663.8906  4309857    0.13%
  55025 41659      663.0587   117      663.0263      663.8906  4318593    0.13%
Elapsed time = 2123.34 sec. (2037205.29 ticks, tree = 873.80 MB, solutions = 8)
  55156 41769      663.4526   235      663.0263      663.8904  4327374    0.13%
  55242 41847      663.2445   236      663.0263      663.8901  4336139    0.13%
  55355 41945      663.1605   134      663.0263      663.8900  4343799    0.13%
  55486 42051      663.1387   188      663.0263      663.8899  4352362    0.13%
  55559 42114      663.4088   232      663.0263      663.8898  4361006    0.13%
  55688 42224      663.4218   257      663.0263      663.8893  4369463    0.13%
  55766 42288      663.8267   286      663.0263      663.8893  4377842    0.13%
  55883 42393      663.3120   222      663.0263      663.8890  4386302    0.13%
  55966 42468      663.1607   241      663.0263      663.8889  4394861    0.13%
  56079 42563      663.0483   116      663.0263      663.8889  4403554    0.13%
Elapsed time = 2162.88 sec. (2075505.60 ticks, tree = 896.59 MB, solutions = 8)
  56185 42658      663.6145   235      663.0263      663.8887  4411556    0.13%
  56289 42755      663.2773   161      663.0263      663.8886  4420684    0.13%
  56401 42854      663.6623   264      663.0263      663.8885  4429022    0.13%
  56471 42918      663.4052   210      663.0263      663.8884  4436954    0.13%
  56591 43031      663.0963   100      663.0263      663.8883  4445631    0.13%
  56739 43139      663.7538   253      663.0263      663.8881  4454250    0.13%
  56864 43254      663.5253   193      663.0263      663.8878  4462400    0.13%
  56950 43331      663.5847   233      663.0263      663.8875  4470071    0.13%
  57046 43415      663.6578   279      663.0263      663.8873  4478038    0.13%
  57163 43516      663.7395   285      663.0263      663.8870  4486545    0.13%
Elapsed time = 2202.49 sec. (2113953.78 ticks, tree = 912.75 MB, solutions = 8)
  57216 43563      663.4383   229      663.0263      663.8869  4494999    0.13%
  57343 43673      663.1985   193      663.0263      663.8867  4503136    0.13%
  57416 43738      663.4779   231      663.0263      663.8864  4512039    0.13%
  57521 43827      663.2081   308      663.0263      663.8863  4520363    0.13%
  57624 43918      663.6330   278      663.0263      663.8862  4528412    0.13%
  57691 43972      663.3893   247      663.0263      663.8862  4536894    0.13%
  57793 44061      663.0512   105      663.0263      663.8860  4545040    0.13%
  57869 44129      663.0744   197      663.0263      663.8858  4553533    0.13%
  57991 44232      663.3891   201      663.0263      663.8856  4562283    0.13%
  58094 44327      663.4591   234      663.0263      663.8855  4570653    0.13%
Elapsed time = 2241.31 sec. (2152318.42 ticks, tree = 926.59 MB, solutions = 8)
  58186 44402      663.5805   245      663.0263      663.8854  4578561    0.13%
  58317 44515      663.8180   308      663.0263      663.8853  4587598    0.13%
  58389 44577      663.1502   222      663.0263      663.8853  4596430    0.13%
  58490 44666      663.1833   229      663.0263      663.8850  4604947    0.13%
  58568 44728      663.3589   212      663.0263      663.8849  4612997    0.13%
  58691 44838      663.3831   263      663.0263      663.8846  4621825    0.13%
  58780 44913      663.4167   215      663.0263      663.8845  4629866    0.13%
  58905 45024      663.7649   244      663.0263      663.8843  4638897    0.13%
  58990 45092      663.5670   281      663.0263      663.8843  4646876    0.13%
  59109 45199      663.1399   228      663.0263      663.8838  4655655    0.13%
Elapsed time = 2280.81 sec. (2190916.46 ticks, tree = 946.20 MB, solutions = 8)
  59184 45266      663.2592   238      663.0263      663.8837  4664313    0.13%
  59307 45371      663.7737   290      663.0263      663.8836  4673179    0.13%
  59413 45466      663.6703   344      663.0263      663.8835  4681685    0.13%
  59451 45504      663.0997   218      663.0263      663.8835  4689765    0.13%
  59569 45604      663.3434   220      663.0263      663.8834  4698346    0.13%
  59653 45680      663.1109   203      663.0263      663.8833  4707234    0.13%
  59750 45756      663.4616   231      663.0263      663.8831  4714876    0.13%
  59831 45827      663.5360   284      663.0263      663.8828  4723214    0.13%
  59913 45894      663.3003   241      663.0263      663.8825  4731544    0.13%
  60031 45998      663.5342   250      663.0263      663.8823  4739863    0.13%
Elapsed time = 2319.90 sec. (2229575.12 ticks, tree = 957.57 MB, solutions = 8)
  60126 46079      663.1004   112      663.0263      663.8819  4748014    0.13%
  60237 46172      663.6130   292      663.0263      663.8818  4756480    0.13%
  60314 46240      663.7391   263      663.0263      663.8816  4764845    0.13%
  60443 46356      663.3440   135      663.0263      663.8815  4773129    0.13%
  60531 46435      663.5269   187      663.0263      663.8811  4781156    0.13%
  60665 46555      663.0510   106      663.0263      663.8811  4789567    0.13%
  60751 46630      663.5855   258      663.0263      663.8806  4797858    0.13%
  60858 46722      663.4427   209      663.0263      663.8806  4806842    0.13%
  60995 46838      663.7823   264      663.0263      663.8803  4815287    0.13%
  61083 46912      663.7470   263      663.0263      663.8801  4824269    0.13%
Elapsed time = 2359.65 sec. (2267996.60 ticks, tree = 978.22 MB, solutions = 8)
  61200 47014      663.0303    78      663.0263      663.8800  4832731    0.13%
  61258 47060      663.6653   253      663.0263      663.8799  4840376    0.13%
  61384 47175      663.1430   116      663.0263      663.8799  4848815    0.13%
  61498 47265      663.3347   256      663.0263      663.8798  4857585    0.13%
  61600 47355      663.2315   264      663.0263      663.8796  4866351    0.13%
  61669 47414      663.1515   168      663.0263      663.8792  4874087    0.13%
  61767 47499      663.5802   223      663.0263      663.8791  4882604    0.13%
  61875 47593      663.5013   302      663.0263      663.8787  4891506    0.13%
  61988 47694      663.6334   281      663.0263      663.8785  4900253    0.13%
  62095 47789      663.2592   214      663.0263      663.8783  4908891    0.13%
Elapsed time = 2398.95 sec. (2306485.48 ticks, tree = 994.26 MB, solutions = 8)
  62205 47883      663.6542   292      663.0263      663.8782  4916927    0.13%
  62258 47930      663.5766   206      663.0263      663.8782  4924528    0.13%
  62394 48053      663.8268   274      663.0263      663.8781  4933465    0.13%
  62497 48146      663.4749   189      663.0263      663.8780  4941418    0.13%
  62634 48262      663.6615   251      663.0263      663.8779  4950632    0.13%
  62714 48338      663.1057   221      663.0263      663.8778  4959197    0.13%
  62827 48432      663.5013   309      663.0263      663.8774  4967470    0.13%
  62889 48480      663.7297   248      663.0263      663.8772  4975280    0.13%
  63008 48591      663.1191   132      663.0263      663.8770  4983656    0.13%
  63065 48638      663.3248   210      663.0263      663.8770  4991317    0.13%
Elapsed time = 2438.22 sec. (2345221.70 ticks, tree = 1010.85 MB, solutions = 8)
  63173 48732      663.2288   186      663.0263      663.8767  5000376    0.13%
  63274 48819      663.1089   226      663.0263      663.8767  5009341    0.13%
  63409 48928      663.2550   203      663.0263      663.8764  5017621    0.13%
  63492 49003      663.4857   208      663.0263      663.8764  5025963    0.13%
  63607 49106      663.5970   272      663.0263      663.8762  5034909    0.13%
  63724 49208      663.0819   201      663.0263      663.8761  5042963    0.13%
  63845 49310      663.0803   170      663.0263      663.8761  5050808    0.13%
  63963 49413      663.5342   253      663.0263      663.8760  5059782    0.13%
  64061 49498      663.6778   271      663.0263      663.8759  5068732    0.13%
  64177 49600      663.7399   275      663.0263      663.8757  5077246    0.13%
Elapsed time = 2478.19 sec. (2383638.62 ticks, tree = 1033.30 MB, solutions = 8)
  64264 49681      663.0658   183      663.0263      663.8756  5086001    0.13%
  64355 49758      663.3167   222      663.0263      663.8755  5093407    0.13%
  64447 49836      663.6863   207      663.0263      663.8753  5102109    0.13%
  64580 49952      663.6325   298      663.0263      663.8751  5110644    0.13%
  64653 50017      663.4524   294      663.0263      663.8751  5118805    0.13%
  64756 50099      663.5591   238      663.0263      663.8750  5127609    0.13%
  64861 50178      663.5347   297      663.0263      663.8749  5136082    0.13%
  64957 50261      663.5349   324      663.0263      663.8744  5143826    0.13%
  65030 50320      663.5400   274      663.0263      663.8744  5152446    0.13%
  65144 50423      663.0828   196      663.0263      663.8743  5161046    0.13%
Elapsed time = 2517.28 sec. (2422138.43 ticks, tree = 1047.69 MB, solutions = 8)
  65236 50496      663.6548   264      663.0263      663.8740  5169979    0.13%
  65333 50582      663.6547   320      663.0263      663.8739  5178083    0.13%
  65394 50631      663.7482   263      663.0263      663.8738  5186599    0.13%
  65499 50728      663.3329   197      663.0263      663.8738  5195379    0.13%
  65582 50796      663.3458   232      663.0263      663.8736  5203665    0.13%
  65697 50900      663.3120   242      663.0263      663.8735  5212490    0.13%
  65762 50954      663.4863   215      663.0263      663.8735  5221385    0.13%
  65875 51051      663.5777   224      663.0263      663.8735  5229785    0.13%
  65961 51122      663.6164   353      663.0263      663.8734  5238787    0.13%
  66044 51198      663.3967   238      663.0263      663.8734  5247231    0.13%
Elapsed time = 2556.20 sec. (2460737.03 ticks, tree = 1064.04 MB, solutions = 8)
  66159 51299      663.1577   231      663.0263      663.8733  5254765    0.13%
  66268 51388      663.4076   198      663.0263      663.8732  5263040    0.13%
  66386 51486      663.4598   205      663.0263      663.8730  5271886    0.13%
  66505 51585      663.5407   279      663.0263      663.8729  5280444    0.13%
  66608 51680      663.1880   154      663.0263      663.8728  5289460    0.13%
  66705 51763      663.3062   155      663.0263      663.8726  5297754    0.13%
  66843 51880      663.6767   257      663.0263      663.8725  5306016    0.13%
  66905 51938      663.1953   204      663.0263      663.8725  5314086    0.13%
  67008 52027      663.6880   301      663.0263      663.8724  5322553    0.13%
  67122 52130      663.6175   241      663.0263      663.8721  5331512    0.13%
Elapsed time = 2595.86 sec. (2499155.13 ticks, tree = 1086.18 MB, solutions = 8)
  67200 52200      663.7499   243      663.0263      663.8720  5339197    0.13%
  67330 52315      663.5565   336      663.0263      663.8719  5348341    0.13%
  67399 52377      663.5791   222      663.0263      663.8719  5356698    0.13%
  67539 52504      663.0298   105      663.0263      663.8718  5365574    0.13%
  67620 52575      663.3016   163      663.0263      663.8717  5374463    0.13%
  67751 52687      663.6780   272      663.0263      663.8715  5383041    0.13%
  67831 52762      663.2050   245      663.0263      663.8715  5391562    0.13%
  67943 52856      663.3286   193      663.0263      663.8713  5399275    0.13%
  68064 52960        cutoff            663.0263      663.8711  5407267    0.13%
  68100 52996      663.2401   237      663.0263      663.8711  5414872    0.13%
Elapsed time = 2634.96 sec. (2537561.75 ticks, tree = 1104.31 MB, solutions = 8)
  68231 53102      663.7269   264      663.0263      663.8710  5423436    0.13%
  68328 53190      663.2487   213      663.0263      663.8710  5432253    0.13%
  68447 53293      663.2401   242      663.0263      663.8708  5441515    0.13%
  68513 53351      663.3691   234      663.0263      663.8707  5449350    0.13%
  68616 53439      663.5157   220      663.0263      663.8707  5457768    0.13%
  68736 53543      663.2332   249      663.0263      663.8706  5466329    0.13%
  68824 53619      663.1318   159      663.0263      663.8706  5474794    0.13%
  68912 53695      663.6238   256      663.0263      663.8704  5482583    0.13%
  68995 53768      663.6813   293      663.0263      663.8703  5490982    0.13%
  69101 53866      663.1568   166      663.0263      663.8701  5499725    0.13%
Elapsed time = 2674.28 sec. (2575978.02 ticks, tree = 1117.88 MB, solutions = 8)
  69194 53940      663.3876   202      663.0263      663.8699  5507779    0.13%
  69300 54034      663.6388   279      663.0263      663.8698  5515642    0.13%
  69388 54114      663.1195   111      663.0263      663.8698  5523999    0.13%
  69510 54214      663.4241   245      663.0263      663.8697  5532869    0.13%
  69593 54291      663.3938   260      663.0263      663.8696  5541247    0.13%
  69698 54382      663.0758   110      663.0263      663.8696  5550421    0.13%
  69827 54489      663.5743   259      663.0263      663.8694  5558795    0.13%
  69939 54581      663.7329   323      663.0263      663.8692  5567589    0.13%
  70024 54659      663.0828   235      663.0263      663.8692  5576133    0.13%
  70160 54771      663.5461   282      663.0263      663.8691  5584649    0.13%
Elapsed time = 2713.77 sec. (2614293.35 ticks, tree = 1142.13 MB, solutions = 8)
  70256 54857      663.5937   241      663.0263      663.8689  5592870    0.13%
  70355 54939      663.4131   162      663.0263      663.8689  5601372    0.13%
  70480 55047      663.4701   213      663.0263      663.8686  5609958    0.13%
  70577 55131      663.6970   224      663.0263      663.8685  5618232    0.13%
  70694 55233      663.5384   317      663.0263      663.8684  5626809    0.13%
  70776 55301      663.7643   283      663.0263      663.8683  5635142    0.13%
  70895 55406      663.4965   278      663.0263      663.8682  5643892    0.13%
  71015 55503      663.0499    96      663.0263      663.8682  5651787    0.13%
  71121 55589      663.3085   261      663.0263      663.8678  5660400    0.13%
  71238 55687      663.6380   307      663.0263      663.8676  5668714    0.13%
Elapsed time = 2753.56 sec. (2652980.41 ticks, tree = 1161.10 MB, solutions = 8)
  71348 55786      663.4874   199      663.0263      663.8675  5677891    0.13%
  71449 55873      663.2814   261      663.0263      663.8674  5686228    0.13%
  71534 55944      663.7094   270      663.0263      663.8671  5694692    0.13%
  71642 56040      663.5236   296      663.0263      663.8670  5702949    0.13%
  71716 56110      663.1702   224      663.0263      663.8669  5711548    0.13%
  71830 56212      663.2372   134      663.0263      663.8669  5720424    0.13%
  71943 56309      663.2474   203      663.0263      663.8668  5728815    0.13%
  72053 56407      663.3580   192      663.0263      663.8667  5737535    0.13%
  72152 56488      663.4735   254      663.0263      663.8665  5746105    0.13%
  72264 56577      663.6492   219      663.0263      663.8664  5754680    0.13%
Elapsed time = 2792.98 sec. (2691365.53 ticks, tree = 1177.27 MB, solutions = 8)
  72349 56654      663.2804   262      663.0263      663.8659  5762788    0.13%
  72453 56743      663.2651   243      663.0263      663.8658  5771420    0.13%
  72549 56829      663.3852   249      663.0263      663.8655  5779311    0.13%
  72669 56926      663.8010   293      663.0263      663.8653  5787729    0.13%
  72778 57026      663.3888   204      663.0263      663.8652  5795918    0.13%
  72877 57107      663.6153   300      663.0263      663.8651  5804046    0.13%
  72953 57175      663.5988   287      663.0263      663.8649  5811841    0.13%
  73044 57256      663.3077   209      663.0263      663.8648  5820458    0.13%
  73141 57343      663.4757   229      663.0263      663.8647  5829357    0.13%
  73244 57440      663.1127   151      663.0263      663.8646  5837909    0.13%
Elapsed time = 2832.15 sec. (2729818.67 ticks, tree = 1203.13 MB, solutions = 8)
  73365 57544      663.6031   241      663.0263      663.8644  5846149    0.13%
  73457 57628      663.3381   206      663.0263      663.8644  5854875    0.13%
  73576 57730      663.5824   225      663.0263      663.8643  5863663    0.13%
  73679 57820      663.3009   185      663.0263      663.8643  5872041    0.13%
  73804 57922      663.2680   333      663.0263      663.8639  5880574    0.13%
  73877 57978      663.3702   193      663.0263      663.8638  5888223    0.13%
  74001 58089      663.0269    53      663.0263      663.8637  5896085    0.13%
  74081 58156      663.6516   325      663.0263      663.8636  5904397    0.13%
  74182 58249      663.4506   205      663.0263      663.8635  5912754    0.13%
  74313 58356      663.5259   292      663.0263      663.8633  5921757    0.13%
Elapsed time = 2871.69 sec. (2768257.95 ticks, tree = 1225.01 MB, solutions = 8)
  74447 58476      663.0372    70      663.0263      663.8632  5930508    0.13%
  74509 58527      663.1815   216      663.0263      663.8631  5938648    0.13%
  74639 58642      663.6945   279      663.0263      663.8629  5947884    0.13%
  74727 58720      663.3889   231      663.0263      663.8627  5956572    0.13%
  74841 58821      663.6115   256      663.0263      663.8626  5965731    0.13%
  74919 58886      663.7659   326      663.0263      663.8624  5973712    0.13%
  75029 58988      663.1649   154      663.0263      663.8622  5981817    0.13%
  75087 59034      663.6586   272      663.0263      663.8621  5989840    0.13%
  75188 59122      663.7415   293      663.0263      663.8620  5998620    0.13%
  75257 59185        cutoff            663.0263      663.8620  6006765    0.13%
Elapsed time = 2910.82 sec. (2806925.20 ticks, tree = 1244.45 MB, solutions = 8)
  75377 59286      663.5034   216      663.0263      663.8617  6014614    0.13%
  75484 59379      663.5139   223      663.0263      663.8615  6022962    0.13%
  75609 59482      663.3959   127      663.0263      663.8614  6031382    0.13%
  75704 59558      663.2129   249      663.0263      663.8614  6038870    0.13%
  75807 59644      663.2146   113      663.0263      663.8611  6046836    0.13%
  75917 59738      663.3015   192      663.0263      663.8610  6055882    0.13%
  76065 59849      663.7484   251      663.0263      663.8607  6064673    0.13%
  76178 59951      663.2870   278      663.0263      663.8607  6072446    0.13%
  76249 60008      663.5699   230      663.0263      663.8605  6080374    0.13%
  76350 60097      663.3466   243      663.0263      663.8603  6089297    0.13%
Elapsed time = 2950.29 sec. (2845258.73 ticks, tree = 1255.36 MB, solutions = 8)
  76447 60179      663.2721   245      663.0263      663.8600  6097274    0.13%
  76511 60235      663.2824   249      663.0263      663.8599  6104841    0.13%
  76584 60292      663.4169   184      663.0263      663.8597  6112304    0.13%
  76683 60379      663.4945   242      663.0263      663.8594  6120744    0.13%
  76768 60444      663.8083   278      663.0263      663.8593  6129034    0.13%
  76874 60540      663.3075   224      663.0263      663.8592  6137828    0.13%
  76988 60643      663.4292   174      663.0263      663.8592  6146377    0.13%
  77128 60761      663.5539   242      663.0263      663.8591  6155057    0.13%
  77234 60855      663.6592   265      663.0263      663.8590  6163428    0.13%
  77340 60949      663.3406   251      663.0263      663.8589  6171908    0.13%
Elapsed time = 2989.28 sec. (2883723.33 ticks, tree = 1271.97 MB, solutions = 8)
  77432 61027      663.1713   319      663.0263      663.8588  6180636    0.13%
  77496 61083      663.4298   268      663.0263      663.8586  6188440    0.13%
  77569 61146      663.0969   109      663.0263      663.8585  6196336    0.13%
  77682 61228      663.6607   299      663.0263      663.8583  6204792    0.13%
  77773 61311      663.1620   161      663.0263      663.8582  6212337    0.13%
  77859 61382      663.5257   241      663.0263      663.8582  6219516    0.13%
  77949 61454      663.5666   230      663.0263      663.8581  6227778    0.13%
  78047 61533      663.0802   340      663.0263      663.8579  6236039    0.13%
  78129 61599      663.0513   200      663.0263      663.8579  6243787    0.13%
  78215 61673      663.2022   235      663.0263      663.8578  6252522    0.13%
Elapsed time = 3027.55 sec. (2922347.11 ticks, tree = 1285.46 MB, solutions = 8)
  78311 61757      663.3163   218      663.0263      663.8577  6260693    0.13%
  78415 61851      663.2324   267      663.0263      663.8576  6269269    0.13%
  78531 61943      663.5953   246      663.0263      663.8575  6277379    0.13%
  78618 62022      663.1871   184      663.0263      663.8573  6286165    0.13%
  78756 62135      663.5754   230      663.0263      663.8572  6294496    0.13%
  78843 62213      663.0917   209      663.0263      663.8570  6303065    0.13%
  78938 62290      663.5498   252      663.0263      663.8569  6310756    0.13%
  79054 62391      663.1213   256      663.0263      663.8568  6319285    0.13%
  79160 62480      663.6582   290      663.0263      663.8567  6328767    0.13%
  79259 62569      663.5717   288      663.0263      663.8566  6336921    0.13%
Elapsed time = 3067.07 sec. (2960963.71 ticks, tree = 1306.55 MB, solutions = 8)
  79353 62649      663.5357   237      663.0263      663.8565  6345558    0.13%
  79490 62764      663.7040   291      663.0263      663.8563  6354517    0.13%
  79595 62846      663.7754   249      663.0263      663.8563  6363235    0.13%
  79705 62939      663.5336   201      663.0263      663.8561  6370678    0.13%
  79783 63011      663.2527   178      663.0263      663.8560  6379007    0.13%
  79889 63099      663.6001   282      663.0263      663.8559  6387780    0.13%
  79969 63169      663.3081   251      663.0263      663.8557  6396221    0.13%

Performing restart 2

Repeating presolve.
Tried aggregator 1 time.
MIP Presolve modified 50 coefficients.
Reduced MIP has 2173 rows, 2785 columns, and 15141 nonzeros.
Reduced MIP has 695 binaries, 690 generals, 0 SOSs, and 0 indicators.
Presolve time = 0.01 sec. (3.79 ticks)
Tried aggregator 1 time.
Reduced MIP has 2173 rows, 2785 columns, and 15141 nonzeros.
Reduced MIP has 695 binaries, 690 generals, 0 SOSs, and 0 indicators.
Presolve time = 0.01 sec. (3.77 ticks)
Represolve time = 0.26 sec. (44.66 ticks)
  80033     0      664.3069   455      663.0263      Cuts: 73  6406132    0.13%
  80033     0      664.2856   453      663.0263      Cuts: 54  6406338    0.13%
  80033     0      664.2498   456      663.0263      Cuts: 64  6406546    0.13%
  80033     0      664.2391   458      663.0263      Cuts: 66  6406697    0.13%
  80033     0      664.2189   456      663.0263   MIRcuts: 62  6406871    0.13%
  80033     0      664.2128   456      663.0263      Cuts: 69  6406992    0.13%
  80033     0      664.2064   438      663.0263   MIRcuts: 48  6407134    0.13%
  80033     0      664.2014   452      663.0263      Cuts: 43  6407263    0.13%
  80033     2      664.2014   452      663.0263      663.8555  6407263    0.13%
  80036     5      664.1628   430      663.0263      663.8555  6407764    0.13%
  80040     9      664.1070   380      663.0263      663.8555  6408580    0.13%
Elapsed time = 3112.29 sec. (3006663.76 ticks, tree = 0.09 MB, solutions = 8)
  80045    14      664.0299   376      663.0263      663.8555  6409369    0.13%
  80058    27      663.9392   239      663.0263      663.8555  6411378    0.13%
  80089    58      663.6947   224      663.0263      663.8555  6413776    0.13%
  80186   144      664.1575   376      663.0263      663.8555  6416923    0.13%
  80253   211      663.6919   136      663.0263      663.8555  6423738    0.13%
  80441   384      664.1132   336      663.0263      663.8555  6429877    0.13%
  80588   526      663.7287   281      663.0263      663.8555  6437215    0.13%
  80684   615      663.4834   285      663.0263      663.8555  6448821    0.13%
  80762   683      663.3370   119      663.0263      663.8555  6458001    0.13%
  80958   841      663.6850   301      663.0263      663.8555  6469221    0.13%
Elapsed time = 3150.12 sec. (3045922.48 ticks, tree = 1.91 MB, solutions = 8)
  81072   946      663.9347   370      663.0263      663.8555  6481667    0.13%
  81149  1009      664.0104   347      663.0263      663.8555  6494288    0.13%
  81258  1114      663.5959   252      663.0263      663.8555  6505775    0.13%
  81447  1288      663.9887   329      663.0263      663.8555  6518635    0.13%
  81590  1423      663.5175   271      663.0263      663.8555  6532419    0.13%
  81706  1524      663.9135   307      663.0263      663.8555  6545637    0.13%
  81902  1706      663.9399   405      663.0263      663.8555  6558963    0.13%
  82006  1801      663.4487   232      663.0263      663.8555  6572840    0.13%
  82103  1883      663.8159   265      663.0263      663.8555  6585698    0.13%
  82278  2044      663.9316   282      663.0263      663.8555  6599927    0.13%
Elapsed time = 3188.13 sec. (3084269.12 ticks, tree = 4.47 MB, solutions = 8)
  82422  2184      663.3499   231      663.0263      663.8555  6613637    0.13%
  82560  2299      663.8188   268      663.0263      663.8555  6627245    0.13%
  82716  2442      663.9816   335      663.0263      663.8555  6640007    0.13%
  82863  2574      663.6507   249      663.0263      663.8555  6653455    0.13%
  82986  2682      663.8662   283      663.0263      663.8555  6666441    0.13%
  83174  2846      663.9623   290      663.0263      663.8555  6679600    0.13%
  83330  2990      663.0999   259      663.0263      663.8555  6693954    0.13%
  83490  3130      663.1823   168      663.0263      663.8555  6707478    0.13%
  83597  3228      663.3725   153      663.0263      663.8555  6720696    0.13%
  83717  3336      663.8073   270      663.0263      663.8555  6733692    0.13%
Elapsed time = 3226.47 sec. (3122639.82 ticks, tree = 7.30 MB, solutions = 8)
  83845  3448      663.8742   311      663.0263      663.8555  6745513    0.13%
  84057  3635      663.8548   344      663.0263      663.8555  6758268    0.13%
  84136  3706      663.7749   294      663.0263      663.8555  6770566    0.13%
Starting limited solution polishing.
  84251  3811      663.5813   301      663.0263      663.8555  6782481    0.13%
  84367  3918      663.5233   370      663.0263      663.8555  6794844    0.13%
  84437  3980      663.8025   331      663.0263      663.8555  6807993    0.13%
  84533  4070      663.0368   172      663.0263      663.8555  6819682    0.13%
  84633  4159      663.2276   160      663.0263      663.8555  6829951    0.13%
  84733  4248      663.2063   201      663.0263      663.8555  6842932    0.13%
  84828  4335      663.4115   155      663.0263      663.8555  6855520    0.13%
Elapsed time = 3263.67 sec. (3161544.74 ticks, tree = 9.66 MB, solutions = 8)
  84953  4446      663.9127   246      663.0263      663.8555  6864171    0.13%
  85116  4595      663.9139   284      663.0263      663.8555  6875687    0.13%
  85292  4761      663.3137   114      663.0263      663.8555  6886658    0.13%
  85417  4876      663.6332   229      663.0263      663.8555  6897476    0.13%
  85571  5023      663.5972   217      663.0263      663.8555  6907768    0.13%
  85688  5114      663.7838   314      663.0263      663.8555  6918396    0.13%
  85801  5223      663.1854    95      663.0263      663.8555  6930035    0.13%
  85964  5370      663.7050   213      663.0263      663.8555  6940331    0.13%
  86077  5471      663.9368   330      663.0263      663.8555  6951807    0.13%
  86203  5593      663.2029    77      663.0263      663.8555  6963099    0.13%
Elapsed time = 3303.41 sec. (3199935.15 ticks, tree = 12.30 MB, solutions = 8)
  86372  5750      663.4551   201      663.0263      663.8555  6974447    0.13%
  86472  5836      663.5419   200      663.0263      663.8555  6987237    0.13%
  86625  5982      663.8495   270      663.0263      663.8555  6998656    0.13%
  86744  6092      663.4240   314      663.0263      663.8555  7009627    0.13%
  86833  6171      663.0758    93      663.0263      663.8555  7021456    0.13%
  86982  6307      663.1153    27      663.0263      663.8555  7033819    0.13%
  87118  6419      663.3629   250      663.0263      663.8555  7045950    0.13%
  87232  6522      663.6104   194      663.0263      663.8555  7057706    0.13%
  87368  6653      663.2638    96      663.0263      663.8555  7066233    0.13%
  87566  6829      663.8854   305      663.0263      663.8555  7078193    0.13%
Elapsed time = 3343.58 sec. (3238875.27 ticks, tree = 14.93 MB, solutions = 8)
  87708  6964      663.1739   153      663.0263      663.8555  7089544    0.13%
  87832  7073      663.1323    78      663.0263      663.8555  7100768    0.13%
  87915  7148      663.7219   242      663.0263      663.8555  7114689    0.13%
  88033  7258      663.1293   186      663.0263      663.8555  7126020    0.13%
  88137  7349      663.6089   335      663.0263      663.8555  7139576    0.13%
  88218  7424      663.3565   164      663.0263      663.8555  7153120    0.13%
  88338  7529      663.6470   239      663.0263      663.8555  7162980    0.13%
  88526  7699      663.7411   271      663.0263      663.8555  7174156    0.13%
  88610  7772      663.8483   300      663.0263      663.8555  7185954    0.13%
  88733  7889      663.2195   189      663.0263      663.8555  7196849    0.13%
Elapsed time = 3382.93 sec. (3278035.94 ticks, tree = 17.15 MB, solutions = 8)
  88904  8041      663.2827    85      663.0263      663.8555  7208346    0.13%
  89030  8147      663.7570   261      663.0263      663.8555  7219815    0.13%
  89141  8252      663.3285    86      663.0263      663.8555  7229291    0.13%
  89356  8453      663.0903    93      663.0263      663.8555  7240784    0.13%
  89433  8511      663.9033   288      663.0263      663.8555  7252950    0.13%
  89617  8683      663.6804   277      663.0263      663.8555  7265269    0.13%
  89738  8794      663.8029   286      663.0263      663.8555  7278766    0.13%
  89833  8882      663.3004   120      663.0263      663.8555  7291954    0.13%
  89948  8983      663.7445   318      663.0263      663.8555  7305019    0.13%
  90039  9069      663.3537   224      663.0263      663.8555  7317865    0.13%
Elapsed time = 3422.73 sec. (3317519.50 ticks, tree = 19.88 MB, solutions = 8)
  90190  9197      663.8843   334      663.0263      663.8555  7330712    0.13%
  90293  9293      663.2958   201      663.0263      663.8555  7342305    0.13%
  90363  9357      663.2455   204      663.0263      663.8555  7355076    0.13%
  90447  9425      663.2798   326      663.0263      663.8555  7364938    0.13%
  90594  9553      663.5884   243      663.0263      663.8555  7377700    0.13%
  90678  9623      663.4944   256      663.0263      663.8555  7390346    0.13%
  90797  9724      663.8185   288      663.0263      663.8555  7400801    0.13%
  90934  9848      663.6853   267      663.0263      663.8555  7413545    0.13%
  91070  9970      663.8500   323      663.0263      663.8555  7427074    0.13%
  91159 10054      663.3007   196      663.0263      663.8555  7438113    0.13%
Elapsed time = 3459.90 sec. (3355994.43 ticks, tree = 22.04 MB, solutions = 8)
  91249 10133      663.4010   307      663.0263      663.8555  7450714    0.13%
  91349 10215      663.0965   100      663.0263      663.8555  7463330    0.13%
  91448 10304      663.4172   124      663.0263      663.8555  7473186    0.13%
  91646 10493      663.7448   243      663.0263      663.8555  7484800    0.13%
  91773 10599      663.9025   283      663.0263      663.8555  7498349    0.13%
  91957 10775      663.0433    33      663.0263      663.8555  7511172    0.13%
  92128 10925      663.0400   225      663.0263      663.8555  7523600    0.13%
  92239 11025      663.1839   119      663.0263      663.8555  7534982    0.13%
  92417 11188        cutoff            663.0263      663.8555  7547813    0.13%
  92507 11264      663.4480   288      663.0263      663.8555  7561620    0.13%
Elapsed time = 3498.59 sec. (3394498.41 ticks, tree = 24.56 MB, solutions = 8)
  92659 11401      663.5441   288      663.0263      663.8555  7572696    0.13%
  92768 11501      663.6249   304      663.0263      663.8555  7585376    0.13%
  92833 11558      663.3481   291      663.0263      663.8555  7596943    0.13%
  92991 11702      663.7971   368      663.0263      663.8555  7609406    0.13%
  93075 11782      663.2573   228      663.0263      663.8555  7622377    0.13%
  93155 11852      663.2533   163      663.0263      663.8555  7632650    0.13%
  93282 11968      663.3046   144      663.0263      663.8555  7645575    0.13%
  93416 12090      663.4324   237      663.0263      663.8555  7659224    0.13%
  93549 12204      663.5201   253      663.0263      663.8555  7671661    0.13%
  93708 12352      663.8385   312      663.0263      663.8555  7681913    0.13%
Elapsed time = 3536.91 sec. (3433286.92 ticks, tree = 26.89 MB, solutions = 8)
  93796 12436      663.1297   159      663.0263      663.8555  7695294    0.13%
  93942 12561      663.3384   180      663.0263      663.8555  7706607    0.13%
  94111 12718      663.4126   173      663.0263      663.8555  7719207    0.13%
  94233 12825      663.6132   333      663.0263      663.8555  7731215    0.13%
  94367 12947      663.5577   252      663.0263      663.8555  7743740    0.13%
  94515 13079      663.3653   261      663.0263      663.8555  7756590    0.13%
  94637 13177      663.5105   249      663.0263      663.8555  7768143    0.13%
  94806 13330      663.7743   297      663.0263      663.8555  7777800    0.13%
  94910 13429      663.0851   196      663.0263      663.8555  7791493    0.13%
  95021 13524      663.1387    93      663.0263      663.8555  7804355    0.13%
Elapsed time = 3575.69 sec. (3471811.49 ticks, tree = 29.40 MB, solutions = 8)
  95197 13685      663.8326   287      663.0263      663.8555  7816702    0.13%
  95275 13748      663.7865   282      663.0263      663.8555  7828028    0.13%
  95390 13852      663.2283   354      663.0263      663.8555  7840903    0.13%
  95506 13959      663.4144   257      663.0263      663.8555  7853754    0.13%
  95584 14023      663.6927   316      663.0263      663.8555  7864361    0.13%
  95691 14119      663.4512   243      663.0263      663.8555  7877193    0.13%

Flow cuts applied:  27
Mixed integer rounding cuts applied:  227
Lift and project cuts applied:  14
Gomory fractional cuts applied:  5
User cuts applied:  863

Root node processing (before b&c):
  Real time             =    2.53 sec. (2080.68 ticks)
Sequential b&c:
  Real time             = 3597.47 sec. (3494968.30 ticks)
                          ------------
Total (root+branch&cut) = 3600.00 sec. (3497048.98 ticks)
|V|                                     700
K                                       140
theta                                   0.10
r                                       1
R                                       20
prob_func                               facility_mixture
mixture_low_share                       0.500000
mixture_low_interval                    [0.001000, 0.010000]
mixture_high_interval                   [0.100000, 0.500000]
mixture_seed                            1
#C1                                     902
#CP                                     59830

@Parameters: 
am_callback_heuristic                   false
am_local_search                         true
am_start_heuristic                      false
colocation                              true
comp                                    false
cutC                                    true
cutC_init                               false
cutF                                    false
cutF_init                               false
cutF_stable                             false
cutF_wrong                              false
cutLocal                                false
cutM                                    true
cutM_init                               true
cutM_stable                             false
cutP                                    true
cutP_init                               false
cutP_stable                             false
init                                    true
init_cutF_zero                          false
init_val_greedy                         true
is_Euclidean                            false
is_local_search                         false
is_right_cutP                           true
is_root                                 false
is_silent                               false
is_start                                false
mycut                                   false
pmed                                    false
pre                                     true
stable_root                             false
str                                     true
two_phase                               false
ubstr                                   false
mode                                    Int

am_callback_node_space                  50
init                                    0
mixture_seed                            1
node_space                              5
nodelimit                               -1
nsepa                                   1
strF                                    0
type_delta                              0

EPS                                     0.001000
EPS_FRAC                                0.00
gap                                     0.00
mixture_high_max                        0.50
mixture_high_min                        0.10
mixture_low_max                         0.01
mixture_low_min                         0.00
mixture_low_share                       0.50
timelimit                               3600.00

Number of Closed Sites: 5 / 700 
Number of Confined Sites-1: 5 / 695 
Number of Confined Sites-k: 690 / 4329 
Preprocess Time: 1.61 + 0.00 sec

Solve Time: 3600.00
Number of Nodes: 95747
Termination Status: TIME_LIMIT

CutInfo: [phase] num / time (sec) / aver. num_nonzero
max              [LP]     0 / 0.00 / 0.00 [init]   555 / 0.01 / 1.58 [rLC]   419 / 0.02 / 5.25 [rUC]   538 / 0.08 / 3.04 [sLC]    20 / 0.18 / 7.15 [sUC]   548 / 1.82 / 3.75 
prod_oa          [LP]     0 / 0.00 / 0.00 [init]   237 / 0.02 / 42.28 [rLC]   399 / 0.03 / 70.70 [rUC]   540 / 0.32 / 50.89 [sLC]   424 / 0.54 / 40.75 [sUC]  1318 / 6.77 / 45.16 
prod_sm_fixed    [LP]     0 / 0.00 / 0.00 [init]     0 / 0.00 / 0.00 [rLC]     0 / 0.00 / 0.00 [rUC]     0 / 0.00 / 0.00 [sLC]     0 / 0.00 / 0.00 [sUC]     0 / 0.00 / 0.00 
prod_bin         [LP]     0 / 0.00 / 0.00 [init]     0 / 0.00 / 0.00 [rLC]     0 / 0.00 / 0.00 [rUC]     0 / 0.00 / 0.00 [sLC]     0 / 0.00 / 0.00 [sUC]     0 / 0.00 / 0.00 
prod_local       [LP]     0 / 0.00 / 0.00 [init]     0 / 0.00 / 0.00 [rLC]     0 / 0.00 / 0.00 [rUC]     0 / 0.00 / 0.00 [sLC]     0 / 0.00 / 0.00 [sUC]     0 / 0.00 / 0.00 
prod_sm_C        [LP]     0 / 0.00 / 0.00 [init]     0 / 0.00 / 0.00 [rLC]     0 / 0.00 / 0.00 [rUC]     0 / 0.00 / 0.00 [sLC]     0 / 0.00 / 0.00 [sUC]     0 / 0.00 / 0.00 
facet            [LP]     0 / 0.00 / 0.00 [init]     0 / 0.00 / 0.00 [rLC]     0 / 0.00 / 0.00 [rUC]     0 / 0.00 / 0.00 [sLC]     0 / 0.00 / 0.00 [sUC]     0 / 0.00 / 0.00 
Separation Round:   [LP] 0  [init] 1  [rLC] 2  [rUC] 17  [sLC] 28  [sUC] 182445  
Root Best Bound 666.347228
Root Best Integer: 661.423298
Best Bound: 663.855528
Best Integer: 663.026252
1: 1, 2, 6, 10, 23, 26, 38, 44, 49, 56, 57, 68, 70, 76, 77, 81, 84, 85, 116, 124, 125, 143, 158, 174, 179, 181, 186, 193, 224, 233, 238, 239, 241, 252, 255, 258, 260, 261, 263, 277, 280, 307, 315, 317, 318, 319, 324, 336, 337, 338, 345, 352, 357, 358, 363, 365, 370, 373, 395, 414, 425, 448, 456, 457, 463, 471, 476, 488, 493, 509, 519, 539, 547, 564, 565, 576, 597, 621, 642, 645, 650, 652, 654, 664, 668, 670, 676, 678, 682, 692, 694, 700
2: 108, 171, 435, 506, 598, 606, 613
3: 94
4: 197, 202, 218, 485, 503, 537
7: 329
Objective Value (calc): 662.967193
sum_etaM = 400.248366 / 400.232050
sum_etaP = 692.223795 / 692.159987
nL: 107
nCL: 15
mCL: 7
