Version identifier: 20.1.0.0 | 2020-11-10 | 9bedb6d68
CPXPARAM_Threads                                 1
CPXPARAM_TimeLimit                               3600
CPXPARAM_MIP_Tolerances_MIPGap                   0
Generic callback                                 0x60
1 of 1 MIP starts provided solutions.
MIP start 'm1' defined initial solution with objective 126.6532.
Tried aggregator 1 time.
MIP Presolve eliminated 9 rows and 9 columns.
Reduced MIP has 521 rows, 891 columns, and 2771 nonzeros.
Reduced MIP has 291 binaries, 0 generals, 0 SOSs, and 0 indicators.
Presolve time = 0.00 sec. (0.85 ticks)
Probing time = 0.00 sec. (0.15 ticks)
Tried aggregator 1 time.
Reduced MIP has 521 rows, 891 columns, and 2771 nonzeros.
Reduced MIP has 291 binaries, 0 generals, 0 SOSs, and 0 indicators.
Presolve time = 0.00 sec. (0.82 ticks)
Probing time = 0.00 sec. (0.15 ticks)
MIP emphasis: balance optimality and feasibility.
MIP search method: dynamic search.
Parallel mode: none, using 1 thread.
Root relaxation solution time = 0.00 sec. (2.40 ticks)

        Nodes                                         Cuts/
   Node  Left     Objective  IInf  Best Integer    Best Bound    ItCnt     Gap

*     0+    0                          126.6532      300.0000           136.87%
      0     0      174.1844    20      126.6532      174.1844      564   37.53%
      0     0      135.5395    51      126.6532     Cuts: 230      845    7.02%
      0     0      134.1042    47      126.6532     Cuts: 230      984    5.88%
      0     0      133.2422    56      126.6532     Cuts: 196     1112    5.20%
      0     0      132.7942    63      126.6532     Cuts: 164     1218    4.85%
      0     0      132.4285    57      126.6532     Cuts: 154     1335    4.56%
      0     0      132.1013    53      126.6532     Cuts: 126     1437    4.30%
      0     0      131.8233    54      126.6532      Cuts: 97     1529    4.08%
      0     0      131.6444    61      126.6532     Cuts: 126     1603    3.94%
      0     0      131.5833    44      126.6532      Cuts: 80     1644    3.89%
      0     0      131.5355    52      126.6532      Cuts: 85     1690    3.85%
      0     0      131.4844    58      126.6532      Cuts: 72     1734    3.81%
      0     0      131.4256    64      126.6532      Cuts: 62     1779    3.77%
      0     0      131.3949    54      126.6532      Cuts: 46     1816    3.74%
      0     0      131.3837    63      126.6532      Cuts: 29     1843    3.74%
      0     0      131.3687    56      126.6532      Cuts: 45     1869    3.72%
      0     0      131.3568    60      126.6532 UserPurge2: 55     1890    3.71%
      0     0      131.3271    58      126.6532 UserPurge2: 39     1928    3.69%
      0     0      131.3141    58      126.6532 UserPurge2: 25     1942    3.68%
      0     0      131.3108    57      126.6532 UserPurge2: 12     1959    3.68%
      0     0      131.3032    57      126.6532 UserPurge2: 22     1977    3.67%
      0     0      131.2984    59      126.6532 UserPurge2: 42     2000    3.67%
      0     0      131.2955    57      126.6532 UserPurge2: 11     2010    3.67%
      0     0      131.2950    57      126.6532 UserPurge2: 9     2020    3.67%
      0     0      131.2948    57      126.6532 UserPurge2: 7     2023    3.66%
      0     0      131.2946    64      126.6532 UserPurge2: 3     2030    3.66%
      0     2      131.2946    64      126.6532      131.2944     2030    3.66%
Elapsed time = 1.22 sec. (335.40 ticks, tree = 0.01 MB, solutions = 1)
     42    40      131.0767    62      126.6532      131.2833     5634    3.66%
     67    61      131.0326    63      126.6532      131.0970     8413    3.51%
     95    84      130.2450    62      126.6532      131.0966    12038    3.51%
    130   113      130.3838    63      126.6532      131.0726    13865    3.49%
    160   137      129.7383    56      126.6532      130.9799    16995    3.42%
    183   156      130.0415    57      126.6532      130.9794    19979    3.42%
    209   176      128.9661    56      126.6532      130.9473    22890    3.39%
    237   198      129.6076    55      126.6532      130.7844    25123    3.26%
    264   217      129.3050    54      126.6532      130.7843    27604    3.26%
    384   306      129.4643    57      126.6532      130.5048    38296    3.04%
Elapsed time = 11.26 sec. (3596.55 ticks, tree = 1.19 MB, solutions = 1)
    543   427      129.2416    51      126.6532      130.1040    47111    2.72%
    705   557      126.7807    32      126.6532      129.9464    55491    2.60%
    863   676      127.5894    47      126.6532      129.7921    63800    2.48%

Performing restart 1

Repeating presolve.
Tried aggregator 1 time.
Reduced MIP has 521 rows, 891 columns, and 2771 nonzeros.
Reduced MIP has 291 binaries, 0 generals, 0 SOSs, and 0 indicators.
Presolve time = 0.00 sec. (0.84 ticks)
Tried aggregator 1 time.
Reduced MIP has 521 rows, 891 columns, and 2771 nonzeros.
Reduced MIP has 291 binaries, 0 generals, 0 SOSs, and 0 indicators.
Presolve time = 0.00 sec. (0.84 ticks)
Represolve time = 0.01 sec. (6.32 ticks)
    922     0      131.0534    57      126.6532      Cuts: 26    69039    2.41%
    922     0      131.0489    66      126.6532    MIRcuts: 7    69056    2.41%
    922     0      131.0212    59      126.6532       Cuts: 7    69074    2.41%
    922     0      131.0025    59      126.6532      Cuts: 15    69093    2.41%
    922     0      130.9925    58      126.6532      Cuts: 13    69116    2.41%
    922     0      130.9321    64      126.6532      Cuts: 12    69145    2.41%
    932    12      129.2090    56      126.6532      129.7053    70368    2.41%
    989    57      127.0710    44      126.6532      129.7053    76967    2.41%
   1110   146      126.6706    11      126.6532      129.7053    87278    2.41%
*  1133   143      integral     0      126.8566      129.7053    88618    2.25%
   1252   224      128.7598    60      126.8566      129.5612    99395    2.13%
   1389   316      127.6023    58      126.8566      129.3241   110585    1.95%
   1510   391      127.8232    51      126.8566      129.0520   117968    1.73%
Elapsed time = 33.27 sec. (12448.49 ticks, tree = 1.15 MB, solutions = 2)
   1640   468      128.5251    57      126.8566      128.9325   124953    1.64%
   1782   544      127.7678    50      126.8566      128.8755   132442    1.59%
   1922   621      128.0990    56      126.8566      128.7198   139672    1.47%
   2064   695      126.9031    45      126.8566      128.5574   147600    1.34%
   2191   757      127.4775    44      126.8566      128.4859   154160    1.28%
*  2299   775      integral     0      126.9130      128.4052   159767    1.18%
   2417   816      127.9815    53      126.9130      128.3467   167897    1.13%
   2562   877      127.3134    51      126.9130      128.2670   176291    1.07%
   2719   940      127.8504    57      126.9130      128.1888   184346    1.01%
   2865   992      127.6837    45      126.9130      128.1258   191519    0.96%
Elapsed time = 54.40 sec. (21859.28 ticks, tree = 6.38 MB, solutions = 3)
   3015  1036      127.3813    36      126.9130      128.0549   198474    0.90%
   3176  1087      127.3705    55      126.9130      127.9957   205606    0.85%
   3346  1139      126.9445    55      126.9130      127.9302   213025    0.80%
   3509  1173      127.4822    52      126.9130      127.8619   220766    0.75%
   3689  1217        cutoff            126.9130      127.8131   228855    0.71%
   3853  1259      127.1505    30      126.9130      127.7770   236077    0.68%
   4036  1296      127.3118    48      126.9130      127.7353   243832    0.65%
   4212  1316        cutoff            126.9130      127.6828   251270    0.61%
   4402  1348      127.2467    51      126.9130      127.6399   258777    0.57%
   4602  1353      127.0223    28      126.9130      127.6110   266741    0.55%
Elapsed time = 76.43 sec. (31436.03 ticks, tree = 10.75 MB, solutions = 3)
   4808  1367      127.1446    35      126.9130      127.5778   274520    0.52%
   5022  1378      126.9771    53      126.9130      127.5420   282552    0.50%
   5255  1395        cutoff            126.9130      127.5028   290642    0.46%
   5428  1392      126.9297    56      126.9130      127.4775   297322    0.44%
   5650  1380        cutoff            126.9130      127.4456   305104    0.42%
   5849  1361      127.3060    33      126.9130      127.4270   312424    0.41%
   6076  1356      127.1997    47      126.9130      127.4022   319983    0.39%
   6310  1331      127.2227    35      126.9130      127.3718   327748    0.36%
   6551  1303        cutoff            126.9130      127.3387   335873    0.34%
   6793  1250      127.0267    26      126.9130      127.3094   343483    0.31%
Elapsed time = 99.26 sec. (41010.97 ticks, tree = 10.46 MB, solutions = 3)
   7036  1168      126.9941    44      126.9130      127.2757   351452    0.29%
   7291  1094      127.0790    37      126.9130      127.2523   359434    0.27%
   7563   993      127.0522    45      126.9130      127.2176   368028    0.24%
   7834   872        cutoff            126.9130      127.1882   375372    0.22%
   8104   732        cutoff            126.9130      127.1570   382555    0.19%
   8421   525        cutoff            126.9130      127.1071   387985    0.15%
   8768   248        cutoff            126.9130      127.0354   392442    0.10%

Flow cuts applied:  5
Mixed integer rounding cuts applied:  63
Gomory fractional cuts applied:  6
User cuts applied:  1628

Root node processing (before b&c):
  Real time             =    1.22 sec. (335.47 ticks)
Sequential b&c:
  Real time             =  113.00 sec. (48011.03 ticks)
                          ------------
Total (root+branch&cut) =  114.22 sec. (48346.51 ticks)
|V|                                     300
K                                       30
theta                                   0.20
r                                       1
R                                       20
prob_func                               facility_mixture
mixture_low_share                       0.100000
mixture_low_interval                    [0.001000, 0.010000]
mixture_high_interval                   [0.100000, 0.500000]
mixture_seed                            1
#C1                                     334
#CP                                     2170

@Parameters: 
am_callback_heuristic                   false
am_local_search                         true
am_start_heuristic                      false
colocation                              false
comp                                    false
cutC                                    true
cutC_init                               false
cutF                                    true
cutF_init                               false
cutF_stable                             false
cutF_wrong                              false
cutLocal                                false
cutM                                    true
cutM_init                               true
cutM_stable                             false
cutP                                    true
cutP_init                               false
cutP_stable                             false
init                                    true
init_cutF_zero                          false
init_val_greedy                         true
is_Euclidean                            false
is_local_search                         true
is_right_cutP                           true
is_root                                 false
is_silent                               false
is_start                                false
mycut                                   false
pmed                                    false
pre                                     true
stable_root                             false
str                                     false
two_phase                               false
ubstr                                   false
mode                                    Bin

am_callback_node_space                  50
init                                    0
mixture_seed                            1
node_space                              5
nodelimit                               -1
nsepa                                   1
strF                                    0
type_delta                              0

EPS                                     0.001000
EPS_FRAC                                0.00
gap                                     0.00
mixture_high_max                        0.50
mixture_high_min                        0.10
mixture_low_max                         0.01
mixture_low_min                         0.00
mixture_low_share                       0.10
timelimit                               3600.00

Number of Closed Sites: 9 / 270 
Number of Confined Sites-1: 35 / 1015 
Number of Confined Sites-k: 256 / 2929 
Preprocess Time: 0.46 + 0.00 sec

Solve Time: 114.22
Number of Nodes: 9049
Termination Status: OPTIMAL

CutInfo: [phase] num / time (sec) / aver. num_nonzero
max              [LP]     0 / 0.00 / 0.00 [init]   260 / 0.05 / 1.78 [rLC]   175 / 0.27 / 5.87 [rUC]   743 / 0.23 / 3.86 [sLC]     0 / 0.02 / 0.00 [sUC]   540 / 1.72 / 4.81 
prod_oa          [LP]     0 / 0.00 / 0.00 [init]     0 / 0.00 / 0.00 [rLC]     0 / 0.00 / 0.00 [rUC]     0 / 0.00 / 0.00 [sLC]     0 / 0.00 / 0.00 [sUC]     0 / 0.00 / 0.00 
prod_sm_fixed    [LP]     0 / 0.00 / 0.00 [init]     0 / 0.00 / 0.00 [rLC]     0 / 0.00 / 0.00 [rUC]     0 / 0.00 / 0.00 [sLC]     0 / 0.00 / 0.00 [sUC]     0 / 0.00 / 0.00 
prod_bin         [LP]     0 / 0.00 / 0.00 [init]   260 / 0.07 / 0.00 [rLC]   182 / 0.02 / 0.00 [rUC]   935 / 0.12 / 0.00 [sLC]     1 / 0.00 / 0.00 [sUC]  2035 / 0.34 / 0.00 
prod_local       [LP]     0 / 0.00 / 0.00 [init]     0 / 0.00 / 0.00 [rLC]     0 / 0.00 / 0.00 [rUC]     0 / 0.00 / 0.00 [sLC]     0 / 0.00 / 0.00 [sUC]     0 / 0.00 / 0.00 
prod_sm_C        [LP]     0 / 0.00 / 0.00 [init]     0 / 0.00 / 0.00 [rLC]     0 / 0.00 / 0.00 [rUC]     0 / 0.00 / 0.00 [sLC]     0 / 0.00 / 0.00 [sUC]     0 / 0.00 / 0.00 
facet            [LP]     0 / 0.00 / 0.00 [init]     0 / 0.00 / 0.00 [rLC]     0 / 0.00 / 0.00 [rUC]     0 / 0.00 / 0.00 [sLC]     0 / 0.00 / 0.00 [sUC]     0 / 0.00 / 0.00 
Separation Round:   [LP] 0  [init] 1  [rLC] 2  [rUC] 27  [sLC] 3  [sUC] 10526  
Root Best Bound 131.283902
Root Best Integer: 126.653177
Best Bound: 126.932833
Best Integer: 126.912985
1: 17, 52, 60, 63, 77, 80, 81, 84, 88, 93, 97, 100, 112, 118, 119, 124, 126, 167, 177, 179, 186, 210, 211, 216, 256, 277, 279, 282, 293, 295
Objective Value (calc): 126.912985
sum_etaM = 106.769697 / 106.769697
sum_etaP = 131.948807 / 131.948807
nL: 30
nCL: 0
mCL: 1
