Version identifier: 20.1.0.0 | 2020-11-10 | 9bedb6d68
CPXPARAM_Threads                                 1
CPXPARAM_TimeLimit                               3600
CPXPARAM_MIP_Tolerances_MIPGap                   0
Generic callback                                 0x60
1 of 1 MIP starts provided solutions.
MIP start 'm1' defined initial solution with objective 152.5030.
Tried aggregator 2 times.
MIP Presolve eliminated 51 rows and 24 columns.
Aggregator did 27 substitutions.
Reduced MIP has 1451 rows, 1549 columns, and 7891 nonzeros.
Reduced MIP has 388 binaries, 361 generals, 0 SOSs, and 0 indicators.
Presolve time = 0.01 sec. (3.78 ticks)
Probing time = 0.00 sec. (0.44 ticks)
Tried aggregator 1 time.
Reduced MIP has 1451 rows, 1549 columns, and 7891 nonzeros.
Reduced MIP has 388 binaries, 361 generals, 0 SOSs, and 0 indicators.
Presolve time = 0.00 sec. (2.19 ticks)
Probing time = 0.00 sec. (0.44 ticks)
MIP emphasis: balance optimality and feasibility.
MIP search method: dynamic search.
Parallel mode: none, using 1 thread.
Root relaxation solution time = 0.06 sec. (73.62 ticks)

        Nodes                                         Cuts/
   Node  Left     Objective  IInf  Best Integer    Best Bound    ItCnt     Gap

*     0+    0                          152.5030      400.0000           162.29%
      0     0      170.4060    17      152.5030      170.4060     1433   11.74%
      0     0      153.4942    29      152.5030     Cuts: 205     1545    0.65%
      0     0      152.6875    20      152.5030     Cuts: 126     1630    0.12%
      0     0      152.6065    22      152.5030      Cuts: 53     1654    0.07%

Repeating presolve.
Tried aggregator 1 time.
MIP Presolve eliminated 661 rows and 470 columns.
MIP Presolve modified 158 coefficients.
Reduced MIP has 790 rows, 1079 columns, and 2630 nonzeros.
Reduced MIP has 151 binaries, 136 generals, 0 SOSs, and 0 indicators.
Presolve time = 0.00 sec. (1.51 ticks)
Probing time = 0.00 sec. (0.15 ticks)
Tried aggregator 1 time.
Reduced MIP has 790 rows, 1079 columns, and 2630 nonzeros.
Reduced MIP has 151 binaries, 136 generals, 0 SOSs, and 0 indicators.
Presolve time = 0.00 sec. (0.84 ticks)
Represolve time = 0.01 sec. (5.23 ticks)
Probing time = 0.00 sec. (0.14 ticks)
MIP emphasis: balance optimality and feasibility.
MIP search method: dynamic search.
Parallel mode: none, using 1 thread.
Root relaxation solution time = 0.01 sec. (12.91 ticks)

        Nodes                                         Cuts/
   Node  Left     Objective  IInf  Best Integer    Best Bound    ItCnt     Gap

*     0+    0                          152.5030      152.6065             0.07%
      0     0      152.5890    22      152.5030      152.5890     2493    0.06%
      0     0      152.5602    12      152.5030      Cuts: 51     2509    0.04%
      0     0      152.5279    13      152.5030       Cuts: 8     2527    0.02%
      0     0      152.5269    13      152.5030       Cuts: 4     2532    0.02%
      0     2      152.5269    13      152.5030      152.5200     2532    0.01%
Elapsed time = 0.41 sec. (221.66 ticks, tree = 0.01 MB, solutions = 1)

Flow cuts applied:  10
Mixed integer rounding cuts applied:  56
Lift and project cuts applied:  4
Gomory fractional cuts applied:  11
User cuts applied:  212

Root node processing (before b&c):
  Real time             =    0.41 sec. (221.67 ticks)
Sequential b&c:
  Real time             =    0.03 sec. (6.10 ticks)
                          ------------
Total (root+branch&cut) =    0.44 sec. (227.77 ticks)
|V|                                     400
K                                       40
theta                                   0.10
r                                       1
R                                       20
prob_func                               facility_mixture
mixture_low_share                       0.900000
mixture_low_interval                    [0.001000, 0.010000]
mixture_high_interval                   [0.100000, 0.500000]
mixture_seed                            1
#C1                                     444
#CP                                     4364

@Parameters: 
am_callback_heuristic                   false
am_local_search                         true
am_start_heuristic                      false
colocation                              true
comp                                    false
cutC                                    true
cutC_init                               false
cutF                                    true
cutF_init                               false
cutF_stable                             false
cutF_wrong                              false
cutLocal                                false
cutM                                    true
cutM_init                               true
cutM_stable                             false
cutP                                    true
cutP_init                               false
cutP_stable                             false
init                                    true
init_cutF_zero                          false
init_val_greedy                         true
is_Euclidean                            false
is_local_search                         true
is_right_cutP                           true
is_root                                 false
is_silent                               false
is_start                                false
mycut                                   false
pmed                                    false
pre                                     true
stable_root                             false
str                                     true
two_phase                               false
ubstr                                   false
mode                                    Int

am_callback_node_space                  50
init                                    0
mixture_seed                            1
node_space                              5
nodelimit                               -1
nsepa                                   1
strF                                    0
type_delta                              0

EPS                                     0.001000
EPS_FRAC                                0.00
gap                                     0.00
mixture_high_max                        0.50
mixture_high_min                        0.10
mixture_low_max                         0.01
mixture_low_min                         0.00
mixture_low_share                       0.90
timelimit                               3600.00

Number of Closed Sites: 12 / 480 
Number of Confined Sites-1: 27 / 1053 
Number of Confined Sites-k: 361 / 8453 
Preprocess Time: 1.09 + 0.00 sec

Solve Time: 0.44
Number of Nodes: 9
Termination Status: OPTIMAL

CutInfo: [phase] num / time (sec) / aver. num_nonzero
max              [LP]     0 / 0.00 / 0.00 [init]   364 / 0.01 / 3.29 [rLC]   149 / 0.01 / 7.39 [rUC]    23 / 0.02 / 5.04 [sLC]     0 / 0.01 / 0.00 [sUC]     0 / 0.00 / 0.00 
prod_oa          [LP]     0 / 0.00 / 0.00 [init]   364 / 0.00 / 11.43 [rLC]   215 / 0.01 / 15.32 [rUC]    89 / 0.02 / 19.89 [sLC]    30 / 0.00 / 23.53 [sUC]     0 / 0.00 / 0.00 
prod_sm_fixed    [LP]     0 / 0.00 / 0.00 [init]     0 / 0.00 / 0.00 [rLC]     0 / 0.00 / 0.00 [rUC]     0 / 0.00 / 0.00 [sLC]     0 / 0.00 / 0.00 [sUC]     0 / 0.00 / 0.00 
prod_bin         [LP]     0 / 0.00 / 0.00 [init]     0 / 0.00 / 0.00 [rLC]     0 / 0.00 / 0.00 [rUC]     0 / 0.00 / 0.00 [sLC]     0 / 0.00 / 0.00 [sUC]     0 / 0.00 / 0.00 
prod_local       [LP]     0 / 0.00 / 0.00 [init]     0 / 0.00 / 0.00 [rLC]     0 / 0.00 / 0.00 [rUC]     0 / 0.00 / 0.00 [sLC]     0 / 0.00 / 0.00 [sUC]     0 / 0.00 / 0.00 
prod_sm_C        [LP]     0 / 0.00 / 0.00 [init]     0 / 0.01 / 0.00 [rLC]     0 / 0.02 / 0.00 [rUC]   239 / 0.05 / 28.52 [sLC]     0 / 0.01 / 0.00 [sUC]     0 / 0.00 / 0.00 
facet            [LP]     0 / 0.00 / 0.00 [init]     0 / 0.00 / 0.00 [rLC]     0 / 0.00 / 0.00 [rUC]   239 / 0.00 / 0.00 [sLC]     0 / 0.00 / 0.00 [sUC]     0 / 0.00 / 0.00 
Separation Round:   [LP] 0  [init] 1  [rLC] 3  [rUC] 9  [sLC] 2  [sUC] 4  
Root Best Bound 152.516177
Root Best Integer: 152.503049
Best Bound: 152.515169
Best Integer: 152.503049
1: 7, 19, 59, 134, 174, 177, 185, 203, 213, 215, 234, 268, 275, 295, 311, 320, 331
2: 27, 121, 153, 298, 368, 379
3: 358
4: 229, 240
Objective Value (calc): 152.503049
sum_etaM = 104.605927 / 104.605927
sum_etaP = 157.824952 / 157.824952
nL: 26
nCL: 9
mCL: 4
