Version identifier: 20.1.0.0 | 2020-11-10 | 9bedb6d68
CPXPARAM_Threads                                 1
CPXPARAM_TimeLimit                               3600
CPXPARAM_MIP_Tolerances_MIPGap                   0
Generic callback                                 0x60
1 of 1 MIP starts provided solutions.
MIP start 'm1' defined initial solution with objective 211.8803.
Tried aggregator 2 times.
MIP Presolve eliminated 52 rows and 26 columns.
Aggregator did 26 substitutions.
Reduced MIP has 893 rows, 1148 columns, and 3407 nonzeros.
Reduced MIP has 287 binaries, 261 generals, 0 SOSs, and 0 indicators.
Presolve time = 0.00 sec. (1.90 ticks)
Probing time = 0.00 sec. (0.20 ticks)
Tried aggregator 1 time.
Reduced MIP has 893 rows, 1148 columns, and 3407 nonzeros.
Reduced MIP has 287 binaries, 261 generals, 0 SOSs, and 0 indicators.
Presolve time = 0.00 sec. (1.09 ticks)
Probing time = 0.00 sec. (0.20 ticks)
MIP emphasis: balance optimality and feasibility.
MIP search method: dynamic search.
Parallel mode: none, using 1 thread.
Root relaxation solution time = 0.01 sec. (7.19 ticks)

        Nodes                                         Cuts/
   Node  Left     Objective  IInf  Best Integer    Best Bound    ItCnt     Gap

*     0+    0                          211.8803      300.0000            41.59%
      0     0      269.5996    95      211.8803      269.5996      629   27.24%
      0     0      216.2438   166      211.8803     Cuts: 299      836    2.06%
      0     0      215.4015   166      211.8803     Cuts: 149      948    1.66%
      0     0      215.1079   170      211.8803      Cuts: 99     1026    1.52%
      0     0      215.0564   181      211.8803      Cuts: 27     1057    1.50%
      0     0      215.0324   194      211.8803      Cuts: 27     1084    1.49%
      0     0      215.0175   181      211.8803   MIRcuts: 11     1107    1.48%
      0     0      215.0157   167      211.8803       Cuts: 9     1118    1.48%
      0     0      215.0118   171      211.8803    MIRcuts: 3     1124    1.48%
      0     2      215.0080   175      211.8803      215.0064     1124    1.48%
Elapsed time = 0.32 sec. (205.03 ticks, tree = 0.01 MB, solutions = 1)
     96    91      213.5593   142      211.8803      214.8585     2428    1.41%
*   100+   93                          211.8803      214.8585             1.41%
    226   206      214.1401   169      211.8803      214.7146     4332    1.34%
    389   350      212.2361    62      211.8803      214.5033     6753    1.24%

Performing restart 1

Repeating presolve.
Tried aggregator 1 time.
MIP Presolve modified 50 coefficients.
Reduced MIP has 893 rows, 1148 columns, and 3407 nonzeros.
Reduced MIP has 287 binaries, 261 generals, 0 SOSs, and 0 indicators.
Presolve time = 0.00 sec. (1.14 ticks)
Tried aggregator 1 time.
Reduced MIP has 893 rows, 1148 columns, and 3407 nonzeros.
Reduced MIP has 287 binaries, 261 generals, 0 SOSs, and 0 indicators.
Presolve time = 0.00 sec. (1.13 ticks)
Represolve time = 0.01 sec. (4.60 ticks)
    510     0      213.4940   180      211.8803     Cuts: 150     9846    0.76%
    510     0      213.2019   157      211.8803     Cuts: 100     9971    0.62%
    510     0      213.0011   141      211.8803      Cuts: 68    10056    0.53%
    510     0      212.8801   159      211.8803      Cuts: 83    10140    0.47%
    510     0      212.6872   152      211.8803      Cuts: 65    10218    0.38%
    510     0      212.6120   157      211.8803      Cuts: 55    10263    0.35%
    510     0      212.5423   186      211.8803      Cuts: 48    10325    0.31%
    510     0      212.4785   143      211.8803      Cuts: 36    10391    0.28%
    510     0      212.4592   165      211.8803      Cuts: 35    10424    0.27%
    510     0      212.4257   148      211.8803      Cuts: 23    10467    0.26%
    510     0      212.3964   174      211.8803      Cuts: 26    10499    0.24%
    510     0      212.3669   161      211.8803      Cuts: 29    10541    0.23%
    510     0      212.3489   157      211.8803      Cuts: 29    10569    0.22%
    510     0      212.3326   166      211.8803      Cuts: 32    10598    0.21%
    510     0      212.3189   154      211.8803      Cuts: 26    10630    0.21%
    510     0      212.3097   147      211.8803      Cuts: 31    10663    0.20%
    510     0      212.3073   162      211.8803      Cuts: 15    10685    0.20%
    510     0      212.3061   167      211.8803      Cuts: 10    10707    0.20%
    510     0      212.3025   151      211.8803      Cuts: 14    10730    0.20%
    510     0      212.3023   151      211.8803 UserPurge2: 1    10737    0.20%
    510     0      212.3022   151      211.8803 UserPurge2: 2    10741    0.20%
    510     0      212.3021   151      211.8803 UserPurge2: 3    10742    0.20%
    510     2      212.3019   157      211.8803      212.2969    10742    0.20%
    522    11      212.1063    98      211.8803      212.2606    11045    0.18%
    551    32      212.1295   124      211.8803      212.2487    11420    0.17%
    600    66      211.9429    84      211.8803      212.2334    12158    0.17%
    686   124      211.9702   151      211.8803      212.2123    13776    0.16%
*   790+  143                          211.9579      212.1982             0.11%
*   800   143      integral     0      211.9589      212.1982    15605    0.11%
    810   144      211.9898   128      211.9589      212.1935    16022    0.11%

Flow cuts applied:  29
Mixed integer rounding cuts applied:  180
Lift and project cuts applied:  12
Gomory fractional cuts applied:  13
User cuts applied:  488

Root node processing (before b&c):
  Real time             =    0.32 sec. (205.04 ticks)
Sequential b&c:
  Real time             =    6.97 sec. (3654.07 ticks)
                          ------------
Total (root+branch&cut) =    7.29 sec. (3859.11 ticks)
|V|                                     300
K                                       100
theta                                   0.20
r                                       2
R                                       20
prob_func                               facility_mixture
mixture_low_share                       0.500000
mixture_low_interval                    [0.001000, 0.010000]
mixture_high_interval                   [0.100000, 0.500000]
mixture_seed                            1
#C1                                     376
#CP                                     2142

@Parameters: 
am_callback_heuristic                   false
am_local_search                         true
am_start_heuristic                      false
colocation                              true
comp                                    false
cutC                                    true
cutC_init                               false
cutF                                    false
cutF_init                               false
cutF_stable                             false
cutF_wrong                              false
cutLocal                                false
cutM                                    true
cutM_init                               true
cutM_stable                             false
cutP                                    true
cutP_init                               false
cutP_stable                             false
init                                    true
init_cutF_zero                          false
init_val_greedy                         true
is_Euclidean                            false
is_local_search                         false
is_right_cutP                           true
is_root                                 false
is_silent                               false
is_start                                false
mycut                                   false
pmed                                    false
pre                                     true
stable_root                             false
str                                     true
two_phase                               false
ubstr                                   false
mode                                    Int

am_callback_node_space                  50
init                                    0
mixture_seed                            1
node_space                              5
nodelimit                               -1
nsepa                                   1
strF                                    0
type_delta                              0

EPS                                     0.001000
EPS_FRAC                                0.00
gap                                     0.00
mixture_high_max                        0.50
mixture_high_min                        0.10
mixture_low_max                         0.01
mixture_low_min                         0.00
mixture_low_share                       0.50
timelimit                               3600.00

Number of Closed Sites: 13 / 1300 
Number of Confined Sites-1: 26 / 2574 
Number of Confined Sites-k: 261 / 8521 
Preprocess Time: 0.46 + 0.00 sec

Solve Time: 7.29
Number of Nodes: 1391
Termination Status: OPTIMAL

CutInfo: [phase] num / time (sec) / aver. num_nonzero
max              [LP]     0 / 0.00 / 0.00 [init]   185 / 0.00 / 1.19 [rLC]   158 / 0.00 / 3.28 [rUC]   177 / 0.02 / 2.75 [sLC]     3 / 0.01 / 2.67 [sUC]   234 / 0.42 / 3.09 
prod_oa          [LP]     0 / 0.00 / 0.00 [init]   185 / 0.00 / 8.11 [rLC]   246 / 0.00 / 9.77 [rUC]   186 / 0.01 / 11.16 [sLC]    91 / 0.01 / 14.04 [sUC]   606 / 0.45 / 12.37 
prod_sm_fixed    [LP]     0 / 0.00 / 0.00 [init]     0 / 0.00 / 0.00 [rLC]     0 / 0.00 / 0.00 [rUC]     0 / 0.00 / 0.00 [sLC]     0 / 0.00 / 0.00 [sUC]     0 / 0.00 / 0.00 
prod_bin         [LP]     0 / 0.00 / 0.00 [init]     0 / 0.00 / 0.00 [rLC]     0 / 0.00 / 0.00 [rUC]     0 / 0.00 / 0.00 [sLC]     0 / 0.00 / 0.00 [sUC]     0 / 0.00 / 0.00 
prod_local       [LP]     0 / 0.00 / 0.00 [init]     0 / 0.00 / 0.00 [rLC]     0 / 0.00 / 0.00 [rUC]     0 / 0.00 / 0.00 [sLC]     0 / 0.00 / 0.00 [sUC]     0 / 0.00 / 0.00 
prod_sm_C        [LP]     0 / 0.00 / 0.00 [init]     0 / 0.00 / 0.00 [rLC]     0 / 0.00 / 0.00 [rUC]     0 / 0.00 / 0.00 [sLC]     0 / 0.00 / 0.00 [sUC]     0 / 0.00 / 0.00 
facet            [LP]     0 / 0.00 / 0.00 [init]     0 / 0.00 / 0.00 [rLC]     0 / 0.00 / 0.00 [rUC]     0 / 0.00 / 0.00 [sLC]     0 / 0.00 / 0.00 [sUC]     0 / 0.00 / 0.00 
Separation Round:   [LP] 0  [init] 1  [rLC] 3  [rUC] 10  [sLC] 5  [sUC] 2192  
Root Best Bound 214.924381
Root Best Integer: 211.880258
Best Bound: 211.990008
Best Integer: 211.958879
1: 2, 7, 8, 12, 16, 19, 22, 27, 30, 32, 34, 35, 36, 39, 42, 44, 45, 48, 52, 57, 62, 69, 71, 77, 79, 84, 85, 90, 94, 95, 96, 99, 100, 102, 105, 112, 114, 118, 119, 122, 130, 131, 133, 135, 139, 141, 142, 144, 146, 153, 157, 158, 161, 164, 168, 169, 176, 177, 181, 182, 183, 185, 187, 192, 196, 200, 204, 212, 214, 219, 221, 224, 231, 244, 245, 247, 249, 251, 253, 254, 257, 259, 263, 275, 277, 286, 295
2: 23, 88, 124, 151, 226
3: 103
Objective Value (calc): 211.958654
sum_etaM = 181.754627 / 181.754627
sum_etaP = 219.509942 / 219.509661
nL: 93
nCL: 6
mCL: 3
