Version identifier: 20.1.0.0 | 2020-11-10 | 9bedb6d68
CPXPARAM_Threads                                 1
CPXPARAM_TimeLimit                               3600
CPXPARAM_MIP_Tolerances_MIPGap                   0
Generic callback                                 0x60
1 of 1 MIP starts provided solutions.
MIP start 'm1' defined initial solution with objective 358.2400.
Tried aggregator 2 times.
MIP Presolve eliminated 4 rows and 2 columns.
MIP Presolve modified 683 coefficients.
Aggregator did 2 substitutions.
Reduced MIP has 2775 rows, 2796 columns, and 76986 nonzeros.
Reduced MIP has 699 binaries, 697 generals, 0 SOSs, and 0 indicators.
Presolve time = 0.02 sec. (23.51 ticks)
Probing time = 0.00 sec. (3.52 ticks)
Tried aggregator 1 time.
Reduced MIP has 2775 rows, 2796 columns, and 76986 nonzeros.
Reduced MIP has 699 binaries, 697 generals, 0 SOSs, and 0 indicators.
Presolve time = 0.01 sec. (13.14 ticks)
Probing time = 0.00 sec. (3.52 ticks)
MIP emphasis: balance optimality and feasibility.
MIP search method: dynamic search.
Parallel mode: none, using 1 thread.
Root relaxation solution time = 0.14 sec. (192.51 ticks)

        Nodes                                         Cuts/
   Node  Left     Objective  IInf  Best Integer    Best Bound    ItCnt     Gap

*     0+    0                          358.2400      700.0000            95.40%
      0     0      385.4244     8      358.2400      385.4244     2507    7.59%
      0     0      371.3527    13      358.2400     Cuts: 793     3022    3.66%
      0     0      366.7668    13      358.2400     Cuts: 380     3343    2.38%

Repeating presolve.
Tried aggregator 1 time.
MIP Presolve eliminated 1524 rows and 1364 columns.
MIP Presolve modified 188 coefficients.
Reduced MIP has 1251 rows, 1432 columns, and 10415 nonzeros.
Reduced MIP has 55 binaries, 43 generals, 0 SOSs, and 0 indicators.
Presolve time = 0.01 sec. (9.25 ticks)
Probing time = 0.00 sec. (0.53 ticks)
Tried aggregator 1 time.
Reduced MIP has 1251 rows, 1432 columns, and 10415 nonzeros.
Reduced MIP has 55 binaries, 43 generals, 0 SOSs, and 0 indicators.
Presolve time = 0.00 sec. (2.38 ticks)
Represolve time = 0.02 sec. (25.87 ticks)
Probing time = 0.00 sec. (0.53 ticks)
MIP emphasis: balance optimality and feasibility.
MIP search method: dynamic search.
Parallel mode: none, using 1 thread.
Root relaxation solution time = 0.13 sec. (176.18 ticks)

        Nodes                                         Cuts/
   Node  Left     Objective  IInf  Best Integer    Best Bound    ItCnt     Gap

*     0+    0                          358.2400      366.7668             2.38%
      0     0      365.4034    13      358.2400      365.4034     5219    2.00%
      0     0      362.7920    14      358.2400     Cuts: 380     5812    1.27%
      0     0      362.0276    15      358.2400     Cuts: 200     5984    1.06%
      0     0      361.6446    15      358.2400     Cuts: 106     6165    0.95%
      0     0      361.4614    17      358.2400      Cuts: 65     6270    0.90%
      0     0      361.3446    17      358.2400      Cuts: 28     6371    0.87%
      0     0      361.3130    15      358.2400      Cuts: 41     6469    0.86%
      0     0      361.1621    15      358.2400     Cuts: 110     6587    0.82%
*     0+    0                          359.2847      361.1621             0.52%
      0     0      361.1316    15      359.2847      Cuts: 47     6679    0.51%
      0     0      361.1294    15      359.2847 UserPurge2: 1     6687    0.51%
      0     0      361.1291    15      359.2847      Cuts: 73     6720    0.51%
      0     2      361.1289    15      359.2847      361.1256     6720    0.51%
Elapsed time = 2.18 sec. (1356.43 ticks, tree = 0.01 MB, solutions = 2)
      9     3        cutoff            359.2847      360.2103     9361    0.26%

Flow cuts applied:  55
Mixed integer rounding cuts applied:  380
Lift and project cuts applied:  2
Gomory fractional cuts applied:  3
User cuts applied:  1170

Root node processing (before b&c):
  Real time             =    2.18 sec. (1355.78 ticks)
Sequential b&c:
  Real time             =    0.52 sec. (432.77 ticks)
                          ------------
Total (root+branch&cut) =    2.70 sec. (1788.55 ticks)
|V|                                     700
K                                       5
theta                                   0.01
r                                       1
R                                       20
prob_func                               facility_mixture
mixture_low_share                       0.500000
mixture_low_interval                    [0.001000, 0.010000]
mixture_high_interval                   [0.100000, 0.500000]
mixture_seed                            1
#C1                                     908
#CP                                     66054

@Parameters: 
am_callback_heuristic                   false
am_local_search                         true
am_start_heuristic                      false
colocation                              true
comp                                    false
cutC                                    true
cutC_init                               false
cutF                                    false
cutF_init                               false
cutF_stable                             false
cutF_wrong                              false
cutLocal                                false
cutM                                    true
cutM_init                               true
cutM_stable                             false
cutP                                    true
cutP_init                               false
cutP_stable                             false
init                                    true
init_cutF_zero                          false
init_val_greedy                         true
is_Euclidean                            false
is_local_search                         false
is_right_cutP                           true
is_root                                 false
is_silent                               false
is_start                                false
mycut                                   false
pmed                                    false
pre                                     true
stable_root                             false
str                                     false
two_phase                               false
ubstr                                   false
mode                                    Int

am_callback_node_space                  50
init                                    0
mixture_seed                            1
node_space                              5
nodelimit                               -1
nsepa                                   1
strF                                    0
type_delta                              0

EPS                                     0.001000
EPS_FRAC                                0.00
gap                                     0.00
mixture_high_max                        0.50
mixture_high_min                        0.10
mixture_low_max                         0.01
mixture_low_min                         0.00
mixture_low_share                       0.50
timelimit                               3600.00

Number of Closed Sites: 1 / 5 
Number of Confined Sites-1: 2 / 8 
Number of Confined Sites-k: 697 / 1410 
Preprocess Time: 1.16 + 0.00 sec

Solve Time: 2.70
Number of Nodes: 15
Termination Status: OPTIMAL

CutInfo: [phase] num / time (sec) / aver. num_nonzero
max              [LP]     0 / 0.00 / 0.00 [init]   690 / 0.02 / 11.40 [rLC]   229 / 0.07 / 21.56 [rUC]  1214 / 0.12 / 21.02 [sLC]     0 / 0.00 / 0.00 [sUC]   202 / 0.05 / 17.37 
prod_oa          [LP]     0 / 0.00 / 0.00 [init]   690 / 0.02 / 93.14 [rLC]  1655 / 0.23 / 124.35 [rUC]   521 / 0.27 / 112.72 [sLC]    19 / 0.02 / 128.37 [sUC]   141 / 0.09 / 116.18 
prod_sm_fixed    [LP]     0 / 0.00 / 0.00 [init]     0 / 0.00 / 0.00 [rLC]     0 / 0.00 / 0.00 [rUC]     0 / 0.00 / 0.00 [sLC]     0 / 0.00 / 0.00 [sUC]     0 / 0.00 / 0.00 
prod_bin         [LP]     0 / 0.00 / 0.00 [init]     0 / 0.00 / 0.00 [rLC]     0 / 0.00 / 0.00 [rUC]     0 / 0.00 / 0.00 [sLC]     0 / 0.00 / 0.00 [sUC]     0 / 0.00 / 0.00 
prod_local       [LP]     0 / 0.00 / 0.00 [init]     0 / 0.00 / 0.00 [rLC]     0 / 0.00 / 0.00 [rUC]     0 / 0.00 / 0.00 [sLC]     0 / 0.00 / 0.00 [sUC]     0 / 0.00 / 0.00 
prod_sm_C        [LP]     0 / 0.00 / 0.00 [init]     0 / 0.00 / 0.00 [rLC]     0 / 0.00 / 0.00 [rUC]     0 / 0.00 / 0.00 [sLC]     0 / 0.00 / 0.00 [sUC]     0 / 0.00 / 0.00 
facet            [LP]     0 / 0.00 / 0.00 [init]     0 / 0.00 / 0.00 [rLC]     0 / 0.00 / 0.00 [rUC]     0 / 0.00 / 0.00 [sLC]     0 / 0.00 / 0.00 [sUC]     0 / 0.00 / 0.00 
Separation Round:   [LP] 0  [init] 1  [rLC] 12  [rUC] 14  [sLC] 1  [sUC] 16  
Root Best Bound 360.714058
Root Best Integer: 359.284691
Best Bound: 360.210323
Best Integer: 359.284691
1: 84, 293, 692
2: 312
Objective Value (calc): 359.199374
sum_etaM = 223.626664 / 223.626664
sum_etaP = 360.654974 / 360.568795
nL: 4
nCL: 1
mCL: 2
