Version identifier: 20.1.0.0 | 2020-11-10 | 9bedb6d68
CPXPARAM_Threads                                 1
CPXPARAM_TimeLimit                               3600
CPXPARAM_MIP_Tolerances_MIPGap                   0
Generic callback                                 0x60
1 of 1 MIP starts provided solutions.
MIP start 'm1' defined initial solution with objective 634.2088.
Tried aggregator 2 times.
MIP Presolve eliminated 15 rows and 10 columns.
Aggregator did 5 substitutions.
Reduced MIP has 2175 rows, 2785 columns, and 16521 nonzeros.
Reduced MIP has 695 binaries, 690 generals, 0 SOSs, and 0 indicators.
Presolve time = 0.01 sec. (6.50 ticks)
Probing time = 0.00 sec. (0.87 ticks)
Tried aggregator 1 time.
Reduced MIP has 2175 rows, 2785 columns, and 16521 nonzeros.
Reduced MIP has 695 binaries, 690 generals, 0 SOSs, and 0 indicators.
Presolve time = 0.01 sec. (3.89 ticks)
Probing time = 0.00 sec. (0.87 ticks)
MIP emphasis: balance optimality and feasibility.
MIP search method: dynamic search.
Parallel mode: none, using 1 thread.
Root relaxation solution time = 0.03 sec. (34.12 ticks)

        Nodes                                         Cuts/
   Node  Left     Objective  IInf  Best Integer    Best Bound    ItCnt     Gap

*     0+    0                          634.2088      700.0000            10.37%
      0     0      661.3672   257      634.2088      661.3672     1554    4.28%
      0     0      638.4599   276      634.2088     Cuts: 603     2227    0.67%
      0     0      637.5954   270      634.2088     Cuts: 450     2813    0.53%
      0     0      637.1343   300      634.2088     Cuts: 270     3227    0.46%
      0     0      636.9473   307      634.2088     Cuts: 158     3525    0.43%
      0     0      636.8599   298      634.2088      Cuts: 84     3710    0.42%
      0     0      636.7920   297      634.2088      Cuts: 87     3863    0.41%
      0     0      636.7570   316      634.2088      Cuts: 66     3973    0.40%
      0     0      636.7009   299      634.2088      Cuts: 50     4117    0.39%
      0     0      636.6645   298      634.2088      Cuts: 88     4250    0.39%
      0     0      636.6399   300      634.2088 UserPurge2: 49     4361    0.38%
      0     0      636.6180   312      634.2088 UserPurge2: 42     4448    0.38%
      0     0      636.6123   294      634.2088 UserPurge2: 48     4512    0.38%
      0     0      636.6093   300      634.2088 UserPurge2: 20     4546    0.38%
      0     0      636.6068   296      634.2088 UserPurge2: 14     4584    0.38%
      0     0      636.6063   298      634.2088 UserPurge2: 10     4602    0.38%
      0     0      636.6046   297      634.2088 UserPurge2: 14     4628    0.38%
      0     0      636.6034   300      634.2088 UserPurge2: 13     4653    0.38%
      0     0      636.6023   300      634.2088 UserPurge2: 9     4669    0.38%
      0     0      636.6021   298      634.2088 UserPurge2: 8     4677    0.38%
      0     0      636.6021   300      634.2088 UserPurge2: 3     4683    0.38%
      0     0      636.6020   298      634.2088 UserPurge2: 6     4691    0.38%
      0     2      636.6020   298      634.2088      636.6019     4691    0.38%
Elapsed time = 6.59 sec. (2761.78 ticks, tree = 0.01 MB, solutions = 1)
      6     8      636.2858   284      634.2088      636.6019     6008    0.38%
     10    12      636.1094   282      634.2088      636.6019     7523    0.38%
     15    17      636.0074   263      634.2088      636.6019     8793    0.38%
     20    22      635.9638   264      634.2088      636.6019     9963    0.38%
     25    27      635.8570   254      634.2088      636.6019    11405    0.38%
     30    32      635.7016   246      634.2088      636.6019    12748    0.38%
     35    37      635.4813   237      634.2088      636.6019    14978    0.38%
     38    40      635.4497   217      634.2088      636.6019    16377    0.38%
     40    42      635.4673   221      634.2088      636.6019    17921    0.38%
     50    52      635.2922   222      634.2088      636.6019    20660    0.38%
Elapsed time = 21.37 sec. (7392.16 ticks, tree = 0.29 MB, solutions = 1)
     64    66      634.9940   195      634.2088      636.6019    24123    0.38%
     80    82      634.7505   147      634.2088      636.6019    27235    0.38%
    110   112      634.4135    78      634.2088      636.6019    31099    0.38%
*   139   110      integral     0      634.4068      636.6019    32530    0.35%
    149   120      636.1481   272      634.4068      636.5659    35916    0.34%
    160   131      635.7758   251      634.4068      636.5659    40154    0.34%
    175   146      635.3904   227      634.4068      636.5659    44231    0.34%
    185   156      635.2101   225      634.4068      636.5659    46717    0.34%
    200   171      634.9093   190      634.4068      636.5659    50086    0.34%
    220   191      634.6353   146      634.4068      636.5659    54355    0.34%
Elapsed time = 54.35 sec. (17145.47 ticks, tree = 0.91 MB, solutions = 2)
    239   206      636.2421   279      634.4068      636.5089    58522    0.33%
    252   219      635.8672   241      634.4068      636.5089    61448    0.33%
    267   234      635.4274   216      634.4068      636.5089    65050    0.33%
    290   257      635.1731   161      634.4068      636.5089    66869    0.33%
    353   319      634.4824     4      634.4068      636.5089    69177    0.33%
*   359   287      integral     0      634.4823      636.5089    69203    0.32%
    370   298      635.7786   252      634.4823      636.3945    71293    0.30%
    398   326      635.1149   181      634.4823      636.3945    74213    0.30%
    437   365      634.6240    94      634.4823      636.3945    77094    0.30%
*   481   369      integral     0      634.5379      636.3945    77927    0.29%
Elapsed time = 79.74 sec. (25647.81 ticks, tree = 3.50 MB, solutions = 4)
    498   386      635.7369   261      634.5379      636.3871    80713    0.29%
    520   408      635.1927   210      634.5379      636.3871    83313    0.29%
*   580   407      integral     0      634.6325      636.3871    85785    0.28%
    593   420      635.8446   268      634.6325      636.3490    88395    0.27%
    609   436      635.4304   235      634.6325      636.3490    90950    0.27%
    630   457      635.1667   176      634.6325      636.3490    93711    0.27%
    672   493      636.2510   274      634.6325      636.3332    96673    0.27%
    686   507      635.6815   261      634.6325      636.3332    98436    0.27%

Performing restart 1

Repeating presolve.
Tried aggregator 1 time.
MIP Presolve modified 297 coefficients.
Reduced MIP has 2175 rows, 2785 columns, and 16521 nonzeros.
Reduced MIP has 695 binaries, 690 generals, 0 SOSs, and 0 indicators.
Presolve time = 0.01 sec. (4.03 ticks)
Tried aggregator 1 time.
Reduced MIP has 2175 rows, 2785 columns, and 16521 nonzeros.
Reduced MIP has 695 binaries, 690 generals, 0 SOSs, and 0 indicators.
Presolve time = 0.01 sec. (3.98 ticks)
Represolve time = 0.04 sec. (29.75 ticks)
    690     0      636.3211   337      634.6325      Cuts: 82   103750    0.27%
    690     0      636.2397   341      634.6325      Cuts: 59   103973    0.25%
    690     0      636.2202   352      634.6325      Cuts: 59   104118    0.25%
    690     0      636.2046   360      634.6325      Cuts: 37   104236    0.25%
    690     0      636.1913   364      634.6325      Cuts: 34   104361    0.25%
    690     0      636.1809   343      634.6325      Cuts: 35   104498    0.24%
    690     0      636.1677   358      634.6325      Cuts: 41   104609    0.24%
    690     0      636.1544   334      634.6325      Cuts: 27   104698    0.24%
    690     0      636.1487   339      634.6325      Cuts: 19   104762    0.24%
    690     0      636.1473   348      634.6325      Cuts: 17   104813    0.24%
    690     0      636.1348   340      634.6325      Cuts: 30   104922    0.24%
    690     0      636.1264   363      634.6325      Cuts: 19   105023    0.24%
    690     0      636.1226   355      634.6325      Cuts: 21   105092    0.23%
    690     0      636.1200   339      634.6325   MIRcuts: 20   105143    0.23%
    690     0      636.1183   335      634.6325      Cuts: 12   105181    0.23%
    690     0      636.1155   345      634.6325      Cuts: 17   105242    0.23%
    690     2      636.1155   345      634.6325      636.1046   105242    0.23%
    691     3      636.0990   337      634.6325      636.0989   105299    0.23%
Elapsed time = 103.56 sec. (42002.73 ticks, tree = 0.01 MB, solutions = 5)
    693     5      636.0216   332      634.6325      636.0929   105509    0.23%
    695     7      636.0574   319      634.6325      636.0929   105689    0.23%
    697     9      636.0488   326      634.6325      636.0929   105860    0.23%
    699    11      636.0406   334      634.6325      636.0929   106106    0.23%
    700    12      635.7924   356      634.6325      636.0929   107602    0.23%
    702    14      635.7885   330      634.6325      636.0929   108569    0.23%
    703    15      635.9002   358      634.6325      636.0929   108674    0.23%
    706    18      635.7297   328      634.6325      636.0929   109447    0.23%
    708    20      635.8153   335      634.6325      636.0929   109678    0.23%
    711    23      635.6855   322      634.6325      636.0929   110427    0.23%
Elapsed time = 118.35 sec. (57106.58 ticks, tree = 0.03 MB, solutions = 5)
    714    26      635.7932   315      634.6325      636.0929   111027    0.23%
    716    28      635.7924   317      634.6325      636.0929   111424    0.23%
    719    31      635.7686   292      634.6325      636.0929   112338    0.23%
    722    34      635.6670   282      634.6325      636.0929   113164    0.23%
    726    38      635.4959   268      634.6325      636.0929   115223    0.23%
    731    43      635.3428   254      634.6325      636.0929   117182    0.23%
    743    55      635.4375   228      634.6325      636.0929   119484    0.23%
    750    61      635.1232   237      634.6325      636.0929   122006    0.23%
    760    71      635.0855   234      634.6325      636.0929   123284    0.23%
    772    83      634.8395   173      634.6325      636.0929   125345    0.23%
Elapsed time = 131.11 sec. (67891.63 ticks, tree = 0.34 MB, solutions = 5)
    782    90      634.7189   172      634.6325      636.0929   127140    0.23%
    801   102      634.6717   129      634.6325      636.0929   129334    0.23%
    817   107      635.9582   344      634.6325      636.0638   130648    0.23%
    823   113      635.8393   345      634.6325      636.0638   132465    0.23%
    828   118      635.6739   318      634.6325      636.0638   135639    0.23%
    837   127      635.5712   312      634.6325      636.0638   138259    0.23%
    849   139      635.4816   273      634.6325      636.0638   141547    0.23%
    852   142      635.4366   266      634.6325      636.0638   143461    0.23%
    866   156      635.0022   223      634.6325      636.0638   146271    0.23%
    878   167      634.7522   183      634.6325      636.0638   148140    0.23%
Elapsed time = 143.67 sec. (78334.50 ticks, tree = 0.80 MB, solutions = 5)
    893   181      634.6446   143      634.6325      636.0638   149616    0.23%
    914   191      635.7945   323      634.6325      636.0485   151337    0.22%
    930   207      635.5376   260      634.6325      636.0485   153239    0.22%
    950   227      635.3551   188      634.6325      636.0485   154832    0.22%
    989   264      634.6384    76      634.6325      636.0485   156555    0.22%
   1002   274      635.6936   316      634.6325      636.0479   158533    0.22%
   1015   287      635.4874   273      634.6325      636.0479   160046    0.22%
   1047   319      635.1936   123      634.6325      636.0479   162020    0.22%
   1108   372      635.8644   347      634.6325      636.0274   163780    0.22%
   1126   390      635.4927   259      634.6325      636.0274   165943    0.22%
Elapsed time = 156.41 sec. (88274.48 ticks, tree = 4.95 MB, solutions = 5)
   1170   434      635.1105   104      634.6325      636.0274   168229    0.22%
   1210   468      635.7567   358      634.6325      636.0212   170855    0.22%
   1228   486      635.3874   301      634.6325      636.0212   173361    0.22%
   1245   503      635.3692   277      634.6325      636.0212   175747    0.22%
   1264   522      635.2384   232      634.6325      636.0212   177833    0.22%
   1290   548      635.0420   165      634.6325      636.0212   179809    0.22%
   1333   587      634.6599    94      634.6325      636.0212   181768    0.22%
   1365   605      635.6907   284      634.6325      636.0210   183608    0.22%
   1390   630      635.4522   198      634.6325      636.0210   185376    0.22%
   1450   689      634.8742    40      634.6325      636.0210   187122    0.22%
Elapsed time = 167.42 sec. (98619.23 ticks, tree = 9.27 MB, solutions = 5)
   1489   720      635.6858   290      634.6325      636.0119   189619    0.22%
   1510   741      635.3852   218      634.6325      636.0119   191439    0.22%
   1580   810      635.1367    18      634.6325      636.0119   192945    0.22%
   1632   853      635.7867   297      634.6325      636.0118   194217    0.22%
   1651   872      635.5458   227      634.6325      636.0118   195607    0.22%
   1688   909      635.1779    82      634.6325      636.0118   197516    0.22%
   1746   963      635.5519   256      634.6325      636.0040   200382    0.22%
   1802  1019      634.8782    77      634.6325      636.0040   202990    0.22%
   1844  1056      635.7359   313      634.6325      635.9582   205786    0.21%
   1988  1196      634.7006    37      634.6325      635.9582   214615    0.21%
Elapsed time = 181.78 sec. (111164.35 ticks, tree = 21.76 MB, solutions = 5)
   2167  1334      635.4759   280      634.6325      635.9407   223640    0.21%
   2335  1494      635.1136   159      634.6325      635.9395   231916    0.21%
   2587  1717      635.7573   306      634.6325      635.9333   240974    0.20%
   2683  1810      634.6606    93      634.6325      635.9333   249449    0.20%
*  2819  1653      integral     0      634.7719      635.9250   254262    0.18%
   2972  1801      635.3676   151      634.7719      635.8999   262951    0.18%
*  3125  1911      integral     0      634.7801      635.8999   264944    0.18%
   3267  2045      635.4703   278      634.7801      635.8956   274382    0.18%
   3361  2128      635.4051   247      634.7801      635.8951   282641    0.18%
   3502  2257      635.0923   132      634.7801      635.8899   290200    0.17%
Elapsed time = 222.03 sec. (145148.99 ticks, tree = 37.05 MB, solutions = 7)
   3745  2475      635.4990   256      634.7801      635.8765   298477    0.17%
*  3847  2354      integral     0      634.8438      635.8765   301578    0.16%
   3907  2412      635.2492   190      634.8438      635.8736   309747    0.16%
   4045  2543      634.8516    20      634.8438      635.8710   317996    0.16%
   4193  2679      635.3566   179      634.8438      635.8706   326862    0.16%
*  4381  2718      integral     0      634.8817      635.8694   334428    0.16%
   4459  2793      635.0213   128      634.8817      635.8674   342363    0.16%
   4599  2916      635.7252   328      634.8817      635.8643   349713    0.15%
   4735  3041      635.0701   136      634.8817      635.8627   358438    0.15%
   4889  3178      635.4952   296      634.8817      635.8605   367818    0.15%
Elapsed time = 263.80 sec. (181037.02 ticks, tree = 54.92 MB, solutions = 9)
   4976  3247      635.6119   273      634.8817      635.8589   375615    0.15%
   5136  3400      635.0030   140      634.8817      635.8585   382795    0.15%
   5301  3550      635.4274   204      634.8817      635.8535   391109    0.15%
   5424  3650      635.4059   269      634.8817      635.8512   399077    0.15%
   5530  3738      635.5947   265      634.8817      635.8509   406637    0.15%
   5698  3896      634.9601    54      634.8817      635.8503   414219    0.15%
   5827  4013      635.2655   232      634.8817      635.8482   422620    0.15%
   5916  4095      635.4525   248      634.8817      635.8477   429998    0.15%
   6034  4209      635.0268    76      634.8817      635.8477   438149    0.15%
   6187  4341      635.5399   270      634.8817      635.8465   446079    0.15%
Elapsed time = 305.63 sec. (219519.75 ticks, tree = 69.81 MB, solutions = 9)
   6340  4489      635.1026    91      634.8817      635.8455   454162    0.15%
   6427  4567      635.1077   203      634.8817      635.8450   463452    0.15%
   6594  4716      634.9895    53      634.8817      635.8417   470805    0.15%
   6762  4854      635.5788   284      634.8817      635.8373   477888    0.15%
   6908  4994      635.1134    57      634.8817      635.8363   485914    0.15%
   6984  5056      635.7334   303      634.8817      635.8348   493846    0.15%
*  7102  5128      integral     0      634.8860      635.8348   498378    0.15%
   7253  5261      635.2491   218      634.8860      635.8325   506998    0.15%
   7380  5378      635.7008   315      634.8860      635.8300   514179    0.15%
   7447  5440      634.9126   147      634.8860      635.8300   522314    0.15%
Elapsed time = 346.81 sec. (256741.66 ticks, tree = 91.17 MB, solutions = 10)
   7547  5530      635.3847   296      634.8860      635.8283   530024    0.15%
   7674  5647      635.1145   111      634.8860      635.8283   538079    0.15%
   7792  5757      635.7268   305      634.8860      635.8277   545855    0.15%
   7873  5831      635.7731   324      634.8860      635.8266   554305    0.15%
   8001  5951      635.3425   222      634.8860      635.8261   562094    0.15%
   8148  6087      635.4278   243      634.8860      635.8244   570265    0.15%
   8261  6193      635.2470   228      634.8860      635.8230   578415    0.15%
   8426  6343      634.9182    54      634.8860      635.8189   585994    0.15%
   8559  6464      635.3496   255      634.8860      635.8152   593339    0.15%
   8706  6598      635.7504   317      634.8860      635.8138   600460    0.15%
Elapsed time = 388.12 sec. (295109.71 ticks, tree = 119.12 MB, solutions = 10)
   8782  6657      635.6699   331      634.8860      635.8130   608432    0.15%
   8920  6781      635.3652   235      634.8860      635.8121   615637    0.15%
   9059  6907      634.8991    73      634.8860      635.8105   623298    0.15%
   9169  7006      635.4550   266      634.8860      635.8087   630820    0.15%
   9269  7096      634.9795   130      634.8860      635.8079   639233    0.15%
   9397  7211      635.3735   256      634.8860      635.8073   647338    0.15%
   9540  7350      634.9055    66      634.8860      635.8064   654715    0.14%
   9600  7404      635.0574   185      634.8860      635.8057   662031    0.14%
   9745  7538      635.1744   191      634.8860      635.8046   669957    0.14%
   9870  7650      635.4480   264      634.8860      635.8034   677835    0.14%
Elapsed time = 429.77 sec. (333595.69 ticks, tree = 135.19 MB, solutions = 10)
   9955  7726      635.5094   276      634.8860      635.8032   685060    0.14%
  10056  7804      635.4829   240      634.8860      635.8030   693159    0.14%
  10177  7922      635.0676   102      634.8860      635.8029   700470    0.14%
  10337  8058      635.3879   286      634.8860      635.8019   707948    0.14%
  10423  8141      635.2579   252      634.8860      635.8005   715577    0.14%
  10540  8246      635.0594    93      634.8860      635.7999   722751    0.14%
  10648  8343      635.4169   234      634.8860      635.7988   730461    0.14%
  10670  8365      635.2112   139      634.8860      635.7988   731761    0.14%
  10671  8366      635.7257   308      634.8860      635.7986   731986    0.14%
  10672  8367      635.7253   304      634.8860      635.7959   732451    0.14%
Elapsed time = 484.95 sec. (384580.49 ticks, tree = 148.43 MB, solutions = 10)
  10791  8477      635.3031   269      634.8860      635.7946   740076    0.14%
  10925  8600      634.8871    74      634.8860      635.7944   747455    0.14%
* 11038  8686      integral     0      634.8875      635.7944   752663    0.14%
  11106  8752      634.9570   135      634.8875      635.7943   760549    0.14%
  11244  8861      635.3864   264      634.8875      635.7926   768306    0.14%
  11390  9001      634.9141    28      634.8875      635.7924   775866    0.14%
  11498  9099      635.3619   284      634.8875      635.7924   782871    0.14%
  11593  9179      635.5403   278      634.8875      635.7922   790860    0.14%
  11752  9333      635.0324   119      634.8875      635.7922   799174    0.14%
  11943  9503      635.3599   244      634.8875      635.7917   807191    0.14%
Elapsed time = 526.86 sec. (421671.84 ticks, tree = 168.80 MB, solutions = 11)
  12038  9592      635.2768   233      634.8875      635.7916   815097    0.14%
  12154  9684      635.2288   211      634.8875      635.7899   822247    0.14%
  12295  9813      635.6749   285      634.8875      635.7888   829954    0.14%
  12428  9938      635.1349   141      634.8875      635.7886   838146    0.14%
  12532 10037      635.1089   162      634.8875      635.7885   846197    0.14%
  12690 10174      635.7256   319      634.8875      635.7884   853490    0.14%
  12811 10290      635.2814   242      634.8875      635.7881   861783    0.14%
  12964 10426      635.6085   300      634.8875      635.7877   869229    0.14%
  13056 10508      635.4451   240      634.8875      635.7875   877828    0.14%
  13235 10662        cutoff            634.8875      635.7865   885232    0.14%
Elapsed time = 570.07 sec. (460303.52 ticks, tree = 196.54 MB, solutions = 11)
  13373 10787      635.0849   160      634.8875      635.7849   893325    0.14%
  13444 10851      635.2884   253      634.8875      635.7846   900549    0.14%
  13566 10953      635.0594    85      634.8875      635.7844   908224    0.14%
  13710 11077      635.5447   260      634.8875      635.7843   916001    0.14%
  13850 11211      635.0226   116      634.8875      635.7841   923598    0.14%
  13940 11288      635.5234   269      634.8875      635.7836   931923    0.14%
  14076 11411      635.2581   159      634.8875      635.7828   939072    0.14%
  14201 11523      635.6321   278      634.8875      635.7822   946921    0.14%
  14304 11622      635.3596   241      634.8875      635.7820   954290    0.14%
  14434 11727      635.0847   142      634.8875      635.7807   962700    0.14%
Elapsed time = 611.72 sec. (498743.10 ticks, tree = 220.47 MB, solutions = 11)
  14580 11855      635.4978   280      634.8875      635.7801   970574    0.14%
  14700 11967      635.1603   109      634.8875      635.7801   977697    0.14%
* 14754 11935      integral     0      634.8910      635.7801   978802    0.14%
  14828 12009      634.9936   133      634.8910      635.7798   987312    0.14%
  14962 12126      635.4446   240      634.8910      635.7796   994889    0.14%
  15115 12272      634.9469    98      634.8910      635.7789  1002222    0.14%
  15229 12373      635.3315   272      634.8910      635.7784  1010149    0.14%
  15315 12448      635.3492   228      634.8910      635.7781  1017734    0.14%
* 15490+11320                          634.9492      635.7772             0.13%
  15500 11332      634.9888    40      634.9492      635.7772  1025501    0.13%
  15615 11434      635.4896   262      634.9492      635.7771  1031344    0.13%
Elapsed time = 650.24 sec. (533893.40 ticks, tree = 216.82 MB, solutions = 13)
  15728 11541      635.5851   267      634.9492      635.7754  1037922    0.13%
  15796 11607      634.9654   113      634.9492      635.7754  1044696    0.13%
  15908 11701      635.5024   261      634.9492      635.7751  1050909    0.13%
  16038 11826      635.1213   123      634.9492      635.7750  1057386    0.13%
  16177 11944      635.5985   292      634.9492      635.7746  1064399    0.13%
  16254 12014      634.9686   128      634.9492      635.7746  1072550    0.13%
  16404 12144      635.3811   250      634.9492      635.7739  1079326    0.13%
  16539 12273      635.0260    90      634.9492      635.7739  1086689    0.13%
  16682 12402      635.4287   298      634.9492      635.7736  1094529    0.13%
  16756 12462      635.5356   302      634.9492      635.7735  1101505    0.13%
Elapsed time = 690.89 sec. (572259.56 ticks, tree = 235.72 MB, solutions = 13)
  16880 12573      635.2376   185      634.9492      635.7733  1108838    0.13%
  16998 12686      634.9810    79      634.9492      635.7730  1115500    0.13%
  17108 12782      635.5863   281      634.9492      635.7726  1123883    0.13%
  17178 12844      635.7254   298      634.9492      635.7724  1131961    0.13%
  17307 12958      635.1283   159      634.9492      635.7724  1140203    0.13%
  17409 13051      635.2721   227      634.9492      635.7709  1147528    0.13%
  17520 13153      635.1761   220      634.9492      635.7705  1155497    0.13%
  17685 13291      635.4055   227      634.9492      635.7697  1163152    0.13%
  17860 13453      635.5287   298      634.9492      635.7693  1170897    0.13%
  17944 13531      635.5032   252      634.9492      635.7692  1178470    0.13%
Elapsed time = 732.24 sec. (610805.77 ticks, tree = 254.78 MB, solutions = 13)
  18055 13628      635.5927   262      634.9492      635.7686  1186537    0.13%
  18190 13753      635.1899   138      634.9492      635.7672  1194225    0.13%
  18317 13863      635.5769   290      634.9492      635.7669  1201937    0.13%
  18397 13934      635.2388   236      634.9492      635.7667  1209673    0.13%
  18509 14035      635.5097   271      634.9492      635.7662  1217606    0.13%
  18681 14192      635.0827    71      634.9492      635.7661  1225348    0.13%
  18777 14277      635.5774   270      634.9492      635.7657  1233375    0.13%
  18893 14388      634.9599   166      634.9492      635.7656  1240211    0.13%
  19015 14497      635.5107   254      634.9492      635.7650  1247833    0.13%
  19118 14595      635.0594   190      634.9492      635.7647  1255747    0.13%
Elapsed time = 773.19 sec. (649281.32 ticks, tree = 267.29 MB, solutions = 13)
  19230 14691      635.3395   279      634.9492      635.7641  1263395    0.13%
  19360 14809      634.9693    80      634.9492      635.7636  1270494    0.13%
  19447 14884      635.1675   275      634.9492      635.7632  1278368    0.13%
  19570 14990      635.6790   281      634.9492      635.7624  1285724    0.13%
  19706 15121      635.2909   115      634.9492      635.7623  1293663    0.13%
  19839 15240      635.3230   263      634.9492      635.7620  1301685    0.13%
  19920 15310      635.1760   149      634.9492      635.7620  1309311    0.13%
  20063 15439      635.3082   292      634.9492      635.7612  1316707    0.13%
  20159 15526      635.4672   304      634.9492      635.7605  1324056    0.13%
  20228 15584      635.3680   302      634.9492      635.7605  1332400    0.13%
Elapsed time = 813.93 sec. (687764.04 ticks, tree = 280.36 MB, solutions = 13)
  20322 15669      635.0467   230      634.9492      635.7605  1339879    0.13%
  20399 15733        cutoff            634.9492      635.7605  1347410    0.13%
  20488 15813      635.1252   279      634.9492      635.7605  1355179    0.13%
  20556 15871      635.2296   300      634.9492      635.7603  1362560    0.13%
  20654 15956        cutoff            634.9492      635.7602  1370735    0.13%
  20786 16076      635.2446   242      634.9492      635.7599  1377990    0.13%
  20928 16209      635.6497   306      634.9492      635.7591  1385135    0.13%
  20987 16268      635.0951   157      634.9492      635.7591  1392679    0.13%
  21099 16360      635.4307   253      634.9492      635.7588  1399936    0.13%
* 21202 16334      integral     0      634.9529      635.7588  1402974    0.13%
Elapsed time = 852.16 sec. (724051.00 ticks, tree = 288.79 MB, solutions = 14)
  21354 16478      635.1830   153      634.9529      635.7579  1411136    0.13%
  21490 16593      635.0060   163      634.9529      635.7578  1418929    0.13%
  21611 16697      635.3135   201      634.9529      635.7569  1426211    0.13%
  21790 16858      635.3224   220      634.9529      635.7566  1433897    0.13%
  21888 16947      635.0312   245      634.9529      635.7565  1441031    0.13%
  21952 17000      635.1478   211      634.9529      635.7564  1447731    0.13%
  22080 17113      635.2205   278      634.9529      635.7563  1455150    0.13%
  22201 17218      635.7088   337      634.9529      635.7560  1462400    0.13%
  22274 17280      635.6969   336      634.9529      635.7558  1470140    0.13%
  22378 17378      635.1622   173      634.9529      635.7557  1477339    0.13%
Elapsed time = 893.25 sec. (762754.55 ticks, tree = 313.06 MB, solutions = 14)
  22521 17509      634.9708    84      634.9529      635.7547  1485181    0.13%
  22585 17569      635.1978   197      634.9529      635.7546  1492697    0.13%
  22697 17668      634.9530   198      634.9529      635.7543  1500461    0.13%
  22804 17762      635.6808   282      634.9529      635.7536  1508425    0.13%
  22951 17891      635.4373   263      634.9529      635.7529  1516215    0.13%
  23039 17963      635.6913   305      634.9529      635.7525  1523883    0.13%
  23171 18090      635.0887   153      634.9529      635.7525  1531388    0.13%
  23302 18203      635.4486   283      634.9529      635.7517  1538976    0.13%
  23384 18271      635.2075   236      634.9529      635.7514  1547184    0.13%
  23475 18354      635.1115   199      634.9529      635.7509  1554993    0.13%
Elapsed time = 933.92 sec. (801320.91 ticks, tree = 325.15 MB, solutions = 14)
  23595 18463      635.4425   285      634.9529      635.7506  1562238    0.13%
  23664 18522      635.6081   294      634.9529      635.7497  1570362    0.13%
  23768 18622      635.1002   213      634.9529      635.7494  1577979    0.13%
  23941 18774      635.3217   238      634.9529      635.7491  1586066    0.13%
  24050 18867      635.2667   280      634.9529      635.7488  1593346    0.13%
  24147 18957      635.2198   151      634.9529      635.7485  1600874    0.13%
  24327 19113      635.5099   295      634.9529      635.7483  1608161    0.13%
  24444 19225      635.2161   128      634.9529      635.7482  1615611    0.13%
  24533 19308      635.0798   210      634.9529      635.7481  1623327    0.13%
  24655 19410      635.4075   302      634.9529      635.7472  1630957    0.13%
Elapsed time = 974.85 sec. (839760.51 ticks, tree = 350.45 MB, solutions = 14)
  24787 19539      635.1069    59      634.9529      635.7472  1637877    0.13%
  24955 19682      635.1229   207      634.9529      635.7471  1645874    0.13%
  25074 19784      635.4097   247      634.9529      635.7468  1653505    0.13%
  25240 19934      635.5442   276      634.9529      635.7465  1660990    0.12%
  25349 20029      635.6265   281      634.9529      635.7464  1668500    0.12%
  25504 20166      635.6023   317      634.9529      635.7461  1676086    0.12%
  25627 20279      635.0957   197      634.9529      635.7455  1683614    0.12%
  25728 20362      635.6265   309      634.9529      635.7454  1691320    0.12%
  25867 20493      635.1660   107      634.9529      635.7450  1698913    0.12%
  26000 20615      635.4108   240      634.9529      635.7448  1706225    0.12%
Elapsed time = 1017.55 sec. (878206.89 ticks, tree = 383.25 MB, solutions = 14)
* 26050+16573                          635.0588      635.7448             0.11%
* 26080+16404                          635.0648      635.7448             0.11%
  26110 16426      635.3046   285      635.0648      635.7447  1712677    0.11%
  26180 16483      635.2163   211      635.0648      635.7444  1719054    0.11%
  26269 16561      635.4493   284      635.0648      635.7438  1725178    0.11%
  26343 16631      635.2106   141      635.0648      635.7434  1730953    0.11%
  26426 16697      635.2174   265      635.0648      635.7433  1737805    0.11%
  26509 16770      635.4130   217      635.0648      635.7432  1744761    0.11%
  26656 16902      635.0655   108      635.0648      635.7431  1750724    0.11%
  26720 16950      635.4769   291      635.0648      635.7419  1758039    0.11%
  26805 17025      635.2586   245      635.0648      635.7412  1765288    0.11%
  26905 17115      635.4786   316      635.0648      635.7411  1772661    0.11%
Elapsed time = 1057.52 sec. (916898.51 ticks, tree = 314.30 MB, solutions = 16)
  26976 17177      635.2906   241      635.0648      635.7410  1780447    0.11%
  27090 17273      635.4942   268      635.0648      635.7398  1787728    0.11%
  27211 17390      635.1168    82      635.0648      635.7398  1794912    0.11%
  27299 17453      635.1455   265      635.0648      635.7396  1801789    0.11%
  27378 17524      635.4217   266      635.0648      635.7392  1808935    0.11%
  27500 17633      635.4667   282      635.0648      635.7391  1816043    0.11%
  27583 17707      635.1497   219      635.0648      635.7391  1824178    0.11%
  27679 17791      635.2032   205      635.0648      635.7388  1831729    0.11%
  27823 17913      635.2767   275      635.0648      635.7384  1839143    0.11%
  27921 17995      635.6797   323      635.0648      635.7382  1847544    0.11%
Elapsed time = 1098.25 sec. (955658.41 ticks, tree = 336.43 MB, solutions = 16)
  28042 18109      635.1307   144      635.0648      635.7382  1855034    0.11%
  28129 18184      635.1784   253      635.0648      635.7376  1863214    0.11%
  28240 18275      635.3189   225      635.0648      635.7367  1870697    0.11%
  28367 18385      635.5810   299      635.0648      635.7361  1877878    0.11%
  28455 18464      635.2327   232      635.0648      635.7360  1885754    0.11%
  28606 18586      635.5366   235      635.0648      635.7358  1893088    0.11%
  28749 18714      635.6434   292      635.0648      635.7355  1900600    0.11%
  28845 18798      635.4214   251      635.0648      635.7354  1907614    0.11%
  28920 18864      635.1387   144      635.0648      635.7352  1914797    0.11%
  29022 18949      635.6809   302      635.0648      635.7351  1922698    0.11%
Elapsed time = 1138.18 sec. (994046.02 ticks, tree = 351.82 MB, solutions = 16)
  29120 19042      635.4395   246      635.0648      635.7349  1930847    0.11%
  29201 19119      635.0986   139      635.0648      635.7341  1938757    0.11%
  29300 19207      635.2122   196      635.0648      635.7337  1946035    0.11%
  29399 19297      635.4957   279      635.0648      635.7330  1953871    0.11%
  29490 19374      635.3446   232      635.0648      635.7330  1961744    0.11%
  29602 19474      635.6662   337      635.0648      635.7327  1969402    0.11%
  29707 19562      635.4594   225      635.0648      635.7324  1977958    0.11%
  29842 19680      635.6468   325      635.0648      635.7322  1985834    0.11%
  29957 19787      635.3124   229      635.0648      635.7319  1993061    0.11%
  30078 19887      635.2808   125      635.0648      635.7317  1999880    0.11%
Elapsed time = 1177.95 sec. (1032531.28 ticks, tree = 366.88 MB, solutions = 16)
  30196 19992      635.1883   126      635.0648      635.7316  2007349    0.11%
  30295 20070      635.5520   269      635.0648      635.7315  2013101    0.10%
  30360 20128      635.0863   137      635.0648      635.7315  2019836    0.10%
  30464 20216      635.0777   159      635.0648      635.7314  2027189    0.10%
  30570 20313      635.2401   125      635.0648      635.7310  2034636    0.10%
* 30580+18407                          635.1051      635.7310             0.10%
* 30590+17732                          635.1183      635.7310             0.10%
  30648 17786      635.1581   214      635.1183      635.7310  2041674    0.10%
  30728 17851      635.6873   295      635.1183      635.7306  2046526    0.10%
  30817 17930      635.6151   295      635.1183      635.7304  2053074    0.10%
  30901 17999      635.5484   301      635.1183      635.7304  2059455    0.10%
  30995 18087      635.2087   130      635.1183      635.7303  2066188    0.10%
Elapsed time = 1217.62 sec. (1071136.28 ticks, tree = 333.87 MB, solutions = 18)
  31124 18199      635.2748   218      635.1183      635.7293  2073194    0.10%
  31216 18270      635.3461   275      635.1183      635.7293  2079947    0.10%
  31294 18340      635.5095   230      635.1183      635.7291  2086243    0.10%
  31413 18443      635.4506   303      635.1183      635.7289  2093929    0.10%
  31492 18510      635.3687   227      635.1183      635.7287  2101427    0.10%
  31591 18599      635.3017   236      635.1183      635.7283  2108921    0.10%
  31677 18667      635.4597   221      635.1183      635.7280  2116681    0.10%
  31775 18754      635.4319   225      635.1183      635.7276  2123411    0.10%
  31884 18850      635.2397   277      635.1183      635.7275  2131324    0.10%
  31969 18910      635.1265   264      635.1183      635.7271  2138614    0.10%
Elapsed time = 1256.87 sec. (1109550.56 ticks, tree = 354.69 MB, solutions = 18)
  32059 18987      635.5727   309      635.1183      635.7267  2145805    0.10%
  32102 19022      635.5824   293      635.1183      635.7266  2153019    0.10%
  32210 19119      635.5761   298      635.1183      635.7262  2160334    0.10%
  32299 19198      635.4790   266      635.1183      635.7255  2168218    0.10%
  32378 19266      635.2551   212      635.1183      635.7253  2175177    0.10%
  32500 19374        cutoff            635.1183      635.7252  2182835    0.10%
  32560 19427      635.2190   214      635.1183      635.7251  2189704    0.10%
  32640 19495      635.6569   305      635.1183      635.7249  2197094    0.10%
  32752 19590      635.6263   339      635.1183      635.7249  2204145    0.10%
  32817 19637      635.3392   214      635.1183      635.7248  2211383    0.10%
Elapsed time = 1295.68 sec. (1148234.67 ticks, tree = 369.02 MB, solutions = 18)
  32945 19755      635.2697   145      635.1183      635.7247  2218668    0.10%
  33054 19847        cutoff            635.1183      635.7244  2226398    0.10%
  33140 19906      635.3450   217      635.1183      635.7238  2233634    0.10%
  33237 19982      635.3921   230      635.1183      635.7237  2241397    0.10%
  33353 20087      635.2575   288      635.1183      635.7234  2248408    0.10%
  33435 20159      635.3179   267      635.1183      635.7231  2255975    0.10%
  33516 20220      635.4755   203      635.1183      635.7230  2263375    0.10%
  33641 20330      635.4321   228      635.1183      635.7226  2270977    0.10%
  33734 20408      635.1336   207      635.1183      635.7225  2278733    0.10%
  33832 20496      635.2063   206      635.1183      635.7223  2286396    0.10%
Elapsed time = 1335.40 sec. (1186841.84 ticks, tree = 384.78 MB, solutions = 18)
  33954 20599      635.4762   295      635.1183      635.7221  2293051    0.10%
  34009 20645      635.6551   291      635.1183      635.7214  2300820    0.09%
  34135 20755      635.6607   294      635.1183      635.7211  2308503    0.09%
  34239 20850      635.3453   284      635.1183      635.7211  2315118    0.09%
  34328 20926      635.4637   273      635.1183      635.7207  2322782    0.09%
  34458 21040      635.3574   263      635.1183      635.7205  2330154    0.09%
  34528 21098      635.2961   217      635.1183      635.7204  2337663    0.09%
  34629 21193      635.3160   164      635.1183      635.7199  2345782    0.09%
  34725 21278      635.4245   256      635.1183      635.7198  2352876    0.09%
  34836 21378      635.5388   279      635.1183      635.7197  2360561    0.09%
Elapsed time = 1375.80 sec. (1225560.52 ticks, tree = 407.04 MB, solutions = 18)
  34928 21465      635.1639   164      635.1183      635.7196  2367768    0.09%
  35008 21521      635.6685   307      635.1183      635.7193  2375072    0.09%
  35130 21627      635.6497   312      635.1183      635.7191  2382180    0.09%
  35241 21727      635.5058   315      635.1183      635.7186  2389943    0.09%
  35290 21766      635.2711   228      635.1183      635.7185  2397089    0.09%
  35415 21883      635.2660   215      635.1183      635.7183  2404384    0.09%
  35530 21986      635.3466   287      635.1183      635.7181  2411581    0.09%
  35640 22078      635.4004   243      635.1183      635.7180  2419138    0.09%
  35746 22174      635.5824   293      635.1183      635.7178  2426474    0.09%
  35814 22238      635.4199   224      635.1183      635.7177  2433678    0.09%
Elapsed time = 1416.14 sec. (1264367.36 ticks, tree = 417.91 MB, solutions = 18)
  35907 22315      635.3188   238      635.1183      635.7174  2441085    0.09%
  36017 22409      635.2892   245      635.1183      635.7170  2448300    0.09%
  36087 22471      635.1714   237      635.1183      635.7170  2456110    0.09%
  36170 22536      635.4071   307      635.1183      635.7166  2463499    0.09%
  36237 22593      635.3893   247      635.1183      635.7166  2471236    0.09%
  36340 22680      635.1259   141      635.1183      635.7165  2478634    0.09%
  36432 22762      635.3083   136      635.1183      635.7160  2486396    0.09%
  36507 22826      635.4064   281      635.1183      635.7157  2493175    0.09%
  36621 22923      635.4258   228      635.1183      635.7154  2500622    0.09%
  36717 23008      635.4734   297      635.1183      635.7152  2507549    0.09%
Elapsed time = 1456.07 sec. (1302863.76 ticks, tree = 434.76 MB, solutions = 18)
  36814 23091      635.5825   268      635.1183      635.7149  2515477    0.09%
  36918 23182      635.2763   283      635.1183      635.7148  2523069    0.09%
  36985 23236      635.4339   219      635.1183      635.7144  2530712    0.09%
  37117 23354      635.4180   287      635.1183      635.7142  2538000    0.09%
  37198 23426      635.2177   272      635.1183      635.7140  2545118    0.09%
  37288 23506      635.1551    80      635.1183      635.7138  2552286    0.09%
  37410 23610      635.5392   316      635.1183      635.7134  2559741    0.09%
  37485 23675      635.1463   237      635.1183      635.7133  2567820    0.09%
  37598 23780      635.2427   101      635.1183      635.7131  2574626    0.09%
  37694 23859      635.3055   237      635.1183      635.7130  2582860    0.09%
Elapsed time = 1496.95 sec. (1341473.74 ticks, tree = 449.54 MB, solutions = 18)
  37790 23943      635.1768   261      635.1183      635.7127  2590505    0.09%
  37909 24046      635.2109   216      635.1183      635.7127  2598134    0.09%
  37977 24102      635.6778   292      635.1183      635.7121  2606214    0.09%
  38103 24216      635.1439   113      635.1183      635.7120  2613823    0.09%
  38160 24260      635.3316   271      635.1183      635.7118  2620893    0.09%
  38266 24344      635.4150   310      635.1183      635.7118  2628309    0.09%
  38354 24423      635.4040   241      635.1183      635.7116  2635955    0.09%
  38417 24475      635.3430   255      635.1183      635.7112  2643010    0.09%
  38527 24572      635.3967   220      635.1183      635.7111  2650551    0.09%
  38630 24660      635.5221   288      635.1183      635.7110  2657553    0.09%
Elapsed time = 1537.28 sec. (1380013.66 ticks, tree = 459.34 MB, solutions = 18)
  38707 24733      635.4044   167      635.1183      635.7109  2665043    0.09%
  38841 24849      635.2528   215      635.1183      635.7109  2672465    0.09%
  38907 24900      635.3953   307      635.1183      635.7107  2679726    0.09%
  39020 25003      635.3791   229      635.1183      635.7103  2687409    0.09%
  39167 25131      635.5565   330      635.1183      635.7100  2694479    0.09%
  39222 25174      635.2632   223      635.1183      635.7099  2701767    0.09%
  39357 25295      635.4254   241      635.1183      635.7093  2708698    0.09%
  39479 25405      635.5022   288      635.1183      635.7091  2716630    0.09%
  39538 25457      635.2862   234      635.1183      635.7089  2723721    0.09%
  39650 25556      635.3447   248      635.1183      635.7084  2731150    0.09%
Elapsed time = 1577.79 sec. (1418579.79 ticks, tree = 474.19 MB, solutions = 18)
  39723 25616      635.6562   275      635.1183      635.7083  2739030    0.09%
  39853 25739      635.1457   120      635.1183      635.7082  2746118    0.09%
  39958 25834      635.1218   210      635.1183      635.7081  2753673    0.09%
  40042 25906      635.2805   143      635.1183      635.7077  2761530    0.09%
  40144 25998      635.1289   137      635.1183      635.7076  2768839    0.09%
  40218 26065      635.3378   260      635.1183      635.7074  2776567    0.09%
  40297 26133      635.4606   250      635.1183      635.7071  2783334    0.09%
  40407 26232      635.3773   224      635.1183      635.7070  2790651    0.09%
  40512 26326      635.4350   274      635.1183      635.7069  2798192    0.09%
  40604 26409      635.3970   269      635.1183      635.7066  2805488    0.09%
Elapsed time = 1617.37 sec. (1456999.48 ticks, tree = 496.17 MB, solutions = 18)
  40680 26474      635.4735   267      635.1183      635.7063  2813543    0.09%
  40760 26532      635.4032   255      635.1183      635.7063  2821006    0.09%
  40852 26614      635.4734   269      635.1183      635.7062  2828808    0.09%
  40960 26706      635.3860   238      635.1183      635.7059  2836635    0.09%
  41067 26794      635.2323   286      635.1183      635.7059  2844101    0.09%
  41178 26890      635.2646   233      635.1183      635.7057  2851185    0.09%
  41257 26950      635.4535   262      635.1183      635.7056  2858848    0.09%
  41339 27023      635.3874   221      635.1183      635.7055  2866762    0.09%
  41461 27132      635.6299   283      635.1183      635.7053  2874121    0.09%
  41527 27182      635.1241   230      635.1183      635.7051  2881421    0.09%
Elapsed time = 1657.35 sec. (1495861.32 ticks, tree = 510.15 MB, solutions = 18)
  41613 27254      635.4721   297      635.1183      635.7048  2889164    0.09%
  41680 27306      635.3807   333      635.1183      635.7046  2896093    0.09%
  41778 27391      635.5456   289      635.1183      635.7045  2903485    0.09%
  41887 27489      635.5795   275      635.1183      635.7040  2911152    0.09%
  41980 27570      635.3468   185      635.1183      635.7039  2918219    0.09%
  42090 27667      635.3252   221      635.1183      635.7036  2925696    0.09%
  42159 27726      635.1983   251      635.1183      635.7033  2933519    0.09%
  42266 27813      635.1838    98      635.1183      635.7032  2941000    0.09%
  42376 27902      635.1360   138      635.1183      635.7030  2948445    0.09%
  42424 27933      635.5213   246      635.1183      635.7029  2955095    0.09%
Elapsed time = 1696.71 sec. (1534472.18 ticks, tree = 522.65 MB, solutions = 18)
  42520 28020      635.1383   120      635.1183      635.7029  2962691    0.09%
  42614 28096      635.3188   229      635.1183      635.7025  2970303    0.09%
  42720 28186      635.3567   208      635.1183      635.7023  2977925    0.09%
  42819 28264      635.3891   212      635.1183      635.7021  2985653    0.09%
  42927 28361      635.2629   142      635.1183      635.7019  2992540    0.09%
  43040 28457      635.3049   254      635.1183      635.7017  2999519    0.09%
  43108 28509      635.3020   225      635.1183      635.7017  3006496    0.09%
  43202 28594      635.2279   171      635.1183      635.7015  3013881    0.09%
  43254 28638      635.2524   212      635.1183      635.7014  3020517    0.09%
  43337 28701      635.3860   208      635.1183      635.7012  3027791    0.09%
Elapsed time = 1735.92 sec. (1572838.86 ticks, tree = 535.02 MB, solutions = 18)
  43439 28787      635.3255   259      635.1183      635.7008  3035107    0.09%
  43519 28854      635.4757   276      635.1183      635.7003  3041924    0.09%
  43598 28925      635.1605   190      635.1183      635.6997  3049766    0.09%
  43669 28985      635.1348   162      635.1183      635.6996  3057070    0.09%
  43748 29053      635.2736   241      635.1183      635.6993  3064326    0.09%
  43841 29139      635.2999   205      635.1183      635.6991  3072402    0.09%
  43948 29221      635.5660   302      635.1183      635.6990  3080219    0.09%
  44010 29270      635.5507   254      635.1183      635.6989  3087707    0.09%
  44124 29370      635.6487   306      635.1183      635.6989  3094643    0.09%
  44215 29449      635.6295   269      635.1183      635.6985  3102306    0.09%
Elapsed time = 1775.32 sec. (1611375.29 ticks, tree = 547.49 MB, solutions = 18)
  44277 29504      635.3640   211      635.1183      635.6984  3109907    0.09%
  44405 29609      635.4701   258      635.1183      635.6984  3117118    0.09%
* 44510+29452                          635.1219      635.6983             0.09%
  44532 29470      635.5829   284      635.1219      635.6982  3124133    0.09%
  44560 29498      635.2295   245      635.1219      635.6982  3129919    0.09%
  44620 29548      635.4188   241      635.1219      635.6981  3135878    0.09%
  44701 29619      635.1509   207      635.1219      635.6980  3141731    0.09%
  44783 29681      635.3337   181      635.1219      635.6980  3147733    0.09%
  44890 29771      635.6029   314      635.1219      635.6977  3153284    0.09%
  44959 29836      635.1781   213      635.1219      635.6975  3160432    0.09%
  45050 29907      635.2621   175      635.1219      635.6972  3167515    0.09%
Elapsed time = 1815.09 sec. (1650174.32 ticks, tree = 556.28 MB, solutions = 19)
  45152 29987      635.4796   314      635.1219      635.6969  3173935    0.09%
  45233 30052      635.4627   240      635.1219      635.6969  3180713    0.09%
  45330 30137      635.5697   296      635.1219      635.6966  3187788    0.09%
  45410 30206      635.3898   287      635.1219      635.6966  3194910    0.09%
  45483 30258      635.3306   281      635.1219      635.6964  3202300    0.09%
  45577 30341      635.1823   196      635.1219      635.6963  3210132    0.09%
  45650 30390      635.4186   250      635.1219      635.6961  3217187    0.09%
  45775 30503      635.3401   258      635.1219      635.6954  3224584    0.09%
  45851 30568      635.4368   269      635.1219      635.6949  3231784    0.09%
  45938 30640      635.4909   215      635.1219      635.6944  3239316    0.09%
Elapsed time = 1854.59 sec. (1689033.07 ticks, tree = 572.50 MB, solutions = 19)
  46025 30719      635.3009   241      635.1219      635.6942  3246443    0.09%
  46083 30767      635.4666   340      635.1219      635.6940  3253269    0.09%
  46183 30853      635.2956   182      635.1219      635.6938  3261207    0.09%
  46256 30906      635.3587   269      635.1219      635.6938  3268179    0.09%
  46366 30999      635.3477   216      635.1219      635.6935  3276353    0.09%
  46470 31087      635.6811   269      635.1219      635.6934  3283520    0.09%
  46590 31194      635.4910   272      635.1219      635.6931  3291214    0.09%
  46674 31269      635.4652   286      635.1219      635.6930  3298516    0.09%
  46753 31335      635.1648   215      635.1219      635.6930  3306216    0.09%
  46858 31428      635.1450   222      635.1219      635.6928  3313471    0.09%
Elapsed time = 1893.61 sec. (1727692.74 ticks, tree = 589.53 MB, solutions = 19)
  46945 31497      635.1354   165      635.1219      635.6925  3321696    0.09%
  47044 31585      635.2375   229      635.1219      635.6923  3329409    0.09%
  47121 31649      635.3035   270      635.1219      635.6922  3336919    0.09%
  47217 31729      635.3438   203      635.1219      635.6922  3345014    0.09%
  47309 31810      635.3647   217      635.1219      635.6920  3353038    0.09%
  47387 31866      635.2368   199      635.1219      635.6920  3359904    0.09%
  47529 31983      635.6528   296      635.1219      635.6917  3367338    0.09%
  47610 32057      635.3565   235      635.1219      635.6916  3375365    0.09%
  47729 32162      635.5541   248      635.1219      635.6916  3383007    0.09%
  47845 32266      635.4964   318      635.1219      635.6915  3389943    0.09%
Elapsed time = 1932.98 sec. (1766203.47 ticks, tree = 604.78 MB, solutions = 19)
  47910 32313      635.5445   308      635.1219      635.6914  3397424    0.09%
  48005 32395      635.6511   281      635.1219      635.6913  3404445    0.09%
  48125 32496      635.5693   273      635.1219      635.6913  3412389    0.09%
  48221 32571      635.4658   260      635.1219      635.6912  3420065    0.09%
  48343 32676      635.5427   276      635.1219      635.6910  3427149    0.09%
  48420 32747      635.1267   207      635.1219      635.6910  3434760    0.09%
  48512 32821      635.3306   274      635.1219      635.6909  3441850    0.09%
  48580 32874      635.1703   203      635.1219      635.6908  3449149    0.09%
  48702 32968      635.6866   293      635.1219      635.6907  3456263    0.09%
  48764 33025      635.3882   225      635.1219      635.6906  3463659    0.09%
Elapsed time = 1971.68 sec. (1804721.25 ticks, tree = 622.66 MB, solutions = 19)
  48851 33095      635.2592   250      635.1219      635.6904  3471198    0.09%
  48944 33171      635.6081   291      635.1219      635.6903  3479091    0.09%
  49004 33226      635.3296   254      635.1219      635.6903  3486786    0.09%
  49101 33307      635.4925   205      635.1219      635.6901  3493813    0.09%
  49231 33421      635.6021   267      635.1219      635.6901  3501182    0.09%
  49325 33490      635.5515   274      635.1219      635.6900  3509178    0.09%
  49418 33571      635.4561   282      635.1219      635.6897  3516597    0.09%
  49476 33623      635.2876   224      635.1219      635.6896  3523423    0.09%
  49569 33704      635.3810   167      635.1219      635.6894  3531082    0.09%
  49667 33786      635.4509   288      635.1219      635.6893  3538163    0.09%
Elapsed time = 2010.55 sec. (1843407.46 ticks, tree = 635.98 MB, solutions = 19)
  49742 33854      635.1702   204      635.1219      635.6893  3545344    0.09%
  49814 33911      635.4120   241      635.1219      635.6892  3552600    0.09%
  49902 33990      635.6444   292      635.1219      635.6889  3559358    0.09%
  49974 34058      635.2105   157      635.1219      635.6888  3567681    0.09%
  50094 34163      635.2584   166      635.1219      635.6888  3575022    0.09%
  50182 34239      635.2904   236      635.1219      635.6886  3582857    0.09%
  50276 34318      635.3588   233      635.1219      635.6882  3589938    0.09%
  50369 34403      635.2770   210      635.1219      635.6880  3597357    0.09%
  50437 34459      635.5285   263      635.1219      635.6880  3604193    0.09%
  50547 34561      635.1616   111      635.1219      635.6879  3611954    0.09%
Elapsed time = 2049.14 sec. (1881800.70 ticks, tree = 653.63 MB, solutions = 19)
  50655 34649      635.4281   279      635.1219      635.6878  3618927    0.09%
  50740 34718      635.2470   149      635.1219      635.6878  3626348    0.09%
  50868 34836      635.1550   106      635.1219      635.6877  3633383    0.09%
  50970 34926      635.3436   137      635.1219      635.6875  3641220    0.09%
  51092 35031      635.1961   245      635.1219      635.6872  3648750    0.09%
  51186 35112      635.2759   245      635.1219      635.6871  3656292    0.09%
  51279 35188      635.4602   283      635.1219      635.6870  3663724    0.09%
  51379 35275      635.4021   271      635.1219      635.6868  3670823    0.09%
  51446 35331      635.3610   230      635.1219      635.6867  3678788    0.09%
  51553 35422      635.2569   261      635.1219      635.6866  3686373    0.09%
Elapsed time = 2088.42 sec. (1920249.51 ticks, tree = 667.27 MB, solutions = 19)
  51630 35490      635.3177   264      635.1219      635.6864  3693314    0.09%
  51721 35563      635.5820   293      635.1219      635.6862  3700513    0.09%
  51809 35641      635.3458   226      635.1219      635.6862  3708510    0.09%
  51909 35722      635.5348   259      635.1219      635.6861  3715528    0.09%
  51999 35803      635.3948   215      635.1219      635.6859  3723378    0.09%
  52093 35884      635.3698   257      635.1219      635.6858  3730530    0.09%
  52194 35966      635.5138   327      635.1219      635.6855  3737532    0.09%
  52278 36038      635.4086   259      635.1219      635.6854  3745207    0.09%
  52335 36091      635.2452   283      635.1219      635.6851  3751458    0.09%
  52417 36153      635.1626   170      635.1219      635.6848  3758982    0.09%
Elapsed time = 2126.74 sec. (1958727.73 ticks, tree = 682.32 MB, solutions = 19)
  52498 36222      635.2437   227      635.1219      635.6845  3766410    0.09%
  52603 36307      635.6399   329      635.1219      635.6841  3774087    0.09%
  52733 36420      635.5827   295      635.1219      635.6836  3781406    0.09%
  52827 36510      635.1925    73      635.1219      635.6836  3789034    0.09%
  52920 36579      635.5020   294      635.1219      635.6834  3796844    0.09%
  53000 36654      635.1579   118      635.1219      635.6833  3804641    0.09%
  53101 36744      635.4826   263      635.1219      635.6832  3812027    0.09%
  53164 36794      635.4586   239      635.1219      635.6831  3819678    0.09%
  53256 36874      635.3038   281      635.1219      635.6828  3827118    0.09%
  53336 36932      635.4560   246      635.1219      635.6826  3834926    0.09%
Elapsed time = 2165.96 sec. (1997127.52 ticks, tree = 696.97 MB, solutions = 19)
  53447 37033      635.1817   147      635.1219      635.6822  3842258    0.09%
  53534 37093      635.3938   271      635.1219      635.6821  3849376    0.09%
  53644 37190      635.1300   217      635.1219      635.6820  3857013    0.09%
  53746 37277      635.1572   261      635.1219      635.6820  3864691    0.09%
  53833 37348      635.4592   274      635.1219      635.6816  3872299    0.09%
  53988 37471      635.6756   299      635.1219      635.6815  3879002    0.09%
  54052 37530      635.3261   243      635.1219      635.6815  3887272    0.09%
  54157 37617      635.5571   291      635.1219      635.6813  3894695    0.09%
  54230 37681      635.3910   226      635.1219      635.6813  3902184    0.09%
  54321 37753      635.4886   293      635.1219      635.6812  3909382    0.09%
Elapsed time = 2205.41 sec. (2035494.66 ticks, tree = 712.87 MB, solutions = 19)
  54390 37812      635.3033   261      635.1219      635.6811  3916981    0.09%
  54456 37862      635.5148   293      635.1219      635.6810  3924997    0.09%
  54546 37944      635.4510   236      635.1219      635.6809  3932588    0.09%
  54640 38023      635.2623   256      635.1219      635.6809  3939885    0.09%
  54732 38105      635.3932   227      635.1219      635.6807  3947250    0.09%
  54836 38200      635.4302   215      635.1219      635.6805  3954504    0.09%
* 54890+37105                          635.1321      635.6805             0.09%
  54931 37132      635.4851   262      635.1321      635.6804  3960953    0.09%
  55015 37208      635.4442   248      635.1321      635.6804  3967227    0.09%
  55089 37269      635.3788   253      635.1321      635.6803  3974113    0.09%
  55182 37346      635.1388    91      635.1321      635.6803  3979884    0.09%
Elapsed time = 2244.79 sec. (2074128.80 ticks, tree = 703.38 MB, solutions = 20)
  55272 37419      635.1330   154      635.1321      635.6801  3986285    0.09%
  55330 37472      635.2113   208      635.1321      635.6800  3992982    0.09%
  55408 37537      635.2488   180      635.1321      635.6799  3999446    0.09%
  55516 37631      635.2496   239      635.1321      635.6798  4006458    0.09%
  55587 37689      635.3474   251      635.1321      635.6795  4013732    0.09%
  55680 37770      635.2370   215      635.1321      635.6793  4020960    0.09%
  55744 37825      635.3913   215      635.1321      635.6790  4027964    0.09%
  55838 37897      635.3891   216      635.1321      635.6789  4035623    0.09%
  55930 37981      635.2319   184      635.1321      635.6786  4042638    0.09%
  55993 38037      635.1425   163      635.1321      635.6786  4050077    0.09%
Elapsed time = 2283.96 sec. (2112684.11 ticks, tree = 716.93 MB, solutions = 20)
  56086 38106      635.4916   257      635.1321      635.6784  4057160    0.09%
  56220 38229      635.1428    87      635.1321      635.6783  4064088    0.09%
  56302 38293      635.1553   221      635.1321      635.6778  4071395    0.09%
  56437 38409      635.2247   125      635.1321      635.6777  4078190    0.09%
  56548 38502      635.1902   122      635.1321      635.6775  4085424    0.09%
  56653 38596      635.1865   110      635.1321      635.6774  4092349    0.09%
* 56710+32088                          635.1896      635.6772             0.08%
  56760 32132      635.4032   252      635.1896      635.6772  4098727    0.08%
  56827 32184      635.4873   300      635.1896      635.6771  4104923    0.08%
  56890 32238      635.4432   225      635.1896      635.6769  4111151    0.08%
  56996 32318      635.4939   258      635.1896      635.6769  4117471    0.08%
Elapsed time = 2324.54 sec. (2151568.47 ticks, tree = 609.18 MB, solutions = 21)
  57093 32398      635.3874   245      635.1896      635.6767  4124381    0.08%
  57156 32453      635.3900   216      635.1896      635.6766  4131465    0.08%
  57241 32521      635.4549   269      635.1896      635.6764  4138860    0.08%
  57319 32589      635.5201   256      635.1896      635.6763  4145581    0.08%
  57384 32639      635.3653   244      635.1896      635.6763  4152407    0.08%
  57460 32700      635.3779   311      635.1896      635.6762  4159942    0.08%
  57522 32746      635.4232   292      635.1896      635.6761  4167351    0.08%
  57574 32789      635.4468   281      635.1896      635.6759  4173274    0.08%
  57651 32837      635.3472   253      635.1896      635.6759  4180344    0.08%
  57732 32902      635.2499   251      635.1896      635.6757  4187981    0.08%
Elapsed time = 2363.33 sec. (2190288.13 ticks, tree = 618.21 MB, solutions = 21)
  57823 32972      635.3897   242      635.1896      635.6754  4195492    0.08%
  57889 33028        cutoff            635.1896      635.6753  4202626    0.08%
  58001 33118      635.3265   240      635.1896      635.6753  4209772    0.08%
  58071 33174      635.4443   254      635.1896      635.6751  4216631    0.08%
  58156 33247      635.2363   257      635.1896      635.6750  4224386    0.08%
  58225 33301      635.6070   280      635.1896      635.6750  4231475    0.08%
  58323 33388      635.3270   200      635.1896      635.6748  4239060    0.08%
  58404 33445        cutoff            635.1896      635.6747  4246597    0.08%
  58482 33512      635.2021   166      635.1896      635.6745  4254030    0.08%
  58553 33567      635.4060   231      635.1896      635.6744  4261281    0.08%
Elapsed time = 2402.09 sec. (2228536.99 ticks, tree = 633.97 MB, solutions = 21)
  58679 33674      635.6011   276      635.1896      635.6739  4269229    0.08%
  58763 33740      635.4953   219      635.1896      635.6739  4275828    0.08%
  58867 33833      635.2203   251      635.1896      635.6738  4283047    0.08%
  58940 33876      635.5061   257      635.1896      635.6735  4290645    0.08%
  59049 33968      635.1919   297      635.1896      635.6735  4298101    0.08%
  59126 34025      635.3267   162      635.1896      635.6733  4305074    0.08%
  59217 34098      635.4770   310      635.1896      635.6733  4312511    0.08%
  59290 34161      635.1951   164      635.1896      635.6732  4319657    0.08%
  59376 34235      635.4114   242      635.1896      635.6731  4326979    0.08%
  59441 34292      635.2548   246      635.1896      635.6729  4334221    0.08%
Elapsed time = 2441.47 sec. (2267210.77 ticks, tree = 646.14 MB, solutions = 21)
  59507 34340      635.3666   284      635.1896      635.6726  4341350    0.08%
  59581 34400      635.4929   216      635.1896      635.6725  4348373    0.08%
  59695 34497      635.2528   150      635.1896      635.6723  4356256    0.08%
  59783 34565      635.5682   289      635.1896      635.6721  4363015    0.08%
  59863 34636      635.3903   207      635.1896      635.6721  4370499    0.08%
  59965 34725      635.2887   235      635.1896      635.6720  4378126    0.08%
  60068 34817      635.4705   283      635.1896      635.6717  4384840    0.08%
  60128 34867      635.5213   257      635.1896      635.6715  4391883    0.08%
  60230 34951      635.3123   313      635.1896      635.6714  4399200    0.08%
  60316 35014      635.4565   271      635.1896      635.6711  4406207    0.08%
Elapsed time = 2480.65 sec. (2305600.14 ticks, tree = 660.98 MB, solutions = 21)
  60397 35080      635.5548   303      635.1896      635.6710  4414007    0.08%
  60476 35147      635.4211   291      635.1896      635.6709  4421877    0.08%
  60548 35198      635.2177   244      635.1896      635.6708  4429612    0.08%
  60620 35253      635.4986   276      635.1896      635.6705  4437099    0.08%
  60686 35303      635.4241   266      635.1896      635.6702  4444594    0.08%
  60784 35383      635.4312   250      635.1896      635.6702  4451236    0.08%
  60863 35442      635.4055   241      635.1896      635.6701  4458884    0.08%
  60978 35544      635.2613   232      635.1896      635.6700  4465845    0.08%
  61058 35607      635.5376   301      635.1896      635.6697  4473681    0.08%
  61138 35680      635.3643   225      635.1896      635.6697  4481355    0.08%
Elapsed time = 2519.76 sec. (2344111.59 ticks, tree = 675.69 MB, solutions = 21)
  61223 35746      635.5218   296      635.1896      635.6694  4488393    0.08%
  61296 35807      635.3060   226      635.1896      635.6693  4496088    0.08%
  61375 35867      635.2336   189      635.1896      635.6693  4503560    0.08%
  61463 35942      635.3258   267      635.1896      635.6689  4511096    0.08%
  61522 35989      635.4734   259      635.1896      635.6688  4517938    0.08%
  61610 36066      635.2198   214      635.1896      635.6688  4525881    0.08%
  61687 36118      635.3352   321      635.1896      635.6687  4533217    0.08%
  61783 36198      635.5210   262      635.1896      635.6686  4540459    0.08%
  61865 36272      635.5595   234      635.1896      635.6686  4547752    0.08%
  61977 36368      635.2534   240      635.1896      635.6685  4554973    0.08%
Elapsed time = 2558.86 sec. (2382629.31 ticks, tree = 688.26 MB, solutions = 21)
  62042 36422      635.1937   222      635.1896      635.6684  4562411    0.08%
  62164 36525      635.4810   314      635.1896      635.6683  4569869    0.08%
  62223 36576      635.4720   216      635.1896      635.6682  4576848    0.08%
  62295 36626      635.5755   272      635.1896      635.6681  4584551    0.08%
  62389 36707      635.3011   310      635.1896      635.6681  4591698    0.08%
  62455 36760      635.3817   292      635.1896      635.6680  4598599    0.08%
  62519 36812      635.4197   268      635.1896      635.6679  4606517    0.08%
  62603 36877      635.4355   298      635.1896      635.6679  4613875    0.08%
  62699 36964      635.4459   247      635.1896      635.6678  4621397    0.08%
  62780 37028      635.3793   225      635.1896      635.6677  4629157    0.08%
Elapsed time = 2598.10 sec. (2421426.92 ticks, tree = 702.45 MB, solutions = 21)
  62859 37087      635.3705   294      635.1896      635.6676  4636741    0.08%
  62941 37152      635.5595   284      635.1896      635.6674  4644418    0.08%
  63021 37219      635.2765   231      635.1896      635.6674  4652429    0.08%
  63090 37279      635.2673   165      635.1896      635.6674  4659453    0.08%
  63157 37327      635.2471   264      635.1896      635.6673  4666712    0.08%
  63238 37393      635.3779   219      635.1896      635.6671  4673919    0.08%
  63330 37469      635.2827   236      635.1896      635.6670  4681726    0.08%
  63382 37501      635.5987   272      635.1896      635.6668  4688806    0.08%
  63494 37602      635.1998    91      635.1896      635.6668  4695838    0.08%
  63616 37708      635.5319   298      635.1896      635.6667  4702940    0.08%
Elapsed time = 2637.21 sec. (2460046.70 ticks, tree = 716.91 MB, solutions = 21)
  63670 37754      635.3606   254      635.1896      635.6666  4710220    0.08%
  63766 37836      635.5408   313      635.1896      635.6665  4717484    0.08%
  63827 37887      635.3958   264      635.1896      635.6663  4724929    0.08%
  63908 37953      635.5248   298      635.1896      635.6662  4732612    0.08%
  63977 38007      635.3831   253      635.1896      635.6661  4740011    0.08%
  64077 38097      635.2444    74      635.1896      635.6660  4747754    0.07%
  64160 38166      635.2957   237      635.1896      635.6660  4755549    0.07%
  64242 38239      635.3238   203      635.1896      635.6659  4763045    0.07%
  64309 38294      635.2656   243      635.1896      635.6658  4770154    0.07%
  64380 38342      635.5682   270      635.1896      635.6657  4777315    0.07%
Elapsed time = 2676.24 sec. (2498708.01 ticks, tree = 726.63 MB, solutions = 21)
  64447 38396      635.5655   285      635.1896      635.6657  4784785    0.07%
  64546 38480      635.2424   226      635.1896      635.6656  4792359    0.07%
  64619 38534      635.3263   262      635.1896      635.6655  4799301    0.07%
  64698 38599      635.3275   244      635.1896      635.6654  4806210    0.07%
  64773 38663      635.2442   205      635.1896      635.6653  4813515    0.07%
  64865 38740      635.5309   250      635.1896      635.6649  4820826    0.07%
  64963 38824      635.4612   235      635.1896      635.6648  4827570    0.07%
  65050 38902      635.2072   196      635.1896      635.6648  4834920    0.07%
  65103 38935      635.3134   248      635.1896      635.6647  4841977    0.07%
  65196 39019      635.3774   223      635.1896      635.6644  4849328    0.07%
Elapsed time = 2715.18 sec. (2537161.66 ticks, tree = 736.24 MB, solutions = 21)
  65274 39081      635.5244   270      635.1896      635.6642  4856849    0.07%
  65376 39171      635.3910   282      635.1896      635.6642  4864011    0.07%
  65442 39229      635.3238   295      635.1896      635.6640  4871020    0.07%
  65516 39287      635.4743   234      635.1896      635.6639  4877760    0.07%
  65655 39405      635.1996   260      635.1896      635.6638  4885641    0.07%
  65736 39469      635.4489   285      635.1896      635.6637  4892577    0.07%
  65807 39532      635.3374   282      635.1896      635.6636  4899804    0.07%
  65885 39583      635.2899   296      635.1896      635.6636  4906823    0.07%
  65960 39647      635.2489   200      635.1896      635.6635  4914267    0.07%
  66026 39703      635.2424   198      635.1896      635.6634  4921727    0.07%
Elapsed time = 2754.23 sec. (2575739.11 ticks, tree = 749.29 MB, solutions = 21)
  66107 39770      635.4342   293      635.1896      635.6633  4928877    0.07%
  66171 39823      635.3823   178      635.1896      635.6632  4936199    0.07%
  66275 39915      635.5397   316      635.1896      635.6629  4943313    0.07%
  66333 39960      635.4353   217      635.1896      635.6629  4950041    0.07%
  66433 40039      635.4020   283      635.1896      635.6627  4957451    0.07%
  66508 40092      635.3254   195      635.1896      635.6626  4965055    0.07%
  66594 40163      635.5426   259      635.1896      635.6624  4972323    0.07%
  66686 40239      635.2530   231      635.1896      635.6623  4980216    0.07%
  66780 40317      635.2451   252      635.1896      635.6622  4987341    0.07%
  66881 40404      635.2509   103      635.1896      635.6621  4994321    0.07%
Elapsed time = 2793.42 sec. (2614244.56 ticks, tree = 761.89 MB, solutions = 21)
  66970 40478      635.2459   226      635.1896      635.6620  5001682    0.07%
  67054 40538      635.4666   241      635.1896      635.6618  5009167    0.07%
  67165 40630      635.2874   223      635.1896      635.6617  5016267    0.07%
  67247 40695      635.3750   255      635.1896      635.6616  5023152    0.07%
  67334 40761      635.6035   292      635.1896      635.6615  5030864    0.07%
  67426 40843      635.5071   259      635.1896      635.6614  5037952    0.07%
  67527 40928      635.3620   213      635.1896      635.6613  5045291    0.07%
  67619 41007      635.4136   295      635.1896      635.6613  5052696    0.07%
  67684 41063      635.2502   230      635.1896      635.6612  5060237    0.07%
  67774 41144      635.2733   137      635.1896      635.6611  5067328    0.07%
Elapsed time = 2832.87 sec. (2652663.51 ticks, tree = 776.77 MB, solutions = 21)
  67869 41213      635.3613   280      635.1896      635.6609  5074529    0.07%
  67975 41302      635.6111   246      635.1896      635.6607  5082060    0.07%
  68068 41375      635.4238   266      635.1896      635.6606  5089520    0.07%
  68162 41458      635.4795   242      635.1896      635.6605  5096385    0.07%
  68284 41558      635.2426   231      635.1896      635.6605  5103980    0.07%
  68362 41613      635.2186   261      635.1896      635.6601  5111670    0.07%
  68433 41672      635.2375   237      635.1896      635.6600  5119077    0.07%
  68524 41748      635.4626   285      635.1896      635.6597  5126707    0.07%
  68570 41784      635.6495   328      635.1896      635.6596  5133167    0.07%
  68656 41861      635.2024   130      635.1896      635.6596  5140585    0.07%
Elapsed time = 2872.32 sec. (2691102.77 ticks, tree = 791.28 MB, solutions = 21)
  68742 41935      635.1930   196      635.1896      635.6595  5148281    0.07%
  68810 41987      635.2360   194      635.1896      635.6594  5155648    0.07%
  68892 42051      635.4656   263      635.1896      635.6593  5163573    0.07%
  68969 42115      635.5094   246      635.1896      635.6592  5171157    0.07%
  69058 42196      635.1949   238      635.1896      635.6591  5178799    0.07%
  69141 42266      635.4067   273      635.1896      635.6591  5185823    0.07%
  69250 42364      635.4747   240      635.1896      635.6590  5193121    0.07%
  69328 42422      635.5215   289      635.1896      635.6589  5200986    0.07%
  69396 42482      635.2253   216      635.1896      635.6589  5208787    0.07%
  69489 42553      635.5181   314      635.1896      635.6587  5216235    0.07%
Elapsed time = 2911.82 sec. (2729748.51 ticks, tree = 803.23 MB, solutions = 21)
  69565 42617      635.2402   245      635.1896      635.6586  5223073    0.07%
  69661 42692      635.2059   103      635.1896      635.6585  5230100    0.07%
  69735 42737      635.4115   285      635.1896      635.6585  5237498    0.07%
  69801 42789      635.4381   300      635.1896      635.6584  5245669    0.07%
  69888 42864      635.4939   260      635.1896      635.6584  5253346    0.07%
  69980 42944      635.2487   173      635.1896      635.6583  5260484    0.07%
  70042 42987      635.2065   229      635.1896      635.6582  5268028    0.07%
  70138 43065      635.2935   280      635.1896      635.6581  5275402    0.07%
  70227 43139      635.3884   196      635.1896      635.6580  5283793    0.07%
  70328 43225      635.2431   217      635.1896      635.6579  5290375    0.07%
Elapsed time = 2951.44 sec. (2768380.62 ticks, tree = 817.34 MB, solutions = 21)
  70389 43277      635.2068   230      635.1896      635.6578  5297713    0.07%
  70491 43357      635.5719   276      635.1896      635.6576  5304834    0.07%
  70583 43436      635.3573   241      635.1896      635.6575  5312319    0.07%
  70651 43487      635.5512   281      635.1896      635.6574  5319594    0.07%
  70714 43542      635.4485   240      635.1896      635.6574  5327201    0.07%
  70794 43600      635.3633   266      635.1896      635.6572  5335043    0.07%
  70892 43685      635.4880   298      635.1896      635.6570  5342471    0.07%
  70979 43753      635.2368   201      635.1896      635.6570  5350394    0.07%
  71059 43817      635.3577   257      635.1896      635.6567  5358192    0.07%
  71148 43886      635.6155   265      635.1896      635.6565  5365751    0.07%
Elapsed time = 2991.17 sec. (2807162.96 ticks, tree = 832.49 MB, solutions = 21)
  71264 43990      635.6533   315      635.1896      635.6565  5372540    0.07%
  71334 44048      635.3220   241      635.1896      635.6565  5380259    0.07%
  71425 44125      635.2705   224      635.1896      635.6563  5387203    0.07%
  71497 44184      635.2745   210      635.1896      635.6562  5394182    0.07%
  71573 44252      635.2013   196      635.1896      635.6562  5401371    0.07%
  71672 44327      635.5201   308      635.1896      635.6560  5408524    0.07%
  71761 44406      635.3885   232      635.1896      635.6559  5415874    0.07%
  71847 44469      635.2493   277      635.1896      635.6558  5423299    0.07%
  71947 44557      635.1955   135      635.1896      635.6557  5430634    0.07%
  72031 44617      635.2508   204      635.1896      635.6557  5437739    0.07%
Elapsed time = 3030.65 sec. (2845561.61 ticks, tree = 848.44 MB, solutions = 21)
  72089 44662      635.4922   298      635.1896      635.6556  5445089    0.07%
  72210 44760      635.3346   223      635.1896      635.6556  5452193    0.07%
  72317 44852      635.3266   225      635.1896      635.6555  5459224    0.07%
  72409 44915      635.5160   283      635.1896      635.6554  5466785    0.07%
  72494 44983      635.3146   247      635.1896      635.6554  5474477    0.07%
  72618 45087      635.5836   309      635.1896      635.6552  5481782    0.07%
  72701 45157      635.4880   311      635.1896      635.6552  5488998    0.07%
  72795 45238      635.1935   105      635.1896      635.6550  5496737    0.07%
  72838 45271      635.2143   230      635.1896      635.6550  5504013    0.07%
  72912 45324      635.4334   222      635.1896      635.6549  5511701    0.07%
Elapsed time = 3070.38 sec. (2884193.63 ticks, tree = 866.79 MB, solutions = 21)
  73011 45405      635.3237   227      635.1896      635.6549  5518767    0.07%
  73118 45497      635.4112   268      635.1896      635.6547  5525858    0.07%
  73192 45556      635.4245   211      635.1896      635.6547  5533151    0.07%
  73291 45639      635.6154   274      635.1896      635.6546  5540175    0.07%
  73369 45706      635.2243   218      635.1896      635.6546  5547763    0.07%
  73453 45772      635.2604   217      635.1896      635.6545  5555190    0.07%
  73511 45811      635.5648   336      635.1896      635.6545  5562501    0.07%
  73603 45890      635.5522   231      635.1896      635.6544  5569579    0.07%
  73711 45990      635.3389   273      635.1896      635.6544  5577262    0.07%
  73804 46062      635.4234   289      635.1896      635.6543  5585003    0.07%
Elapsed time = 3109.02 sec. (2922558.57 ticks, tree = 880.50 MB, solutions = 21)
  73872 46113      635.3374   249      635.1896      635.6542  5592356    0.07%
  73948 46180      635.2543   178      635.1896      635.6542  5599932    0.07%
  74026 46241      635.4417   258      635.1896      635.6541  5607152    0.07%
  74111 46311      635.5398   283      635.1896      635.6541  5614229    0.07%
  74193 46379      635.4834   271      635.1896      635.6540  5622029    0.07%
  74285 46453      635.4371   292      635.1896      635.6538  5629320    0.07%
  74360 46516      635.2039   309      635.1896      635.6538  5636315    0.07%
  74455 46597      635.5170   263      635.1896      635.6537  5643485    0.07%
  74543 46672      635.4422   238      635.1896      635.6536  5650902    0.07%
  74653 46770      635.2185   170      635.1896      635.6535  5658275    0.07%
Elapsed time = 3147.57 sec. (2961096.72 ticks, tree = 897.17 MB, solutions = 21)
  74702 46810      635.2088   230      635.1896      635.6535  5665204    0.07%
  74806 46897      635.3469   255      635.1896      635.6534  5671938    0.07%
  74910 46989      635.3231   259      635.1896      635.6533  5679457    0.07%
  74985 47048      635.2100   234      635.1896      635.6533  5686921    0.07%
  75071 47122      635.4530   252      635.1896      635.6531  5694815    0.07%
  75154 47190      635.2893   152      635.1896      635.6531  5702552    0.07%
  75248 47264      635.3178   243      635.1896      635.6529  5709614    0.07%
  75327 47328      635.4942   298      635.1896      635.6528  5716865    0.07%
  75386 47379      635.3838   286      635.1896      635.6527  5724313    0.07%
  75472 47444      635.4259   270      635.1896      635.6526  5730982    0.07%
Elapsed time = 3185.87 sec. (2999544.32 ticks, tree = 908.03 MB, solutions = 21)
  75547 47505      635.4922   275      635.1896      635.6525  5738650    0.07%
  75607 47548      635.4687   306      635.1896      635.6525  5746573    0.07%
  75675 47607      635.3405   280      635.1896      635.6524  5754276    0.07%
  75740 47654      635.4350   259      635.1896      635.6523  5761664    0.07%
  75812 47717      635.3560   260      635.1896      635.6522  5768530    0.07%
  75895 47787      635.2253   240      635.1896      635.6520  5775726    0.07%
  75954 47834      635.3247   286      635.1896      635.6519  5782817    0.07%
  76083 47931      635.4043   293      635.1896      635.6518  5790288    0.07%
  76159 47992      635.3029   285      635.1896      635.6517  5797433    0.07%
  76264 48079      635.4373   314      635.1896      635.6516  5805520    0.07%
Elapsed time = 3224.20 sec. (3038182.27 ticks, tree = 919.73 MB, solutions = 21)
  76357 48150      635.4868   272      635.1896      635.6514  5812660    0.07%
  76444 48227      635.2232   131      635.1896      635.6513  5819566    0.07%
  76521 48292      635.1982   109      635.1896      635.6512  5826796    0.07%
  76611 48365      635.2028   148      635.1896      635.6511  5834260    0.07%
  76661 48404      635.2358   244      635.1896      635.6511  5841508    0.07%
Starting limited solution polishing.
  76739 48470      635.3478   221      635.1896      635.6510  5849274    0.07%
  76817 48535      635.6171   286      635.1896      635.6509  5857238    0.07%
  76895 48605      635.2828   261      635.1896      635.6508  5864137    0.07%
  76976 48670      635.3477   214      635.1896      635.6507  5871618    0.07%
  77058 48741      635.3092   228      635.1896      635.6507  5877987    0.07%
Elapsed time = 3262.46 sec. (3076574.85 ticks, tree = 926.07 MB, solutions = 21)
  77121 48794        cutoff            635.1896      635.6506  5884481    0.07%
  77202 48851      635.3984   298      635.1896      635.6504  5891066    0.07%
  77277 48914      635.2922   228      635.1896      635.6502  5898903    0.07%
  77360 48985      635.3945   178      635.1896      635.6501  5904826    0.07%
  77447 49062      635.2733   275      635.1896      635.6500  5911074    0.07%
  77491 49099      635.3778   280      635.1896      635.6499  5916907    0.07%
  77571 49162      635.1964   313      635.1896      635.6498  5924368    0.07%
  77631 49208      635.3477   285      635.1896      635.6497  5930218    0.07%
  77704 49265      635.4139   257      635.1896      635.6497  5936727    0.07%
  77789 49335      635.5099   329      635.1896      635.6496  5944392    0.07%
Elapsed time = 3300.81 sec. (3115056.90 ticks, tree = 935.34 MB, solutions = 21)
  77856 49385      635.2524   233      635.1896      635.6494  5950896    0.07%
  77937 49452      635.5870   280      635.1896      635.6493  5956921    0.07%
  77990 49498      635.2535   200      635.1896      635.6493  5963107    0.07%
  78067 49561      635.2046   247      635.1896      635.6492  5971087    0.07%
  78120 49601      635.3067   268      635.1896      635.6491  5977584    0.07%
  78188 49653      635.4234   297      635.1896      635.6490  5985100    0.07%
  78233 49688      635.5123   245      635.1896      635.6489  5990358    0.07%
  78310 49756      635.1955   194      635.1896      635.6488  5996973    0.07%
  78380 49812      635.4614   304      635.1896      635.6487  6004412    0.07%
  78452 49874      635.2604   161      635.1896      635.6486  6010946    0.07%
Elapsed time = 3339.17 sec. (3153605.84 ticks, tree = 946.06 MB, solutions = 21)
  78519 49927      635.4945   215      635.1896      635.6486  6016499    0.07%
* 78560+36666                          635.2681      635.6486             0.06%
  78600 36696      635.3887   260      635.2681      635.6486  6021984    0.06%
  78673 36761      635.4048   271      635.2681      635.6485  6027751    0.06%
  78740 36811      635.3951   298      635.2681      635.6484  6033479    0.06%
  78790 36844      635.3516   307      635.2681      635.6483  6040632    0.06%
  78888 36921      635.5492   278      635.2681      635.6482  6047004    0.06%
  78930 36949      635.4300   283      635.2681      635.6482  6052130    0.06%
  78996 37006      635.3239   163      635.2681      635.6481  6057724    0.06%
  79074 37061      635.3520   279      635.2681      635.6480  6065637    0.06%
  79135 37102        cutoff            635.2681      635.6480  6071791    0.06%
Elapsed time = 3378.90 sec. (3193062.83 ticks, tree = 701.72 MB, solutions = 22)
  79212 37162      635.5067   299      635.2681      635.6478  6077900    0.06%
  79266 37207      635.2824   261      635.2681      635.6476  6085020    0.06%
  79321 37246      635.2719   242      635.2681      635.6475  6090096    0.06%
  79385 37288      635.3094   252      635.2681      635.6473  6097129    0.06%
  79439 37330      635.3287   250      635.2681      635.6472  6103116    0.06%
  79490 37369      635.3055   245      635.2681      635.6470  6109491    0.06%
  79538 37396      635.5841   279      635.2681      635.6470  6116221    0.06%
  79595 37443      635.3449   238      635.2681      635.6469  6121973    0.06%
  79653 37492      635.2950   183      635.2681      635.6469  6128492    0.06%
  79721 37552      635.2855   213      635.2681      635.6468  6134175    0.06%
Elapsed time = 3417.00 sec. (3231801.15 ticks, tree = 709.92 MB, solutions = 22)
  79781 37598      635.3188   250      635.2681      635.6468  6140956    0.06%
  79885 37676      635.4239   276      635.2681      635.6467  6147317    0.06%
  79923 37705        cutoff            635.2681      635.6467  6153027    0.06%
  79990 37756      635.3480   252      635.2681      635.6466  6160489    0.06%
  80058 37811      635.3800   151      635.2681      635.6466  6167685    0.06%
  80133 37871      635.5427   270      635.2681      635.6465  6173311    0.06%
  80190 37915      635.3328   209      635.2681      635.6464  6179038    0.06%
  80256 37966      635.4222   326      635.2681      635.6463  6185941    0.06%
  80336 38030      635.2795   214      635.2681      635.6463  6192363    0.06%
  80402 38084      635.3144   205      635.2681      635.6462  6198149    0.06%
Elapsed time = 3456.09 sec. (3271154.18 ticks, tree = 720.99 MB, solutions = 22)
  80459 38116      635.4776   227      635.2681      635.6462  6204934    0.06%
  80527 38170      635.4216   257      635.2681      635.6462  6211762    0.06%
  80590 38214      635.3307   213      635.2681      635.6460  6218433    0.06%
  80647 38253      635.3941   220      635.2681      635.6460  6225975    0.06%
  80701 38299      635.3394   221      635.2681      635.6459  6231307    0.06%
  80780 38362      635.5233   298      635.2681      635.6457  6238434    0.06%
  80830 38404      635.4900   257      635.2681      635.6456  6242964    0.06%
  80912 38465      635.5466   275      635.2681      635.6455  6249980    0.06%
  80971 38511      635.3723   256      635.2681      635.6453  6257287    0.06%
  81030 38554      635.5822   272      635.2681      635.6453  6262263    0.06%
Elapsed time = 3494.30 sec. (3310252.18 ticks, tree = 731.16 MB, solutions = 22)
  81090 38598      635.4678   268      635.2681      635.6452  6268230    0.06%
  81172 38666      635.3170   216      635.2681      635.6450  6275327    0.06%
  81205 38688      635.4023   230      635.2681      635.6450  6280600    0.06%
  81290 38762      635.3065   173      635.2681      635.6450  6286658    0.06%
  81361 38812      635.3957   195      635.2681      635.6448  6294089    0.06%
  81427 38861      635.4114   260      635.2681      635.6447  6299916    0.06%
  81495 38908      635.6109   278      635.2681      635.6443  6306554    0.06%
  81563 38958      635.5897   308      635.2681      635.6442  6313758    0.06%
  81639 39018      635.6051   282      635.2681      635.6441  6321054    0.06%
  81696 39060      635.4438   264      635.2681      635.6440  6326489    0.06%
Elapsed time = 3533.31 sec. (3349584.81 ticks, tree = 742.00 MB, solutions = 22)
  81789 39135      635.3625   251      635.2681      635.6440  6333774    0.06%
  81857 39180      635.4334   245      635.2681      635.6439  6340524    0.06%
  81906 39220      635.4439   336      635.2681      635.6439  6346123    0.06%
  81972 39274      635.4508   261      635.2681      635.6438  6353415    0.06%
  82033 39327      635.3744   201      635.2681      635.6438  6360332    0.06%
  82100 39382      635.3205   174      635.2681      635.6437  6365583    0.06%
  82172 39428      635.4985   298      635.2681      635.6436  6372866    0.06%
  82219 39461      635.4795   264      635.2681      635.6434  6379167    0.06%
  82286 39508      635.2741   269      635.2681      635.6433  6386795    0.06%
  82354 39565      635.3172   225      635.2681      635.6432  6392606    0.06%
Elapsed time = 3571.65 sec. (3388116.92 ticks, tree = 751.13 MB, solutions = 22)
  82422 39616      635.4674   267      635.2681      635.6431  6399318    0.06%
  82490 39668      635.3294   216      635.2681      635.6430  6406311    0.06%
  82571 39727      635.5316   229      635.2681      635.6428  6414344    0.06%
  82660 39801      635.5180   326      635.2681      635.6428  6421267    0.06%
  82715 39841      635.4474   233      635.2681      635.6426  6427123    0.06%
  82790 39895      635.4935   262      635.2681      635.6425  6434312    0.06%
  82883 39972      635.5784   304      635.2681      635.6424  6442105    0.06%

Flow cuts applied:  16
Mixed integer rounding cuts applied:  128
Lift and project cuts applied:  18
Gomory fractional cuts applied:  7
User cuts applied:  1677

Root node processing (before b&c):
  Real time             =    6.59 sec. (2761.60 ticks)
Sequential b&c:
  Real time             = 3593.41 sec. (3413403.32 ticks)
                          ------------
Total (root+branch&cut) = 3600.00 sec. (3416164.93 ticks)
|V|                                     700
K                                       140
theta                                   0.20
r                                       1
R                                       20
prob_func                               facility_mixture
mixture_low_share                       0.500000
mixture_low_interval                    [0.001000, 0.010000]
mixture_high_interval                   [0.100000, 0.500000]
mixture_seed                            1
#C1                                     902
#CP                                     59830

@Parameters: 
am_callback_heuristic                   false
am_local_search                         true
am_start_heuristic                      false
colocation                              true
comp                                    false
cutC                                    true
cutC_init                               false
cutF                                    true
cutF_init                               false
cutF_stable                             false
cutF_wrong                              false
cutLocal                                false
cutM                                    true
cutM_init                               true
cutM_stable                             false
cutP                                    true
cutP_init                               false
cutP_stable                             false
init                                    true
init_cutF_zero                          false
init_val_greedy                         true
is_Euclidean                            false
is_local_search                         true
is_right_cutP                           true
is_root                                 false
is_silent                               false
is_start                                false
mycut                                   false
pmed                                    false
pre                                     true
stable_root                             false
str                                     true
two_phase                               false
ubstr                                   false
mode                                    Int

am_callback_node_space                  50
init                                    0
mixture_seed                            1
node_space                              5
nodelimit                               -1
nsepa                                   1
strF                                    0
type_delta                              0

EPS                                     0.001000
EPS_FRAC                                0.00
gap                                     0.00
mixture_high_max                        0.50
mixture_high_min                        0.10
mixture_low_max                         0.01
mixture_low_min                         0.00
mixture_low_share                       0.50
timelimit                               3600.00

Number of Closed Sites: 5 / 700 
Number of Confined Sites-1: 5 / 695 
Number of Confined Sites-k: 690 / 4343 
Preprocess Time: 1.57 + 0.00 sec

Solve Time: 3600.00
Number of Nodes: 82889
Termination Status: TIME_LIMIT

CutInfo: [phase] num / time (sec) / aver. num_nonzero
max              [LP]     0 / 0.00 / 0.00 [init]   537 / 0.01 / 1.50 [rLC]   423 / 0.01 / 5.29 [rUC]   593 / 0.10 / 2.86 [sLC]     4 / 0.21 / 5.75 [sUC]   298 / 2.03 / 3.38 
prod_oa          [LP]     0 / 0.00 / 0.00 [init]   257 / 0.02 / 44.64 [rLC]   458 / 0.03 / 79.85 [rUC]   612 / 0.38 / 51.85 [sLC]   206 / 0.80 / 41.95 [sUC]   946 / 7.90 / 43.69 
prod_sm_fixed    [LP]     0 / 0.00 / 0.00 [init]     0 / 0.00 / 0.00 [rLC]     0 / 0.00 / 0.00 [rUC]     0 / 0.00 / 0.00 [sLC]     0 / 0.00 / 0.00 [sUC]     0 / 0.00 / 0.00 
prod_bin         [LP]     0 / 0.00 / 0.00 [init]     0 / 0.00 / 0.00 [rLC]     0 / 0.00 / 0.00 [rUC]     0 / 0.00 / 0.00 [sLC]     0 / 0.00 / 0.00 [sUC]     0 / 0.00 / 0.00 
prod_local       [LP]     0 / 0.00 / 0.00 [init]     0 / 0.00 / 0.00 [rLC]     0 / 0.00 / 0.00 [rUC]     0 / 0.00 / 0.00 [sLC]     0 / 0.00 / 0.00 [sUC]     0 / 0.00 / 0.00 
prod_sm_C        [LP]     0 / 0.00 / 0.00 [init]     0 / 0.09 / 0.00 [rLC]     0 / 0.41 / 0.00 [rUC]   632 / 2.80 / 47.61 [sLC]     0 / 4.25 / 0.00 [sUC]  1228 / 54.17 / 60.19 
facet            [LP]     0 / 0.00 / 0.00 [init]     0 / 0.00 / 0.00 [rLC]     0 / 0.00 / 0.00 [rUC]   625 / 0.00 / 0.00 [sLC]     0 / 0.00 / 0.00 [sUC]  1224 / 0.00 / 0.00 
Separation Round:   [LP] 0  [init] 1  [rLC] 2  [rUC] 21  [sLC] 45  [sUC] 156590  
Root Best Bound 636.601934
Root Best Integer: 634.208784
Best Bound: 635.642436
Best Integer: 635.268082
1: 1, 2, 6, 10, 16, 23, 26, 27, 28, 38, 44, 49, 50, 56, 57, 77, 81, 84, 85, 103, 108, 116, 124, 125, 130, 143, 158, 174, 179, 181, 191, 193, 194, 196, 199, 217, 220, 224, 233, 238, 239, 252, 253, 255, 258, 260, 261, 263, 265, 277, 280, 302, 315, 317, 318, 319, 324, 336, 337, 338, 341, 342, 345, 352, 357, 358, 363, 364, 370, 373, 414, 425, 428, 430, 435, 456, 457, 463, 471, 476, 488, 490, 493, 506, 509, 519, 534, 539, 547, 553, 564, 565, 576, 577, 597, 598, 606, 613, 617, 621, 642, 645, 650, 654, 664, 670, 676, 678, 682, 692, 694, 700
2: 94, 171, 448, 485, 537
3: 197, 202, 218
4: 503
5: 329
Objective Value (calc): 635.219301
sum_etaM = 416.990141 / 416.990141
sum_etaP = 689.837567 / 689.776591
nL: 122
nCL: 10
mCL: 5
