Version identifier: 20.1.0.0 | 2020-11-10 | 9bedb6d68
CPXPARAM_Threads                                 1
CPXPARAM_TimeLimit                               3600
CPXPARAM_MIP_Tolerances_MIPGap                   0
Generic callback                                 0x60
1 of 1 MIP starts provided solutions.
MIP start 'm1' defined initial solution with objective 330.4651.
Tried aggregator 2 times.
MIP Presolve eliminated 16 rows and 10 columns.
Aggregator did 6 substitutions.
Reduced MIP has 2341 rows, 2384 columns, and 38686 nonzeros.
Reduced MIP has 595 binaries, 589 generals, 0 SOSs, and 0 indicators.
Presolve time = 0.02 sec. (13.37 ticks)
Probing time = 0.00 sec. (1.90 ticks)
Tried aggregator 1 time.
Reduced MIP has 2341 rows, 2384 columns, and 38686 nonzeros.
Reduced MIP has 595 binaries, 589 generals, 0 SOSs, and 0 indicators.
Presolve time = 0.01 sec. (7.80 ticks)
Probing time = 0.00 sec. (1.90 ticks)
MIP emphasis: balance optimality and feasibility.
MIP search method: dynamic search.
Parallel mode: none, using 1 thread.
Root relaxation solution time = 0.15 sec. (183.09 ticks)

        Nodes                                         Cuts/
   Node  Left     Objective  IInf  Best Integer    Best Bound    ItCnt     Gap

*     0+    0                          330.4651      600.0000            81.56%
      0     0      350.1191    15      330.4651      350.1191     2458    5.95%
      0     0      334.9949    37      330.4651     Cuts: 356     2843    1.37%
      0     0      334.1355    36      330.4651     Cuts: 140     2986    1.11%

Repeating presolve.
Tried aggregator 1 time.
MIP Presolve eliminated 1107 rows and 990 columns.
MIP Presolve modified 164 coefficients.
Reduced MIP has 1234 rows, 1394 columns, and 13301 nonzeros.
Reduced MIP has 145 binaries, 95 generals, 0 SOSs, and 0 indicators.
Presolve time = 0.01 sec. (7.39 ticks)
Probing time = 0.00 sec. (0.65 ticks)
Tried aggregator 1 time.
Reduced MIP has 1234 rows, 1394 columns, and 13301 nonzeros.
Reduced MIP has 145 binaries, 95 generals, 0 SOSs, and 0 indicators.
Presolve time = 0.00 sec. (3.01 ticks)
Represolve time = 0.02 sec. (19.40 ticks)
Probing time = 0.00 sec. (0.65 ticks)
MIP emphasis: balance optimality and feasibility.
MIP search method: dynamic search.
Parallel mode: none, using 1 thread.
Root relaxation solution time = 0.13 sec. (157.56 ticks)

        Nodes                                         Cuts/
   Node  Left     Objective  IInf  Best Integer    Best Bound    ItCnt     Gap

*     0+    0                          330.4651      334.1355             1.11%
      0     0      334.1355    36      330.4651      334.1355     4895    1.11%
      0     0      333.7114    44      330.4651     Cuts: 120     5067    0.98%
      0     0      333.6464    41      330.4651      Cuts: 50     5138    0.96%
      0     0      333.4386    30      330.4651      Cuts: 62     5197    0.90%
      0     0      333.2441    43      330.4651      Cuts: 48     5300    0.84%
      0     0      332.9196    43      330.4651      Cuts: 68     5394    0.74%
      0     0      332.8171    30      330.4651      Cuts: 32     5452    0.71%
      0     0      332.7902    32      330.4651      Cuts: 57     5490    0.70%
      0     0      332.7745    32      330.4651      Cuts: 10     5510    0.70%
      0     0      332.7620    40      330.4651      Cuts: 14     5536    0.70%
      0     2      332.7158    38      330.4651      332.6977     5536    0.68%
Elapsed time = 1.29 sec. (1007.73 ticks, tree = 0.01 MB, solutions = 1)
     20    16      330.6437    24      330.4651      332.6365     7937    0.66%
     43    29      331.3898     9      330.4651      332.2845    10168    0.55%
     71    41      331.8401    37      330.4651      332.1838    12641    0.52%
     93    51      331.0213    21      330.4651      332.1474    15037    0.51%
    110    58      331.4085    35      330.4651      332.0727    16942    0.49%
    139    67      331.1606    14      330.4651      331.9842    19717    0.46%
    171    69      330.7442    14      330.4651      331.8848    22212    0.43%
    194    70      331.6482    23      330.4651      331.8135    24273    0.41%
    219    79      331.0620    23      330.4651      331.7453    26439    0.39%
    310    70      330.6197    34      330.4651      331.2084    35289    0.22%
Elapsed time = 6.13 sec. (4262.01 ticks, tree = 0.08 MB, solutions = 1)

Flow cuts applied:  32
Mixed integer rounding cuts applied:  165
Lift and project cuts applied:  1
Gomory fractional cuts applied:  3
User cuts applied:  1017

Root node processing (before b&c):
  Real time             =    1.29 sec. (1006.44 ticks)
Sequential b&c:
  Real time             =    5.41 sec. (3800.83 ticks)
                          ------------
Total (root+branch&cut) =    6.70 sec. (4807.27 ticks)
|V|                                     600
K                                       10
theta                                   0.20
r                                       1
R                                       20
prob_func                               facility_mixture
mixture_low_share                       0.100000
mixture_low_interval                    [0.001000, 0.010000]
mixture_high_interval                   [0.100000, 0.500000]
mixture_seed                            1
#C1                                     746
#CP                                     33786

@Parameters: 
am_callback_heuristic                   false
am_local_search                         true
am_start_heuristic                      false
colocation                              true
comp                                    false
cutC                                    true
cutC_init                               false
cutF                                    false
cutF_init                               false
cutF_stable                             false
cutF_wrong                              false
cutLocal                                false
cutM                                    true
cutM_init                               true
cutM_stable                             false
cutP                                    true
cutP_init                               false
cutP_stable                             false
init                                    true
init_cutF_zero                          false
init_val_greedy                         true
is_Euclidean                            false
is_local_search                         false
is_right_cutP                           true
is_root                                 false
is_silent                               false
is_start                                false
mycut                                   false
pmed                                    false
pre                                     true
stable_root                             false
str                                     true
two_phase                               false
ubstr                                   false
mode                                    Int

am_callback_node_space                  50
init                                    0
mixture_seed                            1
node_space                              5
nodelimit                               -1
nsepa                                   1
strF                                    0
type_delta                              0

EPS                                     0.001000
EPS_FRAC                                0.00
gap                                     0.00
mixture_high_max                        0.50
mixture_high_min                        0.10
mixture_low_max                         0.01
mixture_low_min                         0.00
mixture_low_share                       0.10
timelimit                               3600.00

Number of Closed Sites: 5 / 50 
Number of Confined Sites-1: 6 / 54 
Number of Confined Sites-k: 589 / 1137 
Preprocess Time: 1.40 + 0.00 sec

Solve Time: 6.70
Number of Nodes: 411
Termination Status: OPTIMAL

CutInfo: [phase] num / time (sec) / aver. num_nonzero
max              [LP]     0 / 0.00 / 0.00 [init]   581 / 0.01 / 5.51 [rLC]   149 / 0.02 / 22.55 [rUC]   134 / 0.04 / 13.15 [sLC]     0 / 0.01 / 0.00 [sUC]   176 / 0.50 / 13.72 
prod_oa          [LP]     0 / 0.00 / 0.00 [init]   581 / 0.01 / 54.06 [rLC]   467 / 0.03 / 70.14 [rUC]   358 / 0.15 / 68.22 [sLC]    70 / 0.01 / 78.47 [sUC]   467 / 1.34 / 64.41 
prod_sm_fixed    [LP]     0 / 0.00 / 0.00 [init]     0 / 0.00 / 0.00 [rLC]     0 / 0.00 / 0.00 [rUC]     0 / 0.00 / 0.00 [sLC]     0 / 0.00 / 0.00 [sUC]     0 / 0.00 / 0.00 
prod_bin         [LP]     0 / 0.00 / 0.00 [init]     0 / 0.00 / 0.00 [rLC]     0 / 0.00 / 0.00 [rUC]     0 / 0.00 / 0.00 [sLC]     0 / 0.00 / 0.00 [sUC]     0 / 0.00 / 0.00 
prod_local       [LP]     0 / 0.00 / 0.00 [init]     0 / 0.00 / 0.00 [rLC]     0 / 0.00 / 0.00 [rUC]     0 / 0.00 / 0.00 [sLC]     0 / 0.00 / 0.00 [sUC]     0 / 0.00 / 0.00 
prod_sm_C        [LP]     0 / 0.00 / 0.00 [init]     0 / 0.00 / 0.00 [rLC]     0 / 0.00 / 0.00 [rUC]     0 / 0.00 / 0.00 [sLC]     0 / 0.00 / 0.00 [sUC]     0 / 0.00 / 0.00 
facet            [LP]     0 / 0.00 / 0.00 [init]     0 / 0.00 / 0.00 [rLC]     0 / 0.00 / 0.00 [rUC]     0 / 0.00 / 0.00 [sLC]     0 / 0.00 / 0.00 [sUC]     0 / 0.00 / 0.00 
Separation Round:   [LP] 0  [init] 1  [rLC] 3  [rUC] 13  [sLC] 1  [sUC] 455  
Root Best Bound 332.696227
Root Best Integer: 330.465067
Best Bound: 330.615366
Best Integer: 330.465067
1: 24, 88, 162, 293, 301, 322, 490, 534
2: 302
Objective Value (calc): 330.465067
sum_etaM = 227.422357 / 227.422357
sum_etaP = 356.225744 / 356.225744
nL: 9
nCL: 1
mCL: 2
