Version identifier: 20.1.0.0 | 2020-11-10 | 9bedb6d68
CPXPARAM_Threads                                 1
CPXPARAM_TimeLimit                               3600
CPXPARAM_MIP_Tolerances_MIPGap                   0
Generic callback                                 0x60
1 of 1 MIP starts provided solutions.
MIP start 'm1' defined initial solution with objective 734.2426.
Tried aggregator 2 times.
MIP Presolve eliminated 6 rows and 4 columns.
MIP Presolve modified 1510 coefficients.
Aggregator did 2 substitutions.
Reduced MIP has 3545 rows, 3594 columns, and 231961 nonzeros.
Reduced MIP has 898 binaries, 896 generals, 0 SOSs, and 0 indicators.
Presolve time = 0.06 sec. (61.10 ticks)
Probing time = 0.00 sec. (5.37 ticks)
Tried aggregator 1 time.
Reduced MIP has 3545 rows, 3594 columns, and 231961 nonzeros.
Reduced MIP has 898 binaries, 896 generals, 0 SOSs, and 0 indicators.
Presolve time = 0.03 sec. (34.03 ticks)
Probing time = 0.00 sec. (5.37 ticks)
MIP emphasis: balance optimality and feasibility.
MIP search method: dynamic search.
Parallel mode: none, using 1 thread.
Root relaxation solution time = 0.15 sec. (220.75 ticks)

        Nodes                                         Cuts/
   Node  Left     Objective  IInf  Best Integer    Best Bound    ItCnt     Gap

*     0+    0                          734.2426      900.0000            22.58%
      0     0      748.7579    14      734.2426      748.7579     2880    1.98%
      0     0      740.3656    19      734.2426     Cuts: 986     3347    0.83%
      0     0      736.2266    23      734.2426     Cuts: 357     3796    0.27%

Repeating presolve.
Tried aggregator 1 time.
MIP Presolve eliminated 2433 rows and 1751 columns.
MIP Presolve modified 141 coefficients.
Reduced MIP has 1112 rows, 1843 columns, and 10908 nonzeros.
Reduced MIP has 38 binaries, 35 generals, 0 SOSs, and 0 indicators.
Presolve time = 0.02 sec. (18.97 ticks)
Probing time = 0.00 sec. (4.81 ticks)
Tried aggregator 1 time.
Reduced MIP has 1112 rows, 1843 columns, and 10908 nonzeros.
Reduced MIP has 38 binaries, 35 generals, 0 SOSs, and 0 indicators.
Presolve time = 0.00 sec. (2.27 ticks)
Represolve time = 0.04 sec. (50.76 ticks)
Probing time = 0.00 sec. (4.80 ticks)
MIP emphasis: balance optimality and feasibility.
MIP search method: dynamic search.
Parallel mode: none, using 1 thread.
Root relaxation solution time = 0.11 sec. (158.74 ticks)

        Nodes                                         Cuts/
   Node  Left     Objective  IInf  Best Integer    Best Bound    ItCnt     Gap

*     0+    0                          734.2426      736.2266             0.27%
      0     0      735.9008    21      734.2426      735.9008     5693    0.23%
      0     0      735.3832    19      734.2426     Cuts: 131     5886    0.16%
      0     0      735.3621    16      734.2426      Cuts: 17     5914    0.15%
      0     0      735.3589    16      734.2426      Cuts: 18     5940    0.15%
      0     2      735.3509    16      734.2426      735.3492     5940    0.15%
Elapsed time = 9.07 sec. (1859.06 ticks, tree = 0.01 MB, solutions = 1)

Flow cuts applied:  6
Mixed integer rounding cuts applied:  124
User cuts applied:  1345

Root node processing (before b&c):
  Real time             =    9.07 sec. (1858.66 ticks)
Sequential b&c:
  Real time             =    1.09 sec. (223.60 ticks)
                          ------------
Total (root+branch&cut) =   10.15 sec. (2082.26 ticks)
|V|                                     900
K                                       10
theta                                   0.01
r                                       2
R                                       20
prob_func                               facility_mixture
mixture_low_share                       0.900000
mixture_low_interval                    [0.001000, 0.010000]
mixture_high_interval                   [0.100000, 0.500000]
mixture_seed                            1
#C1                                     1688
#CP                                     230588

@Parameters: 
am_callback_heuristic                   false
am_local_search                         true
am_start_heuristic                      false
colocation                              true
comp                                    false
cutC                                    true
cutC_init                               false
cutF                                    true
cutF_init                               false
cutF_stable                             false
cutF_wrong                              false
cutLocal                                false
cutM                                    true
cutM_init                               true
cutM_stable                             false
cutP                                    true
cutP_init                               false
cutP_stable                             false
init                                    true
init_cutF_zero                          false
init_val_greedy                         true
is_Euclidean                            false
is_local_search                         false
is_right_cutP                           true
is_root                                 false
is_silent                               false
is_start                                false
mycut                                   false
pmed                                    false
pre                                     true
stable_root                             false
str                                     false
two_phase                               false
ubstr                                   false
mode                                    Int

am_callback_node_space                  50
init                                    0
mixture_seed                            1
node_space                              5
nodelimit                               -1
nsepa                                   1
strF                                    0
type_delta                              0

EPS                                     0.001000
EPS_FRAC                                0.00
gap                                     0.00
mixture_high_max                        0.50
mixture_high_min                        0.10
mixture_low_max                         0.01
mixture_low_min                         0.00
mixture_low_share                       0.90
timelimit                               3600.00

Number of Closed Sites: 2 / 20 
Number of Confined Sites-1: 2 / 18 
Number of Confined Sites-k: 896 / 2049 
Preprocess Time: 1.37 + 0.00 sec

Solve Time: 10.16
Number of Nodes: 21
Termination Status: OPTIMAL

CutInfo: [phase] num / time (sec) / aver. num_nonzero
max              [LP]     0 / 0.00 / 0.00 [init]   876 / 0.03 / 5.97 [rLC]   255 / 0.10 / 9.53 [rUC]   593 / 0.07 / 16.81 [sLC]     0 / 0.00 / 0.00 [sUC]    38 / 0.02 / 41.08 
prod_oa          [LP]     0 / 0.00 / 0.00 [init]   876 / 0.07 / 251.73 [rLC]  1591 / 0.70 / 241.47 [rUC]   428 / 0.50 / 287.95 [sLC]     0 / 0.00 / 0.00 [sUC]   106 / 0.14 / 257.01 
prod_sm_fixed    [LP]     0 / 0.00 / 0.00 [init]     0 / 0.00 / 0.00 [rLC]     0 / 0.00 / 0.00 [rUC]     0 / 0.00 / 0.00 [sLC]     0 / 0.00 / 0.00 [sUC]     0 / 0.00 / 0.00 
prod_bin         [LP]     0 / 0.00 / 0.00 [init]     0 / 0.00 / 0.00 [rLC]     0 / 0.00 / 0.00 [rUC]     0 / 0.00 / 0.00 [sLC]     0 / 0.00 / 0.00 [sUC]     0 / 0.00 / 0.00 
prod_local       [LP]     0 / 0.00 / 0.00 [init]     0 / 0.00 / 0.00 [rLC]     0 / 0.00 / 0.00 [rUC]     0 / 0.00 / 0.00 [sLC]     0 / 0.00 / 0.00 [sUC]     0 / 0.00 / 0.00 
prod_sm_C        [LP]     0 / 0.00 / 0.00 [init]     0 / 0.31 / 0.00 [rLC]     0 / 3.12 / 0.00 [rUC]   395 / 2.31 / 243.74 [sLC]     0 / 0.00 / 0.00 [sUC]    84 / 0.65 / 256.04 
facet            [LP]     0 / 0.00 / 0.00 [init]     0 / 0.00 / 0.00 [rLC]     0 / 0.00 / 0.00 [rUC]   343 / 0.00 / 0.00 [sLC]     0 / 0.00 / 0.00 [sUC]    84 / 0.00 / 0.00 
Separation Round:   [LP] 0  [init] 1  [rLC] 10  [rUC] 7  [sLC] 0  [sUC] 20  
Root Best Bound 735.174823
Root Best Integer: 734.242615
Best Bound: 734.662780
Best Integer: 734.242615
1: 19, 661, 817, 847
2: 84, 215, 219
Objective Value (calc): 734.242615
sum_etaM = 403.305622 / 403.305622
sum_etaP = 737.585413 / 737.585413
nL: 7
nCL: 3
mCL: 2
