Version identifier: 20.1.0.0 | 2020-11-10 | 9bedb6d68
CPXPARAM_Threads                                 1
CPXPARAM_TimeLimit                               3600
CPXPARAM_MIP_Tolerances_MIPGap                   0
Generic callback                                 0x60
1 of 1 MIP starts provided solutions.
MIP start 'm1' defined initial solution with objective 138.0682.
Tried aggregator 2 times.
MIP Presolve eliminated 49 rows and 18 columns.
MIP Presolve modified 113 coefficients.
Aggregator did 31 substitutions.
Reduced MIP has 575 rows, 751 columns, and 1969 nonzeros.
Reduced MIP has 191 binaries, 160 generals, 0 SOSs, and 0 indicators.
Presolve time = 0.00 sec. (1.16 ticks)
Probing time = 0.00 sec. (0.12 ticks)
Tried aggregator 1 time.
Reduced MIP has 575 rows, 751 columns, and 1969 nonzeros.
Reduced MIP has 191 binaries, 160 generals, 0 SOSs, and 0 indicators.
Presolve time = 0.00 sec. (0.64 ticks)
Probing time = 0.00 sec. (0.12 ticks)
MIP emphasis: balance optimality and feasibility.
MIP search method: dynamic search.
Parallel mode: none, using 1 thread.
Root relaxation solution time = 0.00 sec. (2.59 ticks)

        Nodes                                         Cuts/
   Node  Left     Objective  IInf  Best Integer    Best Bound    ItCnt     Gap

*     0+    0                          138.0682      200.0000            44.86%
      0     0      178.0384    31      138.0682      178.0384      382   28.95%
      0     0      140.3739   131      138.0682     Cuts: 243      572    1.67%
      0     0      139.6879    93      138.0682     Cuts: 207      703    1.17%
      0     0      139.4195   105      138.0682      Cuts: 96      791    0.98%
      0     0      139.2885   117      138.0682      Cuts: 52      852    0.88%
      0     0      139.2579    98      138.0682      Cuts: 43      882    0.86%
      0     0      139.1731   100      138.0682      Cuts: 16      899    0.80%
      0     0      139.1572    79      138.0682      Cuts: 27      917    0.79%
      0     0      139.1522    96      138.0682       Cuts: 9      932    0.79%
      0     0      139.1470    77      138.0682       Cuts: 5      938    0.78%
      0     0      139.1455    94      138.0682 UserPurge2: 3      943    0.78%
      0     0      139.1454    92      138.0682 UserPurge2: 1      944    0.78%
      0     0      139.1447    96      138.0682 UserPurge2: 3      946    0.78%
      0     2      139.1447    96      138.0682      139.1441      946    0.78%
Elapsed time = 0.26 sec. (144.44 ticks, tree = 0.01 MB, solutions = 1)
    160   145      138.5564    54      138.0682      139.1138     2797    0.76%
*   272   186      integral     0      138.1690      139.1138     4107    0.68%
    360   265      138.4072    46      138.1690      139.0089     5143    0.61%
*   563   258      integral     0      138.4076      138.9848     7232    0.42%
    580   264        cutoff            138.4076      138.8731     7762    0.34%
*   626    96      integral     0      138.6055      138.8712     8018    0.19%
*   691    81      integral     0      138.6210      138.8138     9118    0.14%
   1049   118        cutoff            138.6210      138.8119    11778    0.14%
*  1153     9      integral     0      138.6587      138.6684    12920    0.01%

Flow cuts applied:  7
Mixed integer rounding cuts applied:  45
Lift and project cuts applied:  6
Gomory fractional cuts applied:  10
User cuts applied:  604

Root node processing (before b&c):
  Real time             =    0.26 sec. (144.47 ticks)
Sequential b&c:
  Real time             =    3.59 sec. (1285.84 ticks)
                          ------------
Total (root+branch&cut) =    3.85 sec. (1430.31 ticks)
|V|                                     200
K                                       67
theta                                   0.01
r                                       2
R                                       20
prob_func                               facility_mixture
mixture_low_share                       0.500000
mixture_low_interval                    [0.001000, 0.010000]
mixture_high_interval                   [0.100000, 0.500000]
mixture_seed                            1
#C1                                     246
#CP                                     982

@Parameters: 
am_callback_heuristic                   false
am_local_search                         true
am_start_heuristic                      false
colocation                              true
comp                                    false
cutC                                    true
cutC_init                               false
cutF                                    true
cutF_init                               false
cutF_stable                             false
cutF_wrong                              false
cutLocal                                false
cutM                                    true
cutM_init                               true
cutM_stable                             false
cutP                                    true
cutP_init                               false
cutP_stable                             false
init                                    true
init_cutF_zero                          false
init_val_greedy                         true
is_Euclidean                            false
is_local_search                         false
is_right_cutP                           true
is_root                                 false
is_silent                               false
is_start                                false
mycut                                   false
pmed                                    false
pre                                     true
stable_root                             false
str                                     false
two_phase                               false
ubstr                                   false
mode                                    Int

am_callback_node_space                  50
init                                    0
mixture_seed                            1
node_space                              5
nodelimit                               -1
nsepa                                   1
strF                                    0
type_delta                              0

EPS                                     0.001000
EPS_FRAC                                0.00
gap                                     0.00
mixture_high_max                        0.50
mixture_high_min                        0.10
mixture_low_max                         0.01
mixture_low_min                         0.00
mixture_low_share                       0.50
timelimit                               3600.00

Number of Closed Sites: 9 / 603 
Number of Confined Sites-1: 31 / 2046 
Number of Confined Sites-k: 160 / 3733 
Preprocess Time: 0.17 + 0.00 sec

Solve Time: 3.85
Number of Nodes: 1515
Termination Status: OPTIMAL

CutInfo: [phase] num / time (sec) / aver. num_nonzero
max              [LP]     0 / 0.00 / 0.00 [init]   127 / 0.00 / 1.17 [rLC]   101 / 0.01 / 3.49 [rUC]   146 / 0.00 / 2.62 [sLC]     0 / 0.00 / 0.00 [sUC]    31 / 0.14 / 2.61 
prod_oa          [LP]     0 / 0.00 / 0.00 [init]   127 / 0.00 / 5.88 [rLC]   137 / 0.00 / 6.62 [rUC]    95 / 0.01 / 9.54 [sLC]     0 / 0.00 / 0.00 [sUC]   107 / 0.14 / 9.52 
prod_sm_fixed    [LP]     0 / 0.00 / 0.00 [init]     0 / 0.00 / 0.00 [rLC]     0 / 0.00 / 0.00 [rUC]     0 / 0.00 / 0.00 [sLC]     0 / 0.00 / 0.00 [sUC]     0 / 0.00 / 0.00 
prod_bin         [LP]     0 / 0.00 / 0.00 [init]     0 / 0.00 / 0.00 [rLC]     0 / 0.00 / 0.00 [rUC]     0 / 0.00 / 0.00 [sLC]     0 / 0.00 / 0.00 [sUC]     0 / 0.00 / 0.00 
prod_local       [LP]     0 / 0.00 / 0.00 [init]     0 / 0.00 / 0.00 [rLC]     0 / 0.00 / 0.00 [rUC]     0 / 0.00 / 0.00 [sLC]     0 / 0.00 / 0.00 [sUC]     0 / 0.00 / 0.00 
prod_sm_C        [LP]     0 / 0.00 / 0.00 [init]     0 / 0.00 / 0.00 [rLC]     0 / 0.00 / 0.00 [rUC]   264 / 0.02 / 12.53 [sLC]     0 / 0.01 / 0.00 [sUC]   196 / 0.60 / 14.18 
facet            [LP]     0 / 0.00 / 0.00 [init]     0 / 0.00 / 0.00 [rLC]     0 / 0.00 / 0.00 [rUC]   264 / 0.00 / 0.00 [sLC]     0 / 0.00 / 0.00 [sUC]   196 / 0.00 / 0.00 
Separation Round:   [LP] 0  [init] 1  [rLC] 2  [rUC] 14  [sLC] 5  [sUC] 2812  
Root Best Bound 139.137613
Root Best Integer: 138.068217
Best Bound: 138.658781
Best Integer: 138.658704
1: 1, 2, 4, 11, 15, 16, 18, 19, 21, 27, 31, 33, 35, 42, 43, 44, 46, 47, 49, 54, 55, 61, 62, 63, 65, 71, 76, 90, 92, 102, 104, 105, 115, 117, 121, 129, 130, 134, 138, 142, 147, 149, 152, 167, 175, 176, 177, 179, 181, 188, 196, 198
2: 75, 85, 87, 103, 109, 173
3: 45
Objective Value (calc): 138.657593
sum_etaM = 112.953515 / 112.953515
sum_etaP = 138.918353 / 138.917230
nL: 59
nCL: 7
mCL: 3
