Version identifier: 20.1.0.0 | 2020-11-10 | 9bedb6d68
CPXPARAM_Threads                                 1
CPXPARAM_TimeLimit                               3600
CPXPARAM_MIP_Tolerances_MIPGap                   0
Generic callback                                 0x60
1 of 1 MIP starts provided solutions.
MIP start 'm1' defined initial solution with objective 148.3304.
Tried aggregator 2 times.
MIP Presolve eliminated 40 rows and 30 columns.
MIP Presolve modified 368 coefficients.
Aggregator did 10 substitutions.
Reduced MIP has 1923 rows, 1960 columns, and 20365 nonzeros.
Reduced MIP has 485 binaries, 475 generals, 0 SOSs, and 0 indicators.
Presolve time = 0.01 sec. (7.41 ticks)
Probing time = 0.00 sec. (1.01 ticks)
Tried aggregator 1 time.
Reduced MIP has 1923 rows, 1960 columns, and 20365 nonzeros.
Reduced MIP has 485 binaries, 475 generals, 0 SOSs, and 0 indicators.
Presolve time = 0.00 sec. (4.23 ticks)
Probing time = 0.00 sec. (1.01 ticks)
MIP emphasis: balance optimality and feasibility.
MIP search method: dynamic search.
Parallel mode: none, using 1 thread.
Root relaxation solution time = 0.08 sec. (83.90 ticks)

        Nodes                                         Cuts/
   Node  Left     Objective  IInf  Best Integer    Best Bound    ItCnt     Gap

*     0+    0                          148.3304      500.0000           237.09%
      0     0      166.4029    12      148.3304      166.4029     1765   12.18%
      0     0      150.4718    24      148.3304     Cuts: 370     2112    1.44%
      0     0      149.9278    17      148.3304     Cuts: 350     2221    1.08%

Repeating presolve.
Tried aggregator 1 time.
MIP Presolve eliminated 1102 rows and 1015 columns.
MIP Presolve modified 133 coefficients.
Reduced MIP has 821 rows, 945 columns, and 3833 nonzeros.
Reduced MIP has 46 binaries, 37 generals, 0 SOSs, and 0 indicators.
Presolve time = 0.00 sec. (3.19 ticks)
Probing time = 0.00 sec. (0.20 ticks)
Tried aggregator 1 time.
Reduced MIP has 821 rows, 945 columns, and 3833 nonzeros.
Reduced MIP has 46 binaries, 37 generals, 0 SOSs, and 0 indicators.
Presolve time = 0.00 sec. (1.01 ticks)
Represolve time = 0.01 sec. (12.17 ticks)
Probing time = 0.00 sec. (0.20 ticks)
MIP emphasis: balance optimality and feasibility.
MIP search method: dynamic search.
Parallel mode: none, using 1 thread.
Root relaxation solution time = 0.05 sec. (61.70 ticks)

        Nodes                                         Cuts/
   Node  Left     Objective  IInf  Best Integer    Best Bound    ItCnt     Gap

*     0+    0                          148.3304      149.9278             1.08%
      0     0      149.8685    16      148.3304      149.8685     3398    1.04%
      0     0      149.2613    18      148.3304     Cuts: 136     3529    0.63%
      0     0      149.0240    21      148.3304     Cuts: 100     3644    0.47%
      0     0      148.9893    23      148.3304      Cuts: 53     3694    0.44%
      0     0      148.9773    17      148.3304      Cuts: 18     3721    0.44%
      0     0      148.9756    26      148.3304 UserPurge2: 8     3735    0.43%
      0     0      148.9636    21      148.3304      Cuts: 30     3760    0.43%
      0     0      148.9587    20      148.3304      Cuts: 26     3779    0.42%
      0     0      148.9583    17      148.3304 UserPurge2: 5     3783    0.42%
      0     0      148.9580    27      148.3304 UserPurge2: 3     3791    0.42%
*     0+    0                          148.3996      148.9580             0.38%
      0     2      148.9580    27      148.3996      148.9560     3791    0.37%
Elapsed time = 1.39 sec. (568.54 ticks, tree = 0.01 MB, solutions = 2)

Flow cuts applied:  2
Mixed integer rounding cuts applied:  89
Lift and project cuts applied:  2
Gomory fractional cuts applied:  1
User cuts applied:  580

Root node processing (before b&c):
  Real time             =    1.39 sec. (568.58 ticks)
Sequential b&c:
  Real time             =    0.13 sec. (62.27 ticks)
                          ------------
Total (root+branch&cut) =    1.52 sec. (630.85 ticks)
|V|                                     500
K                                       5
theta                                   0.10
r                                       2
R                                       20
prob_func                               facility_mixture
mixture_low_share                       0.100000
mixture_low_interval                    [0.001000, 0.010000]
mixture_high_interval                   [0.100000, 0.500000]
mixture_seed                            1
#C1                                     724
#CP                                     13294

@Parameters: 
am_callback_heuristic                   false
am_local_search                         true
am_start_heuristic                      false
colocation                              true
comp                                    false
cutC                                    true
cutC_init                               false
cutF                                    true
cutF_init                               false
cutF_stable                             false
cutF_wrong                              false
cutLocal                                false
cutM                                    true
cutM_init                               true
cutM_stable                             false
cutP                                    true
cutP_init                               false
cutP_stable                             false
init                                    true
init_cutF_zero                          false
init_val_greedy                         true
is_Euclidean                            false
is_local_search                         false
is_right_cutP                           true
is_root                                 false
is_silent                               false
is_start                                false
mycut                                   false
pmed                                    false
pre                                     true
stable_root                             false
str                                     false
two_phase                               false
ubstr                                   false
mode                                    Int

am_callback_node_space                  50
init                                    0
mixture_seed                            1
node_space                              5
nodelimit                               -1
nsepa                                   1
strF                                    0
type_delta                              0

EPS                                     0.001000
EPS_FRAC                                0.00
gap                                     0.00
mixture_high_max                        0.50
mixture_high_min                        0.10
mixture_low_max                         0.01
mixture_low_min                         0.00
mixture_low_share                       0.10
timelimit                               3600.00

Number of Closed Sites: 15 / 75 
Number of Confined Sites-1: 10 / 40 
Number of Confined Sites-k: 475 / 1064 
Preprocess Time: 0.92 + 0.00 sec

Solve Time: 1.52
Number of Nodes: 19
Termination Status: OPTIMAL

CutInfo: [phase] num / time (sec) / aver. num_nonzero
max              [LP]     0 / 0.00 / 0.00 [init]   486 / 0.01 / 9.68 [rLC]   185 / 0.05 / 16.96 [rUC]   272 / 0.06 / 19.08 [sLC]     0 / 0.00 / 0.00 [sUC]     8 / 0.00 / 9.38 
prod_oa          [LP]     0 / 0.00 / 0.00 [init]   486 / 0.00 / 25.59 [rLC]   674 / 0.05 / 43.86 [rUC]    85 / 0.05 / 37.15 [sLC]     0 / 0.00 / 0.00 [sUC]     1 / 0.00 / 43.00 
prod_sm_fixed    [LP]     0 / 0.00 / 0.00 [init]     0 / 0.00 / 0.00 [rLC]     0 / 0.00 / 0.00 [rUC]     0 / 0.00 / 0.00 [sLC]     0 / 0.00 / 0.00 [sUC]     0 / 0.00 / 0.00 
prod_bin         [LP]     0 / 0.00 / 0.00 [init]     0 / 0.00 / 0.00 [rLC]     0 / 0.00 / 0.00 [rUC]     0 / 0.00 / 0.00 [sLC]     0 / 0.00 / 0.00 [sUC]     0 / 0.00 / 0.00 
prod_local       [LP]     0 / 0.00 / 0.00 [init]     0 / 0.00 / 0.00 [rLC]     0 / 0.00 / 0.00 [rUC]     0 / 0.00 / 0.00 [sLC]     0 / 0.00 / 0.00 [sUC]     0 / 0.00 / 0.00 
prod_sm_C        [LP]     0 / 0.00 / 0.00 [init]     0 / 0.02 / 0.00 [rLC]     0 / 0.25 / 0.00 [rUC]   512 / 0.22 / 74.19 [sLC]     0 / 0.00 / 0.00 [sUC]    99 / 0.02 / 98.67 
facet            [LP]     0 / 0.00 / 0.00 [init]     0 / 0.00 / 0.00 [rLC]     0 / 0.00 / 0.00 [rUC]   468 / 0.00 / 0.00 [sLC]     0 / 0.00 / 0.00 [sUC]    99 / 0.00 / 0.00 
Separation Round:   [LP] 0  [init] 1  [rLC] 15  [rUC] 13  [sLC] 0  [sUC] 17  
Root Best Bound 148.833705
Root Best Integer: 148.399582
Best Bound: 148.630937
Best Integer: 148.399582
1: 74, 336, 478, 488, 494
Objective Value (calc): 148.394991
sum_etaM = 124.109104 / 124.109104
sum_etaP = 151.098524 / 151.093423
nL: 5
nCL: 0
mCL: 1
