Version identifier: 20.1.0.0 | 2020-11-10 | 9bedb6d68
CPXPARAM_Threads                                 1
CPXPARAM_TimeLimit                               3600
CPXPARAM_MIP_Tolerances_MIPGap                   0
Generic callback                                 0x60
1 of 1 MIP starts provided solutions.
MIP start 'm1' defined initial solution with objective 266.9905.
Tried aggregator 1 time.
MIP Presolve eliminated 2 rows and 2 columns.
Reduced MIP has 1175 rows, 1798 columns, and 36853 nonzeros.
Reduced MIP has 598 binaries, 0 generals, 0 SOSs, and 0 indicators.
Presolve time = 0.01 sec. (8.33 ticks)
Probing time = 0.00 sec. (1.78 ticks)
Tried aggregator 1 time.
Reduced MIP has 1175 rows, 1798 columns, and 36853 nonzeros.
Reduced MIP has 598 binaries, 0 generals, 0 SOSs, and 0 indicators.
Presolve time = 0.01 sec. (8.12 ticks)
Probing time = 0.00 sec. (1.78 ticks)
MIP emphasis: balance optimality and feasibility.
MIP search method: dynamic search.
Parallel mode: none, using 1 thread.
Root relaxation solution time = 0.03 sec. (35.50 ticks)

        Nodes                                         Cuts/
   Node  Left     Objective  IInf  Best Integer    Best Bound    ItCnt     Gap

*     0+    0                          266.9905      600.0000           124.73%
      0     0      382.8302     9      266.9905      382.8302     1241   43.39%
      0     0      324.7989    24      266.9905     Cuts: 393     1770   21.65%
      0     0      320.9071    30      266.9905     Cuts: 375     2234   20.19%
      0     0      319.6910    27      266.9905     Cuts: 350     2472   19.74%
      0     0      318.6296    29      266.9905     Cuts: 211     2675   19.34%
      0     0      318.1726    26      266.9905     Cuts: 149     2772   19.17%
      0     0      317.7338    29      266.9905     Cuts: 164     2918   19.01%
      0     0      317.4640    28      266.9905      Cuts: 92     2996   18.90%
      0     0      317.3955    27      266.9905     Cuts: 125     3044   18.88%
      0     0      317.2888    28      266.9905     Cuts: 114     3120   18.84%
      0     0      317.2005    30      266.9905      Cuts: 37     3170   18.81%
      0     0      317.1324    28      266.9905     Cuts: 106     3220   18.78%
      0     0      317.1019    29      266.9905      Cuts: 61     3266   18.77%
      0     0      317.0789    29      266.9905      Cuts: 32     3292   18.76%
      0     0      317.0510    28      266.9905 UserPurge2: 106     3332   18.75%
      0     0      317.0145    26      266.9905 UserPurge2: 75     3361   18.74%
      0     0      316.9778    31      266.9905 UserPurge2: 63     3399   18.72%
      0     0      316.9460    31      266.9905 UserPurge2: 73     3442   18.71%
      0     0      316.9354    29      266.9905 UserPurge2: 35     3472   18.71%
      0     0      316.9237    28      266.9905 UserPurge2: 51     3500   18.70%
      0     0      316.8902    27      266.9905 UserPurge2: 34     3534   18.69%
      0     0      316.8773    29      266.9905 UserPurge2: 37     3569   18.68%
      0     0      316.8631    28      266.9905 UserPurge2: 22     3586   18.68%
      0     0      316.8515    29      266.9905 UserPurge2: 62     3621   18.68%
      0     0      316.8368    29      266.9905 UserPurge2: 39     3658   18.67%
      0     0      316.8324    29      266.9905 UserPurge2: 50     3683   18.67%
      0     0      316.8316    29      266.9905 UserPurge2: 20     3697   18.67%
      0     0      316.8309    29      266.9905 UserPurge2: 26     3710   18.67%
      0     0      316.8302    28      266.9905 UserPurge2: 6     3724   18.67%
      0     0      316.8293    29      266.9905 UserPurge2: 28     3741   18.67%
      0     0      316.8199    28      266.9905 UserPurge2: 21     3763   18.66%
      0     0      316.8118    29      266.9905 UserPurge2: 33     3784   18.66%
      0     0      316.8114    29      266.9905 UserPurge2: 6     3789   18.66%
      0     0      316.8107    29      266.9905 UserPurge2: 2     3793   18.66%
      0     0      316.8105    29      266.9905 UserPurge2: 2     3799   18.66%
      0     2      316.8075    28      266.9905      316.8074     3799   18.66%
Elapsed time = 7.55 sec. (2220.34 ticks, tree = 0.01 MB, solutions = 1)
      5     7      313.1856    27      266.9905      316.6420     5810   18.60%
     10    12      307.6424    16      266.9905      316.6420     8163   18.60%
     13    15      308.4019    18      266.9905      316.6420    10113   18.60%
     15    17      301.6972    13      266.9905      316.6420    11896   18.60%
     20    22      284.0863     8      266.9905      316.6420    13656   18.60%
*    27    25      integral     0      288.7873      316.6420    14363    9.65%
*    28    24      integral     0      295.1828      316.6420    14426    7.27%
     30    24      313.1698    24      295.1828      316.6408    16127    7.27%
     34    28      309.3358    18      295.1828      316.6408    17286    7.27%
     40    34      303.3741     7      295.1828      316.6408    18494    7.27%
*    47    33      integral     0      300.4816      316.6408    19189    5.38%
     49    33      315.5548    30      300.4816      316.2695    19985    5.25%
     55    39      310.6284    25      300.4816      316.2695    23309    5.25%
Elapsed time = 14.73 sec. (6273.96 ticks, tree = 0.10 MB, solutions = 4)
     65    49      305.3407    18      300.4816      316.2695    26612    5.25%
     79    59      315.2973    28      300.4816      316.2685    31075    5.25%
     85    65      309.0081    17      300.4816      316.2685    34060    5.25%
     95    75      301.1414    15      300.4816      316.2685    37822    5.25%
    108    85      305.0789    16      300.4816      315.5467    41581    5.01%
    120    91      302.3018    29      300.4816      315.2824    47800    4.93%
    126    91      308.4963    18      300.4816      313.8812    51315    4.46%
    140   105      302.6758    15      300.4816      313.8812    54432    4.46%
*   154   115      integral     0      300.6249      313.8812    55422    4.41%
    160   119      306.1548    21      300.6249      313.1854    57466    4.18%
    175   134      301.7140    15      300.6249      313.1854    60789    4.18%
Elapsed time = 28.87 sec. (17584.05 ticks, tree = 0.70 MB, solutions = 5)
    188   143      307.3504    17      300.6249      313.1849    63526    4.18%
    198   153      301.2623    17      300.6249      313.1849    66572    4.18%
    210   161      302.2224    17      300.6249      313.1637    70428    4.17%
    219   166      300.6520    27      300.6249      313.1211    73303    4.16%
    229   172      304.6282    20      300.6249      312.8224    76174    4.06%
    240   183      301.7054    18      300.6249      312.8224    79432    4.06%
    249   184      307.0606    21      300.6249      312.2461    82310    3.87%
    256   191      303.4153    16      300.6249      312.2461    84380    3.87%
    266   197      308.5096    20      300.6249      312.2459    87111    3.87%
    283   205        cutoff            300.6249      311.8149    90573    3.72%
Elapsed time = 40.53 sec. (28217.01 ticks, tree = 1.23 MB, solutions = 5)
    290   212      303.3032    18      300.6249      311.6887    93376    3.68%
    300   218      303.3644    10      300.6249      311.6709    96047    3.67%
*   316   146      integral     0      302.9165      311.4336    97231    2.81%
    320   148      307.0766    14      302.9165      311.1698    98040    2.72%
    337   159      304.0658    13      302.9165      311.1695   100182    2.72%
    346   164      306.0453    20      302.9165      311.1069   102478    2.70%
    358   172      305.3026    16      302.9165      311.0510   104611    2.69%
    369   175      308.1757    24      302.9165      310.8699   106967    2.63%
    371   177      302.9759    21      302.9165      310.8699   110038    2.63%
    384   180      308.4258    20      302.9165      310.5827   112870    2.53%
    390   182      304.2134    22      302.9165      310.5632   115677    2.52%
Elapsed time = 51.92 sec. (39112.02 ticks, tree = 3.21 MB, solutions = 6)
    402   186      307.9952    18      302.9165      310.3821   118187    2.46%
    412   192      307.3039    20      302.9165      310.2951   120916    2.44%
    418   194      305.0760    22      302.9165      310.2902   122880    2.43%
    424   196      303.9795    21      302.9165      310.2366   125744    2.42%
    430   198      305.9830    19      302.9165      310.0646   128080    2.36%
    440   201      304.9614    23      302.9165      310.0475   130842    2.35%
    453   204        cutoff            302.9165      309.6122   133325    2.21%
    460   207      305.7846    21      302.9165      309.5298   135700    2.18%
    468   209        cutoff            302.9165      309.5067   138330    2.18%
    476   211      305.3401    15      302.9165      309.4442   140749    2.15%
Elapsed time = 63.14 sec. (50701.28 ticks, tree = 3.53 MB, solutions = 6)
    490   217      305.5503    23      302.9165      309.3294   144478    2.12%
    498   217      307.2167    16      302.9165      309.0265   147025    2.02%
    505   218        cutoff            302.9165      309.0050   149270    2.01%
    512   215        cutoff            302.9165      308.7764   151558    1.93%
    527   230      303.1218    15      302.9165      308.6630   152999    1.90%
*   539   221      integral     0      303.2416      308.6360   153791    1.78%
    549   225      304.3947    19      303.2416      308.4248   155113    1.71%
    558   222      306.0673    16      303.2416      308.2793   157594    1.66%
    570   226      303.6541     2      303.2416      308.1772   159542    1.63%
*   571   205      integral     0      303.5846      308.1772   159545    1.51%
    585   209      304.9082    20      303.5846      308.1100   161576    1.49%
    599   213      306.9049    18      303.5846      307.8426   163656    1.40%
Elapsed time = 72.81 sec. (61316.19 ticks, tree = 5.83 MB, solutions = 8)
    612   216        cutoff            303.5846      307.8349   165726    1.40%
    621   217      305.1771    16      303.5846      307.6332   167628    1.33%
    637   221      303.9782    11      303.5846      307.4612   169801    1.28%
    648   220      304.9142    14      303.5846      307.3322   171633    1.23%
    660   222      306.4920    18      303.5846      307.2831   173521    1.22%
    671   221        cutoff            303.5846      307.1874   175430    1.19%
    687   221      303.7426     9      303.5846      307.0569   177467    1.14%
    701   215      305.4425    20      303.5846      306.8630   179456    1.08%
    718   212        cutoff            303.5846      306.6776   181349    1.02%
    737   213      304.7221    17      303.5846      306.5354   183214    0.97%
Elapsed time = 81.66 sec. (71778.18 ticks, tree = 7.37 MB, solutions = 8)
    750   218      303.7757    18      303.5846      306.4912   185055    0.96%
    767   215      303.6131    17      303.5846      306.2988   186879    0.89%
    785   213        cutoff            303.5846      306.1610   188810    0.85%
    800   204        cutoff            303.5846      306.0498   190667    0.81%
    818   206      304.2341    18      303.5846      305.9816   192854    0.79%
    839   201      303.7953    19      303.5846      305.7894   194730    0.73%
    861   193      304.2492    13      303.5846      305.4857   196560    0.63%
    879   182        cutoff            303.5846      305.3344   198394    0.58%
    902   177      303.9255    16      303.5846      305.1432   200716    0.51%
    925   162        cutoff            303.5846      304.9403   202293    0.45%
Elapsed time = 90.05 sec. (81940.45 ticks, tree = 6.59 MB, solutions = 8)
    948   153        cutoff            303.5846      304.8147   204066    0.41%
    970   135        cutoff            303.5846      304.6258   205741    0.34%
    996   112        cutoff            303.5846      304.4743   207391    0.29%
   1024    94        cutoff            303.5846      304.3584   208870    0.25%
*  1043    36      integral     0      303.9204      304.2268   209533    0.10%
   1061    18        cutoff            303.9204      304.0486   209728    0.04%

Flow cuts applied:  5
Mixed integer rounding cuts applied:  32
User cuts applied:  9643

Root node processing (before b&c):
  Real time             =    7.55 sec. (2221.76 ticks)
Sequential b&c:
  Real time             =   86.79 sec. (84911.17 ticks)
                          ------------
Total (root+branch&cut) =   94.34 sec. (87132.93 ticks)
|V|                                     600
K                                       10
theta                                   0.20
r                                       1
R                                       20
prob_func                               facility_mixture
mixture_low_share                       0.500000
mixture_low_interval                    [0.001000, 0.010000]
mixture_high_interval                   [0.100000, 0.500000]
mixture_seed                            1
#C1                                     746
#CP                                     33786

@Parameters: 
am_callback_heuristic                   false
am_local_search                         true
am_start_heuristic                      false
colocation                              false
comp                                    false
cutC                                    true
cutC_init                               false
cutF                                    true
cutF_init                               false
cutF_stable                             false
cutF_wrong                              false
cutLocal                                false
cutM                                    true
cutM_init                               true
cutM_stable                             false
cutP                                    true
cutP_init                               false
cutP_stable                             false
init                                    true
init_cutF_zero                          false
init_val_greedy                         true
is_Euclidean                            false
is_local_search                         true
is_right_cutP                           true
is_root                                 false
is_silent                               false
is_start                                false
mycut                                   false
pmed                                    false
pre                                     true
stable_root                             false
str                                     false
two_phase                               false
ubstr                                   false
mode                                    Bin

am_callback_node_space                  50
init                                    0
mixture_seed                            1
node_space                              5
nodelimit                               -1
nsepa                                   1
strF                                    0
type_delta                              0

EPS                                     0.001000
EPS_FRAC                                0.00
gap                                     0.00
mixture_high_max                        0.50
mixture_high_min                        0.10
mixture_low_max                         0.01
mixture_low_min                         0.00
mixture_low_share                       0.50
timelimit                               3600.00

Number of Closed Sites: 2 / 20 
Number of Confined Sites-1: 6 / 54 
Number of Confined Sites-k: 592 / 1730 
Preprocess Time: 1.15 + 0.00 sec

Solve Time: 94.34
Number of Nodes: 1080
Termination Status: OPTIMAL

CutInfo: [phase] num / time (sec) / aver. num_nonzero
max              [LP]     0 / 0.00 / 0.00 [init]   587 / 0.23 / 5.77 [rLC]  1774 / 0.76 / 16.92 [rUC]  1399 / 0.83 / 9.30 [sLC]     2 / 0.14 / 14.00 [sUC]   905 / 3.67 / 10.83 
prod_oa          [LP]     0 / 0.00 / 0.00 [init]     0 / 0.00 / 0.00 [rLC]     0 / 0.00 / 0.00 [rUC]     0 / 0.00 / 0.00 [sLC]     0 / 0.00 / 0.00 [sUC]     0 / 0.00 / 0.00 
prod_sm_fixed    [LP]     0 / 0.00 / 0.00 [init]     0 / 0.00 / 0.00 [rLC]     0 / 0.00 / 0.00 [rUC]     0 / 0.00 / 0.00 [sLC]     0 / 0.00 / 0.00 [sUC]     0 / 0.00 / 0.00 
prod_bin         [LP]     0 / 0.00 / 0.00 [init]   587 / 0.29 / 0.00 [rLC]  2613 / 2.07 / 0.00 [rUC]  2479 / 1.63 / 0.00 [sLC]   174 / 0.17 / 0.00 [sUC]  7207 / 7.01 / 0.00 
prod_local       [LP]     0 / 0.00 / 0.00 [init]     0 / 0.00 / 0.00 [rLC]     0 / 0.00 / 0.00 [rUC]     0 / 0.00 / 0.00 [sLC]     0 / 0.00 / 0.00 [sUC]     0 / 0.00 / 0.00 
prod_sm_C        [LP]     0 / 0.00 / 0.00 [init]     0 / 0.00 / 0.00 [rLC]     0 / 0.00 / 0.00 [rUC]     0 / 0.00 / 0.00 [sLC]     0 / 0.00 / 0.00 [sUC]     0 / 0.00 / 0.00 
facet            [LP]     0 / 0.00 / 0.00 [init]     0 / 0.00 / 0.00 [rLC]     0 / 0.00 / 0.00 [rUC]     0 / 0.00 / 0.00 [sLC]     0 / 0.00 / 0.00 [sUC]     0 / 0.00 / 0.00 
Separation Round:   [LP] 0  [init] 1  [rLC] 9  [rUC] 36  [sLC] 15  [sUC] 1452  
Root Best Bound 316.766149
Root Best Integer: 266.990456
Best Bound: 304.226805
Best Integer: 303.584638
1: 24, 123, 165, 213, 293, 302, 361, 400, 490, 534
Objective Value (calc): 303.920361
sum_etaM = 220.223398 / 220.223398
sum_etaP = 324.844602 / 324.844602
nL: 10
nCL: 0
mCL: 1
