Version identifier: 20.1.0.0 | 2020-11-10 | 9bedb6d68
CPXPARAM_Threads                                 1
CPXPARAM_TimeLimit                               3600
CPXPARAM_MIP_Tolerances_MIPGap                   0
Generic callback                                 0x60
1 of 1 MIP starts provided solutions.
MIP start 'm1' defined initial solution with objective 285.5270.
Tried aggregator 1 time.
Reduced MIP has 558 rows, 1200 columns, and 4900 nonzeros.
Reduced MIP has 400 binaries, 0 generals, 0 SOSs, and 0 indicators.
Presolve time = 0.00 sec. (1.23 ticks)
Probing time = 0.00 sec. (0.27 ticks)
Tried aggregator 1 time.
Reduced MIP has 558 rows, 1200 columns, and 4900 nonzeros.
Reduced MIP has 400 binaries, 0 generals, 0 SOSs, and 0 indicators.
Presolve time = 0.00 sec. (1.24 ticks)
Probing time = 0.00 sec. (0.27 ticks)
MIP emphasis: balance optimality and feasibility.
MIP search method: dynamic search.
Parallel mode: none, using 1 thread.
Root relaxation solution time = 0.02 sec. (17.00 ticks)

        Nodes                                         Cuts/
   Node  Left     Objective  IInf  Best Integer    Best Bound    ItCnt     Gap

*     0+    0                          285.5270      400.0000            40.09%
      0     0      380.6493   127      285.5270      380.6493      680   33.31%
*     0+    0                          294.3233      380.6493            29.33%
      0     0      319.9344   112      294.3233     Cuts: 239      995    8.70%
*     0+    0                          299.2332      319.9344             6.92%
      0     0      317.8740   103      299.2332     Cuts: 239     1283    6.23%
*     0+    0                          301.2673      317.8740             5.51%
      0     0      317.2960   114      301.2673     Cuts: 144     1483    5.32%
*     0+    0                          301.4901      317.2960             5.24%
      0     0      317.0216   102      301.4901     Cuts: 108     1653    5.15%
      0     0      316.9564   108      301.4901      Cuts: 66     1750    5.13%
*     0+    0                          301.9054      316.9564             4.99%
      0     0      316.8908   112      301.9054      Cuts: 53     1815    4.96%
      0     0      316.8682   113      301.9054      Cuts: 29     1872    4.96%
      0     0      316.8493   112      301.9054      Cuts: 17     1901    4.95%
      0     0      316.8401   112      301.9054      Cuts: 20     1942    4.95%
*     0+    0                          302.0879      316.8401             4.88%
*     0+    0                          302.3205      316.8401             4.80%
*     0+    0                          302.6286      316.8401             4.70%
      0     2      316.8379   117      302.6286      316.8379     1942    4.70%
Elapsed time = 0.98 sec. (465.12 ticks, tree = 0.01 MB, solutions = 9)
     20    22      316.4432   112      302.6286      316.8379     4254    4.70%
     43    45      315.9116    93      302.6286      316.8379     7143    4.70%
*    81    36      integral     0      316.1177      316.8379     8714    0.23%
    100    55      316.5156   107      316.1177      316.8359    10645    0.23%
    121    76      316.2798    70      316.1177      316.8359    13180    0.23%
*   188    60      integral     0      316.2782      316.8359    14764    0.18%
    195    67      316.3647   118      316.2782      316.8346    16027    0.18%
    219    83        cutoff            316.2782      316.7444    19053    0.15%
*   273    88      integral     0      316.3364      316.7444    20250    0.13%
    283    94      316.7191   125      316.3364      316.7232    21312    0.12%
    300   111      316.5025    84      316.3364      316.7232    24415    0.12%
*   378    90      integral     0      316.4385      316.7232    26040    0.09%
*   437    83      integral     0      316.4921      316.7034    28883    0.07%
    510   135      316.5125     7      316.4921      316.6723    34724    0.06%
Elapsed time = 8.44 sec. (3694.75 ticks, tree = 0.34 MB, solutions = 14)

Performing restart 1

Repeating presolve.
Tried aggregator 1 time.
MIP Presolve eliminated 64 rows and 92 columns.
MIP Presolve modified 20 coefficients.
Reduced MIP has 494 rows, 1108 columns, and 3467 nonzeros.
Reduced MIP has 308 binaries, 0 generals, 0 SOSs, and 0 indicators.
Presolve time = 0.00 sec. (1.11 ticks)
Tried aggregator 1 time.
Reduced MIP has 494 rows, 1108 columns, and 3467 nonzeros.
Reduced MIP has 308 binaries, 0 generals, 0 SOSs, and 0 indicators.
Presolve time = 0.00 sec. (0.98 ticks)
Represolve time = 0.01 sec. (7.55 ticks)
    547     0      316.6977   117      316.4921      Cuts: 21    37618    0.06%
    547     0      316.6944   111      316.4921    MIRcuts: 4    37637    0.06%
    547     0      316.6899   112      316.4921       Cuts: 7    37654    0.06%
    547     0      316.6894   113      316.4921       Cuts: 8    37659    0.06%
    551     3      316.6102   113      316.4921      316.6723    38041    0.06%
*   609    24      integral     0      316.5060      316.6461    39413    0.04%
*   686    30      integral     0      316.5379      316.5977    41470    0.02%
*   723    29      integral     0      316.5398      316.5842    41957    0.01%
*   773     4      integral     0      316.5417      316.5452    42239    0.00%

Implied bound cuts applied:  4
Flow cuts applied:  24
Mixed integer rounding cuts applied:  65
Lift and project cuts applied:  3
Gomory fractional cuts applied:  6
User cuts applied:  929

Root node processing (before b&c):
  Real time             =    0.98 sec. (465.25 ticks)
Sequential b&c:
  Real time             =   10.53 sec. (5035.46 ticks)
                          ------------
Total (root+branch&cut) =   11.51 sec. (5500.70 ticks)
|V|                                     400
K                                       133
theta                                   0.01
r                                       1
R                                       20
prob_func                               facility_mixture
mixture_low_share                       0.500000
mixture_low_interval                    [0.001000, 0.010000]
mixture_high_interval                   [0.100000, 0.500000]
mixture_seed                            1
#C1                                     456
#CP                                     4474

@Parameters: 
am_callback_heuristic                   false
am_local_search                         true
am_start_heuristic                      false
colocation                              false
comp                                    false
cutC                                    true
cutC_init                               false
cutF                                    true
cutF_init                               false
cutF_stable                             false
cutF_wrong                              false
cutLocal                                false
cutM                                    true
cutM_init                               true
cutM_stable                             false
cutP                                    true
cutP_init                               false
cutP_stable                             false
init                                    true
init_cutF_zero                          false
init_val_greedy                         true
is_Euclidean                            false
is_local_search                         true
is_right_cutP                           true
is_root                                 false
is_silent                               false
is_start                                false
mycut                                   false
pmed                                    false
pre                                     true
stable_root                             false
str                                     true
two_phase                               false
ubstr                                   false
mode                                    Int

am_callback_node_space                  50
init                                    0
mixture_seed                            1
node_space                              5
nodelimit                               -1
nsepa                                   1
strF                                    0
type_delta                              0

EPS                                     0.001000
EPS_FRAC                                0.00
gap                                     0.00
mixture_high_max                        0.50
mixture_high_min                        0.10
mixture_low_max                         0.01
mixture_low_min                         0.00
mixture_low_share                       0.50
timelimit                               3600.00

Number of Closed Sites: 12 / 1596 
Number of Confined Sites-1: 24 / 3168 
Number of Confined Sites-k: 364 / 13215 
Preprocess Time: 1.11 + 0.00 sec

Solve Time: 11.51
Number of Nodes: 778
Termination Status: OPTIMAL

CutInfo: [phase] num / time (sec) / aver. num_nonzero
max              [LP]     0 / 0.00 / 0.00 [init]   280 / 0.00 / 1.35 [rLC]   177 / 0.04 / 2.48 [rUC]   240 / 0.02 / 2.21 [sLC]     0 / 0.01 / 0.00 [sUC]   114 / 0.62 / 2.82 
prod_oa          [LP]     0 / 0.00 / 0.00 [init]   277 / 0.00 / 12.87 [rLC]  1258 / 0.04 / 15.09 [rUC]   219 / 0.02 / 16.97 [sLC]     0 / 0.02 / 0.00 [sUC]   199 / 0.65 / 16.31 
prod_sm_fixed    [LP]     0 / 0.00 / 0.00 [init]     0 / 0.00 / 0.00 [rLC]     0 / 0.00 / 0.00 [rUC]     0 / 0.00 / 0.00 [sLC]     0 / 0.00 / 0.00 [sUC]     0 / 0.00 / 0.00 
prod_bin         [LP]     0 / 0.00 / 0.00 [init]     0 / 0.00 / 0.00 [rLC]     0 / 0.00 / 0.00 [rUC]     0 / 0.00 / 0.00 [sLC]     0 / 0.00 / 0.00 [sUC]     0 / 0.00 / 0.00 
prod_local       [LP]     0 / 0.00 / 0.00 [init]     0 / 0.00 / 0.00 [rLC]     0 / 0.00 / 0.00 [rUC]     0 / 0.00 / 0.00 [sLC]     0 / 0.00 / 0.00 [sUC]     0 / 0.00 / 0.00 
prod_sm_C        [LP]     0 / 0.00 / 0.00 [init]     0 / 0.01 / 0.00 [rLC]     0 / 0.15 / 0.00 [rUC]   801 / 0.08 / 25.45 [sLC]     0 / 0.05 / 0.00 [sUC]   582 / 2.25 / 30.57 
facet            [LP]     0 / 0.00 / 0.00 [init]     0 / 0.00 / 0.00 [rLC]     0 / 0.00 / 0.00 [rUC]   801 / 0.00 / 0.00 [sLC]     0 / 0.00 / 0.00 [sUC]   582 / 0.00 / 0.00 
Separation Round:   [LP] 0  [init] 1  [rLC] 24  [rUC] 9  [sLC] 9  [sUC] 1462  
Root Best Bound 316.837886
Root Best Integer: 302.628585
Best Bound: 316.545157
Best Integer: 316.539798
1: 2, 13, 14, 21, 30, 31, 32, 34, 36, 39, 41, 43, 47, 50, 51, 56, 57, 60, 64, 65, 67, 72, 73, 76, 77, 83, 85, 87, 90, 91, 92, 94, 95, 100, 101, 102, 107, 108, 109, 110, 112, 117, 118, 121, 122, 125, 130, 132, 133, 134, 135, 137, 141, 144, 153, 163, 168, 169, 172, 174, 177, 178, 181, 185, 188, 192, 196, 204, 206, 209, 212, 226, 227, 229, 237, 239, 240, 242, 244, 246, 252, 253, 264, 265, 267, 270, 271, 277, 278, 280, 284, 293, 295, 298, 301, 303, 311, 314, 315, 316, 319, 320, 323, 325, 327, 329, 331, 332, 333, 338, 339, 341, 343, 356, 358, 362, 364, 367, 368, 370, 371, 373, 374, 376, 379, 383, 384, 386, 389, 390, 397, 399, 400
Objective Value (calc): 316.536318
sum_etaM = 250.801308 / 250.801308
sum_etaP = 317.205729 / 317.200308
nL: 133
nCL: 0
mCL: 1
