Version identifier: 20.1.0.0 | 2020-11-10 | 9bedb6d68
CPXPARAM_Threads                                 1
CPXPARAM_TimeLimit                               3600
CPXPARAM_MIP_Tolerances_MIPGap                   0
Generic callback                                 0x60
1 of 1 MIP starts provided solutions.
MIP start 'm1' defined initial solution with objective 536.5884.
Tried aggregator 2 times.
MIP Presolve eliminated 19 rows and 16 columns.
MIP Presolve modified 850 coefficients.
Aggregator did 3 substitutions.
Reduced MIP has 3139 rows, 3181 columns, and 100225 nonzeros.
Reduced MIP has 792 binaries, 789 generals, 0 SOSs, and 0 indicators.
Presolve time = 0.03 sec. (28.65 ticks)
Probing time = 0.00 sec. (3.85 ticks)
Tried aggregator 1 time.
Reduced MIP has 3139 rows, 3181 columns, and 100225 nonzeros.
Reduced MIP has 792 binaries, 789 generals, 0 SOSs, and 0 indicators.
Presolve time = 0.02 sec. (16.02 ticks)
Probing time = 0.00 sec. (3.85 ticks)
MIP emphasis: balance optimality and feasibility.
MIP search method: dynamic search.
Parallel mode: none, using 1 thread.
Root relaxation solution time = 0.24 sec. (317.04 ticks)

        Nodes                                         Cuts/
   Node  Left     Objective  IInf  Best Integer    Best Bound    ItCnt     Gap

*     0+    0                          536.5884      800.0000            49.09%
      0     0      566.2878    32      536.5884      566.2878     3033    5.53%
      0     0      551.9867    41      536.5884     Cuts: 884     3480    2.87%
      0     0      549.5938    44      536.5884     Cuts: 305     3833    2.42%
      0     0      547.9310    48      536.5884     Cuts: 340     4120    2.11%
      0     0      546.2895    52      536.5884     Cuts: 235     4357    1.81%

Repeating presolve.
Tried aggregator 1 time.
MIP Presolve eliminated 1329 rows and 1071 columns.
MIP Presolve modified 173 coefficients.
Reduced MIP has 1810 rows, 2110 columns, and 59995 nonzeros.
Reduced MIP has 358 binaries, 162 generals, 0 SOSs, and 0 indicators.
Presolve time = 0.04 sec. (25.31 ticks)
Probing time = 0.00 sec. (2.93 ticks)
Tried aggregator 1 time.
Reduced MIP has 1810 rows, 2110 columns, and 59995 nonzeros.
Reduced MIP has 358 binaries, 162 generals, 0 SOSs, and 0 indicators.
Presolve time = 0.02 sec. (12.28 ticks)
Represolve time = 0.08 sec. (69.99 ticks)
Probing time = 0.00 sec. (2.93 ticks)
MIP emphasis: balance optimality and feasibility.
MIP search method: dynamic search.
Parallel mode: none, using 1 thread.
Root relaxation solution time = 0.32 sec. (394.58 ticks)

        Nodes                                         Cuts/
   Node  Left     Objective  IInf  Best Integer    Best Bound    ItCnt     Gap

*     0+    0                          536.5884      546.2895             1.81%
      0     0      546.2861    46      536.5884      546.2861     7204    1.81%
      0     0      545.5410    54      536.5884     Cuts: 235     7401    1.67%
      0     0      545.1820    60      536.5884     Cuts: 115     7569    1.60%
      0     0      544.9027    60      536.5884     Cuts: 170     7750    1.55%
      0     0      544.8382    50      536.5884      Cuts: 78     7818    1.54%
      0     0      544.7454    56      536.5884     Cuts: 112     7899    1.52%
      0     0      544.6350    64      536.5884     Cuts: 101     7989    1.50%
      0     0      544.5836    66      536.5884     Cuts: 114     8099    1.49%
      0     0      544.5107    58      536.5884      Cuts: 63     8171    1.48%
      0     0      544.4627    70      536.5884      Cuts: 44     8232    1.47%
      0     0      544.4437    62      536.5884      Cuts: 46     8291    1.46%
      0     0      544.4319    66      536.5884 UserPurge2: 37     8333    1.46%
      0     0      544.4309    64      536.5884 UserPurge2: 8     8346    1.46%
      0     0      544.4299    66      536.5884 UserPurge2: 10     8359    1.46%
      0     0      544.4297    66      536.5884 UserPurge2: 7     8365    1.46%
      0     0      544.4297    70      536.5884 UserPurge2: 2     8369    1.46%
      0     0      544.4297    70      536.5884 UserPurge2: 1     8371    1.46%
*     0+    0                          537.8995      544.4297             1.21%
      0     2      544.3363    72      537.8995      544.3357     8371    1.20%
Elapsed time = 5.07 sec. (4006.13 ticks, tree = 0.01 MB, solutions = 2)
      3     5      543.0952    58      537.8995      544.3357     9686    1.20%
      5     7      542.0857    52      537.8995      544.3357    11422    1.20%
      7     9      542.0446    50      537.8995      544.3357    12683    1.20%
      9    11      541.4283    56      537.8995      544.3357    14006    1.20%
     10    12      540.8494    55      537.8995      544.3357    15050    1.20%
     12    14      539.9268    47      537.8995      544.3357    15723    1.20%
     15    15        cutoff            537.8995      544.3357    16972    1.20%
     18    14      543.8709    70      537.8995      543.9237    18203    1.12%
     20    16      543.0271    60      537.8995      543.9237    19363    1.12%
     30    24        cutoff            537.8995      543.9237    23714    1.12%
Elapsed time = 10.05 sec. (8136.47 ticks, tree = 0.09 MB, solutions = 2)
     49    31      539.4701    45      537.8995      543.8698    27961    1.11%
     58    36      540.7403    52      537.8995      543.5553    32159    1.05%
     70    44      542.3676    58      537.8995      543.2543    35445    1.00%
     82    52      542.3327    56      537.8995      543.0944    39927    0.97%
     90    60      538.7092    26      537.8995      543.0944    43809    0.97%
    100    66      538.2965    34      537.8995      543.0898    47395    0.96%
    110    72      538.1101    46      537.8995      543.0254    51396    0.95%
    121    75      541.5990    68      537.8995      542.7784    55066    0.91%
    131    81      541.5146    56      537.8995      542.7370    58708    0.90%
    136    86      539.1300    38      537.8995      542.7370    62965    0.90%
Elapsed time = 21.19 sec. (18924.09 ticks, tree = 0.51 MB, solutions = 2)
    145    91      539.3176    29      537.8995      542.6220    66655    0.88%
    157    97      538.6904    50      537.8995      542.4866    70373    0.85%
    166   102      538.8801    50      537.8995      542.4861    73937    0.85%
    177   109      537.9576    20      537.8995      542.4272    77484    0.84%
    182   110      540.5098    51      537.8995      542.3758    78893    0.83%
    191   115      540.3641    36      537.8995      542.3575    82482    0.83%
    200   120      539.3069    46      537.8995      542.3248    85558    0.82%
    214   126      541.3347    48      537.8995      542.0849    90235    0.78%
    227   139      537.9121    29      537.8995      542.0849    93702    0.78%
    235   143      538.5992    57      537.8995      542.0035    97404    0.76%
Elapsed time = 31.56 sec. (29290.50 ticks, tree = 0.72 MB, solutions = 2)
    245   143        cutoff            537.8995      541.9036   100998    0.74%
    255   149      540.4658    52      537.8995      541.8038   104649    0.73%
    266   156      538.8095    53      537.8995      541.7813   108320    0.72%
    279   159      539.7985    50      537.8995      541.7242   112396    0.71%
    291   163        cutoff            537.8995      541.7212   115696    0.71%
    302   170      540.5064    62      537.8995      541.5771   119255    0.68%
    314   178      538.2797    28      537.8995      541.5723   122947    0.68%
    320   178      540.2252    56      537.8995      541.5559   124937    0.68%
    330   180        cutoff            537.8995      541.4845   128830    0.67%
    340   186      539.3899    40      537.8995      541.4460   132689    0.66%
Elapsed time = 41.01 sec. (40007.94 ticks, tree = 0.64 MB, solutions = 2)
    349   191      538.8246    32      537.8995      541.4450   136393    0.66%
    363   195      540.3914    50      537.8995      541.4243   140006    0.66%
    371   199      539.0646    57      537.8995      541.3547   143482    0.64%
    383   203      540.2797    48      537.8995      541.3329   146786    0.64%
    395   207      539.6646    32      537.8995      541.2893   150478    0.63%
    410   212      540.6215    52      537.8995      541.2062   154031    0.61%
    421   219      538.9472    42      537.8995      541.1908   157358    0.61%
    433   223      540.2106    50      537.8995      541.1794   160510    0.61%
    445   231      537.9639    39      537.8995      541.1792   164095    0.61%
    456   234      539.5285    49      537.8995      541.1195   167279    0.60%
Elapsed time = 50.81 sec. (50295.10 ticks, tree = 0.76 MB, solutions = 2)
    466   238      538.7352    43      537.8995      541.0409   170546    0.58%
    480   246        cutoff            537.8995      541.0186   173826    0.58%
    489   249      539.8384    54      537.8995      540.9423   177170    0.57%
    498   254      538.3309    40      537.8995      540.9101   180354    0.56%
    511   255        cutoff            537.8995      540.8872   183484    0.56%
    520   258      538.7723    66      537.8995      540.8451   186423    0.55%
    529   263      538.0766    56      537.8995      540.8129   190044    0.54%
    539   265      539.9926    57      537.8995      540.7837   193457    0.54%
    550   268      539.9245    54      537.8995      540.7387   196741    0.53%
    561   273      538.6432    57      537.8995      540.7372   200248    0.53%
Elapsed time = 59.97 sec. (60471.03 ticks, tree = 0.84 MB, solutions = 2)
    573   277      538.5918    33      537.8995      540.6997   203562    0.52%
    587   283      538.2162    38      537.8995      540.6676   207143    0.51%
    600   288      539.1895    50      537.8995      540.6390   210598    0.51%
    614   294      539.4855    30      537.8995      540.6212   214149    0.51%
    630   300      539.1352    58      537.8995      540.5953   217757    0.50%
    643   303      538.9298    48      537.8995      540.5531   221286    0.49%
    654   306      539.8159    61      537.8995      540.5409   224473    0.49%
    668   316      538.0683    38      537.8995      540.5393   228073    0.49%
    680   320      538.7465    42      537.8995      540.5222   231038    0.49%
    693   325      538.1493    44      537.8995      540.5092   234661    0.49%
Elapsed time = 69.52 sec. (70953.41 ticks, tree = 0.93 MB, solutions = 2)
    706   330      538.4746    56      537.8995      540.5046   238066    0.48%
    719   331        cutoff            537.8995      540.4783   241174    0.48%
    730   336        cutoff            537.8995      540.4325   244407    0.47%
    746   340      538.9737    30      537.8995      540.4129   248050    0.47%
    757   343      538.6794    45      537.8995      540.3964   251335    0.46%
    770   346      538.8570    59      537.8995      540.3902   254660    0.46%
    780   348      539.4756    54      537.8995      540.3393   257843    0.45%
    792   352      538.6908    36      537.8995      540.3270   261070    0.45%
    804   356      538.5910    44      537.8995      540.3020   264215    0.45%
    816   360      537.9284    26      537.8995      540.2765   267218    0.44%
Elapsed time = 78.43 sec. (80974.85 ticks, tree = 1.12 MB, solutions = 2)
    830   362      538.4439    52      537.8995      540.2213   270543    0.43%
    841   361      538.4754    42      537.8995      540.1786   273765    0.42%
    850   362      539.0868    54      537.8995      540.1615   276555    0.42%
    860   364      538.2210    55      537.8995      540.1197   279660    0.41%
    871   363      538.1524    24      537.8995      540.0944   282983    0.41%
    884   362      539.4003    64      537.8995      540.0297   286364    0.40%
    895   365      538.4962    26      537.8995      540.0213   289619    0.39%
    911   369      538.5096    52      537.8995      539.9883   293213    0.39%
    927   373      538.8826    25      537.8995      539.9758   296922    0.39%
    943   375      538.1681    40      537.8995      539.9643   300106    0.38%
Elapsed time = 87.68 sec. (91309.72 ticks, tree = 1.17 MB, solutions = 2)
    956   372      538.6520    52      537.8995      539.9268   303301    0.38%
    970   372      538.1333    53      537.8995      539.9149   306605    0.37%
    983   371      539.2062    49      537.8995      539.9035   309864    0.37%
    996   372      538.0076    46      537.8995      539.8819   313572    0.37%
   1009   373      538.1776    34      537.8995      539.8556   316267    0.36%
   1022   374      537.9470    44      537.8995      539.8181   319491    0.36%
   1035   375      537.9072    47      537.8995      539.8076   322552    0.35%
   1048   376      538.4209    49      537.8995      539.7927   325507    0.35%
   1062   374      538.9839    38      537.8995      539.7652   329032    0.35%
   1107   377      538.3615    52      537.8995      539.6885   341035    0.33%
Elapsed time = 99.15 sec. (104403.70 ticks, tree = 1.12 MB, solutions = 2)
   1158   372      538.2449    56      537.8995      539.6158   353512    0.32%
   1208   364      538.8854    42      537.8995      539.5347   366530    0.30%
   1261   359      538.3815    68      537.8995      539.4640   379246    0.29%
   1314   357        cutoff            537.8995      539.4036   391677    0.28%
   1370   345      538.0539    44      537.8995      539.2854   404279    0.26%
   1431   334      538.1429    44      537.8995      539.2142   417027    0.24%
   1494   314      538.0980    55      537.8995      539.0814   430419    0.22%
   1556   279      538.5190    34      537.8995      538.9375   442926    0.19%
   1628   247      538.0106    46      537.8995      538.8121   455797    0.17%
   1703   194      537.9297    43      537.8995      538.6834   469115    0.15%
Elapsed time = 132.18 sec. (143280.98 ticks, tree = 0.50 MB, solutions = 2)
   1847    74        cutoff            537.8995      538.3787   482738    0.09%

Flow cuts applied:  7
Mixed integer rounding cuts applied:  126
Gomory fractional cuts applied:  1
User cuts applied:  4011

Root node processing (before b&c):
  Real time             =    5.07 sec. (4005.36 ticks)
Sequential b&c:
  Real time             =  131.19 sec. (144173.69 ticks)
                          ------------
Total (root+branch&cut) =  136.26 sec. (148179.05 ticks)
|V|                                     800
K                                       10
theta                                   0.10
r                                       1
R                                       20
prob_func                               facility_mixture
mixture_low_share                       0.100000
mixture_low_interval                    [0.001000, 0.010000]
mixture_high_interval                   [0.100000, 0.500000]
mixture_seed                            1
#C1                                     1034
#CP                                     93998

@Parameters: 
am_callback_heuristic                   false
am_local_search                         true
am_start_heuristic                      false
colocation                              true
comp                                    false
cutC                                    true
cutC_init                               false
cutF                                    false
cutF_init                               false
cutF_stable                             false
cutF_wrong                              false
cutLocal                                false
cutM                                    true
cutM_init                               true
cutM_stable                             false
cutP                                    true
cutP_init                               false
cutP_stable                             false
init                                    true
init_cutF_zero                          false
init_val_greedy                         true
is_Euclidean                            false
is_local_search                         false
is_right_cutP                           true
is_root                                 false
is_silent                               false
is_start                                false
mycut                                   false
pmed                                    false
pre                                     true
stable_root                             false
str                                     false
two_phase                               false
ubstr                                   false
mode                                    Int

am_callback_node_space                  50
init                                    0
mixture_seed                            1
node_space                              5
nodelimit                               -1
nsepa                                   1
strF                                    0
type_delta                              0

EPS                                     0.001000
EPS_FRAC                                0.00
gap                                     0.00
mixture_high_max                        0.50
mixture_high_min                        0.10
mixture_low_max                         0.01
mixture_low_min                         0.00
mixture_low_share                       0.10
timelimit                               3600.00

Number of Closed Sites: 8 / 80 
Number of Confined Sites-1: 3 / 27 
Number of Confined Sites-k: 789 / 2057 
Preprocess Time: 1.74 + 0.00 sec

Solve Time: 136.26
Number of Nodes: 1926
Termination Status: OPTIMAL

CutInfo: [phase] num / time (sec) / aver. num_nonzero
max              [LP]     0 / 0.00 / 0.00 [init]   780 / 0.02 / 7.85 [rLC]    63 / 0.04 / 26.92 [rUC]  1283 / 0.16 / 17.10 [sLC]     0 / 0.00 / 0.00 [sUC]  1378 / 2.12 / 13.33 
prod_oa          [LP]     0 / 0.00 / 0.00 [init]   780 / 0.03 / 113.64 [rLC]   787 / 0.17 / 133.89 [rUC]  1355 / 0.85 / 122.38 [sLC]     0 / 0.00 / 0.00 [sUC]  1210 / 7.32 / 124.90 
prod_sm_fixed    [LP]     0 / 0.00 / 0.00 [init]     0 / 0.00 / 0.00 [rLC]     0 / 0.00 / 0.00 [rUC]     0 / 0.00 / 0.00 [sLC]     0 / 0.00 / 0.00 [sUC]     0 / 0.00 / 0.00 
prod_bin         [LP]     0 / 0.00 / 0.00 [init]     0 / 0.00 / 0.00 [rLC]     0 / 0.00 / 0.00 [rUC]     0 / 0.00 / 0.00 [sLC]     0 / 0.00 / 0.00 [sUC]     0 / 0.00 / 0.00 
prod_local       [LP]     0 / 0.00 / 0.00 [init]     0 / 0.00 / 0.00 [rLC]     0 / 0.00 / 0.00 [rUC]     0 / 0.00 / 0.00 [sLC]     0 / 0.00 / 0.00 [sUC]     0 / 0.00 / 0.00 
prod_sm_C        [LP]     0 / 0.00 / 0.00 [init]     0 / 0.00 / 0.00 [rLC]     0 / 0.00 / 0.00 [rUC]     0 / 0.00 / 0.00 [sLC]     0 / 0.00 / 0.00 [sUC]     0 / 0.00 / 0.00 
facet            [LP]     0 / 0.00 / 0.00 [init]     0 / 0.00 / 0.00 [rLC]     0 / 0.00 / 0.00 [rUC]     0 / 0.00 / 0.00 [sLC]     0 / 0.00 / 0.00 [sUC]     0 / 0.00 / 0.00 
Separation Round:   [LP] 0  [init] 1  [rLC] 6  [rUC] 22  [sLC] 0  [sUC] 2061  
Root Best Bound 544.335705
Root Best Integer: 537.899542
Best Bound: 538.087266
Best Integer: 537.899542
1: 17, 21, 85, 133, 490, 583, 650, 667, 721, 749
Objective Value (calc): 537.854839
sum_etaM = 339.493529 / 339.493529
sum_etaP = 559.944654 / 559.894985
nL: 10
nCL: 0
mCL: 1
