Version identifier: 20.1.0.0 | 2020-11-10 | 9bedb6d68
CPXPARAM_Threads                                 1
CPXPARAM_TimeLimit                               3600
CPXPARAM_MIP_Tolerances_MIPGap                   0
Generic callback                                 0x60
1 of 1 MIP starts provided solutions.
MIP start 'm1' defined initial solution with objective 53.2011.
Tried aggregator 2 times.
MIP Presolve eliminated 55 rows and 24 columns.
Aggregator did 31 substitutions.
Reduced MIP has 1097 rows, 1145 columns, and 5458 nonzeros.
Reduced MIP has 288 binaries, 257 generals, 0 SOSs, and 0 indicators.
Presolve time = 0.00 sec. (2.76 ticks)
Probing time = 0.00 sec. (0.29 ticks)
Tried aggregator 1 time.
Reduced MIP has 1097 rows, 1145 columns, and 5458 nonzeros.
Reduced MIP has 288 binaries, 257 generals, 0 SOSs, and 0 indicators.
Presolve time = 0.00 sec. (1.58 ticks)
Probing time = 0.00 sec. (0.29 ticks)
MIP emphasis: balance optimality and feasibility.
MIP search method: dynamic search.
Parallel mode: none, using 1 thread.
Root relaxation solution time = 0.01 sec. (8.95 ticks)

        Nodes                                         Cuts/
   Node  Left     Objective  IInf  Best Integer    Best Bound    ItCnt     Gap

*     0+    0                           53.2011      300.0000           463.90%
      0     0       62.9948     5       53.2011       62.9948      916   18.41%
      0     0       54.0833    15       53.2011      Cuts: 93      998    1.66%
      0     0       53.9114    16       53.2011      Cuts: 76     1014    1.34%

Repeating presolve.
Tried aggregator 1 time.
MIP Presolve eliminated 709 rows and 665 columns.
MIP Presolve modified 99 coefficients.
Reduced MIP has 388 rows, 480 columns, and 1129 nonzeros.
Reduced MIP has 47 binaries, 37 generals, 0 SOSs, and 0 indicators.
Presolve time = 0.00 sec. (1.13 ticks)
Probing time = 0.00 sec. (0.06 ticks)
Tried aggregator 1 time.
Reduced MIP has 388 rows, 480 columns, and 1129 nonzeros.
Reduced MIP has 47 binaries, 37 generals, 0 SOSs, and 0 indicators.
Presolve time = 0.00 sec. (0.36 ticks)
Represolve time = 0.00 sec. (3.00 ticks)
Probing time = 0.00 sec. (0.06 ticks)
MIP emphasis: balance optimality and feasibility.
MIP search method: dynamic search.
Parallel mode: none, using 1 thread.
Root relaxation solution time = 0.01 sec. (8.25 ticks)

        Nodes                                         Cuts/
   Node  Left     Objective  IInf  Best Integer    Best Bound    ItCnt     Gap

*     0+    0                           53.2011       53.9114             1.34%
      0     0       53.9114    16       53.2011       53.9114     1512    1.34%
      0     0       53.7495    16       53.2011      Cuts: 26     1543    1.03%
      0     0       53.6549    14       53.2011      Cuts: 20     1566    0.85%
      0     0       53.6336    19       53.2011       Cuts: 9     1575    0.81%
      0     0       53.6286    15       53.2011      Cuts: 25     1578    0.80%
*     0+    0                           53.2011       53.6286             0.80%
      0     0        cutoff             53.2011       53.6286     1578    0.80%
      0     2       53.6143    15       53.2011       53.6112     1578    0.77%
Elapsed time = 0.16 sec. (80.65 ticks, tree = 0.01 MB, solutions = 2)

Flow cuts applied:  15
Mixed integer rounding cuts applied:  55
Lift and project cuts applied:  3
Gomory fractional cuts applied:  4
User cuts applied:  153

Root node processing (before b&c):
  Real time             =    0.16 sec. (80.59 ticks)
Sequential b&c:
  Real time             =    0.03 sec. (9.17 ticks)
                          ------------
Total (root+branch&cut) =    0.19 sec. (89.76 ticks)
|V|                                     300
K                                       5
theta                                   0.20
r                                       1
R                                       20
prob_func                               facility_mixture
mixture_low_share                       0.500000
mixture_low_interval                    [0.001000, 0.010000]
mixture_high_interval                   [0.100000, 0.500000]
mixture_seed                            1
#C1                                     350
#CP                                     2542

@Parameters: 
am_callback_heuristic                   false
am_local_search                         true
am_start_heuristic                      false
colocation                              true
comp                                    false
cutC                                    true
cutC_init                               false
cutF                                    false
cutF_init                               false
cutF_stable                             false
cutF_wrong                              false
cutLocal                                false
cutM                                    true
cutM_init                               true
cutM_stable                             false
cutP                                    true
cutP_init                               false
cutP_stable                             false
init                                    true
init_cutF_zero                          false
init_val_greedy                         true
is_Euclidean                            false
is_local_search                         false
is_right_cutP                           true
is_root                                 false
is_silent                               false
is_start                                false
mycut                                   false
pmed                                    false
pre                                     true
stable_root                             false
str                                     true
two_phase                               false
ubstr                                   false
mode                                    Int

am_callback_node_space                  50
init                                    0
mixture_seed                            1
node_space                              5
nodelimit                               -1
nsepa                                   1
strF                                    0
type_delta                              0

EPS                                     0.001000
EPS_FRAC                                0.00
gap                                     0.00
mixture_high_max                        0.50
mixture_high_min                        0.10
mixture_low_max                         0.01
mixture_low_min                         0.00
mixture_low_share                       0.50
timelimit                               3600.00

Number of Closed Sites: 12 / 60 
Number of Confined Sites-1: 31 / 124 
Number of Confined Sites-k: 257 / 508 
Preprocess Time: 0.43 + 0.00 sec

Solve Time: 0.19
Number of Nodes: 17
Termination Status: OPTIMAL

CutInfo: [phase] num / time (sec) / aver. num_nonzero
max              [LP]     0 / 0.00 / 0.00 [init]   291 / 0.00 / 3.85 [rLC]    74 / 0.00 / 8.62 [rUC]    81 / 0.02 / 7.86 [sLC]     0 / 0.00 / 0.00 [sUC]     5 / 0.00 / 5.00 
prod_oa          [LP]     0 / 0.00 / 0.00 [init]   291 / 0.00 / 8.60 [rLC]   137 / 0.00 / 18.04 [rUC]    28 / 0.01 / 24.25 [sLC]     0 / 0.00 / 0.00 [sUC]     3 / 0.00 / 14.33 
prod_sm_fixed    [LP]     0 / 0.00 / 0.00 [init]     0 / 0.00 / 0.00 [rLC]     0 / 0.00 / 0.00 [rUC]     0 / 0.00 / 0.00 [sLC]     0 / 0.00 / 0.00 [sUC]     0 / 0.00 / 0.00 
prod_bin         [LP]     0 / 0.00 / 0.00 [init]     0 / 0.00 / 0.00 [rLC]     0 / 0.00 / 0.00 [rUC]     0 / 0.00 / 0.00 [sLC]     0 / 0.00 / 0.00 [sUC]     0 / 0.00 / 0.00 
prod_local       [LP]     0 / 0.00 / 0.00 [init]     0 / 0.00 / 0.00 [rLC]     0 / 0.00 / 0.00 [rUC]     0 / 0.00 / 0.00 [sLC]     0 / 0.00 / 0.00 [sUC]     0 / 0.00 / 0.00 
prod_sm_C        [LP]     0 / 0.00 / 0.00 [init]     0 / 0.00 / 0.00 [rLC]     0 / 0.00 / 0.00 [rUC]     0 / 0.00 / 0.00 [sLC]     0 / 0.00 / 0.00 [sUC]     0 / 0.00 / 0.00 
facet            [LP]     0 / 0.00 / 0.00 [init]     0 / 0.00 / 0.00 [rLC]     0 / 0.00 / 0.00 [rUC]     0 / 0.00 / 0.00 [sLC]     0 / 0.00 / 0.00 [sUC]     0 / 0.00 / 0.00 
Separation Round:   [LP] 0  [init] 1  [rLC] 4  [rUC] 9  [sLC] 0  [sUC] 19  
Root Best Bound 53.583865
Root Best Integer: 53.201092
Best Bound: 53.375340
Best Integer: 53.201092
1: 22, 177, 183, 211, 226
Objective Value (calc): 53.201092
sum_etaM = 47.095541 / 47.095541
sum_etaP = 54.727480 / 54.727480
nL: 5
nCL: 0
mCL: 1
