Version identifier: 20.1.0.0 | 2020-11-10 | 9bedb6d68
CPXPARAM_Threads                                 1
CPXPARAM_TimeLimit                               3600
CPXPARAM_MIP_Tolerances_MIPGap                   0
Generic callback                                 0x60
1 of 1 MIP starts provided solutions.
MIP start 'm1' defined initial solution with objective 161.1422.
Tried aggregator 1 time.
Reduced MIP has 1 rows, 800 columns, and 400 nonzeros.
Reduced MIP has 400 binaries, 0 generals, 0 SOSs, and 0 indicators.
Presolve time = 0.00 sec. (0.18 ticks)
Probing time = 0.00 sec. (0.04 ticks)
Tried aggregator 1 time.
Reduced MIP has 1 rows, 800 columns, and 400 nonzeros.
Reduced MIP has 400 binaries, 0 generals, 0 SOSs, and 0 indicators.
Presolve time = 0.00 sec. (0.18 ticks)
Probing time = 0.00 sec. (0.04 ticks)
MIP emphasis: balance optimality and feasibility.
MIP search method: dynamic search.
Parallel mode: none, using 1 thread.
Root relaxation solution time = 0.00 sec. (0.11 ticks)

        Nodes                                         Cuts/
   Node  Left     Objective  IInf  Best Integer    Best Bound    ItCnt     Gap

*     0+    0                          161.1422      400.0000           148.23%
      0     0      235.8253    35      161.1422      400.0000        0  148.23%
      0     0      161.8303    15      161.1422 UserPurge2: 100      149    0.43%
      0     0      161.4907     4      161.1422 UserPurge2: 29      176    0.22%
*     0+    0                          161.4796      161.4907             0.01%

Repeating presolve.
Tried aggregator 1 time.
MIP Presolve eliminated 0 rows and 299 columns.
Reduced MIP has 1 rows, 501 columns, and 101 nonzeros.
Reduced MIP has 101 binaries, 0 generals, 0 SOSs, and 0 indicators.
Presolve time = 0.00 sec. (0.15 ticks)
Probing time = 0.00 sec. (0.01 ticks)
Tried aggregator 1 time.
Reduced MIP has 1 rows, 501 columns, and 101 nonzeros.
Reduced MIP has 101 binaries, 0 generals, 0 SOSs, and 0 indicators.
Presolve time = 0.00 sec. (0.09 ticks)
Represolve time = 0.00 sec. (1.46 ticks)
Probing time = 0.00 sec. (0.01 ticks)
MIP emphasis: balance optimality and feasibility.
MIP search method: dynamic search.
Parallel mode: none, using 1 thread.
Root relaxation solution time = 0.00 sec. (1.53 ticks)

        Nodes                                         Cuts/
   Node  Left     Objective  IInf  Best Integer    Best Bound    ItCnt     Gap

*     0+    0                          161.4796      161.4907             0.01%
      0     0      161.4907     4      161.4796      161.4907      430    0.01%
      0     0      161.4907     4      161.4796      161.4796      430    0.00%
Elapsed time = 2.21 sec. (38.97 ticks, tree = 0.01 MB, solutions = 2)
Version identifier: 20.1.0.0 | 2020-11-10 | 9bedb6d68
CPXPARAM_Threads                                 1
CPXPARAM_TimeLimit                               3597.7903490066528
CPXPARAM_MIP_Tolerances_MIPGap                   0
Generic callback                                 0x60
1 of 1 MIP starts provided solutions.
MIP start 'm1' defined initial solution with objective 161.4796.
Tried aggregator 1 time.
Reduced MIP has 347 rows, 800 columns, and 1400 nonzeros.
Reduced MIP has 400 binaries, 0 generals, 0 SOSs, and 0 indicators.
Presolve time = 0.00 sec. (0.54 ticks)
Probing time = 0.00 sec. (0.10 ticks)
Tried aggregator 1 time.
Reduced MIP has 347 rows, 800 columns, and 1400 nonzeros.
Reduced MIP has 400 binaries, 0 generals, 0 SOSs, and 0 indicators.
Presolve time = 0.00 sec. (0.54 ticks)
Probing time = 0.00 sec. (0.10 ticks)
MIP emphasis: balance optimality and feasibility.
MIP search method: dynamic search.
Parallel mode: none, using 1 thread.
Root relaxation solution time = 0.00 sec. (1.18 ticks)

        Nodes                                         Cuts/
   Node  Left     Objective  IInf  Best Integer    Best Bound    ItCnt     Gap

*     0+    0                          161.4796      400.0000           147.71%
      0     0      208.2893    25      161.4796      208.2893      374   28.99%
      0     0      162.1095     6      161.4796     Cuts: 186      464    0.39%
      0     0      161.4907     4      161.4796      Cuts: 24      481    0.01%

Repeating presolve.
Tried aggregator 1 time.
MIP Presolve eliminated 263 rows and 354 columns.
MIP Presolve modified 63 coefficients.
Reduced MIP has 84 rows, 446 columns, and 265 nonzeros.
Reduced MIP has 89 binaries, 0 generals, 0 SOSs, and 0 indicators.
Presolve time = 0.00 sec. (0.44 ticks)
Probing time = 0.00 sec. (0.02 ticks)
Tried aggregator 1 time.
Reduced MIP has 84 rows, 446 columns, and 265 nonzeros.
Reduced MIP has 89 binaries, 0 generals, 0 SOSs, and 0 indicators.
Presolve time = 0.00 sec. (0.17 ticks)
Represolve time = 0.00 sec. (1.63 ticks)
Probing time = 0.00 sec. (0.02 ticks)
MIP emphasis: balance optimality and feasibility.
MIP search method: dynamic search.
Parallel mode: none, using 1 thread.
Root relaxation solution time = 0.00 sec. (1.95 ticks)

        Nodes                                         Cuts/
   Node  Left     Objective  IInf  Best Integer    Best Bound    ItCnt     Gap

*     0+    0                          161.4796      161.4907             0.01%
      0     0      161.4907     4      161.4796      161.4907      705    0.01%
      0     0        cutoff            161.4796                    705     --- 
Elapsed time = 0.07 sec. (27.89 ticks, tree = 0.01 MB, solutions = 1)

Mixed integer rounding cuts applied:  17
Gomory fractional cuts applied:  6
User cuts applied:  284

Root node processing (before b&c):
  Real time             =    0.07 sec. (27.92 ticks)
Sequential b&c:
  Real time             =    0.00 sec. (0.00 ticks)
                          ------------
Total (root+branch&cut) =    0.07 sec. (27.92 ticks)
|V|                                     400
K                                       40
theta                                   1.00
r                                       1
R                                       20
prob_func                               facility_mixture
mixture_low_share                       0.500000
mixture_low_interval                    [0.001000, 0.010000]
mixture_high_interval                   [0.100000, 0.500000]
mixture_seed                            1
#C1                                     444
#CP                                     4364

@Parameters: 
am_callback_heuristic                   false
am_local_search                         true
am_start_heuristic                      false
colocation                              true
comp                                    false
cutC                                    true
cutC_init                               false
cutF                                    true
cutF_init                               false
cutF_stable                             false
cutF_wrong                              false
cutLocal                                false
cutM                                    true
cutM_init                               true
cutM_stable                             false
cutP                                    true
cutP_init                               false
cutP_stable                             false
init                                    true
init_cutF_zero                          false
init_val_greedy                         true
is_Euclidean                            false
is_local_search                         true
is_right_cutP                           true
is_root                                 false
is_silent                               false
is_start                                false
mycut                                   false
pmed                                    true
pre                                     true
stable_root                             false
str                                     true
two_phase                               false
ubstr                                   false
mode                                    Int

am_callback_node_space                  50
init                                    0
mixture_seed                            1
node_space                              5
nodelimit                               -1
nsepa                                   1
strF                                    0
type_delta                              0

EPS                                     0.001000
EPS_FRAC                                0.00
gap                                     0.00
mixture_high_max                        0.50
mixture_high_min                        0.10
mixture_low_max                         0.01
mixture_low_min                         0.00
mixture_low_share                       0.50
timelimit                               3600.00

Number of Closed Sites: 12 / 480 
Number of Confined Sites-1: 27 / 1053 
Number of Confined Sites-k: 361 / 4366 
Preprocess Time: 1.36 + 0.00 sec

Solve Time: 2.21
Number of Nodes: 1
Termination Status: OPTIMAL

CutInfo: [phase] num / time (sec) / aver. num_nonzero
max              [LP]     0 / 0.00 / 0.00 [init]     0 / 0.00 / 0.00 [rLC]  1139 / 0.80 / 7.34 [rUC]   157 / 0.02 / 2.76 [sLC]     0 / 0.00 / 0.00 [sUC]     0 / 0.00 / 0.00 
prod_oa          [LP]     0 / 0.00 / 0.00 [init]     0 / 0.00 / 0.00 [rLC]     0 / 0.00 / 0.00 [rUC]     0 / 0.00 / 0.00 [sLC]     0 / 0.00 / 0.00 [sUC]     0 / 0.00 / 0.00 
prod_sm_fixed    [LP]     0 / 0.00 / 0.00 [init]     0 / 0.00 / 0.00 [rLC]     0 / 0.00 / 0.00 [rUC]     0 / 0.00 / 0.00 [sLC]     0 / 0.00 / 0.00 [sUC]     0 / 0.00 / 0.00 
prod_bin         [LP]     0 / 0.00 / 0.00 [init]     0 / 0.00 / 0.00 [rLC]     0 / 0.00 / 0.00 [rUC]     0 / 0.00 / 0.00 [sLC]     0 / 0.00 / 0.00 [sUC]     0 / 0.00 / 0.00 
prod_local       [LP]     0 / 0.00 / 0.00 [init]     0 / 0.00 / 0.00 [rLC]     0 / 0.00 / 0.00 [rUC]     0 / 0.00 / 0.00 [sLC]     0 / 0.00 / 0.00 [sUC]     0 / 0.00 / 0.00 
prod_sm_C        [LP]     0 / 0.00 / 0.00 [init]     0 / 0.00 / 0.00 [rLC]     0 / 0.00 / 0.00 [rUC]     0 / 0.00 / 0.00 [sLC]     0 / 0.00 / 0.00 [sUC]     0 / 0.00 / 0.00 
facet            [LP]     0 / 0.00 / 0.00 [init]     0 / 0.00 / 0.00 [rLC]     0 / 0.00 / 0.00 [rUC]     0 / 0.00 / 0.00 [sLC]     0 / 0.00 / 0.00 [sUC]     0 / 0.00 / 0.00 
Separation Round:   [LP] 0  [init] 0  [rLC] 7  [rUC] 4  [sLC] 0  [sUC] 0  
Root Best Bound 161.490710
Root Best Integer: 161.479575
Best Bound: 161.490710
Best Integer: 161.479575
1: 13, 15, 19, 26, 27, 31, 34, 43, 50, 67, 72, 96, 121, 130, 132, 134, 141, 143, 146, 153, 172, 174, 197, 204, 212, 215, 237, 291, 295, 298, 309, 311, 316, 320, 358, 368, 379, 384, 388, 397
Objective Value (calc): 161.479575
sum_etaM = 161.479575 / 161.479575
sum_etaP = 0.000000 / 197.197906
nL: 40
nCL: 0
mCL: 1
Number of Closed Sites: 12 / 480 
Number of Confined Sites-1: 27 / 1053 
Number of Confined Sites-k: 361 / 4366 
Preprocess Time: 0.81 + 0.00 sec

Solve Time: 0.07
Number of Nodes: 0
Termination Status: OPTIMAL

CutInfo: [phase] num / time (sec) / aver. num_nonzero
max              [LP]     0 / 0.00 / 0.00 [init]   346 / 0.00 / 1.89 [rLC]   516 / 0.01 / 8.30 [rUC]   157 / 0.01 / 4.47 [sLC]     0 / 0.00 / 0.00 [sUC]     0 / 0.00 / 0.00 
prod_oa          [LP]     0 / 0.00 / 0.00 [init]     0 / 0.00 / 0.00 [rLC]     0 / 0.00 / 0.00 [rUC]     0 / 0.00 / 0.00 [sLC]     0 / 0.00 / 0.00 [sUC]     0 / 0.00 / 0.00 
prod_sm_fixed    [LP]     0 / 0.00 / 0.00 [init]     0 / 0.00 / 0.00 [rLC]     0 / 0.00 / 0.00 [rUC]     0 / 0.00 / 0.00 [sLC]     0 / 0.00 / 0.00 [sUC]     0 / 0.00 / 0.00 
prod_bin         [LP]     0 / 0.00 / 0.00 [init]     0 / 0.00 / 0.00 [rLC]     0 / 0.00 / 0.00 [rUC]     0 / 0.00 / 0.00 [sLC]     0 / 0.00 / 0.00 [sUC]     0 / 0.00 / 0.00 
prod_local       [LP]     0 / 0.00 / 0.00 [init]     0 / 0.00 / 0.00 [rLC]     0 / 0.00 / 0.00 [rUC]     0 / 0.00 / 0.00 [sLC]     0 / 0.00 / 0.00 [sUC]     0 / 0.00 / 0.00 
prod_sm_C        [LP]     0 / 0.00 / 0.00 [init]     0 / 0.00 / 0.00 [rLC]     0 / 0.00 / 0.00 [rUC]     0 / 0.00 / 0.00 [sLC]     0 / 0.00 / 0.00 [sUC]     0 / 0.00 / 0.00 
facet            [LP]     0 / 0.00 / 0.00 [init]     0 / 0.00 / 0.00 [rLC]     0 / 0.00 / 0.00 [rUC]     0 / 0.00 / 0.00 [sLC]     0 / 0.00 / 0.00 [sUC]     0 / 0.00 / 0.00 
Separation Round:   [LP] 0  [init] 1  [rLC] 4  [rUC] 3  [sLC] 0  [sUC] 0  
Root Best Bound 161.490710
Root Best Integer: 161.479575
Best Bound: 161.490710
Best Integer: 161.479575
1: 13, 15, 19, 26, 27, 31, 34, 43, 50, 67, 72, 96, 121, 130, 132, 134, 141, 143, 146, 153, 172, 174, 197, 204, 212, 215, 237, 291, 295, 298, 309, 311, 316, 320, 358, 368, 379, 384, 388, 397
Objective Value (calc): 161.479575
sum_etaM = 161.479575 / 161.479575
sum_etaP = 0.000000 / 197.197906
nL: 40
nCL: 0
mCL: 1
