Version identifier: 20.1.0.0 | 2020-11-10 | 9bedb6d68
CPXPARAM_Threads                                 1
CPXPARAM_TimeLimit                               3600
CPXPARAM_MIP_Tolerances_MIPGap                   0
Generic callback                                 0x60
1 of 1 MIP starts provided solutions.
MIP start 'm1' defined initial solution with objective 239.7053.
Tried aggregator 2 times.
MIP Presolve eliminated 46 rows and 22 columns.
Aggregator did 24 substitutions.
Reduced MIP has 1257 rows, 1554 columns, and 6057 nonzeros.
Reduced MIP has 389 binaries, 365 generals, 0 SOSs, and 0 indicators.
Presolve time = 0.00 sec. (2.94 ticks)
Probing time = 0.00 sec. (0.35 ticks)
Tried aggregator 1 time.
Reduced MIP has 1257 rows, 1554 columns, and 6057 nonzeros.
Reduced MIP has 389 binaries, 365 generals, 0 SOSs, and 0 indicators.
Presolve time = 0.00 sec. (1.72 ticks)
Probing time = 0.00 sec. (0.35 ticks)
MIP emphasis: balance optimality and feasibility.
MIP search method: dynamic search.
Parallel mode: none, using 1 thread.
Root relaxation solution time = 0.03 sec. (26.50 ticks)

        Nodes                                         Cuts/
   Node  Left     Objective  IInf  Best Integer    Best Bound    ItCnt     Gap

*     0+    0                          239.7053      400.0000            66.87%
      0     0      334.2555   153      239.7053      334.2555      961   39.44%
      0     0      241.6731   237      239.7053     Cuts: 386     1259    0.82%
      0     0      240.6953   223      239.7053     Cuts: 256     1455    0.41%
      0     0      240.4686   185      239.7053     Cuts: 206     1589    0.32%
      0     0      240.4112   242      239.7053      Cuts: 78     1672    0.29%
      0     0      240.3832   249      239.7053      Cuts: 41     1728    0.28%
      0     0      240.3666   213      239.7053      Cuts: 41     1774    0.28%
      0     0      240.3599   208      239.7053      Cuts: 27     1814    0.27%
      0     0      240.3494   235      239.7053      Cuts: 29     1856    0.27%
      0     0      240.3485   242      239.7053 UserPurge2: 23     1877    0.27%
      0     0      240.3464   227      239.7053 UserPurge2: 15     1900    0.27%
      0     0      240.3459   234      239.7053 UserPurge2: 9     1914    0.27%
      0     0      240.3446   218      239.7053 UserPurge2: 3     1922    0.27%
      0     0      240.3443   214      239.7053 UserPurge2: 4     1927    0.27%
      0     2      240.3443   214      239.7053      240.3440     1927    0.27%
Elapsed time = 0.89 sec. (533.01 ticks, tree = 0.01 MB, solutions = 1)
     50    48      239.8873   189      239.7053      240.3422     3799    0.27%
    105    99      239.8724   207      239.7053      240.3415     4768    0.27%
    146   130      239.9170   192      239.7053      240.3323     5679    0.26%
    200   167      239.8549   176      239.7053      240.3093     7463    0.25%
    262   205      240.0958   215      239.7053      240.2965     9260    0.25%
    312   236      240.0734   181      239.7053      240.2906    10919    0.24%
    361   270      239.9578   174      239.7053      240.2607    12337    0.23%
    420   313      239.9242   172      239.7053      240.2517    13708    0.23%

Performing restart 1

Repeating presolve.
Tried aggregator 1 time.
MIP Presolve eliminated 160 rows and 90 columns.
MIP Presolve modified 123 coefficients.
Reduced MIP has 1097 rows, 1464 columns, and 5400 nonzeros.
Reduced MIP has 370 binaries, 294 generals, 0 SOSs, and 0 indicators.
Presolve time = 0.00 sec. (2.00 ticks)
Tried aggregator 1 time.
Reduced MIP has 1097 rows, 1464 columns, and 5400 nonzeros.
Reduced MIP has 370 binaries, 294 generals, 0 SOSs, and 0 indicators.
Presolve time = 0.00 sec. (1.65 ticks)
Represolve time = 0.02 sec. (9.06 ticks)
    480     0      240.1489   260      239.7053      Cuts: 40    16453    0.19%
    480     0      240.0892   218      239.7053      Cuts: 36    16531    0.16%
    480     0      240.0696   243      239.7053      Cuts: 24    16582    0.15%
    480     0      240.0644   234      239.7053      Cuts: 31    16619    0.15%
    480     0      240.0627   242      239.7053      Cuts: 11    16643    0.15%
    480     0      240.0608   216      239.7053      Cuts: 14    16662    0.15%
    480     0      240.0597   226      239.7053       Cuts: 5    16673    0.15%
    480     0      240.0596   225      239.7053 UserPurge2: 1    16676    0.15%
    480     0      240.0596   227      239.7053       Cuts: 5    16679    0.15%
    480     0      240.0591   225      239.7053    MIRcuts: 1    16685    0.15%
    480     0      240.0548   233      239.7053      Cuts: 10    16699    0.15%
    480     0      240.0455   219      239.7053      Cuts: 13    16728    0.14%
    480     0      240.0396   216      239.7053      Cuts: 12    16742    0.14%
    480     0      240.0369   225      239.7053    MIRcuts: 2    16758    0.14%
    480     0      240.0359   225      239.7053    MIRcuts: 2    16763    0.14%
    480     0      240.0357   217      239.7053       Cuts: 3    16767    0.14%
    480     0      240.0356   219      239.7053 UserPurge2: 3    16769    0.14%
    480     2      240.0356   227      239.7053      240.0239    16769    0.13%
    499     9      239.7626   139      239.7053      239.9362    17660    0.10%
Elapsed time = 10.93 sec. (5235.30 ticks, tree = 0.03 MB, solutions = 1)
    640    69      239.7362   113      239.7053      239.7622    20727    0.02%

Flow cuts applied:  9
Mixed integer rounding cuts applied:  81
Lift and project cuts applied:  2
Gomory fractional cuts applied:  13
User cuts applied:  745

Root node processing (before b&c):
  Real time             =    0.89 sec. (533.01 ticks)
Sequential b&c:
  Real time             =   14.29 sec. (6089.55 ticks)
                          ------------
Total (root+branch&cut) =   15.18 sec. (6622.56 ticks)
|V|                                     400
K                                       133
theta                                   0.20
r                                       1
R                                       20
prob_func                               facility_mixture
mixture_low_share                       0.900000
mixture_low_interval                    [0.001000, 0.010000]
mixture_high_interval                   [0.100000, 0.500000]
mixture_seed                            1
#C1                                     456
#CP                                     4474

@Parameters: 
am_callback_heuristic                   false
am_local_search                         true
am_start_heuristic                      false
colocation                              true
comp                                    false
cutC                                    true
cutC_init                               false
cutF                                    true
cutF_init                               false
cutF_stable                             false
cutF_wrong                              false
cutLocal                                false
cutM                                    true
cutM_init                               true
cutM_stable                             false
cutP                                    true
cutP_init                               false
cutP_stable                             false
init                                    true
init_cutF_zero                          false
init_val_greedy                         true
is_Euclidean                            false
is_local_search                         true
is_right_cutP                           true
is_root                                 false
is_silent                               false
is_start                                false
mycut                                   false
pmed                                    false
pre                                     true
stable_root                             false
str                                     true
two_phase                               false
ubstr                                   false
mode                                    Int

am_callback_node_space                  50
init                                    0
mixture_seed                            1
node_space                              5
nodelimit                               -1
nsepa                                   1
strF                                    0
type_delta                              0

EPS                                     0.001000
EPS_FRAC                                0.00
gap                                     0.00
mixture_high_max                        0.50
mixture_high_min                        0.10
mixture_low_max                         0.01
mixture_low_min                         0.00
mixture_low_share                       0.90
timelimit                               3600.00

Number of Closed Sites: 11 / 1463 
Number of Confined Sites-1: 24 / 3168 
Number of Confined Sites-k: 365 / 25463 
Preprocess Time: 0.74 + 0.00 sec

Solve Time: 15.18
Number of Nodes: 942
Termination Status: OPTIMAL

CutInfo: [phase] num / time (sec) / aver. num_nonzero
max              [LP]     0 / 0.00 / 0.00 [init]   263 / 0.00 / 1.18 [rLC]   214 / 0.00 / 4.45 [rUC]   140 / 0.03 / 3.01 [sLC]     0 / 0.00 / 0.00 [sUC]    31 / 0.64 / 2.90 
prod_oa          [LP]     0 / 0.00 / 0.00 [init]   263 / 0.00 / 12.84 [rLC]   262 / 0.00 / 13.47 [rUC]   146 / 0.04 / 20.08 [sLC]     0 / 0.00 / 0.00 [sUC]   175 / 0.77 / 18.13 
prod_sm_fixed    [LP]     0 / 0.00 / 0.00 [init]     0 / 0.00 / 0.00 [rLC]     0 / 0.00 / 0.00 [rUC]     0 / 0.00 / 0.00 [sLC]     0 / 0.00 / 0.00 [sUC]     0 / 0.00 / 0.00 
prod_bin         [LP]     0 / 0.00 / 0.00 [init]     0 / 0.00 / 0.00 [rLC]     0 / 0.00 / 0.00 [rUC]     0 / 0.00 / 0.00 [sLC]     0 / 0.00 / 0.00 [sUC]     0 / 0.00 / 0.00 
prod_local       [LP]     0 / 0.00 / 0.00 [init]     0 / 0.00 / 0.00 [rLC]     0 / 0.00 / 0.00 [rUC]     0 / 0.00 / 0.00 [sLC]     0 / 0.00 / 0.00 [sUC]     0 / 0.00 / 0.00 
prod_sm_C        [LP]     0 / 0.00 / 0.00 [init]     0 / 0.01 / 0.00 [rLC]     0 / 0.01 / 0.00 [rUC]   787 / 0.14 / 25.44 [sLC]     0 / 0.00 / 0.00 [sUC]   530 / 2.64 / 30.39 
facet            [LP]     0 / 0.00 / 0.00 [init]     0 / 0.00 / 0.00 [rLC]     0 / 0.00 / 0.00 [rUC]   787 / 0.00 / 0.00 [sLC]     0 / 0.00 / 0.00 [sUC]   530 / 0.00 / 0.00 
Separation Round:   [LP] 0  [init] 1  [rLC] 2  [rUC] 15  [sLC] 0  [sUC] 1598  
Root Best Bound 240.344023
Root Best Integer: 239.705290
Best Bound: 239.705428
Best Integer: 239.705290
1: 7, 10, 15, 19, 22, 27, 31, 33, 34, 39, 54, 56, 61, 64, 65, 69, 72, 73, 76, 78, 85, 88, 92, 93, 100, 103, 105, 107, 109, 117, 121, 122, 131, 132, 134, 136, 143, 146, 148, 155, 167, 172, 177, 179, 183, 184, 188, 191, 192, 194, 196, 201, 203, 207, 210, 212, 213, 217, 224, 227, 229, 234, 236, 237, 240, 243, 246, 252, 265, 270, 275, 278, 280, 284, 291, 294, 299, 302, 310, 313, 315, 316, 322, 323, 325, 331, 334, 343, 345, 346, 348, 349, 353, 356, 360, 362, 364, 369, 370, 371, 384, 386, 388, 392, 399
2: 82, 112, 295, 311, 368, 379
3: 185, 215, 328, 358
4: 153
Objective Value (calc): 239.705290
sum_etaM = 200.123221 / 200.123221
sum_etaP = 249.600808 / 249.600808
nL: 116
nCL: 11
mCL: 4
