Version identifier: 20.1.0.0 | 2020-11-10 | 9bedb6d68
CPXPARAM_Threads                                 1
CPXPARAM_TimeLimit                               3600
CPXPARAM_MIP_Tolerances_MIPGap                   0
Generic callback                                 0x60
1 of 1 MIP starts provided solutions.
MIP start 'm1' defined initial solution with objective 251.4302.
Tried aggregator 2 times.
MIP Presolve eliminated 23 rows and 16 columns.
MIP Presolve modified 558 coefficients.
Aggregator did 7 substitutions.
Reduced MIP has 2333 rows, 2377 columns, and 37863 nonzeros.
Reduced MIP has 592 binaries, 585 generals, 0 SOSs, and 0 indicators.
Presolve time = 0.01 sec. (12.55 ticks)
Probing time = 0.00 sec. (1.85 ticks)
Tried aggregator 1 time.
Reduced MIP has 2333 rows, 2377 columns, and 37863 nonzeros.
Reduced MIP has 592 binaries, 585 generals, 0 SOSs, and 0 indicators.
Presolve time = 0.01 sec. (7.06 ticks)
Probing time = 0.00 sec. (1.85 ticks)
MIP emphasis: balance optimality and feasibility.
MIP search method: dynamic search.
Parallel mode: none, using 1 thread.
Root relaxation solution time = 0.12 sec. (156.41 ticks)

        Nodes                                         Cuts/
   Node  Left     Objective  IInf  Best Integer    Best Bound    ItCnt     Gap

*     0+    0                          251.4302      600.0000           138.63%
      0     0      276.7999     7      251.4302      276.7999     2223   10.09%
      0     0      255.7956    19      251.4302     Cuts: 455     2642    1.74%
      0     0      254.9505    17      251.4302     Cuts: 107     2756    1.40%

Repeating presolve.
Tried aggregator 1 time.
MIP Presolve eliminated 1282 rows and 1146 columns.
MIP Presolve modified 214 coefficients.
Reduced MIP has 1051 rows, 1231 columns, and 6780 nonzeros.
Reduced MIP has 66 binaries, 61 generals, 0 SOSs, and 0 indicators.
Presolve time = 0.01 sec. (5.14 ticks)
Probing time = 0.00 sec. (0.32 ticks)
Tried aggregator 1 time.
Reduced MIP has 1051 rows, 1231 columns, and 6780 nonzeros.
Reduced MIP has 66 binaries, 61 generals, 0 SOSs, and 0 indicators.
Presolve time = 0.00 sec. (1.55 ticks)
Represolve time = 0.02 sec. (15.61 ticks)
Probing time = 0.00 sec. (0.32 ticks)
MIP emphasis: balance optimality and feasibility.
MIP search method: dynamic search.
Parallel mode: none, using 1 thread.
Root relaxation solution time = 0.09 sec. (114.80 ticks)

        Nodes                                         Cuts/
   Node  Left     Objective  IInf  Best Integer    Best Bound    ItCnt     Gap

*     0+    0                          251.4302      254.9505             1.40%
      0     0      254.6737    15      251.4302      254.6737     4333    1.29%
      0     0      253.4295    22      251.4302     Cuts: 152     4538    0.80%
      0     0      253.2369    17      251.4302     Cuts: 362     4592    0.72%
      0     0      253.0666    17      251.4302      Cuts: 47     4640    0.65%
      0     0      252.9689    21      251.4302      Cuts: 38     4689    0.61%
      0     0      252.9454    21      251.4302      Cuts: 19     4715    0.60%
      0     0      252.9358    17      251.4302      Cuts: 10     4726    0.60%
      0     0      252.9349    15      251.4302    MIRcuts: 2     4729    0.60%
      0     2      252.9341    19      251.4302      252.9286     4729    0.60%
Elapsed time = 1.22 sec. (827.90 ticks, tree = 0.01 MB, solutions = 1)

Flow cuts applied:  16
Mixed integer rounding cuts applied:  293
Lift and project cuts applied:  2
Gomory fractional cuts applied:  2
User cuts applied:  743

Root node processing (before b&c):
  Real time             =    1.22 sec. (827.60 ticks)
Sequential b&c:
  Real time             =    0.28 sec. (143.58 ticks)
                          ------------
Total (root+branch&cut) =    1.50 sec. (971.18 ticks)
|V|                                     600
K                                       5
theta                                   0.20
r                                       2
R                                       20
prob_func                               facility_mixture
mixture_low_share                       0.100000
mixture_low_interval                    [0.001000, 0.010000]
mixture_high_interval                   [0.100000, 0.500000]
mixture_seed                            1
#C1                                     912
#CP                                     30954

@Parameters: 
am_callback_heuristic                   false
am_local_search                         true
am_start_heuristic                      false
colocation                              true
comp                                    false
cutC                                    true
cutC_init                               false
cutF                                    false
cutF_init                               false
cutF_stable                             false
cutF_wrong                              false
cutLocal                                false
cutM                                    true
cutM_init                               true
cutM_stable                             false
cutP                                    true
cutP_init                               false
cutP_stable                             false
init                                    true
init_cutF_zero                          false
init_val_greedy                         true
is_Euclidean                            false
is_local_search                         false
is_right_cutP                           true
is_root                                 false
is_silent                               false
is_start                                false
mycut                                   false
pmed                                    false
pre                                     true
stable_root                             false
str                                     false
two_phase                               false
ubstr                                   false
mode                                    Int

am_callback_node_space                  50
init                                    0
mixture_seed                            1
node_space                              5
nodelimit                               -1
nsepa                                   1
strF                                    0
type_delta                              0

EPS                                     0.001000
EPS_FRAC                                0.00
gap                                     0.00
mixture_high_max                        0.50
mixture_high_min                        0.10
mixture_low_max                         0.01
mixture_low_min                         0.00
mixture_low_share                       0.10
timelimit                               3600.00

Number of Closed Sites: 8 / 40 
Number of Confined Sites-1: 7 / 28 
Number of Confined Sites-k: 585 / 1097 
Preprocess Time: 1.33 + 0.00 sec

Solve Time: 1.50
Number of Nodes: 21
Termination Status: OPTIMAL

CutInfo: [phase] num / time (sec) / aver. num_nonzero
max              [LP]     0 / 0.00 / 0.00 [init]   581 / 0.01 / 9.11 [rLC]   253 / 0.07 / 16.51 [rUC]   375 / 0.05 / 16.52 [sLC]     1 / 0.01 / 8.00 [sUC]    96 / 0.04 / 19.57 
prod_oa          [LP]     0 / 0.00 / 0.00 [init]   581 / 0.01 / 49.13 [rLC]  1305 / 0.11 / 74.46 [rUC]    82 / 0.09 / 60.77 [sLC]    57 / 0.01 / 69.21 [sUC]    69 / 0.05 / 69.42 
prod_sm_fixed    [LP]     0 / 0.00 / 0.00 [init]     0 / 0.00 / 0.00 [rLC]     0 / 0.00 / 0.00 [rUC]     0 / 0.00 / 0.00 [sLC]     0 / 0.00 / 0.00 [sUC]     0 / 0.00 / 0.00 
prod_bin         [LP]     0 / 0.00 / 0.00 [init]     0 / 0.00 / 0.00 [rLC]     0 / 0.00 / 0.00 [rUC]     0 / 0.00 / 0.00 [sLC]     0 / 0.00 / 0.00 [sUC]     0 / 0.00 / 0.00 
prod_local       [LP]     0 / 0.00 / 0.00 [init]     0 / 0.00 / 0.00 [rLC]     0 / 0.00 / 0.00 [rUC]     0 / 0.00 / 0.00 [sLC]     0 / 0.00 / 0.00 [sUC]     0 / 0.00 / 0.00 
prod_sm_C        [LP]     0 / 0.00 / 0.00 [init]     0 / 0.00 / 0.00 [rLC]     0 / 0.00 / 0.00 [rUC]     0 / 0.00 / 0.00 [sLC]     0 / 0.00 / 0.00 [sUC]     0 / 0.00 / 0.00 
facet            [LP]     0 / 0.00 / 0.00 [init]     0 / 0.00 / 0.00 [rLC]     0 / 0.00 / 0.00 [rUC]     0 / 0.00 / 0.00 [sLC]     0 / 0.00 / 0.00 [sUC]     0 / 0.00 / 0.00 
Separation Round:   [LP] 0  [init] 1  [rLC] 12  [rUC] 11  [sLC] 1  [sUC] 23  
Root Best Bound 252.703169
Root Best Integer: 251.430186
Best Bound: 252.304907
Best Integer: 251.430186
1: 162, 301, 302, 304, 490
Objective Value (calc): 251.430186
sum_etaM = 193.716055 / 193.716055
sum_etaP = 265.858719 / 265.858719
nL: 5
nCL: 0
mCL: 1
