Version identifier: 20.1.0.0 | 2020-11-10 | 9bedb6d68
CPXPARAM_Threads                                 1
CPXPARAM_TimeLimit                               3600
CPXPARAM_MIP_Tolerances_MIPGap                   0
Generic callback                                 0x60
1 of 1 MIP starts provided solutions.
MIP start 'm1' defined initial solution with objective 50.8463.
Tried aggregator 1 time.
MIP Presolve eliminated 8 rows and 8 columns.
Reduced MIP has 345 rows, 592 columns, and 1282 nonzeros.
Reduced MIP has 192 binaries, 0 generals, 0 SOSs, and 0 indicators.
Presolve time = 0.00 sec. (0.49 ticks)
Probing time = 0.00 sec. (0.08 ticks)
Tried aggregator 1 time.
Reduced MIP has 345 rows, 592 columns, and 1282 nonzeros.
Reduced MIP has 192 binaries, 0 generals, 0 SOSs, and 0 indicators.
Presolve time = 0.00 sec. (0.48 ticks)
Probing time = 0.00 sec. (0.08 ticks)
MIP emphasis: balance optimality and feasibility.
MIP search method: dynamic search.
Parallel mode: none, using 1 thread.
Root relaxation solution time = 0.00 sec. (1.10 ticks)

        Nodes                                         Cuts/
   Node  Left     Objective  IInf  Best Integer    Best Bound    ItCnt     Gap

*     0+    0                           50.8463      200.0000           293.34%
      0     0       81.6041     5       50.8463       81.6041      374   60.49%
      0     0       53.5918     8       50.8463      Cuts: 61      422    5.40%
      0     0       52.8506     6       50.8463      Cuts: 24      441    3.94%
      0     0       52.7885     8       50.8463       Cuts: 5      452    3.82%
      0     0       52.7152     4       50.8463      Cuts: 21      468    3.68%
      0     0       52.6741     7       50.8463      Cuts: 16      478    3.59%
      0     0       52.6148     5       50.8463    MIRcuts: 4      482    3.48%
      0     0       52.6126     5       50.8463 UserPurge2: 4      486    3.47%
      0     2       52.6126     5       50.8463       52.6096      486    3.47%
Elapsed time = 0.15 sec. (41.95 ticks, tree = 0.01 MB, solutions = 1)
*    12     8      integral     0       52.5348       52.5886      527    0.10%

Flow cuts applied:  4
Mixed integer rounding cuts applied:  19
Gomory fractional cuts applied:  3
User cuts applied:  165

Root node processing (before b&c):
  Real time             =    0.16 sec. (41.95 ticks)
Sequential b&c:
  Real time             =    0.09 sec. (7.03 ticks)
                          ------------
Total (root+branch&cut) =    0.25 sec. (48.98 ticks)
|V|                                     200
K                                       20
theta                                   0.01
r                                       2
R                                       20
prob_func                               facility_mixture
mixture_low_share                       0.500000
mixture_low_interval                    [0.001000, 0.010000]
mixture_high_interval                   [0.100000, 0.500000]
mixture_seed                            1
#C1                                     222
#CP                                     474

@Parameters: 
am_callback_heuristic                   false
am_local_search                         true
am_start_heuristic                      false
colocation                              false
comp                                    false
cutC                                    true
cutC_init                               false
cutF                                    true
cutF_init                               false
cutF_stable                             false
cutF_wrong                              false
cutLocal                                false
cutM                                    true
cutM_init                               true
cutM_stable                             false
cutP                                    true
cutP_init                               false
cutP_stable                             false
init                                    true
init_cutF_zero                          false
init_val_greedy                         true
is_Euclidean                            false
is_local_search                         true
is_right_cutP                           true
is_root                                 false
is_silent                               false
is_start                                false
mycut                                   false
pmed                                    false
pre                                     true
stable_root                             false
str                                     false
two_phase                               false
ubstr                                   false
mode                                    Bin

am_callback_node_space                  50
init                                    0
mixture_seed                            1
node_space                              5
nodelimit                               -1
nsepa                                   1
strF                                    0
type_delta                              0

EPS                                     0.001000
EPS_FRAC                                0.00
gap                                     0.00
mixture_high_max                        0.50
mixture_high_min                        0.10
mixture_low_max                         0.01
mixture_low_min                         0.00
mixture_low_share                       0.50
timelimit                               3600.00

Number of Closed Sites: 8 / 160 
Number of Confined Sites-1: 46 / 874 
Number of Confined Sites-k: 146 / 1838 
Preprocess Time: 0.19 + 0.00 sec

Solve Time: 0.25
Number of Nodes: 21
Termination Status: OPTIMAL

CutInfo: [phase] num / time (sec) / aver. num_nonzero
max              [LP]     0 / 0.00 / 0.00 [init]   172 / 0.02 / 1.76 [rLC]    84 / 0.02 / 5.04 [rUC]    42 / 0.02 / 2.64 [sLC]     3 / 0.01 / 3.67 [sUC]     0 / 0.01 / 0.00 
prod_oa          [LP]     0 / 0.00 / 0.00 [init]     0 / 0.00 / 0.00 [rLC]     0 / 0.00 / 0.00 [rUC]     0 / 0.00 / 0.00 [sLC]     0 / 0.00 / 0.00 [sUC]     0 / 0.00 / 0.00 
prod_sm_fixed    [LP]     0 / 0.00 / 0.00 [init]     0 / 0.00 / 0.00 [rLC]     0 / 0.00 / 0.00 [rUC]     0 / 0.00 / 0.00 [sLC]     0 / 0.00 / 0.00 [sUC]     0 / 0.00 / 0.00 
prod_bin         [LP]     0 / 0.00 / 0.00 [init]   172 / 0.01 / 0.00 [rLC]   109 / 0.01 / 0.00 [rUC]    47 / 0.00 / 0.00 [sLC]     8 / 0.00 / 0.00 [sUC]     0 / 0.00 / 0.00 
prod_local       [LP]     0 / 0.00 / 0.00 [init]     0 / 0.00 / 0.00 [rLC]     0 / 0.00 / 0.00 [rUC]     0 / 0.00 / 0.00 [sLC]     0 / 0.00 / 0.00 [sUC]     0 / 0.00 / 0.00 
prod_sm_C        [LP]     0 / 0.00 / 0.00 [init]     0 / 0.00 / 0.00 [rLC]     0 / 0.00 / 0.00 [rUC]     0 / 0.00 / 0.00 [sLC]     0 / 0.00 / 0.00 [sUC]     0 / 0.00 / 0.00 
facet            [LP]     0 / 0.00 / 0.00 [init]     0 / 0.00 / 0.00 [rLC]     0 / 0.00 / 0.00 [rUC]     0 / 0.00 / 0.00 [sLC]     0 / 0.00 / 0.00 [sUC]     0 / 0.00 / 0.00 
Separation Round:   [LP] 0  [init] 1  [rLC] 4  [rUC] 9  [sLC] 2  [sUC] 20  
Root Best Bound 52.604281
Root Best Integer: 50.846277
Best Bound: 52.588627
Best Integer: 50.846277
1: 24, 29, 35, 78, 84, 88, 95, 104, 113, 117, 119, 128, 129, 133, 141, 145, 148, 167, 179, 188
Objective Value (calc): 52.534848
sum_etaM = 49.611840 / 49.611840
sum_etaP = 52.564373 / 52.564373
nL: 20
nCL: 0
mCL: 1
