Version identifier: 20.1.0.0 | 2020-11-10 | 9bedb6d68
CPXPARAM_Threads                                 1
CPXPARAM_TimeLimit                               3600
CPXPARAM_MIP_Tolerances_MIPGap                   0
Generic callback                                 0x60
1 of 1 MIP starts provided solutions.
MIP start 'm1' defined initial solution with objective 49.1612.
Tried aggregator 2 times.
MIP Presolve eliminated 50 rows and 6 columns.
Aggregator did 44 substitutions.
Reduced MIP has 663 rows, 750 columns, and 2023 nonzeros.
Reduced MIP has 197 binaries, 153 generals, 0 SOSs, and 0 indicators.
Presolve time = 0.00 sec. (1.42 ticks)
Probing time = 0.00 sec. (0.12 ticks)
Tried aggregator 1 time.
Reduced MIP has 663 rows, 750 columns, and 2023 nonzeros.
Reduced MIP has 197 binaries, 153 generals, 0 SOSs, and 0 indicators.
Presolve time = 0.00 sec. (0.74 ticks)
Probing time = 0.00 sec. (0.12 ticks)
MIP emphasis: balance optimality and feasibility.
MIP search method: dynamic search.
Parallel mode: none, using 1 thread.
Root relaxation solution time = 0.00 sec. (2.94 ticks)

        Nodes                                         Cuts/
   Node  Left     Objective  IInf  Best Integer    Best Bound    ItCnt     Gap

*     0+    0                           49.1612      200.0000           306.82%
      0     0       64.1143    14       49.1612       64.1143      527   30.42%
      0     0       49.6084    13       49.1612     Cuts: 112      589    0.91%
      0     0       49.3795     8       49.1612      Cuts: 40      624    0.44%

Repeating presolve.
Tried aggregator 1 time.
MIP Presolve eliminated 267 rows and 223 columns.
MIP Presolve modified 86 coefficients.
Reduced MIP has 396 rows, 527 columns, and 1024 nonzeros.
Reduced MIP has 100 binaries, 61 generals, 0 SOSs, and 0 indicators.
Presolve time = 0.00 sec. (0.78 ticks)
Probing time = 0.00 sec. (0.06 ticks)
Tried aggregator 1 time.
Reduced MIP has 396 rows, 527 columns, and 1024 nonzeros.
Reduced MIP has 100 binaries, 61 generals, 0 SOSs, and 0 indicators.
Presolve time = 0.00 sec. (0.39 ticks)
Represolve time = 0.00 sec. (1.95 ticks)
Probing time = 0.00 sec. (0.06 ticks)
MIP emphasis: balance optimality and feasibility.
MIP search method: dynamic search.
Parallel mode: none, using 1 thread.
Root relaxation solution time = 0.00 sec. (3.39 ticks)

        Nodes                                         Cuts/
   Node  Left     Objective  IInf  Best Integer    Best Bound    ItCnt     Gap

*     0+    0                           49.1612       49.3795             0.44%
      0     0       49.3734     9       49.1612       49.3734     1072    0.43%
*     0+    0                           49.2822       49.3734             0.18%
      0     0       49.3223    13       49.2822      Cuts: 20     1088    0.08%
      0     0       49.3127    13       49.2822       Cuts: 9     1092    0.06%
      0     0       49.3124    11       49.2822       Cuts: 4     1094    0.06%
      0     2       49.3124    11       49.2822       49.3118     1094    0.06%
Elapsed time = 0.12 sec. (54.17 ticks, tree = 0.01 MB, solutions = 2)

Flow cuts applied:  5
Mixed integer rounding cuts applied:  16
Gomory fractional cuts applied:  10
User cuts applied:  160

Root node processing (before b&c):
  Real time             =    0.12 sec. (54.18 ticks)
Sequential b&c:
  Real time             =    0.02 sec. (6.72 ticks)
                          ------------
Total (root+branch&cut) =    0.14 sec. (60.90 ticks)
|V|                                     200
K                                       20
theta                                   0.20
r                                       1
R                                       20
prob_func                               facility_mixture
mixture_low_share                       0.500000
mixture_low_interval                    [0.001000, 0.010000]
mixture_high_interval                   [0.100000, 0.500000]
mixture_seed                            1
#C1                                     208
#CP                                     488

@Parameters: 
am_callback_heuristic                   false
am_local_search                         true
am_start_heuristic                      false
colocation                              true
comp                                    false
cutC                                    true
cutC_init                               false
cutF                                    true
cutF_init                               false
cutF_stable                             false
cutF_wrong                              false
cutLocal                                false
cutM                                    true
cutM_init                               true
cutM_stable                             false
cutP                                    true
cutP_init                               false
cutP_stable                             false
init                                    true
init_cutF_zero                          false
init_val_greedy                         true
is_Euclidean                            false
is_local_search                         true
is_right_cutP                           true
is_root                                 false
is_silent                               false
is_start                                false
mycut                                   false
pmed                                    false
pre                                     true
stable_root                             false
str                                     true
two_phase                               false
ubstr                                   false
mode                                    Int

am_callback_node_space                  50
init                                    0
mixture_seed                            1
node_space                              5
nodelimit                               -1
nsepa                                   1
strF                                    0
type_delta                              0

EPS                                     0.001000
EPS_FRAC                                0.00
gap                                     0.00
mixture_high_max                        0.50
mixture_high_min                        0.10
mixture_low_max                         0.01
mixture_low_min                         0.00
mixture_low_share                       0.50
timelimit                               3600.00

Number of Closed Sites: 3 / 60 
Number of Confined Sites-1: 44 / 836 
Number of Confined Sites-k: 153 / 1858 
Preprocess Time: 0.19 + 0.00 sec

Solve Time: 0.14
Number of Nodes: 17
Termination Status: OPTIMAL

CutInfo: [phase] num / time (sec) / aver. num_nonzero
max              [LP]     0 / 0.00 / 0.00 [init]   178 / 0.00 / 1.67 [rLC]    81 / 0.01 / 4.12 [rUC]    26 / 0.00 / 3.23 [sLC]     0 / 0.00 / 0.00 [sUC]     2 / 0.00 / 3.00 
prod_oa          [LP]     0 / 0.00 / 0.00 [init]   178 / 0.00 / 3.15 [rLC]   115 / 0.00 / 5.41 [rUC]    15 / 0.00 / 8.47 [sLC]     2 / 0.00 / 8.00 [sUC]     0 / 0.00 / 0.00 
prod_sm_fixed    [LP]     0 / 0.00 / 0.00 [init]     0 / 0.00 / 0.00 [rLC]     0 / 0.00 / 0.00 [rUC]     0 / 0.00 / 0.00 [sLC]     0 / 0.00 / 0.00 [sUC]     0 / 0.00 / 0.00 
prod_bin         [LP]     0 / 0.00 / 0.00 [init]     0 / 0.00 / 0.00 [rLC]     0 / 0.00 / 0.00 [rUC]     0 / 0.00 / 0.00 [sLC]     0 / 0.00 / 0.00 [sUC]     0 / 0.00 / 0.00 
prod_local       [LP]     0 / 0.00 / 0.00 [init]     0 / 0.00 / 0.00 [rLC]     0 / 0.00 / 0.00 [rUC]     0 / 0.00 / 0.00 [sLC]     0 / 0.00 / 0.00 [sUC]     0 / 0.00 / 0.00 
prod_sm_C        [LP]     0 / 0.00 / 0.00 [init]     0 / 0.00 / 0.00 [rLC]     0 / 0.01 / 0.00 [rUC]    77 / 0.01 / 11.34 [sLC]     0 / 0.00 / 0.00 [sUC]     7 / 0.00 / 19.29 
facet            [LP]     0 / 0.00 / 0.00 [init]     0 / 0.00 / 0.00 [rLC]     0 / 0.00 / 0.00 [rUC]    77 / 0.00 / 0.00 [sLC]     0 / 0.00 / 0.00 [sUC]     7 / 0.00 / 0.00 
Separation Round:   [LP] 0  [init] 1  [rLC] 9  [rUC] 7  [sLC] 1  [sUC] 19  
Root Best Bound 49.307638
Root Best Integer: 49.282195
Best Bound: 49.299542
Best Integer: 49.282195
1: 21, 24, 29, 84, 88, 95, 103, 113, 117, 119, 128, 129, 133, 136, 141, 148, 167, 179, 185, 188
Objective Value (calc): 49.282195
sum_etaM = 46.321206 / 46.321206
sum_etaP = 50.022442 / 50.022442
nL: 20
nCL: 0
mCL: 1
