Version identifier: 20.1.0.0 | 2020-11-10 | 9bedb6d68
CPXPARAM_Threads                                 1
CPXPARAM_TimeLimit                               3600
CPXPARAM_MIP_Tolerances_MIPGap                   0
Generic callback                                 0x60
1 of 1 MIP starts provided solutions.
MIP start 'm1' defined initial solution with objective 38.2337.
Tried aggregator 1 time.
Reduced MIP has 1 rows, 400 columns, and 200 nonzeros.
Reduced MIP has 200 binaries, 0 generals, 0 SOSs, and 0 indicators.
Presolve time = 0.00 sec. (0.09 ticks)
Probing time = 0.00 sec. (0.02 ticks)
Tried aggregator 1 time.
Reduced MIP has 1 rows, 400 columns, and 200 nonzeros.
Reduced MIP has 200 binaries, 0 generals, 0 SOSs, and 0 indicators.
Presolve time = 0.00 sec. (0.09 ticks)
Probing time = 0.00 sec. (0.02 ticks)
MIP emphasis: balance optimality and feasibility.
MIP search method: dynamic search.
Parallel mode: none, using 1 thread.
Root relaxation solution time = 0.00 sec. (0.06 ticks)

        Nodes                                         Cuts/
   Node  Left     Objective  IInf  Best Integer    Best Bound    ItCnt     Gap

*     0+    0                           38.2337      200.0000           423.10%
      0     0       45.4393    11       38.2337      200.0000        0  423.10%
      0     0       38.5939     6       38.2337 UserPurge2: 39       39    0.94%
      0     0       38.3865     6       38.2337 UserPurge2: 3       46    0.40%
*     0+    0                           38.2461       38.3865             0.37%

Repeating presolve.
Tried aggregator 1 time.
MIP Presolve eliminated 0 rows and 113 columns.
Reduced MIP has 1 rows, 287 columns, and 87 nonzeros.
Reduced MIP has 87 binaries, 0 generals, 0 SOSs, and 0 indicators.
Presolve time = 0.00 sec. (0.08 ticks)
Probing time = 0.00 sec. (0.01 ticks)
Tried aggregator 1 time.
Reduced MIP has 1 rows, 287 columns, and 87 nonzeros.
Reduced MIP has 87 binaries, 0 generals, 0 SOSs, and 0 indicators.
Presolve time = 0.00 sec. (0.06 ticks)
Represolve time = 0.00 sec. (0.42 ticks)
Probing time = 0.00 sec. (0.01 ticks)
MIP emphasis: balance optimality and feasibility.
MIP search method: dynamic search.
Parallel mode: none, using 1 thread.
Root relaxation solution time = 0.00 sec. (1.00 ticks)

        Nodes                                         Cuts/
   Node  Left     Objective  IInf  Best Integer    Best Bound    ItCnt     Gap

*     0+    0                           38.2461       38.3865             0.37%
      0     0       38.3865     6       38.2461       38.3865      228    0.37%
      0     0       38.2476     4       38.2461 UserPurge2: 8      231    0.00%
      0     0       38.2476     4       38.2461       38.2461      231    0.00%
Elapsed time = 2.07 sec. (10.90 ticks, tree = 0.01 MB, solutions = 2)

User cuts applied:  237

Root node processing (before b&c):
  Real time             =    2.07 sec. (10.91 ticks)
Sequential b&c:
  Real time             =    0.00 sec. (0.01 ticks)
                          ------------
Total (root+branch&cut) =    2.07 sec. (10.92 ticks)
Version identifier: 20.1.0.0 | 2020-11-10 | 9bedb6d68
CPXPARAM_Threads                                 1
CPXPARAM_TimeLimit                               3597.927628993988
CPXPARAM_MIP_Tolerances_MIPGap                   0
Generic callback                                 0x60
1 of 1 MIP starts provided solutions.
MIP start 'm1' defined initial solution with objective 38.2461.
Tried aggregator 1 time.
Reduced MIP has 186 rows, 400 columns, and 797 nonzeros.
Reduced MIP has 200 binaries, 0 generals, 0 SOSs, and 0 indicators.
Presolve time = 0.00 sec. (0.33 ticks)
Probing time = 0.00 sec. (0.05 ticks)
Tried aggregator 1 time.
Reduced MIP has 186 rows, 400 columns, and 797 nonzeros.
Reduced MIP has 200 binaries, 0 generals, 0 SOSs, and 0 indicators.
Presolve time = 0.00 sec. (0.33 ticks)
Probing time = 0.00 sec. (0.05 ticks)
MIP emphasis: balance optimality and feasibility.
MIP search method: dynamic search.
Parallel mode: none, using 1 thread.
Root relaxation solution time = 0.00 sec. (0.57 ticks)

        Nodes                                         Cuts/
   Node  Left     Objective  IInf  Best Integer    Best Bound    ItCnt     Gap

*     0+    0                           38.2461      200.0000           422.93%
      0     0       58.0048     3       38.2461       58.0048      200   51.66%
      0     0       38.5629     2       38.2461      Cuts: 39      230    0.83%
      0     0       38.3321     6       38.2461      Cuts: 15      239    0.23%

Repeating presolve.
Tried aggregator 1 time.
MIP Presolve eliminated 112 rows and 242 columns.
MIP Presolve modified 51 coefficients.
Reduced MIP has 74 rows, 158 columns, and 203 nonzeros.
Reduced MIP has 40 binaries, 0 generals, 0 SOSs, and 0 indicators.
Presolve time = 0.00 sec. (0.24 ticks)
Probing time = 0.00 sec. (0.01 ticks)
Tried aggregator 1 time.
Reduced MIP has 74 rows, 158 columns, and 203 nonzeros.
Reduced MIP has 40 binaries, 0 generals, 0 SOSs, and 0 indicators.
Presolve time = 0.00 sec. (0.09 ticks)
Represolve time = 0.00 sec. (0.61 ticks)
Probing time = 0.00 sec. (0.01 ticks)
MIP emphasis: balance optimality and feasibility.
MIP search method: dynamic search.
Parallel mode: none, using 1 thread.
Root relaxation solution time = 0.00 sec. (0.82 ticks)

        Nodes                                         Cuts/
   Node  Left     Objective  IInf  Best Integer    Best Bound    ItCnt     Gap

*     0+    0                           38.2461       38.3321             0.23%
      0     0       38.3321     6       38.2461       38.3321      360    0.23%
      0     0       38.2476     4       38.2461       Cuts: 5      364    0.00%
      0     0        cutoff             38.2461                    364     --- 
Elapsed time = 0.03 sec. (11.50 ticks, tree = 0.01 MB, solutions = 1)

Mixed integer rounding cuts applied:  4
Gomory fractional cuts applied:  4
User cuts applied:  80

Root node processing (before b&c):
  Real time             =    0.04 sec. (11.51 ticks)
Sequential b&c:
  Real time             =    0.00 sec. (0.00 ticks)
                          ------------
Total (root+branch&cut) =    0.04 sec. (11.51 ticks)
|V|                                     200
K                                       10
theta                                   1.00
r                                       2
R                                       20
prob_func                               facility_mixture
mixture_low_share                       0.100000
mixture_low_interval                    [0.001000, 0.010000]
mixture_high_interval                   [0.100000, 0.500000]
mixture_seed                            1
#C1                                     220
#CP                                     664

@Parameters: 
am_callback_heuristic                   false
am_local_search                         true
am_start_heuristic                      false
colocation                              true
comp                                    false
cutC                                    true
cutC_init                               false
cutF                                    true
cutF_init                               false
cutF_stable                             false
cutF_wrong                              false
cutLocal                                false
cutM                                    true
cutM_init                               true
cutM_stable                             false
cutP                                    true
cutP_init                               false
cutP_stable                             false
init                                    true
init_cutF_zero                          false
init_val_greedy                         true
is_Euclidean                            false
is_local_search                         true
is_right_cutP                           true
is_root                                 false
is_silent                               false
is_start                                false
mycut                                   false
pmed                                    true
pre                                     true
stable_root                             false
str                                     true
two_phase                               false
ubstr                                   false
mode                                    Int

am_callback_node_space                  50
init                                    0
mixture_seed                            1
node_space                              5
nodelimit                               -1
nsepa                                   1
strF                                    0
type_delta                              0

EPS                                     0.001000
EPS_FRAC                                0.00
gap                                     0.00
mixture_high_max                        0.50
mixture_high_min                        0.10
mixture_low_max                         0.01
mixture_low_min                         0.00
mixture_low_share                       0.10
timelimit                               3600.00

Number of Closed Sites: 5 / 50 
Number of Confined Sites-1: 40 / 360 
Number of Confined Sites-k: 155 / 716 
Preprocess Time: 0.70 + 0.00 sec

Solve Time: 2.07
Number of Nodes: 1
Termination Status: OPTIMAL

CutInfo: [phase] num / time (sec) / aver. num_nonzero
max              [LP]     0 / 0.00 / 0.00 [init]     0 / 0.00 / 0.00 [rLC]   312 / 0.76 / 4.27 [rUC]    50 / 0.00 / 3.60 [sLC]     0 / 0.00 / 0.00 [sUC]     0 / 0.00 / 0.00 
prod_oa          [LP]     0 / 0.00 / 0.00 [init]     0 / 0.00 / 0.00 [rLC]     0 / 0.00 / 0.00 [rUC]     0 / 0.00 / 0.00 [sLC]     0 / 0.00 / 0.00 [sUC]     0 / 0.00 / 0.00 
prod_sm_fixed    [LP]     0 / 0.00 / 0.00 [init]     0 / 0.00 / 0.00 [rLC]     0 / 0.00 / 0.00 [rUC]     0 / 0.00 / 0.00 [sLC]     0 / 0.00 / 0.00 [sUC]     0 / 0.00 / 0.00 
prod_bin         [LP]     0 / 0.00 / 0.00 [init]     0 / 0.00 / 0.00 [rLC]     0 / 0.00 / 0.00 [rUC]     0 / 0.00 / 0.00 [sLC]     0 / 0.00 / 0.00 [sUC]     0 / 0.00 / 0.00 
prod_local       [LP]     0 / 0.00 / 0.00 [init]     0 / 0.00 / 0.00 [rLC]     0 / 0.00 / 0.00 [rUC]     0 / 0.00 / 0.00 [sLC]     0 / 0.00 / 0.00 [sUC]     0 / 0.00 / 0.00 
prod_sm_C        [LP]     0 / 0.00 / 0.00 [init]     0 / 0.00 / 0.00 [rLC]     0 / 0.00 / 0.00 [rUC]     0 / 0.00 / 0.00 [sLC]     0 / 0.00 / 0.00 [sUC]     0 / 0.00 / 0.00 
facet            [LP]     0 / 0.00 / 0.00 [init]     0 / 0.00 / 0.00 [rLC]     0 / 0.00 / 0.00 [rUC]     0 / 0.00 / 0.00 [sLC]     0 / 0.00 / 0.00 [sUC]     0 / 0.00 / 0.00 
Separation Round:   [LP] 0  [init] 0  [rLC] 8  [rUC] 5  [sLC] 0  [sUC] 0  
Root Best Bound 38.247557
Root Best Integer: 38.246063
Best Bound: 38.247557
Best Integer: 38.246063
1: 32, 47, 71, 75, 91, 116, 138, 142, 155, 177
Objective Value (calc): 38.246063
sum_etaM = 38.246063 / 38.246063
sum_etaP = 0.000000 / 40.511591
nL: 10
nCL: 0
mCL: 1
Number of Closed Sites: 5 / 50 
Number of Confined Sites-1: 40 / 360 
Number of Confined Sites-k: 155 / 716 
Preprocess Time: 0.20 + 0.00 sec

Solve Time: 0.04
Number of Nodes: 0
Termination Status: OPTIMAL

CutInfo: [phase] num / time (sec) / aver. num_nonzero
max              [LP]     0 / 0.00 / 0.00 [init]   185 / 0.00 / 2.23 [rLC]   100 / 0.00 / 6.80 [rUC]    38 / 0.00 / 4.24 [sLC]     0 / 0.00 / 0.00 [sUC]     0 / 0.00 / 0.00 
prod_oa          [LP]     0 / 0.00 / 0.00 [init]     0 / 0.00 / 0.00 [rLC]     0 / 0.00 / 0.00 [rUC]     0 / 0.00 / 0.00 [sLC]     0 / 0.00 / 0.00 [sUC]     0 / 0.00 / 0.00 
prod_sm_fixed    [LP]     0 / 0.00 / 0.00 [init]     0 / 0.00 / 0.00 [rLC]     0 / 0.00 / 0.00 [rUC]     0 / 0.00 / 0.00 [sLC]     0 / 0.00 / 0.00 [sUC]     0 / 0.00 / 0.00 
prod_bin         [LP]     0 / 0.00 / 0.00 [init]     0 / 0.00 / 0.00 [rLC]     0 / 0.00 / 0.00 [rUC]     0 / 0.00 / 0.00 [sLC]     0 / 0.00 / 0.00 [sUC]     0 / 0.00 / 0.00 
prod_local       [LP]     0 / 0.00 / 0.00 [init]     0 / 0.00 / 0.00 [rLC]     0 / 0.00 / 0.00 [rUC]     0 / 0.00 / 0.00 [sLC]     0 / 0.00 / 0.00 [sUC]     0 / 0.00 / 0.00 
prod_sm_C        [LP]     0 / 0.00 / 0.00 [init]     0 / 0.00 / 0.00 [rLC]     0 / 0.00 / 0.00 [rUC]     0 / 0.00 / 0.00 [sLC]     0 / 0.00 / 0.00 [sUC]     0 / 0.00 / 0.00 
facet            [LP]     0 / 0.00 / 0.00 [init]     0 / 0.00 / 0.00 [rLC]     0 / 0.00 / 0.00 [rUC]     0 / 0.00 / 0.00 [sLC]     0 / 0.00 / 0.00 [sUC]     0 / 0.00 / 0.00 
Separation Round:   [LP] 0  [init] 1  [rLC] 3  [rUC] 4  [sLC] 0  [sUC] 0  
Root Best Bound 38.247551
Root Best Integer: 38.246063
Best Bound: 38.247551
Best Integer: 38.246063
1: 32, 47, 71, 75, 91, 116, 138, 142, 155, 177
Objective Value (calc): 38.246063
sum_etaM = 38.246063 / 38.246063
sum_etaP = 0.000000 / 40.511591
nL: 10
nCL: 0
mCL: 1
