Version identifier: 20.1.0.0 | 2020-11-10 | 9bedb6d68
CPXPARAM_Threads                                 1
CPXPARAM_TimeLimit                               3600
CPXPARAM_MIP_Tolerances_MIPGap                   0
Generic callback                                 0x60
1 of 1 MIP starts provided solutions.
MIP start 'm1' defined initial solution with objective 407.2243.
Tried aggregator 1 time.
MIP Presolve eliminated 4 rows and 4 columns.
Reduced MIP has 1341 rows, 2096 columns, and 53065 nonzeros.
Reduced MIP has 696 binaries, 0 generals, 0 SOSs, and 0 indicators.
Presolve time = 0.02 sec. (11.88 ticks)
Probing time = 0.00 sec. (2.54 ticks)
Tried aggregator 1 time.
Reduced MIP has 1341 rows, 2096 columns, and 53065 nonzeros.
Reduced MIP has 696 binaries, 0 generals, 0 SOSs, and 0 indicators.
Presolve time = 0.02 sec. (11.52 ticks)
Probing time = 0.00 sec. (2.54 ticks)
MIP emphasis: balance optimality and feasibility.
MIP search method: dynamic search.
Parallel mode: none, using 1 thread.
Root relaxation solution time = 0.06 sec. (75.80 ticks)

        Nodes                                         Cuts/
   Node  Left     Objective  IInf  Best Integer    Best Bound    ItCnt     Gap

*     0+    0                          407.2243      700.0000            71.90%
      0     0      509.1062    16      407.2243      509.1062     1520   25.02%
      0     0      446.6784    38      407.2243     Cuts: 435     2030    9.69%
      0     0      444.4855    33      407.2243     Cuts: 184     2338    9.15%
      0     0      443.9521    34      407.2243     Cuts: 229     2540    9.02%
      0     0      443.7560    31      407.2243     Cuts: 140     2665    8.97%
      0     0      443.4789    31      407.2243     Cuts: 198     2826    8.90%
      0     0      443.3769    31      407.2243     Cuts: 129     2938    8.88%
      0     0      443.3102    33      407.2243      Cuts: 97     3037    8.86%
      0     0      443.2229    31      407.2243     Cuts: 106     3112    8.84%
      0     0      443.2014    30      407.2243      Cuts: 46     3175    8.83%
      0     0      443.1846    32      407.2243      Cuts: 27     3214    8.83%
      0     0      443.1764    31      407.2243 UserPurge2: 32     3241    8.83%
      0     0      443.1741    32      407.2243 UserPurge2: 16     3261    8.83%
      0     0      443.1730    32      407.2243 UserPurge2: 5     3271    8.83%
      0     0      443.1729    32      407.2243 UserPurge2: 3     3273    8.83%
      0     0      443.1728    32      407.2243 UserPurge2: 2     3277    8.83%
      0     2      443.0170    35      407.2243      443.0070     3277    8.79%
Elapsed time = 5.40 sec. (2019.97 ticks, tree = 0.01 MB, solutions = 1)
      3     5      441.2687    36      407.2243      441.9613     4675    8.53%
      5     7      435.7179    30      407.2243      441.3899     6433    8.39%
      7     9      434.7898    28      407.2243      441.3899     7900    8.39%
     10    12      423.6652    19      407.2243      441.3899     9794    8.39%
     15    17      411.5595    11      407.2243      441.3899    12358    8.39%
     22    20      438.5786    28      407.2243      441.3887    14219    8.39%
     25    23      430.3813    27      407.2243      441.3887    17110    8.39%
     26    24      429.8571    23      407.2243      441.3887    18145    8.39%
     30    28      416.7985    17      407.2243      441.3887    20307    8.39%
     40    34      424.3390    22      407.2243      441.2666    26425    8.36%
Elapsed time = 13.70 sec. (8178.87 ticks, tree = 0.56 MB, solutions = 1)
     50    40      434.6464    30      407.2243      441.2468    31667    8.35%
     55    45      427.6348    31      407.2243      441.2468    36495    8.35%
     60    50      422.3045    33      407.2243      441.2468    39130    8.35%
     66    56      418.5123    32      407.2243      441.2468    41867    8.35%
     75    65      414.8650    26      407.2243      441.2468    44872    8.35%
     82    72      411.7345    27      407.2243      441.2468    48105    8.35%
     92    82      408.5905    26      407.2243      441.2468    51268    8.35%
     99    85      434.2451    29      407.2243      437.8235    54829    7.51%
    102    88      428.0438    25      407.2243      437.8235    57211    7.51%
    108    94      418.4701    17      407.2243      437.8235    60068    7.51%
Elapsed time = 28.78 sec. (21157.60 ticks, tree = 1.77 MB, solutions = 1)
    119    99      434.5277    37      407.2243      437.8219    62968    7.51%
    122   102      429.6956    33      407.2243      437.8219    65745    7.51%
    125   105      426.4976    32      407.2243      437.8219    68217    7.51%
    131   111      418.6413    18      407.2243      437.8219    70901    7.51%
    141   117        cutoff            407.2243      437.8219    73718    7.51%
    145   121      424.6817    27      407.2243      436.9434    76763    7.30%
    150   126      410.5130    14      407.2243      436.9434    80223    7.30%
    158   128      431.2239    31      407.2243      436.9381    82904    7.30%
    160   130      426.2904    31      407.2243      436.9381    85003    7.30%
    165   135      423.3174    33      407.2243      436.9381    87337    7.30%
Elapsed time = 43.24 sec. (34042.47 ticks, tree = 3.30 MB, solutions = 1)
    168   138      419.9655    35      407.2243      436.9381    89778    7.30%
    170   140      414.2777    34      407.2243      436.9381    92924    7.30%
    175   145      412.1361    32      407.2243      436.9381    95125    7.30%
    180   150      411.2000    30      407.2243      436.9381    96701    7.30%
    187   155        cutoff            407.2243      436.9381   100238    7.30%
    190   156      426.7746    24      407.2243      435.7178   103656    7.00%
    195   161      419.2346    20      407.2243      435.7178   105909    7.00%
    202   166        cutoff            407.2243      435.7178   108066    7.00%
    206   168      426.6385    29      407.2243      435.7177   110225    7.00%
    211   173      417.5381    27      407.2243      435.7177   112198    7.00%
Elapsed time = 54.77 sec. (44904.86 ticks, tree = 4.63 MB, solutions = 1)
    217   179      410.4582    28      407.2243      435.7177   114365    7.00%
    220   182      408.1168    28      407.2243      435.7177   116167    7.00%
    227   185      430.7087    29      407.2243      435.5610   119376    6.96%
    230   188      420.6622    24      407.2243      435.5610   121846    6.96%
    235   193      413.1028    16      407.2243      435.5610   124602    6.96%
    244   198      425.6271    19      407.2243      434.7896   126822    6.77%
    249   203      415.4396    21      407.2243      434.7896   129096    6.77%
    252   206      410.0042    18      407.2243      434.7896   131784    6.77%
    258   208      424.3575    21      407.2243      434.6464   133776    6.73%
    260   210      416.8825    14      407.2243      434.6464   136052    6.73%
Elapsed time = 66.91 sec. (56460.31 ticks, tree = 7.24 MB, solutions = 1)
    265   215      410.8195    11      407.2243      434.6464   138587    6.73%
    272   214      428.7454    26      407.2243      434.0050   140898    6.58%
    275   217      423.7449    26      407.2243      434.0050   143098    6.58%
    279   221      418.8149    25      407.2243      434.0050   145347    6.58%
    280   222      416.1833    26      407.2243      434.0050   146492    6.58%
    284   226      412.3233    27      407.2243      434.0050   148274    6.58%
    290   232      409.2866    26      407.2243      434.0050   150475    6.58%
    298   236      427.7626    24      407.2243      433.7339   152887    6.51%
    300   238      424.7536    23      407.2243      433.7339   154670    6.51%
    305   243      412.2818    17      407.2243      433.7339   157100    6.51%
Elapsed time = 78.53 sec. (69429.68 ticks, tree = 8.33 MB, solutions = 1)
    312   246      426.9345    25      407.2243      433.7316   159017    6.51%
    316   250      417.6061    17      407.2243      433.7316   161769    6.51%
    320   254      409.7145    11      407.2243      433.7316   164627    6.51%
    325   255      422.1502    19      407.2243      433.5173   167467    6.46%
    330   260      411.6972    15      407.2243      433.5173   170171    6.46%
    337   263      426.2617    27      407.2243      432.7232   172006    6.26%
    342   268      419.6593    27      407.2243      432.7232   173874    6.26%
    347   273      415.4017    22      407.2243      432.7232   175781    6.26%
    351   277      409.9474    20      407.2243      432.7232   177832    6.26%
    359   281      425.6303    21      407.2243      432.6977   180374    6.26%
Elapsed time = 89.94 sec. (80841.96 ticks, tree = 9.53 MB, solutions = 1)
    360   282      423.6402    22      407.2243      432.6977   181277    6.26%
    362   284      414.1930    14      407.2243      432.6977   183384    6.26%
    371   285      428.5341    22      407.2243      432.2934   185721    6.16%
    374   288      421.9240    26      407.2243      432.2934   187562    6.16%
    378   292      418.2398    26      407.2243      432.2934   189565    6.16%
    381   295      413.4006    27      407.2243      432.2934   191209    6.16%
    388   302      410.4129    24      407.2243      432.2934   193410    6.16%
    395   305      426.3115    23      407.2243      431.8888   196598    6.06%
    398   308      420.8653    19      407.2243      431.8888   198760    6.06%
    400   310      419.6705    19      407.2243      431.8888   199413    6.06%
Elapsed time = 101.17 sec. (93111.90 ticks, tree = 9.52 MB, solutions = 1)
    404   314      414.4767    16      407.2243      431.8888   201589    6.06%
    412   318      425.8623    28      407.2243      431.5572   204344    5.98%
    415   321      418.7190    27      407.2243      431.5572   206929    5.98%
    420   326      412.1175    20      407.2243      431.5572   209237    5.98%
    425   327      429.9212    34      407.2243      431.5559   211193    5.97%
    427   329      424.9091    27      407.2243      431.5559   212771    5.97%
    429   331      420.8988    23      407.2243      431.5559   214968    5.97%
    432   334      417.0712    21      407.2243      431.5559   216515    5.97%
    435   337      412.7426    16      407.2243      431.5559   217833    5.97%
    442   340      425.8527    24      407.2243      431.2218   219967    5.89%
Elapsed time = 112.07 sec. (104893.77 ticks, tree = 10.57 MB, solutions = 1)
    445   343      418.9977    27      407.2243      431.2218   221789    5.89%
    450   348      413.0335    26      407.2243      431.2218   223587    5.89%
    456   354      408.8031    25      407.2243      431.2218   225662    5.89%
    464   358      421.2751    18      407.2243      430.9930   227636    5.84%
    470   364      407.8217    11      407.2243      430.9930   230129    5.84%
    475   365      420.5372    28      407.2243      430.9705   231851    5.83%
    479   369      413.6061    19      407.2243      430.9705   234045    5.83%
    482   370        cutoff            407.2243      430.9705   235534    5.83%
    490   370      425.2742    27      407.2243      430.9655   237972    5.83%
    505   379      428.5027    31      407.2243      430.7084   245249    5.77%
Elapsed time = 126.06 sec. (120110.26 ticks, tree = 13.22 MB, solutions = 1)
    520   394      415.9481    30      407.2243      430.7084   251591    5.77%
    540   407      421.4479    25      407.2243      430.7050   257457    5.77%
    554   415      424.1807    32      407.2243      430.3777   264255    5.69%
    561   422      416.5878    32      407.2243      430.3777   268037    5.69%
    573   430      427.6098    25      407.2243      430.3703   274544    5.68%
    590   441      420.5289    24      407.2243      430.2481   281065    5.65%
    609   456      417.9439    30      407.2243      430.2305   286641    5.65%
    627   468      416.0239    35      407.2243      429.6938   293131    5.52%
    645   482      425.7195    34      407.2243      429.6909   299756    5.52%
    654   491      412.5164    21      407.2243      429.6909   305921    5.52%
Elapsed time = 164.48 sec. (162119.95 ticks, tree = 22.18 MB, solutions = 1)
    670   501      414.5255    19      407.2243      429.6490   312066    5.51%
    695   516      423.1215    27      407.2243      428.9314   318471    5.33%
    710   525      421.3319    33      407.2243      428.9207   325496    5.33%
    717   532      412.6737    22      407.2243      428.9207   331858    5.33%
    728   539      420.3686    30      407.2243      428.7142   336836    5.28%
    740   551      409.7769    31      407.2243      428.7142   341513    5.28%
    756   563      407.4761    12      407.2243      428.5331   347903    5.23%
    776   575      417.8850    22      407.2243      428.4462   354317    5.21%
    800   591      413.3912    19      407.2243      428.4224   360548    5.21%
    824   605      414.3075    17      407.2243      428.0307   366863    5.11%
Elapsed time = 201.66 sec. (203033.14 ticks, tree = 30.57 MB, solutions = 1)
    851   618      420.2484    21      407.2243      427.9448   373595    5.09%
    871   634      410.8986    17      407.2243      427.8522   379870    5.07%
    882   641      417.5821    25      407.2243      427.7529   384139    5.04%
    906   661      413.6911    17      407.2243      427.6327   390090    5.01%
    926   669        cutoff            407.2243      427.5562   395728    4.99%
    940   680      420.7020    30      407.2243      427.4744   401854    4.97%

Performing restart 1

Repeating presolve.
Tried aggregator 1 time.
Reduced MIP has 1341 rows, 2096 columns, and 53065 nonzeros.
Reduced MIP has 696 binaries, 0 generals, 0 SOSs, and 0 indicators.
Presolve time = 0.02 sec. (11.56 ticks)
Tried aggregator 1 time.
Reduced MIP has 1341 rows, 2096 columns, and 53065 nonzeros.
Reduced MIP has 696 binaries, 0 generals, 0 SOSs, and 0 indicators.
Presolve time = 0.02 sec. (11.56 ticks)
Represolve time = 0.21 sec. (161.24 ticks)
    952     2      441.8626    35      407.2243      427.4744   414823    4.97%
    986    32      432.9522    25      407.2243      427.4744   426987    4.97%
   1061   103      427.9497    24      407.2243      427.4744   437304    4.97%
   1128   164      410.2969    23      407.2243      427.4744   448211    4.97%
Elapsed time = 245.90 sec. (246951.92 ticks, tree = 4.34 MB, solutions = 1)
   1199   218      429.8511    25      407.2243      427.4744   457347    4.97%
   1265   274        cutoff            407.2243      427.4744   469148    4.97%
   1333   334      417.5693    16      407.2243      427.4744   479526    4.97%
   1392   384      429.4310    26      407.2243      427.4744   488811    4.97%
   1436   422      418.1474    28      407.2243      427.4744   498590    4.97%
   1472   454      414.2741    20      407.2243      427.4744   508585    4.97%
   1539   510      424.8481    26      407.2243      427.4744   518476    4.97%
   1586   549      423.1490    28      407.2243      427.4744   528186    4.97%
   1604   567      413.8483    22      407.2243      427.4744   534574    4.97%
   1700   645      425.0023    21      407.2243      427.4744   545399    4.97%
Elapsed time = 290.98 sec. (286734.49 ticks, tree = 23.10 MB, solutions = 1)
   1799   734      425.4894    33      407.2243      427.4744   555536    4.97%
   1843   770      407.3211    12      407.2243      427.4744   564840    4.97%
   1884   803      414.3489    19      407.2243      427.4744   574367    4.97%
   1925   834      422.1015    23      407.2243      427.4744   583061    4.97%
   1989   884      423.2650    23      407.2243      427.4744   592945    4.97%
   2036   927      412.0430    23      407.2243      427.4744   601164    4.97%

Performing restart 2

Repeating presolve.
Tried aggregator 1 time.
Reduced MIP has 1341 rows, 2096 columns, and 53065 nonzeros.
Reduced MIP has 696 binaries, 0 generals, 0 SOSs, and 0 indicators.
Presolve time = 0.02 sec. (11.56 ticks)
Tried aggregator 1 time.
Reduced MIP has 1341 rows, 2096 columns, and 53065 nonzeros.
Reduced MIP has 696 binaries, 0 generals, 0 SOSs, and 0 indicators.
Presolve time = 0.02 sec. (11.56 ticks)
Represolve time = 0.28 sec. (207.51 ticks)
   2094     2      441.8519    35      407.2243      427.4744   614850    4.97%
   2160    53      434.4406    30      407.2243      427.4744   632568    4.97%
   2206    89      433.2737    27      407.2243      427.4744   643490    4.97%
   2260   131      420.4126     9      407.2243      427.4744   656982    4.97%
Elapsed time = 338.98 sec. (327815.76 ticks, tree = 1.85 MB, solutions = 1)
   2315   170      423.3144    16      407.2243      427.4744   666754    4.97%
   2358   203      413.4048     5      407.2243      427.4744   677828    4.97%
   2409   238      424.9941    27      407.2243      427.4744   689955    4.97%
   2459   270      424.3722    21      407.2243      427.4744   700965    4.97%
   2497   300      416.2759     7      407.2243      427.4744   711656    4.97%
   2534   327      426.5307    21      407.2243      427.4744   721207    4.97%
   2573   355      429.5670    30      407.2243      427.4744   732175    4.97%
   2588   370      413.3450    11      407.2243      427.4744   737467    4.97%
   2618   392      413.9931    10      407.2243      427.4744   746338    4.97%
   2652   422      410.5444    26      407.2243      427.4744   755594    4.97%
Elapsed time = 380.91 sec. (367262.97 ticks, tree = 6.84 MB, solutions = 1)
   2685   445      407.4142     6      407.2243      427.4744   764289    4.97%
   2722   468      419.7565    27      407.2243      427.4744   774834    4.97%
   2749   491      414.3373    10      407.2243      427.4744   783680    4.97%
   2780   516      410.6673    22      407.2243      427.4744   793236    4.97%
   2814   540      422.5393    31      407.2243      427.4744   802773    4.97%
   2840   562      408.1663     7      407.2243      427.4744   811533    4.97%
   2862   576      413.1512    29      407.2243      427.4744   820720    4.97%
   2909   605      417.9554    25      407.2243      427.4744   829929    4.97%
   2950   628      417.4662    12      407.2243      427.4744   839015    4.97%
   2987   651      410.2518     5      407.2243      427.4744   845575    4.97%
Elapsed time = 420.26 sec. (406924.34 ticks, tree = 11.52 MB, solutions = 1)
   3025   679      414.0534    16      407.2243      427.4744   854290    4.97%
   3072   708      426.3898    22      407.2243      427.4744   862771    4.97%
   3113   736      414.6625    13      407.2243      427.4744   871656    4.97%
   3151   764      414.9301    26      407.2243      427.4744   879085    4.97%
   3187   782      428.1548    23      407.2243      427.4744   887367    4.97%
   3226   815      423.3377    24      407.2243      427.4744   895300    4.97%
   3253   834      419.6388    30      407.2243      427.4744   903112    4.97%
   3276   853      425.9842    26      407.2243      427.4744   911143    4.97%
   3304   875      415.2815    15      407.2243      427.4744   919320    4.97%
   3329   892      418.8720    29      407.2243      427.4744   927564    4.97%
Elapsed time = 458.94 sec. (446272.90 ticks, tree = 22.52 MB, solutions = 1)
   3352   911      420.5813    21      407.2243      427.4744   936118    4.97%
   3392   935      413.2667    25      407.2243      427.4744   944291    4.97%
   3433   962      416.0449    14      407.2243      427.4744   952500    4.97%
   3473   985      426.3975    27      407.2243      427.4744   961449    4.97%
   3502  1008      420.3909    18      407.2243      427.4744   969564    4.97%
   3544  1040      426.7829    23      407.2243      427.4744   977731    4.97%
   3580  1065      417.1535    25      407.2243      427.4744   986348    4.97%
   3617  1092      415.4504    22      407.2243      427.4744   994040    4.97%
   3647  1114      413.6386    13      407.2243      427.4744  1002534    4.97%
   3684  1137      419.3742    31      407.2243      427.4744  1010069    4.97%
Elapsed time = 497.29 sec. (485663.89 ticks, tree = 34.25 MB, solutions = 1)
   3720  1169      414.6792    10      407.2243      427.4744  1016407    4.97%
   3759  1194      413.1890    16      407.2243      427.4744  1025473    4.97%
   3793  1221      414.6681    27      407.2243      427.4744  1033297    4.97%
   3832  1250      423.3131    20      407.2243      427.4744  1041192    4.97%
   3866  1268      419.6355    20      407.2243      427.4744  1049233    4.97%
   3901  1295      407.3240    13      407.2243      427.4744  1055813    4.97%
   3915  1303        cutoff            407.2243      427.4744  1062700    4.97%
   3933  1313      415.8523    34      407.2243      427.4744  1068989    4.97%
   3956  1332      411.6655    12      407.2243      427.4744  1076604    4.97%
   3979  1347      422.2406    19      407.2243      427.4744  1083870    4.97%
Elapsed time = 533.89 sec. (524546.39 ticks, tree = 41.69 MB, solutions = 1)
   4012  1370      412.3844    10      407.2243      427.4744  1091451    4.97%
   4042  1393      411.1623    24      407.2243      427.4744  1099870    4.97%
   4078  1417        cutoff            407.2243      427.4744  1107312    4.97%
   4103  1438      417.2823    18      407.2243      427.4744  1114737    4.97%
   4129  1456      409.7603    20      407.2243      427.4744  1122225    4.97%
   4168  1479      421.6481    24      407.2243      427.4744  1129901    4.97%
   4202  1505      409.2291    10      407.2243      427.4744  1137283    4.97%
   4225  1520      424.8701    25      407.2243      427.4744  1144708    4.97%
   4258  1545      423.8553    27      407.2243      427.4744  1151974    4.97%
   4284  1565      414.7333    30      407.2243      427.4744  1159484    4.97%
Elapsed time = 571.57 sec. (563841.55 ticks, tree = 53.79 MB, solutions = 1)
   4308  1573      413.8232    14      407.2243      427.4744  1167087    4.97%
   4348  1601      412.5383    12      407.2243      427.4744  1174597    4.97%
   4384  1625        cutoff            407.2243      427.4744  1181845    4.97%
   4416  1643      411.6375    17      407.2243      427.4744  1190077    4.97%
   4436  1659      408.2556     6      407.2243      427.4744  1196412    4.97%
   4465  1680      423.5738    23      407.2243      427.4744  1203801    4.97%
   4503  1705      424.4797    23      407.2243      427.4744  1210950    4.97%
   4540  1732      409.6334    20      407.2243      427.4744  1218315    4.97%
   4588  1758        cutoff            407.2243      427.4744  1225460    4.97%
   4617  1779      417.7595    19      407.2243      427.4744  1232503    4.97%
Elapsed time = 608.22 sec. (602822.07 ticks, tree = 67.68 MB, solutions = 1)
   4658  1807      417.8355    28      407.2243      427.4744  1239262    4.97%
   4691  1830      408.3149     5      407.2243      427.4744  1246790    4.97%
   4723  1846      415.4922    16      407.2243      427.4744  1254246    4.97%
   4762  1877      416.7716    14      407.2243      427.4744  1261345    4.97%
   4784  1893      410.1603    27      407.2243      427.4744  1267095    4.97%
   4812  1911      422.6736    20      407.2243      427.4744  1274798    4.97%
   4849  1940      423.3492    19      407.2243      427.4744  1282185    4.97%
   4885  1965      424.4522    23      407.2243      427.4744  1289501    4.97%
   4916  1990      413.4671    13      407.2243      427.4744  1296568    4.97%
   4958  2016      423.9843    25      407.2243      427.4744  1303770    4.97%
Elapsed time = 645.13 sec. (642001.02 ticks, tree = 81.42 MB, solutions = 1)
   4991  2039      421.6838    21      407.2243      427.4744  1310879    4.97%
   5032  2070      421.2770    20      407.2243      427.4744  1317589    4.97%
   5071  2091      421.8792    19      407.2243      427.4744  1324492    4.97%
   5104  2110      412.5267    26      407.2243      427.4744  1331668    4.97%
   5137  2129      425.8423    33      407.2243      427.4526  1338457    4.97%
   5159  2149      407.3519    23      407.2243      427.4526  1344655    4.97%
   5183  2161      419.7047    23      407.2243      427.3790  1351685    4.95%
   5223  2185        cutoff            407.2243      427.3584  1358900    4.94%
   5253  2205      410.8013    16      407.2243      427.2844  1366415    4.93%
   5289  2221      412.3818    24      407.2243      427.1886  1373242    4.90%
Elapsed time = 680.86 sec. (680895.16 ticks, tree = 94.03 MB, solutions = 1)
   5316  2238      419.1589    28      407.2243      427.1711  1379359    4.90%
   5353  2265      416.7040    18      407.2243      427.1354  1386576    4.89%
   5393  2297      420.2702    20      407.2243      427.1267  1393337    4.89%
   5429  2319      415.8599    27      407.2243      427.0669  1400573    4.87%
   5460  2342      421.1597    21      407.2243      427.0043  1406924    4.86%
   5501  2369      422.0929    19      407.2243      426.9009  1413873    4.83%
   5540  2395      412.1711    18      407.2243      426.8630  1420887    4.82%
   5570  2407        cutoff            407.2243      426.8019  1427920    4.81%
   5594  2420      410.7362    20      407.2243      426.7673  1434485    4.80%
   5622  2436      421.8614    23      407.2243      426.6988  1441188    4.78%
Elapsed time = 717.49 sec. (720165.14 ticks, tree = 106.11 MB, solutions = 1)
   5642  2450      418.9778    33      407.2243      426.6795  1447826    4.78%
   5663  2467      417.1552    19      407.2243      426.6352  1454823    4.77%
   5703  2491      413.8004    13      407.2243      426.5294  1461576    4.74%
   5743  2513      420.0653    24      407.2243      426.3906  1468850    4.71%
   5779  2541      421.1543    20      407.2243      426.3791  1475688    4.70%
   5814  2572      412.3108    15      407.2243      426.3599  1481826    4.70%
   5847  2587      420.8966    22      407.2243      426.3403  1489064    4.69%
   5888  2612      407.6159    14      407.2243      426.2073  1495935    4.66%
   5921  2629      411.2164    25      407.2243      426.1856  1502523    4.66%
   5941  2645      409.0785    17      407.2243      426.1445  1509125    4.65%
Elapsed time = 753.47 sec. (758803.16 ticks, tree = 118.14 MB, solutions = 1)
   5981  2671      421.4174    22      407.2243      426.0969  1516371    4.63%
   6026  2698      422.0066    23      407.2243      426.0732  1523212    4.63%
   6071  2727      412.8455    10      407.2243      426.0642  1529972    4.63%
   6105  2751      411.0925    22      407.2243      426.0226  1536576    4.62%
   6138  2776      409.5066    21      407.2243      425.9833  1543338    4.61%
   6176  2799      413.3800    27      407.2243      425.9504  1549829    4.60%
   6218  2826      424.6955    24      407.2243      425.9206  1556884    4.59%
   6244  2846      410.4133    13      407.2243      425.9077  1564093    4.59%
   6280  2874      409.5211    10      407.2243      425.9008  1570954    4.59%
   6318  2898      415.7391    16      407.2243      425.8473  1577269    4.57%
Elapsed time = 790.07 sec. (797748.22 ticks, tree = 133.49 MB, solutions = 1)
   6352  2918        cutoff            407.2243      425.8382  1583975    4.57%
   6396  2938      421.3876    29      407.2243      425.7925  1590631    4.56%
   6432  2968      407.3240     3      407.2243      425.6970  1597377    4.54%
   6468  2988      417.3961    20      407.2243      425.6722  1604047    4.53%
   6500  3006      419.5479    22      407.2243      425.6620  1611012    4.53%
   6533  3031      421.1492    21      407.2243      425.5979  1617605    4.51%
   6567  3051      416.2664    15      407.2243      425.5677  1623974    4.50%
   6608  3078      420.0552    28      407.2243      425.5195  1630528    4.49%
   6641  3103      420.6547    19      407.2243      425.4811  1637690    4.48%
   6669  3123      415.9186    16      407.2243      425.4435  1644805    4.47%
Elapsed time = 826.97 sec. (837019.18 ticks, tree = 148.55 MB, solutions = 1)
   6714  3146      408.5282    21      407.2243      425.3512  1651177    4.45%
   6748  3170      407.5615    19      407.2243      425.3361  1657798    4.45%
   6781  3187      411.4009    25      407.2243      425.2470  1664560    4.43%
   6819  3203      423.9085    29      407.2243      425.1849  1671408    4.41%
   6844  3222      414.6806    30      407.2243      425.1813  1677816    4.41%
   6869  3243      411.9368    21      407.2243      425.1370  1684458    4.40%
   6905  3267      409.0315     4      407.2243      425.1164  1691117    4.39%
   6958  3288      414.3895    20      407.2243      425.0066  1697503    4.37%
   6994  3314      418.4865    27      407.2243      424.9843  1704001    4.36%
   7026  3336      412.7912    24      407.2243      424.9100  1710740    4.34%
Elapsed time = 863.64 sec. (875768.10 ticks, tree = 163.34 MB, solutions = 1)
   7053  3351      419.3886    21      407.2243      424.8464  1717316    4.33%
   7086  3376      407.9572     7      407.2243      424.8115  1723574    4.32%
   7118  3394      414.6229    21      407.2243      424.7889  1730767    4.31%
   7157  3411      422.0130    30      407.2243      424.7201  1738108    4.30%
   7175  3421      422.4005    22      407.2243      424.7165  1744877    4.30%
   7200  3442      411.9234     8      407.2243      424.6799  1751601    4.29%
   7234  3464      410.0675    17      407.2243      424.6427  1758378    4.28%
   7267  3483      418.8115    21      407.2243      424.5916  1765505    4.26%
   7309  3515      407.4519     3      407.2243      424.5817  1772611    4.26%
   7351  3543      416.9042    18      407.2243      424.5139  1779124    4.25%
Elapsed time = 899.79 sec. (914693.44 ticks, tree = 174.34 MB, solutions = 1)
   7384  3566      418.8071    22      407.2243      424.5100  1785864    4.24%
   7414  3586      422.8663    29      407.2243      424.4754  1792595    4.24%
   7443  3601        cutoff            407.2243      424.4590  1799324    4.23%
   7492  3630      412.1875    18      407.2243      424.4474  1805804    4.23%
   7537  3661        cutoff            407.2243      424.4337  1812306    4.23%
   7582  3694      412.1104    11      407.2243      424.3909  1818799    4.22%
   7628  3725      420.0172    16      407.2243      424.3751  1825487    4.21%
   7667  3752      409.4017    19      407.2243      424.3720  1832329    4.21%
   7704  3771      420.7624    24      407.2243      424.3675  1838957    4.21%
   7738  3795      422.3969    27      407.2243      424.3438  1845419    4.20%
Elapsed time = 936.51 sec. (953744.65 ticks, tree = 197.76 MB, solutions = 1)
   7771  3812      420.0958    25      407.2243      424.3300  1852257    4.20%
   7806  3843      407.9561    30      407.2243      424.3271  1858424    4.20%
   7847  3872      411.8694    10      407.2243      424.3159  1864784    4.20%
   7880  3893      413.7535    18      407.2243      424.3078  1871805    4.20%
   7921  3922      407.8247    12      407.2243      424.2697  1878544    4.19%
   7959  3940      420.2195    22      407.2243      424.2205  1885614    4.17%
   7993  3960      413.7176    15      407.2243      424.2008  1892494    4.17%
   8040  3981      421.0657    19      407.2243      424.1608  1898988    4.16%
   8086  4001      410.0095    18      407.2243      424.1126  1905767    4.15%
   8118  4023      408.5997    15      407.2243      424.0526  1912678    4.13%
Elapsed time = 972.78 sec. (992664.30 ticks, tree = 215.42 MB, solutions = 1)
   8164  4049      414.6443    15      407.2243      424.0276  1919356    4.13%
   8206  4081      412.1351    10      407.2243      424.0118  1926112    4.12%
   8250  4107        cutoff            407.2243      423.9967  1932811    4.12%
   8284  4129      422.2534    21      407.2243      423.9765  1939980    4.11%
   8324  4161      410.8000    14      407.2243      423.9745  1946785    4.11%
   8361  4180      419.6575    24      407.2243      423.9206  1953536    4.10%
   8384  4199      408.4064    18      407.2243      423.9151  1960441    4.10%
   8428  4226      419.5991    16      407.2243      423.8953  1966971    4.09%
   8458  4248      411.6000    25      407.2243      423.8888  1973649    4.09%
   8489  4267      416.0960    27      407.2243      423.8760  1980496    4.09%
Elapsed time = 1009.54 sec. (1032083.00 ticks, tree = 234.74 MB, solutions = 1)
   8514  4278        cutoff            407.2243      423.8706  1986348    4.09%
   8551  4301        cutoff            407.2243      423.8486  1992963    4.08%
   8587  4320      414.5934    30      407.2243      423.8194  1999405    4.08%
   8623  4348      412.0483    15      407.2243      423.7976  2005896    4.07%
   8666  4375      417.1412    19      407.2243      423.7754  2012622    4.06%
   8710  4404      407.7251    17      407.2243      423.7520  2019392    4.06%
   8732  4414      416.3428    18      407.2243      423.7178  2025325    4.05%
   8775  4449      407.5549    16      407.2243      423.7117  2031770    4.05%
   8814  4472      415.3034    16      407.2243      423.6374  2038770    4.03%
   8852  4500      409.9771    12      407.2243      423.6353  2045281    4.03%
Elapsed time = 1046.07 sec. (1070908.02 ticks, tree = 252.86 MB, solutions = 1)
   8894  4522      417.2600    26      407.2243      423.6059  2052106    4.02%
   8925  4545      417.7926    32      407.2243      423.5735  2058443    4.01%
   8949  4565      410.0722    10      407.2243      423.5718  2065136    4.01%
   8975  4581      420.6804    20      407.2243      423.5536  2071328    4.01%
   9012  4604      419.7633    21      407.2243      423.5044  2078132    4.00%
   9051  4635      419.0988    27      407.2243      423.4300  2084628    3.98%
   9085  4659      412.0240    26      407.2243      423.4297  2091201    3.98%
   9126  4686      419.6890    18      407.2243      423.4192  2097831    3.98%
   9173  4714      414.7625    19      407.2243      423.3705  2105142    3.96%
   9203  4734      408.5020     7      407.2243      423.3534  2111303    3.96%
Elapsed time = 1083.27 sec. (1110229.98 ticks, tree = 270.59 MB, solutions = 1)
   9239  4758      414.2292    30      407.2243      423.3503  2117828    3.96%
   9273  4781      420.1717    21      407.2243      423.3337  2124296    3.96%
   9303  4807      408.2300    10      407.2243      423.3184  2130649    3.95%
   9339  4825      418.4714    28      407.2243      423.2875  2137244    3.94%
   9373  4849      416.7230    20      407.2243      423.2823  2144070    3.94%
   9410  4876      408.4072    10      407.2243      423.2793  2150490    3.94%
   9448  4906      408.7636    18      407.2243      423.2687  2156664    3.94%
   9485  4927      409.1163    12      407.2243      423.2537  2163322    3.94%
   9525  4945      410.9128    14      407.2243      423.2325  2170245    3.93%
   9556  4966      412.3162    12      407.2243      423.2127  2177245    3.93%
Elapsed time = 1119.73 sec. (1149078.72 ticks, tree = 285.80 MB, solutions = 1)
   9604  4994      409.4209    17      407.2243      423.1952  2183736    3.92%
   9642  5019      416.3681    18      407.2243      423.1737  2191103    3.92%
   9685  5048      418.7995    19      407.2243      423.1630  2197164    3.91%
   9720  5071      415.7962    16      407.2243      423.0578  2203643    3.89%
   9776  5103      420.6693    23      407.2243      423.0318  2209806    3.88%
   9820  5135      409.4467     9      407.2243      422.9974  2216088    3.87%
   9857  5160      412.9339    25      407.2243      422.9913  2222384    3.87%
   9889  5184      411.6498    24      407.2243      422.9706  2228906    3.87%
   9923  5206      417.7704    20      407.2243      422.9643  2235793    3.87%
   9960  5231      417.3291    17      407.2243      422.9534  2242640    3.86%
Elapsed time = 1156.90 sec. (1187821.86 ticks, tree = 305.96 MB, solutions = 1)
   9999  5248      414.6447    21      407.2243      422.9245  2249513    3.86%
  10036  5273      411.4600    10      407.2243      422.9161  2256421    3.85%
  10077  5300      420.8738    33      407.2243      422.8895  2263305    3.85%
  10104  5323      417.5673    26      407.2243      422.8757  2268767    3.84%
  10135  5344      418.4773    28      407.2243      422.8506  2274815    3.84%
  10174  5366      411.3549    23      407.2243      422.8355  2281771    3.83%
  10209  5393      408.3145    20      407.2243      422.8237  2288084    3.83%
  10244  5414      408.2581    12      407.2243      422.7735  2294535    3.82%
  10284  5438      417.8040    16      407.2243      422.7277  2301037    3.81%
  10329  5465      420.1955    18      407.2243      422.6930  2307940    3.80%
Elapsed time = 1193.92 sec. (1226576.14 ticks, tree = 322.79 MB, solutions = 1)
  10376  5501      408.9379    21      407.2243      422.6844  2314375    3.80%
  10414  5523      413.1433    17      407.2243      422.6727  2320634    3.79%
  10457  5542      416.0547    15      407.2243      422.6523  2327446    3.79%
  10488  5561      414.6300    22      407.2243      422.6287  2334514    3.78%
  10514  5579      407.9486    11      407.2243      422.6205  2340843    3.78%
  10551  5596      416.7347    27      407.2243      422.6000  2347388    3.78%
  10585  5622      412.8573    11      407.2243      422.5729  2354089    3.77%
  10636  5656      418.7735    16      407.2243      422.5388  2361468    3.76%
  10675  5679      421.5895    29      407.2243      422.5180  2368148    3.76%
  10711  5703      412.1092    13      407.2243      422.5120  2374944    3.75%
Elapsed time = 1230.59 sec. (1265726.84 ticks, tree = 335.97 MB, solutions = 1)
  10744  5720      414.2092    19      407.2243      422.4854  2381010    3.75%
  10777  5743      412.7532    18      407.2243      422.4777  2387737    3.75%
  10829  5775      408.5950    21      407.2243      422.4459  2394139    3.74%
  10876  5798      411.2191    22      407.2243      422.4348  2400481    3.74%
  10918  5824      418.7086    19      407.2243      422.4192  2406524    3.73%
  10954  5846      417.9997    21      407.2243      422.4057  2413094    3.73%
  11007  5879      417.6855    16      407.2243      422.3892  2419954    3.72%
  11049  5901      412.3795    18      407.2243      422.3712  2426709    3.72%
  11087  5929      411.5204     6      407.2243      422.3660  2433607    3.72%
  11126  5952      412.2789    15      407.2243      422.3549  2440119    3.72%
Elapsed time = 1267.91 sec. (1304485.67 ticks, tree = 349.98 MB, solutions = 1)
  11176  5978      412.4360    12      407.2243      422.3347  2446433    3.71%
  11210  6004      409.1411    28      407.2243      422.3120  2453040    3.71%
  11245  6021      416.9566    22      407.2243      422.2629  2460056    3.69%
  11276  6042      410.8854    12      407.2243      422.2593  2466814    3.69%
  11312  6068      408.3549    13      407.2243      422.2588  2473069    3.69%
  11355  6093      410.2403    27      407.2243      422.2529  2479484    3.69%
  11394  6114      414.2612    13      407.2243      422.2279  2485961    3.68%
  11432  6138      414.5641    30      407.2243      422.2105  2492606    3.68%
  11469  6167      408.9439    12      407.2243      422.1440  2499105    3.66%
  11511  6190      411.1407     9      407.2243      422.1385  2505587    3.66%
Elapsed time = 1305.60 sec. (1343472.44 ticks, tree = 370.05 MB, solutions = 1)
  11556  6215      416.3956    26      407.2243      422.1342  2512460    3.66%
  11585  6234      417.1467    25      407.2243      422.1173  2518542    3.66%
  11614  6253      412.8390    23      407.2243      422.0942  2525390    3.65%
  11651  6276      413.4441    32      407.2243      422.0818  2531765    3.65%
  11672  6293      408.8040    18      407.2243      422.0815  2537543    3.65%
  11714  6314      410.8800    22      407.2243      422.0042  2543721    3.63%
  11766  6344      418.9269    22      407.2243      421.9934  2550720    3.63%
  11799  6369      415.5604    27      407.2243      421.9735  2557302    3.62%
  11835  6388      407.9451     8      407.2243      421.9493  2563927    3.62%
  11877  6408      418.7869    21      407.2243      421.9172  2570349    3.61%
Elapsed time = 1343.37 sec. (1382718.09 ticks, tree = 387.03 MB, solutions = 1)
  11900  6423      410.9259    22      407.2243      421.8966  2577545    3.60%
  11945  6452      414.7274    20      407.2243      421.8889  2583754    3.60%
  11986  6474      413.8196    17      407.2243      421.8637  2590519    3.59%
  12017  6493      412.8164    28      407.2243      421.8628  2596791    3.59%
  12042  6510      407.6640    25      407.2243      421.8596  2603521    3.59%
  12082  6534      412.0914    16      407.2243      421.8339  2610155    3.59%
  12125  6555      410.5608    10      407.2243      421.8251  2616181    3.59%
  12153  6569      417.2192    27      407.2243      421.8200  2622734    3.58%
  12187  6591      410.9406    22      407.2243      421.8037  2629060    3.58%
  12228  6614      411.7279    22      407.2243      421.7886  2635596    3.58%
Elapsed time = 1380.93 sec. (1421753.01 ticks, tree = 405.09 MB, solutions = 1)
  12267  6635      416.5795    26      407.2243      421.7677  2642209    3.57%
  12292  6655      407.2323    22      407.2243      421.7659  2649116    3.57%
  12327  6677      418.8624    28      407.2243      421.7494  2655461    3.57%
  12357  6697      410.5546    14      407.2243      421.7363  2662025    3.56%
  12397  6723      414.7845    14      407.2243      421.7123  2668634    3.56%
  12424  6740      410.8284    31      407.2243      421.7068  2675053    3.56%
  12458  6766      410.0753    18      407.2243      421.7026  2681388    3.56%
  12487  6784      415.6291    23      407.2243      421.6921  2687767    3.55%
  12526  6809      415.8115    16      407.2243      421.6807  2694295    3.55%
  12563  6832        cutoff            407.2243      421.6695  2700642    3.55%
Elapsed time = 1417.98 sec. (1460723.12 ticks, tree = 422.58 MB, solutions = 1)
  12603  6856        cutoff            407.2243      421.6615  2706751    3.55%
  12634  6873      417.7206    24      407.2243      421.6547  2713047    3.54%
  12662  6891      412.3495    33      407.2243      421.6442  2719544    3.54%
  12699  6914      417.7075    18      407.2243      421.6372  2725716    3.54%
  12737  6938      413.6053    21      407.2243      421.6301  2731979    3.54%
  12767  6958      410.3149    18      407.2243      421.6058  2738809    3.53%
  12804  6977      414.8605    35      407.2243      421.5944  2745267    3.53%
  12822  6991      410.1034    19      407.2243      421.5892  2751844    3.53%
  12855  7010      412.7274    21      407.2243      421.5804  2758276    3.53%
  12898  7037      413.8326    20      407.2243      421.5739  2765091    3.52%
Elapsed time = 1455.10 sec. (1499619.21 ticks, tree = 439.64 MB, solutions = 1)
  12921  7050      415.7684    22      407.2243      421.5594  2771640    3.52%
  12944  7063      416.8906    28      407.2243      421.5364  2777834    3.51%
  12969  7080      413.5834    19      407.2243      421.5314  2784859    3.51%
  13007  7104      419.4133    26      407.2243      421.5216  2791411    3.51%
  13042  7129      413.6259    17      407.2243      421.5171  2797813    3.51%
  13085  7150      413.3929    15      407.2243      421.4988  2803893    3.51%
  13116  7169      412.0428    15      407.2243      421.4934  2810368    3.50%
  13148  7187      411.6553    16      407.2243      421.4711  2816796    3.50%
  13186  7209      411.2538    11      407.2243      421.4638  2823679    3.50%
  13224  7231      412.6651    24      407.2243      421.4323  2829955    3.49%
Elapsed time = 1492.06 sec. (1538438.36 ticks, tree = 454.18 MB, solutions = 1)
  13256  7251      413.5187    18      407.2243      421.4278  2836478    3.49%
  13294  7277      408.4764    11      407.2243      421.4227  2842988    3.49%
  13336  7301      407.3775     3      407.2243      421.4059  2849666    3.48%
  13372  7317      408.0634    19      407.2243      421.3833  2856125    3.48%
  13401  7334      410.7329    27      407.2243      421.3742  2862279    3.47%
  13441  7354      419.4089    18      407.2243      421.3697  2868359    3.47%
  13479  7378      409.0350    15      407.2243      421.3652  2874847    3.47%
  13523  7408      411.8757    22      407.2243      421.3387  2880917    3.47%
  13552  7430      409.5984    15      407.2243      421.3219  2887277    3.46%
  13593  7457        cutoff            407.2243      421.3190  2893934    3.46%
Elapsed time = 1529.22 sec. (1577144.00 ticks, tree = 468.56 MB, solutions = 1)
  13641  7481      408.3594     8      407.2243      421.2704  2900228    3.45%
  13675  7499      409.4285    19      407.2243      421.2526  2906876    3.44%
  13712  7518      408.3237     8      407.2243      421.2323  2913469    3.44%
  13759  7541      407.2680     9      407.2243      421.2141  2919992    3.44%
  13792  7558      409.8372    27      407.2243      421.1982  2925968    3.43%
  13824  7582      410.7503    31      407.2243      421.1871  2932288    3.43%
  13860  7606      412.5675    18      407.2243      421.1816  2938633    3.43%
  13904  7633      411.0402    13      407.2243      421.1765  2944927    3.43%
  13949  7653      415.5026    12      407.2243      421.1493  2951569    3.42%
  13984  7674      411.0143    29      407.2243      421.1428  2957938    3.42%
Elapsed time = 1566.23 sec. (1615762.70 ticks, tree = 488.89 MB, solutions = 1)
  14028  7701      418.5124    22      407.2243      421.1312  2964107    3.42%
  14062  7727      410.6148    13      407.2243      421.1270  2970829    3.41%
  14094  7745      408.6842    11      407.2243      421.1178  2977404    3.41%
  14128  7763      416.7741    17      407.2243      421.1019  2983948    3.41%
  14168  7791      420.2522    27      407.2243      421.0983  2990396    3.41%
  14201  7810      412.3002    19      407.2243      421.0810  2996847    3.40%
  14233  7826      415.1177    29      407.2243      421.0489  3003580    3.39%
  14264  7849      413.8853    13      407.2243      421.0379  3009750    3.39%
  14298  7869        cutoff            407.2243      421.0336  3015839    3.39%
  14335  7891      412.2586    22      407.2243      421.0263  3022071    3.39%
Elapsed time = 1603.21 sec. (1654557.91 ticks, tree = 505.76 MB, solutions = 1)
  14366  7910      416.9472    25      407.2243      421.0156  3028156    3.39%
  14402  7930      410.5225    26      407.2243      420.9873  3034398    3.38%
  14443  7959      410.3665     9      407.2243      420.9640  3040747    3.37%
  14481  7983      416.5533    17      407.2243      420.9454  3047164    3.37%
  14521  8009      418.6635    23      407.2243      420.9275  3053653    3.37%
  14562  8038      411.0357    13      407.2243      420.8886  3059929    3.36%
  14596  8065      407.5921     8      407.2243      420.8827  3066005    3.35%
  14631  8082      413.6672    19      407.2243      420.8761  3072589    3.35%
  14664  8107      409.9514    15      407.2243      420.8659  3079066    3.35%
  14701  8126      413.4375    34      407.2243      420.8504  3086153    3.35%
Elapsed time = 1641.31 sec. (1693823.83 ticks, tree = 525.14 MB, solutions = 1)
  14726  8141      413.3127    20      407.2243      420.8477  3092407    3.35%
  14769  8168      413.8721    21      407.2243      420.8318  3098675    3.34%
  14806  8195        cutoff            407.2243      420.8250  3105132    3.34%
  14847  8212      418.2230    22      407.2243      420.7909  3111664    3.33%
  14884  8237      414.7670    20      407.2243      420.7859  3117791    3.33%
  14924  8267      408.7235    26      407.2243      420.7835  3123651    3.33%
  14962  8287      415.3286    14      407.2243      420.7700  3130503    3.33%
  14997  8306        cutoff            407.2243      420.7661  3137164    3.33%
  15025  8330      407.8515     6      407.2243      420.7649  3143736    3.33%
  15062  8352      407.6352    19      407.2243      420.7515  3150202    3.32%
Elapsed time = 1678.08 sec. (1732475.09 ticks, tree = 540.16 MB, solutions = 1)
  15099  8369      416.4733    13      407.2243      420.7396  3156479    3.32%
  15128  8388      413.1915    16      407.2243      420.7291  3163313    3.32%
  15169  8413      413.1077    16      407.2243      420.7239  3169908    3.32%
  15206  8440      409.3814    29      407.2243      420.7158  3175812    3.31%
  15229  8453      412.1457    19      407.2243      420.7064  3181766    3.31%
  15265  8473      418.2006    19      407.2243      420.6920  3188546    3.31%
  15299  8493      412.0917    19      407.2243      420.6775  3195102    3.30%
  15339  8517      413.2203    20      407.2243      420.6650  3201299    3.30%
  15377  8541      415.6924    24      407.2243      420.6512  3207693    3.30%
  15415  8557      413.8146    30      407.2243      420.6238  3214088    3.29%
Elapsed time = 1715.95 sec. (1771579.44 ticks, tree = 555.28 MB, solutions = 1)
  15443  8577      410.8709    21      407.2243      420.6221  3220695    3.29%
  15479  8601      409.5195    24      407.2243      420.6121  3226631    3.29%
  15524  8630      407.2723    11      407.2243      420.6038  3233045    3.29%
  15565  8652      410.7792    11      407.2243      420.5998  3239502    3.28%
  15608  8683      407.4327    11      407.2243      420.5934  3245746    3.28%
  15638  8695      413.6800    21      407.2243      420.5786  3252671    3.28%
* 15655  8706      integral     0      407.2403      420.5689  3255976    3.27%
  15690  8729      407.8560    18      407.2403      420.5683  3262323    3.27%
  15718  8749      412.5034    21      407.2403      420.5648  3266583    3.27%
  15763  8780      417.2942    26      407.2403      420.5618  3272765    3.27%
Elapsed time = 1751.66 sec. (1808526.65 ticks, tree = 565.96 MB, solutions = 2)
  15798  8807      410.5726    15      407.2403      420.5204  3278846    3.26%
  15842  8831      412.7931    14      407.2403      420.5077  3284981    3.26%
  15887  8864      413.5669    16      407.2403      420.4854  3291296    3.25%
  15921  8890      411.4776    22      407.2403      420.4574  3297707    3.25%
  15961  8918      415.7988    18      407.2403      420.4393  3304284    3.24%
  15992  8941      407.7123    21      407.2403      420.4230  3310844    3.24%
  16033  8970      408.7094    21      407.2403      420.4111  3316893    3.23%
  16070  8991      418.2439    18      407.2403      420.4086  3324630    3.23%
  16100  9013      409.6774    16      407.2403      420.4035  3332220    3.23%
  16139  9038      415.0138    26      407.2403      420.3987  3338510    3.23%
Elapsed time = 1789.22 sec. (1847378.09 ticks, tree = 573.67 MB, solutions = 2)
  16173  9066      408.4041    16      407.2403      420.3951  3344422    3.23%
  16212  9084      408.5867    18      407.2403      420.3900  3350797    3.23%
  16242  9102      411.8958    27      407.2403      420.3880  3357147    3.23%
  16274  9122      412.4779    21      407.2403      420.3734  3363459    3.22%
  16315  9147      416.4762    18      407.2403      420.3657  3370001    3.22%
  16347  9167      411.7369    18      407.2403      420.3574  3376401    3.22%
  16386  9190      417.8256    26      407.2403      420.3504  3382889    3.22%
  16423  9220      408.8285     8      407.2403      420.3474  3388898    3.22%
  16465  9248      407.2941    13      407.2403      420.3284  3395138    3.21%
  16489  9264      409.0345    14      407.2403      420.3257  3401567    3.21%
Elapsed time = 1826.84 sec. (1886414.74 ticks, tree = 584.66 MB, solutions = 2)
  16528  9291      414.5300    22      407.2403      420.3112  3407538    3.21%
  16557  9316      407.7129    21      407.2403      420.3100  3413645    3.21%
  16599  9342      414.8774    21      407.2403      420.3011  3419834    3.21%
  16641  9372      415.7768    18      407.2403      420.2959  3426160    3.21%
  16679  9392      416.0764    25      407.2403      420.2794  3432668    3.20%
  16711  9411      412.6700    13      407.2403      420.2683  3438790    3.20%
  16761  9443      414.0335    27      407.2403      420.2542  3444906    3.20%
  16803  9469      409.6248    17      407.2403      420.2443  3451100    3.19%
  16836  9490      409.7940    16      407.2403      420.2334  3457514    3.19%
  16874  9513      412.0339     9      407.2403      420.2050  3463888    3.18%
Elapsed time = 1864.69 sec. (1925853.46 ticks, tree = 608.14 MB, solutions = 2)
  16916  9539      415.4037    23      407.2403      420.1737  3470468    3.18%
  16952  9564      416.6652    17      407.2403      420.1633  3477179    3.17%
  16989  9593      417.5219    29      407.2403      420.1509  3483297    3.17%
  17015  9615      407.9620    29      407.2403      420.1442  3489082    3.17%
  17037  9629      407.7748    30      407.2403      420.1202  3495714    3.16%
  17075  9655      414.5742    22      407.2403      420.0983  3501780    3.16%
  17117  9683      412.5170    19      407.2403      420.0886  3508138    3.15%
  17152  9706      415.4077    25      407.2403      420.0834  3514611    3.15%
  17178  9724      410.0104    22      407.2403      420.0739  3520902    3.15%
  17211  9744      407.2509    10      407.2403      420.0456  3527195    3.14%
Elapsed time = 1902.41 sec. (1965092.69 ticks, tree = 614.49 MB, solutions = 2)
  17250  9767        cutoff            407.2403      420.0377  3533270    3.14%
  17291  9792      410.2447    15      407.2403      420.0152  3539911    3.14%
  17323  9812      411.5891    18      407.2403      420.0124  3546206    3.14%
  17367  9836      412.2077    22      407.2403      420.0075  3552142    3.14%
  17407  9865      408.3963    26      407.2403      420.0044  3557967    3.13%
  17442  9882      416.6176    17      407.2403      420.0001  3564151    3.13%
  17467  9899      418.0528    29      407.2403      419.9976  3570001    3.13%
  17498  9922      410.4233    26      407.2403      419.9763  3576081    3.13%
  17533  9949      408.8234    24      407.2403      419.9594  3582213    3.12%
  17572  9972      414.1380    17      407.2403      419.9524  3588400    3.12%
Elapsed time = 1939.42 sec. (2003767.42 ticks, tree = 631.25 MB, solutions = 2)
  17605  9997      408.7379    26      407.2403      419.9468  3594448    3.12%
  17637 10017      414.9118    20      407.2403      419.9359  3600907    3.12%
  17678 10050      410.1211    22      407.2403      419.9213  3606856    3.11%
  17709 10067      410.7472    24      407.2403      419.9130  3612780    3.11%
  17742 10092      410.5978    26      407.2403      419.9005  3618958    3.11%
  17769 10109      410.5357    31      407.2403      419.8908  3624930    3.11%
  17805 10137      408.5260    16      407.2403      419.8653  3630452    3.10%
  17836 10155      408.0345    13      407.2403      419.8587  3637224    3.10%
  17871 10178      407.5318    23      407.2403      419.8302  3643436    3.09%
  17908 10199        cutoff            407.2403      419.8248  3649768    3.09%
Elapsed time = 1976.09 sec. (2042480.46 ticks, tree = 644.00 MB, solutions = 2)
  17945 10222      415.9904    26      407.2403      419.8189  3656188    3.09%
  17973 10242      413.2137    18      407.2403      419.7926  3662591    3.08%
  18008 10263      416.7160    25      407.2403      419.7829  3669349    3.08%
  18051 10298      408.2839     8      407.2403      419.7754  3675323    3.08%
  18092 10319      413.4465    20      407.2403      419.7626  3681844    3.07%
  18127 10345      413.4693    20      407.2403      419.7559  3687295    3.07%
  18163 10367      415.3895    23      407.2403      419.7179  3693849    3.06%
  18188 10388      407.5293    24      407.2403      419.7153  3699583    3.06%
  18217 10399      413.4465    26      407.2403      419.7075  3706208    3.06%
  18244 10418      414.4448    25      407.2403      419.7061  3712767    3.06%
Elapsed time = 2012.99 sec. (2081741.34 ticks, tree = 653.46 MB, solutions = 2)
  18279 10439      413.7793    27      407.2403      419.7017  3719266    3.06%
  18307 10459      413.7051    25      407.2403      419.6989  3725616    3.06%
  18348 10486      417.6726    20      407.2403      419.6928  3732203    3.06%
  18383 10513      408.6333    26      407.2403      419.6683  3738686    3.05%
  18418 10532      416.2627    19      407.2403      419.6594  3744731    3.05%
  18451 10551      415.8783    30      407.2403      419.6559  3751188    3.05%
  18482 10572      415.0659    25      407.2403      419.6443  3757444    3.05%
  18519 10597      412.0159    26      407.2403      419.6338  3763835    3.04%
  18559 10625      409.7402    21      407.2403      419.6307  3770258    3.04%
  18592 10646      414.6698    14      407.2403      419.6236  3776367    3.04%
Elapsed time = 2050.35 sec. (2120736.29 ticks, tree = 668.19 MB, solutions = 2)
  18634 10676      408.1927    16      407.2403      419.6012  3783006    3.04%
  18676 10702      414.8570    20      407.2403      419.5574  3789181    3.02%
  18713 10725      416.8484    28      407.2403      419.5467  3795917    3.02%
  18741 10741      413.1199    22      407.2403      419.5424  3802266    3.02%
  18788 10776      410.2446    17      407.2403      419.5325  3808358    3.02%
  18820 10794      415.0230    26      407.2403      419.5268  3814820    3.02%
  18857 10819        cutoff            407.2403      419.5167  3821083    3.01%
  18887 10837      414.6515    18      407.2403      419.5074  3827878    3.01%
  18923 10853      416.7107    16      407.2403      419.4882  3834705    3.01%
  18967 10885      410.5577    28      407.2403      419.4836  3840660    3.01%
Elapsed time = 2086.73 sec. (2159339.11 ticks, tree = 670.30 MB, solutions = 2)
  19008 10914      409.0614    15      407.2403      419.4787  3846849    3.01%
  19045 10937        cutoff            407.2403      419.4755  3853281    3.00%
  19086 10958      409.2059    11      407.2403      419.4669  3859553    3.00%
  19121 10976      415.8725    22      407.2403      419.4636  3866363    3.00%
  19157 11002      408.3379     9      407.2403      419.4525  3872515    3.00%
  19199 11028      413.0447    11      407.2403      419.4413  3878645    3.00%
  19239 11056      413.9487    21      407.2403      419.4325  3885187    2.99%
  19281 11082      415.2263    19      407.2403      419.4125  3891847    2.99%
  19312 11105      411.3775    22      407.2403      419.4048  3897610    2.99%
  19340 11119      411.6125     9      407.2403      419.3992  3904036    2.99%
Elapsed time = 2123.27 sec. (2198266.43 ticks, tree = 680.66 MB, solutions = 2)
  19375 11138      408.9862     9      407.2403      419.3842  3910276    2.98%
  19405 11154      415.0355    20      407.2403      419.3742  3916175    2.98%
  19444 11183      409.1990    22      407.2403      419.3721  3922315    2.98%
  19476 11200      415.3186    19      407.2403      419.3670  3928655    2.98%
  19508 11224      413.2081    28      407.2403      419.3660  3935000    2.98%
  19551 11253      417.1035    23      407.2403      419.3553  3941629    2.97%
  19587 11281      411.8867    17      407.2403      419.3522  3947547    2.97%
  19623 11305      408.2236    23      407.2403      419.3500  3953984    2.97%
  19660 11320      411.4732    16      407.2403      419.3388  3960450    2.97%
  19702 11350      412.4875    19      407.2403      419.3320  3966358    2.97%
Elapsed time = 2159.88 sec. (2237057.31 ticks, tree = 698.36 MB, solutions = 2)
  19744 11376      414.2367    23      407.2403      419.3196  3972794    2.97%
  19772 11396      413.2831    19      407.2403      419.3113  3979157    2.96%
  19803 11415      408.7033    33      407.2403      419.3086  3985627    2.96%
  19834 11436      409.4814    17      407.2403      419.3015  3991519    2.96%
  19869 11455      414.7670    15      407.2403      419.2819  3998248    2.96%
  19913 11481      411.3180    23      407.2403      419.2524  4004673    2.95%
  19959 11510      415.7058    18      407.2403      419.2452  4010905    2.95%
  20003 11538        cutoff            407.2403      419.2396  4016879    2.95%
  20049 11574      410.2716    19      407.2403      419.2362  4022643    2.95%
  20094 11604      412.2725    19      407.2403      419.2328  4028228    2.94%
Elapsed time = 2197.49 sec. (2276192.29 ticks, tree = 714.22 MB, solutions = 2)
  20137 11631      411.0485    20      407.2403      419.2289  4034447    2.94%
  20190 11666      412.9926    11      407.2403      419.2174  4040585    2.94%
  20227 11691      408.9170    18      407.2403      419.2126  4047117    2.94%
  20266 11716      409.3571     9      407.2403      419.2081  4053309    2.94%
  20308 11747      411.1109    17      407.2403      419.2051  4059374    2.94%
  20348 11772      411.8820    11      407.2403      419.1913  4065417    2.93%
  20400 11800      416.9578    20      407.2403      419.1854  4071833    2.93%
  20439 11827        cutoff            407.2403      419.1794  4078007    2.93%
  20474 11848      413.7525    22      407.2403      419.1672  4084558    2.93%
  20515 11877      413.2089    23      407.2403      419.1472  4090438    2.92%
Elapsed time = 2234.70 sec. (2314964.18 ticks, tree = 735.30 MB, solutions = 2)
  20557 11903        cutoff            407.2403      419.1367  4096672    2.92%
  20590 11926      411.4332    23      407.2403      419.1275  4103105    2.92%
  20624 11948      415.7621    28      407.2403      419.1151  4109402    2.92%
  20654 11966      409.4838    17      407.2403      419.1131  4115814    2.92%
  20691 11991      416.5124    28      407.2403      419.1120  4122154    2.92%
  20721 12013      408.4940    14      407.2403      419.1115  4128589    2.92%
  20760 12036      411.8096    13      407.2403      419.1079  4135108    2.91%
  20813 12069      417.0479    25      407.2403      419.0883  4141597    2.91%
  20845 12090      416.2021    18      407.2403      419.0647  4147888    2.90%
  20874 12107      410.3312    13      407.2403      419.0618  4154409    2.90%
Elapsed time = 2271.70 sec. (2354140.08 ticks, tree = 749.54 MB, solutions = 2)
  20918 12133      413.6564    16      407.2403      419.0468  4160679    2.90%
  20954 12153      412.8376    19      407.2403      419.0426  4166910    2.90%
  20988 12177      408.0017    27      407.2403      419.0413  4172886    2.90%
  21033 12207      407.3556    15      407.2403      419.0315  4179231    2.90%
  21074 12238      412.0936    12      407.2403      419.0219  4185067    2.89%
  21113 12263      410.1596    17      407.2403      419.0175  4191585    2.89%
  21145 12287      410.0973    10      407.2403      419.0155  4197723    2.89%
  21180 12310      407.7459    19      407.2403      419.0148  4203672    2.89%
  21218 12332      413.1325    24      407.2403      418.9971  4210258    2.89%
  21245 12351      415.7774    23      407.2403      418.9947  4216587    2.89%
Elapsed time = 2308.91 sec. (2392867.50 ticks, tree = 752.08 MB, solutions = 2)
  21273 12372      412.2577    19      407.2403      418.9838  4223147    2.88%
  21307 12392      412.3742    25      407.2403      418.9757  4229285    2.88%
  21350 12417      411.2700    20      407.2403      418.9670  4235668    2.88%
  21386 12441      416.2867    25      407.2403      418.9634  4241882    2.88%
  21418 12463      413.1969    20      407.2403      418.9479  4248100    2.87%
  21458 12496      408.7718    21      407.2403      418.9453  4253796    2.87%
  21494 12514      410.9285    16      407.2403      418.9365  4259990    2.87%
  21525 12535      407.7792    17      407.2403      418.9340  4266386    2.87%
  21564 12560      413.4662    17      407.2403      418.9161  4272364    2.87%
  21603 12583      414.9047    27      407.2403      418.9121  4278823    2.87%
Elapsed time = 2346.19 sec. (2431707.77 ticks, tree = 765.42 MB, solutions = 2)
  21629 12601      412.8701    18      407.2403      418.9112  4285437    2.87%
  21666 12626      408.3540    16      407.2403      418.9084  4291432    2.87%
  21705 12649      408.1071    22      407.2403      418.9034  4297340    2.86%
  21746 12676      407.7579    14      407.2403      418.8900  4303522    2.86%
  21792 12706      415.6892    20      407.2403      418.8689  4309574    2.86%
  21829 12730      407.2626    21      407.2403      418.8617  4315708    2.85%
  21869 12752      409.7469    16      407.2403      418.8497  4322477    2.85%
  21907 12776      411.4098    31      407.2403      418.8488  4328522    2.85%
  21941 12794      415.4313    16      407.2403      418.8380  4334929    2.85%
  21976 12821      407.5242    11      407.2403      418.8323  4341540    2.85%
Elapsed time = 2383.31 sec. (2470330.54 ticks, tree = 778.24 MB, solutions = 2)
  22007 12840      412.5697    27      407.2403      418.8290  4347932    2.85%
  22036 12861      415.2624    27      407.2403      418.8269  4354458    2.85%
  22067 12884      411.7920    27      407.2403      418.8264  4360468    2.85%
  22096 12902      414.2859    16      407.2403      418.8201  4367111    2.84%
  22133 12927      409.2421    31      407.2403      418.8166  4373282    2.84%
  22164 12947      416.3524    23      407.2403      418.8056  4379854    2.84%
  22198 12969      410.5462    16      407.2403      418.8004  4385956    2.84%
  22239 12998      409.3334    19      407.2403      418.7989  4391945    2.84%
  22276 13023      408.1889    15      407.2403      418.7957  4398549    2.84%
  22319 13050      409.9179    15      407.2403      418.7870  4404605    2.84%
Elapsed time = 2421.20 sec. (2509326.46 ticks, tree = 791.09 MB, solutions = 2)
  22348 13067      413.2186    28      407.2403      418.7781  4411911    2.83%
  22393 13096        cutoff            407.2403      418.7685  4417964    2.83%
  22440 13129      412.6690    22      407.2403      418.7550  4424010    2.83%
  22486 13161      409.9761    13      407.2403      418.7527  4429968    2.83%
  22540 13197      408.5263    17      407.2403      418.7407  4436472    2.82%
  22578 13220      411.5066    10      407.2403      418.7320  4442776    2.82%
  22622 13245      413.5983    27      407.2403      418.7187  4449205    2.82%
  22661 13272      414.9569    15      407.2403      418.7181  4455512    2.82%
  22691 13294      416.0409    15      407.2403      418.7133  4461677    2.82%
  22736 13323      416.4422    21      407.2403      418.7069  4467750    2.82%
Elapsed time = 2459.69 sec. (2548605.25 ticks, tree = 808.73 MB, solutions = 2)
  22770 13349      410.9056    21      407.2403      418.7016  4473934    2.81%
  22820 13381      408.2207     9      407.2403      418.6904  4480066    2.81%
  22863 13406      415.3318    23      407.2403      418.6852  4486461    2.81%
  22896 13431      410.1397    17      407.2403      418.6842  4491873    2.81%
  22936 13455      410.4334    21      407.2403      418.6811  4497985    2.81%
  22973 13480      412.6118    20      407.2403      418.6691  4504179    2.81%
  23024 13515      412.1924    22      407.2403      418.6664  4510083    2.81%
  23064 13541      415.4903    22      407.2403      418.6596  4516579    2.80%
  23099 13564      412.8175    19      407.2403      418.6436  4522921    2.80%
  23135 13582      416.1405    17      407.2403      418.6189  4529106    2.79%
Elapsed time = 2497.80 sec. (2587416.01 ticks, tree = 830.49 MB, solutions = 2)
  23170 13609      412.1646    28      407.2403      418.6147  4535525    2.79%
  23198 13625      412.6791    25      407.2403      418.6096  4541538    2.79%
  23239 13654      416.5145    22      407.2403      418.6031  4547630    2.79%
  23277 13682      409.5902    22      407.2403      418.5977  4553732    2.79%
  23313 13706      409.6789    16      407.2403      418.5770  4559418    2.78%
  23350 13727      411.5791    14      407.2403      418.5635  4565579    2.78%
  23390 13753      411.1407    21      407.2403      418.5458  4572173    2.78%
  23433 13784      411.4288    26      407.2403      418.5370  4578144    2.77%
  23475 13810      409.6428    17      407.2403      418.5349  4584185    2.77%
  23513 13834      408.7575    20      407.2403      418.5246  4590630    2.77%
Elapsed time = 2535.84 sec. (2626204.21 ticks, tree = 847.72 MB, solutions = 2)
  23553 13858      409.4743    18      407.2403      418.5210  4596543    2.77%
  23591 13884      408.8211    21      407.2403      418.5185  4602646    2.77%
  23641 13910      413.0280    21      407.2403      418.5106  4608902    2.77%
  23686 13941      415.2612    21      407.2403      418.4977  4614983    2.76%
  23715 13963      407.4814    22      407.2403      418.4974  4621696    2.76%
  23758 13990      408.4593     9      407.2403      418.4871  4628074    2.76%
  23796 14012      414.9972    23      407.2403      418.4783  4634183    2.76%
  23835 14033      415.2165    19      407.2403      418.4757  4640705    2.76%
  23871 14061      407.2502    24      407.2403      418.4734  4646998    2.76%
  23899 14071      412.7285    34      407.2403      418.4656  4653537    2.76%
Elapsed time = 2573.86 sec. (2664917.72 ticks, tree = 865.26 MB, solutions = 2)
  23936 14092      407.5893    10      407.2403      418.4609  4659724    2.76%
  23971 14111      413.2037    31      407.2403      418.4498  4665937    2.75%
  24008 14136      412.7715    16      407.2403      418.4471  4672059    2.75%
  24043 14157      413.9482    25      407.2403      418.4377  4677910    2.75%
  24080 14186      411.1317    20      407.2403      418.4325  4684066    2.75%
  24111 14209      408.0267    11      407.2403      418.4254  4689676    2.75%
  24150 14232      412.8988    28      407.2403      418.4139  4696143    2.74%
  24197 14263      415.3172    16      407.2403      418.4020  4702318    2.74%
  24241 14295      409.8923    23      407.2403      418.4001  4708584    2.74%
  24284 14322      414.8531    22      407.2403      418.3916  4714772    2.74%
Elapsed time = 2612.49 sec. (2704000.26 ticks, tree = 889.11 MB, solutions = 2)
  24322 14346      410.0795    21      407.2403      418.3855  4721318    2.74%
  24363 14373      412.8453    32      407.2403      418.3775  4727543    2.73%
  24385 14387      412.8420    18      407.2403      418.3738  4733998    2.73%
  24416 14406      414.5447    18      407.2403      418.3713  4740342    2.73%
  24460 14432      413.2051    20      407.2403      418.3572  4746637    2.73%
  24487 14451      415.2530    17      407.2403      418.3509  4752829    2.73%
  24518 14474      409.7407    22      407.2403      418.3472  4758582    2.73%
  24553 14492      414.1816    22      407.2403      418.3392  4765127    2.73%
  24600 14523      411.8760    26      407.2403      418.3297  4771194    2.72%
  24642 14549      407.3406    13      407.2403      418.3230  4777754    2.72%
Elapsed time = 2650.54 sec. (2743189.89 ticks, tree = 909.97 MB, solutions = 2)
  24675 14562      415.6738    20      407.2403      418.3170  4784698    2.72%
  24715 14590      415.0680    12      407.2403      418.3117  4790723    2.72%
  24768 14621      411.9052    21      407.2403      418.3056  4797120    2.72%
  24806 14645      410.1633    17      407.2403      418.3029  4803328    2.72%
  24854 14681      407.6828    13      407.2403      418.2933  4809270    2.71%
  24890 14701      413.1891    20      407.2403      418.2798  4815410    2.71%
  24921 14720      412.2198    26      407.2403      418.2667  4822150    2.71%
  24959 14746      408.8204    20      407.2403      418.2578  4828382    2.71%
  24991 14766      410.4350    20      407.2403      418.2507  4834661    2.70%
  25019 14782      411.8380    14      407.2403      418.2470  4841291    2.70%
Elapsed time = 2688.73 sec. (2782197.06 ticks, tree = 926.85 MB, solutions = 2)
  25068 14813      416.1202    16      407.2403      418.2398  4847389    2.70%
  25120 14848      410.9475    23      407.2403      418.2290  4853143    2.70%
  25161 14877      412.7619    18      407.2403      418.2194  4859445    2.70%
  25203 14907      407.9705    14      407.2403      418.2126  4865463    2.69%
  25249 14929      417.0904    15      407.2403      418.2073  4871679    2.69%
  25289 14957      408.1643     5      407.2403      418.2044  4878193    2.69%
  25324 14980      407.7831    23      407.2403      418.2010  4883521    2.69%
  25361 14993      417.1918    30      407.2403      418.1949  4890271    2.69%
  25392 15016      414.2080    30      407.2403      418.1841  4896355    2.69%
  25425 15037      408.0988    23      407.2403      418.1763  4902441    2.69%
Elapsed time = 2726.60 sec. (2820896.02 ticks, tree = 947.58 MB, solutions = 2)
  25455 15059      409.3837    27      407.2403      418.1705  4908430    2.68%
  25495 15081      409.6061    18      407.2403      418.1629  4914582    2.68%
  25534 15108      408.9280    23      407.2403      418.1577  4920497    2.68%
  25566 15126      412.4882    18      407.2403      418.1560  4926829    2.68%
  25606 15151        cutoff            407.2403      418.1474  4933327    2.68%
  25645 15182      409.2475    15      407.2403      418.1435  4939461    2.68%
  25682 15202      408.5170    24      407.2403      418.1427  4945641    2.68%
  25724 15228      415.0129    28      407.2403      418.1364  4950942    2.68%
  25756 15244      413.2462    30      407.2403      418.1346  4957172    2.68%
  25797 15269      412.2625    19      407.2403      418.1293  4963418    2.67%
Elapsed time = 2764.25 sec. (2859745.20 ticks, tree = 960.31 MB, solutions = 2)
  25840 15304      407.3558    15      407.2403      418.1249  4969204    2.67%
  25876 15326      407.5403    20      407.2403      418.1216  4975294    2.67%
  25915 15353      413.9084    13      407.2403      418.1153  4981662    2.67%
  25963 15379      414.9421    23      407.2403      418.1098  4988053    2.67%
  26008 15404      415.8225    18      407.2403      418.1090  4993861    2.67%
  26046 15434      407.5720     9      407.2403      418.1067  4999791    2.67%
  26091 15461      411.5497    22      407.2403      418.0941  5006037    2.67%
  26127 15487      408.6066    17      407.2403      418.0900  5011582    2.66%
  26158 15506      411.1515    19      407.2403      418.0831  5017700    2.66%
  26193 15527      412.0671    16      407.2403      418.0790  5024196    2.66%
Elapsed time = 2801.85 sec. (2898401.65 ticks, tree = 974.13 MB, solutions = 2)
  26223 15543      411.3060    21      407.2403      418.0773  5030827    2.66%
  26266 15570      408.3420    16      407.2403      418.0708  5036978    2.66%
  26307 15596        cutoff            407.2403      418.0648  5042995    2.66%
  26344 15625      408.1263    14      407.2403      418.0503  5049607    2.65%
  26378 15641      413.1304    12      407.2403      418.0426  5056111    2.65%
  26424 15671      414.8333    26      407.2403      418.0355  5062166    2.65%
  26465 15698      412.8851    26      407.2403      418.0307  5068174    2.65%
  26492 15713      411.7502    18      407.2403      418.0292  5074395    2.65%
  26537 15738      415.6694    20      407.2403      418.0246  5080682    2.65%
  26585 15771        cutoff            407.2403      418.0231  5086787    2.65%
Elapsed time = 2839.06 sec. (2937202.55 ticks, tree = 996.15 MB, solutions = 2)
  26627 15799      410.0585    21      407.2403      418.0184  5092908    2.65%
  26664 15818      413.1087    23      407.2403      418.0106  5099327    2.64%
  26695 15841      409.2361    24      407.2403      418.0066  5105312    2.64%
  26742 15869      411.1888    24      407.2403      417.9939  5111659    2.64%
  26783 15894      415.2015    20      407.2403      417.9852  5117868    2.64%
  26822 15921      411.4347    11      407.2403      417.9792  5124203    2.64%
  26870 15951      411.0399    15      407.2403      417.9695  5130539    2.63%
  26900 15969      411.0325    25      407.2403      417.9647  5136743    2.63%
  26936 15991      408.4783     8      407.2403      417.9605  5143199    2.63%
  26982 16015      416.9486    20      407.2403      417.9528  5149409    2.63%
Elapsed time = 2876.99 sec. (2975977.82 ticks, tree = 1012.76 MB, solutions = 2)
  27035 16048      413.6469    22      407.2403      417.9503  5155253    2.63%
  27074 16073      415.0542    26      407.2403      417.9443  5160907    2.63%
  27107 16091      411.9706    23      407.2403      417.9383  5167472    2.63%
  27158 16124      411.3765    20      407.2403      417.9296  5173524    2.62%
  27202 16156      412.3587    18      407.2403      417.9255  5179560    2.62%
  27248 16186      408.5632    21      407.2403      417.9223  5185627    2.62%
  27290 16210      414.9347    25      407.2403      417.9171  5191960    2.62%
  27324 16236      410.5995    21      407.2403      417.9153  5198070    2.62%
  27369 16257      412.5340    22      407.2403      417.9091  5204919    2.62%
  27414 16291      410.4270    17      407.2403      417.9066  5210913    2.62%
Elapsed time = 2921.45 sec. (3014918.68 ticks, tree = 1039.85 MB, solutions = 2)
  27450 16315      410.6871    20      407.2403      417.9045  5216942    2.62%
  27493 16343      412.8421    16      407.2403      417.8968  5223265    2.62%
  27536 16373      409.9614    15      407.2403      417.8952  5229374    2.62%
  27577 16399        cutoff            407.2403      417.8921  5235520    2.62%
  27606 16418      408.4274    26      407.2403      417.8870  5241607    2.61%
  27655 16451      414.1871    17      407.2403      417.8833  5247534    2.61%
  27699 16484      407.3045    18      407.2403      417.8774  5252888    2.61%
  27739 16504        cutoff            407.2403      417.8713  5259363    2.61%
  27774 16527      412.2802    25      407.2403      417.8624  5265586    2.61%
  27815 16552      411.8711    21      407.2403      417.8577  5272143    2.61%
Elapsed time = 2959.66 sec. (3053734.53 ticks, tree = 1064.61 MB, solutions = 2)
  27862 16586      412.6566    25      407.2403      417.8524  5278522    2.61%
  27907 16619      407.6877     5      407.2403      417.8462  5284463    2.60%
  27941 16639      413.8380    20      407.2403      417.8407  5290556    2.60%
  27982 16666      411.3272    26      407.2403      417.8363  5296849    2.60%
  28018 16690      410.4303    20      407.2403      417.8295  5303242    2.60%
  28045 16707      407.5085    21      407.2403      417.8279  5309698    2.60%
  28082 16724      413.5077    20      407.2403      417.8088  5316021    2.60%
  28133 16757      415.3750    22      407.2403      417.7993  5321959    2.59%
  28171 16781      409.1481    17      407.2403      417.7983  5328393    2.59%
  28206 16798      415.1351    17      407.2403      417.7947  5334588    2.59%
Elapsed time = 2997.30 sec. (3092582.08 ticks, tree = 1074.51 MB, solutions = 2)
  28251 16831      414.1767    23      407.2403      417.7889  5340577    2.59%
  28292 16852        cutoff            407.2403      417.7860  5346769    2.59%
  28327 16875        cutoff            407.2403      417.7828  5352531    2.59%
  28360 16893      412.6838    22      407.2403      417.7786  5359172    2.59%
  28393 16914      415.4485    22      407.2403      417.7750  5365703    2.59%
  28434 16941      412.3789    13      407.2403      417.7711  5372154    2.59%
  28474 16965      413.0217    14      407.2403      417.7664  5378819    2.58%
  28513 16992      407.8623    21      407.2403      417.7590  5384814    2.58%
  28549 17010      409.3656     8      407.2403      417.7530  5391342    2.58%
  28583 17024      412.9177    16      407.2403      417.7485  5397621    2.58%
Elapsed time = 3034.92 sec. (3131556.44 ticks, tree = 1086.37 MB, solutions = 2)
  28609 17042      412.6307    24      407.2403      417.7337  5404169    2.58%
  28648 17068      413.2401    20      407.2403      417.7273  5410271    2.58%
  28693 17097      415.2747    23      407.2403      417.7152  5416448    2.57%
  28740 17124      416.5319    42      407.2403      417.7114  5422833    2.57%
  28765 17145      410.3514    13      407.2403      417.7106  5428592    2.57%
  28804 17168      409.8993    33      407.2403      417.7050  5435070    2.57%
  28850 17196      412.3465    24      407.2403      417.6989  5441346    2.57%
  28882 17220      407.7789    13      407.2403      417.6911  5447718    2.57%
  28924 17236      414.6794    22      407.2403      417.6845  5454630    2.56%
  28958 17258      410.9969    18      407.2403      417.6736  5460647    2.56%
Elapsed time = 3073.17 sec. (3170693.50 ticks, tree = 1108.31 MB, solutions = 2)
  29014 17288      414.8322    13      407.2403      417.6632  5466957    2.56%
  29057 17315      409.2521    17      407.2403      417.6564  5473513    2.56%
  29101 17347      407.3347    20      407.2403      417.6487  5479684    2.56%
  29149 17377      408.4846    17      407.2403      417.6454  5485627    2.56%
  29188 17398      411.5872    21      407.2403      417.6398  5491956    2.55%
  29238 17427      411.8659    13      407.2403      417.6353  5498253    2.55%
  29281 17458      408.7554    18      407.2403      417.6285  5504370    2.55%
  29332 17488        cutoff            407.2403      417.6183  5510128    2.55%
  29363 17507      412.8628    26      407.2403      417.6171  5515969    2.55%
  29405 17538      411.6963    16      407.2403      417.6061  5521811    2.55%
Elapsed time = 3111.26 sec. (3209261.65 ticks, tree = 1134.37 MB, solutions = 2)
  29443 17560      413.7874    11      407.2403      417.6040  5527858    2.54%
  29479 17580      414.1244    28      407.2403      417.5929  5534624    2.54%
  29518 17607      411.4832    22      407.2403      417.5873  5540871    2.54%
  29549 17626      409.7486    19      407.2403      417.5821  5547438    2.54%
  29597 17658      408.1387    13      407.2403      417.5819  5553420    2.54%
  29643 17688      415.9441    26      407.2403      417.5745  5559512    2.54%
  29684 17715      411.2185    17      407.2403      417.5715  5565988    2.54%
  29721 17738      410.2521    25      407.2403      417.5700  5572257    2.54%
  29771 17777      408.2301    16      407.2403      417.5665  5578317    2.54%
  29804 17796      411.4395    29      407.2403      417.5615  5584589    2.53%
Elapsed time = 3149.20 sec. (3248197.03 ticks, tree = 1136.00 MB, solutions = 2)
  29840 17820      410.9602    17      407.2403      417.5590  5591147    2.53%
  29877 17837      414.0911    17      407.2403      417.5560  5597652    2.53%
  29912 17854      411.8001    14      407.2403      417.5500  5604155    2.53%
  29950 17884      407.4163    19      407.2403      417.5410  5610008    2.53%
  29993 17907        cutoff            407.2403      417.5331  5616358    2.53%
  30019 17921      414.6679    32      407.2403      417.5268  5622929    2.53%
  30062 17949      409.2942    19      407.2403      417.5202  5629336    2.52%
  30103 17976      407.4328    14      407.2403      417.5129  5635006    2.52%
  30147 18002      407.8044    10      407.2403      417.5082  5641519    2.52%
  30188 18023      411.0775    24      407.2403      417.4958  5648084    2.52%
Elapsed time = 3186.37 sec. (3286857.69 ticks, tree = 1147.48 MB, solutions = 2)
  30230 18049      414.7321    12      407.2403      417.4917  5654437    2.52%
  30273 18076      410.2169    22      407.2403      417.4808  5660701    2.51%
  30314 18101        cutoff            407.2403      417.4771  5667028    2.51%
  30354 18119      409.7181    18      407.2403      417.4712  5673664    2.51%
  30398 18148      413.2906    21      407.2403      417.4660  5679795    2.51%
  30445 18179      407.2905    20      407.2403      417.4640  5685948    2.51%
  30484 18200      414.8318    14      407.2403      417.4551  5691986    2.51%
  30531 18238      408.8852    31      407.2403      417.4526  5697912    2.51%
  30570 18255      413.7864    25      407.2403      417.4408  5703789    2.50%
  30606 18276      411.3253    29      407.2403      417.4352  5709910    2.50%
Elapsed time = 3223.94 sec. (3325531.19 ticks, tree = 1170.33 MB, solutions = 2)
  30634 18293      410.6739    12      407.2403      417.4307  5716266    2.50%
  30668 18311      415.3523    26      407.2403      417.4246  5722351    2.50%
  30712 18343      415.4574    16      407.2403      417.4217  5728561    2.50%
  30754 18369      411.5705    18      407.2403      417.4199  5734833    2.50%
Starting limited solution polishing.
  30799 18391      414.6706    23      407.2403      417.4140  5740366    2.50%
  30841 18417        cutoff            407.2403      417.4109  5746726    2.50%
  30883 18443      408.1579    21      407.2403      417.4022  5752803    2.50%
  30919 18461      411.3280    26      407.2403      417.3948  5759448    2.49%
  30957 18487      412.5168    16      407.2403      417.3895  5765535    2.49%
  30997 18515      412.6047    29      407.2403      417.3861  5771534    2.49%
Elapsed time = 3261.47 sec. (3364391.35 ticks, tree = 1186.47 MB, solutions = 2)
  31032 18536      413.8444    17      407.2403      417.3843  5777821    2.49%
  31066 18560      408.0704    17      407.2403      417.3781  5783990    2.49%
  31103 18581      411.5387    15      407.2403      417.3739  5790092    2.49%
  31142 18608      412.9102    17      407.2403      417.3695  5796101    2.49%
  31173 18628      410.4447    21      407.2403      417.3596  5802608    2.48%
  31215 18658      408.1537    19      407.2403      417.3580  5808857    2.48%
  31256 18677      409.5318     9      407.2403      417.3500  5815232    2.48%
  31286 18693      412.4404    15      407.2403      417.3456  5821515    2.48%
  31329 18716      411.1829    19      407.2403      417.3370  5827891    2.48%
  31371 18742      415.6089    27      407.2403      417.3232  5834142    2.48%
Elapsed time = 3298.34 sec. (3403116.69 ticks, tree = 1201.77 MB, solutions = 2)
  31404 18767      410.5343    18      407.2403      417.3148  5839852    2.47%
  31446 18791      412.7508    19      407.2403      417.3020  5846252    2.47%
  31485 18810      412.0886    24      407.2403      417.2904  5852786    2.47%
  31517 18834      408.5550    27      407.2403      417.2898  5858468    2.47%
  31551 18854      410.4621    19      407.2403      417.2864  5865058    2.47%
  31593 18880      412.4850    13      407.2403      417.2809  5871240    2.47%
  31630 18903      407.5952    12      407.2403      417.2790  5876792    2.47%
  31670 18925      410.9257    12      407.2403      417.2698  5882950    2.46%
  31704 18941      410.9386    11      407.2403      417.2646  5888667    2.46%
  31746 18971      409.1908    23      407.2403      417.2605  5894848    2.46%
Elapsed time = 3335.32 sec. (3441757.42 ticks, tree = 1216.81 MB, solutions = 2)
  31793 19002      414.7877    19      407.2403      417.2493  5901312    2.46%
  31819 19018      408.2893    14      407.2403      417.2447  5906987    2.46%
  31866 19047      410.6529    17      407.2403      417.2322  5913112    2.45%
  31900 19065      409.9692    22      407.2403      417.2310  5918847    2.45%
  31937 19086      414.3552    12      407.2403      417.2254  5925619    2.45%
  31974 19113      407.5579    19      407.2403      417.2171  5932408    2.45%
  32014 19137      413.2818    17      407.2403      417.2082  5937521    2.45%
  32055 19162        cutoff            407.2403      417.2055  5943836    2.45%
  32100 19189      410.2405    18      407.2403      417.1975  5949988    2.45%
  32139 19210      409.6156    16      407.2403      417.1816  5956211    2.44%
Elapsed time = 3372.69 sec. (3480593.28 ticks, tree = 1230.77 MB, solutions = 2)
  32171 19228      409.5719    22      407.2403      417.1745  5963057    2.44%
  32200 19249      407.9123    16      407.2403      417.1722  5968181    2.44%
  32238 19269      409.8555    21      407.2403      417.1608  5974203    2.44%
  32286 19293        cutoff            407.2403      417.1553  5980647    2.43%
  32312 19311      414.8475    15      407.2403      417.1520  5985811    2.43%
  32353 19332        cutoff            407.2403      417.1469  5992506    2.43%
  32378 19348      410.0150    21      407.2403      417.1448  5999272    2.43%
  32412 19368      408.2792    19      407.2403      417.1393  6005897    2.43%
  32461 19399      409.6921    23      407.2403      417.1307  6012207    2.43%
  32494 19420      407.6338    14      407.2403      417.1276  6017830    2.43%
Elapsed time = 3408.87 sec. (3519247.13 ticks, tree = 1243.78 MB, solutions = 2)
  32530 19438        cutoff            407.2403      417.1240  6024104    2.43%
  32581 19467      413.1232    20      407.2403      417.1232  6030445    2.43%
  32611 19485      410.2440    24      407.2403      417.1215  6036032    2.43%
  32659 19515      407.4247    10      407.2403      417.1163  6042475    2.43%
  32694 19538      407.6396    20      407.2403      417.1105  6048632    2.42%
  32738 19562      411.7991    14      407.2403      417.1025  6055127    2.42%
  32788 19590      414.2356    18      407.2403      417.1000  6061842    2.42%
  32818 19613      409.0338    12      407.2403      417.0970  6066325    2.42%
  32861 19640      411.7134     9      407.2403      417.0909  6072781    2.42%
  32894 19657      415.6768    21      407.2403      417.0761  6078737    2.42%
Elapsed time = 3446.28 sec. (3559179.94 ticks, tree = 1256.77 MB, solutions = 2)
  32937 19680      411.5842    21      407.2403      417.0689  6084921    2.41%
  32978 19702        cutoff            407.2403      417.0649  6091168    2.41%
  33003 19719      410.9772    16      407.2403      417.0542  6095654    2.41%
  33037 19739      407.6504    17      407.2403      417.0524  6102126    2.41%
  33087 19767      411.8464    13      407.2403      417.0446  6108828    2.41%
  33131 19789      414.5566    14      407.2403      417.0413  6114171    2.41%
  33167 19813      414.0763    17      407.2403      417.0369  6120520    2.41%
  33209 19843      409.1150    17      407.2403      417.0348  6125474    2.41%
  33255 19871      414.6696    15      407.2403      417.0327  6131465    2.40%
  33294 19898      407.8820    18      407.2403      417.0281  6137141    2.40%
Elapsed time = 3483.69 sec. (3598436.61 ticks, tree = 1279.37 MB, solutions = 2)
  33337 19925      408.4705    16      407.2403      417.0177  6143324    2.40%
  33383 19952      408.3933    11      407.2403      417.0109  6149430    2.40%
  33411 19964      413.0039    25      407.2403      417.0025  6154064    2.40%
  33450 19991      408.5633    19      407.2403      416.9993  6160021    2.40%
  33486 20016      407.6465    16      407.2403      416.9947  6165996    2.40%
  33518 20034      408.9582    18      407.2403      416.9910  6170779    2.39%
  33553 20053      414.1283    25      407.2403      416.9884  6177460    2.39%
  33593 20077      414.5363    20      407.2403      416.9823  6183474    2.39%
  33611 20089      409.0335    31      407.2403      416.9816  6188160    2.39%
  33773 20189      409.5331    14      407.2403      416.9543  6211146    2.39%
Elapsed time = 3529.73 sec. (3648841.04 ticks, tree = 1305.88 MB, solutions = 2)
  33920 20284      407.9039    16      407.2403      416.9416  6233655    2.38%
  34064 20367      415.3954    26      407.2403      416.9168  6256758    2.38%
  34201 20456      410.5200    16      407.2403      416.9083  6277285    2.37%
  34367 20557      408.2893    19      407.2403      416.8935  6300582    2.37%
  34513 20650      411.0316    26      407.2403      416.8836  6322076    2.37%
Advanced basis not built.

Mixed integer rounding cuts applied:  49
User cuts applied:  11678

Root node processing (before b&c):
  Real time             =    5.40 sec. (2021.82 ticks)
Sequential b&c:
  Real time             = 3594.61 sec. (3723824.36 ticks)
                          ------------
Total (root+branch&cut) = 3600.02 sec. (3725846.18 ticks)
|V|                                     700
K                                       10
theta                                   0.10
r                                       2
R                                       20
prob_func                               facility_mixture
mixture_low_share                       0.100000
mixture_low_interval                    [0.001000, 0.010000]
mixture_high_interval                   [0.100000, 0.500000]
mixture_seed                            1
#C1                                     1152
#CP                                     51540

@Parameters: 
am_callback_heuristic                   false
am_local_search                         true
am_start_heuristic                      false
colocation                              false
comp                                    false
cutC                                    true
cutC_init                               false
cutF                                    true
cutF_init                               false
cutF_stable                             false
cutF_wrong                              false
cutLocal                                false
cutM                                    true
cutM_init                               true
cutM_stable                             false
cutP                                    true
cutP_init                               false
cutP_stable                             false
init                                    true
init_cutF_zero                          false
init_val_greedy                         true
is_Euclidean                            false
is_local_search                         true
is_right_cutP                           true
is_root                                 false
is_silent                               false
is_start                                false
mycut                                   false
pmed                                    false
pre                                     true
stable_root                             false
str                                     false
two_phase                               false
ubstr                                   false
mode                                    Bin

am_callback_node_space                  50
init                                    0
mixture_seed                            1
node_space                              5
nodelimit                               -1
nsepa                                   1
strF                                    0
type_delta                              0

EPS                                     0.001000
EPS_FRAC                                0.00
gap                                     0.00
mixture_high_max                        0.50
mixture_high_min                        0.10
mixture_low_max                         0.01
mixture_low_min                         0.00
mixture_low_share                       0.10
timelimit                               3600.00

Number of Closed Sites: 4 / 40 
Number of Confined Sites-1: 4 / 36 
Number of Confined Sites-k: 692 / 1959 
Preprocess Time: 1.56 + 0.00 sec

Solve Time: 3600.02
Number of Nodes: 34514
Termination Status: TIME_LIMIT

CutInfo: [phase] num / time (sec) / aver. num_nonzero
max              [LP]     0 / 0.00 / 0.00 [init]   670 / 0.28 / 8.45 [rLC]  1087 / 0.58 / 21.66 [rUC]   778 / 0.56 / 11.69 [sLC]  2016 / 1.77 / 18.41 [sUC]  2012 / 6.46 / 16.66 
prod_oa          [LP]     0 / 0.00 / 0.00 [init]     0 / 0.00 / 0.00 [rLC]     0 / 0.00 / 0.00 [rUC]     0 / 0.00 / 0.00 [sLC]     0 / 0.00 / 0.00 [sUC]     0 / 0.00 / 0.00 
prod_sm_fixed    [LP]     0 / 0.00 / 0.00 [init]     0 / 0.00 / 0.00 [rLC]     0 / 0.00 / 0.00 [rUC]     0 / 0.00 / 0.00 [sLC]     0 / 0.00 / 0.00 [sUC]     0 / 0.00 / 0.00 
prod_bin         [LP]     0 / 0.00 / 0.00 [init]   670 / 0.47 / 0.00 [rLC]  1794 / 1.78 / 0.00 [rUC]   764 / 0.58 / 0.00 [sLC] 14499 / 17.48 / 0.00 [sUC] 11378 / 12.30 / 0.00 
prod_local       [LP]     0 / 0.00 / 0.00 [init]     0 / 0.00 / 0.00 [rLC]     0 / 0.00 / 0.00 [rUC]     0 / 0.00 / 0.00 [sLC]     0 / 0.00 / 0.00 [sUC]     0 / 0.00 / 0.00 
prod_sm_C        [LP]     0 / 0.00 / 0.00 [init]     0 / 0.00 / 0.00 [rLC]     0 / 0.00 / 0.00 [rUC]     0 / 0.00 / 0.00 [sLC]     0 / 0.00 / 0.00 [sUC]     0 / 0.00 / 0.00 
facet            [LP]     0 / 0.00 / 0.00 [init]     0 / 0.00 / 0.00 [rLC]     0 / 0.00 / 0.00 [rUC]     0 / 0.00 / 0.00 [sLC]     0 / 0.00 / 0.00 [sUC]     0 / 0.00 / 0.00 
Separation Round:   [LP] 0  [init] 1  [rLC] 5  [rUC] 17  [sLC] 62  [sUC] 57279  
Root Best Bound 441.961303
Root Best Integer: 407.224339
Best Bound: 416.883589
Best Integer: 407.240321
1: 64, 115, 117, 266, 296, 310, 406, 446, 630, 698
Objective Value (calc): 407.240321
sum_etaM = 278.430288 / 278.430288
sum_etaP = 421.552547 / 421.552547
nL: 10
nCL: 0
mCL: 1
