Version identifier: 20.1.0.0 | 2020-11-10 | 9bedb6d68
CPXPARAM_Threads                                 1
CPXPARAM_TimeLimit                               3600
CPXPARAM_MIP_Tolerances_MIPGap                   0
Generic callback                                 0x60
1 of 1 MIP starts provided solutions.
MIP start 'm1' defined initial solution with objective 58.6490.
Tried aggregator 1 time.
Reduced MIP has 307 rows, 600 columns, and 1219 nonzeros.
Reduced MIP has 200 binaries, 0 generals, 0 SOSs, and 0 indicators.
Presolve time = 0.00 sec. (0.46 ticks)
Probing time = 0.00 sec. (0.08 ticks)
Tried aggregator 1 time.
Reduced MIP has 307 rows, 600 columns, and 1219 nonzeros.
Reduced MIP has 200 binaries, 0 generals, 0 SOSs, and 0 indicators.
Presolve time = 0.00 sec. (0.46 ticks)
Probing time = 0.00 sec. (0.08 ticks)
MIP emphasis: balance optimality and feasibility.
MIP search method: dynamic search.
Parallel mode: none, using 1 thread.
Root relaxation solution time = 0.00 sec. (1.40 ticks)

        Nodes                                         Cuts/
   Node  Left     Objective  IInf  Best Integer    Best Bound    ItCnt     Gap

*     0+    0                           58.6490      200.0000           241.01%
      0     0       91.0586    31       58.6490       91.0586      342   55.26%
      0     0       58.6758    18       58.6490      Cuts: 81      399    0.05%
      0     0       58.6629    10       58.6490      Cuts: 28      421    0.02%
      0     0       58.6596     8       58.6490      Cuts: 12      434    0.02%
      0     0       58.6583    10       58.6490       Cuts: 8      440    0.02%
      0     0       58.6578     8       58.6490       Cuts: 6      442    0.02%
      0     0       58.6573    10       58.6490 UserPurge2: 3      445    0.01%
      0     0       58.6562    10       58.6490 UserPurge2: 1      446    0.01%
      0     0       58.6561    10       58.6490 UserPurge2: 1      447    0.01%
      0     0       58.6550    10       58.6490 UserPurge2: 2      449    0.01%
      0     2       58.6550    10       58.6490       58.6548      449    0.01%
Elapsed time = 0.09 sec. (29.83 ticks, tree = 0.01 MB, solutions = 1)
*     8     2      integral     0       58.6502       58.6514      489    0.00%

Flow cuts applied:  1
Mixed integer rounding cuts applied:  19
Gomory fractional cuts applied:  4
User cuts applied:  161

Root node processing (before b&c):
  Real time             =    0.09 sec. (29.84 ticks)
Sequential b&c:
  Real time             =    0.02 sec. (2.86 ticks)
                          ------------
Total (root+branch&cut) =    0.10 sec. (32.70 ticks)
|V|                                     200
K                                       40
theta                                   0.20
r                                       1
R                                       20
prob_func                               facility_mixture
mixture_low_share                       0.900000
mixture_low_interval                    [0.001000, 0.010000]
mixture_high_interval                   [0.100000, 0.500000]
mixture_seed                            1
#C1                                     214
#CP                                     590

@Parameters: 
am_callback_heuristic                   false
am_local_search                         true
am_start_heuristic                      false
colocation                              false
comp                                    false
cutC                                    true
cutC_init                               false
cutF                                    true
cutF_init                               false
cutF_stable                             false
cutF_wrong                              false
cutLocal                                false
cutM                                    true
cutM_init                               true
cutM_stable                             false
cutP                                    true
cutP_init                               false
cutP_stable                             false
init                                    true
init_cutF_zero                          false
init_val_greedy                         true
is_Euclidean                            false
is_local_search                         true
is_right_cutP                           true
is_root                                 false
is_silent                               false
is_start                                false
mycut                                   false
pmed                                    false
pre                                     true
stable_root                             false
str                                     true
two_phase                               false
ubstr                                   false
mode                                    Int

am_callback_node_space                  50
init                                    0
mixture_seed                            1
node_space                              5
nodelimit                               -1
nsepa                                   1
strF                                    0
type_delta                              0

EPS                                     0.001000
EPS_FRAC                                0.00
gap                                     0.00
mixture_high_max                        0.50
mixture_high_min                        0.10
mixture_low_max                         0.01
mixture_low_min                         0.00
mixture_low_share                       0.90
timelimit                               3600.00

Number of Closed Sites: 6 / 240 
Number of Confined Sites-1: 46 / 1794 
Number of Confined Sites-k: 148 / 4111 
Preprocess Time: 0.17 + 0.00 sec

Solve Time: 0.10
Number of Nodes: 13
Termination Status: OPTIMAL

CutInfo: [phase] num / time (sec) / aver. num_nonzero
max              [LP]     0 / 0.00 / 0.00 [init]   153 / 0.00 / 1.30 [rLC]   113 / 0.01 / 3.49 [rUC]    27 / 0.00 / 2.30 [sLC]     0 / 0.00 / 0.00 [sUC]     1 / 0.00 / 3.00 
prod_oa          [LP]     0 / 0.00 / 0.00 [init]   153 / 0.00 / 3.36 [rLC]    80 / 0.00 / 5.44 [rUC]     0 / 0.00 / 0.00 [sLC]     0 / 0.00 / 0.00 [sUC]     1 / 0.00 / 10.00 
prod_sm_fixed    [LP]     0 / 0.00 / 0.00 [init]     0 / 0.00 / 0.00 [rLC]     0 / 0.00 / 0.00 [rUC]     0 / 0.00 / 0.00 [sLC]     0 / 0.00 / 0.00 [sUC]     0 / 0.00 / 0.00 
prod_bin         [LP]     0 / 0.00 / 0.00 [init]     0 / 0.00 / 0.00 [rLC]     0 / 0.00 / 0.00 [rUC]     0 / 0.00 / 0.00 [sLC]     0 / 0.00 / 0.00 [sUC]     0 / 0.00 / 0.00 
prod_local       [LP]     0 / 0.00 / 0.00 [init]     0 / 0.00 / 0.00 [rLC]     0 / 0.00 / 0.00 [rUC]     0 / 0.00 / 0.00 [sLC]     0 / 0.00 / 0.00 [sUC]     0 / 0.00 / 0.00 
prod_sm_C        [LP]     0 / 0.00 / 0.00 [init]     0 / 0.00 / 0.00 [rLC]     0 / 0.00 / 0.00 [rUC]    76 / 0.01 / 12.74 [sLC]     0 / 0.00 / 0.00 [sUC]     0 / 0.00 / 0.00 
facet            [LP]     0 / 0.00 / 0.00 [init]     0 / 0.00 / 0.00 [rLC]     0 / 0.00 / 0.00 [rUC]    76 / 0.00 / 0.00 [sLC]     0 / 0.00 / 0.00 [sUC]     0 / 0.00 / 0.00 
Separation Round:   [LP] 0  [init] 1  [rLC] 3  [rUC] 11  [sLC] 1  [sUC] 13  
Root Best Bound 58.652426
Root Best Integer: 58.648998
Best Bound: 58.651385
Best Integer: 58.650222
1: 7, 10, 11, 14, 29, 31, 38, 44, 47, 49, 63, 65, 67, 76, 77, 91, 99, 105, 107, 120, 126, 128, 129, 130, 134, 136, 138, 147, 148, 152, 157, 159, 160, 164, 168, 183, 184, 185, 186, 196
Objective Value (calc): 58.650130
sum_etaM = 57.183816 / 57.183816
sum_etaP = 59.016823 / 59.016709
nL: 40
nCL: 0
mCL: 1
