Version identifier: 20.1.0.0 | 2020-11-10 | 9bedb6d68
CPXPARAM_Threads                                 1
CPXPARAM_TimeLimit                               3600
CPXPARAM_MIP_Tolerances_MIPGap                   0
Generic callback                                 0x60
1 of 1 MIP starts provided solutions.
MIP start 'm1' defined initial solution with objective 44.2925.
Tried aggregator 2 times.
MIP Presolve eliminated 48 rows and 16 columns.
Aggregator did 32 substitutions.
Reduced MIP has 1101 rows, 1152 columns, and 5025 nonzeros.
Reduced MIP has 292 binaries, 260 generals, 0 SOSs, and 0 indicators.
Presolve time = 0.00 sec. (2.66 ticks)
Probing time = 0.00 sec. (0.29 ticks)
Tried aggregator 1 time.
Reduced MIP has 1101 rows, 1152 columns, and 5025 nonzeros.
Reduced MIP has 292 binaries, 260 generals, 0 SOSs, and 0 indicators.
Presolve time = 0.00 sec. (1.52 ticks)
Probing time = 0.00 sec. (0.29 ticks)
MIP emphasis: balance optimality and feasibility.
MIP search method: dynamic search.
Parallel mode: none, using 1 thread.
Root relaxation solution time = 0.01 sec. (12.23 ticks)

        Nodes                                         Cuts/
   Node  Left     Objective  IInf  Best Integer    Best Bound    ItCnt     Gap

*     0+    0                           44.2925      300.0000           577.32%
      0     0       46.1322    18       44.2925       50.7743      976   14.63%
      0     0       45.1951    10       44.2925     Cuts: 131     1057    2.04%
      0     0       44.8538     5       44.2925      Cuts: 55     1089    1.27%

Repeating presolve.
Tried aggregator 1 time.
MIP Presolve eliminated 572 rows and 505 columns.
MIP Presolve modified 116 coefficients.
Reduced MIP has 529 rows, 647 columns, and 1637 nonzeros.
Reduced MIP has 96 binaries, 67 generals, 0 SOSs, and 0 indicators.
Presolve time = 0.00 sec. (1.28 ticks)
Probing time = 0.00 sec. (0.11 ticks)
Tried aggregator 1 time.
Reduced MIP has 529 rows, 647 columns, and 1637 nonzeros.
Reduced MIP has 96 binaries, 67 generals, 0 SOSs, and 0 indicators.
Presolve time = 0.00 sec. (0.55 ticks)
Represolve time = 0.01 sec. (3.16 ticks)
Probing time = 0.00 sec. (0.11 ticks)
MIP emphasis: balance optimality and feasibility.
MIP search method: dynamic search.
Parallel mode: none, using 1 thread.
Root relaxation solution time = 0.01 sec. (7.99 ticks)

        Nodes                                         Cuts/
   Node  Left     Objective  IInf  Best Integer    Best Bound    ItCnt     Gap

*     0+    0                           44.2925       44.8538             1.27%
      0     0       44.8023     9       44.2925       44.8023     1653    1.15%
      0     0       44.4704     4       44.2925      Cuts: 27     1682    0.40%
      0     0        cutoff             44.2925                   1695     --- 
Elapsed time = 0.12 sec. (68.57 ticks, tree = 0.01 MB, solutions = 1)

Flow cuts applied:  25
Mixed integer rounding cuts applied:  66
Gomory fractional cuts applied:  7
User cuts applied:  70

Root node processing (before b&c):
  Real time             =    0.12 sec. (68.61 ticks)
Sequential b&c:
  Real time             =    0.00 sec. (0.00 ticks)
                          ------------
Total (root+branch&cut) =    0.12 sec. (68.61 ticks)
|V|                                     300
K                                       10
theta                                   0.01
r                                       1
R                                       20
prob_func                               facility_mixture
mixture_low_share                       0.900000
mixture_low_interval                    [0.001000, 0.010000]
mixture_high_interval                   [0.100000, 0.500000]
mixture_seed                            1
#C1                                     336
#CP                                     1792

@Parameters: 
am_callback_heuristic                   false
am_local_search                         true
am_start_heuristic                      false
colocation                              true
comp                                    false
cutC                                    true
cutC_init                               false
cutF                                    false
cutF_init                               false
cutF_stable                             false
cutF_wrong                              false
cutLocal                                false
cutM                                    true
cutM_init                               true
cutM_stable                             false
cutP                                    true
cutP_init                               false
cutP_stable                             false
init                                    true
init_cutF_zero                          false
init_val_greedy                         true
is_Euclidean                            false
is_local_search                         false
is_right_cutP                           true
is_root                                 false
is_silent                               false
is_start                                false
mycut                                   false
pmed                                    false
pre                                     true
stable_root                             false
str                                     true
two_phase                               false
ubstr                                   false
mode                                    Int

am_callback_node_space                  50
init                                    0
mixture_seed                            1
node_space                              5
nodelimit                               -1
nsepa                                   1
strF                                    0
type_delta                              0

EPS                                     0.001000
EPS_FRAC                                0.00
gap                                     0.00
mixture_high_max                        0.50
mixture_high_min                        0.10
mixture_low_max                         0.01
mixture_low_min                         0.00
mixture_low_share                       0.90
timelimit                               3600.00

Number of Closed Sites: 8 / 80 
Number of Confined Sites-1: 32 / 288 
Number of Confined Sites-k: 260 / 2055 
Preprocess Time: 0.46 + 0.00 sec

Solve Time: 0.12
Number of Nodes: 0
Termination Status: OPTIMAL

CutInfo: [phase] num / time (sec) / aver. num_nonzero
max              [LP]     0 / 0.00 / 0.00 [init]   290 / 0.00 / 4.21 [rLC]    59 / 0.01 / 11.85 [rUC]    23 / 0.01 / 6.87 [sLC]     0 / 0.00 / 0.00 [sUC]     0 / 0.00 / 0.00 
prod_oa          [LP]     0 / 0.00 / 0.00 [init]   290 / 0.00 / 6.73 [rLC]   120 / 0.00 / 11.52 [rUC]    52 / 0.00 / 11.27 [sLC]     0 / 0.00 / 0.00 [sUC]     0 / 0.00 / 0.00 
prod_sm_fixed    [LP]     0 / 0.00 / 0.00 [init]     0 / 0.00 / 0.00 [rLC]     0 / 0.00 / 0.00 [rUC]     0 / 0.00 / 0.00 [sLC]     0 / 0.00 / 0.00 [sUC]     0 / 0.00 / 0.00 
prod_bin         [LP]     0 / 0.00 / 0.00 [init]     0 / 0.00 / 0.00 [rLC]     0 / 0.00 / 0.00 [rUC]     0 / 0.00 / 0.00 [sLC]     0 / 0.00 / 0.00 [sUC]     0 / 0.00 / 0.00 
prod_local       [LP]     0 / 0.00 / 0.00 [init]     0 / 0.00 / 0.00 [rLC]     0 / 0.00 / 0.00 [rUC]     0 / 0.00 / 0.00 [sLC]     0 / 0.00 / 0.00 [sUC]     0 / 0.00 / 0.00 
prod_sm_C        [LP]     0 / 0.00 / 0.00 [init]     0 / 0.00 / 0.00 [rLC]     0 / 0.00 / 0.00 [rUC]     0 / 0.00 / 0.00 [sLC]     0 / 0.00 / 0.00 [sUC]     0 / 0.00 / 0.00 
facet            [LP]     0 / 0.00 / 0.00 [init]     0 / 0.00 / 0.00 [rLC]     0 / 0.00 / 0.00 [rUC]     0 / 0.00 / 0.00 [sLC]     0 / 0.00 / 0.00 [sUC]     0 / 0.00 / 0.00 
Separation Round:   [LP] 0  [init] 1  [rLC] 4  [rUC] 4  [sLC] 0  [sUC] 0  
Root Best Bound 44.470428
Root Best Integer: 44.292502
Best Bound: 44.470428
Best Integer: 44.292502
1: 102, 124, 177, 208, 268, 295
2: 122, 290
Objective Value (calc): 44.292502
sum_etaM = 37.162184 / 37.162184
sum_etaP = 44.364526 / 44.364526
nL: 8
nCL: 2
mCL: 2
