Version identifier: 20.1.0.0 | 2020-11-10 | 9bedb6d68
CPXPARAM_Threads                                 1
CPXPARAM_TimeLimit                               3600
CPXPARAM_MIP_Tolerances_MIPGap                   0
Generic callback                                 0x60
1 of 1 MIP starts provided solutions.
MIP start 'm1' defined initial solution with objective 147.3555.
Tried aggregator 1 time.
MIP Presolve eliminated 6 rows and 6 columns.
Reduced MIP has 985 rows, 1494 columns, and 18495 nonzeros.
Reduced MIP has 494 binaries, 0 generals, 0 SOSs, and 0 indicators.
Presolve time = 0.01 sec. (4.98 ticks)
Probing time = 0.00 sec. (0.89 ticks)
Tried aggregator 1 time.
Reduced MIP has 985 rows, 1494 columns, and 18495 nonzeros.
Reduced MIP has 494 binaries, 0 generals, 0 SOSs, and 0 indicators.
Presolve time = 0.01 sec. (4.81 ticks)
Probing time = 0.00 sec. (0.89 ticks)
MIP emphasis: balance optimality and feasibility.
MIP search method: dynamic search.
Parallel mode: none, using 1 thread.
Root relaxation solution time = 0.03 sec. (35.41 ticks)

        Nodes                                         Cuts/
   Node  Left     Objective  IInf  Best Integer    Best Bound    ItCnt     Gap

*     0+    0                          147.3555      500.0000           239.32%
      0     0      210.0300     7      147.3555      210.0300     1148   42.53%
      0     0      161.3903    14      147.3555     Cuts: 346     1438    9.52%
      0     0      159.8430    14      147.3555     Cuts: 213     1612    8.47%
      0     0      158.4574    13      147.3555     Cuts: 196     1720    7.53%
      0     0      158.1424    12      147.3555     Cuts: 201     1792    7.32%
      0     0      157.7684    13      147.3555     Cuts: 180     1848    7.07%

Repeating presolve.
Tried aggregator 1 time.
MIP Presolve eliminated 111 rows and 384 columns.
MIP Presolve modified 94 coefficients.
Reduced MIP has 874 rows, 1110 columns, and 10495 nonzeros.
Reduced MIP has 180 binaries, 0 generals, 0 SOSs, and 0 indicators.
Presolve time = 0.01 sec. (5.02 ticks)
Probing time = 0.00 sec. (0.51 ticks)
Cover probing fixed 0 vars, tightened 1 bounds.
Tried aggregator 1 time.
Reduced MIP has 874 rows, 1110 columns, and 10495 nonzeros.
Reduced MIP has 180 binaries, 0 generals, 0 SOSs, and 0 indicators.
Presolve time = 0.00 sec. (2.60 ticks)
Represolve time = 0.02 sec. (16.16 ticks)
Probing time = 0.00 sec. (0.51 ticks)
MIP emphasis: balance optimality and feasibility.
MIP search method: dynamic search.
Parallel mode: none, using 1 thread.
Root relaxation solution time = 0.08 sec. (99.78 ticks)

        Nodes                                         Cuts/
   Node  Left     Objective  IInf  Best Integer    Best Bound    ItCnt     Gap

*     0+    0                          147.3555      157.7684             7.07%
      0     0      157.7684    13      147.3555      157.7684     3327    7.07%
      0     0      157.6312    14      147.3555     Cuts: 120     3368    6.97%
      0     0      157.4254    14      147.3555     Cuts: 117     3446    6.83%
      0     0      157.3967    14      147.3555     Cuts: 169     3470    6.81%
      0     0      157.2590    14      147.3555     Cuts: 115     3492    6.72%
      0     0      157.1980    13      147.3555     Cuts: 196     3534    6.68%
      0     0      157.1260    14      147.3555      Cuts: 59     3564    6.63%
      0     0      157.0915    14      147.3555      Cuts: 98     3595    6.61%
      0     0      157.0718    14      147.3555      Cuts: 54     3623    6.59%
      0     0      157.0266    14      147.3555      Cuts: 78     3650    6.56%
      0     0      156.9368    13      147.3555      Cuts: 53     3680    6.50%
      0     0      156.8878    13      147.3555     Cuts: 170     3710    6.47%
      0     0      156.8500    14      147.3555      Cuts: 58     3735    6.44%
      0     0      156.8313    13      147.3555      Cuts: 42     3753    6.43%
      0     0      156.8117    14      147.3555      Cuts: 28     3767    6.42%
      0     0      156.8059    13      147.3555 UserPurge2: 27     3771    6.41%
      0     0      156.7907    11      147.3555 UserPurge2: 68     3784    6.40%
      0     0      156.7814    14      147.3555 UserPurge2: 34     3797    6.40%
      0     0      156.7724    12      147.3555 UserPurge2: 63     3811    6.39%
      0     0      156.7664    13      147.3555 UserPurge2: 40     3825    6.39%
      0     0      156.7580    13      147.3555 UserPurge2: 43     3843    6.38%
      0     0      156.7563    13      147.3555 UserPurge2: 6     3847    6.38%
      0     0      156.7526    13      147.3555 UserPurge2: 33     3858    6.38%
      0     0      156.7511    13      147.3555 UserPurge2: 15     3870    6.38%
      0     0      156.7509    12      147.3555 UserPurge2: 19     3875    6.38%
      0     0      156.7509    13      147.3555 UserPurge2: 16     3877    6.38%
      0     2      156.7496    13      147.3555      156.7465     3877    6.37%
Elapsed time = 2.47 sec. (760.40 ticks, tree = 0.01 MB, solutions = 1)
     24    15      154.2087    12      147.3555      155.9006     7166    5.80%
     43    20      150.3222    11      147.3555      154.1933     9775    4.64%
     62    21        cutoff            147.3555      152.5383    12444    3.52%
     77    14      147.6834    10      147.3555      149.1463    14411    1.22%

Flow cuts applied:  3
Mixed integer rounding cuts applied:  57
User cuts applied:  1984

Root node processing (before b&c):
  Real time             =    2.47 sec. (760.17 ticks)
Sequential b&c:
  Real time             =    2.53 sec. (1177.94 ticks)
                          ------------
Total (root+branch&cut) =    4.99 sec. (1938.11 ticks)
|V|                                     500
K                                       5
theta                                   0.10
r                                       1
R                                       20
prob_func                               facility_mixture
mixture_low_share                       0.100000
mixture_low_interval                    [0.001000, 0.010000]
mixture_high_interval                   [0.100000, 0.500000]
mixture_seed                            1
#C1                                     592
#CP                                     13426

@Parameters: 
am_callback_heuristic                   false
am_local_search                         true
am_start_heuristic                      false
colocation                              false
comp                                    false
cutC                                    true
cutC_init                               false
cutF                                    true
cutF_init                               false
cutF_stable                             false
cutF_wrong                              false
cutLocal                                false
cutM                                    true
cutM_init                               true
cutM_stable                             false
cutP                                    true
cutP_init                               false
cutP_stable                             false
init                                    true
init_cutF_zero                          false
init_val_greedy                         true
is_Euclidean                            false
is_local_search                         true
is_right_cutP                           true
is_root                                 false
is_silent                               false
is_start                                false
mycut                                   false
pmed                                    false
pre                                     true
stable_root                             false
str                                     false
two_phase                               false
ubstr                                   false
mode                                    Bin

am_callback_node_space                  50
init                                    0
mixture_seed                            1
node_space                              5
nodelimit                               -1
nsepa                                   1
strF                                    0
type_delta                              0

EPS                                     0.001000
EPS_FRAC                                0.00
gap                                     0.00
mixture_high_max                        0.50
mixture_high_min                        0.10
mixture_low_max                         0.01
mixture_low_min                         0.00
mixture_low_share                       0.10
timelimit                               3600.00

Number of Closed Sites: 6 / 30 
Number of Confined Sites-1: 10 / 40 
Number of Confined Sites-k: 484 / 1116 
Preprocess Time: 0.91 + 0.00 sec

Solve Time: 4.99
Number of Nodes: 106
Termination Status: OPTIMAL

CutInfo: [phase] num / time (sec) / aver. num_nonzero
max              [LP]     0 / 0.00 / 0.00 [init]   492 / 0.16 / 9.02 [rLC]   331 / 0.13 / 24.79 [rUC]  1070 / 0.60 / 13.70 [sLC]     0 / 0.01 / 0.00 [sUC]   418 / 0.39 / 15.09 
prod_oa          [LP]     0 / 0.00 / 0.00 [init]     0 / 0.00 / 0.00 [rLC]     0 / 0.00 / 0.00 [rUC]     0 / 0.00 / 0.00 [sLC]     0 / 0.00 / 0.00 [sUC]     0 / 0.00 / 0.00 
prod_sm_fixed    [LP]     0 / 0.00 / 0.00 [init]     0 / 0.00 / 0.00 [rLC]     0 / 0.00 / 0.00 [rUC]     0 / 0.00 / 0.00 [sLC]     0 / 0.00 / 0.00 [sUC]     0 / 0.00 / 0.00 
prod_bin         [LP]     0 / 0.00 / 0.00 [init]   492 / 0.13 / 0.00 [rLC]   387 / 0.15 / 0.00 [rUC]  1433 / 0.56 / 0.00 [sLC]    19 / 0.01 / 0.00 [sUC]   866 / 0.35 / 0.00 
prod_local       [LP]     0 / 0.00 / 0.00 [init]     0 / 0.00 / 0.00 [rLC]     0 / 0.00 / 0.00 [rUC]     0 / 0.00 / 0.00 [sLC]     0 / 0.00 / 0.00 [sUC]     0 / 0.00 / 0.00 
prod_sm_C        [LP]     0 / 0.00 / 0.00 [init]     0 / 0.00 / 0.00 [rLC]     0 / 0.00 / 0.00 [rUC]     0 / 0.00 / 0.00 [sLC]     0 / 0.00 / 0.00 [sUC]     0 / 0.00 / 0.00 
facet            [LP]     0 / 0.00 / 0.00 [init]     0 / 0.00 / 0.00 [rLC]     0 / 0.00 / 0.00 [rUC]     0 / 0.00 / 0.00 [sLC]     0 / 0.00 / 0.00 [sUC]     0 / 0.00 / 0.00 
Separation Round:   [LP] 0  [init] 1  [rLC] 3  [rUC] 32  [sLC] 1  [sUC] 125  
Root Best Bound 156.579575
Root Best Integer: 147.355527
Best Bound: 148.423480
Best Integer: 147.355527
1: 161, 336, 364, 488, 494
Objective Value (calc): 147.355527
sum_etaM = 117.105879 / 117.105879
sum_etaP = 150.716599 / 150.716599
nL: 5
nCL: 0
mCL: 1
