Version identifier: 20.1.0.0 | 2020-11-10 | 9bedb6d68
CPXPARAM_Threads                                 1
CPXPARAM_TimeLimit                               3600
CPXPARAM_MIP_Tolerances_MIPGap                   0
Generic callback                                 0x60
1 of 1 MIP starts provided solutions.
MIP start 'm1' defined initial solution with objective 615.6048.
Tried aggregator 1 time.
Reduced MIP has 1769 rows, 2700 columns, and 235502 nonzeros.
Reduced MIP has 900 binaries, 0 generals, 0 SOSs, and 0 indicators.
Presolve time = 0.09 sec. (46.10 ticks)
Probing time = 0.00 sec. (5.43 ticks)
Tried aggregator 1 time.
Reduced MIP has 1769 rows, 2700 columns, and 235502 nonzeros.
Reduced MIP has 900 binaries, 0 generals, 0 SOSs, and 0 indicators.
Presolve time = 0.09 sec. (46.09 ticks)
Probing time = 0.00 sec. (5.43 ticks)
MIP emphasis: balance optimality and feasibility.
MIP search method: dynamic search.
Parallel mode: none, using 1 thread.
Root relaxation solution time = 0.18 sec. (263.19 ticks)

        Nodes                                         Cuts/
   Node  Left     Objective  IInf  Best Integer    Best Bound    ItCnt     Gap

*     0+    0                          615.6048      900.0000            46.20%
      0     0      692.4001     5      615.6048      692.4001     2060   12.47%
*     0+    0                          644.4745      692.4001             7.44%
      0     0      669.8824    12      644.4745     Cuts: 295     2530    3.94%
*     0+    0                          659.8069      669.8824             1.53%
      0     0      667.9956    11      659.8069     Cuts: 204     2779    1.24%

Repeating presolve.
Tried aggregator 1 time.
MIP Presolve eliminated 88 rows and 902 columns.
MIP Presolve modified 125 coefficients.
Reduced MIP has 1681 rows, 1798 columns, and 23399 nonzeros.
Reduced MIP has 44 binaries, 0 generals, 0 SOSs, and 0 indicators.
Presolve time = 0.02 sec. (19.91 ticks)
Probing time = 0.00 sec. (1.23 ticks)
Cover probing fixed 0 vars, tightened 72 bounds.
Tried aggregator 1 time.
Reduced MIP has 1681 rows, 1798 columns, and 23399 nonzeros.
Reduced MIP has 44 binaries, 0 generals, 0 SOSs, and 0 indicators.
Presolve time = 0.01 sec. (5.16 ticks)
Represolve time = 0.05 sec. (45.74 ticks)
Probing time = 0.00 sec. (1.22 ticks)
MIP emphasis: balance optimality and feasibility.
MIP search method: dynamic search.
Parallel mode: none, using 1 thread.
Root relaxation solution time = 0.17 sec. (236.67 ticks)

        Nodes                                         Cuts/
   Node  Left     Objective  IInf  Best Integer    Best Bound    ItCnt     Gap

*     0+    0                          659.8069      667.9956             1.24%
      0     0      667.9956    11      659.8069      667.9956     5072    1.24%
      0     0      667.8165     9      659.8069     Cuts: 220     5302    1.21%
      0     0      666.6526    11      659.8069     Cuts: 241     5802    1.04%
      0     0      666.5944     9      659.8069      Cuts: 23     5840    1.03%
*     0+    0                          659.8933      666.5944             1.02%
      0     0      666.4628    10      659.8933      Cuts: 43     5898    1.00%
*     0+    0                          662.0711      666.4628             0.66%
      0     0      666.4049    10      662.0711      Cuts: 35     5937    0.65%
      0     0      666.3978    10      662.0711      Cuts: 12     5954    0.65%
      0     0      666.3705    10      662.0711      Cuts: 17     5977    0.65%
      0     0      666.3616    10      662.0711 UserPurge2: 7     5984    0.65%
      0     0      666.3561    11      662.0711 UserPurge2: 6     6005    0.65%
      0     0      666.3533    11      662.0711 UserPurge2: 11     6016    0.65%
      0     0      666.3531    11      662.0711 UserPurge2: 1     6017    0.65%
*     0+    0                          662.9565      666.3531             0.51%
      0     2      666.3441    11      662.9565      666.3358     6017    0.51%
Elapsed time = 15.46 sec. (2139.57 ticks, tree = 0.01 MB, solutions = 6)
     13     7      665.0351    10      662.9565      665.7684     9171    0.42%
     20     4        cutoff            662.9565      665.5153    11251    0.39%
     27     5      663.3062     8      662.9565      665.0292    13226    0.31%

Flow cuts applied:  42
Mixed integer rounding cuts applied:  186
Gomory fractional cuts applied:  2
User cuts applied:  3121

Root node processing (before b&c):
  Real time             =   15.46 sec. (2139.13 ticks)
Sequential b&c:
  Real time             =    4.19 sec. (987.16 ticks)
                          ------------
Total (root+branch&cut) =   19.65 sec. (3126.29 ticks)
|V|                                     900
K                                       5
theta                                   0.01
r                                       2
R                                       20
prob_func                               facility_mixture
mixture_low_share                       0.500000
mixture_low_interval                    [0.001000, 0.010000]
mixture_high_interval                   [0.100000, 0.500000]
mixture_seed                            1
#C1                                     1686
#CP                                     227272

@Parameters: 
am_callback_heuristic                   false
am_local_search                         true
am_start_heuristic                      false
colocation                              false
comp                                    false
cutC                                    true
cutC_init                               false
cutF                                    true
cutF_init                               false
cutF_stable                             false
cutF_wrong                              false
cutLocal                                false
cutM                                    true
cutM_init                               true
cutM_stable                             false
cutP                                    true
cutP_init                               false
cutP_stable                             false
init                                    true
init_cutF_zero                          false
init_val_greedy                         true
is_Euclidean                            false
is_local_search                         true
is_right_cutP                           true
is_root                                 false
is_silent                               false
is_start                                false
mycut                                   false
pmed                                    false
pre                                     true
stable_root                             false
str                                     true
two_phase                               false
ubstr                                   false
mode                                    Int

am_callback_node_space                  50
init                                    0
mixture_seed                            1
node_space                              5
nodelimit                               -1
nsepa                                   1
strF                                    0
type_delta                              0

EPS                                     0.001000
EPS_FRAC                                0.00
gap                                     0.00
mixture_high_max                        0.50
mixture_high_min                        0.10
mixture_low_max                         0.01
mixture_low_min                         0.00
mixture_low_share                       0.50
timelimit                               3600.00

Number of Closed Sites: 2 / 10 
Number of Confined Sites-1: 4 / 16 
Number of Confined Sites-k: 894 / 1359 
Preprocess Time: 1.26 + 0.00 sec

Solve Time: 19.65
Number of Nodes: 33
Termination Status: OPTIMAL

CutInfo: [phase] num / time (sec) / aver. num_nonzero
max              [LP]     0 / 0.00 / 0.00 [init]   884 / 0.03 / 15.56 [rLC]   494 / 0.17 / 22.29 [rUC]   915 / 0.16 / 20.70 [sLC]     0 / 0.00 / 0.00 [sUC]   833 / 0.09 / 23.00 
prod_oa          [LP]     0 / 0.00 / 0.00 [init]   884 / 0.08 / 247.83 [rLC]  2414 / 1.23 / 254.32 [rUC]   361 / 1.22 / 223.71 [sLC]     0 / 0.00 / 0.00 [sUC]   486 / 0.31 / 316.49 
prod_sm_fixed    [LP]     0 / 0.00 / 0.00 [init]     0 / 0.00 / 0.00 [rLC]     0 / 0.00 / 0.00 [rUC]     0 / 0.00 / 0.00 [sLC]     0 / 0.00 / 0.00 [sUC]     0 / 0.00 / 0.00 
prod_bin         [LP]     0 / 0.00 / 0.00 [init]     0 / 0.00 / 0.00 [rLC]     0 / 0.00 / 0.00 [rUC]     0 / 0.00 / 0.00 [sLC]     0 / 0.00 / 0.00 [sUC]     0 / 0.00 / 0.00 
prod_local       [LP]     0 / 0.00 / 0.00 [init]     0 / 0.00 / 0.00 [rLC]     0 / 0.00 / 0.00 [rUC]     0 / 0.00 / 0.00 [sLC]     0 / 0.00 / 0.00 [sUC]     0 / 0.00 / 0.00 
prod_sm_C        [LP]     0 / 0.00 / 0.00 [init]     0 / 0.30 / 0.00 [rLC]     0 / 4.86 / 0.00 [rUC]   441 / 5.09 / 549.29 [sLC]     0 / 0.00 / 0.00 [sUC]   769 / 1.22 / 418.22 
facet            [LP]     0 / 0.00 / 0.00 [init]     0 / 0.00 / 0.00 [rLC]     0 / 0.00 / 0.00 [rUC]   240 / 0.00 / 0.00 [sLC]     0 / 0.00 / 0.00 [sUC]   638 / 0.00 / 0.00 
Separation Round:   [LP] 0  [init] 1  [rLC] 16  [rUC] 15  [sLC] 0  [sUC] 38  
Root Best Bound 665.909643
Root Best Integer: 662.956544
Best Bound: 665.029212
Best Integer: 662.956544
1: 152, 215, 360, 473, 615
Objective Value (calc): 662.903099
sum_etaM = 391.396184 / 391.396184
sum_etaP = 665.699578 / 665.645593
nL: 5
nCL: 0
mCL: 1
