Version identifier: 20.1.0.0 | 2020-11-10 | 9bedb6d68
CPXPARAM_Threads                                 1
CPXPARAM_TimeLimit                               3600
CPXPARAM_MIP_Tolerances_MIPGap                   0
Generic callback                                 0x60
1 of 1 MIP starts provided solutions.
MIP start 'm1' defined initial solution with objective 420.0142.
Tried aggregator 1 time.
Reduced MIP has 1 rows, 1800 columns, and 900 nonzeros.
Reduced MIP has 900 binaries, 0 generals, 0 SOSs, and 0 indicators.
Presolve time = 0.00 sec. (0.41 ticks)
Tried aggregator 1 time.
Reduced MIP has 1 rows, 1800 columns, and 900 nonzeros.
Reduced MIP has 900 binaries, 0 generals, 0 SOSs, and 0 indicators.
Presolve time = 0.00 sec. (0.41 ticks)
Probing time = 0.00 sec. (0.10 ticks)
MIP emphasis: balance optimality and feasibility.
MIP search method: dynamic search.
Parallel mode: none, using 1 thread.
Root relaxation solution time = 0.00 sec. (0.25 ticks)

        Nodes                                         Cuts/
   Node  Left     Objective  IInf  Best Integer    Best Bound    ItCnt     Gap

*     0+    0                          420.0142      900.0000           114.28%
      0     0      791.4590    15      420.0142      900.0000        0  114.28%
      0     0      420.3968    14      420.0142 UserPurge2: 100      133    0.09%
      0     0      420.0262    13      420.0142     Cuts: 102      174    0.00%

Repeating presolve.
Tried aggregator 1 time.
MIP Presolve eliminated 0 rows and 868 columns.
Reduced MIP has 1 rows, 932 columns, and 32 nonzeros.
Reduced MIP has 32 binaries, 0 generals, 0 SOSs, and 0 indicators.
Presolve time = 0.00 sec. (0.30 ticks)
Probing time = 0.00 sec. (0.00 ticks)
Tried aggregator 1 time.
Reduced MIP has 1 rows, 932 columns, and 32 nonzeros.
Reduced MIP has 32 binaries, 0 generals, 0 SOSs, and 0 indicators.
Presolve time = 0.00 sec. (0.15 ticks)
Represolve time = 0.01 sec. (11.74 ticks)
Probing time = 0.00 sec. (0.00 ticks)
MIP emphasis: balance optimality and feasibility.
MIP search method: dynamic search.
Parallel mode: none, using 1 thread.
Root relaxation solution time = 0.00 sec. (3.49 ticks)

        Nodes                                         Cuts/
   Node  Left     Objective  IInf  Best Integer    Best Bound    ItCnt     Gap

*     0+    0                          420.0142      420.0262             0.00%
      0     0      420.0222    12      420.0142      420.0222     1082    0.00%
      0     0        cutoff            420.0142                   1085     --- 
Elapsed time = 3.07 sec. (433.34 ticks, tree = 0.01 MB, solutions = 1)
Version identifier: 20.1.0.0 | 2020-11-10 | 9bedb6d68
CPXPARAM_Threads                                 1
CPXPARAM_TimeLimit                               3596.9272661209106
CPXPARAM_MIP_Tolerances_MIPGap                   0
Generic callback                                 0x60
1 of 1 MIP starts provided solutions.
MIP start 'm1' defined initial solution with objective 420.0142.
Tried aggregator 1 time.
Reduced MIP has 863 rows, 1800 columns, and 4833 nonzeros.
Reduced MIP has 900 binaries, 0 generals, 0 SOSs, and 0 indicators.
Presolve time = 0.00 sec. (1.51 ticks)
Probing time = 0.00 sec. (0.28 ticks)
Tried aggregator 1 time.
Reduced MIP has 863 rows, 1800 columns, and 4833 nonzeros.
Reduced MIP has 900 binaries, 0 generals, 0 SOSs, and 0 indicators.
Presolve time = 0.00 sec. (1.51 ticks)
Probing time = 0.00 sec. (0.28 ticks)
MIP emphasis: balance optimality and feasibility.
MIP search method: dynamic search.
Parallel mode: none, using 1 thread.
Root relaxation solution time = 0.00 sec. (3.96 ticks)

        Nodes                                         Cuts/
   Node  Left     Objective  IInf  Best Integer    Best Bound    ItCnt     Gap

*     0+    0                          420.0142      900.0000           114.28%
      0     0      424.5687    15      420.0142      450.9345      929    7.36%
      0     0      420.5877    14      420.0142     Cuts: 315     1087    0.14%
      0     0        cutoff            420.0142                   1145     --- 
Elapsed time = 0.15 sec. (78.25 ticks, tree = 0.01 MB, solutions = 1)

Flow cuts applied:  19
Mixed integer rounding cuts applied:  43
Gomory fractional cuts applied:  1
User cuts applied:  647

Root node processing (before b&c):
  Real time             =    0.15 sec. (78.34 ticks)
Sequential b&c:
  Real time             =    0.00 sec. (0.00 ticks)
                          ------------
Total (root+branch&cut) =    0.15 sec. (78.34 ticks)
|V|                                     900
K                                       10
theta                                   1.00
r                                       2
R                                       20
prob_func                               facility_mixture
mixture_low_share                       0.900000
mixture_low_interval                    [0.001000, 0.010000]
mixture_high_interval                   [0.100000, 0.500000]
mixture_seed                            1
#C1                                     1688
#CP                                     230588

@Parameters: 
am_callback_heuristic                   false
am_local_search                         true
am_start_heuristic                      false
colocation                              true
comp                                    false
cutC                                    true
cutC_init                               false
cutF                                    true
cutF_init                               false
cutF_stable                             false
cutF_wrong                              false
cutLocal                                false
cutM                                    true
cutM_init                               true
cutM_stable                             false
cutP                                    true
cutP_init                               false
cutP_stable                             false
init                                    true
init_cutF_zero                          false
init_val_greedy                         true
is_Euclidean                            false
is_local_search                         true
is_right_cutP                           true
is_root                                 false
is_silent                               false
is_start                                false
mycut                                   false
pmed                                    true
pre                                     true
stable_root                             false
str                                     true
two_phase                               false
ubstr                                   false
mode                                    Int

am_callback_node_space                  50
init                                    0
mixture_seed                            1
node_space                              5
nodelimit                               -1
nsepa                                   1
strF                                    0
type_delta                              0

EPS                                     0.001000
EPS_FRAC                                0.00
gap                                     0.00
mixture_high_max                        0.50
mixture_high_min                        0.10
mixture_low_max                         0.01
mixture_low_min                         0.00
mixture_low_share                       0.90
timelimit                               3600.00

Number of Closed Sites: 2 / 20 
Number of Confined Sites-1: 2 / 18 
Number of Confined Sites-k: 896 / 896 
Preprocess Time: 2.21 + 0.00 sec

Solve Time: 3.07
Number of Nodes: 0
Termination Status: OPTIMAL

CutInfo: [phase] num / time (sec) / aver. num_nonzero
max              [LP]     0 / 0.00 / 0.00 [init]     0 / 0.00 / 0.00 [rLC]  3328 / 1.31 / 75.87 [rUC]   956 / 0.03 / 5.68 [sLC]     0 / 0.00 / 0.00 [sUC]     0 / 0.00 / 0.00 
prod_oa          [LP]     0 / 0.00 / 0.00 [init]     0 / 0.00 / 0.00 [rLC]     0 / 0.00 / 0.00 [rUC]     0 / 0.00 / 0.00 [sLC]     0 / 0.00 / 0.00 [sUC]     0 / 0.00 / 0.00 
prod_sm_fixed    [LP]     0 / 0.00 / 0.00 [init]     0 / 0.00 / 0.00 [rLC]     0 / 0.00 / 0.00 [rUC]     0 / 0.00 / 0.00 [sLC]     0 / 0.00 / 0.00 [sUC]     0 / 0.00 / 0.00 
prod_bin         [LP]     0 / 0.00 / 0.00 [init]     0 / 0.00 / 0.00 [rLC]     0 / 0.00 / 0.00 [rUC]     0 / 0.00 / 0.00 [sLC]     0 / 0.00 / 0.00 [sUC]     0 / 0.00 / 0.00 
prod_local       [LP]     0 / 0.00 / 0.00 [init]     0 / 0.00 / 0.00 [rLC]     0 / 0.00 / 0.00 [rUC]     0 / 0.00 / 0.00 [sLC]     0 / 0.00 / 0.00 [sUC]     0 / 0.00 / 0.00 
prod_sm_C        [LP]     0 / 0.00 / 0.00 [init]     0 / 0.00 / 0.00 [rLC]     0 / 0.00 / 0.00 [rUC]     0 / 0.00 / 0.00 [sLC]     0 / 0.00 / 0.00 [sUC]     0 / 0.00 / 0.00 
facet            [LP]     0 / 0.00 / 0.00 [init]     0 / 0.00 / 0.00 [rLC]     0 / 0.00 / 0.00 [rUC]     0 / 0.00 / 0.00 [sLC]     0 / 0.00 / 0.00 [sUC]     0 / 0.00 / 0.00 
Separation Round:   [LP] 0  [init] 0  [rLC] 8  [rUC] 3  [sLC] 0  [sUC] 0  
Root Best Bound 420.022214
Root Best Integer: 420.014155
Best Bound: 420.022214
Best Integer: 420.014155
1: 19, 84, 133, 215, 219, 271, 508, 661, 817, 847
Objective Value (calc): 420.014155
sum_etaM = 420.014155 / 420.014155
sum_etaP = 0.000000 / 715.363962
nL: 10
nCL: 0
mCL: 1
Number of Closed Sites: 2 / 20 
Number of Confined Sites-1: 2 / 18 
Number of Confined Sites-k: 896 / 896 
Preprocess Time: 1.36 + 0.00 sec

Solve Time: 0.15
Number of Nodes: 0
Termination Status: OPTIMAL

CutInfo: [phase] num / time (sec) / aver. num_nonzero
max              [LP]     0 / 0.00 / 0.00 [init]   862 / 0.01 / 3.56 [rLC]   808 / 0.03 / 12.66 [rUC]   547 / 0.02 / 7.14 [sLC]     0 / 0.00 / 0.00 [sUC]     0 / 0.00 / 0.00 
prod_oa          [LP]     0 / 0.00 / 0.00 [init]     0 / 0.00 / 0.00 [rLC]     0 / 0.00 / 0.00 [rUC]     0 / 0.00 / 0.00 [sLC]     0 / 0.00 / 0.00 [sUC]     0 / 0.00 / 0.00 
prod_sm_fixed    [LP]     0 / 0.00 / 0.00 [init]     0 / 0.00 / 0.00 [rLC]     0 / 0.00 / 0.00 [rUC]     0 / 0.00 / 0.00 [sLC]     0 / 0.00 / 0.00 [sUC]     0 / 0.00 / 0.00 
prod_bin         [LP]     0 / 0.00 / 0.00 [init]     0 / 0.00 / 0.00 [rLC]     0 / 0.00 / 0.00 [rUC]     0 / 0.00 / 0.00 [sLC]     0 / 0.00 / 0.00 [sUC]     0 / 0.00 / 0.00 
prod_local       [LP]     0 / 0.00 / 0.00 [init]     0 / 0.00 / 0.00 [rLC]     0 / 0.00 / 0.00 [rUC]     0 / 0.00 / 0.00 [sLC]     0 / 0.00 / 0.00 [sUC]     0 / 0.00 / 0.00 
prod_sm_C        [LP]     0 / 0.00 / 0.00 [init]     0 / 0.00 / 0.00 [rLC]     0 / 0.00 / 0.00 [rUC]     0 / 0.00 / 0.00 [sLC]     0 / 0.00 / 0.00 [sUC]     0 / 0.00 / 0.00 
facet            [LP]     0 / 0.00 / 0.00 [init]     0 / 0.00 / 0.00 [rLC]     0 / 0.00 / 0.00 [rUC]     0 / 0.00 / 0.00 [sLC]     0 / 0.00 / 0.00 [sUC]     0 / 0.00 / 0.00 
Separation Round:   [LP] 0  [init] 1  [rLC] 3  [rUC] 2  [sLC] 0  [sUC] 0  
Root Best Bound 420.587693
Root Best Integer: 420.014155
Best Bound: 420.587693
Best Integer: 420.014155
1: 19, 84, 133, 215, 219, 271, 508, 661, 817, 847
Objective Value (calc): 420.014155
sum_etaM = 420.014155 / 420.014155
sum_etaP = 0.000000 / 715.363962
nL: 10
nCL: 0
mCL: 1
