Version identifier: 20.1.0.0 | 2020-11-10 | 9bedb6d68
CPXPARAM_Threads                                 1
CPXPARAM_TimeLimit                               3600
CPXPARAM_MIP_Tolerances_MIPGap                   0
Generic callback                                 0x60
1 of 1 MIP starts provided solutions.
MIP start 'm1' defined initial solution with objective 614.8597.
Tried aggregator 2 times.
MIP Presolve eliminated 13 rows and 8 columns.
Aggregator did 5 substitutions.
Reduced MIP has 2385 rows, 2787 columns, and 32557 nonzeros.
Reduced MIP has 696 binaries, 691 generals, 0 SOSs, and 0 indicators.
Presolve time = 0.02 sec. (10.88 ticks)
Probing time = 0.00 sec. (1.64 ticks)
Tried aggregator 1 time.
Reduced MIP has 2385 rows, 2787 columns, and 32557 nonzeros.
Reduced MIP has 696 binaries, 691 generals, 0 SOSs, and 0 indicators.
Presolve time = 0.01 sec. (6.50 ticks)
Probing time = 0.00 sec. (1.64 ticks)
MIP emphasis: balance optimality and feasibility.
MIP search method: dynamic search.
Parallel mode: none, using 1 thread.
Root relaxation solution time = 0.09 sec. (110.08 ticks)

        Nodes                                         Cuts/
   Node  Left     Objective  IInf  Best Integer    Best Bound    ItCnt     Gap

*     0+    0                          614.8597      700.0000            13.85%
      0     0      666.9866   240      614.8597      666.9866     1889    8.48%
      0     0      619.1591   208      614.8597     Cuts: 696     2134    0.70%
      0     0      617.6484   216      614.8597     Cuts: 523     2485    0.45%
      0     0      617.0504   198      614.8597     Cuts: 233     2748    0.36%
      0     0      616.7467   207      614.8597     Cuts: 211     2975    0.31%
      0     0      616.5846   198      614.8597      Cuts: 80     3112    0.28%
      0     0      616.5043   186      614.8597      Cuts: 62     3199    0.27%
      0     0      616.4817   199      614.8597      Cuts: 57     3267    0.26%
      0     0      616.4688   192      614.8597      Cuts: 29     3319    0.26%
      0     0      616.4615   193      614.8597 UserPurge2: 12     3355    0.26%
      0     0      616.4596   193      614.8597 UserPurge2: 19     3379    0.26%
      0     0      616.4578   193      614.8597 UserPurge2: 7     3407    0.26%
      0     0      616.4560   195      614.8597 UserPurge2: 19     3423    0.26%
      0     0      616.4549   195      614.8597 UserPurge2: 4     3432    0.26%
      0     0      616.4541   193      614.8597 UserPurge2: 3     3437    0.26%
      0     2      616.4541   193      614.8597      616.4540     3437    0.26%
Elapsed time = 2.22 sec. (1618.73 ticks, tree = 0.01 MB, solutions = 1)
     14    16      616.0878   167      614.8597      616.4468     4486    0.26%
     29    31      615.6448   146      614.8597      616.4468     5789    0.26%
     40    42      615.4279   125      614.8597      616.4468     6456    0.26%
     60    62      614.9986    96      614.8597      616.4468     7407    0.26%
     81    73      616.2349   199      614.8597      616.4180     8639    0.25%
     91    83      615.3074   163      614.8597      616.4180     9961    0.25%
    110   100        cutoff            614.8597      616.4180    10953    0.25%
    120   108      615.8006   179      614.8597      616.3708    12288    0.25%
    135   123      614.8961   140      614.8597      616.3708    13630    0.25%
    200   177      616.0403   204      614.8597      616.3585    17269    0.24%
Elapsed time = 9.74 sec. (4910.61 ticks, tree = 0.82 MB, solutions = 1)
    262   235      615.2831   129      614.8597      616.3579    21254    0.24%
    320   285      615.0844   123      614.8597      616.3364    25453    0.24%
    400   355      615.8190   164      614.8597      616.2838    28952    0.23%
    480   431      615.1716   103      614.8597      616.2510    33007    0.23%

Performing restart 1

Repeating presolve.
Tried aggregator 1 time.
MIP Presolve eliminated 212 rows and 106 columns.
MIP Presolve modified 277 coefficients.
Reduced MIP has 2173 rows, 2681 columns, and 32133 nonzeros.
Reduced MIP has 696 binaries, 585 generals, 0 SOSs, and 0 indicators.
Presolve time = 0.01 sec. (7.66 ticks)
Tried aggregator 1 time.
Reduced MIP has 2173 rows, 2681 columns, and 32133 nonzeros.
Reduced MIP has 696 binaries, 585 generals, 0 SOSs, and 0 indicators.
Presolve time = 0.01 sec. (6.60 ticks)
Represolve time = 0.06 sec. (40.01 ticks)
    511     0      616.0069   252      614.8597     Cuts: 172    38583    0.19%
    511     0      615.9316   246      614.8597      Cuts: 89    38796    0.17%
    511     0      615.8959   244      614.8597      Cuts: 61    38921    0.17%
    511     0      615.8792   251      614.8597      Cuts: 59    39032    0.17%
    511     0      615.8557   240      614.8597      Cuts: 36    39130    0.16%
    511     0      615.8520   245      614.8597      Cuts: 40    39190    0.16%
    511     0      615.8407   249      614.8597      Cuts: 32    39263    0.16%
    511     0      615.8370   249      614.8597      Cuts: 36    39323    0.16%
    511     0      615.8312   256      614.8597      Cuts: 22    39387    0.16%
    511     0      615.8262   247      614.8597   MIRcuts: 25    39428    0.16%
    511     0      615.7668   224      614.8597      Cuts: 58    39517    0.15%
    511     0      615.7465   232      614.8597      Cuts: 31    39612    0.14%
    511     0      615.7386   240      614.8597      Cuts: 38    39679    0.14%
    511     0      615.7328   240      614.8597      Cuts: 32    39725    0.14%
    511     0      615.7298   248      614.8597      Cuts: 27    39778    0.14%
    511     0      615.7273   226      614.8597      Cuts: 31    39824    0.14%
    511     0      615.7231   269      614.8597      Cuts: 24    39905    0.14%
    511     2      615.7231   279      614.8597      615.7231    39905    0.14%
    512     3      615.7222   240      614.8597      615.7230    39947    0.14%
    515     6      615.6611   189      614.8597      615.7230    40188    0.14%
    521    11      615.5870   167      614.8597      615.7230    40367    0.14%
    541    31      615.1326   106      614.8597      615.7230    42083    0.14%
    571    57      615.3556   104      614.8597      615.7207    44281    0.14%
Elapsed time = 28.81 sec. (19435.57 ticks, tree = 0.25 MB, solutions = 1)
    601    78      615.5987   196      614.8597      615.7029    46474    0.14%
    631   108      615.3417   119      614.8597      615.7029    49306    0.14%
    678   139      615.6214   213      614.8597      615.6947    51599    0.14%
    715   170      615.6089   208      614.8597      615.6925    55243    0.14%
    755   210      615.1070    89      614.8597      615.6925    58800    0.14%
    818   261      615.0235   142      614.8597      615.6914    61935    0.14%
    861   289      615.1249   140      614.8597      615.6440    65932    0.13%
    928   338      615.2930   181      614.8597      615.6392    69722    0.13%
    976   380      615.2572   185      614.8597      615.6381    73513    0.13%
   1031   420      615.3856   181      614.8597      615.6296    77172    0.13%
Elapsed time = 41.00 sec. (30074.69 ticks, tree = 0.83 MB, solutions = 1)
   1090   476      614.9188    54      614.8597      615.6296    79221    0.13%
   1139   510      614.9966   124      614.8597      615.6256    83026    0.12%
   1189   553      614.8721    78      614.8597      615.6250    86089    0.12%
   1214   569      615.0779   122      614.8597      615.6250    89008    0.12%
   1266   610      614.9150    77      614.8597      615.6209    92132    0.12%
   1300   640      615.1066    99      614.8597      615.6202    96457    0.12%
   1368   684      615.2076   167      614.8597      615.6085   100302    0.12%
   1421   728      615.4341   173      614.8597      615.6053   103674    0.12%
   1475   769      615.2198   202      614.8597      615.6011   107495    0.12%
   1527   812      615.3431   170      614.8597      615.6010   110259    0.12%
Elapsed time = 52.02 sec. (40341.67 ticks, tree = 1.50 MB, solutions = 1)
   1585   867      614.9569    46      614.8597      615.6010   114070    0.12%
   1650   923      614.9000    53      614.8597      615.5986   116972    0.12%
   1689   953      615.0635   117      614.8597      615.5971   120519    0.12%
   1763  1011      615.4591   171      614.8597      615.5885   124229    0.12%
   1791  1038      615.0042   132      614.8597      615.5885   127656    0.12%
   1838  1073      614.9172   104      614.8597      615.5879   130732    0.12%
   1877  1109      615.2906    89      614.8597      615.5855   134364    0.12%
   1959  1163      615.2922   179      614.8597      615.5812   137916    0.12%
   1996  1194        cutoff            614.8597      615.5812   140593    0.12%
   2038  1226      614.9027   107      614.8597      615.5809   143623    0.12%
Elapsed time = 63.17 sec. (50118.32 ticks, tree = 2.28 MB, solutions = 1)
   2104  1271      615.3896   177      614.8597      615.5745   147471    0.12%
   2149  1300      615.4834   186      614.8597      615.5742   151234    0.12%
   2200  1347      615.0442   193      614.8597      615.5685   154843    0.12%
   2234  1381      614.9802   114      614.8597      615.5685   158593    0.12%
   2291  1406      615.3667   127      614.8597      615.5601   160917    0.11%
   2377  1478      614.9698   126      614.8597      615.5568   165132    0.11%
   2418  1506      615.1736   163      614.8597      615.5330   168845    0.11%
   2455  1532      615.4016   179      614.8597      615.5326   172041    0.11%
   2490  1565      615.0610   105      614.8597      615.5326   175366    0.11%
   2535  1598      615.0909   107      614.8597      615.5318   178852    0.11%
Elapsed time = 73.93 sec. (60029.71 ticks, tree = 3.01 MB, solutions = 1)
   2581  1636      614.9729    86      614.8597      615.5267   182195    0.11%
   2631  1679      615.2244   102      614.8597      615.5212   186149    0.11%
   2686  1715      615.1419   174      614.8597      615.5211   188747    0.11%
   2743  1767      615.1475   102      614.8597      615.5168   193017    0.11%
   2815  1817      615.3966   115      614.8597      615.5070   195457    0.11%
   2900  1891      615.2864   130      614.8597      615.5035   198375    0.10%
   2930  1920      614.9259    66      614.8597      615.5035   201277    0.10%
   2974  1947      614.8818    74      614.8597      615.5025   203553    0.10%
   3005  1973      615.2017   112      614.8597      615.5014   206401    0.10%
   3053  2012      614.9818    31      614.8597      615.5014   208676    0.10%
Elapsed time = 84.66 sec. (70124.82 ticks, tree = 3.84 MB, solutions = 1)
   3091  2043      615.3315    98      614.8597      615.5010   211414    0.10%
   3165  2112        cutoff            614.8597      615.5010   214650    0.10%
   3195  2134      615.1409   160      614.8597      615.4985   217395    0.10%
   3228  2154      615.3072   186      614.8597      615.4983   219738    0.10%
   3267  2187      614.8741    76      614.8597      615.4983   221466    0.10%
   3307  2222      614.9628    75      614.8597      615.4978   224362    0.10%
   3341  2246      615.2592    92      614.8597      615.4977   225701    0.10%
   3424  2319      615.3568    97      614.8597      615.4969   228474    0.10%
   3502  2377      614.8832    15      614.8597      615.4969   231629    0.10%
   3565  2415      615.2030   104      614.8597      615.4967   234746    0.10%
Elapsed time = 95.35 sec. (80120.95 ticks, tree = 4.76 MB, solutions = 1)
   3631  2454      615.3534   147      614.8597      615.4953   237902    0.10%
   3691  2502      615.2205   124      614.8597      615.4949   241009    0.10%
   3730  2534      615.0368   117      614.8597      615.4937   244606    0.10%
   3779  2576      615.0379    83      614.8597      615.4935   248000    0.10%
   3841  2618      615.0755   130      614.8597      615.4932   250733    0.10%
   3916  2682      614.9685    63      614.8597      615.4927   254501    0.10%
   4016  2763      615.4428   173      614.8597      615.4923   257548    0.10%
   4041  2788      615.3044   117      614.8597      615.4923   260075    0.10%
   4111  2841      615.2486    83      614.8597      615.4919   263439    0.10%
*  4176  2724      integral     0      614.8887      615.4919   264491    0.10%
Elapsed time = 105.61 sec. (89388.18 ticks, tree = 5.43 MB, solutions = 2)
   4220  2766      614.9474    30      614.8887      615.4908   266021    0.10%
   4294  2825      615.4030   133      614.8887      615.4894   268737    0.10%
   4393  2916      615.3512   110      614.8887      615.4888   271658    0.10%
   4467  2968      615.2979   140      614.8887      615.4884   274827    0.10%
   4581  3067      615.3664   155      614.8887      615.4831   278456    0.10%
   4630  3109      615.2973   101      614.8887      615.4824   281505    0.10%
   4674  3135      615.3848   199      614.8887      615.4818   283843    0.10%
   4766  3222      615.4343   185      614.8887      615.4808   286731    0.10%
   4822  3274      614.9010    53      614.8887      615.4808   289354    0.10%
   5027  3426      615.0839   157      614.8887      615.4751   300531    0.10%
Elapsed time = 120.21 sec. (102308.63 ticks, tree = 6.88 MB, solutions = 2)
   5311  3668      615.1364    72      614.8887      615.4725   312420    0.09%
   5652  3953      615.0271    29      614.8887      615.4711   322866    0.09%
   5964  4220      615.0936    60      614.8887      615.4657   335339    0.09%
   6182  4378      614.9398    83      614.8887      615.4577   346854    0.09%
   6491  4617      615.2194   155      614.8887      615.4517   360713    0.09%
   6706  4762      615.3329   110      614.8887      615.4492   369981    0.09%
   7015  5034      615.0431    51      614.8887      615.4471   383662    0.09%
   7300  5261      615.2080    71      614.8887      615.4443   396244    0.09%
*  7484  4990      integral     0      614.9221      615.4424   399908    0.08%
   7705  5156      614.9499   117      614.9221      615.4407   412763    0.08%
Elapsed time = 161.25 sec. (138297.36 ticks, tree = 10.62 MB, solutions = 3)
   7951  5333      615.2932   189      614.9221      615.4362   423952    0.08%
   8184  5503      615.1842   106      614.9221      615.4352   433750    0.08%
   8439  5719      614.9403    84      614.9221      615.4332   445347    0.08%
   8686  5875      615.1673   192      614.9221      615.4276   456486    0.08%
   9048  6157      615.4136   181      614.9221      615.4258   468440    0.08%
   9368  6428      615.1574    90      614.9221      615.4241   481504    0.08%
   9628  6634      615.0317   124      614.9221      615.4229   493809    0.08%
   9886  6840      615.2522   101      614.9221      615.4212   505919    0.08%
  10172  7046      615.3209    96      614.9221      615.4185   518034    0.08%
  10433  7242      615.2780    94      614.9221      615.4169   529896    0.08%
Elapsed time = 203.92 sec. (176613.03 ticks, tree = 15.10 MB, solutions = 3)
  10677  7435      615.2032   164      614.9221      615.4153   542767    0.08%
  10731  7479      615.2197    79      614.9221      615.4147   544569    0.08%
  10732  7480      615.0766   125      614.9221      615.4145   544745    0.08%

Performing restart 2

Repeating presolve.
Tried aggregator 1 time.
MIP Presolve eliminated 107 rows and 93 columns.
MIP Presolve modified 6 coefficients.
Reduced MIP has 2066 rows, 2588 columns, and 27863 nonzeros.
Reduced MIP has 617 binaries, 571 generals, 0 SOSs, and 0 indicators.
Presolve time = 0.01 sec. (7.09 ticks)
Tried aggregator 1 time.
Reduced MIP has 2066 rows, 2588 columns, and 27863 nonzeros.
Reduced MIP has 617 binaries, 571 generals, 0 SOSs, and 0 indicators.
Presolve time = 0.01 sec. (5.96 ticks)
Represolve time = 0.07 sec. (47.45 ticks)
  10734     0      615.6856   276      614.9221      Cuts: 99   548471    0.08%
  10734     0      615.6762   258      614.9221   MIRcuts: 23   548548    0.08%
  10734     0      615.6714   265      614.9221   MIRcuts: 27   548631    0.08%
  10734     0      615.6685   273      614.9221      Cuts: 19   548689    0.08%
  10734     0      615.6654   258      614.9221   MIRcuts: 12   548729    0.08%
  10734     0      615.6601   270      614.9221   MIRcuts: 13   548764    0.08%
  10734     0      615.6588   280      614.9221      Cuts: 11   548796    0.08%
  10734     0      615.6570   276      614.9221   MIRcuts: 11   548837    0.08%

Repeating presolve.
Tried aggregator 1 time.
MIP Presolve eliminated 292 rows and 217 columns.
MIP Presolve modified 11 coefficients.
Reduced MIP has 1774 rows, 2371 columns, and 20921 nonzeros.
Reduced MIP has 502 binaries, 469 generals, 0 SOSs, and 0 indicators.
Presolve time = 0.01 sec. (5.63 ticks)
Tried aggregator 1 time.
Reduced MIP has 1774 rows, 2371 columns, and 20921 nonzeros.
Reduced MIP has 502 binaries, 469 generals, 0 SOSs, and 0 indicators.
Presolve time = 0.01 sec. (4.52 ticks)
Represolve time = 0.06 sec. (43.82 ticks)
  10734     0      615.6557   291      614.9221      Cuts: 37   551670    0.08%
  10734     0      615.6550   303      614.9221   MIRcuts: 10   551701    0.08%
  10734     0      615.6535   286      614.9221   MIRcuts: 12   551748    0.08%
  10734     0      615.6524   305      614.9221      Cuts: 14   551799    0.08%
  10734     0      615.6511   287      614.9221   MIRcuts: 20   551855    0.08%
  10734     0      615.6499   292      614.9221      Cuts: 14   551907    0.08%
  10734     0      615.6493   292      614.9221      Cuts: 14   551938    0.08%
  10734     0      615.6488   300      614.9221    MIRcuts: 9   551956    0.08%
  10734     2      615.6485   282      614.9221      615.4141   551956    0.08%
  10746    13      615.2053   212      614.9221      615.4141   552953    0.08%
  10771    27      615.4233   216      614.9221      615.4141   554048    0.08%
  10818    67      615.0181    64      614.9221      615.4141   556139    0.08%
  10897   133      615.3932    50      614.9221      615.4141   557460    0.08%
  10961   182      615.2282   127      614.9221      615.4141   559283    0.08%
  11036   237      615.0718    77      614.9221      615.4141   562618    0.08%
Elapsed time = 251.76 sec. (226097.26 ticks, tree = 0.50 MB, solutions = 3)
  11171   339      615.2329    71      614.9221      615.4141   568852    0.08%
  11485   600      615.4170   136      614.9221      615.4141   578685    0.08%
  11725   810      615.2221   126      614.9221      615.4141   589214    0.08%
  11852   917      615.2215   118      614.9221      615.4141   596560    0.08%
  12028  1048      615.1226    73      614.9221      615.4141   607388    0.08%
  12334  1289      615.0073    59      614.9221      615.4141   621082    0.08%
  12459  1390      615.0886   212      614.9221      615.4141   629411    0.08%
  12669  1535      615.0632    99      614.9221      615.4141   642484    0.08%
  12893  1719      615.2617   162      614.9221      615.4141   656052    0.08%
  13080  1853      615.1006   204      614.9221      615.4141   669182    0.08%
Elapsed time = 293.31 sec. (264419.72 ticks, tree = 3.80 MB, solutions = 3)
  13270  2000      615.1770   194      614.9221      615.4141   683924    0.08%
  13481  2171      615.1840   172      614.9221      615.4141   697959    0.08%
  13694  2347      615.2210    93      614.9221      615.4141   712243    0.08%
  13955  2562      615.3142   115      614.9221      615.4141   726585    0.08%
  14221  2782      615.3626   177      614.9221      615.4141   739200    0.08%
  14436  2965      614.9515    71      614.9221      615.4141   749114    0.08%
  14652  3126      615.3895   138      614.9221      615.4141   760225    0.08%
  14875  3306      615.1111    45      614.9221      615.4141   773049    0.08%
  15134  3509      614.9944    88      614.9221      615.4141   787191    0.08%
  15344  3673      615.3258   147      614.9221      615.4141   800803    0.08%
Elapsed time = 335.53 sec. (302855.12 ticks, tree = 7.22 MB, solutions = 3)
  15617  3898        cutoff            614.9221      615.4141   813865    0.08%
  15875  4092      615.4096   157      614.9221      615.4141   827412    0.08%
  16151  4325      615.0280   102      614.9221      615.4141   841500    0.08%
  16396  4510      615.3140    96      614.9221      615.4141   855192    0.08%
  16638  4696      615.1613   150      614.9221      615.4141   869730    0.08%
  16873  4886      615.1980    78      614.9221      615.4141   883114    0.08%
  17128  5080      615.1235    76      614.9221      615.4141   897105    0.08%
  17417  5319      615.3611    91      614.9221      615.4141   910900    0.08%
  17632  5491      615.1177   163      614.9221      615.4117   924242    0.08%
  17899  5696      615.3824   121      614.9221      615.4100   937165    0.08%
Elapsed time = 379.30 sec. (341127.48 ticks, tree = 11.02 MB, solutions = 3)
  18153  5892      615.0124   167      614.9221      615.4072   951191    0.08%
  18415  6100      615.2964   144      614.9221      615.4046   964823    0.08%
  18698  6334      615.1633   105      614.9221      615.4037   977664    0.08%
  18937  6522      615.2374    99      614.9221      615.4007   988752    0.08%
  19157  6693      615.0382    64      614.9221      615.3995  1000583    0.08%
  19361  6836      615.3049   196      614.9221      615.3978  1011333    0.08%
  19632  7058      615.0486   106      614.9221      615.3957  1025382    0.08%
  19892  7264      615.3040   216      614.9221      615.3938  1039110    0.08%
  20087  7406      615.2153   161      614.9221      615.3917  1053322    0.08%
  20334  7599      615.1852   142      614.9221      615.3909  1065760    0.08%
Elapsed time = 422.79 sec. (379805.09 ticks, tree = 14.39 MB, solutions = 3)
  20547  7771      615.3343   141      614.9221      615.3901  1076592    0.08%
  20787  7960      615.1861   163      614.9221      615.3885  1087370    0.08%
  21026  8160      615.0539   104      614.9221      615.3879  1098174    0.08%
  21294  8362      615.1044    44      614.9221      615.3871  1109808    0.08%
  21607  8607      615.2412   108      614.9221      615.3860  1123094    0.08%
  21885  8823      615.0948    77      614.9221      615.3847  1135296    0.08%
  22159  9042      615.0112   116      614.9221      615.3833  1148932    0.07%
  22403  9240      615.0107    59      614.9221      615.3818  1162326    0.07%
  22679  9445      615.2537   188      614.9221      615.3809  1174418    0.07%
  22917  9640      615.1320   121      614.9221      615.3797  1185846    0.07%
Elapsed time = 466.60 sec. (418176.74 ticks, tree = 18.40 MB, solutions = 3)
  23092  9755      615.1708    77      614.9221      615.3790  1197182    0.07%
  23330  9932      615.1714   144      614.9221      615.3783  1207666    0.07%
  23628 10174      615.3347   109      614.9221      615.3769  1219249    0.07%
  23853 10340      615.0680    98      614.9221      615.3757  1232241    0.07%
  24121 10563      614.9638    79      614.9221      615.3741  1245680    0.07%
  24371 10750      615.2581   165      614.9221      615.3728  1258155    0.07%
  24594 10922      614.9238   113      614.9221      615.3717  1271326    0.07%
  24831 11108      614.9603    58      614.9221      615.3695  1284437    0.07%
  25065 11295      615.1887   140      614.9221      615.3685  1296749    0.07%
  25314 11497      615.0040    75      614.9221      615.3670  1308226    0.07%
Elapsed time = 509.38 sec. (456620.10 ticks, tree = 21.78 MB, solutions = 3)
  25539 11670      614.9628   139      614.9221      615.3663  1318533    0.07%
  25746 11834      614.9803    69      614.9221      615.3654  1329294    0.07%
  26024 12055      615.2976   181      614.9221      615.3647  1340760    0.07%
  26264 12234      615.2571   116      614.9221      615.3639  1351542    0.07%
  26569 12481      615.0862   178      614.9221      615.3632  1363682    0.07%
  26775 12645      614.9473    97      614.9221      615.3625  1377415    0.07%
  27077 12881      615.1539   100      614.9221      615.3617  1390740    0.07%
  27337 13074      614.9241    29      614.9221      615.3605  1403404    0.07%
  27611 13293      614.9629    69      614.9221      615.3596  1415465    0.07%
  27856 13491      615.2244    81      614.9221      615.3588  1426774    0.07%
Elapsed time = 554.25 sec. (494818.20 ticks, tree = 25.45 MB, solutions = 3)
  28068 13650      615.2917   125      614.9221      615.3581  1438539    0.07%
  28304 13811      615.2529   177      614.9221      615.3574  1450347    0.07%
  28535 13990      615.0522    79      614.9221      615.3566  1461509    0.07%
  28773 14174      615.1773    98      614.9221      615.3553  1472544    0.07%
  29049 14390      615.1873    77      614.9221      615.3548  1485349    0.07%
  29303 14588      615.3140    68      614.9221      615.3541  1497794    0.07%
* 29356 13459      integral     0      614.9457      615.3541  1499863    0.07%
  29574 13618      615.1608   117      614.9457      615.3530  1513831    0.07%
  29835 13813      615.2526   188      614.9457      615.3521  1528288    0.07%
  30078 14000      614.9607    92      614.9457      615.3519  1540812    0.07%
Elapsed time = 595.20 sec. (529765.86 ticks, tree = 26.32 MB, solutions = 4)
  30341 14182      614.9654    86      614.9457      615.3512  1553015    0.07%
  30567 14348      614.9919    66      614.9457      615.3507  1565019    0.07%
  30809 14537      615.2200   149      614.9457      615.3498  1577338    0.07%
  31014 14685      614.9815   133      614.9457      615.3492  1587869    0.07%
  31257 14852      615.3156   181      614.9457      615.3487  1599332    0.07%
  31471 15015      615.2220   129      614.9457      615.3480  1611689    0.07%
  31700 15185      615.2091   137      614.9457      615.3467  1624838    0.07%
  31937 15365      615.3053   169      614.9457      615.3458  1637704    0.07%
  32180 15558      615.0054    62      614.9457      615.3456  1650671    0.07%
  32449 15763      615.1847    95      614.9457      615.3449  1663676    0.06%
Elapsed time = 637.92 sec. (568192.51 ticks, tree = 29.61 MB, solutions = 4)
  32721 15967      614.9960    92      614.9457      615.3444  1676852    0.06%
  32987 16150      615.0846   126      614.9457      615.3435  1689450    0.06%
  33187 16295      615.1701   124      614.9457      615.3434  1700651    0.06%
  33421 16470      615.1920   127      614.9457      615.3429  1713115    0.06%
  33622 16630      615.0324    65      614.9457      615.3425  1725363    0.06%
  33885 16821      615.0933    86      614.9457      615.3421  1736921    0.06%
  34139 17014      615.0438    86      614.9457      615.3417  1748244    0.06%
  34353 17163      615.2104    98      614.9457      615.3413  1758643    0.06%
  34641 17380      615.0103    77      614.9457      615.3405  1772307    0.06%
  34898 17582      614.9648   116      614.9457      615.3401  1785382    0.06%
Elapsed time = 680.80 sec. (606441.15 ticks, tree = 33.70 MB, solutions = 4)
  35208 17823      614.9653    38      614.9457      615.3397  1797804    0.06%
  35452 17996      614.9598   130      614.9457      615.3392  1812216    0.06%
  35731 18219      615.2482   147      614.9457      615.3389  1825398    0.06%
  35980 18419      615.0379    88      614.9457      615.3384  1839485    0.06%
  36231 18600      615.2326   192      614.9457      615.3381  1851370    0.06%
  36441 18751      614.9466    75      614.9457      615.3379  1863086    0.06%
  36647 18893      615.1892   159      614.9457      615.3372  1873508    0.06%
  36872 19061      615.1164   152      614.9457      615.3369  1885773    0.06%
  37109 19235      615.2441   163      614.9457      615.3364  1898597    0.06%
  37296 19377      615.1824   128      614.9457      615.3362  1910883    0.06%
Elapsed time = 723.94 sec. (644835.37 ticks, tree = 37.03 MB, solutions = 4)
  37593 19592      614.9491    59      614.9457      615.3355  1921772    0.06%
  37819 19747      615.0929    96      614.9457      615.3352  1934052    0.06%
  38067 19925      615.1271   137      614.9457      615.3345  1946655    0.06%
  38348 20133      615.0745    62      614.9457      615.3338  1958872    0.06%
  38637 20326      614.9485    26      614.9457      615.3334  1971603    0.06%
  38914 20529      615.1828    87      614.9457      615.3328  1984533    0.06%
  39182 20734      614.9460    37      614.9457      615.3326  1997361    0.06%
  39447 20952      614.9957    73      614.9457      615.3320  2011156    0.06%
  39659 21115      615.1845   132      614.9457      615.3313  2024900    0.06%
  39896 21286      615.1490    74      614.9457      615.3309  2036332    0.06%
Elapsed time = 768.34 sec. (683114.12 ticks, tree = 40.54 MB, solutions = 4)
  40120 21457      615.0769   102      614.9457      615.3306  2048060    0.06%
  40332 21603      615.0612   148      614.9457      615.3304  2061322    0.06%
  40548 21747      615.1133   123      614.9457      615.3299  2072526    0.06%
  40749 21889      614.9794    79      614.9457      615.3297  2085371    0.06%
  40960 22034      614.9472    69      614.9457      615.3287  2097737    0.06%
  41250 22260      615.2368   167      614.9457      615.3281  2109783    0.06%
  41483 22430      615.0704    96      614.9457      615.3277  2123532    0.06%
  41741 22615      614.9806    58      614.9457      615.3269  2136473    0.06%
  42063 22866      614.9912    33      614.9457      615.3266  2149715    0.06%
  42337 23069      615.0089    75      614.9457      615.3261  2162621    0.06%
Elapsed time = 811.23 sec. (721443.38 ticks, tree = 43.89 MB, solutions = 4)
  42659 23332      614.9647    60      614.9457      615.3256  2175175    0.06%
  42971 23575      615.2187   106      614.9457      615.3249  2188219    0.06%
  43262 23792      615.1384    90      614.9457      615.3243  2200679    0.06%
  43619 24078      615.2356   143      614.9457      615.3240  2211738    0.06%
  43882 24278      614.9583    72      614.9457      615.3237  2222656    0.06%
  44122 24451      614.9857    53      614.9457      615.3234  2234861    0.06%
  44390 24653      615.0062    28      614.9457      615.3228  2246193    0.06%
  44648 24837      615.1836   122      614.9457      615.3224  2258262    0.06%
  44918 25040      615.1287    78      614.9457      615.3218  2269862    0.06%
  45167 25230      615.1730   103      614.9457      615.3215  2282750    0.06%
Elapsed time = 857.07 sec. (759691.77 ticks, tree = 47.92 MB, solutions = 4)
  45447 25429      615.0334    55      614.9457      615.3212  2296319    0.06%
  45730 25617      615.0189    98      614.9457      615.3208  2310375    0.06%
  46004 25820      615.0536    45      614.9457      615.3202  2322656    0.06%
  46284 26022      614.9966   116      614.9457      615.3199  2335448    0.06%
  46543 26221      615.3088   110      614.9457      615.3195  2349369    0.06%
  46828 26434      615.2590    79      614.9457      615.3190  2362771    0.06%
  47118 26631      615.2070   132      614.9457      615.3186  2376392    0.06%
  47379 26830        cutoff            614.9457      615.3182  2388002    0.06%
  47637 27026      615.0966   163      614.9457      615.3178  2399090    0.06%
  47881 27200      615.1679   121      614.9457      615.3174  2411493    0.06%
Elapsed time = 901.35 sec. (798078.75 ticks, tree = 51.59 MB, solutions = 4)
  48111 27367      615.0497    80      614.9457      615.3168  2423323    0.06%
  48345 27534      615.2537    83      614.9457      615.3166  2434920    0.06%
  48604 27713      615.1137    93      614.9457      615.3163  2446339    0.06%
  48879 27923      615.0846    77      614.9457      615.3160  2458698    0.06%
  49105 28071      615.2517   135      614.9457      615.3155  2470268    0.06%
  49414 28320      614.9669    56      614.9457      615.3149  2482808    0.06%
  49650 28493      615.0483    96      614.9457      615.3142  2496416    0.06%
  49910 28698      615.0036    54      614.9457      615.3140  2508815    0.06%
  50161 28890      615.0096    88      614.9457      615.3137  2522062    0.06%
  50418 29077      615.1838   115      614.9457      615.3133  2536119    0.06%
Elapsed time = 944.74 sec. (836342.11 ticks, tree = 55.13 MB, solutions = 4)
  50686 29278      615.2358   113      614.9457      615.3130  2549466    0.06%
  50944 29482      615.2028   111      614.9457      615.3125  2562453    0.06%
  51198 29682      615.1964   102      614.9457      615.3117  2574147    0.06%
  51422 29848      614.9961    71      614.9457      615.3113  2585327    0.06%
  51670 30053      615.0326    94      614.9457      615.3108  2597332    0.06%
  51911 30229      615.2126   143      614.9457      615.3104  2609195    0.06%
  52171 30415      614.9655    37      614.9457      615.3100  2620096    0.06%
  52421 30605      615.2080   148      614.9457      615.3096  2632414    0.06%
  52693 30798      615.1987   185      614.9457      615.3089  2644046    0.06%
  52948 30975      614.9704    76      614.9457      615.3085  2656459    0.06%
Elapsed time = 988.33 sec. (874791.94 ticks, tree = 58.73 MB, solutions = 4)
  53231 31185      615.0421   179      614.9457      615.3082  2670278    0.06%
  53493 31380      615.0153    44      614.9457      615.3078  2683548    0.06%
  53781 31584      615.2725   155      614.9457      615.3074  2695449    0.06%
  54035 31786      615.1233   124      614.9457      615.3070  2708422    0.06%
  54314 31985      615.1921   141      614.9457      615.3065  2720686    0.06%
  54563 32175      615.1357    81      614.9457      615.3060  2733802    0.06%
  54879 32424      615.1973   191      614.9457      615.3058  2745278    0.06%
  55162 32641      614.9799    49      614.9457      615.3056  2758146    0.06%
  55485 32888      615.1354    98      614.9457      615.3050  2770679    0.06%
  55748 33080      615.1377    81      614.9457      615.3047  2781957    0.06%
Elapsed time = 1033.54 sec. (913084.09 ticks, tree = 64.09 MB, solutions = 4)
  55985 33268      615.2208   153      614.9457      615.3044  2792800    0.06%
  56183 33412      615.1156   152      614.9457      615.3042  2805468    0.06%
  56411 33583      615.1930   106      614.9457      615.3040  2816215    0.06%
  56653 33758        cutoff            614.9457      615.3035  2827574    0.06%
  56898 33938        cutoff            614.9457      615.3032  2838828    0.06%
  57191 34149      615.2443   132      614.9457      615.3030  2850498    0.06%
  57481 34370      615.0142    66      614.9457      615.3028  2863746    0.06%
  57731 34549      614.9644    15      614.9457      615.3025  2877013    0.06%
  58004 34741      615.1137    60      614.9457      615.3020  2889730    0.06%
  58304 34970      614.9468    79      614.9457      615.3017  2902282    0.06%
Elapsed time = 1076.98 sec. (951343.97 ticks, tree = 67.65 MB, solutions = 4)
  58593 35187      615.0431    79      614.9457      615.3014  2915465    0.06%
  58866 35405      615.1022    61      614.9457      615.3010  2927627    0.06%
  59118 35604      615.0171    13      614.9457      615.3007  2940066    0.06%
  59348 35757      615.0792   102      614.9457      615.3004  2953393    0.06%
  59597 35940      615.2590   120      614.9457      615.3002  2966851    0.06%
  59845 36118      615.1163   202      614.9457      615.2996  2978051    0.06%
  60089 36294      615.0327    69      614.9457      615.2994  2991102    0.06%
  60297 36438      615.0227   123      614.9457      615.2989  3003817    0.06%
  60501 36582      615.1145   137      614.9457      615.2986  3015570    0.06%
  60738 36760      615.0374    64      614.9457      615.2984  3027713    0.06%
Elapsed time = 1120.08 sec. (989623.33 ticks, tree = 71.08 MB, solutions = 4)
  60976 36942      615.2251   174      614.9457      615.2980  3038768    0.06%
  61245 37134      614.9506    46      614.9457      615.2978  3051274    0.06%
  61480 37306      614.9746   118      614.9457      615.2976  3062683    0.06%
  61757 37496      615.2530   127      614.9457      615.2974  3074146    0.06%
  62000 37685      614.9968   103      614.9457      615.2973  3086101    0.06%
  62265 37872      615.0301    80      614.9457      615.2968  3098871    0.06%
  62527 38068      615.1432    61      614.9457      615.2966  3112153    0.06%
  62844 38296      614.9722    91      614.9457      615.2964  3125624    0.06%
  63108 38472        cutoff            614.9457      615.2961  3137894    0.06%
  63408 38710      615.0779    68      614.9457      615.2958  3151833    0.06%
Elapsed time = 1163.95 sec. (1027874.52 ticks, tree = 74.78 MB, solutions = 4)
  63683 38911      614.9963    99      614.9457      615.2956  3165793    0.06%
  63951 39106      615.1731   158      614.9457      615.2953  3178069    0.06%
  64253 39324      615.1865    73      614.9457      615.2950  3191210    0.06%
  64534 39534      615.2351   128      614.9457      615.2948  3204690    0.06%
  64783 39719        cutoff            614.9457      615.2947  3216783    0.06%
  65000 39873      615.2589    84      614.9457      615.2945  3228076    0.06%
  65199 40017      615.0350   142      614.9457      615.2944  3240580    0.06%
  65441 40184      615.0386    44      614.9457      615.2943  3252979    0.06%
  65698 40356      615.1288    59      614.9457      615.2940  3265047    0.06%
  65959 40545      615.1569    95      614.9457      615.2939  3277079    0.06%
Elapsed time = 1206.95 sec. (1066166.46 ticks, tree = 78.31 MB, solutions = 4)
  66220 40736      615.0007    63      614.9457      615.2936  3289063    0.06%
  66515 40933      615.2091   173      614.9457      615.2934  3300350    0.06%
  66801 41146      614.9763    85      614.9457      615.2931  3312654    0.06%
  67014 41270      615.2076   149      614.9457      615.2926  3325396    0.06%
  67261 41450      615.1014    51      614.9457      615.2923  3339506    0.06%
  67515 41631      615.2301   135      614.9457      615.2922  3352552    0.06%
  67759 41816      614.9540    78      614.9457      615.2920  3365683    0.06%
  68053 42034      615.0568   101      614.9457      615.2917  3378840    0.06%
  68356 42258      614.9681    64      614.9457      615.2914  3391455    0.06%
  68635 42473      615.1090   140      614.9457      615.2912  3404831    0.06%
Elapsed time = 1250.85 sec. (1104406.09 ticks, tree = 82.00 MB, solutions = 4)
  68879 42630      614.9716    96      614.9457      615.2909  3417599    0.06%
  69118 42801      615.0444   112      614.9457      615.2907  3430094    0.06%
  69374 42990      615.1578   148      614.9457      615.2905  3442083    0.06%
  69626 43179      615.0746    96      614.9457      615.2904  3453945    0.06%
  69874 43349      615.0466    86      614.9457      615.2901  3467002    0.06%
  70086 43500      615.0254    85      614.9457      615.2897  3479159    0.06%
  70314 43671      615.2681   117      614.9457      615.2894  3492457    0.06%
  70571 43834      615.1224    59      614.9457      615.2890  3504418    0.06%
  70798 43979      615.0236    70      614.9457      615.2886  3516931    0.06%
  71022 44127      615.1838   137      614.9457      615.2884  3530974    0.06%
Elapsed time = 1292.51 sec. (1142710.85 ticks, tree = 85.15 MB, solutions = 4)
  71258 44276      614.9551    58      614.9457      615.2882  3543209    0.06%
  71521 44452      614.9921    47      614.9457      615.2878  3555551    0.06%
  71816 44669        cutoff            614.9457      615.2875  3568421    0.06%
  72060 44839      615.0497   120      614.9457      615.2873  3581304    0.06%
  72323 45027      615.2807   146      614.9457      615.2872  3594910    0.06%
  72575 45220      615.0098   121      614.9457      615.2872  3607861    0.06%
  72821 45378      615.1309    89      614.9457      615.2866  3621605    0.06%
  73071 45563      614.9967    66      614.9457      615.2865  3635641    0.06%
  73312 45735      614.9693    38      614.9457      615.2863  3649109    0.06%
  73562 45911      615.0755    75      614.9457      615.2859  3660300    0.06%
Elapsed time = 1335.07 sec. (1180924.88 ticks, tree = 88.55 MB, solutions = 4)
  73817 46096      615.0163   132      614.9457      615.2857  3671954    0.06%
  74126 46321      615.1888   121      614.9457      615.2854  3683945    0.06%
  74336 46476      615.1536    67      614.9457      615.2853  3695197    0.06%
  74594 46661      615.0435    23      614.9457      615.2848  3708296    0.06%
  74868 46855      615.1716   131      614.9457      615.2843  3720766    0.06%
  75110 47016      614.9800   107      614.9457      615.2840  3733578    0.06%
  75347 47186      615.0130    39      614.9457      615.2839  3746391    0.05%
  75589 47350      615.0631    67      614.9457      615.2836  3758985    0.05%
  75847 47523      615.1720    90      614.9457      615.2833  3772097    0.05%
  76169 47761      615.2426    51      614.9457      615.2829  3784377    0.05%
Elapsed time = 1378.60 sec. (1219235.16 ticks, tree = 92.08 MB, solutions = 4)
  76424 47939      614.9868    36      614.9457      615.2827  3797055    0.05%
  76687 48128      615.1658    86      614.9457      615.2826  3811303    0.05%
  76956 48303      615.1669   116      614.9457      615.2824  3822800    0.05%
  77219 48504      615.0848   100      614.9457      615.2822  3835814    0.05%
  77500 48710      615.1145   116      614.9457      615.2820  3849379    0.05%
  77779 48925      614.9930    98      614.9457      615.2817  3862278    0.05%
  78026 49088      614.9785    62      614.9457      615.2815  3875364    0.05%
  78304 49277      615.2246   163      614.9457      615.2812  3888238    0.05%
  78535 49429      615.1786   152      614.9457      615.2808  3900956    0.05%
  78805 49613      615.1917   108      614.9457      615.2806  3912639    0.05%
Elapsed time = 1422.20 sec. (1257584.78 ticks, tree = 95.62 MB, solutions = 4)
  79044 49790      615.0064    85      614.9457      615.2804  3924904    0.05%
  79334 49997      614.9707    21      614.9457      615.2802  3938147    0.05%
  79574 50158      614.9491   102      614.9457      615.2801  3950309    0.05%
  79836 50346      614.9811    76      614.9457      615.2799  3962968    0.05%
  80076 50516      614.9680    73      614.9457      615.2798  3974877    0.05%
  80317 50703      614.9947    33      614.9457      615.2796  3987901    0.05%
  80604 50920      614.9989    75      614.9457      615.2795  3999437    0.05%
* 80819 50960      integral     0      614.9463      615.2792  4006545    0.05%
  81114 51173      615.1709    93      614.9463      615.2790  4019680    0.05%
  81349 51326      615.1015   140      614.9463      615.2788  4032567    0.05%
Elapsed time = 1464.43 sec. (1294370.57 ticks, tree = 98.88 MB, solutions = 5)
  81617 51519      615.0001    82      614.9463      615.2785  4045584    0.05%
  81912 51727      615.1944   174      614.9463      615.2782  4057344    0.05%
  82138 51891      615.0832   117      614.9463      615.2779  4071010    0.05%
  82427 52087      615.1602   101      614.9463      615.2777  4083608    0.05%
  82699 52271      615.1111   102      614.9463      615.2775  4097021    0.05%
  82933 52430      614.9901    86      614.9463      615.2773  4109346    0.05%
  83186 52612      614.9651    60      614.9463      615.2771  4122493    0.05%
  83444 52785      615.0803    57      614.9463      615.2768  4135158    0.05%
  83711 52962      615.1289    61      614.9463      615.2765  4146813    0.05%
  83967 53149      614.9867   163      614.9463      615.2763  4159039    0.05%
Elapsed time = 1507.83 sec. (1332603.03 ticks, tree = 102.34 MB, solutions = 5)
  84270 53361      614.9726    36      614.9463      615.2760  4170035    0.05%
  84487 53499      614.9567    27      614.9463      615.2758  4181454    0.05%
  84729 53651      614.9559    61      614.9463      615.2756  4194167    0.05%
  84950 53796      615.2045   167      614.9463      615.2755  4206082    0.05%
  85251 54008      615.0699    56      614.9463      615.2754  4218448    0.05%
  85499 54175      615.0613    90      614.9463      615.2753  4230489    0.05%
  85725 54324      615.0058    88      614.9463      615.2752  4244252    0.05%
  86005 54525      615.1362    70      614.9463      615.2750  4256806    0.05%
  86263 54708      615.1643   135      614.9463      615.2749  4270375    0.05%
  86524 54896      614.9829    50      614.9463      615.2746  4282394    0.05%
Elapsed time = 1550.99 sec. (1370864.50 ticks, tree = 105.64 MB, solutions = 5)
  86785 55078      614.9642   102      614.9463      615.2744  4295521    0.05%
  87045 55274      615.1510    91      614.9463      615.2743  4308744    0.05%
  87318 55477      615.0336   162      614.9463      615.2741  4319981    0.05%
  87619 55690      615.0678    82      614.9463      615.2739  4332698    0.05%
  87875 55863      614.9677    70      614.9463      615.2736  4345482    0.05%
  88164 56074      615.1224    74      614.9463      615.2733  4358347    0.05%
  88387 56238      615.1925    90      614.9463      615.2731  4371107    0.05%
  88642 56432      615.0353    65      614.9463      615.2728  4384400    0.05%
  88853 56575      615.0584    94      614.9463      615.2727  4395772    0.05%
  89075 56705      614.9745   103      614.9463      615.2725  4407710    0.05%
Elapsed time = 1594.19 sec. (1409098.11 ticks, tree = 109.11 MB, solutions = 5)
  89337 56886      614.9952    71      614.9463      615.2722  4420583    0.05%
  89570 57032      615.0548    67      614.9463      615.2719  4431927    0.05%
  89864 57263      615.1747    81      614.9463      615.2717  4443367    0.05%
  90074 57407      614.9548    59      614.9463      615.2715  4456405    0.05%
  90313 57565      615.0007   107      614.9463      615.2713  4468041    0.05%
  90599 57750      615.2376   103      614.9463      615.2710  4480383    0.05%
  90831 57916      615.0028    64      614.9463      615.2709  4490975    0.05%
  91107 58113      615.1317    74      614.9463      615.2706  4503717    0.05%
  91354 58288      615.0922    64      614.9463      615.2703  4516825    0.05%
* 91458 57630      integral     0      614.9497      615.2702  4520594    0.05%
Elapsed time = 1634.98 sec. (1444707.97 ticks, tree = 110.87 MB, solutions = 6)
  91699 57796      615.0398   132      614.9497      615.2700  4533482    0.05%
  91949 57958      615.1481   202      614.9497      615.2697  4545082    0.05%
  92211 58142      614.9824    75      614.9497      615.2695  4556814    0.05%
  92438 58292      614.9597    95      614.9497      615.2694  4569696    0.05%
  92747 58526      615.0660    28      614.9497      615.2692  4582424    0.05%
  93002 58687      614.9739   175      614.9497      615.2689  4596584    0.05%
  93292 58888      615.1356    57      614.9497      615.2687  4608988    0.05%
  93546 59076      615.1726    62      614.9497      615.2684  4621587    0.05%
  93865 59322      614.9917    70      614.9497      615.2682  4633761    0.05%
  94116 59498      615.0936   161      614.9497      615.2680  4647199    0.05%
Elapsed time = 1679.06 sec. (1482972.32 ticks, tree = 114.44 MB, solutions = 6)
  94356 59666      615.1886   160      614.9497      615.2679  4660504    0.05%
  94580 59822      615.1445    71      614.9497      615.2677  4672093    0.05%
  94782 59981      615.1401   175      614.9497      615.2676  4684443    0.05%
  94987 60119      614.9640    75      614.9497      615.2674  4695953    0.05%
  95260 60321      615.1779   102      614.9497      615.2673  4708569    0.05%
  95475 60448      615.2366   104      614.9497      615.2671  4720011    0.05%
  95740 60631      614.9717    61      614.9497      615.2670  4732781    0.05%
  95996 60794      615.0239    74      614.9497      615.2668  4744736    0.05%
  96275 60980      615.0241    62      614.9497      615.2666  4757173    0.05%
  96506 61116      615.1412    68      614.9497      615.2663  4770086    0.05%
Elapsed time = 1721.82 sec. (1521234.52 ticks, tree = 117.54 MB, solutions = 6)
  96767 61285      615.2016    67      614.9497      615.2660  4782189    0.05%
  97074 61496      614.9710    46      614.9497      615.2659  4794598    0.05%
  97334 61673      615.0557    75      614.9497      615.2657  4807620    0.05%
  97495 61775      615.0383    92      614.9497      615.2656  4818292    0.05%
  97704 61912      614.9565   140      614.9497      615.2655  4831444    0.05%
  97931 62061      615.1468   117      614.9497      615.2653  4845674    0.05%
  98187 62239      614.9905    66      614.9497      615.2651  4859422    0.05%
  98428 62403      615.1991    93      614.9497      615.2649  4872979    0.05%
  98719 62613      614.9516    50      614.9497      615.2648  4885078    0.05%
  98985 62789      615.1621   100      614.9497      615.2645  4898304    0.05%
Elapsed time = 1764.94 sec. (1559505.09 ticks, tree = 120.75 MB, solutions = 6)
  99228 62976      615.1050    86      614.9497      615.2644  4911204    0.05%
  99476 63160      614.9640    78      614.9497      615.2643  4924455    0.05%
  99695 63314      614.9651   110      614.9497      615.2641  4937253    0.05%
  99982 63502      615.2292    84      614.9497      615.2639  4948951    0.05%
 100215 63687      615.1787   142      614.9497      615.2638  4960389    0.05%
 100508 63903      614.9959    59      614.9497      615.2637  4973345    0.05%
 100735 64050      615.0618    80      614.9497      615.2636  4985446    0.05%
 100965 64208      615.0531    40      614.9497      615.2634  4995981    0.05%
 101220 64380      615.2059    83      614.9497      615.2632  5009173    0.05%
 101492 64570      615.1971   176      614.9497      615.2630  5020417    0.05%
Elapsed time = 1809.01 sec. (1597772.67 ticks, tree = 124.19 MB, solutions = 6)
 101716 64728      615.0902   125      614.9497      615.2627  5032837    0.05%
 101942 64894      614.9555    27      614.9497      615.2626  5044875    0.05%
 102184 65069      615.0350    57      614.9497      615.2624  5056682    0.05%
 102443 65248      615.1413   105      614.9497      615.2623  5070046    0.05%
 102693 65415      615.0675    66      614.9497      615.2621  5082735    0.05%
 102955 65588      614.9985    65      614.9497      615.2620  5095058    0.05%
 103189 65748      615.1466    99      614.9497      615.2618  5106615    0.05%
 103513 65979      615.0442    92      614.9497      615.2616  5119426    0.05%
 103777 66156      615.0686   119      614.9497      615.2614  5133067    0.05%
 104006 66313      615.0337    70      614.9497      615.2613  5146522    0.05%
Elapsed time = 1852.70 sec. (1636029.52 ticks, tree = 130.39 MB, solutions = 6)
 104277 66513      615.0502   100      614.9497      615.2613  5159044    0.05%
 104516 66668      614.9499   100      614.9497      615.2611  5172872    0.05%
 104736 66827      615.1649    78      614.9497      615.2609  5184515    0.05%
 104996 67019      615.1567   183      614.9497      615.2608  5196700    0.05%
 105234 67183      614.9602   158      614.9497      615.2607  5209622    0.05%
 105505 67356      615.0029    33      614.9497      615.2605  5222503    0.05%
 105754 67511      615.0140    64      614.9497      615.2603  5235474    0.05%
 105982 67672        cutoff            614.9497      615.2602  5248577    0.05%
 106237 67857      615.0281    53      614.9497      615.2601  5261439    0.05%
 106472 68013      615.0070   126      614.9497      615.2600  5273843    0.05%
Elapsed time = 1896.00 sec. (1674288.01 ticks, tree = 133.64 MB, solutions = 6)
 106747 68195      615.0427    90      614.9497      615.2599  5284946    0.05%
 107016 68377      614.9815    76      614.9497      615.2597  5296728    0.05%
 107264 68541      615.1886    87      614.9497      615.2596  5308245    0.05%
 107534 68737      615.1793   128      614.9497      615.2595  5320106    0.05%
 107821 68960      615.1157    75      614.9497      615.2594  5331687    0.05%
 108085 69146      614.9939    42      614.9497      615.2592  5343478    0.05%
 108385 69327      615.0379   108      614.9497      615.2591  5355050    0.05%
 108607 69451      615.0488   110      614.9497      615.2590  5367383    0.05%
 108903 69648      614.9931    43      614.9497      615.2587  5378518    0.05%
 109111 69785      615.0279   143      614.9497      615.2585  5392854    0.05%
Elapsed time = 1941.13 sec. (1712666.75 ticks, tree = 137.05 MB, solutions = 6)
 109379 69983      615.0836    70      614.9497      615.2584  5405682    0.05%
 109648 70173      615.1137    43      614.9497      615.2582  5417356    0.05%
*109907 69545      integral     0      614.9524      615.2581  5427472    0.05%
 110154 69714      615.2068   101      614.9524      615.2579  5439988    0.05%
 110408 69898      615.0882    73      614.9524      615.2577  5453520    0.05%
 110694 70089      615.1454   155      614.9524      615.2576  5466611    0.05%
 110938 70253      614.9743   129      614.9524      615.2574  5478473    0.05%
 111194 70431        cutoff            614.9524      615.2573  5491864    0.05%
 111498 70653      615.1334    82      614.9524      615.2571  5504817    0.05%
 111784 70850      614.9606    99      614.9524      615.2569  5517815    0.05%
Elapsed time = 1985.30 sec. (1750227.73 ticks, tree = 139.10 MB, solutions = 7)
 112095 71082      615.0073    63      614.9524      615.2568  5530540    0.05%
 112381 71277      615.0430    66      614.9524      615.2567  5543069    0.05%
 112675 71493      614.9917   181      614.9524      615.2565  5555331    0.05%
 112931 71680      615.1943    76      614.9524      615.2563  5568191    0.05%
 113140 71807      615.0023   104      614.9524      615.2562  5581268    0.05%
 113380 71993      614.9938   107      614.9524      615.2561  5591812    0.05%
 113635 72174      615.0600   122      614.9524      615.2559  5603994    0.05%
 113901 72376      615.0288   135      614.9524      615.2558  5616410    0.05%
 114126 72522      615.0594    53      614.9524      615.2557  5628065    0.05%
 114361 72687      615.0903    91      614.9524      615.2555  5641091    0.05%
Elapsed time = 2029.61 sec. (1788811.80 ticks, tree = 142.64 MB, solutions = 7)
 114608 72863      615.0620   109      614.9524      615.2554  5652350    0.05%
 114807 72997      615.0340    84      614.9524      615.2553  5663607    0.05%
 115043 73150      615.0237   162      614.9524      615.2551  5677004    0.05%
 115288 73303      614.9788   129      614.9524      615.2549  5688309    0.05%
 115563 73498      615.1081    54      614.9524      615.2548  5701702    0.05%
 115792 73651      615.1659   170      614.9524      615.2547  5714841    0.05%
 116074 73847      615.0530    96      614.9524      615.2545  5727501    0.05%
 116315 74005      615.0057    77      614.9524      615.2544  5741205    0.05%
 116559 74170      615.1171   159      614.9524      615.2542  5754636    0.05%
 116806 74335      614.9754    64      614.9524      615.2541  5767182    0.05%
Elapsed time = 2072.49 sec. (1827096.14 ticks, tree = 146.21 MB, solutions = 7)
 117032 74482      615.0719    50      614.9524      615.2538  5780420    0.05%
 117264 74637      614.9624   148      614.9524      615.2537  5792538    0.05%
 117490 74763      615.1604   217      614.9524      615.2536  5806322    0.05%
 117723 74925      615.1527   181      614.9524      615.2535  5818609    0.05%
 118014 75138      615.1554    62      614.9524      615.2534  5830503    0.05%
 118288 75304      615.0227   115      614.9524      615.2531  5843467    0.05%
 118531 75480      615.0236    81      614.9524      615.2529  5856958    0.05%
 118770 75639      615.1724   145      614.9524      615.2529  5870566    0.05%
 119002 75824      614.9972   159      614.9524      615.2527  5882790    0.05%
 119244 76003      615.0277   138      614.9524      615.2526  5895462    0.05%
Elapsed time = 2115.58 sec. (1865802.30 ticks, tree = 149.50 MB, solutions = 7)
 119522 76175      615.0336   108      614.9524      615.2524  5908616    0.05%
 119743 76319      615.1770   132      614.9524      615.2523  5919959    0.05%
 120014 76509      615.1447   110      614.9524      615.2522  5931299    0.05%
 120278 76696      615.1057   102      614.9524      615.2520  5943093    0.05%
 120532 76879      614.9714    42      614.9524      615.2519  5954602    0.05%
 120774 77061      615.1731   126      614.9524      615.2518  5965777    0.05%
 121020 77212      615.1897    74      614.9524      615.2516  5978032    0.05%
 121249 77366      615.1122   113      614.9524      615.2515  5990158    0.05%
 121526 77557      615.0294    39      614.9524      615.2514  6001810    0.05%
 121796 77749      615.1508    94      614.9524      615.2513  6013552    0.05%
Elapsed time = 2159.78 sec. (1904126.85 ticks, tree = 152.86 MB, solutions = 7)
 122034 77927      615.0672    88      614.9524      615.2512  6026997    0.05%
 122302 78116      614.9829   104      614.9524      615.2510  6039028    0.05%
 122566 78286      615.1991   127      614.9524      615.2508  6051231    0.05%
 122797 78450      615.0467    78      614.9524      615.2507  6064451    0.05%
 123031 78599      615.1464    87      614.9524      615.2506  6078150    0.05%
 123285 78787      615.1930   142      614.9524      615.2505  6090582    0.05%
 123557 78984      615.1948   125      614.9524      615.2504  6102822    0.05%
 123795 79118      615.0710   180      614.9524      615.2502  6114543    0.05%
 124017 79241      615.1064    84      614.9524      615.2501  6127399    0.05%
 124286 79422      615.0945    82      614.9524      615.2500  6141241    0.05%
Elapsed time = 2202.75 sec. (1942410.14 ticks, tree = 156.08 MB, solutions = 7)
 124554 79593      614.9995    58      614.9524      615.2499  6153555    0.05%
 124838 79791      614.9978    76      614.9524      615.2498  6165658    0.05%
 125170 80023      615.1609   111      614.9524      615.2496  6177141    0.05%
 125492 80253      615.0981    41      614.9524      615.2494  6189402    0.05%
 125725 80415      615.0196   160      614.9524      615.2492  6200974    0.05%
 126016 80610      615.0448    96      614.9524      615.2491  6214112    0.05%
 126296 80824      615.0854   142      614.9524      615.2490  6225988    0.05%
 126527 80991      614.9591    96      614.9524      615.2489  6237926    0.05%
 126764 81144      615.1493    77      614.9524      615.2487  6251472    0.05%
 126984 81276      615.0140    61      614.9524      615.2486  6263623    0.05%
Elapsed time = 2247.52 sec. (1980702.42 ticks, tree = 159.64 MB, solutions = 7)
 127278 81492      615.1289   139      614.9524      615.2484  6275490    0.05%
 127511 81652      615.2281    98      614.9524      615.2483  6287724    0.05%
 127788 81845      614.9681    31      614.9524      615.2481  6299963    0.05%
 127990 81965        cutoff            614.9524      615.2479  6313648    0.05%
 128259 82146      615.1726   137      614.9524      615.2478  6325888    0.05%
 128538 82339      615.1607   100      614.9524      615.2476  6338389    0.05%
 128823 82534      615.1319    91      614.9524      615.2475  6350402    0.05%
 129061 82687      615.1715    70      614.9524      615.2473  6364182    0.05%
 129329 82843      615.2201    72      614.9524      615.2472  6377251    0.05%
 129589 83015      615.1280   120      614.9524      615.2471  6390847    0.05%
Elapsed time = 2291.47 sec. (2018966.23 ticks, tree = 163.12 MB, solutions = 7)
 129808 83160        cutoff            614.9524      615.2469  6404571    0.05%
 130056 83345      615.1900   144      614.9524      615.2468  6417342    0.05%
 130304 83515      615.2085    75      614.9524      615.2467  6430564    0.05%
 130541 83668      615.1411   116      614.9524      615.2466  6444445    0.05%
 130835 83873      615.0170    43      614.9524      615.2465  6457110    0.05%
 131085 84027        cutoff            614.9524      615.2463  6470360    0.05%
 131352 84226      615.0810   102      614.9524      615.2461  6483603    0.05%
 131644 84435      615.0567    28      614.9524      615.2460  6495864    0.05%
 131890 84616      615.1108    72      614.9524      615.2459  6507144    0.05%
 132142 84782      615.0321   137      614.9524      615.2458  6519399    0.05%
Elapsed time = 2334.50 sec. (2057271.50 ticks, tree = 166.54 MB, solutions = 7)
 132359 84919      615.2382   155      614.9524      615.2457  6531992    0.05%
 132580 85070      615.0056   166      614.9524      615.2456  6543515    0.05%
 132821 85234      615.1696    79      614.9524      615.2455  6555496    0.05%
 133092 85417      615.0848    89      614.9524      615.2453  6567794    0.05%
 133321 85564      615.1886   126      614.9524      615.2451  6579768    0.05%
 133579 85747      615.1223   157      614.9524      615.2450  6591104    0.05%
 133855 85925      614.9659    61      614.9524      615.2449  6603730    0.05%
 134154 86127      615.1642   151      614.9524      615.2447  6615359    0.05%
 134404 86319      615.0114    73      614.9524      615.2445  6627039    0.05%
 134684 86499      615.2019   110      614.9524      615.2445  6638649    0.05%
Elapsed time = 2378.04 sec. (2095773.50 ticks, tree = 169.83 MB, solutions = 7)
 134909 86635      614.9880   134      614.9524      615.2444  6650679    0.05%
 135134 86772      615.2326   118      614.9524      615.2442  6663321    0.05%
 135367 86917      615.1152   187      614.9524      615.2440  6675521    0.05%
 135614 87083      615.1863   120      614.9524      615.2439  6687561    0.05%
 135868 87264      615.0043    83      614.9524      615.2438  6700682    0.05%
 136155 87450      615.1874    67      614.9524      615.2436  6712258    0.05%
 136454 87644      615.0382    83      614.9524      615.2435  6724200    0.05%
 136716 87828      615.0557    48      614.9524      615.2434  6736616    0.05%
 136960 87995      615.0302    46      614.9524      615.2433  6750589    0.05%
 137251 88196      615.1107   148      614.9524      615.2431  6763239    0.05%
Elapsed time = 2421.96 sec. (2134051.70 ticks, tree = 173.10 MB, solutions = 7)
 137543 88381      614.9761   101      614.9524      615.2430  6775437    0.05%
 137779 88508      615.1346   179      614.9524      615.2428  6786890    0.05%
 138029 88665      615.0616   114      614.9524      615.2427  6799555    0.05%
 138274 88838      615.0285   148      614.9524      615.2426  6813001    0.05%
 138554 89032      614.9777   153      614.9524      615.2424  6825040    0.05%
 138839 89238      615.2300    53      614.9524      615.2424  6837789    0.05%
 139070 89388      615.1151   166      614.9524      615.2422  6851478    0.05%
 139298 89524      615.0001   138      614.9524      615.2421  6863676    0.05%
 139521 89664      615.0349   124      614.9524      615.2420  6876563    0.05%
 139719 89786      614.9868    52      614.9524      615.2418  6888879    0.05%
Elapsed time = 2465.29 sec. (2172421.41 ticks, tree = 176.16 MB, solutions = 7)
 139945 89934      614.9606    72      614.9524      615.2416  6901692    0.05%
 140174 90083      615.0790    99      614.9524      615.2415  6914166    0.05%
 140426 90258        cutoff            614.9524      615.2414  6927041    0.05%
*140495 76323      integral     0      614.9830      615.2414  6929568    0.04%
 140744 76474      615.0796   121      614.9830      615.2412  6941157    0.04%
 140961 76602      615.1500   148      614.9830      615.2410  6953922    0.04%
 141211 76758      615.0965    95      614.9830      615.2409  6965657    0.04%
 141492 76939      615.2014   155      614.9830      615.2407  6978727    0.04%
 141762 77123      615.0816    81      614.9830      615.2406  6990702    0.04%
 142044 77310      614.9999    32      614.9830      615.2404  7002712    0.04%
Elapsed time = 2505.75 sec. (2207584.80 ticks, tree = 152.11 MB, solutions = 8)
 142281 77429        cutoff            614.9830      615.2403  7015176    0.04%
 142542 77565      615.1529   146      614.9830      615.2401  7026914    0.04%
 142782 77735      614.9921   112      614.9830      615.2400  7039473    0.04%
 143074 77935      614.9978    98      614.9830      615.2398  7051721    0.04%
 143260 78029      615.1730    90      614.9830      615.2396  7063688    0.04%
 143535 78213      615.0315   109      614.9830      615.2395  7077130    0.04%
 143800 78370      615.1287   149      614.9830      615.2394  7090784    0.04%
 144090 78571      614.9977    87      614.9830      615.2392  7102936    0.04%
 144382 78739      615.0643   102      614.9830      615.2390  7115170    0.04%
 144614 78870        cutoff            614.9830      615.2389  7128247    0.04%
Elapsed time = 2549.67 sec. (2245847.97 ticks, tree = 155.10 MB, solutions = 8)
 144855 79002      615.1123   123      614.9830      615.2387  7141756    0.04%
 145124 79153      615.1229   121      614.9830      615.2386  7154642    0.04%
 145391 79328      615.0745   110      614.9830      615.2384  7166845    0.04%
 145638 79490      615.0350    77      614.9830      615.2383  7179521    0.04%
 145891 79654      615.1013    69      614.9830      615.2382  7189278    0.04%
 146103 79783      615.0337   103      614.9830      615.2381  7202885    0.04%
 146384 79951      615.0688    51      614.9830      615.2379  7214774    0.04%
 146645 80105      614.9970    72      614.9830      615.2378  7227490    0.04%
 146907 80283      615.1561   171      614.9830      615.2377  7239885    0.04%
 147116 80386      615.1289   106      614.9830      615.2376  7252663    0.04%
Elapsed time = 2593.00 sec. (2284141.72 ticks, tree = 158.05 MB, solutions = 8)
 147339 80516      615.1483   133      614.9830      615.2376  7265360    0.04%
 147588 80673      615.1503   144      614.9830      615.2374  7277996    0.04%
 147810 80805      615.0488   149      614.9830      615.2373  7289767    0.04%
 148046 80951      615.1629   102      614.9830      615.2371  7302344    0.04%
 148310 81122      615.0102    55      614.9830      615.2370  7314557    0.04%
 148589 81308      615.0449    82      614.9830      615.2369  7327778    0.04%
 148820 81439      615.0097    79      614.9830      615.2368  7341134    0.04%
 149084 81588      615.1906   139      614.9830      615.2366  7353053    0.04%
 149356 81755      615.1342   138      614.9830      615.2365  7365223    0.04%
 149610 81926      615.0033    78      614.9830      615.2364  7379065    0.04%
Elapsed time = 2636.73 sec. (2322522.98 ticks, tree = 161.04 MB, solutions = 8)
 149895 82113      615.0375    68      614.9830      615.2362  7391429    0.04%
 150154 82275      615.1762   105      614.9830      615.2361  7403964    0.04%
 150404 82436      615.0832   141      614.9830      615.2360  7417023    0.04%
 150658 82572      614.9975   101      614.9830      615.2358  7430345    0.04%
 150918 82738      615.1713   101      614.9830      615.2357  7444025    0.04%
 151160 82877      614.9933    65      614.9830      615.2355  7457021    0.04%
 151406 83036      615.0930   142      614.9830      615.2354  7470958    0.04%
 151684 83233      615.0660   124      614.9830      615.2352  7483338    0.04%
 151934 83389      615.0454    64      614.9830      615.2351  7497129    0.04%
 152185 83557      615.2230   115      614.9830      615.2350  7509950    0.04%
Elapsed time = 2680.63 sec. (2360901.78 ticks, tree = 164.21 MB, solutions = 8)
 152405 83678      615.1099   135      614.9830      615.2350  7523167    0.04%
 152646 83828      615.1261   116      614.9830      615.2348  7535939    0.04%
 152848 83941      614.9864    77      614.9830      615.2346  7547195    0.04%
 153069 84079        cutoff            614.9830      615.2345  7560276    0.04%
 153300 84216      615.1371   142      614.9830      615.2343  7573372    0.04%
 153546 84372      615.0736   102      614.9830      615.2341  7585680    0.04%
 153757 84504      615.1284   201      614.9830      615.2341  7597628    0.04%
 153990 84648      614.9910    81      614.9830      615.2339  7609613    0.04%
 154206 84782      615.0639   112      614.9830      615.2339  7622376    0.04%
 154434 84923      614.9997   109      614.9830      615.2338  7635386    0.04%
Elapsed time = 2722.22 sec. (2399127.33 ticks, tree = 166.87 MB, solutions = 8)
 154704 85093      615.1246   131      614.9830      615.2336  7646257    0.04%
 154939 85227      615.1029   168      614.9830      615.2335  7658247    0.04%
 155170 85357      615.1299   115      614.9830      615.2334  7670402    0.04%
 155406 85498      614.9929    80      614.9830      615.2333  7683343    0.04%
 155617 85618      615.1017   148      614.9830      615.2332  7697444    0.04%
 155867 85771      615.0911    46      614.9830      615.2332  7710632    0.04%
 156098 85913      615.1186   113      614.9830      615.2330  7722536    0.04%
 156339 86071      615.0763    70      614.9830      615.2329  7736337    0.04%
 156580 86208      615.0119   144      614.9830      615.2327  7749653    0.04%
 156804 86321      615.1006    96      614.9830      615.2326  7763266    0.04%
Elapsed time = 2764.64 sec. (2437472.58 ticks, tree = 169.57 MB, solutions = 8)
 157056 86486      614.9854    82      614.9830      615.2325  7776910    0.04%
 157324 86652      615.0969    94      614.9830      615.2324  7789180    0.04%
 157559 86799      615.1751   105      614.9830      615.2323  7802604    0.04%
 157848 86987      614.9983    79      614.9830      615.2321  7814391    0.04%
 158088 87132      614.9911    83      614.9830      615.2321  7828009    0.04%
 158388 87317      615.1627    98      614.9830      615.2319  7840832    0.04%
 158645 87493      615.0623    97      614.9830      615.2318  7854349    0.04%
 158922 87681      615.0592   123      614.9830      615.2317  7866239    0.04%
 159193 87843      615.0321    93      614.9830      615.2316  7878696    0.04%
 159421 87978      615.0412    72      614.9830      615.2314  7891244    0.04%
Elapsed time = 2808.56 sec. (2475773.64 ticks, tree = 172.81 MB, solutions = 8)
 159705 88168      615.0320    79      614.9830      615.2313  7904153    0.04%
 159914 88295      615.1012   138      614.9830      615.2312  7917869    0.04%
 160149 88435      615.1199    93      614.9830      615.2310  7929936    0.04%
 160390 88594      615.1664   100      614.9830      615.2309  7940965    0.04%
 160616 88726      615.1685    76      614.9830      615.2307  7952673    0.04%
 160858 88880      614.9903    75      614.9830      615.2306  7964508    0.04%
 161086 89020        cutoff            614.9830      615.2305  7976657    0.04%
 161314 89161      615.1025    61      614.9830      615.2304  7989327    0.04%
 161565 89315      614.9932    75      614.9830      615.2303  8001318    0.04%
 161788 89438      615.1139   105      614.9830      615.2301  8013983    0.04%
Elapsed time = 2851.69 sec. (2514054.20 ticks, tree = 175.62 MB, solutions = 8)
 162001 89564      615.0389    73      614.9830      615.2300  8027217    0.04%
 162252 89723      614.9885    81      614.9830      615.2299  8040049    0.04%
 162490 89857      615.1210    85      614.9830      615.2298  8054096    0.04%
 162773 90034      615.1563    96      614.9830      615.2297  8066443    0.04%
 163087 90232        cutoff            614.9830      615.2296  8078853    0.04%
 163350 90401      615.0060    81      614.9830      615.2295  8090964    0.04%
 163599 90564      614.9947    73      614.9830      615.2294  8104100    0.04%
 163836 90673      615.0725    56      614.9830      615.2293  8117230    0.04%
 164062 90803      614.9842    43      614.9830      615.2292  8130755    0.04%
 164310 90930      615.0760   121      614.9830      615.2290  8144596    0.04%
Elapsed time = 2894.91 sec. (2552307.63 ticks, tree = 178.50 MB, solutions = 8)
 164564 91080      615.1041   134      614.9830      615.2289  8156880    0.04%
 164830 91223      615.1430    99      614.9830      615.2288  8169139    0.04%
 165049 91349      615.0223   167      614.9830      615.2287  8182539    0.04%
 165290 91503      614.9941   140      614.9830      615.2286  8196080    0.04%
 165520 91628      615.1932   108      614.9830      615.2285  8209640    0.04%
 165764 91774      615.1158    86      614.9830      615.2284  8222492    0.04%
 166021 91929      615.0457    68      614.9830      615.2283  8236145    0.04%
 166272 92080      615.2005   115      614.9830      615.2282  8248080    0.04%
 166507 92211      615.0578   136      614.9830      615.2281  8260832    0.04%
 166721 92326      615.0229    79      614.9830      615.2281  8273760    0.04%
Elapsed time = 2937.45 sec. (2590564.32 ticks, tree = 181.19 MB, solutions = 8)
 166967 92479      615.0067    30      614.9830      615.2279  8286447    0.04%
 167204 92612      615.0169    92      614.9830      615.2278  8298825    0.04%
 167490 92777      615.1268    97      614.9830      615.2277  8311669    0.04%
 167750 92923      615.2038    64      614.9830      615.2276  8323453    0.04%
 167990 93074        cutoff            614.9830      615.2275  8335497    0.04%
 168227 93209      615.0335   114      614.9830      615.2274  8348568    0.04%
 168462 93340      615.1078    65      614.9830      615.2273  8361494    0.04%
 168688 93471      615.1433    70      614.9830      615.2271  8374186    0.04%
 168937 93629      615.0572    72      614.9830      615.2271  8387363    0.04%
 169172 93766        cutoff            614.9830      615.2269  8398987    0.04%
Elapsed time = 2980.40 sec. (2628828.56 ticks, tree = 183.98 MB, solutions = 8)
 169393 93895      615.0992   117      614.9830      615.2268  8412982    0.04%
 169618 94011      615.0560    91      614.9830      615.2266  8426902    0.04%
 169850 94132      615.1020    79      614.9830      615.2265  8439542    0.04%
 170076 94278      615.2073   122      614.9830      615.2264  8450242    0.04%
 170344 94439      615.0846   112      614.9830      615.2262  8461631    0.04%
 170594 94579      615.1407   170      614.9830      615.2261  8473914    0.04%
 170845 94707        cutoff            614.9830      615.2259  8486512    0.04%
 171091 94844      615.1375   110      614.9830      615.2258  8498550    0.04%
 171315 94975      615.0886   152      614.9830      615.2257  8510519    0.04%
 171563 95112      615.0137    78      614.9830      615.2256  8523508    0.04%
Elapsed time = 3023.11 sec. (2667132.19 ticks, tree = 186.57 MB, solutions = 8)
 171791 95239      615.0901   103      614.9830      615.2256  8536288    0.04%
 172031 95390      615.0131    42      614.9830      615.2254  8548783    0.04%
 172294 95565      615.1098   109      614.9830      615.2253  8561845    0.04%
 172552 95722      615.0759   108      614.9830      615.2253  8575691    0.04%
 172762 95833      615.1033   130      614.9830      615.2252  8587374    0.04%
 172990 95960      615.0182    71      614.9830      615.2251  8599112    0.04%
 173190 96057      615.0050    73      614.9830      615.2251  8611038    0.04%
 173446 96221      614.9981    77      614.9830      615.2250  8624760    0.04%
 173711 96385        cutoff            614.9830      615.2249  8638949    0.04%
 173933 96506      615.0339   103      614.9830      615.2248  8651004    0.04%
Elapsed time = 3065.58 sec. (2705444.47 ticks, tree = 189.27 MB, solutions = 8)
 174144 96632      615.1124    87      614.9830      615.2247  8662630    0.04%
 174364 96747      615.0415    89      614.9830      615.2247  8676303    0.04%
 174617 96876      614.9860    68      614.9830      615.2245  8688458    0.04%
 174842 97004      615.1185    50      614.9830      615.2245  8701741    0.04%
 175096 97139      615.0096    65      614.9830      615.2243  8714551    0.04%
 175327 97296      615.1506    66      614.9830      615.2242  8726953    0.04%
 175552 97423      615.1110   124      614.9830      615.2241  8739429    0.04%
 175788 97558      615.1392    89      614.9830      615.2240  8752210    0.04%
 175983 97665      615.1110    84      614.9830      615.2239  8765217    0.04%
 176212 97803      615.0912   106      614.9830      615.2238  8776367    0.04%
Elapsed time = 3107.34 sec. (2743720.49 ticks, tree = 191.82 MB, solutions = 8)
 176508 97992      614.9864    60      614.9830      615.2237  8789046    0.04%
 176720 98098      615.0151   172      614.9830      615.2236  8801423    0.04%
 176975 98250      615.0778    59      614.9830      615.2235  8812887    0.04%
 177254 98415      615.0074    40      614.9830      615.2233  8826213    0.04%
 177499 98558        cutoff            614.9830      615.2233  8839681    0.04%
 177743 98708      615.0749    86      614.9830      615.2231  8851979    0.04%
 177980 98825      615.0989    86      614.9830      615.2230  8865383    0.04%
 178244 98985      615.0297    61      614.9830      615.2229  8877658    0.04%
 178472 99128      615.1307    52      614.9830      615.2228  8890854    0.04%
 178762 99291      615.0239    49      614.9830      615.2227  8902535    0.04%
Elapsed time = 3150.65 sec. (2781957.26 ticks, tree = 194.69 MB, solutions = 8)
 179016 99437      615.0053   139      614.9830      615.2226  8915639    0.04%
 179275 99617        cutoff            614.9830      615.2226  8928462    0.04%
 179506 99746      615.0898   123      614.9830      615.2225  8941962    0.04%
 179737 99882      614.9910    76      614.9830      615.2224  8955069    0.04%
 179987 100038      615.0716   109      614.9830      615.2223  8968643    0.04%
 180245 100208      615.0874    55      614.9830      615.2222  8981045    0.04%
 180464 100348      614.9887    82      614.9830      615.2221  8994476    0.04%
 180729 100492      615.0862    79      614.9830      615.2220  9007486    0.04%
 180973 100644      615.0069    66      614.9830      615.2219  9020630    0.04%
 181243 100808      615.1212   129      614.9830      615.2218  9033417    0.04%
Elapsed time = 3193.42 sec. (2820242.57 ticks, tree = 197.62 MB, solutions = 8)
 181443 100916      615.0697    86      614.9830      615.2217  9044492    0.04%
 181669 101032      615.0030    78      614.9830      615.2216  9057735    0.04%
 181906 101163      615.1466    84      614.9830      615.2215  9070891    0.04%
 182179 101354      615.1621   136      614.9830      615.2214  9083520    0.04%
 182403 101473      614.9914    84      614.9830      615.2214  9095563    0.04%
 182664 101630      615.0406    81      614.9830      615.2213  9107886    0.04%
 182906 101762      615.0090    56      614.9830      615.2212  9120060    0.04%
 183134 101873      615.2074    80      614.9830      615.2211  9130947    0.04%
 183384 102019      615.0190    66      614.9830      615.2210  9141553    0.04%
*183597 89201      integral     0      615.0038      615.2209  9152472    0.04%
Elapsed time = 3235.39 sec. (2858035.34 ticks, tree = 175.24 MB, solutions = 9)
 183808 89320      615.0776   159      615.0038      615.2208  9164969    0.04%
 184034 89447      615.0635    72      615.0038      615.2207  9175916    0.04%
 184247 89569      615.0900    64      615.0038      615.2206  9187505    0.04%
 184474 89695      615.0089    97      615.0038      615.2205  9200261    0.04%
 184679 89796      615.1584    68      615.0038      615.2204  9212449    0.04%
 184847 89896      615.2079   155      615.0038      615.2204  9222601    0.04%
 185027 89999      615.0102   185      615.0038      615.2203  9232350    0.04%
 185204 90084      615.0507   110      615.0038      615.2202  9242592    0.04%
 185334 90147      615.0264    88      615.0038      615.2202  9251164    0.04%
 185507 90240      615.0470   142      615.0038      615.2201  9260520    0.04%
Elapsed time = 3276.38 sec. (2896603.30 ticks, tree = 177.25 MB, solutions = 9)
 185664 90318      615.2044    91      615.0038      615.2200  9268221    0.04%
 185836 90404      615.0093   101      615.0038      615.2199  9278763    0.04%
 186036 90513      615.1127   120      615.0038      615.2198  9285693    0.04%
 186229 90585      615.0253   149      615.0038      615.2198  9293191    0.04%
 186396 90669      615.1109    62      615.0038      615.2197  9299816    0.04%
 186594 90789      615.1112    88      615.0038      615.2196  9305838    0.04%
 186825 90934      615.0322   139      615.0038      615.2195  9312296    0.04%
 187004 91029      615.0676    72      615.0038      615.2194  9319451    0.04%
 187232 91173      615.0883    94      615.0038      615.2193  9327103    0.04%
 187385 91240      615.0587    56      615.0038      615.2193  9332694    0.04%
Elapsed time = 3319.76 sec. (2934857.60 ticks, tree = 187.06 MB, solutions = 9)
 187597 91367      615.0867    44      615.0038      615.2192  9338938    0.04%
 187734 91432      615.1186    55      615.0038      615.2191  9343822    0.04%
 187960 91573      615.0841    89      615.0038      615.2190  9351562    0.03%
 188134 91684      615.0468    84      615.0038      615.2190  9357336    0.03%
 188334 91817      615.2006   105      615.0038      615.2189  9363724    0.03%
 188525 91919      615.0419    79      615.0038      615.2188  9371612    0.03%
 188700 92010      615.0143    68      615.0038      615.2187  9377228    0.03%
 188834 92071      615.1016   120      615.0038      615.2186  9382447    0.03%
 189034 92177      615.0090    99      615.0038      615.2186  9389881    0.03%
 189196 92258      615.0567   103      615.0038      615.2185  9397168    0.03%
Elapsed time = 3364.47 sec. (2974499.78 ticks, tree = 200.64 MB, solutions = 9)
 189359 92328      615.1833   122      615.0038      615.2184  9403209    0.03%
 189538 92426      615.0597    95      615.0038      615.2183  9409491    0.03%
 189693 92495      615.0341   138      615.0038      615.2183  9416850    0.03%
 189834 92591      615.0093    55      615.0038      615.2182  9421012    0.03%
 190034 92704      615.1236    76      615.0038      615.2181  9427966    0.03%
 190251 92830        cutoff            615.0038      615.2180  9435689    0.03%
 190434 92931      615.0153    59      615.0038      615.2179  9442924    0.03%
 190634 93043      615.0673    91      615.0038      615.2178  9450796    0.03%
 190834 93171      615.0483    61      615.0038      615.2178  9457602    0.03%
 191034 93260      615.1047    71      615.0038      615.2177  9465279    0.03%
Elapsed time = 3409.97 sec. (3015059.50 ticks, tree = 214.05 MB, solutions = 9)
 191234 93371      615.0973   159      615.0038      615.2176  9472793    0.03%
 191464 93491      615.1816   141      615.0038      615.2175  9481825    0.03%
 191625 93580        cutoff            615.0038      615.2174  9489015    0.03%
 191811 93692        cutoff            615.0038      615.2173  9495480    0.03%
 192032 93809      615.0687    50      615.0038      615.2172  9503141    0.03%
 192170 93882      615.1055   166      615.0038      615.2171  9508384    0.03%
 192348 93976      615.0332    80      615.0038      615.2170  9515415    0.03%
 192499 94036      615.0454    78      615.0038      615.2169  9521828    0.03%
 192708 94170      615.0833   116      615.0038      615.2168  9528655    0.03%
 192910 94283      615.0433    20      615.0038      615.2167  9535129    0.03%
Elapsed time = 3454.24 sec. (3054259.26 ticks, tree = 226.77 MB, solutions = 9)
 193073 94373      615.0309   125      615.0038      615.2166  9540522    0.03%
 193233 94472      615.1227   124      615.0038      615.2166  9547036    0.03%
 193372 94527      615.1208   100      615.0038      615.2165  9553669    0.03%
 193522 94588      615.0486   115      615.0038      615.2164  9560157    0.03%
 193734 94685      615.1003    64      615.0038      615.2163  9568489    0.03%
 193888 94770      615.0405    77      615.0038      615.2162  9574307    0.03%
 194034 94856      615.0833   104      615.0038      615.2162  9580594    0.03%
 194214 94954      615.1039   116      615.0038      615.2161  9587146    0.03%
 194335 95009      615.0281   112      615.0038      615.2160  9592369    0.03%
 194528 95111      615.1370    83      615.0038      615.2159  9598291    0.03%
Elapsed time = 3497.59 sec. (3093629.02 ticks, tree = 237.80 MB, solutions = 9)
 194730 95235      615.0523    91      615.0038      615.2159  9605634    0.03%
 194892 95304      615.0665    82      615.0038      615.2157  9612170    0.03%
 195034 95373      615.0075    55      615.0038      615.2156  9617568    0.03%
 195234 95476      615.1802   143      615.0038      615.2156  9625413    0.03%
 195402 95558      615.1399   187      615.0038      615.2155  9632630    0.03%
 195570 95670      615.0375    47      615.0038      615.2154  9638019    0.03%
 195774 95784      615.1530    38      615.0038      615.2153  9644608    0.03%
 195937 95866      615.0081   144      615.0038      615.2153  9650207    0.03%
 196175 95981      615.0495    48      615.0038      615.2151  9658715    0.03%
 196334 96058      615.1390   110      615.0038      615.2150  9665344    0.03%
Elapsed time = 3542.32 sec. (3133132.62 ticks, tree = 251.77 MB, solutions = 9)
 196534 96155      615.0742    77      615.0038      615.2150  9673735    0.03%
 196783 96300      615.0175   117      615.0038      615.2149  9681548    0.03%
 196934 96376      615.0437    52      615.0038      615.2148  9686625    0.03%
 197134 96459      615.0610    76      615.0038      615.2147  9694975    0.03%
 197336 96556      615.1636   143      615.0038      615.2146  9702229    0.03%
 197535 96664      615.1002    55      615.0038      615.2145  9709569    0.03%
 197734 96786      615.0161    55      615.0038      615.2145  9715916    0.03%
 197933 96903      615.0416    62      615.0038      615.2144  9724273    0.03%
 198115 97003        cutoff            615.0038      615.2143  9730868    0.03%
 198234 97068      615.0125   107      615.0038      615.2142  9736252    0.03%
Elapsed time = 3588.05 sec. (3173181.55 ticks, tree = 266.55 MB, solutions = 9)
 198415 97160        cutoff            615.0038      615.2141  9743287    0.03%
 198564 97247      615.0687    65      615.0038      615.2141  9749419    0.03%

Flow cuts applied:  15
Mixed integer rounding cuts applied:  233
Lift and project cuts applied:  13
Gomory fractional cuts applied:  10
User cuts applied:  1065

Root node processing (before b&c):
  Real time             =    2.22 sec. (1617.79 ticks)
Sequential b&c:
  Real time             = 3597.78 sec. (3182654.13 ticks)
                          ------------
Total (root+branch&cut) = 3600.00 sec. (3184271.91 ticks)
|V|                                     700
K                                       140
theta                                   0.10
r                                       1
R                                       20
prob_func                               facility_mixture
mixture_low_share                       0.900000
mixture_low_interval                    [0.001000, 0.010000]
mixture_high_interval                   [0.100000, 0.500000]
mixture_seed                            1
#C1                                     902
#CP                                     59830

@Parameters: 
am_callback_heuristic                   false
am_local_search                         true
am_start_heuristic                      false
colocation                              true
comp                                    false
cutC                                    true
cutC_init                               false
cutF                                    false
cutF_init                               false
cutF_stable                             false
cutF_wrong                              false
cutLocal                                false
cutM                                    true
cutM_init                               true
cutM_stable                             false
cutP                                    true
cutP_init                               false
cutP_stable                             false
init                                    true
init_cutF_zero                          false
init_val_greedy                         true
is_Euclidean                            false
is_local_search                         false
is_right_cutP                           true
is_root                                 false
is_silent                               false
is_start                                false
mycut                                   false
pmed                                    false
pre                                     true
stable_root                             false
str                                     true
two_phase                               false
ubstr                                   false
mode                                    Int

am_callback_node_space                  50
init                                    0
mixture_seed                            1
node_space                              5
nodelimit                               -1
nsepa                                   1
strF                                    0
type_delta                              0

EPS                                     0.001000
EPS_FRAC                                0.00
gap                                     0.00
mixture_high_max                        0.50
mixture_high_min                        0.10
mixture_low_max                         0.01
mixture_low_min                         0.00
mixture_low_share                       0.90
timelimit                               3600.00

Number of Closed Sites: 4 / 560 
Number of Confined Sites-1: 5 / 695 
Number of Confined Sites-k: 691 / 8339 
Preprocess Time: 1.91 + 0.00 sec

Solve Time: 3600.00
Number of Nodes: 198710
Termination Status: TIME_LIMIT

CutInfo: [phase] num / time (sec) / aver. num_nonzero
max              [LP]     0 / 0.00 / 0.00 [init]   586 / 0.01 / 1.31 [rLC]   184 / 0.01 / 4.40 [rUC]   461 / 0.08 / 5.56 [sLC]     8 / 0.20 / 3.00 [sUC]   159 / 1.58 / 6.41 
prod_oa          [LP]     0 / 0.00 / 0.00 [init]   416 / 0.02 / 65.70 [rLC]   329 / 0.04 / 49.32 [rUC]  1366 / 0.32 / 81.69 [sLC]   712 / 0.78 / 67.78 [sUC]  1075 / 6.09 / 63.85 
prod_sm_fixed    [LP]     0 / 0.00 / 0.00 [init]     0 / 0.00 / 0.00 [rLC]     0 / 0.00 / 0.00 [rUC]     0 / 0.00 / 0.00 [sLC]     0 / 0.00 / 0.00 [sUC]     0 / 0.00 / 0.00 
prod_bin         [LP]     0 / 0.00 / 0.00 [init]     0 / 0.00 / 0.00 [rLC]     0 / 0.00 / 0.00 [rUC]     0 / 0.00 / 0.00 [sLC]     0 / 0.00 / 0.00 [sUC]     0 / 0.00 / 0.00 
prod_local       [LP]     0 / 0.00 / 0.00 [init]     0 / 0.00 / 0.00 [rLC]     0 / 0.00 / 0.00 [rUC]     0 / 0.00 / 0.00 [sLC]     0 / 0.00 / 0.00 [sUC]     0 / 0.00 / 0.00 
prod_sm_C        [LP]     0 / 0.00 / 0.00 [init]     0 / 0.00 / 0.00 [rLC]     0 / 0.00 / 0.00 [rUC]     0 / 0.00 / 0.00 [sLC]     0 / 0.00 / 0.00 [sUC]     0 / 0.00 / 0.00 
facet            [LP]     0 / 0.00 / 0.00 [init]     0 / 0.00 / 0.00 [rLC]     0 / 0.00 / 0.00 [rUC]     0 / 0.00 / 0.00 [sLC]     0 / 0.00 / 0.00 [sUC]     0 / 0.00 / 0.00 
Separation Round:   [LP] 0  [init] 1  [rLC] 2  [rUC] 16  [sLC] 35  [sUC] 354092  
Root Best Bound 616.446810
Root Best Integer: 614.859701
Best Bound: 615.214018
Best Integer: 615.003845
1: 1, 2, 6, 16, 19, 20, 27, 38, 49, 52, 53, 56, 57, 77, 84, 104, 109, 122, 125, 128, 147, 162, 174, 193, 195, 196, 205, 213, 215, 232, 238, 239, 252, 255, 260, 262, 263, 271, 285, 307, 310, 315, 319, 320, 324, 330, 336, 338, 361, 363, 368, 370, 373, 392, 425, 449, 456, 463, 476, 479, 491, 519, 529, 553, 565, 576, 579, 620, 621, 634, 642, 650, 654, 664, 667, 677, 678, 679, 682, 690, 694, 700
2: 5, 79, 85, 141, 163, 328, 403, 459, 498, 566, 582, 660
3: 234
4: 47, 68, 458, 485, 506
5: 452
6: 584
Objective Value (calc): 614.947801
sum_etaM = 361.432201 / 361.432201
sum_etaP = 643.178472 / 643.116201
nL: 102
nCL: 20
mCL: 6
