Version identifier: 20.1.0.0 | 2020-11-10 | 9bedb6d68
CPXPARAM_Threads                                 1
CPXPARAM_TimeLimit                               3600
CPXPARAM_MIP_Tolerances_MIPGap                   0
Generic callback                                 0x60
1 of 1 MIP starts provided solutions.
MIP start 'm1' defined initial solution with objective 646.0342.
Tried aggregator 1 time.
MIP Presolve eliminated 6 rows and 6 columns.
Reduced MIP has 754 rows, 2094 columns, and 11386 nonzeros.
Reduced MIP has 694 binaries, 0 generals, 0 SOSs, and 0 indicators.
Presolve time = 0.00 sec. (2.51 ticks)
Probing time = 0.00 sec. (0.58 ticks)
Tried aggregator 1 time.
Reduced MIP has 754 rows, 2094 columns, and 11386 nonzeros.
Reduced MIP has 694 binaries, 0 generals, 0 SOSs, and 0 indicators.
Presolve time = 0.00 sec. (2.43 ticks)
Probing time = 0.00 sec. (0.58 ticks)
MIP emphasis: balance optimality and feasibility.
MIP search method: dynamic search.
Parallel mode: none, using 1 thread.
Root relaxation solution time = 0.01 sec. (9.98 ticks)

        Nodes                                         Cuts/
   Node  Left     Objective  IInf  Best Integer    Best Bound    ItCnt     Gap

*     0+    0                          646.0342      700.0000             8.35%
      0     0      685.3596   111      646.0342      685.3596      761    6.09%
      0     0      674.7287   167      646.0342     Cuts: 288     1488    4.44%
      0     0      673.6260   173      646.0342     Cuts: 288     2121    4.27%
      0     0      672.8239   192      646.0342     Cuts: 298     2766    4.15%
      0     0      672.2703   193      646.0342     Cuts: 290     3398    4.06%
      0     0      671.9541   208      646.0342     Cuts: 296     3938    4.01%
      0     0      671.7054   205      646.0342     Cuts: 247     4434    3.97%
      0     0      671.5585   207      646.0342     Cuts: 198     4904    3.95%
      0     0      671.3670   206      646.0342     Cuts: 198     5400    3.92%
      0     0      671.2580   213      646.0342     Cuts: 189     5768    3.90%
      0     0      671.1200   209      646.0342     Cuts: 198     6183    3.88%
      0     0      671.0097   214      646.0342     Cuts: 204     6525    3.87%
      0     0      670.9084   213      646.0342     Cuts: 143     6880    3.85%
      0     0      670.8344   206      646.0342     Cuts: 142     7240    3.84%
      0     0      670.7588   218      646.0342     Cuts: 136     7555    3.83%
      0     0      670.7340   223      646.0342 UserPurge2: 88     7781    3.82%
      0     0      670.7205   217      646.0342 UserPurge2: 48     7958    3.82%
      0     0      670.7029   220      646.0342 UserPurge2: 66     8193    3.82%
      0     0      670.6815   225      646.0342 UserPurge2: 60     8438    3.82%
      0     0      670.6616   224      646.0342 UserPurge2: 78     8629    3.81%
      0     0      670.6539   223      646.0342 UserPurge2: 49     8766    3.81%
      0     0      670.6467   225      646.0342 UserPurge2: 35     8878    3.81%
      0     0      670.6381   228      646.0342 UserPurge2: 46     8985    3.81%
      0     0      670.6342   232      646.0342 UserPurge2: 34     9090    3.81%
      0     0      670.6290   226      646.0342 UserPurge2: 37     9205    3.81%
      0     0      670.6239   227      646.0342 UserPurge2: 28     9304    3.81%
      0     0      670.6222   225      646.0342 UserPurge2: 25     9357    3.81%
      0     0      670.6160   224      646.0342 UserPurge2: 23     9471    3.81%
      0     0      670.6117   221      646.0342 UserPurge2: 22     9573    3.80%
      0     0      670.6075   222      646.0342 UserPurge2: 17     9670    3.80%
      0     0      670.6019   231      646.0342 UserPurge2: 34     9772    3.80%
      0     0      670.5984   226      646.0342 UserPurge2: 22     9840    3.80%
      0     0      670.5961   222      646.0342 UserPurge2: 26     9908    3.80%
      0     2      670.5961   222      646.0342      670.5957     9908    3.80%
Elapsed time = 10.41 sec. (4048.17 ticks, tree = 0.01 MB, solutions = 1)
      5     7      670.3183   225      646.0342      670.5841    14172    3.80%
      7     9      670.3787   223      646.0342      670.5841    15951    3.80%
     10    12      670.2959   225      646.0342      670.5841    19138    3.80%
     13    15      670.3169   222      646.0342      670.5841    20463    3.80%
     15    17      670.2320   223      646.0342      670.5841    22508    3.80%
     18    20      670.1971   220      646.0342      670.5841    23877    3.80%
     20    22      669.9642   217      646.0342      670.5841    27095    3.80%
     24    26      669.8607   209      646.0342      670.5841    28733    3.80%
     25    27      669.6571   218      646.0342      670.5841    32090    3.80%
     30    32      669.2252   209      646.0342      670.5841    37309    3.80%
Elapsed time = 21.38 sec. (9288.10 ticks, tree = 0.19 MB, solutions = 1)
     36    38      669.0434   206      646.0342      670.5841    44055    3.80%
     40    42      668.7733   204      646.0342      670.5841    48504    3.80%
     47    49      668.3435   189      646.0342      670.5841    54538    3.80%
     50    52      668.1527   188      646.0342      670.5841    56243    3.80%
     60    62      667.5973   183      646.0342      670.5841    63325    3.80%
     70    72      666.9256   170      646.0342      670.5841    71946    3.80%
     80    82      666.3764   164      646.0342      670.5841    75349    3.80%
     95    97      665.7285   157      646.0342      670.5841    79075    3.80%
    107   109      665.4388   146      646.0342      670.5841    82264    3.80%
    120   122      664.6058   140      646.0342      670.5841    86300    3.80%
Elapsed time = 50.07 sec. (21678.37 ticks, tree = 1.47 MB, solutions = 1)
    140   142      663.5229   116      646.0342      670.5841    90654    3.80%
    156   158      662.1502   102      646.0342      670.5841    94710    3.80%
    170   172      660.9032    80      646.0342      670.5841    97391    3.80%
    189   191      659.1474    70      646.0342      670.5841   101149    3.80%
    200   202      657.8424    62      646.0342      670.5841   103491    3.80%
    226   228      655.9223    44      646.0342      670.5841   106896    3.80%
    299   301      651.3301     6      646.0342      670.5841   110639    3.80%
*   313   294      integral     0      651.3770      670.5841   111125    2.95%
    316   297      669.8700   234      651.3770      670.5689   113558    2.95%
    320   301      669.7566   236      651.3770      670.5689   116046    2.95%
Elapsed time = 94.09 sec. (32777.02 ticks, tree = 9.25 MB, solutions = 2)
    326   307      669.6900   230      651.3770      670.5689   118527    2.95%
    330   311      669.5621   226      651.3770      670.5689   120413    2.95%
    338   319      669.2803   218      651.3770      670.5689   123107    2.95%
    340   321      669.1150   223      651.3770      670.5689   124984    2.95%
    349   330      668.7809   213      651.3770      670.5689   127687    2.95%
    353   334      668.4254   206      651.3770      670.5689   129624    2.95%
    360   341      667.9026   198      651.3770      670.5689   132897    2.95%
    367   348      667.6125   197      651.3770      670.5689   135815    2.95%
    370   351      667.1675   190      651.3770      670.5689   139664    2.95%
    372   353      667.1020   188      651.3770      670.5689   142681    2.95%
Elapsed time = 113.28 sec. (45017.44 ticks, tree = 11.87 MB, solutions = 2)
    380   361      666.4551   185      651.3770      670.5689   147087    2.95%
    387   368      666.2742   181      651.3770      670.5689   149808    2.95%
    390   371      665.6717   182      651.3770      670.5689   153837    2.95%
    396   377      665.4722   176      651.3770      670.5689   156830    2.95%
    400   381      665.1557   170      651.3770      670.5689   159549    2.95%
    408   389      664.9272   158      651.3770      670.5689   162212    2.95%
    410   391      664.7400   165      651.3770      670.5689   163831    2.95%
    415   396      664.4357   159      651.3770      670.5689   165670    2.95%
    420   401      663.4912   152      651.3770      670.5689   169355    2.95%
    430   411      663.0680   137      651.3770      670.5689   172633    2.95%
Elapsed time = 137.96 sec. (60823.12 ticks, tree = 13.85 MB, solutions = 2)
    440   421      662.2444   128      651.3770      670.5689   176784    2.95%
    450   431      661.3723   113      651.3770      670.5689   180432    2.95%
    460   441      660.7855   102      651.3770      670.5689   183119    2.95%
    471   452      659.4265    84      651.3770      670.5689   185425    2.95%
    484   465      658.2956    71      651.3770      670.5689   187033    2.95%

Performing restart 1

Repeating presolve.
Tried aggregator 1 time.
Reduced MIP has 754 rows, 2094 columns, and 11386 nonzeros.
Reduced MIP has 694 binaries, 0 generals, 0 SOSs, and 0 indicators.
Presolve time = 0.00 sec. (2.47 ticks)
Tried aggregator 1 time.
Reduced MIP has 754 rows, 2094 columns, and 11386 nonzeros.
Reduced MIP has 694 binaries, 0 generals, 0 SOSs, and 0 indicators.
Presolve time = 0.00 sec. (2.46 ticks)
Represolve time = 0.07 sec. (47.00 ticks)
    487     2      669.6391   246      651.3770      669.6389   198434    2.80%
    488     3      669.5924   235      651.3770      669.5914   198827    2.80%
    489     4      669.5651   231      651.3770      669.5647   199126    2.79%
    493     8      669.3470   228      651.3770      669.5557   202331    2.79%
    498    13      669.2817   220      651.3770      669.5557   205401    2.79%
Elapsed time = 166.07 sec. (81225.62 ticks, tree = 0.05 MB, solutions = 2)
    502    17      669.0525   216      651.3770      669.5557   210217    2.79%
    512    27      668.7877   211      651.3770      669.5557   213709    2.79%
    525    40      667.2452   236      651.3770      669.5557   220935    2.79%
    527    42      667.2907   228      651.3770      669.5557   225959    2.79%
    537    52      667.1041   222      651.3770      669.5557   228853    2.79%
    547    62      666.8794   212      651.3770      669.5557   232139    2.79%
    550    65      665.6456   210      651.3770      669.5557   237207    2.79%
    559    74      665.5014   200      651.3770      669.5557   240577    2.79%
    567    82      665.1959   190      651.3770      669.5557   243004    2.79%
    575    90      664.1803   191      651.3770      669.5557   247298    2.79%
Elapsed time = 189.17 sec. (94415.99 ticks, tree = 1.23 MB, solutions = 2)
    584    99      664.1879   188      651.3770      669.5557   251528    2.79%
    588   103      664.0802   178      651.3770      669.5557   252735    2.79%
    600   115      662.5205   183      651.3770      669.5557   257427    2.79%
    608   123      662.5010   170      651.3770      669.5557   261295    2.79%
    625   140      661.0725   162      651.3770      669.5557   265653    2.79%
    637   152      660.6201   151      651.3770      669.5557   268418    2.79%
    650   165      659.6931   145      651.3770      669.5557   272168    2.79%
    657   172      659.7618   137      651.3770      669.5557   273467    2.79%
    667   182      659.3392   125      651.3770      669.5557   275180    2.79%
    675   190      657.6015   128      651.3770      669.5557   279132    2.79%
Elapsed time = 215.41 sec. (106455.74 ticks, tree = 4.49 MB, solutions = 2)
    687   202      657.7081   115      651.3770      669.5557   281871    2.79%
    700   215      656.1904   108      651.3770      669.5557   285586    2.79%
    707   222      656.1300   108      651.3770      669.5557   287504    2.79%
    725   240      654.9386    84      651.3770      669.5557   290999    2.79%
    734   249      654.8056    77      651.3770      669.5557   292167    2.79%
    750   265      653.9873    64      651.3770      669.5557   294240    2.79%
    775   290      652.6506    49      651.3770      669.5557   296617    2.79%
    834   344      669.4665   230      651.3770      669.5485   300971    2.79%
    837   347      669.3977   228      651.3770      669.5485   302532    2.79%
    844   354      669.1405   216      651.3770      669.5485   305415    2.79%
Elapsed time = 248.58 sec. (119065.09 ticks, tree = 9.36 MB, solutions = 2)
    849   359      669.0993   220      651.3770      669.5485   306873    2.79%
    851   361      668.8000   221      651.3770      669.5485   310920    2.79%
    857   367      668.5883   218      651.3770      669.5485   312587    2.79%
    867   377      668.3236   201      651.3770      669.5485   314795    2.79%
    875   385      667.0759   215      651.3770      669.5485   319420    2.79%
    878   388      667.0572   208      651.3770      669.5485   321424    2.79%
    887   397      666.7697   206      651.3770      669.5485   323382    2.79%
    897   407      666.3432   192      651.3770      669.5485   325460    2.79%
    900   410      665.4218   196      651.3770      669.5485   328944    2.79%
    923   433      664.7424   182      651.3770      669.5485   336833    2.79%
Elapsed time = 274.87 sec. (134597.62 ticks, tree = 13.40 MB, solutions = 2)
    927   437      663.6986   189      651.3770      669.5485   344166    2.79%
    950   460      662.1467   177      651.3770      669.5485   351794    2.79%
    971   481      661.6092   159      651.3770      669.5485   358644    2.79%
    985   495      660.1587   151      651.3770      669.5485   367441    2.79%
   1007   517      659.4293   128      651.3770      669.5485   371306    2.79%
   1086   596      657.1974    68      651.3770      669.5485   377466    2.79%
   1188   694      668.7832   240      651.3770      669.4199   384055    2.77%
   1205   711      667.6895   224      651.3770      669.4087   390916    2.77%
   1227   733      665.6760   195      651.3770      669.4087   396848    2.77%
   1272   778      663.3608   144      651.3770      669.4087   403857    2.77%
Elapsed time = 356.01 sec. (175961.75 ticks, tree = 36.88 MB, solutions = 2)
   1298   804      668.7749   232      651.3770      669.4086   409259    2.77%
   1316   822      667.6526   216      651.3770      669.4086   416282    2.77%
   1337   843      666.8898   196      651.3770      669.4086   422869    2.77%
   1371   877      666.0442   171      651.3770      669.4086   429476    2.77%
   1422   928      664.7801   115      651.3770      669.4086   435858    2.77%
   1494  1000      668.7772   232      651.3770      669.3958   441783    2.77%
   1511  1017      666.9774   213      651.3770      669.3958   448261    2.77%
   1528  1034      665.6643   198      651.3770      669.3958   453325    2.77%
   1565  1071      663.6069   145      651.3770      669.3958   459338    2.77%
   1689  1195      669.0887   235      651.3770      669.3893   466245    2.77%
Elapsed time = 440.60 sec. (215378.95 ticks, tree = 53.10 MB, solutions = 2)
   1702  1208      667.7314   234      651.3770      669.3893   473014    2.77%
   1721  1227      666.1589   196      651.3770      669.3893   479174    2.77%
   1759  1265      664.0407   148      651.3770      669.3893   485476    2.77%
   1889  1395      669.1398   230      651.3770      669.3664   491197    2.76%
   1908  1414      667.2688   218      651.3770      669.3664   497812    2.76%
   1927  1433      665.9073   190      651.3770      669.3664   502310    2.76%
   2087  1593      661.5901    16      651.3770      669.3664   509345    2.76%
   2107  1613      667.2563   222      651.3770      669.3468   516436    2.76%
   2147  1653      664.9129   163      651.3770      669.3468   523465    2.76%
   2290  1796      668.5229   241      651.3770      669.3318   531077    2.76%
Elapsed time = 546.48 sec. (255102.56 ticks, tree = 97.18 MB, solutions = 2)
   2301  1807      667.7893   232      651.3770      669.3318   538118    2.76%
   2316  1822      666.9865   217      651.3770      669.3318   545085    2.76%
   2334  1840      666.0978   195      651.3770      669.3318   551311    2.76%
   2361  1867      665.2504   169      651.3770      669.3318   557622    2.76%
   2401  1907      664.1515   140      651.3770      669.3318   564275    2.76%
   2489  1995      668.7139   238      651.3770      669.3317   571773    2.76%
   2507  2013      667.0486   223      651.3770      669.3317   578452    2.76%
   2537  2043      664.7432   174      651.3770      669.3317   585664    2.76%
   2625  2131      660.6702    84      651.3770      669.3317   592943    2.76%
   2699  2205      667.6556   244      651.3770      669.3140   599609    2.75%
Elapsed time = 630.71 sec. (295123.58 ticks, tree = 126.98 MB, solutions = 2)
   2721  2227      665.6074   206      651.3770      669.3140   606685    2.75%
   2767  2273      662.9630   141      651.3770      669.3140   613621    2.75%
   2896  2402      667.8982   240      651.3770      669.3129   620858    2.75%
   2914  2420      666.2095   212      651.3770      669.3129   627602    2.75%
   2947  2453      663.7386   160      651.3770      669.3129   634138    2.75%
   3089  2595      668.5572   241      651.3770      669.2922   642407    2.75%
   3103  2609      667.2107   229      651.3770      669.2922   649066    2.75%
   3122  2628      665.4949   197      651.3770      669.2922   655153    2.75%
   3167  2673      663.0473   133      651.3770      669.2922   661750    2.75%
   3295  2801      668.2940   225      651.3770      669.2599   668497    2.75%
Elapsed time = 736.06 sec. (334778.81 ticks, tree = 156.48 MB, solutions = 2)
   3313  2819      667.3511   215      651.3770      669.2599   675032    2.75%
   3337  2843      666.4259   201      651.3770      669.2599   681914    2.75%
   3373  2879      665.2748   165      651.3770      669.2599   689004    2.75%
   3443  2949      663.7047   110      651.3770      669.2599   696180    2.75%
   3497  3003      667.5718   236      651.3770      669.2584   703915    2.75%
   3518  3024      665.5526   203      651.3770      669.2584   710931    2.75%
   3543  3049      663.9098   170      651.3770      669.2584   718167    2.75%
   3627  3133      661.2635    55      651.3770      669.2584   724464    2.75%
   3695  3201      667.7791   237      651.3770      669.2574   731894    2.75%
   3709  3215      666.3814   221      651.3770      669.2574   737405    2.75%
Elapsed time = 820.05 sec. (374084.61 ticks, tree = 172.59 MB, solutions = 2)
   3738  3244      664.1761   176      651.3770      669.2574   743770    2.75%
   3889  3395      668.9246   228      651.3770      669.2321   750713    2.74%
   3909  3415      666.9360   205      651.3770      669.2321   757579    2.74%
   3957  3463      663.4223   125      651.3770      669.2321   764626    2.74%
*  4071  3544      integral     0      652.0757      669.2321   768112    2.63%
   4087  3556      667.3097   231      652.0757      669.2320   774237    2.63%
   4110  3579      665.1382   187      652.0757      669.2320   781086    2.63%
   4167  3636      662.3599   127      652.0757      669.2320   787701    2.63%
   4298  3767      668.3088   234      652.0757      669.2313   794585    2.63%
   4315  3784      667.5426   224      652.0757      669.2313   801491    2.63%
Elapsed time = 925.46 sec. (412888.24 ticks, tree = 217.20 MB, solutions = 3)
   4333  3802      666.7335   202      652.0757      669.2313   808106    2.63%
   4357  3826      665.8207   182      652.0757      669.2313   814721    2.63%
   4399  3868      664.7097   137      652.0757      669.2313   821342    2.63%
   4489  3958      668.3637   243      652.0757      669.1755   829977    2.62%
   4506  3975      666.6518   218      652.0757      669.1755   836984    2.62%
   4529  3998      664.5713   178      652.0757      669.1755   843198    2.62%
   4600  4069      661.5603    95      652.0757      669.1755   850068    2.62%
   4701  4170      667.8357   229      652.0757      669.1665   856829    2.62%
   4725  4194      665.9490   194      652.0757      669.1665   863523    2.62%
   4783  4252      662.8922   109      652.0757      669.1665   870201    2.62%
Elapsed time = 1015.61 sec. (452569.43 ticks, tree = 231.24 MB, solutions = 3)
   4899  4368      668.0480   227      652.0757      669.1597   876862    2.62%
   4921  4390      666.1280   193      652.0757      669.1597   883569    2.62%
   4972  4441      663.3801   130      652.0757      669.1597   890496    2.62%
   5091  4560      668.2793   235      652.0757      669.1594   897811    2.62%
   5107  4576      666.6552   203      652.0757      669.1594   904241    2.62%
   5140  4609      664.3917   145      652.0757      669.1594   910498    2.62%
   5289  4758      668.5923   235      652.0757      669.1386   917465    2.62%
   5304  4773      667.4916   223      652.0757      669.1386   924377    2.62%
   5327  4796      666.5756   194      652.0757      669.1386   930743    2.62%
   5356  4825      665.5300   168      652.0757      669.1386   937402    2.62%
Elapsed time = 1118.08 sec. (492278.30 ticks, tree = 251.47 MB, solutions = 3)
   5402  4871      664.2988   125      652.0757      669.1386   944229    2.62%
   5493  4962      668.7017   226      652.0757      669.1279   951558    2.62%
   5517  4986      666.7582   196      652.0757      669.1279   958078    2.62%
   5547  5016      664.9343   139      652.0757      669.1279   964935    2.62%
   5689  5158      668.3367   241      652.0757      669.1214   972111    2.61%
   5706  5175      666.6187   209      652.0757      669.1214   979240    2.61%
   5734  5203      664.3277   163      652.0757      669.1214   985909    2.61%
   5841  5310      660.9102    39      652.0757      669.1214   992450    2.61%
   5895  5364      667.5130   237      652.0757      669.0881  1000055    2.61%
   5915  5384      665.6610   192      652.0757      669.0881  1005544    2.61%
Elapsed time = 1218.29 sec. (531594.44 ticks, tree = 279.01 MB, solutions = 3)
   5947  5416      663.3930   144      652.0757      669.0881  1011330    2.61%
   6092  5561      668.6679   229      652.0757      669.0657  1017879    2.61%
   6111  5580      666.6481   203      652.0757      669.0657  1024234    2.61%
   6164  5633      664.1796   118      652.0757      669.0657  1030847    2.61%
   6292  5761      667.9291   247      652.0757      669.0650  1037750    2.61%
   6307  5776      666.9658   224      652.0757      669.0650  1043894    2.61%
   6327  5796      666.0838   204      652.0757      669.0650  1050703    2.61%
   6357  5826      664.6911   160      652.0757      669.0650  1057880    2.61%
   6409  5878      663.2621   127      652.0757      669.0650  1064594    2.61%
   6491  5960      668.2038   242      652.0757      669.0627  1071705    2.61%
Elapsed time = 1322.13 sec. (570482.38 ticks, tree = 322.56 MB, solutions = 3)
   6507  5976      666.4964   206      652.0757      669.0627  1078625    2.61%
   6547  6016      663.7261   140      652.0757      669.0627  1085668    2.61%
   6689  6158      668.5645   238      652.0757      669.0626  1093682    2.61%
   6702  6171      666.8363   221      652.0757      669.0626  1100063    2.61%
   6727  6196      664.9283   191      652.0757      669.0626  1105939    2.61%
   6782  6251      662.1303   105      652.0757      669.0626  1112289    2.61%
   6896  6365      667.3956   236      652.0757      669.0545  1119226    2.60%
   6919  6388      665.4106   192      652.0757      669.0545  1125262    2.60%
   6977  6446      662.3315   110      652.0757      669.0545  1132010    2.60%
   7100  6569      667.6814   225      652.0757      669.0384  1138840    2.60%
Elapsed time = 1429.17 sec. (610343.28 ticks, tree = 354.11 MB, solutions = 3)
   7128  6597      665.5717   169      652.0757      669.0384  1145256    2.60%
   7249  6718      662.1197    55      652.0757      669.0384  1152047    2.60%
   7297  6766      668.5555   222      652.0757      669.0350  1157734    2.60%
   7311  6780      667.6620   208      652.0757      669.0350  1164675    2.60%
   7330  6799      667.0521   192      652.0757      669.0350  1170835    2.60%
   7358  6827      666.2123   153      652.0757      669.0350  1177016    2.60%
   7399  6868      665.2805   128      652.0757      669.0350  1183376    2.60%
   7487  6956      663.6386    53      652.0757      669.0350  1189728    2.60%
   7507  6976      667.1667   218      652.0757      669.0247  1196899    2.60%
   7537  7006      665.3894   158      652.0757      669.0247  1203281    2.60%
Elapsed time = 1516.77 sec. (649837.34 ticks, tree = 386.97 MB, solutions = 3)
   7637  7106      662.1424    44      652.0757      669.0247  1209583    2.60%
   7706  7175      667.2764   211      652.0757      669.0192  1216480    2.60%
   7737  7206      664.6055   164      652.0757      669.0192  1222931    2.60%
   7890  7359      668.7138   230      652.0757      669.0172  1230986    2.60%
   7908  7377      666.9434   220      652.0757      669.0172  1237385    2.60%
   7941  7410      665.0882   164      652.0757      669.0172  1243956    2.60%
   8077  7546      661.3684    38      652.0757      669.0172  1250843    2.60%
   8103  7572      667.3519   237      652.0757      669.0168  1257706    2.60%
   8127  7596      665.3044   183      652.0757      669.0168  1264545    2.60%
   8196  7665      662.3918    99      652.0757      669.0168  1271658    2.60%
Elapsed time = 1629.56 sec. (688950.59 ticks, tree = 437.05 MB, solutions = 3)
   8299  7768      668.3302   236      652.0757      669.0098  1278268    2.60%
   8317  7786      667.4430   220      652.0757      669.0098  1285426    2.60%
   8343  7812      666.3686   191      652.0757      669.0098  1292227    2.60%
   8377  7846      665.2571   142      652.0757      669.0098  1298821    2.60%
   8451  7920      663.3307    97      652.0757      669.0098  1305901    2.60%
   8504  7973      667.3236   211      652.0757      669.0076  1312772    2.60%
   8540  8009      665.0811   147      652.0757      669.0076  1319179    2.60%
   8692  8161      668.5682   225      652.0757      669.0068  1326070    2.60%
   8715  8184      666.5150   199      652.0757      669.0068  1332810    2.60%
   8757  8226      664.4096   130      652.0757      669.0068  1339532    2.60%
Elapsed time = 1732.14 sec. (728159.60 ticks, tree = 479.94 MB, solutions = 3)
   8896  8365      668.1312   221      652.0757      668.9994  1346539    2.60%
   8922  8391      666.1699   178      652.0757      668.9994  1352685    2.60%
   9027  8496      662.5657    50      652.0757      668.9994  1359660    2.60%
   9104  8573      667.4852   216      652.0757      668.9987  1366348    2.60%
   9136  8605      665.2968   155      652.0757      668.9987  1372833    2.60%
   9290  8759      668.8325   231      652.0757      668.9987  1379737    2.60%
   9307  8776      667.7290   221      652.0757      668.9987  1386762    2.60%
   9333  8802      666.7542   188      652.0757      668.9987  1393568    2.60%
   9368  8837      665.7575   154      652.0757      668.9987  1400026    2.60%
   9427  8896      664.5036   117      652.0757      668.9987  1407194    2.60%
Elapsed time = 1846.30 sec. (767117.91 ticks, tree = 530.70 MB, solutions = 3)
   9497  8966      668.1468   225      652.0757      668.9987  1414183    2.60%
   9525  8994      665.8481   169      652.0757      668.9987  1420999    2.60%
   9607  9076      662.7870    58      652.0757      668.9987  1427763    2.60%
   9702  9171      666.7729   206      652.0757      668.9987  1434653    2.60%
   9737  9206      664.4509   141      652.0757      668.9987  1440966    2.60%
   9889  9358      668.2885   235      652.0757      668.9903  1449112    2.59%
   9905  9374      666.4699   197      652.0757      668.9903  1455820    2.59%
   9937  9406      664.4451   137      652.0757      668.9903  1461697    2.59%
  10090  9559      668.8305   229      652.0757      668.9888  1468300    2.59%
  10111  9580      666.8147   200      652.0757      668.9888  1474732    2.59%
Elapsed time = 1961.92 sec. (806464.08 ticks, tree = 567.94 MB, solutions = 3)
  10167  9636      664.1112   113      652.0757      668.9888  1481509    2.59%
  10227  9696      662.8201    37      652.0757      668.9888  1483326    2.59%
  10228  9697      668.8601   223      652.0757      668.9727  1483574    2.59%
  10229  9698      668.8118   231      652.0757      668.9722  1483903    2.59%
  10250  9719      666.9785   205      652.0757      668.9654  1490340    2.59%
  10297  9766      664.4114   120      652.0757      668.9654  1497306    2.59%
  10510  9975      668.3577   224      652.0757      668.9638  1503259    2.59%
  10534  9999      666.2294   174      652.0757      668.9638  1509788    2.59%
  10587 10052      663.7498   118      652.0757      668.9638  1516328    2.59%
* 10868 10327      integral     0      652.0907      668.9638  1520311    2.59%
Elapsed time = 2096.78 sec. (855214.11 ticks, tree = 626.43 MB, solutions = 4)
  10887 10344      666.9799   203      652.0907      668.9552  1526694    2.59%
  10917 10374      664.6925   162      652.0907      668.9552  1533030    2.59%
  10972 10429      662.2627   103      652.0907      668.9552  1539253    2.59%
  11182 10634      667.9061   242      652.0907      668.9550  1545838    2.59%
  11196 10648      667.0305   228      652.0907      668.9550  1552170    2.59%
  11209 10661      666.5643   211      652.0907      668.9550  1557440    2.59%
  11230 10682      665.6586   189      652.0907      668.9550  1563337    2.59%
  11257 10709      664.8690   163      652.0907      668.9550  1569657    2.59%
  11297 10749      663.4140   118      652.0907      668.9550  1575734    2.59%
  11391 10843      661.6374    50      652.0907      668.9550  1581756    2.59%
Elapsed time = 2196.21 sec. (896182.76 ticks, tree = 670.33 MB, solutions = 4)
  11496 10948      667.1751   230      652.0907      668.9540  1588471    2.59%
  11512 10964      665.6852   190      652.0907      668.9540  1593668    2.59%
  11537 10989      663.4599   156      652.0907      668.9540  1599559    2.59%
  11588 11040      659.8710    91      652.0907      668.9540  1606027    2.59%
  11697 11149      667.8920   217      652.0907      668.9531  1612495    2.59%
  11719 11171      665.8680   180      652.0907      668.9531  1618525    2.59%
  11761 11213      663.4504   123      652.0907      668.9531  1624647    2.59%
  11894 11346      668.1731   220      652.0907      668.9460  1631628    2.58%
  11911 11363      666.4152   209      652.0907      668.9460  1637196    2.58%
  11946 11398      664.3434   136      652.0907      668.9460  1643340    2.58%
Elapsed time = 2298.05 sec. (935426.25 ticks, tree = 718.48 MB, solutions = 4)
  12089 11541      668.7132   236      652.0907      668.9456  1649551    2.58%
  12103 11555      667.0036   226      652.0907      668.9456  1655976    2.58%
  12123 11575      665.2426   189      652.0907      668.9456  1661932    2.58%
  12143 11595      663.8142   164      652.0907      668.9456  1667644    2.58%
  12187 11639      661.5967   113      652.0907      668.9456  1673261    2.58%
  12293 11745      668.5211   228      652.0907      668.9449  1679849    2.58%
  12304 11756      667.9151   224      652.0907      668.9449  1685490    2.58%
  12317 11769      667.2672   214      652.0907      668.9449  1690979    2.58%
  12336 11788      666.3878   188      652.0907      668.9449  1697192    2.58%
  12357 11809      665.7277   170      652.0907      668.9449  1702659    2.58%
Elapsed time = 2384.03 sec. (975984.88 ticks, tree = 753.93 MB, solutions = 4)
  12387 11839      664.6749   152      652.0907      668.9449  1708263    2.58%
  12437 11889      663.2703   120      652.0907      668.9449  1714010    2.58%
  12492 11944      668.3590   230      652.0907      668.9392  1719999    2.58%
  12507 11959      666.8033   204      652.0907      668.9392  1725974    2.58%
  12529 11981      665.1162   170      652.0907      668.9392  1731548    2.58%
  12567 12019      663.2669   131      652.0907      668.9392  1737234    2.58%
  12693 12145      668.2847   226      652.0907      668.9368  1743545    2.58%
  12714 12166      666.3652   182      652.0907      668.9368  1749291    2.58%
  12758 12210      664.0477   128      652.0907      668.9368  1755194    2.58%
  12894 12346      668.0544   225      652.0907      668.9341  1761680    2.58%
Elapsed time = 2483.45 sec. (1015685.22 ticks, tree = 800.38 MB, solutions = 4)
  12911 12363      666.3347   206      652.0907      668.9341  1767204    2.58%
  12937 12389      664.6269   159      652.0907      668.9341  1772864    2.58%
  13011 12463      661.4276    70      652.0907      668.9341  1779449    2.58%
  13099 12551      667.5348   223      652.0907      668.9291  1785757    2.58%
  13121 12573      665.5663   183      652.0907      668.9291  1791522    2.58%
  13161 12613      663.2230   134      652.0907      668.9291  1797785    2.58%
  13293 12745      668.4289   226      652.0907      668.9280  1804354    2.58%
  13308 12760      667.6262   202      652.0907      668.9280  1810057    2.58%
  13324 12776      666.9356   192      652.0907      668.9280  1816448    2.58%
  13342 12794      666.3630   172      652.0907      668.9280  1821992    2.58%
Elapsed time = 2572.48 sec. (1054723.24 ticks, tree = 839.12 MB, solutions = 4)
  13372 12824      665.3730   142      652.0907      668.9280  1827550    2.58%
  13418 12870      664.2416   108      652.0907      668.9280  1832883    2.58%
  13493 12945      668.3232   229      652.0907      668.9235  1838934    2.58%
  13514 12966      666.4935   186      652.0907      668.9235  1844731    2.58%
  13556 13008      664.1399   122      652.0907      668.9235  1850647    2.58%
  13692 13144      668.3212   229      652.0907      668.9227  1857117    2.58%
  13709 13161      666.6894   205      652.0907      668.9227  1862682    2.58%
  13739 13191      664.6938   165      652.0907      668.9227  1868626    2.58%
  13815 13267      661.7439    94      652.0907      668.9227  1874826    2.58%
  13898 13350      667.5232   218      652.0907      668.9220  1880744    2.58%
Elapsed time = 2673.51 sec. (1093624.09 ticks, tree = 869.79 MB, solutions = 4)
  13924 13376      665.5926   169      652.0907      668.9220  1886837    2.58%
  13976 13428      662.7644   117      652.0907      668.9220  1893058    2.58%
  14097 13549      667.8696   223      652.0907      668.9189  1899240    2.58%
  14120 13572      665.8624   174      652.0907      668.9189  1905417    2.58%
  14170 13622      663.3423   100      652.0907      668.9189  1911769    2.58%
  14293 13745      668.4232   232      652.0907      668.9188  1919075    2.58%
  14302 13754      667.9920   218      652.0907      668.9188  1924469    2.58%
  14314 13766      667.4494   205      652.0907      668.9188  1930070    2.58%
  14329 13781      666.7683   190      652.0907      668.9188  1935258    2.58%
  14351 13803      665.9340   165      652.0907      668.9188  1940865    2.58%
Elapsed time = 2763.30 sec. (1133512.21 ticks, tree = 875.45 MB, solutions = 4)
  14380 13832      665.1109   144      652.0907      668.9188  1946515    2.58%
  14431 13883      663.5738   121      652.0907      668.9188  1952647    2.58%
  14489 13941      667.7870   239      652.0907      668.9185  1958609    2.58%
  14505 13957      666.0927   217      652.0907      668.9185  1965163    2.58%
  14528 13980      664.0622   180      652.0907      668.9185  1970630    2.58%
  14583 14035      661.2754   116      652.0907      668.9185  1976778    2.58%
  14694 14146      667.1312   232      652.0907      668.9156  1983447    2.58%
  14708 14160      665.6357   213      652.0907      668.9156  1988936    2.58%
  14728 14180      663.9904   181      652.0907      668.9156  1994524    2.58%
  14757 14209      661.9522   139      652.0907      668.9156  2000682    2.58%
Elapsed time = 2846.91 sec. (1172492.62 ticks, tree = 909.48 MB, solutions = 4)
  14889 14341      667.8122   236      652.0907      668.9134  2007476    2.58%
  14905 14357      666.0892   213      652.0907      668.9134  2013837    2.58%
  14928 14380      664.2000   181      652.0907      668.9134  2019341    2.58%
  14976 14428      661.4593   122      652.0907      668.9134  2025705    2.58%
  15095 14547      668.1723   221      652.0907      668.9131  2031844    2.58%
  15114 14566      666.5420   186      652.0907      668.9131  2037555    2.58%
  15159 14611      664.3591   117      652.0907      668.9131  2043483    2.58%
  15292 14744      668.4317   219      652.0907      668.9115  2050131    2.58%
  15302 14754      667.8728   221      652.0907      668.9115  2055680    2.58%
  15319 14771      667.1090   198      652.0907      668.9115  2061448    2.58%
Elapsed time = 2949.01 sec. (1212187.47 ticks, tree = 923.58 MB, solutions = 4)
  15342 14794      666.2293   171      652.0907      668.9115  2067265    2.58%
  15377 14829      664.9218   135      652.0907      668.9115  2073101    2.58%
  15428 14880      663.5427   120      652.0907      668.9115  2079305    2.58%
  15493 14945      668.1891   227      652.0907      668.9100  2086244    2.58%
  15512 14964      666.2705   196      652.0907      668.9100  2092023    2.58%
  15547 14999      663.9867   138      652.0907      668.9100  2098238    2.58%
  15690 15142      668.6170   221      652.0907      668.9067  2104785    2.58%
  15709 15161      666.6662   192      652.0907      668.9067  2110584    2.58%
  15745 15197      664.5471   140      652.0907      668.9067  2116793    2.58%
  15889 15341      668.7258   224      652.0907      668.9021  2122784    2.58%
Elapsed time = 3050.43 sec. (1251399.15 ticks, tree = 972.98 MB, solutions = 4)
  15911 15363      666.5114   183      652.0907      668.9021  2128649    2.58%
  15949 15401      664.2230   129      652.0907      668.9021  2134769    2.58%
  16077 15529      661.2397    27      652.0907      668.9021  2140916    2.58%
  16104 15556      666.9649   213      652.0907      668.9009  2147074    2.58%
  16131 15583      665.0770   148      652.0907      668.9009  2152688    2.58%
  16263 15715      661.5132    26      652.0907      668.9009  2158916    2.58%
  16302 15754      667.9557   213      652.0907      668.8999  2164905    2.58%
  16319 15771      667.0954   200      652.0907      668.8999  2171028    2.58%
  16334 15786      666.3885   189      652.0907      668.8999  2176990    2.58%
  16353 15805      665.7364   181      652.0907      668.8999  2182452    2.58%
Elapsed time = 3140.61 sec. (1290158.95 ticks, tree = 1013.10 MB, solutions = 4)
  16380 15832      664.9406   163      652.0907      668.8999  2187721    2.58%
  16417 15869      663.8774   136      652.0907      668.8999  2192987    2.58%
  16478 15930      662.5618    94      652.0907      668.8999  2198519    2.58%
  16500 15952      667.5401   212      652.0907      668.8960  2204227    2.58%
  16526 15978      665.5121   159      652.0907      668.8960  2210263    2.58%
  16582 16034      662.9174   102      652.0907      668.8960  2216231    2.58%
  16697 16149      667.8174   218      652.0907      668.8878  2222536    2.58%
  16721 16173      665.8082   173      652.0907      668.8878  2228723    2.58%
  16767 16219      663.3859   114      652.0907      668.8878  2234824    2.58%
  16893 16345      668.2060   226      652.0907      668.8861  2241324    2.58%
Elapsed time = 3239.15 sec. (1329326.42 ticks, tree = 1059.90 MB, solutions = 4)
  16912 16364      666.4906   192      652.0907      668.8861  2246927    2.58%
  16944 16396      664.2713   132      652.0907      668.8861  2253231    2.58%
Starting limited solution polishing.
  17003 16455      662.2718    86      652.0907      668.8861  2258316    2.58%
  17097 16549      667.8319   219      652.0907      668.8753  2263511    2.57%
  17119 16571      666.0138   171      652.0907      668.8753  2269548    2.57%
  17173 16625      663.5281   108      652.0907      668.8753  2275953    2.57%
  17293 16745      668.3308   222      652.0907      668.8746  2281635    2.57%
  17308 16760      667.4527   202      652.0907      668.8746  2287155    2.57%
  17329 16781      666.5603   195      652.0907      668.8746  2293231    2.57%
  17355 16807      665.6457   166      652.0907      668.8746  2299415    2.57%
Elapsed time = 3328.99 sec. (1368051.15 ticks, tree = 1100.52 MB, solutions = 4)
  17387 16839      664.7944   142      652.0907      668.8746  2305131    2.57%
  17443 16895      663.5381   102      652.0907      668.8746  2311415    2.57%
  17497 16949      667.8457   218      652.0907      668.8742  2317463    2.57%
  17518 16970      666.0760   180      652.0907      668.8742  2323569    2.57%
  17549 17001      664.4450   141      652.0907      668.8742  2329101    2.57%
  17637 17089      661.7120    54      652.0907      668.8742  2334543    2.57%
  17697 17149      667.7824   207      652.0907      668.8723  2338933    2.57%
  17720 17172      666.1868   171      652.0907      668.8723  2345013    2.57%
  17787 17239      663.9432   100      652.0907      668.8723  2350651    2.57%
  17896 17348      668.0077   235      652.0907      668.8721  2356443    2.57%
Elapsed time = 3428.87 sec. (1407342.34 ticks, tree = 1147.33 MB, solutions = 4)
  17914 17366      666.2429   193      652.0907      668.8721  2362239    2.57%
  17944 17396      664.4780   153      652.0907      668.8721  2368019    2.57%
  18021 17473      661.4500    81      652.0907      668.8721  2373790    2.57%
  18097 17549      667.8504   220      652.0907      668.8715  2378734    2.57%
  18122 17574      665.9274   177      652.0907      668.8715  2384832    2.57%
  18174 17626      663.2781   111      652.0907      668.8715  2391048    2.57%
  18292 17744      668.4717   236      652.0907      668.8702  2397008    2.57%
  18306 17758      667.6422   213      652.0907      668.8702  2403035    2.57%
  18321 17773      666.9043   202      652.0907      668.8702  2408929    2.57%
  18346 17798      666.0287   166      652.0907      668.8702  2414906    2.57%
Elapsed time = 3518.66 sec. (1446493.71 ticks, tree = 1168.97 MB, solutions = 4)
  18387 17839      664.7745   124      652.0907      668.8702  2420843    2.57%
  18473 17925      662.9634    84      652.0907      668.8702  2426811    2.57%
  18498 17950      667.7113   213      652.0907      668.8680  2431162    2.57%
  18525 17977      665.8464   173      652.0907      668.8680  2437311    2.57%
  18583 18035      663.2843   107      652.0907      668.8680  2443481    2.57%
  18692 18144      668.4042   227      652.0907      668.8668  2448090    2.57%
  18708 18160      666.6307   207      652.0907      668.8668  2453663    2.57%
  18736 18188      664.7781   163      652.0907      668.8668  2460067    2.57%

Flow cuts applied:  13
Mixed integer rounding cuts applied:  43
Gomory fractional cuts applied:  1
User cuts applied:  10262

Root node processing (before b&c):
  Real time             =   10.41 sec. (4048.92 ticks)
Sequential b&c:
  Real time             = 3589.59 sec. (1476881.58 ticks)
                          ------------
Total (root+branch&cut) = 3600.00 sec. (1480930.51 ticks)
|V|                                     700
K                                       140
theta                                   0.10
r                                       2
R                                       20
prob_func                               facility_mixture
mixture_low_share                       0.500000
mixture_low_interval                    [0.001000, 0.010000]
mixture_high_interval                   [0.100000, 0.500000]
mixture_seed                            1
#C1                                     1162
#CP                                     59570

@Parameters: 
am_callback_heuristic                   false
am_local_search                         true
am_start_heuristic                      false
colocation                              false
comp                                    false
cutC                                    true
cutC_init                               false
cutF                                    true
cutF_init                               false
cutF_stable                             false
cutF_wrong                              false
cutLocal                                false
cutM                                    true
cutM_init                               true
cutM_stable                             false
cutP                                    true
cutP_init                               false
cutP_stable                             false
init                                    true
init_cutF_zero                          false
init_val_greedy                         true
is_Euclidean                            false
is_local_search                         true
is_right_cutP                           true
is_root                                 false
is_silent                               false
is_start                                false
mycut                                   false
pmed                                    false
pre                                     true
stable_root                             false
str                                     false
two_phase                               false
ubstr                                   false
mode                                    Bin

am_callback_node_space                  50
init                                    0
mixture_seed                            1
node_space                              5
nodelimit                               -1
nsepa                                   1
strF                                    0
type_delta                              0

EPS                                     0.001000
EPS_FRAC                                0.00
gap                                     0.00
mixture_high_max                        0.50
mixture_high_min                        0.10
mixture_low_max                         0.01
mixture_low_min                         0.00
mixture_low_share                       0.50
timelimit                               3600.00

Number of Closed Sites: 6 / 840 
Number of Confined Sites-1: 5 / 695 
Number of Confined Sites-k: 689 / 4329 
Preprocess Time: 1.59 + 0.00 sec

Solve Time: 3600.00
Number of Nodes: 18766
Termination Status: TIME_LIMIT

CutInfo: [phase] num / time (sec) / aver. num_nonzero
max              [LP]     0 / 0.00 / 0.00 [init]   511 / 0.26 / 1.75 [rLC]   388 / 0.19 / 5.23 [rUC]  5280 / 2.50 / 3.96 [sLC]    39 / 0.17 / 5.41 [sUC]  2141 / 11.24 / 4.64 
prod_oa          [LP]     0 / 0.00 / 0.00 [init]     0 / 0.00 / 0.00 [rLC]     0 / 0.00 / 0.00 [rUC]     0 / 0.00 / 0.00 [sLC]     0 / 0.00 / 0.00 [sUC]     0 / 0.00 / 0.00 
prod_sm_fixed    [LP]     0 / 0.00 / 0.00 [init]     0 / 0.00 / 0.00 [rLC]     0 / 0.00 / 0.00 [rUC]     0 / 0.00 / 0.00 [sLC]     0 / 0.00 / 0.00 [sUC]     0 / 0.00 / 0.00 
prod_bin         [LP]     0 / 0.00 / 0.00 [init]   242 / 0.35 / 0.00 [rLC]  1173 / 0.70 / 0.00 [rUC]  2845 / 1.48 / 0.00 [sLC]  2006 / 1.54 / 0.00 [sUC] 12562 / 7.37 / 0.00 
prod_local       [LP]     0 / 0.00 / 0.00 [init]     0 / 0.00 / 0.00 [rLC]     0 / 0.00 / 0.00 [rUC]     0 / 0.00 / 0.00 [sLC]     0 / 0.00 / 0.00 [sUC]     0 / 0.00 / 0.00 
prod_sm_C        [LP]     0 / 0.00 / 0.00 [init]     0 / 0.00 / 0.00 [rLC]     0 / 0.00 / 0.00 [rUC]     0 / 0.00 / 0.00 [sLC]     0 / 0.00 / 0.00 [sUC]     0 / 0.00 / 0.00 
facet            [LP]     0 / 0.00 / 0.00 [init]     0 / 0.00 / 0.00 [rLC]     0 / 0.00 / 0.00 [rUC]     0 / 0.00 / 0.00 [sLC]     0 / 0.00 / 0.00 [sUC]     0 / 0.00 / 0.00 
Separation Round:   [LP] 0  [init] 1  [rLC] 4  [rUC] 32  [sLC] 13  [sUC] 38102  
Root Best Bound 670.584257
Root Best Integer: 646.034167
Best Bound: 668.866801
Best Integer: 652.090670
1: 1, 2, 6, 16, 23, 26, 38, 44, 45, 47, 49, 52, 53, 56, 57, 63, 77, 81, 94, 108, 116, 122, 125, 126, 130, 143, 151, 152, 158, 165, 169, 171, 174, 181, 186, 189, 193, 194, 195, 197, 202, 218, 220, 224, 238, 239, 241, 253, 255, 258, 260, 261, 263, 265, 266, 280, 285, 298, 303, 310, 311, 312, 315, 317, 319, 320, 324, 329, 330, 336, 337, 338, 345, 350, 352, 358, 362, 363, 364, 365, 370, 373, 398, 404, 408, 414, 416, 422, 425, 428, 443, 448, 449, 452, 456, 457, 463, 470, 471, 476, 479, 485, 488, 493, 501, 503, 506, 509, 515, 519, 526, 534, 538, 539, 558, 564, 565, 574, 576, 592, 595, 597, 598, 606, 613, 621, 638, 642, 650, 651, 652, 654, 664, 670, 676, 677, 678, 682, 694, 700
Objective Value (calc): 652.058323
sum_etaM = 436.818394 / 436.814178
sum_etaP = 676.009811 / 675.974339
nL: 140
nCL: 0
mCL: 1
