Version identifier: 20.1.0.0 | 2020-11-10 | 9bedb6d68
CPXPARAM_Threads                                 1
CPXPARAM_TimeLimit                               3600
CPXPARAM_MIP_Tolerances_MIPGap                   0
Generic callback                                 0x60
1 of 1 MIP starts provided solutions.
MIP start 'm1' defined initial solution with objective 721.9990.
Tried aggregator 2 times.
MIP Presolve eliminated 7 rows and 6 columns.
Aggregator did 1 substitutions.
Reduced MIP has 2765 rows, 3193 columns, and 34173 nonzeros.
Reduced MIP has 797 binaries, 796 generals, 0 SOSs, and 0 indicators.
Presolve time = 0.02 sec. (11.75 ticks)
Probing time = 0.00 sec. (1.72 ticks)
Tried aggregator 1 time.
Reduced MIP has 2765 rows, 3193 columns, and 34173 nonzeros.
Reduced MIP has 797 binaries, 796 generals, 0 SOSs, and 0 indicators.
Presolve time = 0.01 sec. (6.96 ticks)
Probing time = 0.00 sec. (1.72 ticks)
MIP emphasis: balance optimality and feasibility.
MIP search method: dynamic search.
Parallel mode: none, using 1 thread.
Root relaxation solution time = 0.11 sec. (124.47 ticks)

        Nodes                                         Cuts/
   Node  Left     Objective  IInf  Best Integer    Best Bound    ItCnt     Gap

*     0+    0                          721.9990      800.0000            10.80%
      0     0      747.4380    95      721.9990      747.4380     2451    3.52%
      0     0      725.2473   181      721.9990     Cuts: 791     3151    0.45%
      0     0      724.3199   184      721.9990     Cuts: 290     3620    0.32%
      0     0      723.9758   179      721.9990     Cuts: 184     3965    0.27%
      0     0      723.8686   183      721.9990     Cuts: 124     4239    0.26%
      0     0      723.8134   192      721.9990      Cuts: 65     4397    0.25%
      0     0      723.7805   183      721.9990      Cuts: 91     4520    0.25%
      0     0      723.7293   185      721.9990      Cuts: 61     4671    0.24%
      0     0      723.6999   179      721.9990      Cuts: 54     4748    0.24%
      0     0      723.6646   192      721.9990      Cuts: 31     4821    0.23%
      0     0      723.6575   190      721.9990 UserPurge2: 35     4890    0.23%
      0     0      723.6511   189      721.9990 UserPurge2: 12     4939    0.23%
      0     0      723.6277   200      721.9990 UserPurge2: 9     4984    0.23%
      0     0      723.6203   186      721.9990 UserPurge2: 11     5040    0.22%
      0     0      723.6203   192      721.9990 UserPurge2: 2     5047    0.22%
      0     0      723.6201   184      721.9990 UserPurge2: 1     5056    0.22%
      0     0      723.6200   190      721.9990 UserPurge2: 1     5066    0.22%
      0     2      723.6200   190      721.9990      723.6200     5066    0.22%
Elapsed time = 7.65 sec. (2804.90 ticks, tree = 0.01 MB, solutions = 1)
      6     8      723.4735   177      721.9990      723.6200     6273    0.22%
     10    12      723.3928   177      721.9990      723.6200     6959    0.22%
     15    17      723.2492   167      721.9990      723.6200     8259    0.22%
     20    22      723.1973   155      721.9990      723.6200     9076    0.22%
     25    27      723.1234   155      721.9990      723.6200    10409    0.22%
     30    32      722.9396   167      721.9990      723.6200    11475    0.22%
     35    37      722.8215   163      721.9990      723.6200    13589    0.22%
     40    42      722.7202   163      721.9990      723.6200    14605    0.22%
     45    47      722.5609   148      721.9990      723.6200    15673    0.22%
     62    60      723.5877   199      721.9990      723.5939    19271    0.22%
Elapsed time = 22.98 sec. (7112.28 ticks, tree = 0.57 MB, solutions = 1)
     70    68      723.3356   186      721.9990      723.5939    22004    0.22%
     81    79      723.1056   170      721.9990      723.5939    25738    0.22%
     96    94      722.6174   132      721.9990      723.5939    30227    0.22%
*   100+   95                          722.1191      723.5939             0.20%
    115   106      723.4114   197      722.1191      723.5938    34002    0.20%
    120   111      723.2591   184      722.1191      723.5938    35562    0.20%
    130   121      722.9094   173      722.1191      723.5938    39319    0.20%
    145   136      722.4739   136      722.1191      723.5938    41783    0.20%
    165   153      723.2511   181      722.1191      723.5239    44849    0.19%
    180   168      722.6672   156      722.1191      723.5239    47311    0.19%
    207   191      723.2997   199      722.1191      723.5234    50454    0.19%
Elapsed time = 58.80 sec. (18508.49 ticks, tree = 2.37 MB, solutions = 2)
*   220+  202                          722.1283      723.5234             0.19%
    220   204      722.7587   174      722.1283      723.5234    52970    0.19%
    240   224      722.1371   144      722.1283      723.5234    55902    0.19%
    250   230      723.1025   163      722.1283      723.5011    58604    0.19%
    260   240      722.7496   162      722.1283      723.5011    60844    0.19%
    285   265      722.4484   112      722.1283      723.5011    63882    0.19%
    309   286      723.2140   165      722.1283      723.5007    66026    0.19%
*   310+  235                          722.3635      723.5007             0.16%
    320   247      722.8821   157      722.3635      723.5007    67527    0.16%
    346   267      723.4148   196      722.3635      723.4961    70078    0.16%
    360   281      722.9518   165      722.3635      723.4961    72885    0.16%
    386   303      723.3288   179      722.3635      723.4959    75905    0.16%
Elapsed time = 84.78 sec. (29967.54 ticks, tree = 5.80 MB, solutions = 4)
    406   323      722.7254   163      722.3635      723.4959    78799    0.16%
    424   337      723.3241   190      722.3635      723.4748    80877    0.15%
    439   352      722.8732   151      722.3635      723.4748    83027    0.15%
    456   365      723.3220   173      722.3635      723.4748    85230    0.15%
    462   371      723.1589   165      722.3635      723.4748    86303    0.15%
    474   383      722.8410   149      722.3635      723.4748    89232    0.15%
    491   400      722.4841   114      722.3635      723.4748    92341    0.15%
    510   415      722.9002   162      722.3635      723.4735    95148    0.15%
    531   432      723.3346   196      722.3635      723.4659    98826    0.15%
    540   441      722.9806   174      722.3635      723.4659   101227    0.15%
Elapsed time = 101.99 sec. (40089.37 ticks, tree = 9.68 MB, solutions = 4)
    557   458      722.5273   145      722.3635      723.4659   104729    0.15%
    576   473      723.0151   179      722.3635      723.4659   107648    0.15%
    582   479      722.8384   160      722.3635      723.4659   109185    0.15%
    599   492      723.3718   182      722.3635      723.4620   112868    0.15%
    601   494      723.2487   169      722.3635      723.4620   113747    0.15%
    615   508      722.8526   155      722.3635      723.4620   117065    0.15%
    630   519      723.2989   189      722.3635      723.4496   119808    0.15%
    645   534      722.9528   152      722.3635      723.4496   122744    0.15%
    660   549      722.5027   128      722.3635      723.4496   125992    0.15%
    680   561      722.9599   160      722.3635      723.4288   129133    0.15%
Elapsed time = 115.69 sec. (50272.53 ticks, tree = 12.23 MB, solutions = 4)
    702   578      723.2896   175      722.3635      723.4142   131976    0.15%
    720   596      722.6895   152      722.3635      723.4142   135152    0.15%
    740   612      723.2369   183      722.3635      723.4112   138032    0.15%
    759   631      722.4607   129      722.3635      723.4112   141460    0.15%
    770   638      723.1415   186      722.3635      723.4080   143721    0.14%
    788   656      722.5160   134      722.3635      723.4080   147090    0.14%
    800   664      723.1518   155      722.3635      723.3993   149483    0.14%
    813   677      722.8595   137      722.3635      723.3993   152261    0.14%
    834   692      723.3306   178      722.3635      723.3935   155374    0.14%
    843   701      723.0319   162      722.3635      723.3935   157131    0.14%
Elapsed time = 129.72 sec. (60795.75 ticks, tree = 15.28 MB, solutions = 4)
    867   719      723.1795   178      722.3635      723.3925   160373    0.14%
    881   733      722.6664   142      722.3635      723.3925   162537    0.14%
    903   751      722.9820   156      722.3635      723.3902   165444    0.14%

Performing restart 1

Repeating presolve.
Tried aggregator 1 time.
MIP Presolve eliminated 552 rows and 276 columns.
MIP Presolve modified 415 coefficients.
Reduced MIP has 2213 rows, 2917 columns, and 33069 nonzeros.
Reduced MIP has 797 binaries, 520 generals, 0 SOSs, and 0 indicators.
Presolve time = 0.01 sec. (7.95 ticks)
Tried aggregator 1 time.
Reduced MIP has 2213 rows, 2917 columns, and 33069 nonzeros.
Reduced MIP has 797 binaries, 520 generals, 0 SOSs, and 0 indicators.
Presolve time = 0.01 sec. (6.72 ticks)
Represolve time = 0.06 sec. (47.51 ticks)
    914     0      723.3660   218      722.3635      Cuts: 87   172273    0.14%
    914     0      723.3329   225      722.3635      Cuts: 33   172425    0.13%
    914     0      723.3214   212      722.3635   MIRcuts: 17   172514    0.13%
    914     0      723.3090   209      722.3635   MIRcuts: 12   172623    0.13%
    914     0      723.3071   206      722.3635      Cuts: 11   172664    0.13%
    914     0      723.3065   194      722.3635    MIRcuts: 4   172681    0.13%
    914     0      723.3060   211      722.3635    MIRcuts: 5   172703    0.13%
    914     0      723.3053   209      722.3635       Cuts: 4   172727    0.13%
    914     0      723.3052   205      722.3635    MIRcuts: 1   172738    0.13%
    914     2      723.3030   199      722.3635      723.3023   172738    0.13%
    915     3      723.2888   194      722.3635      723.2882   172870    0.13%
    916     4      723.2816   191      722.3635      723.2812   173032    0.13%
    920     8      723.1992   181      722.3635      723.2798   173413    0.13%
    925    13      722.9964   178      722.3635      723.2798   175327    0.13%
    942    29      722.6461   132      722.3635      723.2798   177885    0.13%
    953    39      722.4040   121      722.3635      723.2798   179507    0.13%
Elapsed time = 150.82 sec. (78747.72 ticks, tree = 0.29 MB, solutions = 4)
    964    41      723.0769   189      722.3635      723.2702   181146    0.13%
    978    55      722.9015   171      722.3635      723.2702   185018    0.13%
    992    69      722.8063   137      722.3635      723.2702   187629    0.13%
   1004    80      722.3783   103      722.3635      723.2702   189808    0.13%
   1020    92      723.0458   152      722.3635      723.2699   192093    0.13%
   1034   106      722.7838   126      722.3635      723.2699   193802    0.13%
   1069   128      723.1153   169      722.3635      723.2622   195865    0.12%
   1078   137      722.9423   155      722.3635      723.2622   196894    0.12%
   1113   168      722.3682    58      722.3635      723.2622   199132    0.12%
   1137   188      722.5242   128      722.3635      723.2477   201775    0.12%
Elapsed time = 161.33 sec. (88546.14 ticks, tree = 1.22 MB, solutions = 4)
   1154   202      723.1917   197      722.3635      723.2322   203009    0.12%
   1168   216      723.0501   163      722.3635      723.2322   205950    0.12%
   1190   237      722.8018   111      722.3635      723.2322   208421    0.12%
   1236   272      723.0515   190      722.3635      723.2222   211136    0.12%
   1277   313      722.4449   107      722.3635      723.2222   213936    0.12%
   1314   344      722.7704   117      722.3635      723.2076   216577    0.12%
   1356   378      722.9073   172      722.3635      723.1946   219319    0.12%
   1393   408      723.0323   172      722.3635      723.1940   221950    0.11%
   1415   430      722.5173   119      722.3635      723.1940   223970    0.11%
   1434   444      722.9854   157      722.3635      723.1938   226426    0.11%
Elapsed time = 171.76 sec. (98894.42 ticks, tree = 5.05 MB, solutions = 4)
   1461   471      722.6586   115      722.3635      723.1938   229727    0.11%
   1497   496      722.8599   173      722.3635      723.1926   232229    0.11%
   1537   529      722.9222   179      722.3635      723.1845   235080    0.11%
   1568   560      722.4969    95      722.3635      723.1845   237425    0.11%
*  1594+  551                          722.3872      723.1839             0.11%
   1601   560      722.7937   108      722.3872      723.1839   240041    0.11%
   1635   591      722.8412   180      722.3872      723.1687   241950    0.11%
   1657   613      722.4989   112      722.3872      723.1687   243798    0.11%
   1679   629      722.9343   160      722.3872      723.1684   246379    0.11%
   1695   645      722.6993   135      722.3872      723.1684   248498    0.11%
   1822   753      722.4616    84      722.3872      723.1617   256681    0.11%
Elapsed time = 184.39 sec. (111610.28 ticks, tree = 11.83 MB, solutions = 5)
   1914   832      722.8717   151      722.3872      723.1512   265155    0.11%
   2009   917      722.6717   109      722.3872      723.1495   274770    0.11%
   2144  1032      722.4365   157      722.3872      723.1477   283921    0.11%
   2279  1133      722.8351   169      722.3872      723.1379   294018    0.10%
   2375  1209      722.8422   172      722.3872      723.1366   302761    0.10%
   2511  1330      722.7942   138      722.3872      723.1267   313877    0.10%
   2639  1435      722.6030   133      722.3872      723.1153   324370    0.10%
   2793  1564      722.8317   136      722.3872      723.1097   335118    0.10%
   2947  1703      722.4161    90      722.3872      723.1014   344712    0.10%
*  3054+ 1670                          722.4302      723.0989             0.09%
   3057  1675      722.7287   111      722.4302      723.0989   355196    0.09%
Elapsed time = 222.25 sec. (149915.36 ticks, tree = 24.36 MB, solutions = 6)
   3144  1750      722.6363   168      722.4302      723.0959   363910    0.09%
   3254  1840      723.0431   172      722.4302      723.0944   371509    0.09%
   3348  1923      722.4360   110      722.4302      723.0902   380517    0.09%
   3480  2035      722.9490   139      722.4302      723.0870   390490    0.09%
   3617  2144      722.5298   121      722.4302      723.0855   400664    0.09%
   3748  2253      722.6484   103      722.4302      723.0827   411134    0.09%
   3848  2332      722.6776   155      722.4302      723.0770   421945    0.09%
   3963  2426      722.6772   143      722.4302      723.0743   432082    0.09%
*  4004+ 2389                          722.4476      723.0734             0.09%
   4093  2472      722.7723   149      722.4476      723.0709   441457    0.09%
   4193  2544      722.4538    80      722.4476      723.0652   448257    0.09%
Elapsed time = 261.37 sec. (188414.07 ticks, tree = 37.61 MB, solutions = 7)
   4361  2683      722.9531   151      722.4476      723.0628   458576    0.09%
   4474  2776      722.9484   146      722.4476      723.0610   467641    0.08%
   4588  2866      722.9111   142      722.4476      723.0557   478932    0.08%
   4687  2947      722.5730   126      722.4476      723.0542   488596    0.08%
   4794  3032      722.7553   151      722.4476      723.0524   497735    0.08%
   4924  3136      722.4581    72      722.4476      723.0512   508189    0.08%
   5053  3240      722.6193   146      722.4476      723.0501   519257    0.08%
   5161  3328      722.8806   143      722.4476      723.0472   530146    0.08%
   5308  3440      722.7467   177      722.4476      723.0441   540820    0.08%
   5416  3511      722.9828   161      722.4476      723.0436   550479    0.08%
Elapsed time = 301.27 sec. (227468.87 ticks, tree = 48.77 MB, solutions = 7)
   5516  3591      722.8597   176      722.4476      723.0426   561749    0.08%
   5609  3666      722.7073   121      722.4476      723.0423   571976    0.08%
   5738  3755      722.6224   159      722.4476      723.0412   582495    0.08%
   5885  3866      722.7650   162      722.4476      723.0400   593937    0.08%
   6002  3962      722.9115   163      722.4476      723.0393   605054    0.08%
   6112  4045      722.6663   133      722.4476      723.0380   616001    0.08%
   6207  4121      722.5452   133      722.4476      723.0371   627047    0.08%
   6358  4234      722.7631   166      722.4476      723.0355   638076    0.08%
   6476  4327      722.7901   142      722.4476      723.0353   648536    0.08%
   6617  4433      722.8747   163      722.4476      723.0345   659248    0.08%
Elapsed time = 340.60 sec. (266151.31 ticks, tree = 65.14 MB, solutions = 7)
   6743  4530      722.8787   154      722.4476      723.0340   670414    0.08%
   6853  4613        cutoff            722.4476      723.0335   681239    0.08%
   6974  4708      722.8571   144      722.4476      723.0314   691648    0.08%
   7086  4799      722.7242   136      722.4476      723.0291   702331    0.08%
   7200  4882      722.5630   143      722.4476      723.0283   712910    0.08%
   7323  4976      722.8321   148      722.4476      723.0262   724017    0.08%
   7455  5080      722.6990   155      722.4476      723.0257   735162    0.08%
   7569  5166      722.9766   178      722.4476      723.0239   746332    0.08%
   7697  5267      722.9295   162      722.4476      723.0226   757659    0.08%
   7850  5396      722.4589    72      722.4476      723.0215   769143    0.08%
Elapsed time = 380.02 sec. (304742.87 ticks, tree = 85.38 MB, solutions = 7)
   8005  5515      722.7497   118      722.4476      723.0194   780183    0.08%
   8148  5630      722.8712   131      722.4476      723.0190   790661    0.08%
   8278  5737      722.6057   107      722.4476      723.0181   801561    0.08%
   8410  5834      722.4652   133      722.4476      723.0170   812351    0.08%
   8517  5914      722.8261   158      722.4476      723.0158   822574    0.08%
   8643  6020      722.8133   131      722.4476      723.0143   833332    0.08%
   8768  6116      722.8162   130      722.4476      723.0131   844824    0.08%
   8878  6194      722.8088   160      722.4476      723.0122   856337    0.08%
   9009  6303      722.4673   112      722.4476      723.0122   867022    0.08%
   9154  6416      722.9432   161      722.4476      723.0107   877928    0.08%
Elapsed time = 419.81 sec. (343237.91 ticks, tree = 101.76 MB, solutions = 7)
   9312  6533      722.6336   119      722.4476      723.0105   888640    0.08%
   9440  6632      722.7351   156      722.4476      723.0098   899515    0.08%
   9570  6740      722.7186   155      722.4476      723.0087   911297    0.08%
   9679  6825      722.5031   129      722.4476      723.0070   922052    0.08%
   9811  6925      722.5351   143      722.4476      723.0061   932859    0.08%
   9974  7058      722.5684   117      722.4476      723.0045   944039    0.08%
  10054  7121      722.5039   140      722.4476      723.0043   948553    0.08%
  10055  7122      722.8514   180      722.4476      723.0042   948856    0.08%
  10056  7123      722.9349   172      722.4476      723.0042   949096    0.08%

Performing restart 2

Repeating presolve.
Tried aggregator 1 time.
MIP Presolve eliminated 149 rows and 255 columns.
MIP Presolve modified 21 coefficients.
Reduced MIP has 2064 rows, 2662 columns, and 21476 nonzeros.
Reduced MIP has 555 binaries, 507 generals, 0 SOSs, and 0 indicators.
Presolve time = 0.01 sec. (7.44 ticks)
Tried aggregator 1 time.
Reduced MIP has 2064 rows, 2662 columns, and 21476 nonzeros.
Reduced MIP has 555 binaries, 507 generals, 0 SOSs, and 0 indicators.
Presolve time = 0.01 sec. (4.81 ticks)
Represolve time = 0.07 sec. (42.10 ticks)
  10057     0      723.2575   230      722.4476      Cuts: 47   953742    0.08%
  10057     0      723.2491   202      722.4476      Cuts: 15   953827    0.08%
  10057     0      723.2457   191      722.4476      Cuts: 13   953884    0.08%
  10057     0      723.2435   198      722.4476    MIRcuts: 7   953927    0.08%
  10057     0      723.2407   195      722.4476    MIRcuts: 9   953961    0.08%
  10057     0      723.2405   188      722.4476       Cuts: 3   953978    0.08%
  10057     0      723.2395   189      722.4476    MIRcuts: 6   954010    0.08%
  10057     0      723.2390   181      722.4476       Cuts: 6   954038    0.08%
  10057     0      723.2388   196      722.4476    MIRcuts: 3   954049    0.08%
  10057     0      723.2380   194      722.4476    MIRcuts: 1   954065    0.08%
  10057     0      723.2341   199      722.4476      Cuts: 15   954108    0.08%

Repeating presolve.
Tried aggregator 1 time.
MIP Presolve eliminated 249 rows and 158 columns.
MIP Presolve modified 74 coefficients.
Reduced MIP has 1815 rows, 2504 columns, and 19078 nonzeros.
Reduced MIP has 504 binaries, 400 generals, 0 SOSs, and 0 indicators.
Presolve time = 0.01 sec. (6.40 ticks)
Tried aggregator 1 time.
Reduced MIP has 1815 rows, 2504 columns, and 19078 nonzeros.
Reduced MIP has 504 binaries, 400 generals, 0 SOSs, and 0 indicators.
Presolve time = 0.01 sec. (4.35 ticks)
Represolve time = 0.05 sec. (36.58 ticks)
  10057     0      723.2240   215      722.4476      Cuts: 18   962020    0.08%
  10057     0      723.2230   212      722.4476    MIRcuts: 5   962054    0.08%
  10057     0      723.2229   204      722.4476    MIRcuts: 2   962061    0.08%
  10057     0      723.2229   215      722.4476    MIRcuts: 1   962068    0.08%
  10057     2      723.2226   206      722.4476      723.0042   962068    0.08%
Elapsed time = 485.13 sec. (406694.55 ticks, tree = 0.01 MB, solutions = 7)
  10064     9      723.0984   172      722.4476      723.0042   963285    0.08%
  10077    22      723.0143   160      722.4476      723.0042   965137    0.08%
  10167    92      722.6043   126      722.4476      723.0042   975217    0.08%
  10357   259      722.5576    97      722.4476      723.0042   985468    0.08%
  10578   449      722.9689   130      722.4476      723.0042   998673    0.08%
  10809   641      722.9485   144      722.4476      723.0042  1011987    0.08%
  11023   822      723.0385   167      722.4476      723.0042  1026145    0.08%
  11252  1018      722.6754    92      722.4476      723.0042  1040331    0.08%
  11510  1229      723.0343   169      722.4476      723.0042  1055294    0.08%
  11762  1443      723.0903   191      722.4476      723.0042  1070639    0.08%
Elapsed time = 525.93 sec. (445232.43 ticks, tree = 16.45 MB, solutions = 7)
  12012  1659      722.8683   144      722.4476      723.0042  1086562    0.08%
  12281  1894      722.5989    88      722.4476      723.0042  1101771    0.08%
  12538  2120      722.7744   139      722.4476      723.0042  1117908    0.08%
  12810  2353      722.7137   151      722.4476      723.0042  1133719    0.08%
  13025  2532      722.7352   142      722.4476      723.0042  1148549    0.08%
  13246  2712      723.0266   168      722.4476      723.0042  1165439    0.08%
  13486  2923      722.5544    92      722.4476      723.0042  1180219    0.08%
  13740  3143      722.7401   109      722.4476      723.0042  1195641    0.08%
  14012  3364      722.9845   169      722.4476      723.0042  1211281    0.08%
  14242  3564      722.5308    28      722.4476      723.0042  1225840    0.08%
Elapsed time = 571.14 sec. (483524.70 ticks, tree = 38.66 MB, solutions = 7)
  14488  3772      722.5044    65      722.4476      723.0042  1239600    0.08%
  14694  3953      722.8140   123      722.4476      723.0042  1255363    0.08%
  14917  4145      722.8393   129      722.4476      723.0042  1270923    0.08%
  15152  4344      722.6341    80      722.4476      723.0042  1286160    0.08%
  15377  4530      722.9052   147      722.4476      723.0042  1300852    0.08%
  15625  4745      722.6487   115      722.4476      723.0042  1315634    0.08%
  15819  4907      722.5542    90      722.4476      723.0042  1331094    0.08%
  16057  5118      722.6266    84      722.4476      723.0042  1346446    0.08%
  16354  5352      723.0613   171      722.4476      723.0042  1361384    0.08%
  16610  5571      722.6948    93      722.4476      723.0042  1376513    0.08%
Elapsed time = 615.85 sec. (521747.64 ticks, tree = 64.70 MB, solutions = 7)
  16862  5777      723.0232   191      722.4476      723.0042  1391780    0.08%
  17089  5976      722.7465   108      722.4476      723.0042  1406907    0.08%
  17316  6161      722.5834   111      722.4476      723.0042  1422160    0.08%
  17537  6339      722.8459   132      722.4476      723.0042  1437655    0.08%
  17757  6524      722.5033   105      722.4476      723.0042  1452733    0.08%
  17999  6711      722.9552   140      722.4476      723.0042  1468084    0.08%
  18259  6937      722.8807   152      722.4476      723.0042  1482283    0.08%
  18503  7141      722.9627   168      722.4476      723.0042  1496895    0.08%
  18762  7352      722.9598   156      722.4476      723.0042  1511889    0.08%
  18976  7543      722.6630   123      722.4476      723.0042  1527004    0.08%
Elapsed time = 660.45 sec. (560092.62 ticks, tree = 92.05 MB, solutions = 7)
  19180  7710      722.9632   134      722.4476      723.0042  1542088    0.08%
  19407  7892      722.8505   135      722.4476      723.0042  1557038    0.08%
  19593  8048      722.5217   107      722.4476      723.0042  1571623    0.08%
  19796  8203      722.8640   156      722.4476      723.0042  1585613    0.08%
  19993  8366      722.7193   149      722.4476      723.0042  1599983    0.08%
  20221  8565      722.6228   122      722.4476      723.0042  1614885    0.08%
  20450  8761      723.0085   174      722.4476      723.0042  1630068    0.08%
  20646  8926      722.5428    76      722.4476      723.0042  1644302    0.08%
  20868  9105      722.9403   142      722.4476      723.0042  1658475    0.08%
  21087  9278      722.8606   160      722.4476      723.0042  1672996    0.08%
Elapsed time = 702.95 sec. (598357.14 ticks, tree = 116.32 MB, solutions = 7)
  21246  9413      722.8411   151      722.4476      723.0042  1688006    0.08%
  21447  9582      722.8188   138      722.4476      723.0042  1702526    0.08%
  21667  9758      722.9168   140      722.4476      723.0042  1716996    0.08%
  21887  9938      723.0006   177      722.4476      723.0042  1732283    0.08%
  22080 10097      722.4737   141      722.4476      723.0042  1745916    0.08%
  22304 10286      722.5377   114      722.4476      723.0042  1760578    0.08%
  22488 10439      722.5414   132      722.4476      723.0042  1775332    0.08%
  22646 10557      722.8570   135      722.4476      723.0042  1789429    0.08%
  22827 10702      722.8401   141      722.4476      723.0042  1804896    0.08%
  23016 10851      722.4818    96      722.4476      723.0042  1819219    0.08%
Elapsed time = 744.06 sec. (636665.44 ticks, tree = 134.40 MB, solutions = 7)
  23201 10981      722.9664   151      722.4476      723.0042  1833457    0.08%
  23381 11133      722.4511    99      722.4476      723.0042  1847509    0.08%
  23613 11320      722.6604   179      722.4476      723.0042  1861719    0.08%
  23779 11449      722.9091   149      722.4476      723.0042  1876214    0.08%
  24007 11643      722.7309   133      722.4476      723.0042  1890819    0.08%
  24235 11829      722.8929   117      722.4476      723.0042  1905185    0.08%
  24452 11999      722.9782   163      722.4476      723.0042  1919503    0.08%
  24671 12180      722.7796   164      722.4476      723.0042  1933839    0.08%
  24828 12302      722.6386   125      722.4476      723.0042  1947286    0.08%
  25038 12479      722.6576   134      722.4476      723.0042  1961450    0.08%
Elapsed time = 785.52 sec. (675047.60 ticks, tree = 161.67 MB, solutions = 7)
  25206 12610      722.6741   128      722.4476      723.0042  1975732    0.08%
  25400 12767      722.8113   125      722.4476      723.0042  1990394    0.08%
  25634 12946      722.8971   149      722.4476      723.0042  2005058    0.08%
  25824 13103      722.9776   176      722.4476      723.0042  2019588    0.08%
  26009 13252      722.6599   130      722.4476      723.0042  2034178    0.08%
  26214 13411      722.9877   157      722.4476      723.0042  2048955    0.08%
  26426 13593      722.9509   187      722.4476      723.0042  2063725    0.08%
  26585 13720      722.7000   146      722.4476      723.0042  2078044    0.08%
  26781 13882      722.6615   140      722.4476      723.0042  2092623    0.08%
  26979 14046      722.6358   113      722.4476      723.0042  2106710    0.08%
Elapsed time = 826.51 sec. (713353.27 ticks, tree = 182.01 MB, solutions = 7)
  27193 14202      722.7166   163      722.4476      723.0042  2121780    0.08%
  27372 14337      722.6939   161      722.4476      723.0042  2135705    0.08%
  27568 14492      722.6546   107      722.4476      723.0042  2149886    0.08%
  27739 14621      722.8623   147      722.4476      723.0042  2163962    0.08%
  27913 14752      722.9131   155      722.4476      723.0042  2178053    0.08%
  28146 14945      722.5912   141      722.4476      723.0042  2192772    0.08%
  28347 15087      722.9075   183      722.4476      723.0042  2206611    0.08%
  28503 15215      722.8624   142      722.4476      723.0042  2220296    0.08%
  28731 15404      722.5524   104      722.4476      723.0042  2235170    0.08%
  28923 15545      722.7365   122      722.4476      723.0042  2248692    0.08%
Elapsed time = 867.12 sec. (751753.64 ticks, tree = 203.42 MB, solutions = 7)
  29174 15752      722.5442   102      722.4476      723.0042  2263080    0.08%
  29356 15900      722.6690   141      722.4476      723.0042  2278093    0.08%
  29592 16092      722.5182   133      722.4476      723.0042  2292661    0.08%
  29802 16249      722.6454   151      722.4476      723.0042  2306773    0.08%
  29998 16403      722.5725   101      722.4476      723.0042  2320537    0.08%
  30191 16540      722.5612    81      722.4476      723.0042  2334685    0.08%
  30399 16704      722.9136   143      722.4476      723.0042  2349145    0.08%
  30594 16854      722.6618   131      722.4476      723.0042  2362723    0.08%
  30746 16972      722.5759   113      722.4476      723.0042  2376448    0.08%
  30911 17098      722.8798   134      722.4476      723.0042  2390186    0.08%
Elapsed time = 908.12 sec. (790073.99 ticks, tree = 227.83 MB, solutions = 7)
  31131 17266      722.8742   178      722.4476      723.0042  2404291    0.08%
  31332 17430        cutoff            722.4476      723.0042  2417997    0.08%
  31558 17607      722.4507    97      722.4476      723.0042  2432482    0.08%
  31724 17736      722.5252   152      722.4476      723.0042  2446427    0.08%
  31915 17883      722.7374   164      722.4476      723.0042  2460594    0.08%
  32123 18044      722.5416    87      722.4476      723.0042  2475204    0.08%
  32340 18212      722.6595   109      722.4476      723.0042  2489645    0.08%
  32507 18341      722.8057   149      722.4476      723.0042  2503509    0.08%
  32680 18464      722.7817   135      722.4476      723.0042  2517468    0.08%
  32881 18629      722.4802   112      722.4476      723.0042  2531541    0.08%
Elapsed time = 949.04 sec. (828379.00 ticks, tree = 248.22 MB, solutions = 7)
  33065 18774      722.5046    93      722.4476      723.0039  2545743    0.08%
  33301 18965      722.8558   171      722.4476      723.0033  2560290    0.08%
  33511 19129      722.8700   139      722.4476      723.0025  2574428    0.08%
  33726 19306      722.9589   164      722.4476      723.0021  2589306    0.08%
  33966 19506      722.5765    81      722.4476      723.0017  2603702    0.08%
  34179 19679      722.6500   142      722.4476      723.0011  2618047    0.08%
  34373 19840      722.5476   133      722.4476      723.0008  2632702    0.08%
  34589 20002        cutoff            722.4476      723.0006  2646054    0.08%
  34765 20147      722.6033   145      722.4476      723.0000  2660030    0.08%
  34986 20324      722.7073    96      722.4476      722.9996  2673961    0.08%
Elapsed time = 990.90 sec. (866691.58 ticks, tree = 274.67 MB, solutions = 7)
  35221 20508      722.5534    98      722.4476      722.9995  2688265    0.08%
  35445 20686      722.5429   125      722.4476      722.9992  2702118    0.08%
  35616 20828      722.5957   130      722.4476      722.9988  2716513    0.08%
  35821 20980      722.9495   147      722.4476      722.9985  2730494    0.08%
  36032 21164      722.6611   140      722.4476      722.9981  2744941    0.08%
  36227 21320      722.8593   149      722.4476      722.9977  2758468    0.08%
  36413 21459      722.6050    98      722.4476      722.9975  2772364    0.08%
  36614 21619      722.6058   123      722.4476      722.9969  2786549    0.08%
  36786 21747      722.5756    84      722.4476      722.9967  2800454    0.08%
  37015 21931      722.8112   148      722.4476      722.9963  2814840    0.08%
Elapsed time = 1032.30 sec. (904944.96 ticks, tree = 294.67 MB, solutions = 7)
  37241 22119      722.8441   157      722.4476      722.9961  2829104    0.08%
  37442 22282      722.5689    68      722.4476      722.9957  2843314    0.08%
  37657 22442      722.4642   125      722.4476      722.9950  2857053    0.08%
  37854 22589      722.7642   163      722.4476      722.9943  2871855    0.08%
  38091 22775      722.9107   166      722.4476      722.9939  2885711    0.08%
  38286 22925      722.7302   157      722.4476      722.9935  2900508    0.08%
  38475 23065      722.6726   130      722.4476      722.9933  2914640    0.08%
  38743 23277      722.9375   155      722.4476      722.9929  2929177    0.08%
  38937 23433      722.5792   129      722.4476      722.9925  2942797    0.08%
  39128 23582      722.4632   120      722.4476      722.9922  2956951    0.08%
Elapsed time = 1074.08 sec. (943390.74 ticks, tree = 317.43 MB, solutions = 7)
  39378 23779      722.4586    59      722.4476      722.9919  2970881    0.08%
  39567 23922      722.8236   128      722.4476      722.9917  2984576    0.08%
  39762 24081      722.7265   140      722.4476      722.9915  2999260    0.08%
  39918 24193      722.4984   115      722.4476      722.9911  3013366    0.08%
  40102 24326      722.9454   147      722.4476      722.9908  3027583    0.08%
  40274 24468      722.6876   133      722.4476      722.9905  3042109    0.08%
  40507 24640      722.6242   133      722.4476      722.9902  3056000    0.08%
  40686 24776      722.9199   140      722.4476      722.9899  3069564    0.08%
  40857 24900      722.8173   128      722.4476      722.9897  3083191    0.08%
  41041 25043      722.4554   110      722.4476      722.9894  3097336    0.07%
Elapsed time = 1114.64 sec. (981705.33 ticks, tree = 337.45 MB, solutions = 7)
  41216 25173      722.4909   141      722.4476      722.9892  3111562    0.07%
  41400 25326      722.5281   109      722.4476      722.9886  3126060    0.07%
  41627 25518        cutoff            722.4476      722.9878  3140513    0.07%
  41874 25710      722.9096   146      722.4476      722.9874  3155316    0.07%
  42132 25925      722.5561   123      722.4476      722.9872  3170048    0.07%
  42320 26060      722.4940   115      722.4476      722.9871  3184067    0.07%
  42482 26182      722.6287   145      722.4476      722.9867  3197453    0.07%
  42671 26332      722.7229   114      722.4476      722.9866  3211520    0.07%
  42852 26470      722.4757   124      722.4476      722.9864  3225903    0.07%
  43060 26631      722.5964   158      722.4476      722.9861  3239824    0.07%
Elapsed time = 1155.91 sec. (1019959.80 ticks, tree = 360.92 MB, solutions = 7)
  43250 26783      722.9075   178      722.4476      722.9859  3253974    0.07%
  43467 26955      722.7551   131      722.4476      722.9856  3268052    0.07%
  43650 27094      722.5557   167      722.4476      722.9854  3282636    0.07%
  43832 27226      722.7590   158      722.4476      722.9851  3296387    0.07%
  44051 27401        cutoff            722.4476      722.9849  3310414    0.07%
  44257 27574      722.8295   159      722.4476      722.9845  3324851    0.07%
  44449 27716      722.9146   159      722.4476      722.9842  3338409    0.07%
  44645 27872      722.9253   144      722.4476      722.9837  3352510    0.07%
  44895 28071      722.6151   135      722.4476      722.9833  3366892    0.07%
  45081 28216      722.5827   126      722.4476      722.9828  3380938    0.07%
Elapsed time = 1196.92 sec. (1058247.57 ticks, tree = 380.78 MB, solutions = 7)
  45310 28387      722.8113   151      722.4476      722.9824  3395299    0.07%
  45512 28547      722.8038   121      722.4476      722.9820  3409545    0.07%
  45737 28725      722.8399   158      722.4476      722.9814  3423651    0.07%
  45973 28914      722.5887   110      722.4476      722.9812  3438152    0.07%
  46229 29121      722.8424   150      722.4476      722.9806  3452265    0.07%
  46457 29316      722.7436   115      722.4476      722.9804  3465906    0.07%
  46662 29465      722.6754   155      722.4476      722.9801  3480088    0.07%
  46807 29567      722.6617   127      722.4476      722.9798  3493819    0.07%
  46992 29695      722.5970   120      722.4476      722.9795  3507486    0.07%
  47190 29852      722.5567   120      722.4476      722.9793  3521369    0.07%
Elapsed time = 1238.54 sec. (1096614.67 ticks, tree = 400.82 MB, solutions = 7)
  47371 29977      722.9225   149      722.4476      722.9787  3534655    0.07%
  47576 30130      722.7394   146      722.4476      722.9784  3549165    0.07%
  47709 30233      722.5116   132      722.4476      722.9782  3562052    0.07%
  47878 30350      722.9237   174      722.4476      722.9778  3575988    0.07%
  48092 30525      722.6970   136      722.4476      722.9775  3590290    0.07%
  48271 30663      722.8302   152      722.4476      722.9773  3604371    0.07%
  48454 30808      722.5832    80      722.4476      722.9771  3618570    0.07%
  48636 30955      722.6318    98      722.4476      722.9768  3632006    0.07%
  48841 31112      722.6446   156      722.4476      722.9766  3646484    0.07%
  49051 31271      722.6278   117      722.4476      722.9765  3659867    0.07%
Elapsed time = 1278.59 sec. (1134916.31 ticks, tree = 422.76 MB, solutions = 7)
  49252 31418      722.8318   152      722.4476      722.9763  3674205    0.07%
  49450 31572      722.5900    98      722.4476      722.9759  3688202    0.07%
  49679 31751      722.7609   125      722.4476      722.9757  3702275    0.07%
  49879 31904      722.4896    94      722.4476      722.9753  3717027    0.07%
  50091 32057      722.8312   147      722.4476      722.9750  3731082    0.07%
  50291 32208      722.6877   124      722.4476      722.9746  3745116    0.07%
  50488 32365      722.5526    87      722.4476      722.9742  3758855    0.07%
  50672 32493      722.9324   162      722.4476      722.9740  3773089    0.07%
  50866 32650      722.7627   118      722.4476      722.9739  3787066    0.07%
  51041 32795      722.7523   131      722.4476      722.9736  3801704    0.07%
Elapsed time = 1319.62 sec. (1173217.79 ticks, tree = 444.38 MB, solutions = 7)
  51243 32955      722.4915   101      722.4476      722.9733  3815606    0.07%
  51418 33098      722.8823   134      722.4476      722.9731  3829355    0.07%
  51654 33271      722.5372   148      722.4476      722.9729  3843796    0.07%
  51819 33386      722.7192   157      722.4476      722.9726  3857146    0.07%
  52047 33570      722.8942   144      722.4476      722.9724  3871238    0.07%
  52245 33719      722.5667   135      722.4476      722.9721  3884477    0.07%
  52432 33862      722.6139    87      722.4476      722.9719  3898590    0.07%
  52625 34008      722.5615   113      722.4476      722.9717  3913092    0.07%
  52818 34148      722.5918   134      722.4476      722.9714  3927190    0.07%
  52982 34263      722.7539   115      722.4476      722.9712  3941139    0.07%
Elapsed time = 1360.22 sec. (1211639.80 ticks, tree = 464.73 MB, solutions = 7)
  53198 34430      722.9107   157      722.4476      722.9709  3955415    0.07%
  53426 34605      722.7518   132      722.4476      722.9705  3969743    0.07%
  53588 34731      722.5134   111      722.4476      722.9703  3984106    0.07%
  53757 34855      722.7245   150      722.4476      722.9700  3997729    0.07%
  53937 34998      722.6635    88      722.4476      722.9697  4012077    0.07%
  54117 35131      722.5956   112      722.4476      722.9695  4026210    0.07%
  54285 35258      722.7912   133      722.4476      722.9692  4040090    0.07%
  54477 35401      722.8307   142      722.4476      722.9688  4053844    0.07%
  54655 35532      722.8267   164      722.4476      722.9686  4067908    0.07%
  54849 35671      722.7854   159      722.4476      722.9685  4082163    0.07%
Elapsed time = 1400.33 sec. (1250044.79 ticks, tree = 482.99 MB, solutions = 7)
  55037 35813      722.6739   153      722.4476      722.9682  4095607    0.07%
  55237 35974      722.5261   115      722.4476      722.9678  4109805    0.07%
  55427 36126      722.7873   147      722.4476      722.9675  4123533    0.07%
  55617 36270      722.6046   104      722.4476      722.9673  4137772    0.07%
  55804 36409      722.8589   148      722.4476      722.9671  4151725    0.07%
  56037 36596      722.6483   146      722.4476      722.9669  4165772    0.07%
  56217 36734      722.6805   122      722.4476      722.9666  4179214    0.07%
  56373 36841      722.8032   149      722.4476      722.9664  4192763    0.07%
  56551 36971      722.6624   132      722.4476      722.9662  4205860    0.07%
  56773 37147      722.5083    96      722.4476      722.9660  4220166    0.07%
Elapsed time = 1440.94 sec. (1288336.52 ticks, tree = 507.31 MB, solutions = 7)
  56965 37292      722.5724   101      722.4476      722.9659  4234290    0.07%
  57194 37472      722.7390   124      722.4476      722.9658  4248122    0.07%
  57380 37605      722.5172   147      722.4476      722.9654  4261740    0.07%
  57585 37757      722.7931   135      722.4476      722.9649  4276040    0.07%
  57769 37891        cutoff            722.4476      722.9648  4290348    0.07%
  57983 38059      722.4808    71      722.4476      722.9646  4304419    0.07%
  58134 38166      722.5264   103      722.4476      722.9642  4317541    0.07%
  58342 38317      722.7970   170      722.4476      722.9640  4331741    0.07%
  58517 38457      722.7104   140      722.4476      722.9637  4345174    0.07%
  58685 38580      722.7298   162      722.4476      722.9635  4359076    0.07%
Elapsed time = 1481.57 sec. (1326748.86 ticks, tree = 531.62 MB, solutions = 7)
  58851 38702      722.6925   111      722.4476      722.9634  4372825    0.07%
  59027 38829      722.5098   106      722.4476      722.9630  4386446    0.07%
  59214 38978      722.5157   157      722.4476      722.9628  4400814    0.07%
  59381 39102        cutoff            722.4476      722.9626  4414337    0.07%
  59564 39248      722.6532   113      722.4476      722.9622  4428600    0.07%
  59715 39356      722.6921   165      722.4476      722.9621  4442150    0.07%
  59904 39499      722.5334   114      722.4476      722.9620  4455436    0.07%
  60090 39625      722.5962   125      722.4476      722.9619  4468987    0.07%
  60240 39731      722.5685   120      722.4476      722.9617  4482827    0.07%
  60386 39833      722.8578   137      722.4476      722.9613  4496313    0.07%
Elapsed time = 1520.67 sec. (1365067.75 ticks, tree = 548.30 MB, solutions = 7)
  60581 39965        cutoff            722.4476      722.9611  4509983    0.07%
  60775 40109      722.4560    65      722.4476      722.9609  4523713    0.07%
  60944 40238      722.6428   139      722.4476      722.9607  4537681    0.07%
  61127 40371      722.8340   139      722.4476      722.9606  4551784    0.07%
  61314 40517      722.9097   158      722.4476      722.9603  4566023    0.07%
  61487 40645      722.4857   131      722.4476      722.9601  4580033    0.07%
  61648 40760      722.7948   128      722.4476      722.9599  4594317    0.07%
  61861 40923      722.8578   167      722.4476      722.9597  4608345    0.07%
  62065 41069      722.6437   137      722.4476      722.9594  4622330    0.07%
  62229 41177      722.6757   138      722.4476      722.9593  4636042    0.07%
Elapsed time = 1560.56 sec. (1403367.74 ticks, tree = 569.66 MB, solutions = 7)
  62404 41303      722.7485   146      722.4476      722.9591  4649985    0.07%
  62625 41468      722.5762   166      722.4476      722.9589  4664180    0.07%
  62797 41604      722.6556   126      722.4476      722.9587  4678301    0.07%
  63002 41760      722.8728   141      722.4476      722.9585  4692709    0.07%
  63210 41929      722.7769   163      722.4476      722.9583  4706668    0.07%
  63389 42073      722.4670    65      722.4476      722.9582  4720687    0.07%
  63576 42202      722.7043   155      722.4476      722.9579  4735069    0.07%
  63752 42327      722.7155   127      722.4476      722.9578  4748367    0.07%
  63932 42465      722.7119   130      722.4476      722.9575  4761958    0.07%
  64109 42597      722.5676   121      722.4476      722.9572  4775408    0.07%
Elapsed time = 1601.00 sec. (1441839.33 ticks, tree = 587.01 MB, solutions = 7)
  64301 42736      722.8681   155      722.4476      722.9570  4789500    0.07%
  64497 42892      722.5850    76      722.4476      722.9567  4803121    0.07%
  64700 43029      722.7779   140      722.4476      722.9564  4817346    0.07%
  64870 43161      722.4580   134      722.4476      722.9561  4830888    0.07%
  65042 43295      722.5277    97      722.4476      722.9558  4845281    0.07%
  65246 43440      722.4838   106      722.4476      722.9555  4858836    0.07%
  65434 43588      722.4988   103      722.4476      722.9554  4872641    0.07%
  65641 43739      722.8071   157      722.4476      722.9551  4886269    0.07%
  65840 43885        cutoff            722.4476      722.9550  4899959    0.07%
  65998 43998      722.7281   134      722.4476      722.9547  4913705    0.07%
Elapsed time = 1641.41 sec. (1480192.83 ticks, tree = 609.55 MB, solutions = 7)
  66197 44151      722.8822   158      722.4476      722.9544  4927990    0.07%
  66369 44282      722.8487   136      722.4476      722.9543  4941864    0.07%
  66541 44398        cutoff            722.4476      722.9542  4954906    0.07%
  66743 44540      722.7180   155      722.4476      722.9540  4968972    0.07%
  66907 44662      722.7792   132      722.4476      722.9538  4983072    0.07%
  67093 44806      722.4857    99      722.4476      722.9537  4997022    0.07%
  67251 44918      722.7061   114      722.4476      722.9536  5010377    0.07%
  67424 45034      722.7011   142      722.4476      722.9534  5023788    0.07%
  67594 45162      722.8224   150      722.4476      722.9532  5038039    0.07%
  67767 45286        cutoff            722.4476      722.9531  5051130    0.07%
Elapsed time = 1681.23 sec. (1518588.06 ticks, tree = 627.81 MB, solutions = 7)
  67933 45404      722.4768   104      722.4476      722.9529  5064895    0.07%
  68110 45529      722.5039   114      722.4476      722.9526  5078929    0.07%
  68331 45695      722.5026    87      722.4476      722.9522  5093064    0.07%
  68520 45833      722.6294   170      722.4476      722.9521  5107351    0.07%
  68681 45954      722.4684   127      722.4476      722.9519  5121280    0.07%
  68812 46045      722.5219   133      722.4476      722.9517  5134367    0.07%
  69017 46190      722.4770    77      722.4476      722.9515  5148231    0.07%
  69213 46342      722.4803   101      722.4476      722.9513  5162185    0.07%
  69394 46471      722.5527   111      722.4476      722.9512  5176176    0.07%
  69583 46615      722.6010   146      722.4476      722.9510  5190597    0.07%
Elapsed time = 1720.76 sec. (1556942.69 ticks, tree = 646.65 MB, solutions = 7)
  69789 46769      722.7869   166      722.4476      722.9508  5204172    0.07%
  69937 46874      722.8698   145      722.4476      722.9506  5217807    0.07%
  70113 47000      722.6451   159      722.4476      722.9504  5231555    0.07%
  70266 47113      722.5809   132      722.4476      722.9502  5245233    0.07%
  70407 47208      722.7637   153      722.4476      722.9500  5258824    0.07%
  70634 47382      722.7767   159      722.4476      722.9499  5273230    0.07%
  70787 47492      722.7738   118      722.4476      722.9497  5286564    0.07%
  70993 47640      722.6283   133      722.4476      722.9496  5299283    0.07%
  71205 47799      722.4862    85      722.4476      722.9493  5312819    0.07%
  71394 47928      722.6098   121      722.4476      722.9489  5326479    0.07%
Elapsed time = 1760.41 sec. (1595259.93 ticks, tree = 669.45 MB, solutions = 7)
  71560 48035      722.5165   109      722.4476      722.9487  5340406    0.07%
  71775 48187      722.8800   158      722.4476      722.9484  5354464    0.07%
  71975 48354      722.4795   111      722.4476      722.9481  5368096    0.07%
  72163 48494      722.5980   140      722.4476      722.9479  5382504    0.07%
  72339 48631      722.8476   156      722.4476      722.9478  5396928    0.07%
  72558 48796      722.8984   157      722.4476      722.9477  5411258    0.07%
  72737 48928      722.8195   124      722.4476      722.9474  5425041    0.07%
  72960 49109      722.7000   137      722.4476      722.9473  5439084    0.07%
  73170 49267      722.6792   145      722.4476      722.9471  5453071    0.07%
  73337 49391      722.7735   134      722.4476      722.9469  5466950    0.07%
Elapsed time = 1800.71 sec. (1633564.32 ticks, tree = 691.02 MB, solutions = 7)
  73537 49531      722.8569   140      722.4476      722.9468  5481143    0.07%
  73687 49639      722.8956   168      722.4476      722.9466  5494834    0.07%
  73914 49807      722.6304   146      722.4476      722.9463  5508676    0.07%
  74092 49929      722.8005   127      722.4476      722.9461  5522520    0.07%
  74253 50059      722.6200   105      722.4476      722.9458  5536193    0.07%
  74452 50206      722.5733   104      722.4476      722.9455  5550286    0.07%
  74627 50334      722.7343   128      722.4476      722.9451  5563564    0.07%
  74786 50439      722.6907   142      722.4476      722.9449  5578098    0.07%
  74991 50594      722.4874    81      722.4476      722.9446  5591600    0.07%
  75205 50749      722.5473    85      722.4476      722.9443  5604970    0.07%
Elapsed time = 1840.15 sec. (1671843.01 ticks, tree = 709.37 MB, solutions = 7)
  75460 50943      722.4679    57      722.4476      722.9442  5619051    0.07%
  75679 51109      722.4547   106      722.4476      722.9440  5633649    0.07%
  75851 51233      722.7731   142      722.4476      722.9439  5647649    0.07%
  76017 51355      722.7488   143      722.4476      722.9437  5661293    0.07%
  76198 51486      722.6784   129      722.4476      722.9435  5674951    0.07%
  76395 51630      722.4850    85      722.4476      722.9434  5688566    0.07%
  76599 51771      722.6830   145      722.4476      722.9432  5702992    0.07%
  76772 51906      722.5479    93      722.4476      722.9430  5716940    0.07%
  76943 52026      722.5095    74      722.4476      722.9429  5730870    0.07%
  77134 52152      722.6237   145      722.4476      722.9427  5744709    0.07%
Elapsed time = 1880.29 sec. (1710162.09 ticks, tree = 730.44 MB, solutions = 7)
  77314 52290      722.8082   141      722.4476      722.9426  5758644    0.07%
  77557 52472      722.4929    79      722.4476      722.9425  5772744    0.07%
  77758 52624      722.6140   158      722.4476      722.9424  5786791    0.07%
  77911 52735      722.4639   122      722.4476      722.9423  5801368    0.07%
  78085 52862      722.5057   125      722.4476      722.9421  5814317    0.07%
  78250 52973      722.5147   137      722.4476      722.9419  5828108    0.07%
  78443 53116      722.6404   105      722.4476      722.9418  5841770    0.07%
  78608 53234      722.6390   150      722.4476      722.9417  5855308    0.07%
  78797 53363      722.8694   138      722.4476      722.9415  5869048    0.07%
  78967 53487      722.5788   134      722.4476      722.9413  5883075    0.07%
Elapsed time = 1919.53 sec. (1748517.47 ticks, tree = 748.20 MB, solutions = 7)
  79143 53606      722.8269   152      722.4476      722.9412  5897094    0.07%
  79303 53729      722.4682   106      722.4476      722.9410  5910742    0.07%
  79514 53884      722.6289   132      722.4476      722.9408  5924474    0.07%
  79704 54025      722.5116    85      722.4476      722.9405  5937609    0.07%
  79900 54162      722.7823   150      722.4476      722.9402  5951740    0.07%
  80066 54284      722.8346   145      722.4476      722.9400  5965599    0.07%
  80236 54409      722.4778   116      722.4476      722.9399  5979447    0.07%
  80434 54558      722.8783   130      722.4476      722.9397  5993355    0.07%
  80618 54689      722.7190   142      722.4476      722.9396  6006766    0.07%
  80787 54810      722.4501    98      722.4476      722.9394  6020300    0.07%
Elapsed time = 1958.88 sec. (1786747.08 ticks, tree = 763.43 MB, solutions = 7)
  80974 54941      722.7954   116      722.4476      722.9391  6034024    0.07%
  81148 55068      722.8683   148      722.4476      722.9389  6048235    0.07%
  81334 55213      722.5991   100      722.4476      722.9387  6061597    0.07%
  81472 55303      722.8250   135      722.4476      722.9384  6075598    0.07%
  81650 55436      722.8807   150      722.4476      722.9383  6089849    0.07%
  81786 55541      722.7856   140      722.4476      722.9381  6102401    0.07%
  81994 55691      722.8330   130      722.4476      722.9380  6116475    0.07%
  82226 55862      722.6535   135      722.4476      722.9378  6130424    0.07%
  82426 56010      722.5815   141      722.4476      722.9376  6144147    0.07%
  82619 56153      722.5725   130      722.4476      722.9375  6158070    0.07%
Elapsed time = 1998.54 sec. (1825108.85 ticks, tree = 783.94 MB, solutions = 7)
  82807 56273      722.6852   159      722.4476      722.9374  6172145    0.07%
  83007 56420      722.6179   158      722.4476      722.9371  6186084    0.07%
  83179 56538      722.6373   124      722.4476      722.9370  6200025    0.07%
  83349 56655      722.8546   145      722.4476      722.9369  6214178    0.07%
  83550 56813      722.7316   150      722.4476      722.9368  6228267    0.07%
  83754 56966      722.8274   120      722.4476      722.9366  6242261    0.07%
  83938 57092      722.5182   130      722.4476      722.9364  6255492    0.07%
  84133 57231      722.5435   144      722.4476      722.9362  6269881    0.07%
  84306 57347      722.6365   159      722.4476      722.9360  6283798    0.07%
  84467 57465      722.4634   128      722.4476      722.9359  6296650    0.07%
Elapsed time = 2038.10 sec. (1863437.61 ticks, tree = 804.00 MB, solutions = 7)
  84665 57604      722.7144   167      722.4476      722.9357  6310094    0.07%
  84841 57734      722.6671   132      722.4476      722.9356  6323787    0.07%
  85009 57841      722.7566   141      722.4476      722.9355  6337300    0.07%
  85212 57977      722.4892    74      722.4476      722.9353  6351331    0.07%
  85377 58096        cutoff            722.4476      722.9352  6365048    0.07%
  85537 58213      722.6995   135      722.4476      722.9349  6378561    0.07%
  85724 58352      722.6953   165      722.4476      722.9348  6392228    0.07%
  85900 58464      722.9244   160      722.4476      722.9347  6405831    0.07%
  86081 58596      722.5845   118      722.4476      722.9345  6419182    0.07%
  86263 58732      722.8462   163      722.4476      722.9343  6433452    0.07%
Elapsed time = 2077.50 sec. (1901705.79 ticks, tree = 821.19 MB, solutions = 7)
  86457 58882      722.6521   148      722.4476      722.9342  6446560    0.07%
  86640 59020      722.6703   148      722.4476      722.9341  6461364    0.07%
  86821 59163      722.5465    78      722.4476      722.9340  6475237    0.07%
  87014 59298      722.8119   138      722.4476      722.9337  6488806    0.07%
  87214 59453      722.4644   126      722.4476      722.9335  6503075    0.07%
  87389 59579      722.6247   162      722.4476      722.9334  6516944    0.07%
  87551 59690      722.8569   121      722.4476      722.9331  6530667    0.07%
  87716 59818      722.5304   101      722.4476      722.9329  6544921    0.07%
  87911 59952      722.5982   133      722.4476      722.9327  6558817    0.07%
  88088 60073      722.7756   144      722.4476      722.9325  6572493    0.07%
Elapsed time = 2116.84 sec. (1940165.97 ticks, tree = 833.87 MB, solutions = 7)
  88288 60225      722.7381   156      722.4476      722.9323  6585699    0.07%
  88470 60354      722.6519   118      722.4476      722.9322  6599256    0.07%
  88662 60495      722.7091   144      722.4476      722.9321  6613612    0.07%
  88838 60623      722.4687    84      722.4476      722.9320  6627890    0.07%
  89022 60755      722.8399   129      722.4476      722.9318  6641775    0.07%
  89217 60887      722.5191   148      722.4476      722.9317  6655537    0.07%
  89394 60996      722.4983   147      722.4476      722.9315  6668801    0.07%
  89573 61115      722.6760   134      722.4476      722.9314  6683049    0.07%
  89743 61232      722.8578   149      722.4476      722.9311  6696109    0.07%
  89918 61348      722.5707   159      722.4476      722.9310  6710108    0.07%
Elapsed time = 2156.06 sec. (1978472.25 ticks, tree = 849.74 MB, solutions = 7)
  90117 61491      722.6269   133      722.4476      722.9308  6723828    0.07%
  90290 61623      722.8177   139      722.4476      722.9307  6737602    0.07%
  90462 61742      722.6989   149      722.4476      722.9306  6751734    0.07%
  90637 61873      722.8742   136      722.4476      722.9304  6765529    0.07%
  90815 62008      722.6034   107      722.4476      722.9302  6779456    0.07%
  90996 62137      722.6102   125      722.4476      722.9299  6793306    0.07%
  91169 62253      722.5763   108      722.4476      722.9298  6806955    0.07%
  91372 62397        cutoff            722.4476      722.9296  6821232    0.07%
  91557 62522      722.5253   128      722.4476      722.9295  6834937    0.07%
  91743 62658      722.4939   122      722.4476      722.9294  6848400    0.07%
Elapsed time = 2195.82 sec. (2016743.87 ticks, tree = 870.46 MB, solutions = 7)
  91909 62774      722.4619    95      722.4476      722.9293  6861984    0.07%
  92079 62900      722.8136   157      722.4476      722.9292  6875201    0.07%
  92256 63020      722.5556   131      722.4476      722.9291  6888858    0.07%
  92445 63151      722.8323   145      722.4476      722.9290  6902668    0.07%
  92658 63297      722.8694   152      722.4476      722.9288  6915891    0.07%
  92852 63434      722.7478   144      722.4476      722.9287  6929869    0.07%
  93041 63573      722.7351   143      722.4476      722.9286  6942872    0.07%
  93247 63709      722.8332   139      722.4476      722.9284  6956364    0.07%
  93450 63867      722.5948   123      722.4476      722.9283  6969711    0.07%
  93648 63993      722.8745   149      722.4476      722.9281  6983465    0.07%
Elapsed time = 2235.58 sec. (2055103.19 ticks, tree = 889.88 MB, solutions = 7)
  93831 64133      722.4482    76      722.4476      722.9280  6996987    0.07%
  94041 64278      722.6391   155      722.4476      722.9279  7010952    0.07%
  94197 64382      722.8907   145      722.4476      722.9277  7024483    0.07%
  94367 64504      722.4580   107      722.4476      722.9275  7038217    0.07%
  94541 64627      722.5529   124      722.4476      722.9275  7051998    0.07%
  94737 64767      722.6410   110      722.4476      722.9273  7065841    0.07%
  94921 64901      722.4731   128      722.4476      722.9271  7079351    0.07%
  95087 65013      722.5413   126      722.4476      722.9270  7093451    0.07%
  95236 65109      722.8093   148      722.4476      722.9268  7106933    0.07%
  95423 65245      722.5422    84      722.4476      722.9267  7121110    0.07%
Elapsed time = 2274.76 sec. (2093497.60 ticks, tree = 906.27 MB, solutions = 7)
  95591 65360      722.5853   132      722.4476      722.9266  7134599    0.07%
  95748 65463      722.7217   164      722.4476      722.9264  7148151    0.07%
  95955 65625      722.4629    94      722.4476      722.9263  7162017    0.07%
  96129 65752      722.8797   153      722.4476      722.9261  7175534    0.07%
  96294 65867      722.6327   148      722.4476      722.9260  7188787    0.07%
  96457 65983      722.8363   156      722.4476      722.9257  7202580    0.07%
  96656 66128      722.4815    89      722.4476      722.9256  7216307    0.07%
  96844 66265      722.4522    82      722.4476      722.9255  7230431    0.07%
  97019 66390      722.6802   118      722.4476      722.9254  7244067    0.07%
  97188 66510      722.5808   150      722.4476      722.9252  7257739    0.07%
Elapsed time = 2321.40 sec. (2131784.09 ticks, tree = 928.13 MB, solutions = 7)
  97352 66623      722.6952   146      722.4476      722.9250  7270871    0.07%
  97518 66740      722.7333   109      722.4476      722.9249  7284903    0.07%
  97715 66885      722.5417   134      722.4476      722.9248  7298797    0.07%
  97911 67020      722.8335   141      722.4476      722.9247  7312384    0.07%
  98099 67163      722.6057   106      722.4476      722.9246  7326398    0.07%
  98289 67297      722.8098   157      722.4476      722.9245  7340675    0.07%
  98471 67425      722.4638   112      722.4476      722.9243  7354029    0.07%
  98667 67559      722.6776   103      722.4476      722.9242  7368174    0.07%
  98878 67710      722.6541   140      722.4476      722.9240  7381927    0.07%
  99091 67875      722.4776   132      722.4476      722.9239  7395886    0.07%
Elapsed time = 2361.32 sec. (2170117.26 ticks, tree = 945.15 MB, solutions = 7)
  99315 68042      722.7029   120      722.4476      722.9238  7410156    0.07%
  99475 68156      722.5197    92      722.4476      722.9236  7424005    0.07%
  99658 68284      722.6303   107      722.4476      722.9235  7437462    0.07%
  99848 68412      722.5828   165      722.4476      722.9234  7451815    0.07%
 100029 68539      722.7935   146      722.4476      722.9232  7465688    0.07%
 100226 68675      722.8897   140      722.4476      722.9230  7479732    0.07%
 100406 68808      722.5742   140      722.4476      722.9229  7493808    0.07%
 100562 68923      722.5706   129      722.4476      722.9228  7507113    0.07%
 100740 69045      722.6066   157      722.4476      722.9227  7520553    0.07%
 100944 69185      722.5467   128      722.4476      722.9226  7534784    0.07%
Elapsed time = 2400.93 sec. (2208438.81 ticks, tree = 965.37 MB, solutions = 7)
 101165 69346      722.5235   118      722.4476      722.9225  7548720    0.07%
 101370 69506      722.6742   157      722.4476      722.9223  7562636    0.07%
 101550 69633      722.6617   144      722.4476      722.9222  7576751    0.07%
 101726 69751      722.8682   142      722.4476      722.9221  7590400    0.07%
 101955 69918      722.7897   150      722.4476      722.9219  7604237    0.07%
 102125 70044      722.5492   137      722.4476      722.9219  7617117    0.07%
 102315 70183      722.4609   109      722.4476      722.9218  7630935    0.07%
 102501 70310      722.5989   154      722.4476      722.9217  7645020    0.07%
 102711 70460      722.5912   114      722.4476      722.9215  7658269    0.07%
 102891 70583        cutoff            722.4476      722.9215  7671679    0.07%
Elapsed time = 2441.28 sec. (2246777.18 ticks, tree = 984.30 MB, solutions = 7)
 103087 70718      722.6533   108      722.4476      722.9213  7685262    0.07%
 103251 70832      722.4703    93      722.4476      722.9210  7698701    0.07%
 103407 70940      722.7466   131      722.4476      722.9209  7711889    0.07%
 103604 71090      722.6615   105      722.4476      722.9207  7725665    0.07%
 103808 71234      722.7712   142      722.4476      722.9205  7739547    0.07%
 104014 71384      722.7729   144      722.4476      722.9204  7753532    0.07%
 104173 71499      722.5596   112      722.4476      722.9203  7766933    0.07%
 104370 71640      722.8599   141      722.4476      722.9202  7780833    0.07%
 104569 71780      722.8262   142      722.4476      722.9201  7794796    0.07%
 104760 71904      722.8647   144      722.4476      722.9199  7808506    0.07%
Elapsed time = 2480.89 sec. (2285097.59 ticks, tree = 999.83 MB, solutions = 7)
 104969 72049      722.7315   154      722.4476      722.9198  7822338    0.07%
 105172 72198      722.4903   142      722.4476      722.9197  7836483    0.07%
 105351 72327      722.7872   135      722.4476      722.9194  7850763    0.07%
 105577 72487      722.5948   126      722.4476      722.9193  7864830    0.07%
 105732 72590      722.5532   138      722.4476      722.9192  7878340    0.07%
 105907 72710      722.4841   125      722.4476      722.9190  7891949    0.07%
 106107 72860      722.7548   105      722.4476      722.9189  7905923    0.07%
 106320 72998      722.6904   169      722.4476      722.9187  7919215    0.07%
 106527 73146      722.5626    84      722.4476      722.9186  7933419    0.07%
 106697 73265      722.6271   119      722.4476      722.9184  7947253    0.07%
Elapsed time = 2521.00 sec. (2323518.82 ticks, tree = 1017.78 MB, solutions = 7)
 106860 73379      722.6074   104      722.4476      722.9183  7960448    0.07%
 107037 73494      722.7839   103      722.4476      722.9181  7974447    0.07%
 107217 73618      722.4687    91      722.4476      722.9180  7987891    0.07%
 107442 73782      722.7186   156      722.4476      722.9178  8001036    0.07%
 107617 73908      722.6352    91      722.4476      722.9177  8014908    0.07%
 107795 74041      722.5451    75      722.4476      722.9175  8028283    0.07%
 107998 74179      722.5025   117      722.4476      722.9173  8041973    0.07%
 108197 74319      722.4519    74      722.4476      722.9171  8055328    0.06%
 108383 74445      722.4862   125      722.4476      722.9171  8068690    0.06%
 108575 74573      722.4621    80      722.4476      722.9169  8082276    0.06%
Elapsed time = 2560.75 sec. (2361807.37 ticks, tree = 1041.51 MB, solutions = 7)
 108754 74694      722.6986   154      722.4476      722.9168  8096401    0.06%
 108937 74819      722.5727   121      722.4476      722.9167  8109788    0.06%
 109119 74945      722.6324    90      722.4476      722.9166  8123781    0.06%
 109345 75106      722.6844   150      722.4476      722.9165  8137760    0.06%
 109511 75216      722.7663   138      722.4476      722.9164  8151529    0.06%
 109724 75364      722.7846   129      722.4476      722.9163  8165711    0.06%
 109929 75506      722.6869   149      722.4476      722.9162  8179495    0.06%
 110151 75665      722.7667   131      722.4476      722.9160  8193594    0.06%
 110328 75788      722.5903   106      722.4476      722.9159  8207371    0.06%
 110540 75942      722.8474   135      722.4476      722.9158  8221096    0.06%
Elapsed time = 2601.05 sec. (2400133.86 ticks, tree = 1066.29 MB, solutions = 7)
 110792 76118      722.8606   145      722.4476      722.9157  8235384    0.06%
 110966 76249      722.5390    67      722.4476      722.9155  8248670    0.06%
 111138 76365      722.8713   148      722.4476      722.9154  8261912    0.06%
 111321 76518      722.5844   110      722.4476      722.9154  8276458    0.06%
 111485 76625      722.7138   142      722.4476      722.9152  8290277    0.06%
 111688 76774      722.6522   145      722.4476      722.9151  8303825    0.06%
 111876 76905      722.4890   120      722.4476      722.9149  8317859    0.06%
 112063 77044      722.5538   107      722.4476      722.9148  8331900    0.06%
 112268 77192      722.5242   109      722.4476      722.9147  8345810    0.06%
 112458 77329      722.5027   115      722.4476      722.9146  8360202    0.06%
Elapsed time = 2640.92 sec. (2438488.91 ticks, tree = 1086.34 MB, solutions = 7)
 112651 77465      722.8084   133      722.4476      722.9145  8374191    0.06%
 112904 77648      722.7495   147      722.4476      722.9144  8388289    0.06%
 113092 77787      722.7844   135      722.4476      722.9143  8401959    0.06%
 113278 77921        cutoff            722.4476      722.9142  8415621    0.06%
 113468 78052      722.7624   115      722.4476      722.9140  8429073    0.06%
 113668 78197      722.7432   145      722.4476      722.9139  8442975    0.06%
 113862 78340      722.5422   109      722.4476      722.9137  8457588    0.06%
 114038 78450      722.7745   130      722.4476      722.9136  8471377    0.06%
 114231 78581      722.4864   132      722.4476      722.9134  8485184    0.06%
 114407 78691      722.7686   145      722.4476      722.9133  8499290    0.06%
Elapsed time = 2680.81 sec. (2476800.26 ticks, tree = 1104.68 MB, solutions = 7)
 114608 78842      722.7421   117      722.4476      722.9133  8512856    0.06%
 114835 79006      722.7852   157      722.4476      722.9131  8526686    0.06%
 115020 79152      722.4827   133      722.4476      722.9130  8540324    0.06%
 115189 79282      722.4643    91      722.4476      722.9129  8554035    0.06%
 115380 79411      722.7728   108      722.4476      722.9127  8567533    0.06%
 115585 79569      722.5963   105      722.4476      722.9126  8581702    0.06%
 115774 79704      722.5085   111      722.4476      722.9124  8595762    0.06%
 115999 79866      722.6294   137      722.4476      722.9122  8609571    0.06%
 116178 80002      722.6891   159      722.4476      722.9121  8623488    0.06%
 116366 80137      722.6220    95      722.4476      722.9120  8637309    0.06%
Elapsed time = 2720.96 sec. (2515111.84 ticks, tree = 1127.39 MB, solutions = 7)
 116603 80321      722.5446    78      722.4476      722.9119  8651148    0.06%
 116782 80448      722.4785   129      722.4476      722.9117  8664659    0.06%
 116946 80552      722.7566   159      722.4476      722.9116  8677230    0.06%
 117150 80704      722.5977   108      722.4476      722.9114  8691096    0.06%
 117371 80866      722.7163   137      722.4476      722.9113  8704071    0.06%
 117566 81011      722.5831    89      722.4476      722.9111  8718263    0.06%
 117759 81145      722.6256   154      722.4476      722.9110  8731973    0.06%
 117964 81289      722.4661    52      722.4476      722.9109  8745488    0.06%
 118142 81420      722.7958   141      722.4476      722.9108  8758945    0.06%
 118340 81561      722.6937   128      722.4476      722.9106  8772448    0.06%
Elapsed time = 2761.32 sec. (2553362.56 ticks, tree = 1151.21 MB, solutions = 7)
 118512 81695      722.4529    91      722.4476      722.9105  8786242    0.06%
 118689 81826      722.7305   132      722.4476      722.9104  8800130    0.06%
 118880 81976      722.6059    91      722.4476      722.9104  8814370    0.06%
 119083 82118      722.8132   143      722.4476      722.9102  8828362    0.06%
 119247 82231      722.6953   129      722.4476      722.9101  8842203    0.06%
 119449 82379      722.6692   121      722.4476      722.9100  8856321    0.06%
 119657 82529      722.5177   114      722.4476      722.9098  8870235    0.06%
 119847 82662      722.4716   127      722.4476      722.9097  8884098    0.06%
 120044 82817      722.8003   164      722.4476      722.9096  8898406    0.06%
 120197 82924      722.4601   121      722.4476      722.9096  8912040    0.06%
Elapsed time = 2801.19 sec. (2591707.20 ticks, tree = 1172.65 MB, solutions = 7)
 120388 83060      722.4515   108      722.4476      722.9095  8925916    0.06%
 120599 83221      722.8355   143      722.4476      722.9094  8939781    0.06%
 120777 83350      722.4749   121      722.4476      722.9093  8954177    0.06%
 120971 83494      722.5858   105      722.4476      722.9093  8967963    0.06%
 121170 83639      722.5900    92      722.4476      722.9091  8981669    0.06%
 121336 83753        cutoff            722.4476      722.9090  8994809    0.06%
 121501 83864      722.5857   147      722.4476      722.9088  9009091    0.06%
 121687 83995      722.5602   134      722.4476      722.9088  9023007    0.06%
 121884 84107      722.8031   139      722.4476      722.9086  9036548    0.06%
 122067 84254      722.6243   153      722.4476      722.9086  9048687    0.06%
Elapsed time = 2840.70 sec. (2630006.96 ticks, tree = 1192.74 MB, solutions = 7)
 122297 84422      722.4690    77      722.4476      722.9085  9062729    0.06%
 122489 84559      722.4717   115      722.4476      722.9083  9076285    0.06%
 122669 84682      722.8235   138      722.4476      722.9082  9090648    0.06%
 122887 84856      722.5441    82      722.4476      722.9081  9104681    0.06%
 123073 84994        cutoff            722.4476      722.9080  9118483    0.06%
 123257 85121      722.7097   143      722.4476      722.9078  9131978    0.06%
 123479 85269      722.8745   169      722.4476      722.9077  9145645    0.06%
 123675 85411      722.4507   143      722.4476      722.9076  9159326    0.06%
 123895 85578      722.7595   139      722.4476      722.9075  9173253    0.06%
 124095 85714      722.6038   128      722.4476      722.9074  9186882    0.06%
Elapsed time = 2881.67 sec. (2668432.96 ticks, tree = 1218.09 MB, solutions = 7)
 124277 85836      722.8176   128      722.4476      722.9072  9200622    0.06%
 124450 85961      722.5721   102      722.4476      722.9071  9214397    0.06%
 124642 86082      722.5798    98      722.4476      722.9070  9228115    0.06%
 124839 86214      722.6541   134      722.4476      722.9068  9242323    0.06%
 125007 86325      722.8414   145      722.4476      722.9067  9255981    0.06%
 125178 86439      722.8120   139      722.4476      722.9066  9270102    0.06%
 125403 86601      722.5706   125      722.4476      722.9065  9284022    0.06%
 125572 86731      722.4897   115      722.4476      722.9064  9297588    0.06%
 125756 86858      722.8110   130      722.4476      722.9063  9311690    0.06%
 125975 87007        cutoff            722.4476      722.9062  9325580    0.06%
Elapsed time = 2921.53 sec. (2706734.38 ticks, tree = 1238.46 MB, solutions = 7)
 126168 87142      722.7666   127      722.4476      722.9060  9339031    0.06%
 126404 87322      722.6870   164      722.4476      722.9059  9353020    0.06%
 126609 87474      722.6731   137      722.4476      722.9058  9366519    0.06%
 126774 87582      722.7861   125      722.4476      722.9057  9380277    0.06%
 126966 87721      722.7207   137      722.4476      722.9056  9394136    0.06%
 127164 87862      722.6195   134      722.4476      722.9055  9408003    0.06%
 127335 87981      722.7020   115      722.4476      722.9053  9421620    0.06%
 127510 88107      722.5088    92      722.4476      722.9051  9435540    0.06%
 127674 88217      722.8044   144      722.4476      722.9050  9449089    0.06%
 127822 88307      722.5359   121      722.4476      722.9048  9462103    0.06%
Elapsed time = 2961.14 sec. (2745073.70 ticks, tree = 1257.42 MB, solutions = 7)
 128019 88446      722.7918   124      722.4476      722.9047  9476280    0.06%
 128194 88583      722.6798   113      722.4476      722.9047  9489816    0.06%
 128398 88726      722.8131   148      722.4476      722.9046  9503579    0.06%
 128614 88893      722.5066    91      722.4476      722.9045  9516804    0.06%
 128810 89032      722.6989   128      722.4476      722.9043  9530941    0.06%
 128995 89163      722.6821   133      722.4476      722.9042  9544937    0.06%
 129179 89290      722.7426   148      722.4476      722.9041  9558426    0.06%
 129405 89447      722.6749   131      722.4476      722.9040  9572208    0.06%
 129605 89597      722.7626   137      722.4476      722.9039  9586082    0.06%
 129787 89729      722.7067   118      722.4476      722.9037  9600221    0.06%
Elapsed time = 3001.43 sec. (2783303.13 ticks, tree = 1279.96 MB, solutions = 7)
 129958 89847      722.5335   128      722.4476      722.9035  9614097    0.06%
 130162 89992      722.8039   135      722.4476      722.9035  9628461    0.06%
 130340 90112      722.6776   165      722.4476      722.9033  9642627    0.06%
 130516 90235      722.6466   154      722.4476      722.9032  9656022    0.06%
 130690 90352      722.6230   141      722.4476      722.9031  9670071    0.06%
 130876 90485      722.7141   153      722.4476      722.9030  9683439    0.06%
 131097 90657      722.7158   122      722.4476      722.9028  9697391    0.06%
 131292 90792      722.6673   108      722.4476      722.9027  9711339    0.06%
 131505 90946      722.4502   120      722.4476      722.9026  9724897    0.06%
 131673 91060      722.8711   152      722.4476      722.9024  9738538    0.06%
Elapsed time = 3041.17 sec. (2821606.55 ticks, tree = 1300.01 MB, solutions = 7)
 131851 91190      722.5912    99      722.4476      722.9023  9752576    0.06%
 132057 91344      722.7737   123      722.4476      722.9022  9766220    0.06%
 132218 91462      722.5568   122      722.4476      722.9021  9779757    0.06%
 132398 91590      722.4848   101      722.4476      722.9020  9793491    0.06%
 132613 91736      722.8214   159      722.4476      722.9020  9807519    0.06%
 132800 91870      722.6479   127      722.4476      722.9019  9821160    0.06%
 132988 92010      722.4602   149      722.4476      722.9018  9834034    0.06%
 133149 92126      722.5670   138      722.4476      722.9017  9847666    0.06%
 133346 92268      722.7638   114      722.4476      722.9016  9861139    0.06%
 133509 92379      722.7146   142      722.4476      722.9015  9874680    0.06%
Elapsed time = 3080.56 sec. (2859984.08 ticks, tree = 1319.70 MB, solutions = 7)
 133703 92514      722.4552    71      722.4476      722.9014  9888538    0.06%
 133923 92685      722.8348   176      722.4476      722.9014  9902503    0.06%
 134119 92825      722.4682    84      722.4476      722.9013  9915990    0.06%
 134314 92967      722.7936   124      722.4476      722.9012  9929636    0.06%
 134487 93089        cutoff            722.4476      722.9011  9943757    0.06%
 134685 93233      722.4650   135      722.4476      722.9010  9957230    0.06%
 134886 93375        cutoff            722.4476      722.9009  9970972    0.06%
 135078 93506      722.7316   149      722.4476      722.9008  9984823    0.06%
 135291 93667      722.8446   148      722.4476      722.9007  9998543    0.06%
 135475 93803      722.6152   161      722.4476      722.9006 10012088    0.06%
Elapsed time = 3120.50 sec. (2898203.33 ticks, tree = 1341.56 MB, solutions = 7)
 135679 93964      722.4909   100      722.4476      722.9005 10026326    0.06%
 135861 94092      722.4477   136      722.4476      722.9004 10039971    0.06%
 136039 94216      722.7321   117      722.4476      722.9003 10053842    0.06%
 136206 94320      722.7751   140      722.4476      722.9001 10067564    0.06%
 136420 94476      722.8485   157      722.4476      722.9000 10081717    0.06%
 136617 94626      722.4701    83      722.4476      722.8998 10095815    0.06%
 136821 94761      722.4764   100      722.4476      722.8998 10109332    0.06%
 136992 94878      722.5245   120      722.4476      722.8996 10123339    0.06%
 137200 95015      722.5135   100      722.4476      722.8995 10137130    0.06%
 137383 95139      722.5742   145      722.4476      722.8994 10150316    0.06%
Elapsed time = 3160.20 sec. (2936488.43 ticks, tree = 1362.57 MB, solutions = 7)
 137575 95266      722.7681   135      722.4476      722.8992 10164367    0.06%
 137763 95388      722.7644   122      722.4476      722.8991 10178149    0.06%
 137927 95498      722.4631   109      722.4476      722.8990 10191849    0.06%
 138118 95627      722.4519    74      722.4476      722.8990 10205745    0.06%
 138304 95756      722.5211   116      722.4476      722.8988 10219047    0.06%
 138472 95863      722.5300   106      722.4476      722.8987 10232530    0.06%
 138645 95980      722.8262   119      722.4476      722.8985 10246553    0.06%
 138854 96137      722.7849   151      722.4476      722.8983 10260543    0.06%
 139063 96287      722.4969   103      722.4476      722.8982 10274782    0.06%
 139263 96424      722.5851   128      722.4476      722.8981 10288249    0.06%
Elapsed time = 3199.63 sec. (2974768.52 ticks, tree = 1379.06 MB, solutions = 7)
 139442 96546      722.6105   128      722.4476      722.8979 10302453    0.06%
 139615 96650      722.6624   156      722.4476      722.8978 10316736    0.06%
 139791 96768      722.5842   148      722.4476      722.8977 10330192    0.06%
 139965 96896      722.7498   142      722.4476      722.8976 10344001    0.06%
 140125 97006      722.7247   148      722.4476      722.8975 10356889    0.06%
 140347 97183      722.7550   121      722.4476      722.8974 10370944    0.06%
 140527 97308      722.7241   145      722.4476      722.8972 10384388    0.06%
 140765 97474      722.7922   135      722.4476      722.8972 10398477    0.06%
 140980 97639      722.4759   105      722.4476      722.8971 10412166    0.06%
 141156 97757      722.7944   173      722.4476      722.8969 10426371    0.06%
Elapsed time = 3239.23 sec. (3013058.88 ticks, tree = 1396.80 MB, solutions = 7)
Starting limited solution polishing.
 141326 97878      722.6235   111      722.4476      722.8968 10439296    0.06%
 141532 98029      722.4683   105      722.4476      722.8967 10452723    0.06%
 141704 98139      722.8126   173      722.4476      722.8966 10466483    0.06%
 141857 98253      722.4589    74      722.4476      722.8965 10478843    0.06%
 142037 98370      722.6986   136      722.4476      722.8964 10491192    0.06%
 142207 98496      722.7060   109      722.4476      722.8963 10503246    0.06%
 142353 98595      722.7550   130      722.4476      722.8962 10513070    0.06%
 142501 98705      722.6449   104      722.4476      722.8962 10521984    0.06%
 142637 98798      722.4550    53      722.4476      722.8961 10531921    0.06%
 142804 98910      722.4485    53      722.4476      722.8960 10542342    0.06%
Elapsed time = 3278.93 sec. (3051386.42 ticks, tree = 1411.67 MB, solutions = 7)
 142918 98985      722.4834   135      722.4476      722.8959 10552361    0.06%
 143044 99069      722.6956   132      722.4476      722.8959 10562029    0.06%
 143129 99127      722.6651   142      722.4476      722.8959 10569467    0.06%
 143257 99218      722.4547    66      722.4476      722.8958 10577972    0.06%
 143402 99322      722.6227   111      722.4476      722.8956 10588699    0.06%
 143527 99407      722.4479   104      722.4476      722.8956 10598999    0.06%
 143631 99483      722.6574   134      722.4476      722.8954 10608188    0.06%
 143752 99570      722.5866    95      722.4476      722.8954 10616888    0.06%
 143887 99670      722.7732   138      722.4476      722.8953 10624393    0.06%
 144037 99773      722.5893   150      722.4476      722.8953 10634940    0.06%
Elapsed time = 3318.56 sec. (3090675.09 ticks, tree = 1423.87 MB, solutions = 7)
 144137 99841      722.8402   165      722.4476      722.8951 10644385    0.06%
 144257 99935      722.4661    39      722.4476      722.8951 10651628    0.06%
 144370 100000      722.6796   140      722.4476      722.8950 10661232    0.06%
 144538 100114      722.5101   129      722.4476      722.8949 10674846    0.06%
 144657 100201      722.4652    89      722.4476      722.8949 10683701    0.06%
 144848 100322      722.8440   117      722.4476      722.8948 10696062    0.06%
 144957 100408      722.7711   133      722.4476      722.8948 10703094    0.06%
 145115 100514      722.6718   132      722.4476      722.8947 10716866    0.06%
 145257 100607      722.6977   175      722.4476      722.8946 10727175    0.06%
 145457 100749      722.6517   134      722.4476      722.8945 10740045    0.06%
Elapsed time = 3361.62 sec. (3133534.45 ticks, tree = 1436.50 MB, solutions = 7)
 145587 100841      722.7394   120      722.4476      722.8943 10749804    0.06%
 145757 100958      722.7538   142      722.4476      722.8942 10761869    0.06%
 145943 101083      722.8139   121      722.4476      722.8941 10776105    0.06%
 146057 101167      722.8721   146      722.4476      722.8940 10784465    0.06%
 146189 101267      722.7660   133      722.4476      722.8940 10793620    0.06%
 146357 101390      722.4714   145      722.4476      722.8939 10804566    0.06%
 146465 101464      722.8172   136      722.4476      722.8938 10812720    0.06%
 146636 101584      722.7656   145      722.4476      722.8938 10823184    0.06%
 146785 101697      722.5600   106      722.4476      722.8937 10834594    0.06%
 146937 101794      722.4511    85      722.4476      722.8936 10846890    0.06%
Elapsed time = 3402.17 sec. (3173069.27 ticks, tree = 1451.12 MB, solutions = 7)
 147063 101880      722.6113   153      722.4476      722.8935 10857308    0.06%
 147207 101984      722.6003   114      722.4476      722.8935 10867268    0.06%
 147357 102092      722.5980   118      722.4476      722.8934 10879545    0.06%
 147520 102197      722.7351   125      722.4476      722.8933 10889951    0.06%
 147657 102286      722.7982   130      722.4476      722.8932 10897987    0.06%
 147757 102354      722.6114   122      722.4476      722.8932 10906405    0.06%
 147869 102423      722.6548   122      722.4476      722.8932 10915532    0.06%
 148007 102535      722.5908    85      722.4476      722.8931 10924190    0.06%
 148157 102631      722.7945   147      722.4476      722.8931 10934212    0.06%
 148282 102719      722.5375   102      722.4476      722.8930 10944047    0.06%
Elapsed time = 3443.01 sec. (3213434.29 ticks, tree = 1465.23 MB, solutions = 7)
 148457 102839      722.4829    95      722.4476      722.8929 10954063    0.06%
 148600 102937      722.4887   113      722.4476      722.8928 10964856    0.06%
 148771 103048      722.4484   124      722.4476      722.8928 10975466    0.06%
 148931 103156      722.6986   114      722.4476      722.8927 10986269    0.06%
 149085 103270      722.8409   169      722.4476      722.8927 10995540    0.06%
 149257 103394      722.6246   127      722.4476      722.8925 11006889    0.06%
 149457 103531      722.7946   144      722.4476      722.8924 11018378    0.06%
 149636 103662      722.5275   125      722.4476      722.8923 11030785    0.06%
 149741 103731      722.7962   135      722.4476      722.8923 11038868    0.06%
 149884 103834      722.6151   119      722.4476      722.8922 11049951    0.06%
Elapsed time = 3486.47 sec. (3255170.32 ticks, tree = 1483.44 MB, solutions = 7)
 150045 103949      722.8279   154      722.4476      722.8922 11062562    0.06%
 150177 104061      722.5694   105      722.4476      722.8922 11071420    0.06%
 150343 104184      722.7081   136      722.4476      722.8921 11081864    0.06%
 150457 104271      722.4866   114      722.4476      722.8920 11089396    0.06%
 150612 104379      722.6851   130      722.4476      722.8919 11099382    0.06%
 150777 104498      722.7467   122      722.4476      722.8919 11110403    0.06%
 150910 104595      722.5971   116      722.4476      722.8918 11120768    0.06%
 151057 104695      722.4759   128      722.4476      722.8918 11131995    0.06%
 151210 104791      722.8362   135      722.4476      722.8917 11142868    0.06%
 151357 104894      722.6953   122      722.4476      722.8916 11154120    0.06%
Elapsed time = 3527.85 sec. (3295138.15 ticks, tree = 1498.98 MB, solutions = 7)
 151537 105030      722.7282   120      722.4476      722.8915 11164875    0.06%
 151657 105128      722.4670   112      722.4476      722.8914 11172466    0.06%
 151847 105259      722.6193   115      722.4476      722.8914 11186037    0.06%
 152007 105381      722.7719   131      722.4476      722.8913 11195855    0.06%
 152153 105486      722.7242   112      722.4476      722.8912 11205199    0.06%
 152315 105611      722.8049   137      722.4476      722.8912 11216147    0.06%
 152471 105706      722.8056   151      722.4476      722.8912 11227982    0.06%
 152641 105834      722.6575   126      722.4476      722.8911 11240233    0.06%
 152757 105914      722.5315   106      722.4476      722.8911 11248854    0.06%
 152942 106028      722.6965   103      722.4476      722.8910 11260242    0.06%
Elapsed time = 3569.68 sec. (3334976.68 ticks, tree = 1514.44 MB, solutions = 7)
 153057 106109      722.4848    88      722.4476      722.8910 11266838    0.06%
*153147+98644                          722.4726      722.8909             0.06%
 153207 98699      722.6154   116      722.4726      722.8909 11273988    0.06%
 153295 98762      722.7192   134      722.4726      722.8909 11280163    0.06%
 153402 98832      722.6973   126      722.4726      722.8907 11289724    0.06%
 153535 98926      722.4844    95      722.4726      722.8906 11298810    0.06%
 153657 98996      722.7496   160      722.4726      722.8905 11308675    0.06%
 153787 99091      722.6937   140      722.4726      722.8904 11317279    0.06%
Advanced basis not built.

Flow cuts applied:  6
Mixed integer rounding cuts applied:  122
Lift and project cuts applied:  7
Gomory fractional cuts applied:  2
User cuts applied:  1151

Root node processing (before b&c):
  Real time             =    7.65 sec. (2803.82 ticks)
Sequential b&c:
  Real time             = 3592.36 sec. (3361974.68 ticks)
                          ------------
Total (root+branch&cut) = 3600.01 sec. (3364778.51 ticks)
|V|                                     800
K                                       80
theta                                   0.10
r                                       1
R                                       20
prob_func                               facility_mixture
mixture_low_share                       0.500000
mixture_low_interval                    [0.001000, 0.010000]
mixture_high_interval                   [0.100000, 0.500000]
mixture_seed                            1
#C1                                     994
#CP                                     73610

@Parameters: 
am_callback_heuristic                   false
am_local_search                         true
am_start_heuristic                      false
colocation                              true
comp                                    false
cutC                                    true
cutC_init                               false
cutF                                    true
cutF_init                               false
cutF_stable                             false
cutF_wrong                              false
cutLocal                                false
cutM                                    true
cutM_init                               true
cutM_stable                             false
cutP                                    true
cutP_init                               false
cutP_stable                             false
init                                    true
init_cutF_zero                          false
init_val_greedy                         true
is_Euclidean                            false
is_local_search                         true
is_right_cutP                           true
is_root                                 false
is_silent                               false
is_start                                false
mycut                                   false
pmed                                    false
pre                                     true
stable_root                             false
str                                     true
two_phase                               false
ubstr                                   false
mode                                    Int

am_callback_node_space                  50
init                                    0
mixture_seed                            1
node_space                              5
nodelimit                               -1
nsepa                                   1
strF                                    0
type_delta                              0

EPS                                     0.001000
EPS_FRAC                                0.00
gap                                     0.00
mixture_high_max                        0.50
mixture_high_min                        0.10
mixture_low_max                         0.01
mixture_low_min                         0.00
mixture_low_share                       0.50
timelimit                               3600.00

Number of Closed Sites: 3 / 240 
Number of Confined Sites-1: 1 / 79 
Number of Confined Sites-k: 796 / 5703 
Preprocess Time: 2.06 + 0.00 sec

Solve Time: 3600.01
Number of Nodes: 153857
Termination Status: TIME_LIMIT

CutInfo: [phase] num / time (sec) / aver. num_nonzero
max              [LP]     0 / 0.00 / 0.00 [init]   710 / 0.02 / 1.77 [rLC]   391 / 0.05 / 4.85 [rUC]   437 / 0.10 / 3.98 [sLC]    62 / 0.21 / 4.32 [sUC]   379 / 2.10 / 4.82 
prod_oa          [LP]     0 / 0.00 / 0.00 [init]   462 / 0.02 / 60.11 [rLC]   953 / 0.19 / 62.91 [rUC]   536 / 0.45 / 63.69 [sLC]  1323 / 0.85 / 63.44 [sUC]   681 / 9.89 / 55.77 
prod_sm_fixed    [LP]     0 / 0.00 / 0.00 [init]     0 / 0.00 / 0.00 [rLC]     0 / 0.00 / 0.00 [rUC]     0 / 0.00 / 0.00 [sLC]     0 / 0.00 / 0.00 [sUC]     0 / 0.00 / 0.00 
prod_bin         [LP]     0 / 0.00 / 0.00 [init]     0 / 0.00 / 0.00 [rLC]     0 / 0.00 / 0.00 [rUC]     0 / 0.00 / 0.00 [sLC]     0 / 0.00 / 0.00 [sUC]     0 / 0.00 / 0.00 
prod_local       [LP]     0 / 0.00 / 0.00 [init]     0 / 0.00 / 0.00 [rLC]     0 / 0.00 / 0.00 [rUC]     0 / 0.00 / 0.00 [sLC]     0 / 0.00 / 0.00 [sUC]     0 / 0.00 / 0.00 
prod_sm_C        [LP]     0 / 0.00 / 0.00 [init]     0 / 0.11 / 0.00 [rLC]     0 / 0.90 / 0.00 [rUC]   308 / 3.00 / 58.77 [sLC]     0 / 4.12 / 0.00 [sUC]   701 / 54.54 / 67.68 
facet            [LP]     0 / 0.00 / 0.00 [init]     0 / 0.00 / 0.00 [rLC]     0 / 0.00 / 0.00 [rUC]   305 / 0.00 / 0.00 [sLC]     0 / 0.00 / 0.00 [sUC]   701 / 0.00 / 0.00 
Separation Round:   [LP] 0  [init] 1  [rLC] 8  [rUC] 18  [sLC] 34  [sUC] 272888  
Root Best Bound 723.619956
Root Best Integer: 721.999015
Best Bound: 722.890390
Best Integer: 722.472606
1: 36, 68, 79, 81, 97, 130, 165, 168, 173, 186, 199, 200, 205, 206, 213, 215, 233, 242, 302, 306, 313, 324, 330, 332, 362, 380, 406, 421, 430, 448, 470, 484, 490, 508, 510, 519, 558, 564, 565, 598, 600, 604, 622, 624, 643, 645, 665, 687, 702, 731, 748, 749, 766, 776, 778, 783, 789, 797
2: 10, 43, 85, 239, 343, 349, 351, 427, 459, 721, 769
Objective Value (calc): 722.388352
sum_etaM = 427.779628 / 427.779628
sum_etaP = 755.216270 / 755.122655
nL: 69
nCL: 11
mCL: 2
