Version identifier: 20.1.0.0 | 2020-11-10 | 9bedb6d68
CPXPARAM_Threads                                 1
CPXPARAM_TimeLimit                               3600
CPXPARAM_MIP_Tolerances_MIPGap                   0
Generic callback                                 0x60
1 of 1 MIP starts provided solutions.
MIP start 'm1' defined initial solution with objective 75.4070.
Tried aggregator 1 time.
MIP Presolve eliminated 12 rows and 12 columns.
Reduced MIP has 549 rows, 888 columns, and 3354 nonzeros.
Reduced MIP has 288 binaries, 0 generals, 0 SOSs, and 0 indicators.
Presolve time = 0.00 sec. (0.97 ticks)
Probing time = 0.00 sec. (0.19 ticks)
Tried aggregator 1 time.
Reduced MIP has 549 rows, 888 columns, and 3354 nonzeros.
Reduced MIP has 288 binaries, 0 generals, 0 SOSs, and 0 indicators.
Presolve time = 0.00 sec. (0.92 ticks)
Probing time = 0.00 sec. (0.19 ticks)
MIP emphasis: balance optimality and feasibility.
MIP search method: dynamic search.
Parallel mode: none, using 1 thread.
Root relaxation solution time = 0.00 sec. (3.47 ticks)

        Nodes                                         Cuts/
   Node  Left     Objective  IInf  Best Integer    Best Bound    ItCnt     Gap

*     0+    0                           75.4070      300.0000           297.84%
      0     0      133.5687    20       75.4070      133.5687      577   77.13%
      0     0       92.5171     8       75.4070      Cuts: 92      673   22.69%
      0     0       91.6146     6       75.4070      Cuts: 31      707   21.49%
      0     0       91.4327     8       75.4070 UserPurge2: 8      725   21.25%
      0     0       91.4316     8       75.4070 UserPurge2: 2      727   21.25%
      0     2       91.4316     8       75.4070       91.4182      727   21.23%
Elapsed time = 0.26 sec. (56.26 ticks, tree = 0.01 MB, solutions = 1)
*    26    24      integral     0       90.9674       91.3997      972    0.48%
*    90    25      integral     0       90.9709       91.3624     1175    0.43%
*   157    30      integral     0       90.9844       91.3572     1354    0.41%
*   229    20      integral     0       91.0606       91.3333     1560    0.30%
*   294    12      integral     0       91.1131       91.2963     1770    0.20%
*   389     8      integral     0       91.1472       91.2853     2116    0.15%

Flow cuts applied:  2
Mixed integer rounding cuts applied:  19
Gomory fractional cuts applied:  3
User cuts applied:  330

Root node processing (before b&c):
  Real time             =    0.26 sec. (56.32 ticks)
Sequential b&c:
  Real time             =    5.51 sec. (198.34 ticks)
                          ------------
Total (root+branch&cut) =    5.77 sec. (254.65 ticks)
|V|                                     300
K                                       30
theta                                   0.01
r                                       1
R                                       20
prob_func                               facility_mixture
mixture_low_share                       0.900000
mixture_low_interval                    [0.001000, 0.010000]
mixture_high_interval                   [0.100000, 0.500000]
mixture_seed                            1
#C1                                     334
#CP                                     2170

@Parameters: 
am_callback_heuristic                   false
am_local_search                         true
am_start_heuristic                      false
colocation                              false
comp                                    false
cutC                                    true
cutC_init                               false
cutF                                    true
cutF_init                               false
cutF_stable                             false
cutF_wrong                              false
cutLocal                                false
cutM                                    true
cutM_init                               true
cutM_stable                             false
cutP                                    true
cutP_init                               false
cutP_stable                             false
init                                    true
init_cutF_zero                          false
init_val_greedy                         true
is_Euclidean                            false
is_local_search                         true
is_right_cutP                           true
is_root                                 false
is_silent                               false
is_start                                false
mycut                                   false
pmed                                    false
pre                                     true
stable_root                             false
str                                     false
two_phase                               false
ubstr                                   false
mode                                    Bin

am_callback_node_space                  50
init                                    0
mixture_seed                            1
node_space                              5
nodelimit                               -1
nsepa                                   1
strF                                    0
type_delta                              0

EPS                                     0.001000
EPS_FRAC                                0.00
gap                                     0.00
mixture_high_max                        0.50
mixture_high_min                        0.10
mixture_low_max                         0.01
mixture_low_min                         0.00
mixture_low_share                       0.90
timelimit                               3600.00

Number of Closed Sites: 12 / 360 
Number of Confined Sites-1: 35 / 1015 
Number of Confined Sites-k: 253 / 4507 
Preprocess Time: 0.45 + 0.00 sec

Solve Time: 5.77
Number of Nodes: 398
Termination Status: OPTIMAL

CutInfo: [phase] num / time (sec) / aver. num_nonzero
max              [LP]     0 / 0.00 / 0.00 [init]   274 / 0.06 / 2.45 [rLC]   144 / 0.05 / 6.81 [rUC]    55 / 0.03 / 2.45 [sLC]     0 / 0.02 / 0.00 [sUC]    11 / 0.38 / 2.45 
prod_oa          [LP]     0 / 0.00 / 0.00 [init]     0 / 0.00 / 0.00 [rLC]     0 / 0.00 / 0.00 [rUC]     0 / 0.00 / 0.00 [sLC]     0 / 0.00 / 0.00 [sUC]     0 / 0.00 / 0.00 
prod_sm_fixed    [LP]     0 / 0.00 / 0.00 [init]     0 / 0.00 / 0.00 [rLC]     0 / 0.00 / 0.00 [rUC]     0 / 0.00 / 0.00 [sLC]     0 / 0.00 / 0.00 [sUC]     0 / 0.00 / 0.00 
prod_bin         [LP]     0 / 0.00 / 0.00 [init]   274 / 0.02 / 0.00 [rLC]   316 / 0.03 / 0.00 [rUC]   103 / 0.01 / 0.00 [sLC]    11 / 0.00 / 0.00 [sUC]    84 / 0.02 / 0.00 
prod_local       [LP]     0 / 0.00 / 0.00 [init]     0 / 0.00 / 0.00 [rLC]     0 / 0.00 / 0.00 [rUC]     0 / 0.00 / 0.00 [sLC]     0 / 0.00 / 0.00 [sUC]     0 / 0.00 / 0.00 
prod_sm_C        [LP]     0 / 0.00 / 0.00 [init]     0 / 0.00 / 0.00 [rLC]     0 / 0.00 / 0.00 [rUC]     0 / 0.00 / 0.00 [sLC]     0 / 0.00 / 0.00 [sUC]     0 / 0.00 / 0.00 
facet            [LP]     0 / 0.00 / 0.00 [init]     0 / 0.00 / 0.00 [rLC]     0 / 0.00 / 0.00 [rUC]     0 / 0.00 / 0.00 [sLC]     0 / 0.00 / 0.00 [sUC]     0 / 0.00 / 0.00 
Separation Round:   [LP] 0  [init] 1  [rLC] 4  [rUC] 6  [sLC] 8  [sUC] 692  
Root Best Bound 91.410050
Root Best Integer: 75.407019
Best Bound: 91.285337
Best Integer: 91.113072
1: 5, 10, 17, 27, 47, 63, 77, 102, 103, 105, 112, 116, 122, 124, 126, 136, 157, 177, 201, 208, 213, 216, 234, 240, 259, 286, 287, 290, 295, 298
Objective Value (calc): 91.146339
sum_etaM = 79.410762 / 79.410762
sum_etaP = 91.265781 / 91.264880
nL: 30
nCL: 0
mCL: 1
