Version identifier: 20.1.0.0 | 2020-11-10 | 9bedb6d68
CPXPARAM_Threads                                 1
CPXPARAM_TimeLimit                               3600
CPXPARAM_MIP_Tolerances_MIPGap                   0
Generic callback                                 0x60
1 of 1 MIP starts provided solutions.
MIP start 'm1' defined initial solution with objective 588.8688.
Tried aggregator 1 time.
MIP Presolve eliminated 2 rows and 2 columns.
Reduced MIP has 1267 rows, 2398 columns, and 36343 nonzeros.
Reduced MIP has 798 binaries, 0 generals, 0 SOSs, and 0 indicators.
Presolve time = 0.01 sec. (7.38 ticks)
Probing time = 0.00 sec. (1.83 ticks)
Tried aggregator 1 time.
Reduced MIP has 1267 rows, 2398 columns, and 36343 nonzeros.
Reduced MIP has 798 binaries, 0 generals, 0 SOSs, and 0 indicators.
Presolve time = 0.01 sec. (7.17 ticks)
Probing time = 0.00 sec. (1.83 ticks)
MIP emphasis: balance optimality and feasibility.
MIP search method: dynamic search.
Parallel mode: none, using 1 thread.
Root relaxation solution time = 0.02 sec. (28.12 ticks)

        Nodes                                         Cuts/
   Node  Left     Objective  IInf  Best Integer    Best Bound    ItCnt     Gap

*     0+    0                          588.8688      800.0000            35.85%
      0     0      742.4776    48      588.8688      742.4776     1386   26.09%
      0     0      667.3988    61      588.8688     Cuts: 416     1974   13.34%
      0     0      658.4507    81      588.8688     Cuts: 416     2574   11.82%
      0     0      656.2813    94      588.8688     Cuts: 303     2935   11.45%
      0     0      655.8888    81      588.8688     Cuts: 143     3061   11.38%
      0     0      655.3810    82      588.8688     Cuts: 176     3195   11.29%
      0     0      655.1660    86      588.8688      Cuts: 47     3249   11.26%
      0     0      655.0603    80      588.8688      Cuts: 37     3300   11.24%
      0     0      654.9933    85      588.8688      Cuts: 25     3333   11.23%
      0     0      654.9499    91      588.8688      Cuts: 10     3345   11.22%
      0     2      654.9498    94      588.8688      654.9495     3345   11.22%
Elapsed time = 18.62 sec. (1697.44 ticks, tree = 0.01 MB, solutions = 1)
     10    12      654.3396    97      588.8688      654.9486     3960   11.22%
     33    35      653.7456    88      588.8688      654.9486     4511   11.22%
     40    42      653.0896    74      588.8688      654.9486     5271   11.22%
     50    52      652.2211    74      588.8688      654.9486     6467   11.22%
     57    59      650.9789    71      588.8688      654.9486     7872   11.22%
     65    67      649.6894    77      588.8688      654.9486     8568   11.22%
     76    78      648.0307    50      588.8688      654.9486     9599   11.22%
     90    92      639.5980    66      588.8688      654.9486    10799   11.22%
    102   104      631.9904    55      588.8688      654.9486    12652   11.22%
    166   168      619.5317    16      588.8688      654.9486    15049   11.22%
Elapsed time = 42.45 sec. (5116.70 ticks, tree = 1.98 MB, solutions = 1)
*   196   194      integral     0      605.7739      654.9486    16356    8.12%
    201   199      652.6136    94      605.7739      654.9436    18305    8.12%
    220   218      649.3515    77      605.7739      654.9436    21004    8.12%
    240   238      646.8430    62      605.7739      654.9436    23267    8.12%
    280   278      641.1042    28      605.7739      654.9436    25896    8.12%
    350   348      640.1109     2      605.7739      654.9436    27428    8.12%
*   351   235      integral     0      640.1108      654.9436    27430    2.32%
    358   242      651.9081    91      640.1108      654.9395    30646    2.32%
    360   244      651.5324    87      640.1108      654.9395    30988    2.32%
    400   284      649.6964    21      640.1108      654.9395    33652    2.32%
Elapsed time = 75.73 sec. (14563.87 ticks, tree = 1.94 MB, solutions = 3)
    408   292      651.7228    92      640.1108      654.9366    36433    2.32%
    424   308      650.2026    67      640.1108      654.9366    38546    2.32%
    480   364      648.8968     6      640.1108      654.9366    40215    2.32%
*   483   222      integral     0      648.8853      654.9366    40222    0.93%
    490   229      651.7206    91      648.8853      654.3396    43614    0.84%
    520   259      649.5064    36      648.8853      654.3396    46151    0.84%
*   549   269      integral     0      649.2098      654.3396    46809    0.79%
    558   278      652.1429    89      649.2098      654.3395    49991    0.79%
    567   287      651.2876    73      649.2098      654.3395    51758    0.79%
    611   327      652.5705   100      649.2098      654.3395    55977    0.79%
Elapsed time = 100.86 sec. (23287.78 ticks, tree = 1.01 MB, solutions = 5)
    625   341      650.9719    74      649.2098      654.3395    58845    0.79%

Performing restart 1

Repeating presolve.
Tried aggregator 1 time.
Reduced MIP has 1267 rows, 2398 columns, and 36343 nonzeros.
Reduced MIP has 798 binaries, 0 generals, 0 SOSs, and 0 indicators.
Presolve time = 0.01 sec. (7.22 ticks)
Tried aggregator 1 time.
Reduced MIP has 1267 rows, 2398 columns, and 36343 nonzeros.
Reduced MIP has 798 binaries, 0 generals, 0 SOSs, and 0 indicators.
Presolve time = 0.01 sec. (7.21 ticks)
Represolve time = 0.18 sec. (138.91 ticks)
    659     2      652.5803   110      649.2098      652.5787    65210    0.52%
    679    17      652.3897   100      649.2098      652.4723    66334    0.50%
    724    56      651.6084    74      649.2098      652.4463    70007    0.50%
    759    81      651.4269    81      649.2098      652.3899    72673    0.49%
    818   134      650.2105    62      649.2098      652.3817    76952    0.49%
    855   161        cutoff            649.2098      652.3443    80738    0.48%
    875   175      649.2825    85      649.2098      652.3400    84195    0.48%
    919   212      650.3888    48      649.2098      652.3174    87200    0.48%
    978   256      651.0925   106      649.2098      652.2527    90543    0.47%
Elapsed time = 146.27 sec. (34653.58 ticks, tree = 1.26 MB, solutions = 5)
   1059   336      649.5057     2      649.2098      652.2527    92488    0.47%
   1124   381      649.9494    76      649.2098      652.2269    94383    0.46%
   1167   408      650.8756   101      649.2098      652.1035    98020    0.45%
   1204   440      650.1239    68      649.2098      652.1021   100444    0.45%
*  1309   491      integral     0      649.3777      652.1021   101503    0.42%
   1329   499      649.8475    68      649.3777      651.8949   104913    0.39%
   1388   532      649.9679    69      649.3777      651.7767   108578    0.37%
   1439   564      650.1233    70      649.3777      651.7226   112297    0.36%
   1501   617      649.5100    51      649.3777      651.6983   115824    0.36%
   1539   632      650.2507    74      649.3777      651.6641   119143    0.35%
Elapsed time = 196.54 sec. (44391.03 ticks, tree = 10.47 MB, solutions = 6)
   1622   695        cutoff            649.3777      651.6279   123339    0.35%
   1659   717      649.8907    31      649.3777      651.5563   126757    0.34%
*  1678   466      integral     0      649.6169      651.5563   126931    0.30%
*  1722   398      integral     0      649.8053      651.4860   128758    0.26%
   1793   452      649.8146     4      649.8053      651.4269   132267    0.25%
*  1796   450      integral     0      649.8109      651.4269   132275    0.25%
*  1883   473      integral     0      649.8724      651.4204   134077    0.24%
   1919   492      650.5068    47      649.8724      651.3087   137144    0.22%
   2059   620      650.1332     4      649.8724      651.3084   138974    0.22%
*  2177   445      integral     0      650.1413      651.2995   140571    0.18%
Elapsed time = 251.33 sec. (51209.03 ticks, tree = 6.58 MB, solutions = 11)
*  2285   362      integral     0      650.2790      651.2242   143002    0.15%
   2331   382      650.7407    53      650.2790      651.0989   146455    0.13%
*  2365   402      integral     0      650.2802      651.0989   146913    0.13%
   2422   423      650.7782    56      650.2802      651.0526   150198    0.12%
   2465   439      650.5256    66      650.2802      651.0155   153269    0.11%
   2509   448        cutoff            650.2802      650.9313   156563    0.10%
   2560   452      650.5683    99      650.2802      650.8697   159825    0.09%
   2631   463        cutoff            650.2802      650.8252   163669    0.08%
   2698   471      650.3912    45      650.2802      650.7928   167187    0.08%
   2815   496      650.3741    77      650.2802      650.7293   170322    0.07%
Elapsed time = 297.08 sec. (60011.79 ticks, tree = 11.14 MB, solutions = 13)
   2909   515      650.5340    67      650.2802      650.6915   173911    0.06%
   2983   515      650.4522    53      650.2802      650.6390   177428    0.06%
*  3218   354      integral     0      650.3569      650.6192   179795    0.04%
   3380   400      650.4330    39      650.3569      650.5658   183108    0.03%
   3485   347      650.3685    32      650.3569      650.5054   185863    0.02%
   3621   251        cutoff            650.3569      650.4390   188132    0.01%
   3799   101      650.3632     5      650.3569      650.3669   189181    0.00%
*  3806   105      integral     0      650.3573      650.3669   189205    0.00%
   4139   286      650.3649     2      650.3573      650.3656   190406    0.00%
   4535   499      650.3646     2      650.3573      650.3654   191707    0.00%
Elapsed time = 401.96 sec. (68598.50 ticks, tree = 10.11 MB, solutions = 15)
   4889   683      650.3629     2      650.3573      650.3654   192953    0.00%
   5309   894      650.3634     2      650.3573      650.3653   194310    0.00%
   5704  1082      650.3640     2      650.3573      650.3653   195600    0.00%
*  5955   942      integral     0      650.3610      650.3652   196572    0.00%
*  5995   906      integral     0      650.3614      650.3652   196662    0.00%
*  6024   860      integral     0      650.3618      650.3651   196712    0.00%
   6281   615        cutoff            650.3618      650.3642   197132    0.00%

Flow cuts applied:  2
Mixed integer rounding cuts applied:  17
User cuts applied:  4343

Root node processing (before b&c):
  Real time             =   18.62 sec. (1697.44 ticks)
Sequential b&c:
  Real time             =  499.38 sec. (72362.53 ticks)
                          ------------
Total (root+branch&cut) =  518.00 sec. (74059.97 ticks)
|V|                                     800
K                                       80
theta                                   0.10
r                                       1
R                                       20
prob_func                               facility_mixture
mixture_low_share                       0.900000
mixture_low_interval                    [0.001000, 0.010000]
mixture_high_interval                   [0.100000, 0.500000]
mixture_seed                            1
#C1                                     994
#CP                                     73610

@Parameters: 
am_callback_heuristic                   false
am_local_search                         true
am_start_heuristic                      false
colocation                              false
comp                                    false
cutC                                    true
cutC_init                               false
cutF                                    true
cutF_init                               false
cutF_stable                             false
cutF_wrong                              false
cutLocal                                false
cutM                                    true
cutM_init                               true
cutM_stable                             false
cutP                                    true
cutP_init                               false
cutP_stable                             false
init                                    true
init_cutF_zero                          false
init_val_greedy                         true
is_Euclidean                            false
is_local_search                         true
is_right_cutP                           true
is_root                                 false
is_silent                               false
is_start                                false
mycut                                   false
pmed                                    false
pre                                     true
stable_root                             false
str                                     false
two_phase                               false
ubstr                                   false
mode                                    Bin

am_callback_node_space                  50
init                                    0
mixture_seed                            1
node_space                              5
nodelimit                               -1
nsepa                                   1
strF                                    0
type_delta                              0

EPS                                     0.001000
EPS_FRAC                                0.00
gap                                     0.00
mixture_high_max                        0.50
mixture_high_min                        0.10
mixture_low_max                         0.01
mixture_low_min                         0.00
mixture_low_share                       0.90
timelimit                               3600.00

Number of Closed Sites: 2 / 160 
Number of Confined Sites-1: 1 / 79 
Number of Confined Sites-k: 797 / 6349 
Preprocess Time: 1.82 + 0.00 sec

Solve Time: 518.00
Number of Nodes: 6905
Termination Status: OPTIMAL

CutInfo: [phase] num / time (sec) / aver. num_nonzero
max              [LP]     0 / 0.00 / 0.00 [init]   745 / 0.43 / 1.66 [rLC]  6988 / 3.51 / 11.22 [rUC]   857 / 0.50 / 2.77 [sLC]    11 / 0.60 / 2.45 [sUC]   596 / 4.61 / 5.40 
prod_oa          [LP]     0 / 0.00 / 0.00 [init]     0 / 0.00 / 0.00 [rLC]     0 / 0.00 / 0.00 [rUC]     0 / 0.00 / 0.00 [sLC]     0 / 0.00 / 0.00 [sUC]     0 / 0.00 / 0.00 
prod_sm_fixed    [LP]     0 / 0.00 / 0.00 [init]     0 / 0.00 / 0.00 [rLC]     0 / 0.00 / 0.00 [rUC]     0 / 0.00 / 0.00 [sLC]     0 / 0.00 / 0.00 [sUC]     0 / 0.00 / 0.00 
prod_bin         [LP]     0 / 0.00 / 0.00 [init]   521 / 0.70 / 0.00 [rLC]  8469 / 8.89 / 0.00 [rUC]  3041 / 3.03 / 0.00 [sLC]  1097 / 1.25 / 0.00 [sUC]  6603 / 7.72 / 0.00 
prod_local       [LP]     0 / 0.00 / 0.00 [init]     0 / 0.00 / 0.00 [rLC]     0 / 0.00 / 0.00 [rUC]     0 / 0.00 / 0.00 [sLC]     0 / 0.00 / 0.00 [sUC]     0 / 0.00 / 0.00 
prod_sm_C        [LP]     0 / 0.00 / 0.00 [init]     0 / 0.00 / 0.00 [rLC]     0 / 0.00 / 0.00 [rUC]     0 / 0.00 / 0.00 [sLC]     0 / 0.00 / 0.00 [sUC]     0 / 0.00 / 0.00 
facet            [LP]     0 / 0.00 / 0.00 [init]     0 / 0.00 / 0.00 [rLC]     0 / 0.00 / 0.00 [rUC]     0 / 0.00 / 0.00 [sLC]     0 / 0.00 / 0.00 [sUC]     0 / 0.00 / 0.00 
Separation Round:   [LP] 0  [init] 1  [rLC] 14  [rUC] 9  [sLC] 35  [sUC] 10408  
Root Best Bound 654.949402
Root Best Integer: 588.868818
Best Bound: 650.362277
Best Integer: 650.361767
1: 2, 5, 47, 60, 79, 84, 85, 103, 120, 121, 126, 136, 139, 141, 150, 197, 205, 206, 207, 213, 215, 229, 234, 260, 291, 302, 311, 320, 324, 343, 349, 357, 358, 368, 371, 372, 403, 409, 416, 426, 430, 458, 459, 470, 485, 498, 506, 507, 508, 529, 558, 574, 582, 595, 616, 622, 624, 631, 634, 637, 643, 660, 661, 662, 667, 679, 701, 702, 703, 717, 721, 728, 731, 743, 760, 767, 772, 775, 776, 796
Objective Value (calc): 650.346051
sum_etaM = 395.908895 / 395.908895
sum_etaP = 678.634308 / 678.616846
nL: 80
nCL: 0
mCL: 1
