Version identifier: 20.1.0.0 | 2020-11-10 | 9bedb6d68
CPXPARAM_Threads                                 1
CPXPARAM_TimeLimit                               3600
CPXPARAM_MIP_Tolerances_MIPGap                   0
Generic callback                                 0x60
1 of 1 MIP starts provided solutions.
MIP start 'm1' defined initial solution with objective 400.5007.
Tried aggregator 2 times.
MIP Presolve eliminated 33 rows and 20 columns.
MIP Presolve modified 384 coefficients.
Aggregator did 13 substitutions.
Reduced MIP has 1567 rows, 1967 columns, and 12099 nonzeros.
Reduced MIP has 490 binaries, 477 generals, 0 SOSs, and 0 indicators.
Presolve time = 0.01 sec. (4.33 ticks)
Probing time = 0.00 sec. (0.67 ticks)
Tried aggregator 1 time.
Reduced MIP has 1567 rows, 1967 columns, and 12099 nonzeros.
Reduced MIP has 490 binaries, 477 generals, 0 SOSs, and 0 indicators.
Presolve time = 0.00 sec. (2.53 ticks)
Probing time = 0.00 sec. (0.67 ticks)
MIP emphasis: balance optimality and feasibility.
MIP search method: dynamic search.
Parallel mode: none, using 1 thread.
Root relaxation solution time = 0.04 sec. (46.13 ticks)

        Nodes                                         Cuts/
   Node  Left     Objective  IInf  Best Integer    Best Bound    ItCnt     Gap

*     0+    0                          400.5007      500.0000            24.84%
      0     0      485.8984   327      400.5007      485.8984     1113   21.32%
      0     0      404.0970   264      400.5007     Cuts: 491     1396    0.90%
      0     0      402.7942   285      400.5007     Cuts: 327     1656    0.57%
      0     0      402.3565   291      400.5007     Cuts: 171     1825    0.46%
      0     0      402.2290   291      400.5007     Cuts: 123     1951    0.43%
      0     0      402.1926   287      400.5007      Cuts: 79     2035    0.42%
      0     0      402.1596   302      400.5007      Cuts: 70     2103    0.41%
      0     0      402.1395   303      400.5007      Cuts: 54     2177    0.41%
      0     0      402.1185   291      400.5007      Cuts: 28     2229    0.40%
      0     0      402.1049   299      400.5007      Cuts: 29     2285    0.40%
      0     0      402.0968   301      400.5007 UserPurge2: 45     2324    0.40%
      0     0      402.0929   293      400.5007 UserPurge2: 7     2341    0.40%
      0     0      402.0920   299      400.5007 UserPurge2: 10     2357    0.40%
      0     0      402.0918   299      400.5007 UserPurge2: 2     2360    0.40%
      0     0      402.0918   299      400.5007 UserPurge2: 1     2362    0.40%
      0     2      402.0918   299      400.5007      402.0900     2362    0.40%
Elapsed time = 1.70 sec. (1056.31 ticks, tree = 0.01 MB, solutions = 1)
     20    22      401.6692   286      400.5007      402.0888     3094    0.40%
     35    37      400.9498   239      400.5007      402.0888     4085    0.40%
     63    59      401.8066   288      400.5007      402.0885     5219    0.40%
     80    76      401.0042   264      400.5007      402.0885     6206    0.40%
    110   102      401.7877   291      400.5007      402.0869     7206    0.40%
    125   117      401.0117   281      400.5007      402.0869     8124    0.40%
    159   147      400.5329   203      400.5007      402.0869     8820    0.40%
    175   158      401.4987   310      400.5007      402.0723     9664    0.39%
    193   176      400.7546   277      400.5007      402.0723    10599    0.39%
    262   235      401.5839   331      400.5007      402.0674    13757    0.39%
Elapsed time = 11.73 sec. (4274.71 ticks, tree = 0.52 MB, solutions = 1)
    360   317        cutoff            400.5007      402.0672    17711    0.39%
    480   420      401.2425   308      400.5007      402.0621    22174    0.39%

Performing restart 1

Repeating presolve.
Tried aggregator 1 time.
MIP Presolve eliminated 36 rows and 18 columns.
MIP Presolve modified 198 coefficients.
Reduced MIP has 1531 rows, 1949 columns, and 12027 nonzeros.
Reduced MIP has 490 binaries, 459 generals, 0 SOSs, and 0 indicators.
Presolve time = 0.00 sec. (3.30 ticks)
Tried aggregator 1 time.
Reduced MIP has 1531 rows, 1949 columns, and 12027 nonzeros.
Reduced MIP has 490 binaries, 459 generals, 0 SOSs, and 0 indicators.
Presolve time = 0.00 sec. (2.90 ticks)
Represolve time = 0.03 sec. (16.40 ticks)
    498     0      401.6149   251      400.5007     Cuts: 111    25766    0.28%
    498     0      401.5466   250      400.5007      Cuts: 54    25848    0.26%
    498     0      401.5121   232      400.5007   MIRcuts: 38    25897    0.25%
    498     0      401.5050   221      400.5007   MIRcuts: 32    25948    0.25%
    498     0      401.5038   220      400.5007    MIRcuts: 9    25978    0.25%
    498     0      401.5028   212      400.5007      Cuts: 11    25988    0.25%
    498     0      401.5026   204      400.5007    MIRcuts: 1    25994    0.25%
    498     0      401.5025   214      400.5007    MIRcuts: 1    26003    0.25%
    498     0      401.5023   212      400.5007    MIRcuts: 2    26011    0.25%
    498     0      401.5019   212      400.5007    MIRcuts: 1    26013    0.25%
    498     0      401.4803   224      400.5007    MIRcuts: 7    26041    0.24%
    498     0      401.4789   227      400.5007    MIRcuts: 9    26062    0.24%
    498     0      401.4775   235      400.5007      Cuts: 12    26075    0.24%
    498     0      401.4758   237      400.5007    MIRcuts: 2    26078    0.24%
    498     0      401.4746   231      400.5007    MIRcuts: 2    26084    0.24%
    498     2      401.4746   245      400.5007      401.4672    26084    0.24%
    506     9      401.2846   225      400.5007      401.4365    26685    0.23%
    523    22      401.0643   185      400.5007      401.4365    27109    0.23%
    571    51      400.5585   215      400.5007      401.3386    28639    0.21%
    656   106      400.6415   196      400.5007      401.3145    31206    0.20%
    765   151      401.0671   215      400.5007      401.2870    34126    0.20%
    898   220      401.0863   219      400.5007      401.2389    37579    0.18%
   1058   318      400.5974    21      400.5007      401.2366    39844    0.18%
Elapsed time = 32.93 sec. (14966.89 ticks, tree = 0.89 MB, solutions = 1)
*  1083   243      integral     0      400.5971      401.2366    40047    0.16%
   1246   317      401.1831   259      400.5971      401.2076    43470    0.15%
   1431   398      400.7623   251      400.5971      401.1734    47990    0.14%
   1585   475      400.6132   141      400.5971      401.0979    52330    0.13%
   1712   525      400.7709   226      400.5971      401.0878    56474    0.12%
   1895   600      400.9241   231      400.5971      401.0796    60942    0.12%
*  2063   602      integral     0      400.6144      401.0691    64142    0.11%
   2094   612      401.0568   234      400.6144      401.0682    65111    0.11%
   2334   693        cutoff            400.6144      401.0542    69804    0.11%
   2550   775      400.8758   191      400.6144      401.0253    74861    0.10%
   2764   867      400.7844   236      400.6144      401.0049    80163    0.10%
   2921   924      400.7598   205      400.6144      400.9925    85173    0.09%
Elapsed time = 49.90 sec. (24619.16 ticks, tree = 1.85 MB, solutions = 3)
   3108   991      400.7081   220      400.6144      400.9617    89831    0.09%
   3334  1065      400.6359   158      400.6144      400.9488    94047    0.08%
   3540  1122      400.6409    69      400.6144      400.9291    98704    0.08%
*  3577  1096      integral     0      400.6171      400.9291    98931    0.08%
   3721  1130        cutoff            400.6171      400.9233   102357    0.08%
   3874  1171      400.7760   215      400.6171      400.9168   106813    0.07%
   4079  1233        cutoff            400.6171      400.9029   111347    0.07%
   4287  1303        cutoff            400.6171      400.8892   116312    0.07%
   4549  1374      400.8632   196      400.6171      400.8783   121316    0.07%
   4770  1434      400.7698   212      400.6171      400.8649   126239    0.06%
   5001  1497      400.6357   125      400.6171      400.8566   131194    0.06%
Elapsed time = 64.18 sec. (34326.58 ticks, tree = 3.07 MB, solutions = 4)
   5252  1534      400.7248   181      400.6171      400.8448   136189    0.06%
   5408  1570        cutoff            400.6171      400.8330   140111    0.05%
   5647  1628      400.6377   163      400.6171      400.8215   144958    0.05%
   5834  1652      400.7001   183      400.6171      400.8145   149040    0.05%
   6013  1696      400.7377   193      400.6171      400.8085   153000    0.05%
   6237  1740      400.6284   138      400.6171      400.8001   156971    0.05%
   6436  1731      400.7881   227      400.6171      400.7911   161100    0.04%
*  6658  1715      integral     0      400.6185      400.7836   164188    0.04%
   6699  1710      400.6589   217      400.6185      400.7815   165131    0.04%
   6917  1716      400.7644   220      400.6185      400.7738   169154    0.04%
   7171  1672      400.6579   190      400.6185      400.7613   173665    0.04%
Elapsed time = 78.01 sec. (43983.99 ticks, tree = 3.41 MB, solutions = 5)
   7429  1668        cutoff            400.6185      400.7527   178008    0.03%
*  7639  1517      integral     0      400.6248      400.7451   181040    0.03%
*  7640  1439      integral     0      400.6274      400.7451   181042    0.03%
   7753  1481      400.6326    14      400.6274      400.7433   182077    0.03%
*  7756  1412      integral     0      400.6300      400.7433   182085    0.03%
*  7757  1346      integral     0      400.6326      400.7433   182087    0.03%
   8037  1259        cutoff            400.6326      400.7265   186177    0.02%
   8301  1136      400.6386   138      400.6326      400.7072   189946    0.02%
*  8480   906      integral     0      400.6413      400.7008   191429    0.01%
*  8481   882      integral     0      400.6421      400.7008   191431    0.01%
   8652   845      400.6501   105      400.6421      400.6946   193304    0.01%
   9028   795      400.6421    83      400.6421      400.6850   197188    0.01%
*  9307   756      integral     0      400.6428      400.6808   199627    0.01%
*  9308   711      integral     0      400.6437      400.6808   199629    0.01%
   9453   710      400.6656   160      400.6437      400.6784   200971    0.01%
   9799   655      400.6634   125      400.6437      400.6718   204600    0.01%
  10145   563      400.6495   216      400.6437      400.6645   208003    0.01%
  10523   421      400.6494    90      400.6437      400.6570   211724    0.00%
Elapsed time = 93.73 sec. (53601.20 ticks, tree = 0.91 MB, solutions = 13)
  10869   215        cutoff            400.6437      400.6497   214428    0.00%

Flow cuts applied:  6
Mixed integer rounding cuts applied:  116
Lift and project cuts applied:  6
Gomory fractional cuts applied:  6
User cuts applied:  1270

Root node processing (before b&c):
  Real time             =    1.70 sec. (1054.92 ticks)
Sequential b&c:
  Real time             =   94.96 sec. (54457.01 ticks)
                          ------------
Total (root+branch&cut) =   96.66 sec. (55511.94 ticks)
|V|                                     500
K                                       167
theta                                   0.20
r                                       2
R                                       20
prob_func                               facility_mixture
mixture_low_share                       0.900000
mixture_low_interval                    [0.001000, 0.010000]
mixture_high_interval                   [0.100000, 0.500000]
mixture_seed                            1
#C1                                     716
#CP                                     14504

@Parameters: 
am_callback_heuristic                   false
am_local_search                         true
am_start_heuristic                      false
colocation                              true
comp                                    false
cutC                                    true
cutC_init                               false
cutF                                    true
cutF_init                               false
cutF_stable                             false
cutF_wrong                              false
cutLocal                                false
cutM                                    true
cutM_init                               true
cutM_stable                             false
cutP                                    true
cutP_init                               false
cutP_stable                             false
init                                    true
init_cutF_zero                          false
init_val_greedy                         true
is_Euclidean                            false
is_local_search                         false
is_right_cutP                           true
is_root                                 false
is_silent                               false
is_start                                false
mycut                                   false
pmed                                    false
pre                                     true
stable_root                             false
str                                     false
two_phase                               false
ubstr                                   false
mode                                    Int

am_callback_node_space                  50
init                                    0
mixture_seed                            1
node_space                              5
nodelimit                               -1
nsepa                                   1
strF                                    0
type_delta                              0

EPS                                     0.001000
EPS_FRAC                                0.00
gap                                     0.00
mixture_high_max                        0.50
mixture_high_min                        0.10
mixture_low_max                         0.01
mixture_low_min                         0.00
mixture_low_share                       0.90
timelimit                               3600.00

Number of Closed Sites: 10 / 1670 
Number of Confined Sites-1: 13 / 2158 
Number of Confined Sites-k: 477 / 15144 
Preprocess Time: 1.14 + 0.00 sec

Solve Time: 96.66
Number of Nodes: 11336
Termination Status: OPTIMAL

CutInfo: [phase] num / time (sec) / aver. num_nonzero
max              [LP]     0 / 0.00 / 0.00 [init]   321 / 0.01 / 1.53 [rLC]   205 / 0.01 / 2.86 [rUC]   287 / 0.05 / 4.05 [sLC]     0 / 0.04 / 0.00 [sUC]    61 / 1.54 / 5.05 
prod_oa          [LP]     0 / 0.00 / 0.00 [init]   291 / 0.00 / 29.60 [rLC]   251 / 0.01 / 18.31 [rUC]   482 / 0.06 / 36.36 [sLC]     0 / 0.04 / 0.00 [sUC]   505 / 2.25 / 31.56 
prod_sm_fixed    [LP]     0 / 0.00 / 0.00 [init]     0 / 0.00 / 0.00 [rLC]     0 / 0.00 / 0.00 [rUC]     0 / 0.00 / 0.00 [sLC]     0 / 0.00 / 0.00 [sUC]     0 / 0.00 / 0.00 
prod_bin         [LP]     0 / 0.00 / 0.00 [init]     0 / 0.00 / 0.00 [rLC]     0 / 0.00 / 0.00 [rUC]     0 / 0.00 / 0.00 [sLC]     0 / 0.00 / 0.00 [sUC]     0 / 0.00 / 0.00 
prod_local       [LP]     0 / 0.00 / 0.00 [init]     0 / 0.00 / 0.00 [rLC]     0 / 0.00 / 0.00 [rUC]     0 / 0.00 / 0.00 [sLC]     0 / 0.00 / 0.00 [sUC]     0 / 0.00 / 0.00 
prod_sm_C        [LP]     0 / 0.00 / 0.00 [init]     0 / 0.02 / 0.00 [rLC]     0 / 0.04 / 0.00 [rUC]   786 / 0.37 / 33.40 [sLC]     0 / 0.23 / 0.00 [sUC]   898 / 12.55 / 35.49 
facet            [LP]     0 / 0.00 / 0.00 [init]     0 / 0.00 / 0.00 [rLC]     0 / 0.00 / 0.00 [rUC]   786 / 0.00 / 0.00 [sLC]     0 / 0.00 / 0.00 [sUC]   898 / 0.00 / 0.00 
Separation Round:   [LP] 0  [init] 1  [rLC] 2  [rUC] 16  [sLC] 12  [sUC] 15797  
Root Best Bound 402.088754
Root Best Integer: 400.500673
Best Bound: 400.644111
Best Integer: 400.643653
1: 1, 2, 3, 6, 12, 17, 18, 24, 30, 47, 56, 61, 65, 66, 69, 72, 77, 80, 81, 82, 92, 94, 97, 100, 106, 109, 113, 116, 117, 119, 123, 125, 126, 129, 130, 136, 139, 140, 143, 146, 148, 150, 152, 153, 163, 165, 175, 181, 182, 183, 185, 186, 195, 204, 209, 210, 212, 214, 220, 221, 222, 225, 226, 229, 233, 234, 237, 238, 240, 241, 242, 245, 259, 260, 262, 273, 277, 280, 282, 287, 295, 300, 302, 306, 310, 311, 319, 320, 325, 326, 327, 328, 329, 333, 349, 363, 365, 366, 367, 368, 374, 376, 377, 378, 379, 394, 396, 400, 401, 403, 412, 418, 422, 423, 426, 428, 432, 436, 437, 440, 441, 447, 449, 450, 451, 452, 453, 458, 459, 464, 476, 477, 487, 494, 495, 498, 500
2: 122, 138, 485
3: 5, 16, 85, 103, 205, 298, 343, 399
Objective Value (calc): 400.630142
sum_etaM = 305.835272 / 305.834344
sum_etaP = 424.345749 / 424.329091
nL: 148
nCL: 11
mCL: 3
