Version identifier: 20.1.0.0 | 2020-11-10 | 9bedb6d68
CPXPARAM_Threads                                 1
CPXPARAM_TimeLimit                               3600
CPXPARAM_MIP_Tolerances_MIPGap                   0
Generic callback                                 0x60
1 of 1 MIP starts provided solutions.
MIP start 'm1' defined initial solution with objective 121.6560.
Tried aggregator 1 time.
MIP Presolve eliminated 2 rows and 2 columns.
Reduced MIP has 273 rows, 598 columns, and 1218 nonzeros.
Reduced MIP has 198 binaries, 0 generals, 0 SOSs, and 0 indicators.
Presolve time = 0.00 sec. (0.47 ticks)
Probing time = 0.00 sec. (0.07 ticks)
Tried aggregator 1 time.
Reduced MIP has 273 rows, 598 columns, and 1218 nonzeros.
Reduced MIP has 198 binaries, 0 generals, 0 SOSs, and 0 indicators.
Presolve time = 0.00 sec. (0.45 ticks)
Probing time = 0.00 sec. (0.07 ticks)
MIP emphasis: balance optimality and feasibility.
MIP search method: dynamic search.
Parallel mode: none, using 1 thread.
Root relaxation solution time = 0.00 sec. (1.47 ticks)

        Nodes                                         Cuts/
   Node  Left     Objective  IInf  Best Integer    Best Bound    ItCnt     Gap

*     0+    0                          121.6560      200.0000            64.40%
      0     0      182.9383    23      121.6560      182.9383      283   50.37%
      0     0      132.3957    34      121.6560     Cuts: 168      465    8.83%
      0     0      130.7359    40      121.6560     Cuts: 127      581    7.46%
      0     0      129.8565    46      121.6560      Cuts: 98      661    6.74%
      0     0      129.6589    45      121.6560      Cuts: 47      709    6.58%
      0     0      129.6412    40      121.6560      Cuts: 45      722    6.56%
      0     0      129.5950    36      121.6560      Cuts: 17      738    6.53%
      0     0      129.5525    39      121.6560      Cuts: 31      751    6.49%
      0     0      129.5224    33      121.6560       Cuts: 6      762    6.47%
      0     0      129.5174    35      121.6560 UserPurge2: 12      767    6.46%
      0     0      129.5033    35      121.6560      Cuts: 17      769    6.45%
      0     0      129.4961    35      121.6560 UserPurge2: 8      773    6.44%
      0     0      129.4954    35      121.6560 UserPurge2: 1      775    6.44%
      0     0      129.4724    35      121.6560 UserPurge2: 3      779    6.43%
      0     0      129.4714    34      121.6560 UserPurge2: 18      782    6.42%
      0     0      129.4662    34      121.6560 UserPurge2: 2      784    6.42%
      0     0      129.4598    34      121.6560 UserPurge2: 1      786    6.41%
      0     2      129.4598    34      121.6560      129.4598      786    6.41%
Elapsed time = 0.40 sec. (91.78 ticks, tree = 0.01 MB, solutions = 1)
*   158   158      integral     0      125.2300      129.4598     3311    3.38%
*   159   157      integral     0      125.4432      129.4598     3329    3.20%
*   198    56      integral     0      128.3619      129.4422     3624    0.84%
*   266    75      integral     0      128.4198      129.2931     4588    0.68%
*   313    85      integral     0      128.4206      129.2719     5053    0.66%
*   358    89      integral     0      128.4527      129.2142     5594    0.59%

Flow cuts applied:  5
Mixed integer rounding cuts applied:  42
Gomory fractional cuts applied:  2
User cuts applied:  648

Root node processing (before b&c):
  Real time             =    0.40 sec. (91.80 ticks)
Sequential b&c:
  Real time             =   10.00 sec. (413.78 ticks)
                          ------------
Total (root+branch&cut) =   10.41 sec. (505.58 ticks)
|V|                                     200
K                                       67
theta                                   0.20
r                                       1
R                                       20
prob_func                               facility_mixture
mixture_low_share                       0.500000
mixture_low_interval                    [0.001000, 0.010000]
mixture_high_interval                   [0.100000, 0.500000]
mixture_seed                            1
#C1                                     214
#CP                                     1014

@Parameters: 
am_callback_heuristic                   false
am_local_search                         true
am_start_heuristic                      false
colocation                              false
comp                                    false
cutC                                    true
cutC_init                               false
cutF                                    true
cutF_init                               false
cutF_stable                             false
cutF_wrong                              false
cutLocal                                false
cutM                                    true
cutM_init                               true
cutM_stable                             false
cutP                                    true
cutP_init                               false
cutP_stable                             false
init                                    true
init_cutF_zero                          false
init_val_greedy                         true
is_Euclidean                            false
is_local_search                         true
is_right_cutP                           true
is_root                                 false
is_silent                               false
is_start                                false
mycut                                   false
pmed                                    false
pre                                     true
stable_root                             false
str                                     false
two_phase                               false
ubstr                                   false
mode                                    Bin

am_callback_node_space                  50
init                                    0
mixture_seed                            1
node_space                              5
nodelimit                               -1
nsepa                                   1
strF                                    0
type_delta                              0

EPS                                     0.001000
EPS_FRAC                                0.00
gap                                     0.00
mixture_high_max                        0.50
mixture_high_min                        0.10
mixture_low_max                         0.01
mixture_low_min                         0.00
mixture_low_share                       0.50
timelimit                               3600.00

Number of Closed Sites: 2 / 134 
Number of Confined Sites-1: 30 / 1980 
Number of Confined Sites-k: 168 / 3830 
Preprocess Time: 0.17 + 0.00 sec

Solve Time: 10.41
Number of Nodes: 742
Termination Status: OPTIMAL

CutInfo: [phase] num / time (sec) / aver. num_nonzero
max              [LP]     0 / 0.00 / 0.00 [init]   136 / 0.02 / 1.09 [rLC]   127 / 0.03 / 3.20 [rUC]   227 / 0.06 / 2.79 [sLC]     0 / 0.01 / 0.00 [sUC]    92 / 0.19 / 3.48 
prod_oa          [LP]     0 / 0.00 / 0.00 [init]     0 / 0.00 / 0.00 [rLC]     0 / 0.00 / 0.00 [rUC]     0 / 0.00 / 0.00 [sLC]     0 / 0.00 / 0.00 [sUC]     0 / 0.00 / 0.00 
prod_sm_fixed    [LP]     0 / 0.00 / 0.00 [init]     0 / 0.00 / 0.00 [rLC]     0 / 0.00 / 0.00 [rUC]     0 / 0.00 / 0.00 [sLC]     0 / 0.00 / 0.00 [sUC]     0 / 0.00 / 0.00 
prod_bin         [LP]     0 / 0.00 / 0.00 [init]   136 / 0.01 / 0.00 [rLC]   232 / 0.01 / 0.00 [rUC]   357 / 0.02 / 0.00 [sLC]    12 / 0.00 / 0.00 [sUC]   226 / 0.03 / 0.00 
prod_local       [LP]     0 / 0.00 / 0.00 [init]     0 / 0.00 / 0.00 [rLC]     0 / 0.00 / 0.00 [rUC]     0 / 0.00 / 0.00 [sLC]     0 / 0.00 / 0.00 [sUC]     0 / 0.00 / 0.00 
prod_sm_C        [LP]     0 / 0.00 / 0.00 [init]     0 / 0.00 / 0.00 [rLC]     0 / 0.00 / 0.00 [rUC]     0 / 0.00 / 0.00 [sLC]     0 / 0.00 / 0.00 [sUC]     0 / 0.00 / 0.00 
facet            [LP]     0 / 0.00 / 0.00 [init]     0 / 0.00 / 0.00 [rLC]     0 / 0.00 / 0.00 [rUC]     0 / 0.00 / 0.00 [sLC]     0 / 0.00 / 0.00 [sUC]     0 / 0.00 / 0.00 
Separation Round:   [LP] 0  [init] 1  [rLC] 4  [rUC] 18  [sLC] 8  [sUC] 1196  
Root Best Bound 129.459810
Root Best Integer: 121.655960
Best Bound: 128.452817
Best Integer: 128.452673
1: 1, 2, 3, 4, 11, 14, 15, 16, 18, 19, 21, 27, 33, 35, 42, 43, 44, 45, 46, 47, 49, 54, 55, 62, 63, 65, 71, 75, 76, 83, 85, 87, 90, 92, 98, 101, 102, 103, 105, 109, 113, 115, 117, 121, 128, 129, 130, 136, 138, 142, 147, 149, 152, 153, 164, 167, 173, 175, 176, 177, 179, 181, 183, 188, 198, 199, 200
Objective Value (calc): 128.452673
sum_etaM = 113.630958 / 113.630958
sum_etaP = 132.158101 / 132.158101
nL: 67
nCL: 0
mCL: 1
