Version identifier: 20.1.0.0 | 2020-11-10 | 9bedb6d68
CPXPARAM_Threads                                 1
CPXPARAM_TimeLimit                               3600
CPXPARAM_MIP_Tolerances_MIPGap                   0
Generic callback                                 0x60
1 of 1 MIP starts provided solutions.
MIP start 'm1' defined initial solution with objective 281.4430.
Tried aggregator 2 times.
MIP Presolve eliminated 40 rows and 26 columns.
Aggregator did 14 substitutions.
Reduced MIP has 1329 rows, 1560 columns, and 6616 nonzeros.
Reduced MIP has 387 binaries, 373 generals, 0 SOSs, and 0 indicators.
Presolve time = 0.00 sec. (3.14 ticks)
Probing time = 0.00 sec. (0.36 ticks)
Tried aggregator 1 time.
Reduced MIP has 1329 rows, 1560 columns, and 6616 nonzeros.
Reduced MIP has 387 binaries, 373 generals, 0 SOSs, and 0 indicators.
Presolve time = 0.00 sec. (1.84 ticks)
Probing time = 0.00 sec. (0.36 ticks)
MIP emphasis: balance optimality and feasibility.
MIP search method: dynamic search.
Parallel mode: none, using 1 thread.
Root relaxation solution time = 0.02 sec. (13.45 ticks)

        Nodes                                         Cuts/
   Node  Left     Objective  IInf  Best Integer    Best Bound    ItCnt     Gap

*     0+    0                          281.4430      400.0000            42.12%
      0     0      319.9606   111      281.4430      319.9606     1035   13.69%
      0     0      286.8011   235      281.4430     Cuts: 432     1531    1.90%
      0     0      285.5209   271      281.4430     Cuts: 336     1883    1.45%
      0     0      284.7850   286      281.4430     Cuts: 280     2194    1.19%
      0     0      284.4386   269      281.4430     Cuts: 216     2449    1.06%
      0     0      284.2836   281      281.4430     Cuts: 186     2673    1.01%
      0     0      284.1698   306      281.4430     Cuts: 136     2883    0.97%
      0     0      284.1055   328      281.4430     Cuts: 115     3029    0.95%
      0     0      284.0455   324      281.4430      Cuts: 95     3198    0.92%
      0     0      284.0312   303      281.4430      Cuts: 98     3277    0.92%
      0     0      284.0157   334      281.4430      Cuts: 59     3347    0.91%
      0     0      283.9965   312      281.4430      Cuts: 90     3420    0.91%
      0     0      283.9780   310      281.4430      Cuts: 48     3479    0.90%
      0     0      283.9661   319      281.4430 UserPurge2: 52     3540    0.90%
      0     0      283.9616   323      281.4430 UserPurge2: 39     3585    0.89%
      0     0      283.9609   323      281.4430 UserPurge2: 9     3602    0.89%
      0     0      283.9608   325      281.4430 UserPurge2: 5     3608    0.89%
      0     0      283.9606   323      281.4430 UserPurge2: 4     3616    0.89%
      0     0      283.9605   321      281.4430 UserPurge2: 7     3620    0.89%
      0     0      283.9605   319      281.4430 UserPurge2: 2     3622    0.89%
      0     0      283.9603   317      281.4430 UserPurge2: 10     3637    0.89%
      0     0      283.9602   319      281.4430 UserPurge2: 13     3647    0.89%
      0     0      283.9601   323      281.4430 UserPurge2: 6     3656    0.89%
      0     0      283.9601   323      281.4430 UserPurge2: 1     3658    0.89%
      0     0      283.9600   323      281.4430 UserPurge2: 2     3662    0.89%
      0     2      283.9600   323      281.4430      283.9600     3662    0.89%
Elapsed time = 2.53 sec. (2062.77 ticks, tree = 0.01 MB, solutions = 1)
      8    10      283.7660   303      281.4430      283.9600     5562    0.89%
     13    15      283.4113   271      281.4430      283.9600     7008    0.89%
     18    20      283.2349   261      281.4430      283.9600     8899    0.89%
     21    23      283.0029   262      281.4430      283.9600    10130    0.89%
     26    28      282.7312   259      281.4430      283.9600    11784    0.89%
     30    32      282.3346   223      281.4430      283.9600    13238    0.89%
     36    38      282.0699   186      281.4430      283.9600    14896    0.89%
     41    43      281.7540   205      281.4430      283.9600    16535    0.89%
     47    49      281.5207   174      281.4430      283.9600    17964    0.89%
     62    60      283.2504   262      281.4430      283.9409    22006    0.89%
Elapsed time = 9.83 sec. (5475.23 ticks, tree = 0.51 MB, solutions = 1)
     78    76      282.5517   237      281.4430      283.9409    26792    0.89%
     99    97      281.7843    95      281.4430      283.9409    30990    0.89%
*   100+   87                          281.6974      283.9409             0.80%
*   100+   87                          281.7277      283.9409             0.79%
    110    95      283.3054   290      281.7277      283.9404    35490    0.79%
*   130+   99                          281.9705      283.9404             0.70%
    130   101      282.3627   239      281.9705      283.9404    39181    0.70%
*   140+  107                          282.0166      283.9404             0.68%
    150   117      282.8297   304      282.0166      283.7985    43549    0.63%
    167   130      283.6097   304      282.0166      283.7971    48132    0.63%
    177   140      282.9029   248      282.0166      283.7971    51570    0.63%
    190   153      282.4802   235      282.0166      283.7971    54804    0.63%
*   200+  126                          282.4435      283.7971             0.48%
    210   135      282.9696   301      282.4435      283.7965    59471    0.48%
    226   146      283.5227   307      282.4435      283.7965    63414    0.48%
Elapsed time = 22.07 sec. (16327.39 ticks, tree = 0.89 MB, solutions = 6)
    245   165      282.5622   241      282.4435      283.7965    67715    0.48%
    260   174      283.1212   296      282.4435      283.7960    72146    0.48%
    279   189      283.2043   294      282.4435      283.7869    75991    0.48%
    292   200        cutoff            282.4435      283.7869    79488    0.48%
    303   209      282.9065   288      282.4435      283.7868    83242    0.48%
    317   219      283.2548   314      282.4435      283.7654    86869    0.47%
    326   228      282.5237   276      282.4435      283.7654    90382    0.47%
    340   238      282.9589   277      282.4435      283.7645    93882    0.47%
    358   252      283.2854   285      282.4435      283.7173    98186    0.45%
    371   265      282.6420   219      282.4435      283.7173   101120    0.45%
Elapsed time = 33.23 sec. (26190.02 ticks, tree = 1.27 MB, solutions = 6)
    386   276      282.8702   280      282.4435      283.7093   105049    0.45%
    400   286      283.3958   295      282.4435      283.6766   108632    0.44%
    415   296      283.5659   305      282.4435      283.6668   112722    0.43%
    420   301      283.3050   293      282.4435      283.6668   114567    0.43%
    430   311      282.5610   261      282.4435      283.6668   118125    0.43%
    441   318      282.9560   280      282.4435      283.6655   121269    0.43%
    459   332      283.3075   285      282.4435      283.6248   125655    0.42%
    470   343      282.6275   236      282.4435      283.6248   128543    0.42%

Performing restart 1

Repeating presolve.
Tried aggregator 1 time.
MIP Presolve modified 155 coefficients.
Reduced MIP has 1329 rows, 1560 columns, and 6616 nonzeros.
Reduced MIP has 387 binaries, 373 generals, 0 SOSs, and 0 indicators.
Presolve time = 0.00 sec. (1.91 ticks)
Tried aggregator 1 time.
Reduced MIP has 1329 rows, 1560 columns, and 6616 nonzeros.
Reduced MIP has 387 binaries, 373 generals, 0 SOSs, and 0 indicators.
Presolve time = 0.00 sec. (1.89 ticks)
Represolve time = 0.03 sec. (18.26 ticks)
    478     0      283.6196   364      282.4435     Cuts: 130   134153    0.42%
    478     0      283.5565   348      282.4435      Cuts: 41   134267    0.39%
    478     0      283.5373   335      282.4435      Cuts: 32   134331    0.39%
    478     0      283.5239   303      282.4435      Cuts: 24   134404    0.38%
    478     0      283.5195   327      282.4435      Cuts: 21   134440    0.38%
    478     0      283.5153   323      282.4435      Cuts: 20   134495    0.38%
    478     0      283.5097   319      282.4435      Cuts: 19   134541    0.38%
    478     0      283.5061   304      282.4435      Cuts: 24   134592    0.38%
    478     0      283.5048   301      282.4435      Cuts: 14   134620    0.38%
    478     0      283.5037   313      282.4435   MIRcuts: 16   134671    0.38%
    478     0      283.4917   295      282.4435      Cuts: 32   134732    0.37%
    478     0      283.4878   323      282.4435      Cuts: 19   134781    0.37%
    478     0      283.4854   320      282.4435      Cuts: 24   134832    0.37%
    478     0      283.4822   294      282.4435      Cuts: 19   134876    0.37%
    478     0      283.4811   321      282.4435      Cuts: 10   134901    0.37%
    478     0      283.4777   316      282.4435      Cuts: 21   134938    0.37%
    478     2      283.4777   316      282.4435      283.4775   134938    0.37%
    479     3      283.4350   304      282.4435      283.4346   135036    0.35%
Elapsed time = 47.50 sec. (39339.56 ticks, tree = 0.01 MB, solutions = 6)
    480     4      283.2435   326      282.4435      283.4267   136721    0.35%
    481     5      283.2386   307      282.4435      283.4267   136842    0.35%
    483     7      283.1998   322      282.4435      283.4267   137359    0.35%
    486    10      283.1268   337      282.4435      283.4267   138300    0.35%
    495    16      282.5869   276      282.4435      283.4267   140240    0.35%
    509    25      283.1666   339      282.4435      283.4138   143297    0.34%
    521    37      282.8343   288      282.4435      283.4138   146842    0.34%
    545    58      282.5222   184      282.4435      283.4138   152076    0.34%
*   578+   69                          282.4436      283.4138             0.34%
    585    71      283.3225   310      282.4436      283.3663   156756    0.33%
    598    84      282.8488   276      282.4436      283.3663   160883    0.33%
Elapsed time = 60.77 sec. (52936.99 ticks, tree = 0.17 MB, solutions = 7)
    640   118      283.0803   325      282.4436      283.3223   164375    0.31%
    660   134      283.0614   305      282.4436      283.2894   167221    0.30%
    680   149      282.7023   317      282.4436      283.2851   170408    0.30%
    694   157      283.1147   325      282.4436      283.2470   173928    0.28%
    716   179      282.6272   205      282.4436      283.2470   178009    0.28%
    742   196      282.7196   328      282.4436      283.2402   180896    0.28%
    758   207      282.8181   313      282.4436      283.2132   184206    0.27%
*   778+  214                          282.4648      283.2132             0.26%
*   798+  227                          282.4660      283.2132             0.26%
    798   229      282.4737    16      282.4660      283.2132   187268    0.26%
    828   254      282.5169   209      282.4660      283.2041   190479    0.26%
*   838+  256                          282.4716      283.2041             0.26%
    868   276      282.8194   289      282.4716      283.1996   193192    0.26%
Elapsed time = 71.85 sec. (62920.67 ticks, tree = 2.40 MB, solutions = 10)
    897   295      282.7431   238      282.4716      283.1781   195946    0.25%
    921   315      282.9382   320      282.4716      283.1756   198217    0.25%
    958   348      282.7131   277      282.4716      283.1736   201118    0.25%
    993   372      282.9588   331      282.4716      283.1290   204938    0.23%
   1026   394      282.9484   317      282.4716      283.1267   208328    0.23%
   1058   421      282.9592   288      282.4716      283.1266   210990    0.23%
*  1098+  295                          282.5844      283.1266             0.19%
   1108   300      283.0494   332      282.5844      283.1125   213889    0.19%
   1143   330      282.8964   324      282.5844      283.1077   216932    0.19%
   1159   342      282.9139   281      282.5844      283.1077   219656    0.19%
   1195   362      282.9672   319      282.5844      283.1004   222529    0.18%
Elapsed time = 82.66 sec. (73088.93 ticks, tree = 5.44 MB, solutions = 11)
*  1218+  314                          282.6389      283.1004             0.16%
*  1218+  308                          282.6456      283.1004             0.16%
   1234   314      282.8798   301      282.6456      283.0971   224660    0.16%
   1260   326      282.7807   322      282.6456      283.0911   228213    0.16%
   1288   342      282.6789   287      282.6456      283.0762   231711    0.15%
   1309   351      282.7322   290      282.6456      283.0678   234818    0.15%
   1330   362      282.9127   305      282.6456      283.0677   238070    0.15%
   1369   392      282.9257   302      282.6456      283.0571   241529    0.15%
   1394   409      282.8705   321      282.6456      283.0444   244941    0.14%
   1415   420      282.7970   276      282.6456      283.0380   248417    0.14%
   1432   433      282.6528   247      282.6456      283.0286   251016    0.14%
   1456   444      282.7008   299      282.6456      283.0254   254554    0.13%
Elapsed time = 92.71 sec. (83068.09 ticks, tree = 5.27 MB, solutions = 13)
   1478   454      282.9063   330      282.6456      283.0093   257451    0.13%
   1498   464      282.7559   308      282.6456      283.0056   260148    0.13%
   1526   477      282.8983   314      282.6456      283.0006   264037    0.13%
   1551   492      282.7256   254      282.6456      283.0003   267569    0.13%
   1575   497        cutoff            282.6456      282.9886   271173    0.12%
   1599   505      282.6634   295      282.6456      282.9819   273967    0.12%
   1620   514      282.6599   248      282.6456      282.9731   276735    0.12%
   1645   527      282.6634   231      282.6456      282.9682   280625    0.11%
   1669   540      282.6875   221      282.6456      282.9675   283558    0.11%
   1700   556      282.7909   294      282.6456      282.9659   288203    0.11%
Elapsed time = 102.16 sec. (93003.12 ticks, tree = 6.13 MB, solutions = 13)
   1721   565      282.8432   324      282.6456      282.9638   291406    0.11%
   1743   575      282.6652   287      282.6456      282.9575   295333    0.11%
   1760   580      282.6834   303      282.6456      282.9571   298024    0.11%
   1781   582        cutoff            282.6456      282.9472   301882    0.11%
   1802   588      282.7545   295      282.6456      282.9440   304858    0.11%
*  1818+  591                          282.6467      282.9439             0.11%
*  1818+  591                          282.6467      282.9439             0.11%
*  1818+  549                          282.6574      282.9439             0.10%
   1818   551      282.7386   240      282.6574      282.9439   307425    0.10%
   1845   561      282.7399   269      282.6574      282.9395   310470    0.10%
   1871   565      282.8004   276      282.6574      282.9347   313547    0.10%
   1895   573      282.6862   312      282.6574      282.9228   316777    0.09%
*  1978+  515                          282.6860      282.9097             0.08%
   2017   521      282.8235   276      282.6860      282.9059   327712    0.08%
Elapsed time = 114.31 sec. (105576.54 ticks, tree = 4.89 MB, solutions = 17)
   2105   523        cutoff            282.6860      282.8825   338332    0.07%
   2212   532        cutoff            282.6860      282.8591   350501    0.06%
   2331   558        cutoff            282.6860      282.8374   361086    0.05%
   2483   560        cutoff            282.6860      282.8070   373947    0.04%
   2629   551      282.7336   248      282.6860      282.7854   384922    0.04%
   2798   520      282.7334   253      282.6860      282.7669   396644    0.03%
   3001   482        cutoff            282.6860      282.7456   409306    0.02%
   3259   319        cutoff            282.6860      282.7191   422057    0.01%

Implied bound cuts applied:  1
Flow cuts applied:  27
Mixed integer rounding cuts applied:  153
Lift and project cuts applied:  13
Gomory fractional cuts applied:  5
User cuts applied:  2144

Root node processing (before b&c):
  Real time             =    2.53 sec. (2062.75 ticks)
Sequential b&c:
  Real time             =  141.91 sec. (136135.85 ticks)
                          ------------
Total (root+branch&cut) =  144.43 sec. (138198.60 ticks)
|V|                                     400
K                                       80
theta                                   0.20
r                                       2
R                                       20
prob_func                               facility_mixture
mixture_low_share                       0.100000
mixture_low_interval                    [0.001000, 0.010000]
mixture_high_interval                   [0.100000, 0.500000]
mixture_seed                            1
#C1                                     526
#CP                                     5222

@Parameters: 
am_callback_heuristic                   false
am_local_search                         true
am_start_heuristic                      false
colocation                              true
comp                                    false
cutC                                    true
cutC_init                               false
cutF                                    true
cutF_init                               false
cutF_stable                             false
cutF_wrong                              false
cutLocal                                false
cutM                                    true
cutM_init                               true
cutM_stable                             false
cutP                                    true
cutP_init                               false
cutP_stable                             false
init                                    true
init_cutF_zero                          false
init_val_greedy                         true
is_Euclidean                            false
is_local_search                         true
is_right_cutP                           true
is_root                                 false
is_silent                               false
is_start                                false
mycut                                   false
pmed                                    false
pre                                     true
stable_root                             false
str                                     true
two_phase                               false
ubstr                                   false
mode                                    Int

am_callback_node_space                  50
init                                    0
mixture_seed                            1
node_space                              5
nodelimit                               -1
nsepa                                   1
strF                                    0
type_delta                              0

EPS                                     0.001000
EPS_FRAC                                0.00
gap                                     0.00
mixture_high_max                        0.50
mixture_high_min                        0.10
mixture_low_max                         0.01
mixture_low_min                         0.00
mixture_low_share                       0.10
timelimit                               3600.00

Number of Closed Sites: 13 / 1040 
Number of Confined Sites-1: 14 / 1106 
Number of Confined Sites-k: 373 / 7797 
Preprocess Time: 1.04 + 0.00 sec

Solve Time: 144.43
Number of Nodes: 3596
Termination Status: OPTIMAL

CutInfo: [phase] num / time (sec) / aver. num_nonzero
max              [LP]     0 / 0.00 / 0.00 [init]   291 / 0.00 / 1.55 [rLC]   231 / 0.01 / 5.04 [rUC]   500 / 0.06 / 2.88 [sLC]     0 / 0.05 / 0.00 [sUC]   424 / 1.52 / 3.73 
prod_oa          [LP]     0 / 0.00 / 0.00 [init]   291 / 0.00 / 12.77 [rLC]   295 / 0.00 / 14.58 [rUC]   382 / 0.07 / 17.00 [sLC]    34 / 0.05 / 20.18 [sUC]   795 / 1.93 / 18.01 
prod_sm_fixed    [LP]     0 / 0.00 / 0.00 [init]     0 / 0.00 / 0.00 [rLC]     0 / 0.00 / 0.00 [rUC]     0 / 0.00 / 0.00 [sLC]     0 / 0.00 / 0.00 [sUC]     0 / 0.00 / 0.00 
prod_bin         [LP]     0 / 0.00 / 0.00 [init]     0 / 0.00 / 0.00 [rLC]     0 / 0.00 / 0.00 [rUC]     0 / 0.00 / 0.00 [sLC]     0 / 0.00 / 0.00 [sUC]     0 / 0.00 / 0.00 
prod_local       [LP]     0 / 0.00 / 0.00 [init]     0 / 0.00 / 0.00 [rLC]     0 / 0.00 / 0.00 [rUC]     0 / 0.00 / 0.00 [sLC]     0 / 0.00 / 0.00 [sUC]     0 / 0.00 / 0.00 
prod_sm_C        [LP]     0 / 0.00 / 0.00 [init]     0 / 0.01 / 0.00 [rLC]     0 / 0.01 / 0.00 [rUC]  1139 / 0.27 / 28.14 [sLC]     0 / 0.16 / 0.00 [sUC]  2595 / 7.63 / 34.40 
facet            [LP]     0 / 0.00 / 0.00 [init]     0 / 0.00 / 0.00 [rLC]     0 / 0.00 / 0.00 [rUC]  1139 / 0.00 / 0.00 [sLC]     0 / 0.00 / 0.00 [sUC]  2595 / 0.00 / 0.00 
Separation Round:   [LP] 0  [init] 1  [rLC] 2  [rUC] 24  [sLC] 22  [sUC] 5019  
Root Best Bound 283.959963
Root Best Integer: 281.442953
Best Bound: 282.695708
Best Integer: 282.685962
1: 4, 5, 11, 13, 15, 20, 22, 30, 32, 33, 34, 35, 39, 43, 56, 59, 60, 72, 79, 83, 85, 109, 111, 120, 126, 132, 134, 135, 137, 143, 149, 157, 161, 163, 167, 172, 174, 178, 183, 185, 189, 197, 201, 209, 212, 227, 237, 238, 241, 245, 246, 265, 292, 294, 298, 309, 311, 317, 325, 332, 333, 334, 335, 341, 345, 346, 351, 352, 358, 360, 362, 363, 368, 376, 379, 384, 393, 398
2: 284
Objective Value (calc): 282.685220
sum_etaM = 225.797922 / 225.797922
sum_etaP = 296.907972 / 296.907044
nL: 79
nCL: 1
mCL: 2
