Version identifier: 20.1.0.0 | 2020-11-10 | 9bedb6d68
CPXPARAM_Threads                                 1
CPXPARAM_TimeLimit                               3600
CPXPARAM_MIP_Tolerances_MIPGap                   0
Generic callback                                 0x60
1 of 1 MIP starts provided solutions.
MIP start 'm1' defined initial solution with objective 574.7715.
Tried aggregator 2 times.
MIP Presolve eliminated 17 rows and 8 columns.
Aggregator did 9 substitutions.
Reduced MIP has 1762 rows, 2383 columns, and 9122 nonzeros.
Reduced MIP has 596 binaries, 587 generals, 0 SOSs, and 0 indicators.
Presolve time = 0.01 sec. (4.20 ticks)
Probing time = 0.00 sec. (0.51 ticks)
Tried aggregator 1 time.
Reduced MIP has 1762 rows, 2383 columns, and 9122 nonzeros.
Reduced MIP has 596 binaries, 587 generals, 0 SOSs, and 0 indicators.
Presolve time = 0.00 sec. (2.52 ticks)
Probing time = 0.00 sec. (0.51 ticks)
MIP emphasis: balance optimality and feasibility.
MIP search method: dynamic search.
Parallel mode: none, using 1 thread.
Root relaxation solution time = 0.02 sec. (21.83 ticks)

        Nodes                                         Cuts/
   Node  Left     Objective  IInf  Best Integer    Best Bound    ItCnt     Gap

*     0+    0                          574.7715      600.0000             4.39%
      0     0      593.2794   390      574.7715      593.2794     1094    3.22%
      0     0      581.8568   513      574.7715     Cuts: 424     1656    1.23%
      0     0      581.2654   534      574.7715     Cuts: 205     1962    1.13%
      0     0      581.1148   542      574.7715     Cuts: 167     2177    1.10%
      0     0      581.0484   537      574.7715      Cuts: 71     2315    1.09%
      0     0      580.9832   562      574.7715      Cuts: 92     2426    1.08%
      0     0      580.9498   582      574.7715      Cuts: 58     2525    1.07%
      0     0      580.9468   571      574.7715      Cuts: 58     2573    1.07%
      0     0      580.9413   572      574.7715      Cuts: 37     2616    1.07%
      0     0      580.9397   583      574.7715 UserPurge2: 13     2637    1.07%
      0     0      580.9274   576      574.7715 UserPurge2: 6     2673    1.07%
      0     0      580.9273   578      574.7715 UserPurge2: 3     2678    1.07%
      0     2      580.9273   578      574.7715      580.9272     2678    1.07%
Elapsed time = 2.30 sec. (1991.53 ticks, tree = 0.01 MB, solutions = 1)
      6     8      580.7084   561      574.7715      580.9268     3753    1.07%
     11    13      580.4519   527      574.7715      580.9268     4834    1.07%
     15    17      580.2900   526      574.7715      580.9268     6068    1.07%
     20    22      580.1749   524      574.7715      580.9268     7125    1.07%
     27    29      580.0858   508      574.7715      580.9268     8067    1.07%
     30    32      579.9462   514      574.7715      580.9268     8615    1.07%
     40    42      579.7002   480      574.7715      580.9268     9958    1.07%
     49    51      579.4362   458      574.7715      580.9268    11409    1.07%
     52    54      579.3148   460      574.7715      580.9268    12007    1.07%
     81    83      578.7801   412      574.7715      580.9268    15152    1.07%
Elapsed time = 6.86 sec. (5698.57 ticks, tree = 0.22 MB, solutions = 1)
    118   120      577.8201   350      574.7715      580.9268    18309    1.07%
    185   187      575.3331   229      574.7715      580.9268    22111    1.07%
    213   211      580.0841   515      574.7715      580.8683    26188    1.06%
    232   230      579.4017   472      574.7715      580.8683    28608    1.06%
    261   259      578.5509   403      574.7715      580.8683    31592    1.06%
    324   322      576.6959   288      574.7715      580.8683    36085    1.06%
    403   395      580.0958   567      574.7715      580.8223    42072    1.05%
    429   421      579.2535   474      574.7715      580.8223    46071    1.05%
    468   460      577.9992   352      574.7715      580.8223    49667    1.05%

Performing restart 1

Repeating presolve.
Tried aggregator 1 time.
MIP Presolve modified 89 coefficients.
Reduced MIP has 1762 rows, 2383 columns, and 9122 nonzeros.
Reduced MIP has 596 binaries, 587 generals, 0 SOSs, and 0 indicators.
Presolve time = 0.00 sec. (2.61 ticks)
Tried aggregator 1 time.
Reduced MIP has 1762 rows, 2383 columns, and 9122 nonzeros.
Reduced MIP has 596 binaries, 587 generals, 0 SOSs, and 0 indicators.
Presolve time = 0.00 sec. (2.59 ticks)
Represolve time = 0.02 sec. (12.43 ticks)
    469     0      579.5851   613      574.7715     Cuts: 371    53210    0.84%
    469     0      579.3361   643      574.7715     Cuts: 303    53652    0.79%
    469     0      579.0847   669      574.7715     Cuts: 305    54060    0.75%
    469     0      578.9227   684      574.7715     Cuts: 288    54550    0.72%
    469     0      578.7936   689      574.7715     Cuts: 290    55012    0.70%
    469     0      578.7056   709      574.7715     Cuts: 245    55434    0.68%
    469     0      578.6521   720      574.7715     Cuts: 265    55813    0.68%
    469     0      578.5969   722      574.7715     Cuts: 215    56226    0.67%
    469     0      578.5523   765      574.7715     Cuts: 223    56614    0.66%
    469     0      578.4935   726      574.7715     Cuts: 192    57063    0.65%
    469     0      578.4455   720      574.7715     Cuts: 237    57427    0.64%
    469     0      578.4150   741      574.7715     Cuts: 217    57745    0.63%
    469     0      578.3858   752      574.7715     Cuts: 275    58103    0.63%
    469     0      578.3494   726      574.7715     Cuts: 175    58439    0.62%
    469     0      578.3279   748      574.7715     Cuts: 188    58785    0.62%
    469     0      578.3091   759      574.7715     Cuts: 154    59115    0.62%
    469     0      578.2942   732      574.7715     Cuts: 161    59392    0.61%
    469     0      578.2760   751      574.7715     Cuts: 172    59710    0.61%
    469     0      578.2652   764      574.7715     Cuts: 159    59978    0.61%
    469     2      578.2652   764      574.7715      578.2649    59978    0.61%
Elapsed time = 30.13 sec. (25989.52 ticks, tree = 0.01 MB, solutions = 1)
    470     3      578.1796   717      574.7715      578.2192    62475    0.60%
    471     4      578.1706   713      574.7715      578.1795    63281    0.59%
    472     5      578.1601   714      574.7715      578.1795    63550    0.59%
    473     6      578.0983   676      574.7715      578.1705    63953    0.59%
    474     7      578.1402   688      574.7715      578.1705    64532    0.59%
    475     8      578.1224   672      574.7715      578.1705    65430    0.59%
    476     9      578.1183   678      574.7715      578.1705    65995    0.59%
    477    10      578.1055   668      574.7715      578.1705    66219    0.59%
    478    11      578.0884   682      574.7715      578.1705    66715    0.59%
    479    12      578.0667   661      574.7715      578.1705    67014    0.59%
Elapsed time = 57.99 sec. (58183.63 ticks, tree = 0.06 MB, solutions = 1)
    480    13      578.0573   654      574.7715      578.1705    68365    0.59%
    481    14      578.0406   675      574.7715      578.1705    68909    0.59%
    482    15      578.0339   643      574.7715      578.1705    69519    0.59%
    484    17      578.0117   657      574.7715      578.1705    70309    0.59%
    486    19      577.9891   653      574.7715      578.1705    70918    0.59%
    488    21      577.9827   610      574.7715      578.1705    71694    0.59%
    490    23      577.8890   626      574.7715      578.1705    72550    0.59%
    492    25      577.9401   647      574.7715      578.1705    73791    0.59%
    494    27      577.8740   623      574.7715      578.1705    74001    0.59%
    496    29      577.8854   617      574.7715      578.1705    74310    0.59%
Elapsed time = 73.99 sec. (75820.92 ticks, tree = 0.13 MB, solutions = 1)
    499    32      577.9201   584      574.7715      578.1705    75297    0.59%
    501    34      577.8817   598      574.7715      578.1705    76468    0.59%
    504    37      577.8401   597      574.7715      578.1705    77375    0.59%
    506    39      577.8270   594      574.7715      578.1705    77874    0.59%
    509    42      577.7915   585      574.7715      578.1705    78565    0.59%
    511    44      577.7843   584      574.7715      578.1705    79214    0.59%
    513    46      577.7711   614      574.7715      578.1705    79546    0.59%
    517    50      577.7332   567      574.7715      578.1705    80459    0.59%
    520    53      577.6680   545      574.7715      578.1705    81020    0.59%
    525    58      577.6369   540      574.7715      578.1705    83116    0.59%
Elapsed time = 86.73 sec. (89533.19 ticks, tree = 0.16 MB, solutions = 1)
    529    62      577.6334   540      574.7715      578.1705    83850    0.59%
    539    72      577.5000   520      574.7715      578.1705    86011    0.59%
    549    82      577.5090   519      574.7715      578.1705    88380    0.59%
    559    92      577.2654   473      574.7715      578.1705    91401    0.59%
    579   112      577.0756   417      574.7715      578.1705    94151    0.59%
    599   132      576.9005   376      574.7715      578.1705    95938    0.59%
    610   143      576.4250   368      574.7715      578.1705    97418    0.59%
    645   178      575.9562   291      574.7715      578.1705   100047    0.59%
    669   202      575.8774   237      574.7715      578.1705   101340    0.59%
    721   254      575.0969   187      574.7715      578.1705   103976    0.59%
Elapsed time = 98.61 sec. (100668.39 ticks, tree = 4.70 MB, solutions = 1)
    750   277      578.1059   737      574.7715      578.1702   105865    0.59%
    752   279      578.0760   708      574.7715      578.1702   106349    0.59%
    755   282      578.0535   664      574.7715      578.1702   106950    0.59%
    763   290      577.9363   629      574.7715      578.1702   108588    0.59%
    770   297      577.8046   597      574.7715      578.1702   110083    0.59%
    776   303      577.6603   616      574.7715      578.1702   111998    0.59%
    789   316      577.4882   534      574.7715      578.1702   114017    0.59%
    800   327      577.2087   527      574.7715      578.1702   116560    0.59%
    811   338      577.0030   495      574.7715      578.1702   118920    0.59%
    829   356      577.0241   430      574.7715      578.1702   121426    0.59%
Elapsed time = 110.14 sec. (112270.08 ticks, tree = 7.35 MB, solutions = 1)
    841   368      576.9869   397      574.7715      578.1702   122860    0.59%
    852   379      576.7878   340      574.7715      578.1702   124216    0.59%
    865   392      576.7353   331      574.7715      578.1702   125416    0.59%
    885   412      576.4377   295      574.7715      578.1702   127386    0.59%
    909   436      576.3442   260      574.7715      578.1702   129364    0.59%
    932   459      576.1182   220      574.7715      578.1702   130983    0.59%
    970   497      575.8760   185      574.7715      578.1702   133177    0.59%
   1024   551      575.4414   126      574.7715      578.1702   135356    0.59%
   1149   676      575.1096    21      574.7715      578.1702   138204    0.59%
   1192   714      578.0618   688      574.7715      578.1402   140479    0.59%
Elapsed time = 121.68 sec. (122269.54 ticks, tree = 18.19 MB, solutions = 1)
   1199   721      577.7995   614      574.7715      578.1223   142506    0.58%
   1211   733      577.6109   578      574.7715      578.1223   145292    0.58%
   1228   750      577.4584   536      574.7715      578.1223   147633    0.58%
   1249   771      577.1370   470      574.7715      578.1223   150556    0.58%
   1269   791      576.9557   416      574.7715      578.1223   153244    0.58%
   1278   800      577.7876   618      574.7715      578.1059   156063    0.58%
   1286   808      577.6848   578      574.7715      578.1059   158437    0.58%
   1296   818      577.5234   556      574.7715      578.1059   160910    0.58%
   1312   834      577.2974   522      574.7715      578.1059   163853    0.58%
   1324   846      577.1661   484      574.7715      578.1059   165774    0.58%
Elapsed time = 131.81 sec. (132483.31 ticks, tree = 21.55 MB, solutions = 1)
   1344   866      577.0344   432      574.7715      578.1059   168299    0.58%
   1358   880      576.8560   371      574.7715      578.1059   170026    0.58%
   1381   903      576.7551   327      574.7715      578.1059   172177    0.58%
   1429   951      576.3278   225      574.7715      578.1059   175415    0.58%
   1471   993      577.9850   710      574.7715      578.0982   178564    0.58%
   1482  1004      577.7085   633      574.7715      578.0982   181140    0.58%
   1497  1019      577.5715   589      574.7715      578.0982   183740    0.58%
   1515  1037      577.3312   546      574.7715      578.0982   186286    0.58%
   1529  1051      577.1401   489      574.7715      578.0982   188631    0.58%
   1660  1182      575.7801   194      574.7715      578.0982   199856    0.58%
Elapsed time = 145.77 sec. (145636.37 ticks, tree = 31.84 MB, solutions = 1)
   1758  1280      576.0876   247      574.7715      578.0981   209706    0.58%
   1859  1373      577.3840   547      574.7715      578.0941   219254    0.58%
   1963  1477      576.2909   245      574.7715      578.0941   228827    0.58%
   2111  1625      577.1413   426      574.7715      578.0884   238867    0.58%
   2249  1749      577.7510   588      574.7715      578.0883   248914    0.58%
   2299  1799      577.1506   477      574.7715      578.0883   257971    0.58%
   2396  1896      576.2422   218      574.7715      578.0883   266686    0.58%
   2516  2016      577.0504   426      574.7715      578.0616   277117    0.57%
   2665  2162      577.6223   616      574.7715      578.0610   287843    0.57%
   2722  2219      577.0906   456      574.7715      578.0610   297806    0.57%
Elapsed time = 187.20 sec. (184197.29 ticks, tree = 57.88 MB, solutions = 1)
   2863  2360      576.0162   189      574.7715      578.0610   308732    0.57%
   2968  2465      576.0912   218      574.7715      578.0587   319038    0.57%
   3055  2547      577.4750   570      574.7715      578.0586   329346    0.57%
   3123  2615      576.8479   393      574.7715      578.0586   339971    0.57%
   3274  2766      577.9018   701      574.7715      578.0572   349430    0.57%
   3324  2816      577.1417   538      574.7715      578.0572   360100    0.57%
   3420  2912      576.3889   277      574.7715      578.0572   369282    0.57%
   3492  2984      577.6010   589      574.7715      578.0572   379147    0.57%
   3525  3017      577.2486   501      574.7715      578.0572   386511    0.57%
   3618  3110      576.6001   238      574.7715      578.0572   396830    0.57%
Elapsed time = 227.38 sec. (222655.46 ticks, tree = 80.12 MB, solutions = 1)
   3739  3231      576.8821   324      574.7715      578.0556   406928    0.57%
   3887  3372      577.2799   550      574.7715      578.0502   417735    0.57%
   3945  3430      576.6079   431      574.7715      578.0502   428061    0.57%
   4071  3556      577.9983   661      574.7715      578.0451   438085    0.57%
   4184  3669      576.0048   175      574.7715      578.0451   448577    0.57%
   4302  3778      577.3373   557      574.7715      578.0441   458782    0.57%
   4356  3832      576.6526   393      574.7715      578.0441   467714    0.57%
   4479  3955      577.7656   579      574.7715      578.0338   478031    0.57%
   4628  4096      577.9403   650      574.7715      578.0337   488980    0.57%
   4682  4150      576.9225   448      574.7715      578.0337   498686    0.57%
Elapsed time = 269.17 sec. (261449.63 ticks, tree = 105.87 MB, solutions = 1)
   4779  4247      576.2114   235      574.7715      578.0337   507189    0.57%
   4892  4360      577.4813   533      574.7715      578.0135   514862    0.56%
   5040  4501      577.7795   613      574.7715      578.0117   525406    0.56%
   5079  4540      577.4006   494      574.7715      578.0117   533794    0.56%
   5143  4604      576.6732   331      574.7715      578.0117   541684    0.56%
   5285  4746      577.6533   570      574.7715      578.0116   553009    0.56%
   5343  4804      577.1630   391      574.7715      578.0116   561728    0.56%
   5472  4933      577.8896   631      574.7715      578.0078   571849    0.56%
   5515  4976      577.2175   490      574.7715      578.0078   580602    0.56%
   5620  5081      576.0488   232      574.7715      578.0078   590190    0.56%
Elapsed time = 309.63 sec. (299972.25 ticks, tree = 128.77 MB, solutions = 1)
   5713  5174      577.1192   428      574.7715      578.0074   598816    0.56%
   5850  5308      577.6457   604      574.7715      578.0044   609590    0.56%
   5894  5352      577.1740   449      574.7715      578.0044   617555    0.56%
   6004  5462      576.5021   216      574.7715      578.0044   627575    0.56%
   6147  5605      576.7395   276      574.7715      578.0040   638172    0.56%
   6278  5727      577.4462   511      574.7715      578.0035   648497    0.56%
   6360  5809      576.4626   370      574.7715      578.0035   657347    0.56%
   6492  5941      577.4945   556      574.7715      577.9977   667412    0.56%
   6655  6095      577.6858   580      574.7715      577.9968   678272    0.56%
   6709  6149      577.1871   429      574.7715      577.9968   686601    0.56%
Elapsed time = 350.87 sec. (338374.19 ticks, tree = 161.06 MB, solutions = 1)
   6837  6277      576.0774   158      574.7715      577.9968   696439    0.56%
   6954  6394      576.4999   261      574.7715      577.9968   705745    0.56%
   7081  6514      577.4559   491      574.7715      577.9890   716730    0.56%
   7142  6575      576.8589   357      574.7715      577.9890   724085    0.56%
   7276  6709      577.6888   613      574.7715      577.9885   734995    0.56%
   7333  6766      577.0310   448      574.7715      577.9885   744175    0.56%
   7451  6884      575.9160   173      574.7715      577.9885   753619    0.56%
   7510  6943      577.2606   530      574.7715      577.9855   762706    0.56%
   7596  7029      576.6763   294      574.7715      577.9855   772316    0.56%
   7701  7134      576.9358   501      574.7715      577.9847   782176    0.56%
Elapsed time = 391.73 sec. (376828.35 ticks, tree = 189.36 MB, solutions = 1)
   7883  7316      577.7601   618      574.7715      577.9840   792386    0.56%
   7936  7369      577.1533   449      574.7715      577.9840   802115    0.56%
   8036  7469      576.2867   231      574.7715      577.9840   811546    0.56%
   8142  7575      576.9578   325      574.7715      577.9833   820805    0.56%
   8304  7731      577.2272   551      574.7715      577.9827   832244    0.56%
   8383  7810      576.6409   352      574.7715      577.9827   841695    0.56%
   8494  7921      577.4224   513      574.7715      577.9826   851909    0.56%
   8633  8055      577.6613   560      574.7715      577.9825   862280    0.56%
   8680  8102      576.8446   431      574.7715      577.9825   870534    0.56%
   8807  8229      575.6426   156      574.7715      577.9825   880090    0.56%
Elapsed time = 433.51 sec. (415575.80 ticks, tree = 213.83 MB, solutions = 1)
   8934  8356      577.0632   322      574.7715      577.9809   888998    0.56%
   9103  8515      577.4624   510      574.7715      577.9798   900287    0.56%
   9192  8604      576.6877   331      574.7715      577.9798   909284    0.56%
   9283  8695      577.7398   597      574.7715      577.9737   917683    0.56%
   9332  8744      577.0860   429      574.7715      577.9737   925811    0.56%
   9478  8890      577.7552   650      574.7715      577.9726   937549    0.56%
   9527  8939      577.1792   507      574.7715      577.9726   946420    0.56%
   9581  8993      576.6622   345      574.7715      577.9726   953777    0.56%
   9696  9108      577.4339   534      574.7715      577.9715   964142    0.56%
   9839  9243      577.7628   640      574.7715      577.9684   973848    0.56%
Elapsed time = 474.52 sec. (454166.87 ticks, tree = 238.66 MB, solutions = 1)
   9849  9253      577.6288   607      574.7715      577.9684   976440    0.56%
   9850  9254      577.8046   710      574.7715      577.9679   976720    0.56%
   9851  9255      577.8814   626      574.7715      577.9679   976992    0.56%
   9948  9352      576.4163   208      574.7715      577.9666   986365    0.56%
  10110  9491      577.4178   523      574.7715      577.9653   996092    0.56%
  10190  9571      576.6703   270      574.7715      577.9653  1003396    0.56%
  10486  9862      577.5443   537      574.7715      577.9630  1013326    0.56%
  10645 10012      577.7796   581      574.7715      577.9616  1022956    0.56%
  10697 10064      577.2494   468      574.7715      577.9616  1031693    0.56%
  10801 10168      576.5005   206      574.7715      577.9616  1040931    0.56%
Elapsed time = 520.06 sec. (495239.90 ticks, tree = 262.36 MB, solutions = 1)
  11080 10434      577.7336   569      574.7715      577.9612  1052268    0.55%
  11132 10486      577.2309   447      574.7715      577.9612  1059903    0.55%
  11224 10578      576.3127   234      574.7715      577.9612  1067938    0.55%
  11485 10839      577.5921   569      574.7715      577.9545  1079553    0.55%
  11543 10897      576.9641   397      574.7715      577.9545  1088418    0.55%
  11629 10983      576.1463   226      574.7715      577.9545  1096479    0.55%
  11710 11064      577.2789   475      574.7715      577.9539  1104626    0.55%
  11869 11219      577.4619   522      574.7715      577.9538  1114518    0.55%
  11932 11282      576.9258   373      574.7715      577.9538  1122620    0.55%
  12045 11395      575.6691   171      574.7715      577.9538  1131073    0.55%
Elapsed time = 562.08 sec. (533919.97 ticks, tree = 300.17 MB, solutions = 1)
  12162 11512      576.3831   233      574.7715      577.9536  1140641    0.55%
  12305 11644      577.2513   495      574.7715      577.9533  1150945    0.55%
  12407 11746      576.1420   208      574.7715      577.9533  1158913    0.55%
  12514 11853      577.2065   401      574.7715      577.9521  1166545    0.55%
  12682 12012      577.6447   569      574.7715      577.9500  1176812    0.55%
  12741 12071      576.9372   399      574.7715      577.9500  1184998    0.55%
  12862 12192      575.8629   182      574.7715      577.9500  1193987    0.55%
  12928 12258      577.0783   320      574.7715      577.9450  1201905    0.55%
  13093 12419      577.2497   501      574.7715      577.9433  1212492    0.55%
  13172 12498      576.4287   289      574.7715      577.9433  1220753    0.55%
Elapsed time = 603.08 sec. (572313.94 ticks, tree = 329.41 MB, solutions = 1)
  13294 12620      577.6198   591      574.7715      577.9412  1231174    0.55%
  13332 12658      577.1060   475      574.7715      577.9412  1238557    0.55%
  13419 12745      576.0444   244      574.7715      577.9412  1246619    0.55%
  13513 12839      576.9638   508      574.7715      577.9410  1256980    0.55%
  13586 12912      576.2759   330      574.7715      577.9410  1264779    0.55%
  13692 13018      577.4873   508      574.7715      577.9409  1273321    0.55%
  13853 13170      577.8835   640      574.7715      577.9409  1281997    0.55%
  13898 13215      577.4275   531      574.7715      577.9409  1290125    0.55%
  13965 13282      576.9250   327      574.7715      577.9409  1298069    0.55%
  14090 13407      577.5903   524      574.7715      577.9408  1307535    0.55%
Elapsed time = 642.76 sec. (610790.19 ticks, tree = 357.44 MB, solutions = 1)
  14259 13570      574.7807    32      574.7715      577.9408  1316668    0.55%
  14313 13620      577.4098   510      574.7715      577.9402  1324912    0.55%
  14376 13683      576.8729   317      574.7715      577.9402  1333044    0.55%
  14489 13796      577.5750   530      574.7715      577.9401  1341055    0.55%
  14675 13978      577.8014   614      574.7715      577.9394  1349410    0.55%
  14709 14012      577.5323   482      574.7715      577.9394  1356329    0.55%
  14771 14074      576.8353   345      574.7715      577.9394  1363423    0.55%
  14887 14190      577.5059   514      574.7715      577.9364  1371959    0.55%
  15049 14345      577.7198   592      574.7715      577.9363  1381080    0.55%
  15098 14394      577.3306   482      574.7715      577.9363  1389262    0.55%
Elapsed time = 683.01 sec. (649484.27 ticks, tree = 383.06 MB, solutions = 1)
  15148 14444      576.9170   322      574.7715      577.9363  1396799    0.55%
  15274 14570      577.7327   594      574.7715      577.9363  1405940    0.55%
  15332 14628      577.0484   435      574.7715      577.9363  1415697    0.55%
  15393 14689      576.5627   309      574.7715      577.9363  1423031    0.55%
  15499 14795      577.4436   536      574.7715      577.9363  1433604    0.55%
  15555 14851      576.9772   374      574.7715      577.9363  1441417    0.55%
  15671 14967      577.8426   602      574.7715      577.9337  1449878    0.55%
  15803 15099      575.7631   107      574.7715      577.9337  1459418    0.55%
  15906 15189      577.5104   469      574.7715      577.9337  1468552    0.55%
  15975 15258      576.7623   309      574.7715      577.9337  1476097    0.55%
Elapsed time = 722.51 sec. (688028.70 ticks, tree = 407.43 MB, solutions = 1)
  16096 15379      577.4998   470      574.7715      577.9326  1484961    0.55%
  16280 15559      577.7136   572      574.7715      577.9322  1494892    0.55%
  16343 15622      576.9813   386      574.7715      577.9322  1502750    0.55%
  16473 15752      577.8843   613      574.7715      577.9322  1512362    0.55%
  16581 15860      576.2334   185      574.7715      577.9322  1520106    0.55%
  16702 15972      577.2418   482      574.7715      577.9308  1529176    0.55%
  16780 16050      576.4695   303      574.7715      577.9308  1536743    0.55%
  16909 16179      577.3017   430      574.7715      577.9293  1545471    0.55%
  17091 16358      577.4426   570      574.7715      577.9270  1555888    0.55%
  17153 16420      576.6729   356      574.7715      577.9270  1564698    0.55%
Elapsed time = 763.64 sec. (726382.01 ticks, tree = 444.46 MB, solutions = 1)
  17279 16546      577.7729   579      574.7715      577.9265  1574104    0.55%
  17336 16603      577.0030   420      574.7715      577.9265  1582499    0.55%
  17459 16726      575.4224   167      574.7715      577.9265  1590956    0.55%
  17514 16781      577.1730   457      574.7715      577.9258  1599597    0.55%
  17600 16867      576.0899   273      574.7715      577.9258  1607431    0.55%
  17723 16990      577.0576   386      574.7715      577.9258  1616700    0.55%
  17889 17145      577.6716   528      574.7715      577.9257  1625869    0.55%
  17945 17201      577.1443   387      574.7715      577.9257  1633646    0.55%
  18071 17327      577.8353   655      574.7715      577.9247  1641897    0.55%
  18149 17405      576.5907   292      574.7715      577.9247  1650239    0.55%
Elapsed time = 803.73 sec. (764819.28 ticks, tree = 474.76 MB, solutions = 1)
  18282 17534      577.4311   502      574.7715      577.9234  1660535    0.55%
  18349 17601      576.8163   374      574.7715      577.9234  1668052    0.55%
  18489 17741      577.4658   468      574.7715      577.9232  1676555    0.55%
  18678 17930      577.7554   587      574.7715      577.9227  1685646    0.55%
  18719 17971      577.1368   477      574.7715      577.9227  1693256    0.55%
  18799 18051      576.2476   297      574.7715      577.9227  1700916    0.55%
  18921 18173      576.9810   339      574.7715      577.9220  1709953    0.55%
  19099 18351      577.3503   556      574.7715      577.9220  1720846    0.55%
  19166 18418      576.5661   392      574.7715      577.9220  1729466    0.55%

Performing restart 2

Repeating presolve.
Tried aggregator 1 time.
MIP Presolve modified 16 coefficients.
Reduced MIP has 1762 rows, 2383 columns, and 9122 nonzeros.
Reduced MIP has 596 binaries, 587 generals, 0 SOSs, and 0 indicators.
Presolve time = 0.00 sec. (2.60 ticks)
Tried aggregator 1 time.
Reduced MIP has 1762 rows, 2383 columns, and 9122 nonzeros.
Reduced MIP has 596 binaries, 587 generals, 0 SOSs, and 0 indicators.
Presolve time = 0.00 sec. (2.59 ticks)
Represolve time = 0.13 sec. (36.10 ticks)
  19233     0      578.0786   787      574.7715     Cuts: 211  1740366    0.55%
  19233     0      578.0431   740      574.7715     Cuts: 142  1740820    0.55%
  19233     0      578.0243   762      574.7715     Cuts: 132  1741095    0.55%
  19233     0      578.0102   783      574.7715     Cuts: 125  1741419    0.55%
  19233     0      577.9967   785      574.7715     Cuts: 130  1741715    0.55%
  19233     0      577.9786   776      574.7715     Cuts: 101  1742010    0.55%
  19233     0      577.9739   777      574.7715      Cuts: 87  1742217    0.55%
  19233     0      577.9639   782      574.7715     Cuts: 102  1742404    0.55%
  19233     0      577.9574   785      574.7715      Cuts: 95  1742637    0.55%
  19233     0      577.9526   798      574.7715      Cuts: 68  1742797    0.55%
  19233     0      577.9448   794      574.7715     Cuts: 121  1743050    0.55%
  19233     0      577.9360   775      574.7715     Cuts: 148  1743367    0.55%
  19233     0      577.9280   781      574.7715     Cuts: 106  1743618    0.55%
  19233     0      577.9227   800      574.7715      Cuts: 81  1743851    0.55%
  19233     0      577.9191   772      574.7715      Cuts: 75  1743995    0.55%
  19233     0      577.9141   782      574.7715      Cuts: 74  1744177    0.55%
  19233     0      577.9104   792      574.7715      Cuts: 82  1744353    0.55%
  19233     0      577.9064   785      574.7715      Cuts: 56  1744545    0.55%
  19233     2      577.9064   789      574.7715      577.9062  1744545    0.55%
Elapsed time = 856.21 sec. (815327.06 ticks, tree = 0.01 MB, solutions = 1)
  19234     3      577.8959   756      574.7715      577.8957  1744858    0.54%
  19236     5      577.8791   715      574.7715      577.8947  1745312    0.54%
  19238     7      577.8771   719      574.7715      577.8790  1745812    0.54%
  19240     9      577.8279   696      574.7715      577.8770  1746226    0.54%
  19242    11      577.7913   677      574.7715      577.8770  1747352    0.54%
  19245    14      577.7787   632      574.7715      577.8770  1748522    0.54%
  19249    18      577.7575   617      574.7715      577.8770  1749608    0.54%
  19254    23      577.7047   593      574.7715      577.8770  1750830    0.54%
  19262    31      577.6894   509      574.7715      577.8770  1752118    0.54%
  19271    40      577.6563   512      574.7715      577.8770  1753429    0.54%
Elapsed time = 897.08 sec. (861908.53 ticks, tree = 0.13 MB, solutions = 1)
  19285    54      577.5696   439      574.7715      577.8770  1755682    0.54%
  19338   107      577.1756   351      574.7715      577.8770  1759585    0.54%
  19562   330      574.8714   136      574.7715      577.8770  1763524    0.54%
  19573   335      577.7904   701      574.7715      577.8768  1765166    0.54%
  19604   366      577.5629   547      574.7715      577.8768  1773067    0.54%
  19670   432      577.2016   353      574.7715      577.8768  1781413    0.54%
  19844   606      576.1740   113      574.7715      577.8768  1787835    0.54%
  20038   796      577.7337   675      574.7715      577.8454  1792595    0.53%
  20120   878      577.0027   432      574.7715      577.8454  1802796    0.53%
  20239   997      577.7197   739      574.7715      577.8387  1811083    0.53%
Elapsed time = 937.83 sec. (900972.32 ticks, tree = 16.06 MB, solutions = 1)
  20297  1055      577.1605   462      574.7715      577.8387  1821424    0.53%
  20374  1132      576.6446   309      574.7715      577.8387  1830391    0.53%
  20488  1246      577.1058   372      574.7715      577.8163  1838903    0.53%
  20650  1408      577.5756   604      574.7715      577.8156  1846183    0.53%
  20713  1471      577.0709   394      574.7715      577.8156  1855661    0.53%
  20843  1601      577.6673   575      574.7715      577.8156  1864485    0.53%
  21039  1797      577.6952   657      574.7715      577.8145  1872585    0.53%
  21105  1863      577.2300   401      574.7715      577.8145  1882922    0.53%
  21240  1998      577.7351   619      574.7715      577.8145  1891261    0.53%
  21437  2195      577.6755   720      574.7715      577.8139  1899790    0.53%
Elapsed time = 979.24 sec. (939444.87 ticks, tree = 35.15 MB, solutions = 1)
  21526  2284      576.6981   379      574.7715      577.8139  1911238    0.53%
  21672  2430      577.2691   457      574.7715      577.8073  1919469    0.53%
  21851  2609      577.5313   598      574.7715      577.8063  1928516    0.53%
  21944  2702      576.8805   295      574.7715      577.8063  1937224    0.53%
  22055  2813      577.5546   609      574.7715      577.8063  1946486    0.53%
  22130  2888      576.8825   387      574.7715      577.8063  1956260    0.53%
  22245  3003      577.6841   598      574.7715      577.8030  1965610    0.53%
  22303  3061      577.2618   409      574.7715      577.8030  1974704    0.53%
  22435  3193      577.7616   702      574.7715      577.8030  1981599    0.53%
  22554  3312      576.6221   194      574.7715      577.8030  1988461    0.53%
Elapsed time = 1020.35 sec. (978030.24 ticks, tree = 61.21 MB, solutions = 1)
  22688  3446      577.0836   523      574.7715      577.8022  1998174    0.53%
  22796  3554      576.2344   283      574.7715      577.8022  2005677    0.53%
  22905  3663      576.8936   313      574.7715      577.8022  2012828    0.53%
  23066  3824      577.2925   547      574.7715      577.7919  2020755    0.53%
  23158  3916      576.7320   297      574.7715      577.7919  2028948    0.53%
  23285  4043      577.0983   394      574.7715      577.7919  2036653    0.53%
  23471  4229      577.5118   533      574.7715      577.7901  2046338    0.53%
  23569  4327      576.8421   284      574.7715      577.7901  2054693    0.53%
  23708  4466      576.8872   251      574.7715      577.7900  2062486    0.53%
  23873  4631      577.4411   482      574.7715      577.7876  2071568    0.52%
Elapsed time = 1062.28 sec. (1016335.20 ticks, tree = 90.95 MB, solutions = 1)
  23984  4742      576.8105   229      574.7715      577.7876  2079796    0.52%
  24100  4858      577.0179   498      574.7715      577.7844  2090267    0.52%
  24210  4968      576.4135   219      574.7715      577.7844  2099006    0.52%
  24283  5041      577.4133   481      574.7715      577.7827  2109004    0.52%
  24397  5155      576.5410   260      574.7715      577.7827  2117468    0.52%
  24569  5327      576.5511    76      574.7715      577.7747  2125763    0.52%
  24705  5463      577.2136   452      574.7715      577.7745  2136041    0.52%
  24837  5595      577.6896   645      574.7715      577.7745  2144354    0.52%
  25043  5801      577.5583   600      574.7715      577.7745  2153408    0.52%
  25120  5878      576.9161   405      574.7715      577.7745  2162347    0.52%
Elapsed time = 1103.90 sec. (1054679.17 ticks, tree = 121.42 MB, solutions = 1)
  25251  6009      577.5273   508      574.7715      577.7743  2170136    0.52%
  25439  6197      577.5521   689      574.7715      577.7706  2177695    0.52%
  25519  6277      576.8448   415      574.7715      577.7706  2188623    0.52%
  25647  6405      577.5534   560      574.7715      577.7705  2197201    0.52%
  25841  6599      577.6376   649      574.7715      577.7703  2205338    0.52%
  25918  6676      576.9086   357      574.7715      577.7703  2214945    0.52%
  26050  6808      577.5354   572      574.7715      577.7678  2223912    0.52%
  26147  6905      576.8389   331      574.7715      577.7678  2233131    0.52%
  26270  7028      577.4754   495      574.7715      577.7673  2242102    0.52%
  26376  7134      576.7125   261      574.7715      577.7673  2250262    0.52%
Elapsed time = 1145.71 sec. (1093083.98 ticks, tree = 143.80 MB, solutions = 1)
  26523  7281      576.2467   286      574.7715      577.7667  2259983    0.52%
  26679  7437      577.3629   501      574.7715      577.7653  2269534    0.52%
  26789  7547      576.5722   240      574.7715      577.7653  2277690    0.52%
  26949  7707      576.6847   146      574.7715      577.7648  2285615    0.52%
  27094  7852      577.2133   465      574.7715      577.7636  2295037    0.52%
  27238  7996      577.5985   667      574.7715      577.7622  2303389    0.52%
  27439  8197      577.6763   632      574.7715      577.7621  2311813    0.52%
  27505  8263      577.0385   405      574.7715      577.7621  2321513    0.52%
  27645  8403      577.5708   557      574.7715      577.7616  2330573    0.52%
  27843  8601      577.6830   636      574.7715      577.7609  2339564    0.52%
Elapsed time = 1189.17 sec. (1131580.81 ticks, tree = 171.78 MB, solutions = 1)
  27935  8693      577.0771   402      574.7715      577.7609  2349554    0.52%
  28050  8808      577.5314   578      574.7715      577.7606  2358082    0.52%
  28131  8889      576.8920   383      574.7715      577.7606  2366821    0.52%
  28261  9019      577.4326   566      574.7715      577.7605  2376365    0.52%
  28349  9107      576.7577   358      574.7715      577.7605  2384972    0.52%
  28482  9240      577.1370   361      574.7715      577.7604  2393317    0.52%
  28673  9431      577.1628   528      574.7715      577.7595  2402853    0.52%
  28795  9553      576.2419   205      574.7715      577.7595  2410943    0.52%
  28949  9707      576.4279   160      574.7715      577.7594  2419030    0.52%
  29099  9857      577.2043   446      574.7715      577.7593  2428961    0.52%
Elapsed time = 1231.06 sec. (1169853.81 ticks, tree = 204.06 MB, solutions = 1)
  29241  9999      577.6727   620      574.7715      577.7588  2437303    0.52%
  29440 10198      577.6613   593      574.7715      577.7581  2445324    0.52%
  29522 10280      577.0293   406      574.7715      577.7581  2454897    0.52%
  29659 10417      577.3840   482      574.7715      577.7573  2464251    0.52%
  29850 10608      577.5809   574      574.7715      577.7571  2472602    0.52%
  29930 10688      576.7186   379      574.7715      577.7571  2481939    0.52%
  30050 10808      577.4491   598      574.7715      577.7563  2490491    0.52%
  30102 10860      577.1459   406      574.7715      577.7563  2499707    0.52%
  30235 10993      577.6708   704      574.7715      577.7559  2508565    0.52%
  30318 11076      577.0703   401      574.7715      577.7559  2519186    0.52%
Elapsed time = 1272.96 sec. (1208328.84 ticks, tree = 230.03 MB, solutions = 1)
  30453 11211      577.4806   560      574.7715      577.7557  2527239    0.52%
  30648 11406      577.5286   603      574.7715      577.7557  2535812    0.52%
  30747 11505      576.6346   320      574.7715      577.7557  2545246    0.52%
  30881 11639      577.0919   396      574.7715      577.7553  2553690    0.52%
  31059 11817      577.3127   487      574.7715      577.7552  2562105    0.52%
  31131 11889      576.6576   345      574.7715      577.7552  2570411    0.52%
  31262 12020      577.3146   506      574.7715      577.7547  2578845    0.52%
  31448 12206      577.4556   645      574.7715      577.7546  2587040    0.52%
  31534 12292      576.7213   406      574.7715      577.7546  2597712    0.52%
  31667 12425      577.3302   481      574.7715      577.7545  2605825    0.52%
Elapsed time = 1315.40 sec. (1246626.14 ticks, tree = 260.53 MB, solutions = 1)
  31863 12621      577.5058   541      574.7715      577.7545  2614657    0.52%
  31971 12729      576.6437   243      574.7715      577.7545  2623171    0.52%
  32082 12840      577.4021   499      574.7715      577.7543  2633238    0.52%
  32214 12972      576.3594   183      574.7715      577.7543  2641430    0.52%
  32289 13047      577.1943   499      574.7715      577.7543  2650864    0.52%
  32426 13184      576.3668   211      574.7715      577.7543  2658822    0.52%
  32626 13384      575.8262    21      574.7715      577.7541  2667036    0.52%
  32702 13460      577.1395   488      574.7715      577.7536  2676994    0.52%
  32837 13595      577.7325   663      574.7715      577.7534  2684836    0.52%
  33041 13799      577.6136   640      574.7715      577.7530  2693389    0.52%
Elapsed time = 1358.29 sec. (1284908.12 ticks, tree = 295.71 MB, solutions = 1)
  33116 13874      576.9273   399      574.7715      577.7530  2702967    0.52%
  33245 14003      577.5662   571      574.7715      577.7530  2710912    0.52%
  33443 14201      577.5972   616      574.7715      577.7522  2719129    0.52%
  33519 14277      577.0527   397      574.7715      577.7522  2727769    0.52%
  33663 14421      577.3103   465      574.7715      577.7521  2736318    0.52%
  33853 14611      577.5163   551      574.7715      577.7508  2744750    0.52%
  33953 14711      576.7385   349      574.7715      577.7508  2754434    0.52%
  34059 14817      577.4343   516      574.7715      577.7504  2763476    0.52%
  34147 14905      576.6487   266      574.7715      577.7504  2771848    0.52%
  34263 15021      577.4659   540      574.7715      577.7504  2781055    0.52%
Elapsed time = 1400.44 sec. (1323418.29 ticks, tree = 321.48 MB, solutions = 1)
  34379 15137      576.5647   223      574.7715      577.7504  2789503    0.52%
  34523 15281      576.6554   203      574.7715      577.7487  2797265    0.52%
  34696 15454      577.0627   433      574.7715      577.7467  2806849    0.52%
  34848 15606      577.5691   570      574.7715      577.7467  2815081    0.52%
  35046 15804      577.5675   595      574.7715      577.7455  2823342    0.52%
  35127 15885      576.7875   377      574.7715      577.7455  2831834    0.52%
  35265 16023      577.3546   461      574.7715      577.7440  2840535    0.52%
  35454 16212      577.5766   554      574.7715      577.7436  2848995    0.52%
  35538 16296      576.9714   322      574.7715      577.7436  2857358    0.52%
  35690 16448      577.0077   355      574.7715      577.7434  2865441    0.52%
Elapsed time = 1443.55 sec. (1361811.31 ticks, tree = 353.55 MB, solutions = 1)
  35876 16634      577.2694   496      574.7715      577.7433  2874383    0.52%
  36014 16772      576.3192   167      574.7715      577.7433  2882891    0.52%
  36093 16851      577.2501   475      574.7715      577.7431  2893073    0.52%
  36242 17000      577.6206   659      574.7715      577.7431  2901434    0.52%
  36321 17079      576.8684   391      574.7715      577.7431  2911292    0.52%
  36462 17220      577.3382   469      574.7715      577.7425  2920056    0.52%
  36661 17419      577.4470   550      574.7715      577.7421  2928965    0.52%
  36781 17539      576.4401   266      574.7715      577.7421  2937812    0.52%
  36925 17683      576.6877   204      574.7715      577.7419  2946191    0.52%
  37095 17853      577.0275   456      574.7715      577.7411  2955818    0.52%
Elapsed time = 1486.65 sec. (1400162.94 ticks, tree = 389.69 MB, solutions = 1)
  37242 18000      577.5907   565      574.7715      577.7410  2963792    0.52%
  37440 18198      577.5955   608      574.7715      577.7409  2971689    0.52%
  37507 18265      576.9641   409      574.7715      577.7409  2980522    0.52%
  37645 18403      577.5447   605      574.7715      577.7400  2989265    0.52%
  37843 18601      577.5806   611      574.7715      577.7397  2997151    0.52%
  37914 18672      577.0384   404      574.7715      577.7397  3006722    0.52%
  38048 18806      577.5136   613      574.7715      577.7394  3015443    0.52%
  38123 18881      576.9507   397      574.7715      577.7394  3026037    0.52%
  38259 19017      577.5687   543      574.7715      577.7384  3035035    0.52%
  38342 19100      576.9943   366      574.7715      577.7384  3043287    0.52%
Elapsed time = 1528.85 sec. (1438561.37 ticks, tree = 411.67 MB, solutions = 1)
  38472 19230      577.1296   374      574.7715      577.7382  3051804    0.52%
  38667 19425      577.4027   541      574.7715      577.7369  3061708    0.52%
  38760 19518      576.6445   288      574.7715      577.7369  3070470    0.52%
  38892 19650      577.0105   344      574.7715      577.7362  3078525    0.52%
  39059 19817      577.3876   566      574.7715      577.7362  3087632    0.52%
  39156 19914      576.6526   333      574.7715      577.7362  3095880    0.52%
  39288 20046      577.0270   356      574.7715      577.7362  3104000    0.52%
  39462 20220      577.4854   536      574.7715      577.7349  3113176    0.52%
  39569 20327      576.7626   237      574.7715      577.7349  3122077    0.52%
  39717 20475      576.8824   217      574.7715      577.7345  3130023    0.52%
Elapsed time = 1571.61 sec. (1476900.83 ticks, tree = 432.33 MB, solutions = 1)
  39889 20647      577.2153   472      574.7715      577.7341  3139771    0.52%
  40026 20784      576.5175   155      574.7715      577.7341  3148592    0.52%
  40088 20846      577.0382   435      574.7715      577.7337  3157544    0.52%
  40242 21000      577.5051   586      574.7715      577.7337  3166450    0.52%
  40328 21086      576.7970   387      574.7715      577.7337  3174749    0.52%
  40462 21220      577.2550   452      574.7715      577.7337  3182793    0.52%
  40650 21408      577.5146   615      574.7715      577.7332  3191484    0.52%
  40743 21501      576.6412   374      574.7715      577.7332  3200670    0.52%
  40871 21629      577.2419   436      574.7715      577.7330  3209284    0.52%
  41059 21817      577.3849   562      574.7715      577.7325  3218544    0.52%
Elapsed time = 1614.33 sec. (1515317.72 ticks, tree = 456.97 MB, solutions = 1)
  41152 21910      576.5155   314      574.7715      577.7325  3226946    0.52%
  41300 22058      576.9039   285      574.7715      577.7323  3235029    0.52%
  41464 22222      577.4585   521      574.7715      577.7320  3243804    0.52%
  41579 22337      576.3621   241      574.7715      577.7320  3252032    0.52%
  41730 22488      576.1547   195      574.7715      577.7318  3261355    0.52%
  41891 22649      577.2282   489      574.7715      577.7314  3270888    0.51%
  42035 22793      577.6778   625      574.7715      577.7312  3279380    0.51%
  42118 22876      576.8440   409      574.7715      577.7312  3288197    0.51%
  42255 23013      577.4740   551      574.7715      577.7305  3297297    0.51%
  42350 23108      576.8140   293      574.7715      577.7305  3305806    0.51%
Elapsed time = 1656.84 sec. (1553826.48 ticks, tree = 485.28 MB, solutions = 1)
  42488 23246      577.0034   326      574.7715      577.7305  3313644    0.51%
  42672 23430      577.1286   487      574.7715      577.7299  3322971    0.51%
  42826 23584      576.0787   171      574.7715      577.7299  3330465    0.51%
  43039 23797      577.6752   609      574.7715      577.7298  3338675    0.51%
  43118 23876      577.0296   404      574.7715      577.7298  3348220    0.51%
  43251 24009      577.4311   531      574.7715      577.7297  3356418    0.51%
  43454 24212      577.4551   546      574.7715      577.7297  3365315    0.51%
  43563 24321      576.3622   290      574.7715      577.7297  3374332    0.51%
  43710 24468      576.8692   231      574.7715      577.7297  3382309    0.51%
  43885 24643      577.1919   427      574.7715      577.7296  3391289    0.51%
Elapsed time = 1700.69 sec. (1592164.92 ticks, tree = 515.10 MB, solutions = 1)
  44035 24793      577.5980   669      574.7715      577.7294  3400110    0.51%
  44123 24881      576.8645   357      574.7715      577.7294  3409967    0.51%
  44262 25020      577.3466   530      574.7715      577.7292  3420095    0.51%
  44393 25151      576.1535   207      574.7715      577.7292  3428428    0.51%
  44554 25312      576.6457   153      574.7715      577.7292  3436520    0.51%
  44679 25437      577.2708   522      574.7715      577.7292  3446222    0.51%
  44801 25559      576.3775   205      574.7715      577.7292  3454105    0.51%
  44968 25726      576.2603   104      574.7715      577.7292  3462894    0.51%
  45083 25841      577.1941   452      574.7715      577.7292  3471789    0.51%
  45233 25991      576.2550   150      574.7715      577.7292  3479934    0.51%
Elapsed time = 1743.58 sec. (1630655.87 ticks, tree = 549.27 MB, solutions = 1)
  45439 26197      577.6646   608      574.7715      577.7280  3488675    0.51%
  45493 26251      577.2073   431      574.7715      577.7280  3497652    0.51%
  45641 26399      577.5637   557      574.7715      577.7274  3507093    0.51%
  45841 26599      577.6351   564      574.7715      577.7271  3515423    0.51%
  45923 26681      576.9668   338      574.7715      577.7271  3523915    0.51%
  46067 26825      577.4006   518      574.7715      577.7259  3533085    0.51%
  46194 26952      576.4479   197      574.7715      577.7259  3540739    0.51%
  46284 27042      577.2146   451      574.7715      577.7258  3549469    0.51%
  46433 27191      576.3560   179      574.7715      577.7258  3557642    0.51%
  46626 27384      575.8707    46      574.7715      577.7251  3565701    0.51%
Elapsed time = 1786.59 sec. (1669042.12 ticks, tree = 575.69 MB, solutions = 1)
  46694 27452      577.0471   477      574.7715      577.7221  3576024    0.51%
  46842 27600      577.6367   630      574.7715      577.7215  3584517    0.51%
  47041 27799      577.5593   595      574.7715      577.7212  3592441    0.51%
  47115 27873      576.9837   373      574.7715      577.7212  3601157    0.51%
  47259 28017      577.3772   511      574.7715      577.7206  3609997    0.51%
  47458 28216      577.4702   566      574.7715      577.7206  3619122    0.51%
  47563 28321      576.6673   308      574.7715      577.7206  3627666    0.51%
  47714 28472      576.7577   234      574.7715      577.7197  3635983    0.51%
  47876 28634      577.2699   503      574.7715      577.7197  3645929    0.51%
  47973 28731      576.5197   261      574.7715      577.7197  3654347    0.51%
Elapsed time = 1829.43 sec. (1707402.31 ticks, tree = 609.64 MB, solutions = 1)
  48069 28827      577.0833   532      574.7715      577.7189  3664535    0.51%
  48167 28925      576.1704   295      574.7715      577.7189  3672710    0.51%
  48268 29026      577.4287   503      574.7715      577.7185  3681130    0.51%
  48383 29141      576.6221   250      574.7715      577.7185  3689458    0.51%
  48517 29275      576.6944   247      574.7715      577.7183  3697515    0.51%
  48687 29445      577.1000   451      574.7715      577.7180  3707265    0.51%
  48818 29576      576.3073   177      574.7715      577.7180  3715729    0.51%
  48975 29733      576.3521   111      574.7715      577.7179  3723393    0.51%
  49113 29871      576.8259   389      574.7715      577.7179  3733100    0.51%
  49257 30015      577.0042   517      574.7715      577.7178  3741717    0.51%
Elapsed time = 1871.71 sec. (1745669.26 ticks, tree = 642.42 MB, solutions = 1)
  49467 30225      577.3199   488      574.7715      577.7170  3751137    0.51%
  49607 30365      576.2485   197      574.7715      577.7170  3758493    0.51%
  49763 30521      576.5681   109      574.7715      577.7168  3766580    0.51%
  49909 30667      576.9152   399      574.7715      577.7167  3776743    0.51%
  50043 30801      577.5705   608      574.7715      577.7166  3785022    0.51%
  50130 30888      576.7341   320      574.7715      577.7166  3793619    0.51%
  50258 31016      577.4612   537      574.7715      577.7160  3802691    0.51%
  50326 31084      576.8804   387      574.7715      577.7160  3810925    0.51%
  50468 31226      577.2784   437      574.7715      577.7160  3819651    0.51%
  50658 31416      577.3758   566      574.7715      577.7157  3828294    0.51%
Elapsed time = 1914.77 sec. (1784037.62 ticks, tree = 672.70 MB, solutions = 1)
  50750 31508      576.7611   318      574.7715      577.7157  3836780    0.51%
  50884 31642      576.8762   347      574.7715      577.7156  3845466    0.51%
  51059 31817      577.4271   510      574.7715      577.7156  3854043    0.51%
  51177 31935      576.5608   208      574.7715      577.7156  3862142    0.51%
  51331 32089      576.7637   194      574.7715      577.7151  3869889    0.51%
  51492 32250      577.2509   445      574.7715      577.7150  3880060    0.51%
  51635 32393      577.6389   594      574.7715      577.7146  3888968    0.51%
  51842 32600      577.6360   612      574.7715      577.7141  3897167    0.51%
  51921 32679      576.9885   408      574.7715      577.7141  3905758    0.51%
  52048 32806      577.6020   602      574.7715      577.7140  3914434    0.51%
Elapsed time = 1957.72 sec. (1822411.65 ticks, tree = 699.78 MB, solutions = 1)
  52125 32883      576.9326   389      574.7715      577.7140  3923161    0.51%
  52253 33011      577.4646   583      574.7715      577.7140  3931858    0.51%
  52356 33114      576.7175   322      574.7715      577.7140  3940159    0.51%
  52496 33254      576.9203   303      574.7715      577.7137  3948346    0.51%
  52682 33440      577.2474   472      574.7715      577.7136  3957365    0.51%
  52819 33577      576.2901   170      574.7715      577.7136  3965365    0.51%
  52984 33742      576.2352    83      574.7715      577.7133  3973821    0.51%
  53103 33861      577.2224   408      574.7715      577.7133  3982999    0.51%
  53248 34006      577.5471   547      574.7715      577.7133  3991382    0.51%
  53456 34214      577.3699   536      574.7715      577.7130  3999650    0.51%
Elapsed time = 2000.78 sec. (1860761.73 ticks, tree = 735.95 MB, solutions = 1)
  53572 34330      576.6124   266      574.7715      577.7130  4007357    0.51%
  53718 34476      576.7864   188      574.7715      577.7130  4015638    0.51%
  53874 34632      577.2492   479      574.7715      577.7119  4024013    0.51%
  53989 34747      576.4783   242      574.7715      577.7119  4032017    0.51%
  54069 34827      577.3408   520      574.7715      577.7118  4040734    0.51%
  54165 34923      576.5072   264      574.7715      577.7118  4048902    0.51%
  54277 35035      577.3445   521      574.7715      577.7117  4057917    0.51%
  54371 35129      576.6448   261      574.7715      577.7117  4066032    0.51%
  54501 35259      576.7696   254      574.7715      577.7113  4074485    0.51%
  54694 35452      577.0654   434      574.7715      577.7109  4083826    0.51%
Elapsed time = 2042.66 sec. (1899096.82 ticks, tree = 768.17 MB, solutions = 1)
  54835 35593      577.5801   636      574.7715      577.7098  4092488    0.51%
  55036 35794      577.6625   653      574.7715      577.7096  4100517    0.51%
  55113 35871      576.8118   397      574.7715      577.7096  4110271    0.51%
  55251 36009      577.4527   493      574.7715      577.7096  4119406    0.51%
  55445 36203      577.5336   651      574.7715      577.7092  4127665    0.51%
  55527 36285      576.8610   377      574.7715      577.7092  4136236    0.51%
  55667 36425      577.2956   429      574.7715      577.7089  4144639    0.51%
  55853 36611      577.5039   501      574.7715      577.7089  4153109    0.51%
  55948 36706      576.7010   278      574.7715      577.7089  4161694    0.51%
  56055 36813      577.4523   575      574.7715      577.7088  4171136    0.51%
Elapsed time = 2085.36 sec. (1937606.33 ticks, tree = 798.80 MB, solutions = 1)
  56141 36899      576.8158   332      574.7715      577.7088  4180005    0.51%
  56263 37021      577.2303   527      574.7715      577.7088  4189184    0.51%
  56362 37120      576.3210   342      574.7715      577.7088  4196773    0.51%
  56479 37237      577.0198   414      574.7715      577.7085  4205669    0.51%
  56655 37413      577.4041   549      574.7715      577.7076  4214089    0.51%
  56741 37499      576.6391   308      574.7715      577.7076  4222337    0.51%
  56899 37657      576.5242   369      574.7715      577.7074  4232372    0.51%
  57074 37832      577.3257   520      574.7715      577.7067  4241481    0.51%
  57191 37949      576.3119   206      574.7715      577.7067  4249693    0.51%
  57308 38066      576.6326   248      574.7715      577.7065  4257665    0.51%
Elapsed time = 2127.10 sec. (1975949.78 ticks, tree = 830.08 MB, solutions = 1)
  57466 38224      577.3298   536      574.7715      577.7065  4266495    0.51%
  57561 38319      576.5174   276      574.7715      577.7065  4274617    0.51%
  57710 38468      576.4412   248      574.7715      577.7064  4282234    0.51%
  57880 38638      576.9992   459      574.7715      577.7064  4291375    0.51%
  58035 38793      577.6906   686      574.7715      577.7063  4300287    0.51%
  58100 38858      577.0596   457      574.7715      577.7063  4309799    0.51%
  58235 38993      577.5852   609      574.7715      577.7062  4317849    0.51%
  58292 39050      577.1251   419      574.7715      577.7062  4326431    0.51%
  58433 39191      576.1085   168      574.7715      577.7062  4334959    0.51%
  58571 39329      576.1960   138      574.7715      577.7059  4343387    0.51%
Elapsed time = 2169.01 sec. (2014418.78 ticks, tree = 859.72 MB, solutions = 1)
  58694 39452      576.8153   473      574.7715      577.7055  4353386    0.51%
  58833 39591      575.8374   191      574.7715      577.7055  4361227    0.51%
  59020 39778      575.6939    45      574.7715      577.7055  4369859    0.51%
  59099 39857      577.1033   446      574.7715      577.7054  4379480    0.51%
  59243 40001      577.4741   583      574.7715      577.7053  4388839    0.51%
  59443 40201      577.6257   629      574.7715      577.7053  4397397    0.51%
  59518 40276      577.0365   410      574.7715      577.7053  4407192    0.51%
  59646 40404      577.4153   554      574.7715      577.7052  4415381    0.51%
  59842 40600      577.5723   561      574.7715      577.7052  4423449    0.51%
  59902 40660      577.0766   421      574.7715      577.7052  4432399    0.51%
Elapsed time = 2211.33 sec. (2052969.51 ticks, tree = 889.84 MB, solutions = 1)
  60045 40803      577.5128   593      574.7715      577.7052  4440683    0.51%
  60116 40874      576.8955   365      574.7715      577.7052  4449790    0.51%
  60259 41017      577.4710   552      574.7715      577.7049  4459296    0.51%
  60346 41104      576.7274   312      574.7715      577.7049  4467321    0.51%
  60489 41247      576.7937   336      574.7715      577.7048  4475857    0.51%
  60684 41442      577.2579   466      574.7715      577.7047  4484914    0.51%
  60827 41585      576.2853   150      574.7715      577.7047  4493410    0.51%
  60963 41721      576.4676   127      574.7715      577.7047  4500934    0.51%
  61083 41841      577.2337   480      574.7715      577.7047  4509282    0.51%
  61213 41971      576.1568   167      574.7715      577.7047  4517691    0.51%
Elapsed time = 2253.22 sec. (2091252.09 ticks, tree = 924.66 MB, solutions = 1)
  61342 42100      576.3806   156      574.7715      577.7046  4525098    0.51%
  61496 42254      577.0421   426      574.7715      577.7045  4535357    0.51%
  61643 42401      577.4544   531      574.7715      577.7041  4543723    0.51%
  61842 42600      577.5793   628      574.7715      577.7037  4552091    0.51%
  61920 42678      577.0201   375      574.7715      577.7037  4561660    0.51%
  62048 42806      577.5407   581      574.7715      577.7037  4570602    0.51%
  62113 42871      577.1334   413      574.7715      577.7037  4579157    0.51%
  62245 43003      577.6142   628      574.7715      577.7035  4588566    0.51%
  62315 43073      577.1146   383      574.7715      577.7035  4597806    0.51%
  62454 43212      577.2531   486      574.7715      577.7031  4606216    0.51%
Elapsed time = 2294.80 sec. (2129649.96 ticks, tree = 947.12 MB, solutions = 1)
  62648 43406      577.5253   572      574.7715      577.7029  4614585    0.51%
  62709 43467      577.0769   414      574.7715      577.7029  4623256    0.51%
  62843 43601      577.4601   565      574.7715      577.7026  4631974    0.51%
  63051 43809      577.3175   516      574.7715      577.7026  4641083    0.51%
  63155 43913      576.3563   295      574.7715      577.7026  4649521    0.51%
  63292 44050      576.9788   310      574.7715      577.7025  4657555    0.51%
  63474 44232      577.2829   472      574.7715      577.7024  4666702    0.51%
  63619 44377      576.2430   159      574.7715      577.7024  4674708    0.51%
  63758 44516      576.4086   120      574.7715      577.7022  4682670    0.51%
  63897 44655      577.0769   403      574.7715      577.7022  4692108    0.51%
Elapsed time = 2337.53 sec. (2168027.89 ticks, tree = 985.22 MB, solutions = 1)
  64039 44797      577.5696   632      574.7715      577.7022  4700551    0.51%
  64122 44880      576.7539   363      574.7715      577.7022  4709804    0.51%
  64260 45018      577.4297   558      574.7715      577.7019  4719488    0.51%
  64342 45100      576.8205   333      574.7715      577.7019  4728102    0.51%
  64472 45230      576.8300   429      574.7715      577.7014  4737536    0.51%
  64666 45424      577.1812   540      574.7715      577.7013  4747210    0.51%
  64784 45542      576.1788   224      574.7715      577.7013  4756371    0.51%
  64913 45671      576.6169   261      574.7715      577.7012  4764598    0.51%
  65077 45835      577.2045   508      574.7715      577.7010  4773913    0.51%
  65186 45944      576.3843   256      574.7715      577.7010  4782201    0.51%
Elapsed time = 2379.43 sec. (2206438.00 ticks, tree = 1019.49 MB, solutions = 1)
  65316 46074      576.4361   215      574.7715      577.7006  4789924    0.51%
  65497 46255      577.0573   403      574.7715      577.7004  4799699    0.51%
  65646 46404      577.5071   564      574.7715      577.7003  4807870    0.51%
  65850 46608      577.4055   540      574.7715      577.7003  4816590    0.51%
  65945 46703      576.5941   287      574.7715      577.7003  4825339    0.51%
  66072 46830      577.2413   519      574.7715      577.7002  4835995    0.51%
  66177 46935      576.4823   286      574.7715      577.7002  4844721    0.51%
  66283 47041      577.0964   477      574.7715      577.7002  4854663    0.51%
  66394 47152      576.4078   229      574.7715      577.7002  4863363    0.51%
  66542 47300      576.6100   141      574.7715      577.7000  4870860    0.51%
Elapsed time = 2421.62 sec. (2244701.92 ticks, tree = 1055.43 MB, solutions = 1)
  66684 47442      577.1866   452      574.7715      577.7000  4879628    0.51%
  66835 47593      577.6064   644      574.7715      577.6998  4888133    0.51%
  67039 47797      577.5265   636      574.7715      577.6997  4896943    0.51%
  67120 47878      576.7262   397      574.7715      577.6997  4906646    0.51%
  67253 48011      577.3437   550      574.7715      577.6996  4915574    0.51%
  67444 48202      577.4938   594      574.7715      577.6995  4923689    0.51%
  67504 48262      577.0208   416      574.7715      577.6995  4932290    0.51%
  67643 48401      577.5002   567      574.7715      577.6994  4941312    0.51%
  67841 48599      577.4907   624      574.7715      577.6994  4949414    0.51%
  67914 48672      576.8630   399      574.7715      577.6994  4958488    0.51%
Elapsed time = 2464.19 sec. (2283225.54 ticks, tree = 1091.59 MB, solutions = 1)
  68048 48806      577.4683   579      574.7715      577.6994  4967027    0.51%
  68123 48881      576.7379   397      574.7715      577.6994  4975105    0.51%
  68252 49010      577.4581   546      574.7715      577.6992  4983635    0.51%
  68330 49088      576.7885   338      574.7715      577.6992  4991713    0.51%
  68459 49217      577.2161   484      574.7715      577.6992  5000037    0.51%
  68659 49417      577.3410   535      574.7715      577.6991  5008568    0.51%
  68770 49528      576.5131   269      574.7715      577.6991  5017426    0.51%
  68898 49656      576.7911   273      574.7715      577.6988  5025544    0.51%
  69073 49831      577.2723   500      574.7715      577.6987  5035503    0.51%
  69179 49937      576.6449   247      574.7715      577.6987  5043594    0.51%
Elapsed time = 2505.92 sec. (2321683.74 ticks, tree = 1124.81 MB, solutions = 1)
  69308 50066      576.6991   236      574.7715      577.6980  5051571    0.51%
  69484 50242      577.1529   513      574.7715      577.6980  5060983    0.51%
  69589 50347      576.2434   275      574.7715      577.6980  5069198    0.51%
  69713 50471      576.5054   255      574.7715      577.6977  5077952    0.51%
  69879 50637      577.1434   476      574.7715      577.6976  5087540    0.51%
  69987 50745      576.2349   243      574.7715      577.6976  5096167    0.51%
  70073 50831      577.2284   480      574.7715      577.6976  5104632    0.51%
  70203 50961      576.1576   164      574.7715      577.6976  5113144    0.51%
  70276 51034      577.1574   486      574.7715      577.6976  5122698    0.51%
  70386 51144      576.4118   268      574.7715      577.6976  5130788    0.51%
Elapsed time = 2547.70 sec. (2360074.26 ticks, tree = 1157.01 MB, solutions = 1)
  70534 51292      576.7125   173      574.7715      577.6974  5138800    0.51%
  70683 51441      577.0772   467      574.7715      577.6973  5148753    0.51%
  70814 51572      576.0714   203      574.7715      577.6973  5157175    0.51%
  70984 51742      575.9588    66      574.7715      577.6973  5165215    0.51%
  71096 51854      576.9611   425      574.7715      577.6972  5174164    0.51%
  71233 51991      575.7426   172      574.7715      577.6972  5181800    0.51%
  71435 52193      577.6598   664      574.7715      577.6969  5189886    0.51%
  71492 52250      577.1285   479      574.7715      577.6969  5199237    0.51%
  71613 52371      576.3898   201      574.7715      577.6969  5207475    0.51%
  71740 52498      576.3827   209      574.7715      577.6964  5215708    0.51%
Elapsed time = 2590.22 sec. (2398467.38 ticks, tree = 1188.82 MB, solutions = 1)
  71886 52644      577.1760   515      574.7715      577.6961  5226505    0.51%
  71974 52732      576.4671   288      574.7715      577.6961  5235226    0.51%
  72080 52838      577.0992   500      574.7715      577.6961  5245217    0.51%
  72192 52950      576.0313   256      574.7715      577.6961  5253509    0.51%
  72281 53039      577.1918   470      574.7715      577.6961  5263239    0.51%
  72380 53138      576.3936   276      574.7715      577.6961  5271855    0.51%
  72476 53234      577.0527   407      574.7715      577.6959  5280970    0.51%
  72661 53419      577.2886   529      574.7715      577.6958  5289906    0.51%
  72767 53525      576.3983   262      574.7715      577.6958  5298121    0.51%
  72894 53652      576.8189   325      574.7715      577.6958  5306175    0.51%
Elapsed time = 2631.69 sec. (2436900.74 ticks, tree = 1213.22 MB, solutions = 1)
  73071 53829      577.3142   516      574.7715      577.6957  5315864    0.51%
  73163 53921      576.7317   286      574.7715      577.6957  5323930    0.51%
  73289 54047      576.8359   268      574.7715      577.6952  5332181    0.51%
  73478 54236      577.1403   492      574.7715      577.6952  5342722    0.51%
  73593 54351      576.1110   255      574.7715      577.6952  5350803    0.51%
  73716 54474      576.6517   221      574.7715      577.6948  5358551    0.51%
  73869 54627      577.2175   533      574.7715      577.6943  5367861    0.51%
  73973 54731      576.3610   247      574.7715      577.6943  5375847    0.51%
  74084 54842      577.1107   496      574.7715      577.6942  5385438    0.51%
  74196 54954      576.3699   253      574.7715      577.6942  5393577    0.51%
Elapsed time = 2673.89 sec. (2475239.80 ticks, tree = 1238.41 MB, solutions = 1)
  74288 55046      577.1078   465      574.7715      577.6940  5403236    0.51%
  74394 55152      576.2639   233      574.7715      577.6940  5411861    0.51%
  74539 55297      576.4377   173      574.7715      577.6939  5419926    0.51%
  74676 55434      577.2355   489      574.7715      577.6938  5429366    0.51%
  74781 55539      576.4001   212      574.7715      577.6938  5437622    0.51%
  74910 55668      576.6124   261      574.7715      577.6936  5446311    0.51%
  75070 55828      577.3509   505      574.7715      577.6936  5455149    0.51%
  75191 55949      576.2567   247      574.7715      577.6936  5463105    0.51%
  75305 56063      576.8370   278      574.7715      577.6932  5470404    0.51%
  75479 56237      577.2417   459      574.7715      577.6932  5479929    0.51%
Elapsed time = 2715.78 sec. (2513522.37 ticks, tree = 1267.94 MB, solutions = 1)
  75614 56372      576.3422   165      574.7715      577.6932  5488800    0.51%
  75776 56534      575.9915   112      574.7715      577.6929  5496757    0.51%
  75910 56668      576.5284   394      574.7715      577.6928  5506554    0.51%
  76044 56802      577.4596   582      574.7715      577.6925  5515479    0.51%
  76123 56881      576.7604   367      574.7715      577.6925  5525133    0.51%
  76249 57007      577.3684   539      574.7715      577.6924  5534443    0.51%
  76337 57095      576.6740   315      574.7715      577.6924  5542829    0.51%
  76477 57235      576.9995   397      574.7715      577.6922  5551142    0.51%
  76659 57417      577.3364   529      574.7715      577.6922  5559763    0.51%
  76753 57511      576.5164   314      574.7715      577.6922  5567696    0.51%
Elapsed time = 2757.71 sec. (2551831.12 ticks, tree = 1302.29 MB, solutions = 1)
  76881 57639      576.8693   355      574.7715      577.6921  5575695    0.51%
  77055 57813      577.3887   522      574.7715      577.6920  5584113    0.51%
  77129 57887      576.7912   322      574.7715      577.6920  5592291    0.51%
  77268 58026      577.1163   420      574.7715      577.6920  5600490    0.51%
  77463 58221      577.3508   498      574.7715      577.6919  5609793    0.51%
  77572 58330      576.4607   237      574.7715      577.6919  5618066    0.51%
  77703 58461      576.7130   278      574.7715      577.6919  5626674    0.51%
  77875 58633      577.2050   483      574.7715      577.6919  5636657    0.51%
  77994 58752      576.0531   232      574.7715      577.6919  5644975    0.51%
  78092 58850      576.5695   446      574.7715      577.6918  5654449    0.51%
Elapsed time = 2800.05 sec. (2590347.48 ticks, tree = 1338.22 MB, solutions = 1)
  78220 58978      575.4393   195      574.7715      577.6918  5662728    0.51%
  78299 59057      577.0094   420      574.7715      577.6916  5672320    0.51%
  78444 59202      577.5073   550      574.7715      577.6911  5680872    0.51%
  78643 59401      577.5153   575      574.7715      577.6911  5688828    0.51%
  78728 59486      576.8197   354      574.7715      577.6911  5698263    0.51%
  78862 59620      577.2276   462      574.7715      577.6909  5706804    0.51%
  79058 59816      577.3723   565      574.7715      577.6905  5716263    0.51%
  79138 59896      576.7416   360      574.7715      577.6905  5724875    0.51%
  79268 60026      577.1243   461      574.7715      577.6903  5733260    0.51%
  79463 60221      577.3807   493      574.7715      577.6902  5742280    0.51%
Elapsed time = 2842.67 sec. (2628789.52 ticks, tree = 1375.54 MB, solutions = 1)
  79559 60317      576.6580   269      574.7715      577.6902  5750510    0.51%
  79704 60462      576.3573   331      574.7715      577.6902  5759637    0.51%
  79862 60620      577.3489   559      574.7715      577.6898  5768502    0.51%
  79941 60699      576.7359   324      574.7715      577.6898  5776722    0.51%
  80063 60821      577.3666   540      574.7715      577.6897  5786020    0.51%
  80143 60901      576.7222   305      574.7715      577.6897  5794464    0.51%
  80269 61027      577.1294   473      574.7715      577.6895  5803840    0.51%
  80377 61135      576.2885   240      574.7715      577.6895  5812600    0.51%
  80523 61281      576.6205   208      574.7715      577.6894  5821553    0.51%
  80682 61440      577.0194   454      574.7715      577.6894  5829819    0.51%
Elapsed time = 2884.34 sec. (2667175.88 ticks, tree = 1408.03 MB, solutions = 1)
  80835 61593      577.5456   604      574.7715      577.6892  5838424    0.51%
  81043 61801      577.5032   607      574.7715      577.6891  5846825    0.51%
  81120 61878      576.8008   372      574.7715      577.6891  5855778    0.51%
  81260 62018      577.1997   467      574.7715      577.6889  5864455    0.51%
  81446 62204      577.4120   591      574.7715      577.6886  5873461    0.51%
  81524 62282      576.7809   355      574.7715      577.6886  5882634    0.51%
  81665 62423      577.1633   433      574.7715      577.6886  5891255    0.51%
  81863 62621      577.3326   518      574.7715      577.6882  5900356    0.51%
  81955 62713      576.5970   303      574.7715      577.6882  5909279    0.51%
  82074 62832      577.3408   492      574.7715      577.6880  5918204    0.51%
Elapsed time = 2927.35 sec. (2705763.83 ticks, tree = 1440.92 MB, solutions = 1)
  82174 62932      576.5246   263      574.7715      577.6880  5926554    0.51%
  82289 63047      577.0325   437      574.7715      577.6878  5936517    0.51%
  82441 63199      577.5350   540      574.7715      577.6877  5944907    0.51%
  82640 63398      577.5580   579      574.7715      577.6876  5953163    0.51%
  82709 63467      577.0035   408      574.7715      577.6876  5961905    0.51%
  82852 63610      577.3957   526      574.7715      577.6873  5970362    0.51%
  83044 63802      577.3466   648      574.7715      577.6871  5978706    0.51%
  83117 63875      576.6504   422      574.7715      577.6871  5987355    0.51%
  83246 64004      577.4468   565      574.7715      577.6870  5995647    0.51%
  83443 64201      577.5301   617      574.7715      577.6870  6003590    0.51%
Elapsed time = 2970.10 sec. (2744311.69 ticks, tree = 1467.56 MB, solutions = 1)
  83503 64261      576.9734   436      574.7715      577.6870  6012554    0.51%
  83635 64393      577.6216   605      574.7715      577.6869  6020422    0.51%
  83839 64597      577.6018   623      574.7715      577.6868  6029039    0.51%
  83911 64669      577.0513   397      574.7715      577.6868  6038531    0.51%
  84042 64800      577.4542   551      574.7715      577.6868  6047361    0.51%
  84125 64883      576.6465   346      574.7715      577.6868  6056648    0.51%
  84258 65016      577.3002   534      574.7715      577.6866  6066153    0.51%
  84340 65098      576.5961   317      574.7715      577.6866  6074553    0.51%
  84473 65231      576.9763   375      574.7715      577.6866  6082696    0.51%
  84662 65420      577.3311   547      574.7715      577.6861  6092026    0.51%
Elapsed time = 3011.95 sec. (2782766.73 ticks, tree = 1495.16 MB, solutions = 1)
  84758 65516      576.7019   294      574.7715      577.6861  6100640    0.51%
  84883 65641      576.8642   335      574.7715      577.6858  6107977    0.51%
  85065 65823      577.3363   482      574.7715      577.6858  6117002    0.51%
  85167 65925      576.4260   267      574.7715      577.6858  6124991    0.51%
  85295 66053      576.7785   335      574.7715      577.6856  6133110    0.51%
  85479 66237      577.0428   469      574.7715      577.6855  6142316    0.51%
  85600 66358      576.3630   188      574.7715      577.6855  6150679    0.51%
  85725 66483      576.4937   196      574.7715      577.6854  6158531    0.51%
  85895 66653      576.8266   430      574.7715      577.6853  6167546    0.51%
  86034 66792      575.4983   172      574.7715      577.6853  6175583    0.51%
Elapsed time = 3054.24 sec. (2821074.69 ticks, tree = 1530.20 MB, solutions = 1)
  86107 66865      576.8570   416      574.7715      577.6852  6185170    0.51%
  86242 67000      577.4773   614      574.7715      577.6851  6193801    0.51%
  86290 67048      577.0548   502      574.7715      577.6851  6202006    0.51%
  86412 67170      576.3391   210      574.7715      577.6851  6210138    0.51%
  86554 67312      576.4543   139      574.7715      577.6851  6217603    0.51%
  86698 67456      576.9574   426      574.7715      577.6849  6228086    0.51%
  86837 67595      577.5861   634      574.7715      577.6849  6236224    0.51%
  87039 67797      577.4836   635      574.7715      577.6848  6245210    0.51%
  87109 67867      576.7957   461      574.7715      577.6848  6254653    0.51%
  87237 67995      577.5188   648      574.7715      577.6846  6263094    0.51%
Elapsed time = 3095.66 sec. (2859444.55 ticks, tree = 1557.61 MB, solutions = 1)
  87439 68197      577.4775   649      574.7715      577.6846  6272633    0.51%
  87513 68271      576.7898   392      574.7715      577.6846  6281620    0.51%
  87662 68420      577.1684   508      574.7715      577.6842  6290089    0.51%
  87856 68614      577.2239   554      574.7715      577.6841  6298156    0.51%
  87953 68711      576.5260   319      574.7715      577.6841  6306561    0.51%
  88073 68831      577.2135   482      574.7715      577.6841  6316326    0.51%
  88201 68959      576.3317   214      574.7715      577.6841  6324783    0.51%
  88290 69048      576.9928   450      574.7715      577.6841  6334065    0.51%
  88435 69193      577.5607   601      574.7715      577.6839  6342944    0.51%
  88639 69397      577.4772   634      574.7715      577.6839  6351340    0.51%
Elapsed time = 3138.32 sec. (2897941.65 ticks, tree = 1595.72 MB, solutions = 1)
  88731 69489      576.4960   337      574.7715      577.6839  6360736    0.51%
  88876 69634      576.9191   365      574.7715      577.6839  6369597    0.51%
  89069 69827      577.0917   488      574.7715      577.6838  6378533    0.51%
  89182 69940      576.3108   212      574.7715      577.6838  6387367    0.51%
  89311 70069      576.6404   227      574.7715      577.6837  6395253    0.51%
  89474 70232      577.0965   507      574.7715      577.6837  6403833    0.51%
  89598 70356      576.0781   206      574.7715      577.6837  6411946    0.51%
  89732 70490      576.3017   200      574.7715      577.6836  6419935    0.51%
  89882 70640      577.2121   504      574.7715      577.6836  6429954    0.51%
  90003 70761      576.3740   198      574.7715      577.6836  6438751    0.51%
Elapsed time = 3180.69 sec. (2936187.98 ticks, tree = 1622.30 MB, solutions = 1)
  90090 70848      577.2574   475      574.7715      577.6834  6447729    0.51%
  90210 70968      576.4633   208      574.7715      577.6834  6456207    0.51%
  90292 71050      577.0501   475      574.7715      577.6833  6465341    0.51%
  90423 71181      576.0715   172      574.7715      577.6833  6473941    0.51%
  90635 71393      577.5995   592      574.7715      577.6832  6482110    0.51%
  90707 71465      577.1459   398      574.7715      577.6832  6491357    0.51%
  90841 71599      577.4615   597      574.7715      577.6830  6500390    0.51%
  91035 71793      577.5316   643      574.7715      577.6829  6509222    0.51%
  91086 71844      576.8916   498      574.7715      577.6829  6518707    0.51%
  91195 71953      575.9879   279      574.7715      577.6829  6526709    0.51%
Elapsed time = 3222.16 sec. (2974827.37 ticks, tree = 1644.12 MB, solutions = 1)
  91317 72075      576.4849   266      574.7715      577.6829  6535115    0.51%
  91479 72237      577.1573   452      574.7715      577.6828  6544455    0.51%
  91618 72376      576.1127   163      574.7715      577.6828  6552806    0.51%
  91761 72519      576.2010   135      574.7715      577.6828  6561252    0.51%
  91878 72636      576.9777   452      574.7715      577.6824  6569728    0.51%
Starting limited solution polishing.
  92018 72776      575.8761   171      574.7715      577.6824  6578513    0.51%
  92098 72856      577.1531   404      574.7715      577.6823  6587592    0.51%
  92238 72996      577.5620   618      574.7715      577.6822  6595560    0.51%
  92311 73069      576.7943   369      574.7715      577.6822  6604846    0.51%
  92435 73193      577.5874   655      574.7715      577.6819  6611778    0.51%
Elapsed time = 3264.29 sec. (3013063.25 ticks, tree = 1672.42 MB, solutions = 1)
  92595 73353      575.8370    83      574.7715      577.6819  6619719    0.51%
  92698 73456      576.8775   453      574.7715      577.6818  6628402    0.51%
  92833 73591      575.9366   149      574.7715      577.6818  6635127    0.51%
  92973 73731      576.2502    81      574.7715      577.6817  6642112    0.51%
  93077 73835      577.1619   479      574.7715      577.6817  6649582    0.51%
  93222 73980      575.9980   171      574.7715      577.6817  6657356    0.51%
  93333 74091      576.4203   166      574.7715      577.6815  6664077    0.51%
  93479 74237      577.1083   504      574.7715      577.6815  6672417    0.51%
  93575 74333      576.3557   268      574.7715      577.6815  6679809    0.51%
  93698 74456      576.7984   292      574.7715      577.6813  6687538    0.51%
Elapsed time = 3307.40 sec. (3052091.72 ticks, tree = 1706.65 MB, solutions = 1)
  93877 74635      577.2193   497      574.7715      577.6806  6696150    0.51%
  93977 74735      576.4236   278      574.7715      577.6806  6703510    0.51%
  94065 74823      577.3413   571      574.7715      577.6804  6711968    0.51%
  94135 74893      576.7904   332      574.7715      577.6804  6719359    0.51%
  94255 75013      577.1938   560      574.7715      577.6803  6727437    0.51%
  94333 75091      576.4766   333      574.7715      577.6803  6734924    0.51%
  94462 75220      577.2685   472      574.7715      577.6803  6742495    0.51%
  94644 75402      577.4745   590      574.7715      577.6801  6749609    0.51%
  94691 75449      577.0587   461      574.7715      577.6801  6757726    0.51%
  94829 75587      576.0251   132      574.7715      577.6801  6765294    0.51%
Elapsed time = 3349.12 sec. (3090528.07 ticks, tree = 1731.40 MB, solutions = 1)
  94928 75686      576.1692   208      574.7715      577.6801  6772228    0.51%
  95064 75822      577.2172   516      574.7715      577.6799  6780100    0.51%
  95139 75897      576.7168   354      574.7715      577.6799  6787321    0.51%
  95257 76015      577.2948   464      574.7715      577.6799  6794871    0.51%
  95450 76208      577.4700   539      574.7715      577.6799  6801994    0.51%
  95533 76291      576.8223   338      574.7715      577.6799  6810268    0.51%
  95665 76423      577.0711   446      574.7715      577.6799  6818134    0.51%
  95841 76599      577.5335   605      574.7715      577.6797  6824918    0.51%
  95914 76672      576.9039   375      574.7715      577.6797  6834141    0.51%
  96038 76796      577.5711   591      574.7715      577.6792  6841257    0.51%
Elapsed time = 3392.04 sec. (3129141.87 ticks, tree = 1764.17 MB, solutions = 1)
  96103 76861      576.9523   415      574.7715      577.6792  6849976    0.51%
  96233 76991      576.1177   143      574.7715      577.6792  6856693    0.51%
  96296 77054      577.0593   454      574.7715      577.6792  6865938    0.51%
  96422 77180      576.2621   199      574.7715      577.6792  6873794    0.51%
  96519 77277      576.6820   242      574.7715      577.6792  6880706    0.51%
  96676 77434      577.0467   480      574.7715      577.6790  6889023    0.51%
  96781 77539      576.4023   223      574.7715      577.6790  6896824    0.51%
  96888 77646      576.8999   347      574.7715      577.6786  6903346    0.51%
  97054 77812      577.4327   541      574.7715      577.6786  6911059    0.51%
  97133 77891      576.9258   337      574.7715      577.6786  6918940    0.51%
Elapsed time = 3434.27 sec. (3167974.76 ticks, tree = 1789.03 MB, solutions = 1)
  97254 78012      577.2933   486      574.7715      577.6784  6926651    0.51%
  97441 78199      577.5352   630      574.7715      577.6784  6933856    0.51%
  97485 78243      577.2374   492      574.7715      577.6784  6942154    0.51%
  97577 78335      576.5832   270      574.7715      577.6784  6949051    0.51%
  97689 78447      576.9497   293      574.7715      577.6783  6955934    0.51%
  97856 78614      577.2993   549      574.7715      577.6783  6963302    0.51%
  97933 78691      576.7786   380      574.7715      577.6783  6971421    0.51%
  98046 78804      577.4916   568      574.7715      577.6783  6978791    0.51%
  98133 78891      576.5893   351      574.7715      577.6783  6987677    0.51%
  98249 79007      577.3728   583      574.7715      577.6778  6995571    0.51%
Elapsed time = 3476.43 sec. (3206924.40 ticks, tree = 1808.07 MB, solutions = 1)
  98308 79066      576.9454   420      574.7715      577.6778  7004023    0.51%
  98433 79191      576.1681   184      574.7715      577.6778  7011393    0.51%
  98579 79337      576.1020    88      574.7715      577.6778  7019485    0.51%
  98699 79457      576.7575   412      574.7715      577.6774  7027940    0.51%
  98833 79591      575.8513   172      574.7715      577.6774  7034085    0.51%
  98997 79755      575.9398    51      574.7715      577.6772  7041505    0.51%
  99078 79836      576.9824   480      574.7715      577.6769  7049391    0.51%
  99192 79950      576.2522   232      574.7715      577.6769  7056928    0.51%
  99308 80066      576.8139   240      574.7715      577.6768  7064034    0.51%
  99469 80227      577.2970   524      574.7715      577.6766  7072710    0.51%
Elapsed time = 3519.19 sec. (3245774.82 ticks, tree = 1835.32 MB, solutions = 1)
  99548 80306      576.7421   308      574.7715      577.6766  7080525    0.51%
  99660 80418      577.2780   450      574.7715      577.6765  7087389    0.51%
  99849 80607      577.4403   543      574.7715      577.6765  7094190    0.51%
  99929 80687      576.4826   321      574.7715      577.6765  7102667    0.51%
 100048 80806      577.4874   533      574.7715      577.6764  7109523    0.51%
 100131 80889      576.7057   325      574.7715      577.6764  7117918    0.51%
 100248 81006      577.5001   573      574.7715      577.6764  7124672    0.51%
 100327 81085      576.8320   376      574.7715      577.6764  7132850    0.51%
 100452 81210      577.2948   519      574.7715      577.6761  7139939    0.51%
 100644 81402      577.4775   575      574.7715      577.6760  7146912    0.51%
Elapsed time = 3561.43 sec. (3284156.97 ticks, tree = 1867.47 MB, solutions = 1)
 100719 81477      576.8454   393      574.7715      577.6760  7155275    0.51%
 100841 81599      577.5223   586      574.7715      577.6759  7163031    0.51%
 100978 81736      575.9934    92      574.7715      577.6759  7170071    0.51%
 101096 81854      576.9301   411      574.7715      577.6758  7178146    0.51%
 101233 81991      576.2527   171      574.7715      577.6758  7185364    0.51%
 101356 82114      576.1539   153      574.7715      577.6755  7193145    0.51%
 101464 82222      577.2151   550      574.7715      577.6755  7201266    0.51%
 101542 82300      576.5348   346      574.7715      577.6755  7209018    0.51%
 101654 82412      577.3454   489      574.7715      577.6755  7216407    0.51%
Advanced basis not built.

Implied bound cuts applied:  1
Flow cuts applied:  135
Mixed integer rounding cuts applied:  347
Lift and project cuts applied:  2
Gomory fractional cuts applied:  8
User cuts applied:  1034

Root node processing (before b&c):
  Real time             =    2.30 sec. (1991.07 ticks)
Sequential b&c:
  Real time             = 3597.70 sec. (3318317.38 ticks)
                          ------------
Total (root+branch&cut) = 3600.00 sec. (3320308.45 ticks)
|V|                                     600
K                                       200
theta                                   0.10
r                                       2
R                                       20
prob_func                               facility_mixture
mixture_low_share                       0.100000
mixture_low_interval                    [0.001000, 0.010000]
mixture_high_interval                   [0.100000, 0.500000]
mixture_seed                            1
#C1                                     842
#CP                                     21738

@Parameters: 
am_callback_heuristic                   false
am_local_search                         true
am_start_heuristic                      false
colocation                              true
comp                                    false
cutC                                    true
cutC_init                               false
cutF                                    false
cutF_init                               false
cutF_stable                             false
cutF_wrong                              false
cutLocal                                false
cutM                                    true
cutM_init                               true
cutM_stable                             false
cutP                                    true
cutP_init                               false
cutP_stable                             false
init                                    true
init_cutF_zero                          false
init_val_greedy                         true
is_Euclidean                            false
is_local_search                         false
is_right_cutP                           true
is_root                                 false
is_silent                               false
is_start                                false
mycut                                   false
pmed                                    false
pre                                     true
stable_root                             false
str                                     true
two_phase                               false
ubstr                                   false
mode                                    Int

am_callback_node_space                  50
init                                    0
mixture_seed                            1
node_space                              5
nodelimit                               -1
nsepa                                   1
strF                                    0
type_delta                              0

EPS                                     0.001000
EPS_FRAC                                0.00
gap                                     0.00
mixture_high_max                        0.50
mixture_high_min                        0.10
mixture_low_max                         0.01
mixture_low_min                         0.00
mixture_low_share                       0.10
timelimit                               3600.00

Number of Closed Sites: 4 / 800 
Number of Confined Sites-1: 9 / 1791 
Number of Confined Sites-k: 587 / 9922 
Preprocess Time: 1.45 + 0.00 sec

Solve Time: 3600.00
Number of Nodes: 101673
Termination Status: TIME_LIMIT

CutInfo: [phase] num / time (sec) / aver. num_nonzero
max              [LP]     0 / 0.00 / 0.00 [init]   365 / 0.01 / 1.62 [rLC]   314 / 0.01 / 3.27 [rUC]   385 / 0.27 / 2.42 [sLC]    82 / 0.04 / 4.02 [sUC]   517 / 1.58 / 2.92 
prod_oa          [LP]     0 / 0.00 / 0.00 [init]   222 / 0.01 / 22.51 [rLC]   317 / 0.01 / 35.23 [rUC]   447 / 0.08 / 27.02 [sLC]   602 / 0.04 / 24.57 [sUC]  1480 / 2.50 / 23.98 
prod_sm_fixed    [LP]     0 / 0.00 / 0.00 [init]     0 / 0.00 / 0.00 [rLC]     0 / 0.00 / 0.00 [rUC]     0 / 0.00 / 0.00 [sLC]     0 / 0.00 / 0.00 [sUC]     0 / 0.00 / 0.00 
prod_bin         [LP]     0 / 0.00 / 0.00 [init]     0 / 0.00 / 0.00 [rLC]     0 / 0.00 / 0.00 [rUC]     0 / 0.00 / 0.00 [sLC]     0 / 0.00 / 0.00 [sUC]     0 / 0.00 / 0.00 
prod_local       [LP]     0 / 0.00 / 0.00 [init]     0 / 0.00 / 0.00 [rLC]     0 / 0.00 / 0.00 [rUC]     0 / 0.00 / 0.00 [sLC]     0 / 0.00 / 0.00 [sUC]     0 / 0.00 / 0.00 
prod_sm_C        [LP]     0 / 0.00 / 0.00 [init]     0 / 0.00 / 0.00 [rLC]     0 / 0.00 / 0.00 [rUC]     0 / 0.00 / 0.00 [sLC]     0 / 0.00 / 0.00 [sUC]     0 / 0.00 / 0.00 
facet            [LP]     0 / 0.00 / 0.00 [init]     0 / 0.00 / 0.00 [rLC]     0 / 0.00 / 0.00 [rUC]     0 / 0.00 / 0.00 [sLC]     0 / 0.00 / 0.00 [sUC]     0 / 0.00 / 0.00 
Separation Round:   [LP] 0  [init] 1  [rLC] 2  [rUC] 13  [sLC] 7  [sUC] 203419  
Root Best Bound 580.926769
Root Best Integer: 574.771535
Best Bound: 577.675461
Best Integer: 574.771535
1: 12, 13, 16, 19, 22, 33, 38, 41, 42, 44, 46, 50, 55, 57, 60, 67, 70, 80, 82, 97, 99, 107, 111, 112, 116, 132, 137, 149, 150, 151, 152, 153, 155, 157, 158, 159, 161, 162, 163, 164, 174, 175, 178, 180, 186, 192, 196, 197, 198, 203, 204, 207, 208, 210, 215, 216, 219, 227, 235, 236, 237, 241, 247, 251, 252, 256, 263, 269, 271, 279, 280, 285, 288, 291, 297, 299, 300, 302, 304, 305, 313, 314, 318, 322, 329, 334, 336, 337, 341, 347, 349, 359, 368, 371, 374, 376, 380, 386, 394, 396, 398, 402, 405, 406, 407, 416, 418, 420, 421, 424, 435, 438, 440, 442, 456, 458, 459, 479, 482, 486, 487, 492, 501, 503, 507, 508, 523, 526, 532, 534, 540, 543, 556, 558, 559, 561, 571, 572, 582, 583, 589, 591, 596, 598, 600
2: 4, 85, 106, 117, 218, 369, 465, 484, 578
3: 30, 65, 123, 254, 366, 411, 423
4: 47, 68, 76, 194
Objective Value (calc): 574.771535
sum_etaM = 409.450668 / 409.450668
sum_etaP = 593.140520 / 593.140520
nL: 165
nCL: 20
mCL: 4
