Version identifier: 20.1.0.0 | 2020-11-10 | 9bedb6d68
CPXPARAM_Threads                                 1
CPXPARAM_TimeLimit                               3600
CPXPARAM_MIP_Tolerances_MIPGap                   0
Generic callback                                 0x60
1 of 1 MIP starts provided solutions.
MIP start 'm1' defined initial solution with objective 56.8004.
Tried aggregator 1 time.
Reduced MIP has 575 rows, 900 columns, and 3886 nonzeros.
Reduced MIP has 300 binaries, 0 generals, 0 SOSs, and 0 indicators.
Presolve time = 0.00 sec. (1.12 ticks)
Probing time = 0.00 sec. (0.21 ticks)
Tried aggregator 1 time.
Reduced MIP has 575 rows, 900 columns, and 3886 nonzeros.
Reduced MIP has 300 binaries, 0 generals, 0 SOSs, and 0 indicators.
Presolve time = 0.00 sec. (1.12 ticks)
Probing time = 0.00 sec. (0.21 ticks)
MIP emphasis: balance optimality and feasibility.
MIP search method: dynamic search.
Parallel mode: none, using 1 thread.
Root relaxation solution time = 0.01 sec. (4.79 ticks)

        Nodes                                         Cuts/
   Node  Left     Objective  IInf  Best Integer    Best Bound    ItCnt     Gap

*     0+    0                           56.8004      300.0000           428.17%
      0     0       71.5616     4       56.8004       71.5616      639   25.99%
      0     0       57.9094    11       56.8004     Cuts: 154      776    1.95%
      0     0       57.3614    12       56.8004      Cuts: 73      820    0.99%

Repeating presolve.
Tried aggregator 1 time.
MIP Presolve eliminated 206 rows and 381 columns.
MIP Presolve modified 137 coefficients.
Reduced MIP has 369 rows, 519 columns, and 1196 nonzeros.
Reduced MIP has 65 binaries, 0 generals, 0 SOSs, and 0 indicators.
Presolve time = 0.00 sec. (0.90 ticks)
Probing time = 0.00 sec. (0.08 ticks)
Tried aggregator 1 time.
Reduced MIP has 369 rows, 519 columns, and 1196 nonzeros.
Reduced MIP has 65 binaries, 0 generals, 0 SOSs, and 0 indicators.
Presolve time = 0.00 sec. (0.41 ticks)
Represolve time = 0.00 sec. (2.86 ticks)
Probing time = 0.00 sec. (0.08 ticks)
MIP emphasis: balance optimality and feasibility.
MIP search method: dynamic search.
Parallel mode: none, using 1 thread.
Root relaxation solution time = 0.01 sec. (11.28 ticks)

        Nodes                                         Cuts/
   Node  Left     Objective  IInf  Best Integer    Best Bound    ItCnt     Gap

*     0+    0                           56.8004       57.3614             0.99%
      0     0       57.3203    10       56.8004       57.3203     1377    0.92%
      0     0       57.2177    13       56.8004      Cuts: 26     1391    0.73%
      0     0       57.1908     9       56.8004      Cuts: 43     1409    0.69%
      0     0       57.1471     9       56.8004      Cuts: 19     1418    0.61%
*     0+    0                           56.8536       57.1471             0.52%
      0     2       57.1471     9       56.8536       57.1429     1418    0.51%
Elapsed time = 0.22 sec. (75.01 ticks, tree = 0.01 MB, solutions = 2)

Flow cuts applied:  25
Mixed integer rounding cuts applied:  22
Gomory fractional cuts applied:  5
User cuts applied:  246

Root node processing (before b&c):
  Real time             =    0.22 sec. (75.02 ticks)
Sequential b&c:
  Real time             =    0.03 sec. (12.65 ticks)
                          ------------
Total (root+branch&cut) =    0.25 sec. (87.67 ticks)
|V|                                     300
K                                       10
theta                                   0.01
r                                       2
R                                       20
prob_func                               facility_mixture
mixture_low_share                       0.500000
mixture_low_interval                    [0.001000, 0.010000]
mixture_high_interval                   [0.100000, 0.500000]
mixture_seed                            1
#C1                                     356
#CP                                     1772

@Parameters: 
am_callback_heuristic                   false
am_local_search                         true
am_start_heuristic                      false
colocation                              false
comp                                    false
cutC                                    true
cutC_init                               false
cutF                                    true
cutF_init                               false
cutF_stable                             false
cutF_wrong                              false
cutLocal                                false
cutM                                    true
cutM_init                               true
cutM_stable                             false
cutP                                    true
cutP_init                               false
cutP_stable                             false
init                                    true
init_cutF_zero                          false
init_val_greedy                         true
is_Euclidean                            false
is_local_search                         true
is_right_cutP                           true
is_root                                 false
is_silent                               false
is_start                                false
mycut                                   false
pmed                                    false
pre                                     true
stable_root                             false
str                                     true
two_phase                               false
ubstr                                   false
mode                                    Int

am_callback_node_space                  50
init                                    0
mixture_seed                            1
node_space                              5
nodelimit                               -1
nsepa                                   1
strF                                    0
type_delta                              0

EPS                                     0.001000
EPS_FRAC                                0.00
gap                                     0.00
mixture_high_max                        0.50
mixture_high_min                        0.10
mixture_low_max                         0.01
mixture_low_min                         0.00
mixture_low_share                       0.50
timelimit                               3600.00

Number of Closed Sites: 11 / 110 
Number of Confined Sites-1: 32 / 288 
Number of Confined Sites-k: 257 / 1857 
Preprocess Time: 0.42 + 0.00 sec

Solve Time: 0.25
Number of Nodes: 31
Termination Status: OPTIMAL

CutInfo: [phase] num / time (sec) / aver. num_nonzero
max              [LP]     0 / 0.00 / 0.00 [init]   287 / 0.00 / 3.91 [rLC]    95 / 0.03 / 8.06 [rUC]    55 / 0.01 / 5.47 [sLC]     0 / 0.00 / 0.00 [sUC]     0 / 0.00 / 0.00 
prod_oa          [LP]     0 / 0.00 / 0.00 [init]   287 / 0.00 / 6.59 [rLC]   201 / 0.01 / 10.38 [rUC]     8 / 0.01 / 10.38 [sLC]     0 / 0.00 / 0.00 [sUC]     0 / 0.00 / 0.00 
prod_sm_fixed    [LP]     0 / 0.00 / 0.00 [init]     0 / 0.00 / 0.00 [rLC]     0 / 0.00 / 0.00 [rUC]     0 / 0.00 / 0.00 [sLC]     0 / 0.00 / 0.00 [sUC]     0 / 0.00 / 0.00 
prod_bin         [LP]     0 / 0.00 / 0.00 [init]     0 / 0.00 / 0.00 [rLC]     0 / 0.00 / 0.00 [rUC]     0 / 0.00 / 0.00 [sLC]     0 / 0.00 / 0.00 [sUC]     0 / 0.00 / 0.00 
prod_local       [LP]     0 / 0.00 / 0.00 [init]     0 / 0.00 / 0.00 [rLC]     0 / 0.00 / 0.00 [rUC]     0 / 0.00 / 0.00 [sLC]     0 / 0.00 / 0.00 [sUC]     0 / 0.00 / 0.00 
prod_sm_C        [LP]     0 / 0.00 / 0.00 [init]     0 / 0.00 / 0.00 [rLC]     0 / 0.03 / 0.00 [rUC]   153 / 0.02 / 19.44 [sLC]     0 / 0.00 / 0.00 [sUC]     0 / 0.00 / 0.00 
facet            [LP]     0 / 0.00 / 0.00 [init]     0 / 0.00 / 0.00 [rLC]     0 / 0.00 / 0.00 [rUC]   153 / 0.00 / 0.00 [sLC]     0 / 0.00 / 0.00 [sUC]     0 / 0.00 / 0.00 
Separation Round:   [LP] 0  [init] 1  [rLC] 11  [rUC] 7  [sLC] 0  [sUC] 29  
Root Best Bound 57.108201
Root Best Integer: 56.853555
Best Bound: 56.936584
Best Integer: 56.853555
1: 5, 34, 62, 122, 139, 169, 219, 235, 253, 290
Objective Value (calc): 56.853555
sum_etaM = 52.414634 / 52.414634
sum_etaP = 56.898393 / 56.898393
nL: 10
nCL: 0
mCL: 1
