Version identifier: 20.1.0.0 | 2020-11-10 | 9bedb6d68
CPXPARAM_Threads                                 1
CPXPARAM_TimeLimit                               3600
CPXPARAM_MIP_Tolerances_MIPGap                   0
Generic callback                                 0x60
1 of 1 MIP starts provided solutions.
MIP start 'm1' defined initial solution with objective 362.8027.
Tried aggregator 2 times.
MIP Presolve eliminated 10 rows and 6 columns.
Aggregator did 4 substitutions.
Reduced MIP has 2763 rows, 2790 columns, and 60570 nonzeros.
Reduced MIP has 697 binaries, 693 generals, 0 SOSs, and 0 indicators.
Presolve time = 0.03 sec. (20.14 ticks)
Probing time = 0.00 sec. (2.95 ticks)
Tried aggregator 1 time.
Reduced MIP has 2763 rows, 2790 columns, and 60570 nonzeros.
Reduced MIP has 697 binaries, 693 generals, 0 SOSs, and 0 indicators.
Presolve time = 0.02 sec. (11.76 ticks)
Probing time = 0.00 sec. (2.95 ticks)
MIP emphasis: balance optimality and feasibility.
MIP search method: dynamic search.
Parallel mode: none, using 1 thread.
Root relaxation solution time = 0.23 sec. (293.49 ticks)

        Nodes                                         Cuts/
   Node  Left     Objective  IInf  Best Integer    Best Bound    ItCnt     Gap

*     0+    0                          362.8027      700.0000            92.94%
      0     0      389.3677    16      362.8027      389.3677     2913    7.32%
      0     0      368.2385    40      362.8027     Cuts: 790     3464    1.50%
      0     0      367.3453    39      362.8027     Cuts: 405     3716    1.25%

Repeating presolve.
Tried aggregator 1 time.
MIP Presolve eliminated 1450 rows and 1229 columns.
MIP Presolve modified 187 coefficients.
Reduced MIP has 1313 rows, 1561 columns, and 13388 nonzeros.
Reduced MIP has 115 binaries, 82 generals, 0 SOSs, and 0 indicators.
Presolve time = 0.01 sec. (8.84 ticks)
Probing time = 0.00 sec. (0.65 ticks)
Tried aggregator 1 time.
Reduced MIP has 1313 rows, 1561 columns, and 13388 nonzeros.
Reduced MIP has 115 binaries, 82 generals, 0 SOSs, and 0 indicators.
Presolve time = 0.00 sec. (2.99 ticks)
Represolve time = 0.03 sec. (29.78 ticks)
Probing time = 0.00 sec. (0.65 ticks)
MIP emphasis: balance optimality and feasibility.
MIP search method: dynamic search.
Parallel mode: none, using 1 thread.
Root relaxation solution time = 0.17 sec. (216.69 ticks)

        Nodes                                         Cuts/
   Node  Left     Objective  IInf  Best Integer    Best Bound    ItCnt     Gap

*     0+    0                          362.8027      367.3453             1.25%
      0     0      367.3453    39      362.8027      367.3453     5936    1.25%
      0     0      366.5787    46      362.8027     Cuts: 210     6164    1.04%
      0     0      366.0192    43      362.8027     Cuts: 176     6358    0.89%
      0     0      365.8858    41      362.8027     Cuts: 111     6461    0.85%
      0     0      365.8232    43      362.8027     Cuts: 103     6539    0.83%
      0     0      365.6994    43      362.8027     Cuts: 103     6631    0.80%
      0     0      365.5940    43      362.8027     Cuts: 101     6722    0.77%
      0     0      365.5452    45      362.8027      Cuts: 36     6776    0.76%
      0     0      365.5175    43      362.8027      Cuts: 53     6822    0.75%
      0     0      365.4632    43      362.8027      Cuts: 37     6897    0.73%
      0     0      365.4478    48      362.8027      Cuts: 28     6925    0.73%
      0     0      365.4436    45      362.8027 UserPurge2: 27     6948    0.73%
      0     0      365.4419    45      362.8027 UserPurge2: 5     6960    0.73%
      0     0      365.4413    47      362.8027 UserPurge2: 12     6970    0.73%
      0     0      365.4384    45      362.8027 UserPurge2: 8     6977    0.73%
      0     0      365.4383    47      362.8027 UserPurge2: 2     6979    0.73%
      0     0      365.4381    47      362.8027 UserPurge2: 2     6981    0.73%
      0     2      365.3903    45      362.8027      365.3899     6981    0.71%
Elapsed time = 4.60 sec. (1994.93 ticks, tree = 0.01 MB, solutions = 1)
      5     7      363.6853    34      362.8027      365.1845     8972    0.66%
     11     9        cutoff            362.8027      365.1845    11429    0.66%
     15    13      363.4024    47      362.8027      365.1831    13427    0.66%
     19    17      362.9219    33      362.8027      365.1831    15298    0.66%
     25    17      363.2400    38      362.8027      364.5191    17580    0.47%
     30    18      363.3203    37      362.8027      364.5159    19112    0.47%
     37    17      363.8646    39      362.8027      364.4438    20864    0.45%
     42    18      363.5449    36      362.8027      364.1498    22570    0.37%
     48    20      362.8202    25      362.8027      364.1066    23831    0.36%
     76    14        cutoff            362.8027      363.4499    29530    0.18%
Elapsed time = 11.17 sec. (5697.05 ticks, tree = 0.07 MB, solutions = 1)

Flow cuts applied:  6
Mixed integer rounding cuts applied:  91
Gomory fractional cuts applied:  4
User cuts applied:  2150

Root node processing (before b&c):
  Real time             =    4.60 sec. (1994.08 ticks)
Sequential b&c:
  Real time             =    6.96 sec. (4200.44 ticks)
                          ------------
Total (root+branch&cut) =   11.56 sec. (6194.51 ticks)
|V|                                     700
K                                       10
theta                                   0.20
r                                       1
R                                       20
prob_func                               facility_mixture
mixture_low_share                       0.500000
mixture_low_interval                    [0.001000, 0.010000]
mixture_high_interval                   [0.100000, 0.500000]
mixture_seed                            1
#C1                                     904
#CP                                     51788

@Parameters: 
am_callback_heuristic                   false
am_local_search                         true
am_start_heuristic                      false
colocation                              true
comp                                    false
cutC                                    true
cutC_init                               false
cutF                                    true
cutF_init                               false
cutF_stable                             false
cutF_wrong                              false
cutLocal                                false
cutM                                    true
cutM_init                               true
cutM_stable                             false
cutP                                    true
cutP_init                               false
cutP_stable                             false
init                                    true
init_cutF_zero                          false
init_val_greedy                         true
is_Euclidean                            false
is_local_search                         true
is_right_cutP                           true
is_root                                 false
is_silent                               false
is_start                                false
mycut                                   false
pmed                                    false
pre                                     true
stable_root                             false
str                                     true
two_phase                               false
ubstr                                   false
mode                                    Int

am_callback_node_space                  50
init                                    0
mixture_seed                            1
node_space                              5
nodelimit                               -1
nsepa                                   1
strF                                    0
type_delta                              0

EPS                                     0.001000
EPS_FRAC                                0.00
gap                                     0.00
mixture_high_max                        0.50
mixture_high_min                        0.10
mixture_low_max                         0.01
mixture_low_min                         0.00
mixture_low_share                       0.50
timelimit                               3600.00

Number of Closed Sites: 3 / 30 
Number of Confined Sites-1: 4 / 36 
Number of Confined Sites-k: 693 / 2299 
Preprocess Time: 1.19 + 0.00 sec

Solve Time: 11.56
Number of Nodes: 101
Termination Status: OPTIMAL

CutInfo: [phase] num / time (sec) / aver. num_nonzero
max              [LP]     0 / 0.00 / 0.00 [init]   688 / 0.02 / 7.74 [rLC]   460 / 0.05 / 13.64 [rUC]   507 / 0.13 / 18.75 [sLC]     0 / 0.00 / 0.00 [sUC]   268 / 0.17 / 15.21 
prod_oa          [LP]     0 / 0.00 / 0.00 [init]   688 / 0.02 / 73.30 [rLC]  1055 / 0.09 / 94.19 [rUC]   420 / 0.37 / 92.81 [sLC]     0 / 0.00 / 0.00 [sUC]   159 / 0.50 / 104.21 
prod_sm_fixed    [LP]     0 / 0.00 / 0.00 [init]     0 / 0.00 / 0.00 [rLC]     0 / 0.00 / 0.00 [rUC]     0 / 0.00 / 0.00 [sLC]     0 / 0.00 / 0.00 [sUC]     0 / 0.00 / 0.00 
prod_bin         [LP]     0 / 0.00 / 0.00 [init]     0 / 0.00 / 0.00 [rLC]     0 / 0.00 / 0.00 [rUC]     0 / 0.00 / 0.00 [sLC]     0 / 0.00 / 0.00 [sUC]     0 / 0.00 / 0.00 
prod_local       [LP]     0 / 0.00 / 0.00 [init]     0 / 0.00 / 0.00 [rLC]     0 / 0.00 / 0.00 [rUC]     0 / 0.00 / 0.00 [sLC]     0 / 0.00 / 0.00 [sUC]     0 / 0.00 / 0.00 
prod_sm_C        [LP]     0 / 0.00 / 0.00 [init]     0 / 0.06 / 0.00 [rLC]     0 / 0.33 / 0.00 [rUC]   813 / 1.52 / 135.67 [sLC]     0 / 0.00 / 0.00 [sUC]   527 / 2.08 / 152.47 
facet            [LP]     0 / 0.00 / 0.00 [init]     0 / 0.00 / 0.00 [rLC]     0 / 0.00 / 0.00 [rUC]   784 / 0.00 / 0.00 [sLC]     0 / 0.00 / 0.00 [sUC]   527 / 0.00 / 0.00 
Separation Round:   [LP] 0  [init] 1  [rLC] 5  [rUC] 20  [sLC] 0  [sUC] 117  
Root Best Bound 365.184472
Root Best Integer: 362.802709
Best Bound: 363.173831
Best Integer: 362.802709
1: 94, 115, 116, 220, 266, 334, 360, 638
2: 310
Objective Value (calc): 362.802709
sum_etaM = 247.196591 / 247.196591
sum_etaP = 391.704238 / 391.704238
nL: 9
nCL: 1
mCL: 2
