Version identifier: 20.1.0.0 | 2020-11-10 | 9bedb6d68
CPXPARAM_Threads                                 1
CPXPARAM_TimeLimit                               3600
CPXPARAM_MIP_Tolerances_MIPGap                   0
Generic callback                                 0x60
1 of 1 MIP starts provided solutions.
MIP start 'm1' defined initial solution with objective 56.9847.
Tried aggregator 1 time.
MIP Presolve eliminated 9 rows and 9 columns.
Reduced MIP has 579 rows, 891 columns, and 4320 nonzeros.
Reduced MIP has 291 binaries, 0 generals, 0 SOSs, and 0 indicators.
Presolve time = 0.00 sec. (1.37 ticks)
Probing time = 0.00 sec. (0.22 ticks)
Tried aggregator 1 time.
Reduced MIP has 579 rows, 891 columns, and 4320 nonzeros.
Reduced MIP has 291 binaries, 0 generals, 0 SOSs, and 0 indicators.
Presolve time = 0.00 sec. (1.31 ticks)
Probing time = 0.00 sec. (0.22 ticks)
MIP emphasis: balance optimality and feasibility.
MIP search method: dynamic search.
Parallel mode: none, using 1 thread.
Root relaxation solution time = 0.00 sec. (3.20 ticks)

        Nodes                                         Cuts/
   Node  Left     Objective  IInf  Best Integer    Best Bound    ItCnt     Gap

*     0+    0                           56.9847      300.0000           426.46%
      0     0       85.1615     6       56.9847       85.1615      621   49.45%
      0     0       59.3169    12       56.9847     Cuts: 122      720    4.09%
      0     0       59.0130    11       56.9847      Cuts: 91      775    3.56%

Repeating presolve.
Tried aggregator 1 time.
MIP Presolve eliminated 250 rows and 456 columns.
MIP Presolve modified 109 coefficients.
Reduced MIP has 329 rows, 435 columns, and 1358 nonzeros.
Reduced MIP has 51 binaries, 0 generals, 0 SOSs, and 0 indicators.
Presolve time = 0.00 sec. (0.99 ticks)
Probing time = 0.00 sec. (0.08 ticks)
Tried aggregator 1 time.
Reduced MIP has 329 rows, 435 columns, and 1358 nonzeros.
Reduced MIP has 51 binaries, 0 generals, 0 SOSs, and 0 indicators.
Presolve time = 0.00 sec. (0.43 ticks)
Represolve time = 0.00 sec. (3.13 ticks)
Probing time = 0.00 sec. (0.08 ticks)
MIP emphasis: balance optimality and feasibility.
MIP search method: dynamic search.
Parallel mode: none, using 1 thread.
Root relaxation solution time = 0.01 sec. (11.44 ticks)

        Nodes                                         Cuts/
   Node  Left     Objective  IInf  Best Integer    Best Bound    ItCnt     Gap

*     0+    0                           56.9847       59.0130             3.56%
      0     0       59.0130    11       56.9847       59.0130     1291    3.56%
      0     0       58.8032    14       56.9847      Cuts: 50     1320    3.19%
      0     0       58.5697    14       56.9847      Cuts: 38     1350    2.78%
      0     0       58.4613    13       56.9847      Cuts: 59     1388    2.59%
      0     0       58.4067    14       56.9847      Cuts: 38     1407    2.50%
      0     0       58.3741    13       56.9847      Cuts: 30     1423    2.44%
      0     0       58.3677    13       56.9847      Cuts: 30     1434    2.43%
      0     0       58.3523    13       56.9847       Cuts: 9     1441    2.40%
      0     0       58.3409    13       56.9847      Cuts: 22     1455    2.38%
      0     0       58.3280    13       56.9847       Cuts: 6     1469    2.36%
      0     0       58.3240    13       56.9847      Cuts: 31     1477    2.35%
      0     0       58.3040    14       56.9847      Cuts: 11     1490    2.32%
      0     0       58.3028    14       56.9847      Cuts: 14     1496    2.31%
      0     0       58.3026    15       56.9847 UserPurge2: 3     1499    2.31%
      0     2       58.3026    15       56.9847       58.3026     1499    2.31%
Elapsed time = 0.37 sec. (92.41 ticks, tree = 0.01 MB, solutions = 1)

Flow cuts applied:  2
Mixed integer rounding cuts applied:  41
Gomory fractional cuts applied:  1
User cuts applied:  460

Root node processing (before b&c):
  Real time             =    0.37 sec. (92.42 ticks)
Sequential b&c:
  Real time             =    0.41 sec. (74.84 ticks)
                          ------------
Total (root+branch&cut) =    0.78 sec. (167.26 ticks)
|V|                                     300
K                                       5
theta                                   0.10
r                                       1
R                                       20
prob_func                               facility_mixture
mixture_low_share                       0.100000
mixture_low_interval                    [0.001000, 0.010000]
mixture_high_interval                   [0.100000, 0.500000]
mixture_seed                            1
#C1                                     350
#CP                                     2542

@Parameters: 
am_callback_heuristic                   false
am_local_search                         true
am_start_heuristic                      false
colocation                              false
comp                                    false
cutC                                    true
cutC_init                               false
cutF                                    true
cutF_init                               false
cutF_stable                             false
cutF_wrong                              false
cutLocal                                false
cutM                                    true
cutM_init                               true
cutM_stable                             false
cutP                                    true
cutP_init                               false
cutP_stable                             false
init                                    true
init_cutF_zero                          false
init_val_greedy                         true
is_Euclidean                            false
is_local_search                         true
is_right_cutP                           true
is_root                                 false
is_silent                               false
is_start                                false
mycut                                   false
pmed                                    false
pre                                     true
stable_root                             false
str                                     false
two_phase                               false
ubstr                                   false
mode                                    Bin

am_callback_node_space                  50
init                                    0
mixture_seed                            1
node_space                              5
nodelimit                               -1
nsepa                                   1
strF                                    0
type_delta                              0

EPS                                     0.001000
EPS_FRAC                                0.00
gap                                     0.00
mixture_high_max                        0.50
mixture_high_min                        0.10
mixture_low_max                         0.01
mixture_low_min                         0.00
mixture_low_share                       0.10
timelimit                               3600.00

Number of Closed Sites: 9 / 45 
Number of Confined Sites-1: 31 / 124 
Number of Confined Sites-k: 260 / 613 
Preprocess Time: 0.43 + 0.00 sec

Solve Time: 0.78
Number of Nodes: 51
Termination Status: OPTIMAL

CutInfo: [phase] num / time (sec) / aver. num_nonzero
max              [LP]     0 / 0.00 / 0.00 [init]   289 / 0.05 / 3.97 [rLC]    97 / 0.02 / 18.21 [rUC]   169 / 0.08 / 6.92 [sLC]     0 / 0.00 / 0.00 [sUC]   106 / 0.08 / 8.78 
prod_oa          [LP]     0 / 0.00 / 0.00 [init]     0 / 0.00 / 0.00 [rLC]     0 / 0.00 / 0.00 [rUC]     0 / 0.00 / 0.00 [sLC]     0 / 0.00 / 0.00 [sUC]     0 / 0.00 / 0.00 
prod_sm_fixed    [LP]     0 / 0.00 / 0.00 [init]     0 / 0.00 / 0.00 [rLC]     0 / 0.00 / 0.00 [rUC]     0 / 0.00 / 0.00 [sLC]     0 / 0.00 / 0.00 [sUC]     0 / 0.00 / 0.00 
prod_bin         [LP]     0 / 0.00 / 0.00 [init]   289 / 0.04 / 0.00 [rLC]    97 / 0.02 / 0.00 [rUC]   227 / 0.06 / 0.00 [sLC]     0 / 0.00 / 0.00 [sUC]   175 / 0.02 / 0.00 
prod_local       [LP]     0 / 0.00 / 0.00 [init]     0 / 0.00 / 0.00 [rLC]     0 / 0.00 / 0.00 [rUC]     0 / 0.00 / 0.00 [sLC]     0 / 0.00 / 0.00 [sUC]     0 / 0.00 / 0.00 
prod_sm_C        [LP]     0 / 0.00 / 0.00 [init]     0 / 0.00 / 0.00 [rLC]     0 / 0.00 / 0.00 [rUC]     0 / 0.00 / 0.00 [sLC]     0 / 0.00 / 0.00 [sUC]     0 / 0.00 / 0.00 
facet            [LP]     0 / 0.00 / 0.00 [init]     0 / 0.00 / 0.00 [rLC]     0 / 0.00 / 0.00 [rUC]     0 / 0.00 / 0.00 [sLC]     0 / 0.00 / 0.00 [sUC]     0 / 0.00 / 0.00 
Separation Round:   [LP] 0  [init] 1  [rLC] 2  [rUC] 17  [sLC] 0  [sUC] 65  
Root Best Bound 58.278437
Root Best Integer: 56.984725
Best Bound: 57.349594
Best Integer: 56.984725
1: 4, 167, 177, 211, 279
Objective Value (calc): 56.984725
sum_etaM = 50.206863 / 50.206863
sum_etaP = 57.737820 / 57.737820
nL: 5
nCL: 0
mCL: 1
