Version identifier: 20.1.0.0 | 2020-11-10 | 9bedb6d68
CPXPARAM_Threads                                 1
CPXPARAM_TimeLimit                               3600
CPXPARAM_MIP_Tolerances_MIPGap                   0
Generic callback                                 0x60
1 of 1 MIP starts provided solutions.
MIP start 'm1' defined initial solution with objective 861.0035.
Tried aggregator 1 time.
Reduced MIP has 1021 rows, 2700 columns, and 17205 nonzeros.
Reduced MIP has 900 binaries, 0 generals, 0 SOSs, and 0 indicators.
Presolve time = 0.00 sec. (3.63 ticks)
Probing time = 0.00 sec. (0.86 ticks)
Tried aggregator 1 time.
Reduced MIP has 1021 rows, 2700 columns, and 17205 nonzeros.
Reduced MIP has 900 binaries, 0 generals, 0 SOSs, and 0 indicators.
Presolve time = 0.00 sec. (3.64 ticks)
Probing time = 0.00 sec. (0.86 ticks)
MIP emphasis: balance optimality and feasibility.
MIP search method: dynamic search.
Parallel mode: none, using 1 thread.
Root relaxation solution time = 0.03 sec. (39.46 ticks)

        Nodes                                         Cuts/
   Node  Left     Objective  IInf  Best Integer    Best Bound    ItCnt     Gap

*     0+    0                          861.0035      900.0000             4.53%
      0     0      894.2496    96      861.0035      894.2496     1468    3.86%
*     0+    0                          876.2838      894.2496             2.05%
      0     0      886.3703   117      876.2838     Cuts: 192     2014    1.15%
*     0+    0                          878.6651      886.3703             0.88%
      0     0      885.5757   120      878.6651     Cuts: 146     2467    0.79%
      0     0      885.4367   126      878.6651      Cuts: 97     2734    0.77%
      0     0      885.2377   133      878.6651      Cuts: 71     3032    0.75%
      0     0      885.1461   140      878.6651      Cuts: 61     3254    0.74%
      0     0      885.0844   132      878.6651      Cuts: 51     3416    0.73%
      0     0      885.0587   129      878.6651      Cuts: 41     3536    0.73%
      0     0      885.0283   140      878.6651      Cuts: 71     3656    0.72%
      0     0      884.9837   137      878.6651 UserPurge2: 31     3750    0.72%
      0     0      884.9809   141      878.6651 UserPurge2: 14     3804    0.72%
      0     0      884.9786   142      878.6651 UserPurge2: 14     3838    0.72%
      0     0      884.9780   141      878.6651 UserPurge2: 49     3883    0.72%
      0     0      884.9779   140      878.6651 UserPurge2: 2     3890    0.72%
      0     0      884.9778   140      878.6651 UserPurge2: 2     3900    0.72%
      0     2      884.9391   144      878.6651      884.9390     3900    0.71%
Elapsed time = 10.39 sec. (1697.67 ticks, tree = 0.01 MB, solutions = 3)
      5     7      884.7500   144      878.6651      884.9227     6810    0.71%
      8    10      884.6728   136      878.6651      884.9227     8632    0.71%
*    10+   10                          879.3859      884.9227             0.63%
     10    12      884.5904   142      879.3859      884.9227     9518    0.63%
     15    17      884.5266   149      879.3859      884.9227    10995    0.63%
     20    22      884.4823   146      879.3859      884.9227    12941    0.63%
     26    28      884.4365   134      879.3859      884.9227    14757    0.63%
     30    32      884.2730   129      879.3859      884.9227    16203    0.63%
     36    38      884.1922   125      879.3859      884.9227    18029    0.63%
     40    42      884.1223   109      879.3859      884.9227    19229    0.63%
     74    76      883.2149    60      879.3859      884.9227    24694    0.63%
Elapsed time = 44.30 sec. (6256.34 ticks, tree = 0.82 MB, solutions = 4)
*   103    93      integral     0      882.9047      884.9227    27569    0.23%
    108    97      884.6456   145      882.9047      884.9224    29473    0.23%
    118   107      884.4412   126      882.9047      884.9224    32667    0.23%
    122   111      884.3954   124      882.9047      884.9224    33604    0.23%
    138   127      883.9872    94      882.9047      884.9224    38572    0.23%
    160   149      883.5883    74      882.9047      884.9224    42062    0.23%
    207   190      884.7589   143      882.9047      884.9215    47216    0.23%
    225   208      883.9554   132      882.9047      884.9215    51312    0.23%
    240   223      883.7248   109      882.9047      884.9215    54573    0.23%
    274   257      883.4787    89      882.9047      884.9215    58390    0.23%
    305   288      883.4140    97      882.9047      884.9215    60631    0.23%
Elapsed time = 117.74 sec. (16263.39 ticks, tree = 3.66 MB, solutions = 5)
    360   343      883.3604    80      882.9047      884.9215    63911    0.23%
    405   388      884.6190   140      882.9047      884.7589    67619    0.21%
    425   408      884.1421   120      882.9047      884.7589    71359    0.21%
    445   428      883.8630   105      882.9047      884.7589    74355    0.21%

Performing restart 1

Repeating presolve.
Tried aggregator 1 time.
Reduced MIP has 1021 rows, 2700 columns, and 17205 nonzeros.
Reduced MIP has 900 binaries, 0 generals, 0 SOSs, and 0 indicators.
Presolve time = 0.01 sec. (3.68 ticks)
Tried aggregator 1 time.
Reduced MIP has 1021 rows, 2700 columns, and 17205 nonzeros.
Reduced MIP has 900 binaries, 0 generals, 0 SOSs, and 0 indicators.
Presolve time = 0.01 sec. (3.67 ticks)
Represolve time = 0.05 sec. (31.51 ticks)
    475     0      884.7691   155      882.9047      Cuts: 23    82854    0.21%
    475     0      884.7583   143      882.9047       Cuts: 9    82939    0.21%
    475     0      884.7530   146      882.9047      Cuts: 15    83012    0.21%
    475     0      884.7478   144      882.9047      Cuts: 11    83076    0.21%
    475     0      884.7458   141      882.9047      Cuts: 13    83114    0.21%
    475     0      884.7455   143      882.9047    MIRcuts: 4    83131    0.21%
    475     0      884.7448   145      882.9047       Cuts: 5    83146    0.21%
    475     0      884.7440   143      882.9047    MIRcuts: 5    83176    0.21%
    475     0      884.7438   145      882.9047    MIRcuts: 5    83191    0.21%
    475     2      884.7438   145      882.9047      884.7432    83191    0.21%
    477     4      884.7150   128      882.9047      884.7257    83453    0.21%
    480     7      884.6210   138      882.9047      884.7148    85070    0.21%
    484    11      884.5618   127      882.9047      884.7148    86036    0.21%
    487    14      884.5528   123      882.9047      884.7148    86621    0.21%
    490    17      884.4554   132      882.9047      884.7148    88387    0.21%
Elapsed time = 163.69 sec. (31020.94 ticks, tree = 0.05 MB, solutions = 5)
    500    27      884.3604   127      882.9047      884.7148    92066    0.21%
    511    38      884.1656   113      882.9047      884.7148    94570    0.21%
    532    59      883.9119    95      882.9047      884.7148    98372    0.21%
    556    83      883.5748    82      882.9047      884.7148   102005    0.21%
    594   120      883.1154    56      882.9047      884.7148   105729    0.21%
    625   142      884.3784   136      882.9047      884.7105   109927    0.20%
    645   162      884.2343   108      882.9047      884.7105   114426    0.20%
    674   191      883.5193    96      882.9047      884.7105   119352    0.20%
    711   227      882.9574    60      882.9047      884.7105   124546    0.20%
    735   239      884.4288   128      882.9047      884.7104   126917    0.20%
Elapsed time = 192.03 sec. (41225.95 ticks, tree = 3.33 MB, solutions = 5)
    755   259      884.1856    96      882.9047      884.7104   130525    0.20%
    814   318      883.8872    25      882.9047      884.7104   133858    0.20%
    879   383      884.4822   137      882.9047      884.6924   136602    0.20%
    909   413      884.0814   111      882.9047      884.6924   140574    0.20%
    949   453      883.8440    70      882.9047      884.6924   143483    0.20%
*  1021   343      integral     0      883.7362      884.6924   145135    0.11%
   1026   347      884.5621   138      883.7362      884.6737   146204    0.11%
   1057   378      884.0923    96      883.7362      884.6737   150470    0.11%
   1152   471      883.8137    22      883.7362      884.6737   154339    0.11%
   1227   529      884.3921   133      883.7362      884.6515   156956    0.10%
   1252   554      883.9828   107      883.7362      884.6515   161521    0.10%
Elapsed time = 221.93 sec. (50975.06 ticks, tree = 9.49 MB, solutions = 6)
   1285   581      884.3861   123      883.7362      884.6258   166210    0.10%
   1337   633      884.0094    67      883.7362      884.6258   170557    0.10%
*  1421   600      integral     0      883.7990      884.6258   172509    0.09%
   1432   609      884.3559   131      883.7990      884.6207   174264    0.09%
   1485   662      884.0555    62      883.7990      884.6207   178397    0.09%
   1605   770      884.3880   141      883.7990      884.6127   181837    0.09%
   1655   820      884.0724    74      883.7990      884.6127   186061    0.09%
*  1746   884      integral     0      883.8113      884.6127   188794    0.09%
   1751   887      884.3926   135      883.8113      884.6066   189848    0.09%
   1805   941      883.8981    75      883.8113      884.6066   194396    0.09%
   1826   957      884.3170   135      883.8113      884.6009   198487    0.09%
   1847   978      883.8677   108      883.8113      884.6009   203045    0.09%
Elapsed time = 235.71 sec. (60724.26 ticks, tree = 15.99 MB, solutions = 8)
   1885  1002      884.2648   141      883.8113      884.5934   208048    0.09%
   1924  1041      883.9587    77      883.8113      884.5934   211081    0.09%
   1976  1089      884.1658   110      883.8113      884.5822   215562    0.09%
   2045  1154      884.4727   137      883.8113      884.5783   219634    0.09%
   2091  1200      883.9380    67      883.8113      884.5783   224209    0.09%
   2139  1243      884.1210   111      883.8113      884.5648   228526    0.09%
   2202  1301      884.3040   129      883.8113      884.5640   232506    0.09%
   2220  1319      884.0534   118      883.8113      884.5640   236865    0.09%
   2255  1352      883.8142    82      883.8113      884.5640   241865    0.09%
   2293  1386      884.0300    71      883.8113      884.5639   246281    0.09%
Elapsed time = 246.80 sec. (70434.64 ticks, tree = 22.56 MB, solutions = 8)
   2381  1467      884.2373   134      883.8113      884.5614   250614    0.08%
   2438  1519      884.4164   141      883.8113      884.5593   254840    0.08%
   2475  1556      884.0431    83      883.8113      884.5593   258731    0.08%
   2543  1619      884.2727   131      883.8113      884.5580   263230    0.08%
   2605  1681      883.8933    55      883.8113      884.5580   267753    0.08%
   2635  1707      884.3166   133      883.8113      884.5469   272233    0.08%
   2662  1734      884.1605   103      883.8113      884.5469   276893    0.08%
   2702  1773      883.8260    68      883.8113      884.5469   282056    0.08%
   2761  1816      883.9556    90      883.8113      884.5452   286544    0.08%
   2798  1849      884.0516   118      883.8113      884.5448   291138    0.08%
Elapsed time = 258.41 sec. (80305.75 ticks, tree = 30.71 MB, solutions = 8)
   2855  1902      884.2050   104      883.8113      884.5445   295990    0.08%
   2919  1966      883.8500    38      883.8113      884.5445   299807    0.08%
   2977  2019      884.0245    98      883.8113      884.5438   304060    0.08%
   3041  2077      884.2217   137      883.8113      884.5432   308716    0.08%
   3076  2110      883.8629    89      883.8113      884.5432   313351    0.08%
   3124  2152      884.0607    67      883.8113      884.5409   317734    0.08%
   3201  2221      884.2418   114      883.8113      884.5382   322539    0.08%
   3260  2276      884.3820   114      883.8113      884.5340   327099    0.08%
   3305  2321      884.0542    64      883.8113      884.5340   330669    0.08%
   3395  2403      884.2327   116      883.8113      884.5336   334935    0.08%
Elapsed time = 270.47 sec. (90008.25 ticks, tree = 41.98 MB, solutions = 8)
   3489  2497      883.8383    10      883.8113      884.5336   339145    0.08%
   3511  2516      884.1165   109      883.8113      884.5334   343572    0.08%
   3554  2559      883.9415    72      883.8113      884.5334   348410    0.08%
   3599  2596      884.0092   105      883.8113      884.5323   353190    0.08%
   3657  2650      884.1490   100      883.8113      884.5303   357808    0.08%
   3718  2708      884.3799   131      883.8113      884.5234   361746    0.08%
   3759  2749      883.9605    78      883.8113      884.5234   366296    0.08%
   3827  2810      884.1452   104      883.8113      884.5234   370779    0.08%
   3918  2896      884.4554   144      883.8113      884.5219   375391    0.08%
   4065  3032      884.4263   139      883.8113      884.5198   394267    0.08%
Elapsed time = 286.12 sec. (102598.13 ticks, tree = 51.15 MB, solutions = 8)
   4237  3195      884.1908    87      883.8113      884.5182   408770    0.08%
*  4345  2658      integral     0      883.8872      884.5182   412202    0.07%
   4462  2765      884.3407   135      883.8872      884.5063   426323    0.07%
   4645  2934      884.1971   123      883.8872      884.5016   444446    0.07%
   4869  3139      884.3722   137      883.8872      884.4958   463627    0.07%
*  5004  3087      integral     0      883.9055      884.4958   469434    0.07%
   5136  3204      884.2435   114      883.9055      884.4871   480575    0.07%
   5317  3371      883.9344    88      883.9055      884.4817   498870    0.07%
   5580  3611      884.2664   120      883.9055      884.4786   516674    0.06%
   5777  3785      884.3570   138      883.9055      884.4762   535259    0.06%
   5975  3967      884.2131   110      883.9055      884.4733   553118    0.06%
   6200  4180      884.0249    97      883.9055      884.4657   570628    0.06%
Elapsed time = 333.94 sec. (140909.10 ticks, tree = 69.22 MB, solutions = 10)
   6402  4361      884.1131    95      883.9055      884.4616   588746    0.06%
   6589  4530      883.9538    64      883.9055      884.4582   606494    0.06%
   6851  4775      884.3512   127      883.9055      884.4553   624187    0.06%
   7069  4978      884.2702   129      883.9055      884.4546   641453    0.06%
   7265  5156      884.0356    77      883.9055      884.4533   659638    0.06%
   7479  5351      884.0030    87      883.9055      884.4494   677825    0.06%
   7675  5530      884.0558   104      883.9055      884.4491   696387    0.06%
   7895  5733      884.3111   106      883.9055      884.4454   714898    0.06%
   8098  5925      884.0510    57      883.9055      884.4439   732515    0.06%
   8329  6126      884.1232   106      883.9055      884.4401   751008    0.06%
Elapsed time = 380.72 sec. (179419.63 ticks, tree = 109.53 MB, solutions = 10)
   8530  6309      884.0971    89      883.9055      884.4356   768946    0.06%
   8762  6523      884.1639   126      883.9055      884.4341   787601    0.06%
   9007  6750      883.9357    31      883.9055      884.4339   805023    0.06%
   9204  6918      883.9078    73      883.9055      884.4322   823346    0.06%
   9389  7076      883.9668    51      883.9055      884.4293   840808    0.06%
   9611  7264      884.3018   118      883.9055      884.4283   859542    0.06%
   9805  7440      884.2096    98      883.9055      884.4276   877136    0.06%
   9975  7598      884.1772   103      883.9055      884.4260   892813    0.06%
   9976  7599      884.3114   134      883.9055      884.4258   893139    0.06%
  10041  7662      884.2894   126      883.9055      884.4247   900139    0.06%
Elapsed time = 445.46 sec. (238285.88 ticks, tree = 139.80 MB, solutions = 10)
  10236  7843      883.9733   107      883.9055      884.4241   917781    0.06%
  10452  8037      884.3306   124      883.9055      884.4222   936472    0.06%
  10616  8179      884.3590   135      883.9055      884.4199   954822    0.06%
  10844  8384      884.3029   136      883.9055      884.4185   972868    0.06%
  11034  8552      884.2543   122      883.9055      884.4157   990609    0.06%
  11244  8742      884.2907   130      883.9055      884.4150  1009282    0.06%
  11430  8909      884.1189   109      883.9055      884.4138  1027335    0.06%
  11647  9099      884.1818   121      883.9055      884.4129  1046176    0.06%
  11838  9266      884.3250   118      883.9055      884.4106  1064658    0.06%
  12095  9504      884.2309   125      883.9055      884.4098  1082473    0.06%
Elapsed time = 491.60 sec. (276675.80 ticks, tree = 172.65 MB, solutions = 10)
  12282  9668      884.2080   119      883.9055      884.4087  1100710    0.06%
  12480  9841      884.0491    69      883.9055      884.4076  1117820    0.06%
  12695 10034      883.9249    69      883.9055      884.4054  1136860    0.06%
  12885 10201      884.0277    78      883.9055      884.4048  1154566    0.06%
  13115 10411      884.2695   112      883.9055      884.4042  1173154    0.06%
  13306 10578      884.2638   121      883.9055      884.4028  1190859    0.06%
  13521 10777      884.1046    87      883.9055      884.4026  1209823    0.06%
  13725 10950      884.1205   121      883.9055      884.4017  1228534    0.06%
  13985 11187      883.9360    53      883.9055      884.4015  1247085    0.06%
  14175 11356      884.0243   100      883.9055      884.4005  1264679    0.06%
Elapsed time = 537.65 sec. (314991.08 ticks, tree = 216.24 MB, solutions = 10)
  14385 11535      884.2400   131      883.9055      884.3995  1283890    0.06%
  14559 11685      884.1999   129      883.9055      884.3986  1301934    0.06%
  14753 11853      884.0617    76      883.9055      884.3983  1320683    0.06%
  14967 12043      884.0163    72      883.9055      884.3979  1339494    0.06%
  15252 12308      883.9305    52      883.9055      884.3975  1358015    0.06%
  15464 12499      883.9184    59      883.9055      884.3965  1374664    0.06%
  15643 12659      883.9280   100      883.9055      884.3954  1393246    0.06%
  15882 12876      884.1622   125      883.9055      884.3950  1411934    0.06%
  16105 13076      884.0083    63      883.9055      884.3946  1429892    0.06%
  16345 13290      884.2261   123      883.9055      884.3932  1448445    0.06%
Elapsed time = 584.71 sec. (353293.79 ticks, tree = 247.67 MB, solutions = 10)
  16532 13453      884.3133   131      883.9055      884.3927  1466552    0.06%
  16706 13607      884.0232   101      883.9055      884.3921  1485317    0.06%
  16910 13781      884.1879   101      883.9055      884.3906  1504105    0.05%
  17120 13965      884.2390   135      883.9055      884.3899  1523528    0.05%
  17323 14149      883.9801   101      883.9055      884.3897  1542032    0.05%
  17543 14337      883.9797    91      883.9055      884.3884  1560857    0.05%
  17742 14502      884.0871    72      883.9055      884.3876  1579599    0.05%
  17993 14724      884.1364    97      883.9055      884.3870  1598428    0.05%
  18219 14920      883.9227    87      883.9055      884.3862  1617722    0.05%
  18411 15085      884.1728   129      883.9055      884.3858  1636989    0.05%
Elapsed time = 630.80 sec. (391557.90 ticks, tree = 275.33 MB, solutions = 10)
  18646 15286      884.1753    77      883.9055      884.3855  1656005    0.05%
  18911 15524      884.2547   112      883.9055      884.3843  1674552    0.05%
  19193 15773      884.2574   137      883.9055      884.3832  1692785    0.05%
  19409 15966      883.9257    50      883.9055      884.3828  1711411    0.05%
  19645 16180      884.2272   106      883.9055      884.3818  1730001    0.05%
  19869 16382      884.0317    63      883.9055      884.3815  1749001    0.05%
  20156 16649      884.0444    94      883.9055      884.3812  1767424    0.05%
  20351 16817      884.1109   117      883.9055      884.3802  1786177    0.05%
  20518 16961      883.9379   110      883.9055      884.3796  1804470    0.05%
  20775 17198      884.0531   117      883.9055      884.3788  1823080    0.05%
Elapsed time = 679.25 sec. (429830.01 ticks, tree = 324.53 MB, solutions = 10)
  20976 17370      884.2224   118      883.9055      884.3785  1839734    0.05%
  21178 17553      884.1179    93      883.9055      884.3781  1858814    0.05%
  21398 17753      883.9859    80      883.9055      884.3775  1877480    0.05%
  21589 17915      884.0399    84      883.9055      884.3768  1896199    0.05%
  21813 18111      884.2205   123      883.9055      884.3760  1915173    0.05%
  22040 18315      884.1918   124      883.9055      884.3757  1933949    0.05%
  22216 18467      883.9336    69      883.9055      884.3754  1950941    0.05%
  22434 18659      883.9490    65      883.9055      884.3748  1969996    0.05%
  22604 18804      884.0648    92      883.9055      884.3739  1987943    0.05%
  22810 18986      884.0616    80      883.9055      884.3726  2006927    0.05%
Elapsed time = 724.88 sec. (468074.93 ticks, tree = 360.04 MB, solutions = 10)
  23072 19223      884.1225   114      883.9055      884.3722  2025775    0.05%
  23255 19380      884.1532   129      883.9055      884.3718  2044945    0.05%
  23470 19576      884.3033   134      883.9055      884.3713  2064057    0.05%
  23651 19741      884.0133    91      883.9055      884.3712  2082872    0.05%
  23818 19878      884.0954   119      883.9055      884.3707  2099011    0.05%
  24026 20064      884.0737   106      883.9055      884.3703  2117865    0.05%
  24231 20248      884.1196   106      883.9055      884.3699  2134926    0.05%
  24460 20453      883.9658    68      883.9055      884.3696  2154295    0.05%
  24643 20611      884.2149   119      883.9055      884.3690  2173426    0.05%
  24828 20764      884.2101   139      883.9055      884.3683  2192477    0.05%
Elapsed time = 770.74 sec. (506353.44 ticks, tree = 390.67 MB, solutions = 10)
  25022 20935      884.0120    89      883.9055      884.3680  2209815    0.05%
  25265 21146      884.2439   118      883.9055      884.3675  2228960    0.05%
  25474 21335      883.9295   103      883.9055      884.3671  2247155    0.05%
  25681 21520      884.0921    73      883.9055      884.3661  2264597    0.05%
  25927 21742      884.0426   111      883.9055      884.3655  2283631    0.05%
  26140 21930      884.2300   108      883.9055      884.3650  2302043    0.05%
  26365 22126      883.9496    46      883.9055      884.3645  2321433    0.05%
  26574 22308      884.1883   119      883.9055      884.3639  2338888    0.05%
  26760 22471      884.1715   105      883.9055      884.3636  2357525    0.05%
  26995 22674      884.2510   110      883.9055      884.3631  2375753    0.05%
Elapsed time = 817.90 sec. (544712.14 ticks, tree = 428.11 MB, solutions = 10)
  27168 22823      884.2412   126      883.9055      884.3627  2394426    0.05%
  27381 23004      884.1884   120      883.9055      884.3623  2412937    0.05%
  27557 23159      884.2456   119      883.9055      884.3618  2432253    0.05%
  27756 23337      884.2593   116      883.9055      884.3612  2451135    0.05%
  27946 23501      884.0631   102      883.9055      884.3610  2469953    0.05%
  28133 23650      884.3370   135      883.9055      884.3606  2488561    0.05%
  28333 23830      884.2756   110      883.9055      884.3603  2507080    0.05%
  28585 24056      883.9063    66      883.9055      884.3602  2525573    0.05%
  28794 24244      883.9923    86      883.9055      884.3598  2543550    0.05%
  29025 24452      883.9129    48      883.9055      884.3594  2562024    0.05%
Elapsed time = 864.17 sec. (582946.42 ticks, tree = 462.74 MB, solutions = 10)
  29259 24660      883.9924    77      883.9055      884.3590  2580325    0.05%
  29504 24877      884.1146    94      883.9055      884.3585  2599173    0.05%
  29696 25053      883.9606    91      883.9055      884.3582  2616363    0.05%
  29942 25272      884.1520   129      883.9055      884.3578  2634516    0.05%
  30185 25490      884.1989   122      883.9055      884.3572  2653412    0.05%
  30370 25654      884.2528   131      883.9055      884.3568  2672369    0.05%
  30550 25809      884.0599   108      883.9055      884.3563  2691179    0.05%
  30814 26046      884.2243   120      883.9055      884.3557  2709197    0.05%
  31041 26239      884.1957   123      883.9055      884.3551  2727631    0.05%
  31211 26389      884.0736   105      883.9055      884.3548  2746480    0.05%
Elapsed time = 912.09 sec. (621434.10 ticks, tree = 495.10 MB, solutions = 10)
  31373 26525      884.0635   106      883.9055      884.3544  2765754    0.05%
  31591 26715      884.0965   117      883.9055      884.3539  2785103    0.05%
  31790 26894      883.9902    87      883.9055      884.3537  2804337    0.05%
  31990 27069      884.0545    89      883.9055      884.3534  2823749    0.05%
  32202 27254      883.9837    76      883.9055      884.3530  2843175    0.05%
  32441 27469      884.2797   110      883.9055      884.3520  2862311    0.05%
  32674 27680      884.0959    92      883.9055      884.3518  2881015    0.05%
  32890 27867      884.0576   112      883.9055      884.3516  2899660    0.05%
  33071 28015      884.1419   108      883.9055      884.3512  2918509    0.05%
  33254 28172      884.1727   104      883.9055      884.3507  2937752    0.05%
Elapsed time = 958.16 sec. (659698.48 ticks, tree = 527.43 MB, solutions = 10)
  33465 28358      884.1273    95      883.9055      884.3504  2956508    0.05%
  33667 28535      884.0080    80      883.9055      884.3500  2975857    0.05%
  33905 28752      883.9272   101      883.9055      884.3496  2994690    0.05%
  34092 28900      884.1591   117      883.9055      884.3490  3013086    0.05%
  34284 29062      884.0822   127      883.9055      884.3486  3032500    0.05%
  34517 29273      883.9907    79      883.9055      884.3484  3051484    0.05%
  34818 29543      884.2104   115      883.9055      884.3476  3069932    0.05%
  35045 29743      883.9715    87      883.9055      884.3473  3088873    0.05%
  35232 29904      884.2214   118      883.9055      884.3468  3108690    0.05%
  35433 30077      884.1518   107      883.9055      884.3465  3127209    0.05%
Elapsed time = 1005.61 sec. (698031.02 ticks, tree = 562.80 MB, solutions = 10)
  35638 30251      883.9594   109      883.9055      884.3463  3146280    0.05%
  35868 30459      884.0826   105      883.9055      884.3457  3164991    0.05%
  36071 30637      884.1128   107      883.9055      884.3451  3184127    0.05%
  36332 30876      884.0238    84      883.9055      884.3450  3202606    0.05%
  36571 31082      884.2005   139      883.9055      884.3448  3221428    0.05%
  36796 31278      883.9296    56      883.9055      884.3444  3240610    0.05%
  37024 31477      884.1340   110      883.9055      884.3437  3259722    0.05%
  37272 31701      883.9978    94      883.9055      884.3433  3278892    0.05%
  37485 31887      884.1868   120      883.9055      884.3427  3298335    0.05%
  37675 32056      884.0063   113      883.9055      884.3424  3317522    0.05%
Elapsed time = 1053.36 sec. (736415.72 ticks, tree = 597.24 MB, solutions = 10)
  37833 32183      884.1086   117      883.9055      884.3422  3336369    0.05%
  38063 32389      884.2934   132      883.9055      884.3418  3355361    0.05%
  38250 32552      883.9581    85      883.9055      884.3416  3374322    0.05%
  38496 32763      884.2929   133      883.9055      884.3412  3393111    0.05%
  38714 32958      883.9330   109      883.9055      884.3411  3412144    0.05%
  38906 33127      883.9726    76      883.9055      884.3407  3430598    0.05%
  39102 33298      883.9184    63      883.9055      884.3406  3449730    0.05%
  39280 33446      884.2269   108      883.9055      884.3401  3467015    0.05%
  39458 33604      884.0459   122      883.9055      884.3399  3486234    0.05%
  39658 33781      884.0178    89      883.9055      884.3397  3505521    0.05%
Elapsed time = 1098.85 sec. (774683.93 ticks, tree = 637.15 MB, solutions = 10)
  39846 33940      884.1234   113      883.9055      884.3394  3523813    0.05%
  40061 34122      884.1643   123      883.9055      884.3390  3543364    0.05%
  40255 34288      884.2020   124      883.9055      884.3384  3562038    0.05%
  40475 34486      883.9779    56      883.9055      884.3381  3580823    0.05%
  40674 34658      884.0560   101      883.9055      884.3376  3599148    0.05%
  40942 34904      883.9680    59      883.9055      884.3374  3616995    0.05%
  41170 35104      884.0552   109      883.9055      884.3369  3636244    0.05%
  41385 35291      884.0576   109      883.9055      884.3367  3655178    0.05%
  41616 35491      883.9753    80      883.9055      884.3363  3674332    0.05%
  41822 35672      883.9540    29      883.9055      884.3361  3692245    0.05%
Elapsed time = 1145.73 sec. (813169.79 ticks, tree = 671.35 MB, solutions = 10)
* 41924 31205      integral     0      883.9440      884.3361  3696568    0.04%
  42049 31304      884.2720   106      883.9440      884.3359  3710350    0.04%
  42242 31473      884.2415    94      883.9440      884.3356  3729447    0.04%
  42456 31661      884.1161   103      883.9440      884.3354  3749003    0.04%
  42650 31823      884.0889    96      883.9440      884.3352  3768876    0.04%
  42849 31992      883.9580    86      883.9440      884.3349  3787960    0.04%
  43091 32204      884.1939   111      883.9440      884.3342  3806723    0.04%
  43296 32381      884.2059   109      883.9440      884.3340  3825466    0.04%
  43458 32505      884.1572   111      883.9440      884.3334  3845143    0.04%
  43643 32659      883.9678    76      883.9440      884.3332  3863698    0.04%
  43802 32787      884.1390   114      883.9440      884.3328  3882048    0.04%
Elapsed time = 1191.86 sec. (851571.28 ticks, tree = 614.36 MB, solutions = 11)
  43996 32955      884.0683    85      883.9440      884.3326  3900996    0.04%
  44188 33115      884.0671   124      883.9440      884.3324  3919606    0.04%
  44375 33271      884.1895    96      883.9440      884.3321  3938657    0.04%
  44598 33459      883.9838    95      883.9440      884.3316  3957839    0.04%
  44807 33639      884.0802   115      883.9440      884.3312  3976848    0.04%
  44975 33770      884.2013   129      883.9440      884.3309  3995606    0.04%
  45142 33905      884.0042   100      883.9440      884.3307  4014303    0.04%
  45340 34072      883.9442   105      883.9440      884.3305  4033516    0.04%
  45514 34221      884.0051   114      883.9440      884.3302  4052295    0.04%
  45701 34381      884.0328   105      883.9440      884.3297  4070395    0.04%
Elapsed time = 1236.49 sec. (889864.32 ticks, tree = 641.90 MB, solutions = 11)
  45886 34527      884.0320   114      883.9440      884.3295  4089628    0.04%
  46047 34658      884.1110   110      883.9440      884.3288  4108689    0.04%
  46236 34813      884.0013    81      883.9440      884.3284  4127205    0.04%
  46451 34997      884.0186   100      883.9440      884.3281  4146085    0.04%
  46637 35149      884.2418   115      883.9440      884.3277  4164849    0.04%
  46806 35286      883.9845    94      883.9440      884.3275  4183926    0.04%
  46966 35412      884.1777   112      883.9440      884.3272  4202358    0.04%
  47174 35585      883.9523    75      883.9440      884.3270  4221685    0.04%
  47386 35763      884.0933   119      883.9440      884.3268  4240172    0.04%
  47563 35910      884.0871    94      883.9440      884.3262  4259152    0.04%
Elapsed time = 1280.63 sec. (928190.86 ticks, tree = 667.63 MB, solutions = 11)
  47760 36077      884.0633   115      883.9440      884.3260  4278190    0.04%
  47910 36197      884.1203    75      883.9440      884.3258  4297472    0.04%
  48115 36351      884.1351    93      883.9440      884.3257  4316862    0.04%
  48376 36574      884.1419   112      883.9440      884.3255  4336187    0.04%
  48537 36707      884.0060   108      883.9440      884.3252  4354630    0.04%
  48698 36831      884.0586   102      883.9440      884.3249  4374258    0.04%
  48878 36973      884.0153    93      883.9440      884.3247  4393204    0.04%
  49039 37107      884.1450    83      883.9440      884.3245  4412519    0.04%
  49250 37293        cutoff            883.9440      884.3243  4431841    0.04%
  49437 37453      884.2239   121      883.9440      884.3240  4450282    0.04%
Elapsed time = 1324.71 sec. (966475.10 ticks, tree = 694.26 MB, solutions = 11)
  49608 37594      884.0423    89      883.9440      884.3238  4469394    0.04%
  49815 37768      884.0557    88      883.9440      884.3234  4487779    0.04%
  50035 37956      884.0085   104      883.9440      884.3231  4507018    0.04%
  50233 38123      884.2319   121      883.9440      884.3229  4525284    0.04%
  50401 38259      884.1518   110      883.9440      884.3224  4544535    0.04%
  50565 38400      883.9906    83      883.9440      884.3221  4561930    0.04%
  50751 38546      884.0594    85      883.9440      884.3218  4581306    0.04%
  50976 38740      884.2082   121      883.9440      884.3213  4599932    0.04%
  51128 38866      883.9814    96      883.9440      884.3211  4619414    0.04%
  51302 39002      884.2250   109      883.9440      884.3209  4638227    0.04%
Elapsed time = 1369.15 sec. (1004909.93 ticks, tree = 727.38 MB, solutions = 11)
  51500 39171      884.0881    97      883.9440      884.3208  4657474    0.04%
  51732 39374      883.9870   111      883.9440      884.3205  4676543    0.04%
  51918 39529      884.2396   122      883.9440      884.3203  4695968    0.04%
  52134 39717      884.2556   120      883.9440      884.3202  4714384    0.04%
  52332 39888      884.1578   130      883.9440      884.3199  4734138    0.04%
  52536 40061      884.1753   131      883.9440      884.3193  4752734    0.04%
  52718 40208      883.9999    92      883.9440      884.3192  4772183    0.04%
  52907 40358      884.0403    82      883.9440      884.3189  4791145    0.04%
  53090 40505      884.0105   120      883.9440      884.3185  4810477    0.04%
  53299 40686      884.0826   114      883.9440      884.3184  4828861    0.04%
Elapsed time = 1414.17 sec. (1043179.86 ticks, tree = 760.08 MB, solutions = 11)
  53512 40872      884.2459   117      883.9440      884.3182  4847650    0.04%
  53718 41049      884.1727   110      883.9440      884.3181  4866021    0.04%
  53932 41236      884.0345    93      883.9440      884.3179  4885282    0.04%
  54125 41402      883.9992    79      883.9440      884.3177  4903483    0.04%
  54335 41583      884.0587    89      883.9440      884.3174  4922503    0.04%
  54517 41735      884.1648   104      883.9440      884.3172  4941151    0.04%
  54679 41866      884.0784   102      883.9440      884.3170  4960310    0.04%
  54875 42029      884.1116   123      883.9440      884.3167  4979001    0.04%
  55101 42227      883.9812   127      883.9440      884.3164  4998562    0.04%
  55274 42375      883.9454    79      883.9440      884.3163  5017987    0.04%
Elapsed time = 1459.56 sec. (1082030.86 ticks, tree = 789.09 MB, solutions = 11)
  55463 42535      883.9915    97      883.9440      884.3162  5036803    0.04%
  55681 42716      884.0397    62      883.9440      884.3159  5056350    0.04%
  55895 42891      884.1593   119      883.9440      884.3156  5075406    0.04%
  56094 43058      884.2106   103      883.9440      884.3154  5094548    0.04%
  56303 43235        cutoff            883.9440      884.3153  5114223    0.04%
  56471 43368      883.9621    71      883.9440      884.3150  5133235    0.04%
  56678 43533      884.1144   103      883.9440      884.3147  5152346    0.04%
  56901 43735      884.0765    94      883.9440      884.3144  5170434    0.04%
  57088 43890      884.1186   107      883.9440      884.3143  5190206    0.04%
  57287 44041      884.1145    88      883.9440      884.3141  5209443    0.04%
Elapsed time = 1504.46 sec. (1120250.15 ticks, tree = 819.83 MB, solutions = 11)
  57477 44191      884.0884    99      883.9440      884.3136  5229297    0.04%
  57646 44332      884.0285   106      883.9440      884.3133  5248330    0.04%
  57813 44465      884.0613    97      883.9440      884.3131  5267346    0.04%
  58006 44622        cutoff            883.9440      884.3128  5286871    0.04%
  58219 44793      883.9972    92      883.9440      884.3125  5306295    0.04%
  58410 44954      884.0914    95      883.9440      884.3122  5325549    0.04%
  58604 45110      884.1385   114      883.9440      884.3121  5344694    0.04%
  58778 45253      884.0848   100      883.9440      884.3119  5363927    0.04%
  58983 45421      883.9541    76      883.9440      884.3118  5383355    0.04%
  59145 45552      884.1382   119      883.9440      884.3116  5402683    0.04%
Elapsed time = 1548.47 sec. (1158519.47 ticks, tree = 854.54 MB, solutions = 11)
  59302 45681      884.0668   107      883.9440      884.3114  5420528    0.04%
  59498 45844      884.0017    84      883.9440      884.3111  5439407    0.04%
  59675 45988      884.0318   115      883.9440      884.3108  5458867    0.04%
  59838 46119      884.1322    88      883.9440      884.3106  5478431    0.04%
  60066 46312      884.0784   127      883.9440      884.3105  5497871    0.04%
  60250 46462      884.0170   114      883.9440      884.3102  5516909    0.04%
  60439 46612      884.1944   103      883.9440      884.3100  5536236    0.04%
  60637 46775      884.0905   123      883.9440      884.3097  5555609    0.04%
  60817 46920      884.2740   135      883.9440      884.3096  5574765    0.04%
  61020 47092      884.0964   126      883.9440      884.3093  5593361    0.04%
Elapsed time = 1592.94 sec. (1197080.51 ticks, tree = 883.91 MB, solutions = 11)
  61258 47306      884.0865    62      883.9440      884.3091  5612029    0.04%
  61500 47501      884.1678   115      883.9440      884.3089  5631121    0.04%
  61699 47676      884.0094    61      883.9440      884.3086  5649785    0.04%
  61882 47821      884.0666   108      883.9440      884.3083  5669636    0.04%
  62075 47976      883.9572    72      883.9440      884.3080  5688723    0.04%
  62275 48146      884.1134   128      883.9440      884.3078  5707796    0.04%
  62499 48341      883.9511    34      883.9440      884.3077  5727194    0.04%
  62681 48491      884.1907    83      883.9440      884.3075  5746028    0.04%
  62931 48709      883.9476    92      883.9440      884.3074  5765500    0.04%
  63129 48871      884.0117    87      883.9440      884.3072  5784602    0.04%
Elapsed time = 1638.89 sec. (1235412.74 ticks, tree = 914.09 MB, solutions = 11)
  63338 49046      884.0517   104      883.9440      884.3068  5803296    0.04%
  63518 49190      884.1990   115      883.9440      884.3065  5822576    0.04%
  63723 49364      884.0344   109      883.9440      884.3064  5841961    0.04%
  63941 49545      884.1390    96      883.9440      884.3063  5861358    0.04%
  64160 49722      884.1952   120      883.9440      884.3058  5881525    0.04%
  64336 49857      884.1724   124      883.9440      884.3056  5901079    0.04%
  64545 50034      884.2231   137      883.9440      884.3052  5919513    0.04%
  64756 50217      884.1127   112      883.9440      884.3050  5938747    0.04%
  64975 50409      884.1722   121      883.9440      884.3048  5957980    0.04%
  65149 50558      884.0935   106      883.9440      884.3047  5976850    0.04%
Elapsed time = 1684.07 sec. (1273834.46 ticks, tree = 942.33 MB, solutions = 11)
  65322 50697      884.2234   129      883.9440      884.3044  5995401    0.04%
  65486 50838      884.0572    92      883.9440      884.3042  6014368    0.04%
  65710 51025      884.0840   106      883.9440      884.3041  6033612    0.04%
  65952 51231      883.9562   113      883.9440      884.3039  6053151    0.04%
  66142 51381      884.2202   117      883.9440      884.3037  6072161    0.04%
  66359 51563      884.2032   117      883.9440      884.3036  6091630    0.04%
  66541 51709      883.9555    69      883.9440      884.3034  6110575    0.04%
  66722 51860      883.9537    67      883.9440      884.3032  6129726    0.04%
  66889 51989      884.0847   116      883.9440      884.3030  6148848    0.04%
  67102 52167      884.2504   132      883.9440      884.3029  6168816    0.04%
Elapsed time = 1728.45 sec. (1312352.91 ticks, tree = 975.04 MB, solutions = 11)
  67331 52362      884.1271   124      883.9440      884.3028  6187668    0.04%
  67500 52491      883.9940    74      883.9440      884.3025  6206541    0.04%
  67719 52678      884.1569   133      883.9440      884.3023  6226470    0.04%
  67895 52819      883.9949   106      883.9440      884.3022  6245789    0.04%
  68107 52995      884.0462    95      883.9440      884.3019  6264309    0.04%
  68273 53128      883.9823    87      883.9440      884.3017  6283550    0.04%
  68468 53281      884.1258   129      883.9440      884.3015  6302836    0.04%
  68634 53419      884.0419   106      883.9440      884.3013  6321785    0.04%
  68836 53584      884.1407   117      883.9440      884.3010  6341248    0.04%
  69008 53717      883.9958   103      883.9440      884.3009  6360363    0.04%
Elapsed time = 1772.63 sec. (1350689.30 ticks, tree = 1005.20 MB, solutions = 11)
  69222 53897      884.1747   106      883.9440      884.3007  6380101    0.04%
  69431 54066      884.1914   106      883.9440      884.3005  6398639    0.04%
  69630 54231      884.2116   112      883.9440      884.3004  6418647    0.04%
  69825 54388      884.2079   121      883.9440      884.3003  6436551    0.04%
  69993 54527      884.1842   110      883.9440      884.3002  6456119    0.04%
  70179 54683      884.0177    76      883.9440      884.3000  6474515    0.04%
  70363 54836      884.1085   105      883.9440      884.2999  6493995    0.04%
  70531 54966      884.1099   115      883.9440      884.2996  6512913    0.04%
  70716 55117      883.9902   114      883.9440      884.2994  6532339    0.04%
  70933 55297      884.0571   110      883.9440      884.2994  6551011    0.04%
Elapsed time = 1817.05 sec. (1389080.71 ticks, tree = 1039.04 MB, solutions = 11)
  71135 55457      884.0054    95      883.9440      884.2991  6570249    0.04%
  71348 55639      884.0023    37      883.9440      884.2988  6589321    0.04%
  71604 55853      884.1650   122      883.9440      884.2987  6608737    0.04%
  71846 56058      884.1340   106      883.9440      884.2985  6627664    0.04%
  72036 56215      883.9703   106      883.9440      884.2984  6647014    0.04%
  72296 56434      884.1654   115      883.9440      884.2981  6666160    0.04%
  72479 56576      884.2243   125      883.9440      884.2980  6685490    0.04%
  72664 56738      884.0633   103      883.9440      884.2978  6704802    0.04%
  72865 56906        cutoff            883.9440      884.2976  6724014    0.04%
  73069 57072      884.0133    91      883.9440      884.2974  6743425    0.04%
Elapsed time = 1863.01 sec. (1427455.87 ticks, tree = 1073.57 MB, solutions = 11)
  73268 57236      884.1210    88      883.9440      884.2973  6762624    0.04%
  73491 57422      883.9662   107      883.9440      884.2971  6782098    0.04%
  73707 57593      884.0945   124      883.9440      884.2969  6801660    0.04%
  73883 57734      884.0394    89      883.9440      884.2967  6821233    0.04%
  74134 57951      883.9500    30      883.9440      884.2966  6840533    0.04%
  74295 58073      884.0898    91      883.9440      884.2964  6859694    0.04%
  74500 58246      884.0344    87      883.9440      884.2962  6879086    0.04%
  74695 58408      884.0619   104      883.9440      884.2961  6898042    0.04%
  74912 58591      883.9991    94      883.9440      884.2959  6916842    0.04%
  75102 58741      884.0679   105      883.9440      884.2958  6935945    0.04%
Elapsed time = 1908.11 sec. (1465718.70 ticks, tree = 1110.24 MB, solutions = 11)
  75296 58906      884.1321   138      883.9440      884.2956  6955485    0.04%
  75448 59026      884.0663   102      883.9440      884.2955  6975122    0.04%
  75635 59172      884.1187   107      883.9440      884.2952  6994103    0.04%
  75803 59308      884.1336   119      883.9440      884.2950  7013024    0.04%
  75988 59460        cutoff            883.9440      884.2947  7032640    0.04%
  76161 59600      884.0887   105      883.9440      884.2946  7051558    0.04%
  76353 59761      884.0890    84      883.9440      884.2943  7070866    0.04%
  76562 59919        cutoff            883.9440      884.2941  7090524    0.04%
  76759 60081      884.0748   105      883.9440      884.2939  7109466    0.04%
  76925 60214      884.1391   106      883.9440      884.2938  7128754    0.04%
Elapsed time = 1951.38 sec. (1504032.18 ticks, tree = 1139.88 MB, solutions = 11)
  77167 60420      883.9799   100      883.9440      884.2937  7148142    0.04%
  77362 60589      883.9568    94      883.9440      884.2934  7167893    0.04%
  77557 60749      884.1145    68      883.9440      884.2932  7186916    0.04%
  77789 60945      884.0408   110      883.9440      884.2929  7206447    0.04%
  77984 61107      884.1445   111      883.9440      884.2928  7225375    0.04%
  78152 61237      884.1607   114      883.9440      884.2926  7244053    0.04%
  78350 61390      884.0007   108      883.9440      884.2922  7263365    0.04%
  78592 61602      883.9957    86      883.9440      884.2920  7281849    0.04%
  78824 61802      884.1051   101      883.9440      884.2918  7300882    0.04%
  78990 61938      883.9834    76      883.9440      884.2917  7320179    0.04%
Elapsed time = 1996.54 sec. (1542309.66 ticks, tree = 1176.87 MB, solutions = 11)
  79182 62091      884.0713   107      883.9440      884.2916  7339391    0.04%
  79354 62233      884.0847    94      883.9440      884.2915  7358660    0.04%
  79550 62391      884.1175   112      883.9440      884.2912  7378315    0.04%
  79813 62607      884.0849   117      883.9440      884.2911  7397459    0.04%
  80023 62781      884.1305    83      883.9440      884.2908  7417004    0.04%
  80201 62921        cutoff            883.9440      884.2907  7435194    0.04%
  80426 63114      883.9984   124      883.9440      884.2906  7453946    0.04%
  80615 63254      884.0709    75      883.9440      884.2904  7473475    0.04%
  80833 63439      884.2688   113      883.9440      884.2903  7492515    0.04%
  81045 63620      884.0637    95      883.9440      884.2902  7511819    0.04%
Elapsed time = 2041.80 sec. (1580618.82 ticks, tree = 1204.50 MB, solutions = 11)
  81267 63808      884.0307    89      883.9440      884.2900  7531895    0.04%
  81464 63960      884.0077   109      883.9440      884.2898  7551087    0.04%
  81656 64125      884.0038    78      883.9440      884.2897  7570913    0.04%
  81902 64322      884.1685   116      883.9440      884.2896  7590385    0.04%
  82122 64505      884.0956    92      883.9440      884.2894  7609936    0.04%
  82330 64681      884.1423   101      883.9440      884.2894  7629280    0.04%
  82515 64826      884.0986    96      883.9440      884.2892  7648922    0.04%
  82773 65045        cutoff            883.9440      884.2890  7668060    0.04%
  82955 65193      883.9763    80      883.9440      884.2889  7687541    0.04%
  83163 65361      884.2752   114      883.9440      884.2888  7706772    0.04%
Elapsed time = 2087.31 sec. (1618869.61 ticks, tree = 1238.66 MB, solutions = 11)
  83345 65517      884.0875    78      883.9440      884.2886  7725372    0.04%
  83551 65690      884.1139    90      883.9440      884.2883  7744625    0.04%
  83733 65837      883.9762   114      883.9440      884.2882  7763945    0.04%
  83954 66018      884.0676   120      883.9440      884.2881  7783061    0.04%
  84163 66201      883.9525    69      883.9440      884.2881  7801168    0.04%
  84382 66384      884.1410   118      883.9440      884.2879  7820747    0.04%
  84616 66572      884.2367   122      883.9440      884.2878  7839525    0.04%
  84822 66740        cutoff            883.9440      884.2877  7858905    0.04%
  85019 66901      884.1709   118      883.9440      884.2875  7877833    0.04%
  85223 67072      884.0129    89      883.9440      884.2874  7897193    0.04%
Elapsed time = 2132.78 sec. (1657214.70 ticks, tree = 1272.46 MB, solutions = 11)
  85447 67267      884.1105   107      883.9440      884.2873  7916465    0.04%
  85630 67417      884.1174   104      883.9440      884.2871  7936111    0.04%
  85828 67577      884.0014    67      883.9440      884.2869  7954944    0.04%
  85991 67705      884.0170   106      883.9440      884.2867  7974136    0.04%
  86167 67854      884.1883   117      883.9440      884.2865  7992119    0.04%
  86357 68009      884.1604   100      883.9440      884.2864  8011716    0.04%
  86550 68166      883.9748   103      883.9440      884.2863  8028841    0.04%
  86741 68328      884.0906   107      883.9440      884.2862  8047802    0.04%
  86975 68532      884.0121   101      883.9440      884.2862  8065768    0.04%
  87223 68742      884.1567   114      883.9440      884.2860  8084708    0.04%
Elapsed time = 2177.62 sec. (1695468.87 ticks, tree = 1296.37 MB, solutions = 11)
  87478 68961      884.2345   118      883.9440      884.2859  8104085    0.04%
  87665 69113      884.2400   116      883.9440      884.2858  8124033    0.04%
  87882 69301      883.9526    80      883.9440      884.2856  8141719    0.04%
  88068 69443      884.0838   111      883.9440      884.2854  8161237    0.04%
  88305 69640      884.1019   102      883.9440      884.2853  8180556    0.04%
  88515 69807      884.2052   126      883.9440      884.2850  8200252    0.04%
  88680 69923      884.1387   113      883.9440      884.2849  8219791    0.04%
  88864 70073      884.0315    97      883.9440      884.2847  8238982    0.04%
  89062 70233      884.1965   123      883.9440      884.2846  8258751    0.04%
  89235 70370      884.1200   103      883.9440      884.2845  8278198    0.04%
Elapsed time = 2222.74 sec. (1733851.56 ticks, tree = 1326.15 MB, solutions = 11)
  89406 70509      884.0092    99      883.9440      884.2844  8296921    0.04%
  89598 70667      884.1192   104      883.9440      884.2842  8315980    0.04%
  89758 70799      884.0224    83      883.9440      884.2841  8334429    0.04%
  89961 70944      884.1509   122      883.9440      884.2839  8354097    0.04%
  90138 71085      884.0355    86      883.9440      884.2836  8372958    0.04%
  90339 71245      884.0944   122      883.9440      884.2835  8392806    0.04%
  90524 71398      884.0125    73      883.9440      884.2831  8412217    0.04%
  90740 71586      884.0834    63      883.9440      884.2830  8431102    0.04%
  91039 71849      884.0861   101      883.9440      884.2829  8450643    0.04%
  91285 72054      884.0157    48      883.9440      884.2827  8469912    0.04%
Elapsed time = 2267.88 sec. (1772082.05 ticks, tree = 1361.80 MB, solutions = 11)
  91525 72261      884.0960   118      883.9440      884.2825  8489240    0.04%
  91718 72414      884.0291    95      883.9440      884.2824  8508805    0.04%
  91879 72529      884.1963   124      883.9440      884.2823  8528153    0.04%
  92081 72698      884.2543   107      883.9440      884.2821  8547604    0.04%
  92288 72873      884.0560   108      883.9440      884.2817  8567469    0.04%
  92454 73000      884.0505    93      883.9440      884.2814  8587072    0.04%
  92639 73139      884.1043    73      883.9440      884.2813  8606301    0.04%
  92869 73335      884.0852   107      883.9440      884.2811  8625923    0.04%
  93114 73539      883.9804    84      883.9440      884.2810  8645208    0.04%
  93295 73684      884.0046   121      883.9440      884.2809  8662952    0.04%
Elapsed time = 2312.58 sec. (1810391.21 ticks, tree = 1388.44 MB, solutions = 11)
  93487 73836      884.0968    74      883.9440      884.2808  8681988    0.04%
  93689 74000      883.9500    82      883.9440      884.2806  8700947    0.04%
  93863 74134      884.2128   100      883.9440      884.2804  8719577    0.04%
  94046 74274      884.0175   104      883.9440      884.2802  8739042    0.04%
  94225 74419      883.9997    82      883.9440      884.2800  8758365    0.04%
  94453 74601      884.1294   124      883.9440      884.2799  8777906    0.04%
  94660 74782      883.9643    96      883.9440      884.2798  8795852    0.04%
  94829 74912      884.1216    83      883.9440      884.2797  8815729    0.04%
  95060 75103      884.1114    98      883.9440      884.2795  8834816    0.04%
  95245 75246      884.1539   108      883.9440      884.2794  8854071    0.04%
Elapsed time = 2356.68 sec. (1848657.09 ticks, tree = 1417.66 MB, solutions = 11)
  95413 75385      884.0201    86      883.9440      884.2793  8873937    0.04%
  95615 75546      884.0430    64      883.9440      884.2792  8892909    0.04%
  95843 75737      884.1779   126      883.9440      884.2790  8912558    0.04%
  96015 75870      884.0499   113      883.9440      884.2788  8931981    0.04%
  96250 76070        cutoff            883.9440      884.2787  8951557    0.04%
  96461 76241      884.1026    72      883.9440      884.2785  8971335    0.04%
  96669 76409      883.9785    85      883.9440      884.2784  8990376    0.04%
  96850 76552      883.9994    87      883.9440      884.2782  9009469    0.04%
  97024 76680      884.0397   101      883.9440      884.2781  9028172    0.04%
  97224 76842      884.1367    89      883.9440      884.2778  9047224    0.04%
Elapsed time = 2400.94 sec. (1886952.12 ticks, tree = 1446.84 MB, solutions = 11)
  97400 76983      884.1124   133      883.9440      884.2776  9066157    0.04%
* 97619 73977      integral     0      883.9555      884.2775  9082630    0.04%
  97641 73993        cutoff            883.9555      884.2775  9084584    0.04%
  97841 74147      884.2237   119      883.9555      884.2773  9104025    0.04%
  98011 74284      884.2004   124      883.9555      884.2772  9124042    0.04%
  98202 74443      883.9624    95      883.9555      884.2772  9143732    0.04%
  98418 74618      884.0066    98      883.9555      884.2769  9163435    0.04%
  98620 74771      884.0789   134      883.9555      884.2767  9182216    0.04%
  98775 74885      884.0196    85      883.9555      884.2766  9201343    0.04%
  98939 75009      884.1525    94      883.9555      884.2763  9219717    0.04%
  99158 75199      884.0429   101      883.9555      884.2762  9239262    0.04%
Elapsed time = 2446.12 sec. (1925273.55 ticks, tree = 1415.41 MB, solutions = 12)
  99370 75372      884.1383   123      883.9555      884.2761  9258675    0.04%
  99579 75543      884.1632   127      883.9555      884.2760  9279013    0.04%
* 99824 72080      integral     0      883.9664      884.2759  9297510    0.04%
  99826 72080      884.0656   109      883.9664      884.2759  9298104    0.04%
 100037 72239        cutoff            883.9664      884.2758  9317296    0.04%
 100255 72407      884.2180   111      883.9664      884.2757  9336842    0.03%
 100417 72517      884.1136   128      883.9664      884.2755  9356669    0.03%
 100585 72638      884.2222   128      883.9664      884.2754  9375631    0.03%
 100770 72791      884.0929    88      883.9664      884.2753  9394920    0.03%
 100936 72925      883.9932    67      883.9664      884.2752  9413661    0.03%
 101132 73085      883.9804    48      883.9664      884.2751  9433299    0.03%
Elapsed time = 2491.37 sec. (1963675.11 ticks, tree = 1372.09 MB, solutions = 13)
 101298 73211      884.2498   100      883.9664      884.2750  9452740    0.03%
 101512 73395      884.0357    82      883.9664      884.2749  9471885    0.03%
 101713 73561      884.1240   117      883.9664      884.2748  9490858    0.03%
 101905 73715      884.2125   112      883.9664      884.2747  9510275    0.03%
 102115 73890      884.2689   105      883.9664      884.2746  9529530    0.03%
 102314 74050      884.0040    99      883.9664      884.2744  9548853    0.03%
 102503 74168      884.0179   122      883.9664      884.2742  9568277    0.03%
 102690 74316      884.1631   109      883.9664      884.2741  9587135    0.03%
 102894 74481      883.9930    70      883.9664      884.2739  9606448    0.03%
 103086 74631      884.1192   124      883.9664      884.2739  9626126    0.03%
Elapsed time = 2536.01 sec. (2002037.43 ticks, tree = 1402.97 MB, solutions = 13)
 103289 74798      884.0431    96      883.9664      884.2738  9645564    0.03%
 103467 74926      884.1316   107      883.9664      884.2737  9665239    0.03%
 103675 75096      884.1984   125      883.9664      884.2735  9684539    0.03%
 103841 75225      884.0661    99      883.9664      884.2734  9704102    0.03%
 104015 75355      884.0096   101      883.9664      884.2733  9723572    0.03%
 104220 75526      884.1444   114      883.9664      884.2732  9743073    0.03%
 104401 75667      884.1431    95      883.9664      884.2731  9763009    0.03%
 104624 75841      884.1819   123      883.9664      884.2730  9782598    0.03%
 104815 75997      884.0944    96      883.9664      884.2728  9801865    0.03%
*104950 75378      integral     0      883.9682      884.2728  9810739    0.03%
 105031 75434      884.0650    93      883.9682      884.2728  9821059    0.03%
Elapsed time = 2581.25 sec. (2040569.52 ticks, tree = 1418.60 MB, solutions = 14)
 105215 75577      884.0914   117      883.9682      884.2727  9840123    0.03%
 105379 75701      883.9743    95      883.9682      884.2726  9859508    0.03%
 105568 75845      884.2451   126      883.9682      884.2724  9879031    0.03%
 105725 75959      883.9688    96      883.9682      884.2723  9897952    0.03%
 105900 76089      884.2095   116      883.9682      884.2722  9917172    0.03%
 106075 76225      884.0872   107      883.9682      884.2721  9935465    0.03%
 106284 76389      884.1635   114      883.9682      884.2719  9954936    0.03%
 106475 76536      884.1258    84      883.9682      884.2717  9974222    0.03%
 106668 76692      884.0881    88      883.9682      884.2715  9993867    0.03%
 106863 76851      883.9776    96      883.9682      884.2714 10013434    0.03%
Elapsed time = 2624.96 sec. (2079205.17 ticks, tree = 1448.26 MB, solutions = 14)
 107090 77034      884.0030   118      883.9682      884.2713 10032580    0.03%
 107250 77147      884.0285    96      883.9682      884.2712 10052099    0.03%
 107477 77337      884.0316   116      883.9682      884.2711 10071660    0.03%
 107683 77491      884.1250    85      883.9682      884.2710 10090851    0.03%
 107875 77647      884.0992    79      883.9682      884.2709 10110266    0.03%
 108093 77817      884.1391    72      883.9682      884.2707 10129784    0.03%
 108293 77967      884.1760   111      883.9682      884.2706 10149234    0.03%
 108485 78120      884.0201   105      883.9682      884.2705 10168058    0.03%
 108709 78295        cutoff            883.9682      884.2704 10187206    0.03%
 108910 78454      884.0800   109      883.9682      884.2703 10206363    0.03%
Elapsed time = 2670.02 sec. (2117465.42 ticks, tree = 1480.21 MB, solutions = 14)
 109108 78614      884.0183   114      883.9682      884.2702 10225858    0.03%
 109310 78778      884.0404    93      883.9682      884.2701 10245488    0.03%
 109482 78904      883.9708    49      883.9682      884.2700 10264321    0.03%
 109668 79047      884.1242   109      883.9682      884.2698 10283830    0.03%
 109860 79204      883.9827    66      883.9682      884.2697 10302711    0.03%
 110076 79379      884.0268   114      883.9682      884.2696 10321948    0.03%
 110304 79563      884.0523    85      883.9682      884.2694 10341673    0.03%
 110500 79716      884.0853   108      883.9682      884.2693 10360277    0.03%
 110693 79854      884.2251   112      883.9682      884.2692 10379919    0.03%
 110886 80014      884.2064   106      883.9682      884.2690 10399283    0.03%
Elapsed time = 2714.40 sec. (2155746.66 ticks, tree = 1508.58 MB, solutions = 14)
 111075 80170      884.0615    93      883.9682      884.2689 10418781    0.03%
 111262 80318      884.1544   100      883.9682      884.2688 10438347    0.03%
 111436 80453      884.0711   101      883.9682      884.2687 10457348    0.03%
 111648 80628      884.1384   132      883.9682      884.2685 10477076    0.03%
 111813 80753      884.0140   108      883.9682      884.2684 10496484    0.03%
 111984 80870      884.0754    73      883.9682      884.2682 10515699    0.03%
 112168 81012      884.0192    92      883.9682      884.2681 10534944    0.03%
 112342 81149      883.9955   120      883.9682      884.2680 10554453    0.03%
 112524 81292      884.0928   116      883.9682      884.2679 10572831    0.03%
 112715 81444      884.1648   124      883.9682      884.2678 10591743    0.03%
Elapsed time = 2757.64 sec. (2193986.75 ticks, tree = 1537.44 MB, solutions = 14)
 112889 81581      884.1403   110      883.9682      884.2677 10611661    0.03%
 113085 81737      884.1282   113      883.9682      884.2676 10630997    0.03%
 113250 81863      884.0982    87      883.9682      884.2674 10650442    0.03%
 113426 81995      884.0917   114      883.9682      884.2673 10669107    0.03%
 113634 82147      884.1008    80      883.9682      884.2672 10688522    0.03%
 113877 82352      884.0465    68      883.9682      884.2671 10707319    0.03%
 114066 82504      883.9881    80      883.9682      884.2670 10726286    0.03%
 114272 82665      884.1971   121      883.9682      884.2669 10745805    0.03%
 114503 82854      884.0896   113      883.9682      884.2668 10765181    0.03%
 114714 83028      884.1991   128      883.9682      884.2667 10784851    0.03%
Elapsed time = 2801.97 sec. (2232301.21 ticks, tree = 1563.79 MB, solutions = 14)
 114877 83157      884.1696   123      883.9682      884.2666 10803983    0.03%
 115081 83322      883.9951   111      883.9682      884.2665 10823792    0.03%
 115285 83482      884.2016   105      883.9682      884.2664 10841869    0.03%
 115455 83611      884.0657   117      883.9682      884.2664 10862067    0.03%
 115640 83759      884.1016   114      883.9682      884.2662 10881665    0.03%
 115837 83920      884.0624   103      883.9682      884.2660 10900358    0.03%
 116084 84115      884.1455   105      883.9682      884.2659 10919767    0.03%
 116265 84257      884.1103   112      883.9682      884.2659 10939437    0.03%
 116443 84390      884.1524    95      883.9682      884.2657 10959548    0.03%
 116640 84550      884.0290   116      883.9682      884.2656 10978800    0.03%
Elapsed time = 2845.85 sec. (2270615.46 ticks, tree = 1590.27 MB, solutions = 14)
 116836 84699      884.1154   106      883.9682      884.2655 10998127    0.03%
 117049 84874      884.0015    88      883.9682      884.2654 11016976    0.03%
 117238 85025      884.1181   112      883.9682      884.2653 11036061    0.03%
 117401 85139      884.1814   104      883.9682      884.2652 11055185    0.03%
 117612 85312      883.9823    80      883.9682      884.2651 11074714    0.03%
 117798 85466      884.0888    71      883.9682      884.2650 11093640    0.03%
 118065 85699      884.0683    77      883.9682      884.2649 11113016    0.03%
 118254 85838      884.0694   115      883.9682      884.2647 11132235    0.03%
 118462 86001        cutoff            883.9682      884.2646 11151600    0.03%
 118662 86159      883.9859    71      883.9682      884.2645 11170251    0.03%
Elapsed time = 2890.96 sec. (2308831.52 ticks, tree = 1620.78 MB, solutions = 14)
 118843 86301      884.0568    79      883.9682      884.2644 11189913    0.03%
 119049 86472      884.0935   130      883.9682      884.2643 11209656    0.03%
 119230 86620      883.9727    79      883.9682      884.2642 11228774    0.03%
 119461 86810      884.2519   142      883.9682      884.2641 11247898    0.03%
 119651 86967        cutoff            883.9682      884.2641 11267305    0.03%
 119831 87104      884.0966   115      883.9682      884.2640 11286015    0.03%
 120020 87245      884.2168   119      883.9682      884.2639 11305836    0.03%
 120217 87395      884.0851    76      883.9682      884.2638 11325224    0.03%
 120436 87570      884.1541   122      883.9682      884.2637 11344935    0.03%
 120612 87698      884.2519   110      883.9682      884.2635 11364393    0.03%
Elapsed time = 2935.04 sec. (2347260.02 ticks, tree = 1654.04 MB, solutions = 14)
 120794 87834      884.0716   132      883.9682      884.2634 11384563    0.03%
 120964 87955      884.0756   122      883.9682      884.2632 11403346    0.03%
 121177 88114      884.2036    84      883.9682      884.2631 11422555    0.03%
 121406 88307      884.0336    86      883.9682      884.2631 11441972    0.03%
 121593 88434        cutoff            883.9682      884.2629 11461552    0.03%
 121792 88590      884.0155    79      883.9682      884.2628 11480918    0.03%
 121977 88739      884.0781   111      883.9682      884.2627 11500300    0.03%
 122154 88875      884.0491   108      883.9682      884.2626 11519320    0.03%
 122317 89004      884.1831    79      883.9682      884.2624 11538714    0.03%
 122501 89159      884.0741    68      883.9682      884.2623 11557344    0.03%
Elapsed time = 2978.43 sec. (2385567.82 ticks, tree = 1679.96 MB, solutions = 14)
 122688 89305      884.0740   112      883.9682      884.2622 11577257    0.03%
 122876 89454      884.0366   122      883.9682      884.2621 11596770    0.03%
 123074 89615      884.0390    83      883.9682      884.2620 11616302    0.03%
 123255 89752      884.1867   104      883.9682      884.2620 11635798    0.03%
 123437 89897      884.1594    94      883.9682      884.2618 11655101    0.03%
 123644 90065      884.0007    95      883.9682      884.2617 11674493    0.03%
 123826 90211      883.9865    84      883.9682      884.2616 11692348    0.03%
 124054 90395      884.0398   122      883.9682      884.2615 11711394    0.03%
 124218 90516      884.0968   120      883.9682      884.2613 11730073    0.03%
 124395 90653      884.0217    68      883.9682      884.2612 11749317    0.03%
Elapsed time = 3021.90 sec. (2423861.03 ticks, tree = 1708.48 MB, solutions = 14)
 124595 90805      884.1338   112      883.9682      884.2611 11767603    0.03%
 124760 90918      884.1510   121      883.9682      884.2610 11787831    0.03%
 124944 91062      884.0579   113      883.9682      884.2608 11807119    0.03%
 125153 91233      883.9997   104      883.9682      884.2607 11826229    0.03%
 125373 91404      884.0652    98      883.9682      884.2606 11845653    0.03%
 125579 91563      884.0307    95      883.9682      884.2605 11864787    0.03%
 125782 91720      884.0783   112      883.9682      884.2605 11883755    0.03%
 125997 91897      884.0672   107      883.9682      884.2604 11903208    0.03%
 126160 92013      884.1169   100      883.9682      884.2603 11922893    0.03%
 126394 92210      884.0118    90      883.9682      884.2602 11942266    0.03%
Elapsed time = 3065.95 sec. (2462210.70 ticks, tree = 1745.79 MB, solutions = 14)
 126600 92378      884.1067    98      883.9682      884.2600 11962075    0.03%
 126789 92524        cutoff            883.9682      884.2599 11981630    0.03%
 126978 92661      884.0373   124      883.9682      884.2598 12001636    0.03%
 127156 92800      883.9930    87      883.9682      884.2598 12021100    0.03%
 127373 92978      884.0169   100      883.9682      884.2597 12040507    0.03%
 127558 93107      883.9892    69      883.9682      884.2596 12060070    0.03%
 127805 93307      884.0036   104      883.9682      884.2595 12079261    0.03%
 128024 93474      884.1386    95      883.9682      884.2593 12098905    0.03%
 128217 93621        cutoff            883.9682      884.2593 12117975    0.03%
 128418 93774      884.0823   114      883.9682      884.2592 12137515    0.03%
Elapsed time = 3110.20 sec. (2500599.29 ticks, tree = 1773.10 MB, solutions = 14)
 128612 93938      883.9926    64      883.9682      884.2591 12156500    0.03%
 128814 94092      884.0110   109      883.9682      884.2590 12176028    0.03%
 128990 94226      884.1194    86      883.9682      884.2589 12194871    0.03%
 129191 94386      884.1686   127      883.9682      884.2588 12213687    0.03%
 129356 94504      884.2095    98      883.9682      884.2586 12233178    0.03%
 129565 94673      884.1406   117      883.9682      884.2585 12252460    0.03%
 129736 94816      884.0576    93      883.9682      884.2584 12271370    0.03%
 129936 94969      884.0348    88      883.9682      884.2584 12290789    0.03%
 130134 95126      884.1280   103      883.9682      884.2583 12310206    0.03%
 130337 95292      884.0190    77      883.9682      884.2582 12329322    0.03%
Elapsed time = 3153.80 sec. (2538877.34 ticks, tree = 1804.03 MB, solutions = 14)
 130524 95436      884.0437    97      883.9682      884.2581 12348282    0.03%
 130718 95585      884.0189    81      883.9682      884.2580 12367945    0.03%
 130929 95754      884.0012    48      883.9682      884.2580 12387426    0.03%
 131141 95906      884.1760    97      883.9682      884.2578 12407089    0.03%
 131303 96031      884.0726   121      883.9682      884.2578 12425916    0.03%
 131474 96158      884.0838    79      883.9682      884.2577 12445492    0.03%
 131656 96284      884.1321    76      883.9682      884.2576 12464938    0.03%
 131825 96407      884.0219   109      883.9682      884.2574 12484005    0.03%
 131987 96515      884.1131   130      883.9682      884.2573 12503846    0.03%
 132174 96657      884.1806    90      883.9682      884.2572 12522710    0.03%
Elapsed time = 3196.53 sec. (2577240.28 ticks, tree = 1832.24 MB, solutions = 14)
 132391 96835      884.1168   104      883.9682      884.2571 12541926    0.03%
 132622 97020      884.0210    79      883.9682      884.2570 12561514    0.03%
 132793 97146      884.1902    94      883.9682      884.2568 12581182    0.03%
 133000 97301      884.0906    94      883.9682      884.2567 12600874    0.03%
 133245 97505      884.0477   111      883.9682      884.2566 12619821    0.03%
 133437 97646      884.0802   101      883.9682      884.2565 12639477    0.03%
 133634 97796      883.9813    61      883.9682      884.2564 12659007    0.03%
 133814 97925      884.1183    88      883.9682      884.2563 12678110    0.03%
 133982 98048      884.0366   112      883.9682      884.2562 12697355    0.03%
 134157 98184      884.1150   116      883.9682      884.2561 12715667    0.03%
Elapsed time = 3240.12 sec. (2615516.78 ticks, tree = 1862.04 MB, solutions = 14)
Starting limited solution polishing.
 134359 98347      884.0787    73      883.9682      884.2560 12734074    0.03%
 134529 98473      884.1499    73      883.9682      884.2558 12753002    0.03%
 134694 98595      884.1053   127      883.9682      884.2558 12768498    0.03%
 134875 98735      883.9766    83      883.9682      884.2557 12786645    0.03%
 134975 98818      883.9926   113      883.9682      884.2556 12796583    0.03%
 135105 98917      884.0838   111      883.9682      884.2556 12809525    0.03%
 135275 99050      883.9930   112      883.9682      884.2555 12825140    0.03%
 135410 99156      884.0055    98      883.9682      884.2554 12836912    0.03%
 135540 99255      884.0583   115      883.9682      884.2554 12849991    0.03%
 135675 99355      883.9765    95      883.9682      884.2553 12864155    0.03%
Elapsed time = 3285.38 sec. (2657070.29 ticks, tree = 1882.85 MB, solutions = 14)
 135813 99459      883.9838    82      883.9682      884.2552 12878260    0.03%
 135969 99579      884.0949   108      883.9682      884.2551 12895032    0.03%
 136075 99659      884.1096    71      883.9682      884.2550 12905675    0.03%
 136255 99796      884.0238    89      883.9682      884.2550 12921342    0.03%
 136375 99883      884.1933   120      883.9682      884.2549 12935681    0.03%
 136502 99985      884.1052   109      883.9682      884.2548 12948654    0.03%
 136667 100117      884.2036   122      883.9682      884.2547 12963011    0.03%
 136765 100182      884.1057   113      883.9682      884.2547 12974660    0.03%
 136845 100247      884.0571   115      883.9682      884.2547 12982540    0.03%
 136936 100317      884.1195    85      883.9682      884.2546 12994941    0.03%
Elapsed time = 3328.31 sec. (2696791.88 ticks, tree = 1903.86 MB, solutions = 14)
 137041 100400      883.9839   109      883.9682      884.2546 13005606    0.03%
 137175 100503      884.0926    98      883.9682      884.2545 13019136    0.03%
 137340 100626      884.1123    98      883.9682      884.2544 13034362    0.03%
 137475 100732      884.1136   115      883.9682      884.2544 13046859    0.03%
 137621 100857      884.0094    79      883.9682      884.2543 13060539    0.03%
 137718 100929      884.1932   120      883.9682      884.2542 13071990    0.03%
 137822 100995      884.0501   130      883.9682      884.2542 13083117    0.03%
 137975 101125      883.9886    93      883.9682      884.2542 13095290    0.03%
 138075 101205      884.1630   123      883.9682      884.2541 13105213    0.03%
 138249 101346      884.0512    82      883.9682      884.2540 13121855    0.03%
Elapsed time = 3372.53 sec. (2738205.73 ticks, tree = 1924.13 MB, solutions = 14)
 138375 101436      884.1618   124      883.9682      884.2539 13134295    0.03%
 138526 101563      883.9820   122      883.9682      884.2539 13149205    0.03%
 138589 101604      884.1660   124      883.9682      884.2539 13156543    0.03%
 138771 101737      884.0228   118      883.9682      884.2538 13176365    0.03%
 138875 101814      884.0014    90      883.9682      884.2537 13187462    0.03%
 139075 101970      884.0714   112      883.9682      884.2536 13204895    0.03%
 139193 102053      884.2107   117      883.9682      884.2536 13219636    0.03%
 139293 102136      884.0057   119      883.9682      884.2535 13228885    0.03%
 139421 102230      884.0990   121      883.9682      884.2534 13242305    0.03%
 139571 102346      884.0030   104      883.9682      884.2533 13259764    0.03%
Elapsed time = 3417.01 sec. (2780062.39 ticks, tree = 1945.69 MB, solutions = 14)
 139673 102418      884.1083   131      883.9682      884.2532 13272209    0.03%
 139775 102496      884.0996    94      883.9682      884.2532 13281899    0.03%
 139905 102580      884.1007   106      883.9682      884.2531 13297888    0.03%
 140021 102681      884.0937   124      883.9682      884.2530 13306517    0.03%
 140136 102772      883.9946    84      883.9682      884.2530 13317244    0.03%
 140209 102818      884.1203   124      883.9682      884.2529 13327022    0.03%
 140307 102886      884.1714   106      883.9682      884.2529 13340418    0.03%
 140471 103023      884.0494    69      883.9682      884.2529 13355612    0.03%
 140617 103115      884.2166   114      883.9682      884.2528 13371886    0.03%
 140737 103213      884.0994   106      883.9682      884.2527 13383907    0.03%
Elapsed time = 3458.42 sec. (2818882.65 ticks, tree = 1957.64 MB, solutions = 14)
 140872 103320      884.0085    59      883.9682      884.2527 13396255    0.03%
 140975 103391      884.0790    91      883.9682      884.2527 13406105    0.03%
 141127 103519      884.1043   113      883.9682      884.2526 13419798    0.03%
 141275 103626      884.0419    87      883.9682      884.2525 13435616    0.03%
 141393 103714      883.9950   108      883.9682      884.2525 13446950    0.03%
 141494 103784      884.1001    98      883.9682      884.2525 13458700    0.03%
 141585 103851      884.1750   112      883.9682      884.2525 13468089    0.03%
 141728 103966      884.0839   113      883.9682      884.2524 13483845    0.03%
 141875 104082      884.0037    49      883.9682      884.2523 13498705    0.03%
 142019 104193      884.1271    91      883.9682      884.2523 13511967    0.03%
Elapsed time = 3502.97 sec. (2860038.99 ticks, tree = 1975.70 MB, solutions = 14)
 142153 104297      884.0785   108      883.9682      884.2522 13524691    0.03%
 142227 104347      884.0215   120      883.9682      884.2522 13533478    0.03%
 142278 104389      884.0521    84      883.9682      884.2522 13539456    0.03%
 142375 104458      884.1040   100      883.9682      884.2522 13552253    0.03%
 142506 104572      884.0534   104      883.9682      884.2521 13562249    0.03%
 142596 104639      884.1025   128      883.9682      884.2521 13570488    0.03%
 142711 104727      884.0000    93      883.9682      884.2520 13585766    0.03%
 142804 104794      883.9916    62      883.9682      884.2520 13595520    0.03%
 142932 104878      883.9993   101      883.9682      884.2519 13612383    0.03%
 143075 104986      884.1515   114      883.9682      884.2519 13627178    0.03%
Elapsed time = 3544.16 sec. (2899472.19 ticks, tree = 1989.48 MB, solutions = 14)
 143192 105081      884.1958   135      883.9682      884.2518 13636852    0.03%
 143336 105190      884.2295   112      883.9682      884.2518 13652115    0.03%
 143462 105282      884.0670    86      883.9682      884.2517 13666949    0.03%
 143550 105347      884.1288   102      883.9682      884.2516 13676045    0.03%
 143662 105423      883.9982   113      883.9682      884.2516 13690965    0.03%
 143771 105513      884.0275   120      883.9682      884.2515 13700197    0.03%
 143875 105605      884.0105    60      883.9682      884.2515 13711273    0.03%
 143980 105680      883.9925    99      883.9682      884.2515 13722005    0.03%
 144075 105751      884.1029    80      883.9682      884.2514 13732506    0.03%
 144234 105872      883.9837    90      883.9682      884.2513 13747976    0.03%
Elapsed time = 3585.33 sec. (2938316.51 ticks, tree = 2006.73 MB, solutions = 14)
 144368 105976      884.0817    88      883.9682      884.2513 13761870    0.03%
 144484 106064      884.1992   135      883.9682      884.2513 13772364    0.03%
 144598 106146      884.0667   120      883.9682      884.2512 13784840    0.03%
Advanced basis not built.

Implied bound cuts applied:  2
Flow cuts applied:  3
Mixed integer rounding cuts applied:  88
Lift and project cuts applied:  15
User cuts applied:  2176

Root node processing (before b&c):
  Real time             =   10.39 sec. (1697.50 ticks)
Sequential b&c:
  Real time             = 3589.62 sec. (2950543.55 ticks)
                          ------------
Total (root+branch&cut) = 3600.00 sec. (2952241.04 ticks)
|V|                                     900
K                                       90
theta                                   0.01
r                                       2
R                                       20
prob_func                               facility_mixture
mixture_low_share                       0.100000
mixture_low_interval                    [0.001000, 0.010000]
mixture_high_interval                   [0.100000, 0.500000]
mixture_seed                            1
#C1                                     1534
#CP                                     142974

@Parameters: 
am_callback_heuristic                   false
am_local_search                         true
am_start_heuristic                      false
colocation                              false
comp                                    false
cutC                                    true
cutC_init                               false
cutF                                    true
cutF_init                               false
cutF_stable                             false
cutF_wrong                              false
cutLocal                                false
cutM                                    true
cutM_init                               true
cutM_stable                             false
cutP                                    true
cutP_init                               false
cutP_stable                             false
init                                    true
init_cutF_zero                          false
init_val_greedy                         true
is_Euclidean                            false
is_local_search                         true
is_right_cutP                           true
is_root                                 false
is_silent                               false
is_start                                false
mycut                                   false
pmed                                    false
pre                                     true
stable_root                             false
str                                     true
two_phase                               false
ubstr                                   false
mode                                    Int

am_callback_node_space                  50
init                                    0
mixture_seed                            1
node_space                              5
nodelimit                               -1
nsepa                                   1
strF                                    0
type_delta                              0

EPS                                     0.001000
EPS_FRAC                                0.00
gap                                     0.00
mixture_high_max                        0.50
mixture_high_min                        0.10
mixture_low_max                         0.01
mixture_low_min                         0.00
mixture_low_share                       0.10
timelimit                               3600.00

Number of Closed Sites: 4 / 360 
Number of Confined Sites-1: 2 / 178 
Number of Confined Sites-k: 894 / 2826 
Preprocess Time: 1.98 + 0.00 sec

Solve Time: 3600.00
Number of Nodes: 144675
Termination Status: TIME_LIMIT

CutInfo: [phase] num / time (sec) / aver. num_nonzero
max              [LP]     0 / 0.00 / 0.00 [init]   775 / 0.02 / 2.76 [rLC]   325 / 0.07 / 3.94 [rUC]   460 / 0.11 / 3.77 [sLC]     6 / 0.18 / 8.17 [sUC]   711 / 3.70 / 4.73 
prod_oa          [LP]     0 / 0.00 / 0.00 [init]   245 / 0.04 / 53.66 [rLC]  1553 / 0.48 / 69.63 [rUC]   670 / 0.74 / 67.10 [sLC]   116 / 1.12 / 67.53 [sUC]   982 / 23.43 / 61.60 
prod_sm_fixed    [LP]     0 / 0.00 / 0.00 [init]     0 / 0.00 / 0.00 [rLC]     0 / 0.00 / 0.00 [rUC]     0 / 0.00 / 0.00 [sLC]     0 / 0.00 / 0.00 [sUC]     0 / 0.00 / 0.00 
prod_bin         [LP]     0 / 0.00 / 0.00 [init]     0 / 0.00 / 0.00 [rLC]     0 / 0.00 / 0.00 [rUC]     0 / 0.00 / 0.00 [sLC]     0 / 0.00 / 0.00 [sUC]     0 / 0.00 / 0.00 
prod_local       [LP]     0 / 0.00 / 0.00 [init]     0 / 0.00 / 0.00 [rLC]     0 / 0.00 / 0.00 [rUC]     0 / 0.00 / 0.00 [sLC]     0 / 0.00 / 0.00 [sUC]     0 / 0.00 / 0.00 
prod_sm_C        [LP]     0 / 0.00 / 0.00 [init]     0 / 0.47 / 0.00 [rLC]     0 / 2.84 / 0.00 [rUC]   487 / 4.29 / 61.22 [sLC]     0 / 6.69 / 0.00 [sUC]  1596 / 132.34 / 77.91 
facet            [LP]     0 / 0.00 / 0.00 [init]     0 / 0.00 / 0.00 [rLC]     0 / 0.00 / 0.00 [rUC]   487 / 0.00 / 0.00 [sLC]     0 / 0.00 / 0.00 [sUC]  1596 / 0.00 / 0.00 
Separation Round:   [LP] 0  [init] 1  [rLC] 11  [rUC] 16  [sLC] 26  [sUC] 266975  
Root Best Bound 884.922789
Root Best Integer: 878.665144
Best Bound: 884.251199
Best Integer: 883.968235
1: 20, 29, 36, 37, 53, 54, 56, 78, 80, 83, 90, 92, 111, 124, 128, 142, 149, 150, 152, 210, 211, 214, 222, 240, 284, 288, 289, 292, 315, 354, 364, 368, 370, 378, 381, 382, 384, 388, 405, 408, 429, 430, 436, 447, 461, 464, 469, 475, 482, 498, 518, 523, 540, 545, 547, 552, 586, 593, 597, 599, 603, 614, 621, 630, 635, 647, 661, 676, 682, 687, 712, 716, 720, 742, 750, 759, 784, 789, 791, 803, 808, 810, 816, 819, 838, 845, 870, 871, 874, 883
Objective Value (calc): 883.898492
sum_etaM = 523.992363 / 523.945359
sum_etaP = 887.604355 / 887.534383
nL: 90
nCL: 0
mCL: 1
