Version identifier: 20.1.0.0 | 2020-11-10 | 9bedb6d68
CPXPARAM_Threads                                 1
CPXPARAM_TimeLimit                               3600
CPXPARAM_MIP_Tolerances_MIPGap                   0
Generic callback                                 0x60
1 of 1 MIP starts provided solutions.
MIP start 'm1' defined initial solution with objective 513.6140.
Tried aggregator 2 times.
MIP Presolve eliminated 15 rows and 6 columns.
MIP Presolve modified 425 coefficients.
Aggregator did 9 substitutions.
Reduced MIP has 1986 rows, 2385 columns, and 19228 nonzeros.
Reduced MIP has 597 binaries, 588 generals, 0 SOSs, and 0 indicators.
Presolve time = 0.01 sec. (6.27 ticks)
Probing time = 0.00 sec. (1.08 ticks)
Tried aggregator 1 time.
Reduced MIP has 1986 rows, 2385 columns, and 19228 nonzeros.
Reduced MIP has 597 binaries, 588 generals, 0 SOSs, and 0 indicators.
Presolve time = 0.00 sec. (3.66 ticks)
Probing time = 0.00 sec. (1.08 ticks)
MIP emphasis: balance optimality and feasibility.
MIP search method: dynamic search.
Parallel mode: none, using 1 thread.
Root relaxation solution time = 0.08 sec. (101.07 ticks)

        Nodes                                         Cuts/
   Node  Left     Objective  IInf  Best Integer    Best Bound    ItCnt     Gap

*     0+    0                          513.6140      600.0000            16.82%
      0     0      574.3181   393      513.6140      574.3181     1639   11.82%
      0     0      518.8459   443      513.6140     Cuts: 596     2157    1.02%
      0     0      517.3351   468      513.6140     Cuts: 411     2558    0.72%
      0     0      516.6353   533      513.6140     Cuts: 250     2892    0.59%
      0     0      516.3676   528      513.6140     Cuts: 211     3141    0.54%
      0     0      516.2563   511      513.6140     Cuts: 134     3317    0.51%
      0     0      516.1869   485      513.6140      Cuts: 96     3445    0.50%
      0     0      516.1522   453      513.6140     Cuts: 106     3559    0.49%
      0     0      516.1326   393      513.6140      Cuts: 55     3641    0.49%
      0     0      516.1107   399      513.6140      Cuts: 36     3723    0.49%
      0     0      516.1012   422      513.6140      Cuts: 54     3798    0.48%
      0     0      516.0972   399      513.6140 UserPurge2: 24     3828    0.48%
      0     0      516.0945   440      513.6140 UserPurge2: 13     3855    0.48%
      0     0      516.0941   467      513.6140 UserPurge2: 6     3866    0.48%
      0     0      516.0940   472      513.6140 UserPurge2: 3     3878    0.48%
      0     0      516.0932   473      513.6140 UserPurge2: 2     3888    0.48%
      0     0      516.0931   476      513.6140 UserPurge2: 3     3894    0.48%
      0     0      516.0927   466      513.6140 UserPurge2: 5     3903    0.48%
      0     0      516.0921   466      513.6140 UserPurge2: 3     3915    0.48%
      0     0      516.0918   460      513.6140 UserPurge2: 3     3921    0.48%
      0     0      516.0917   466      513.6140 UserPurge2: 3     3923    0.48%
      0     2      516.0917   466      513.6140      516.0910     3923    0.48%
Elapsed time = 4.53 sec. (3167.80 ticks, tree = 0.01 MB, solutions = 1)
      8    10      515.8105   520      513.6140      516.0900     4648    0.48%
     10    12      515.7164   504      513.6140      516.0900     5037    0.48%
     20    22      515.6490   494      513.6140      516.0900     6152    0.48%
     27    29      515.4172   520      513.6140      516.0900     7002    0.48%
     31    33      515.5073   498      513.6140      516.0900     7414    0.48%
     40    42      515.2189   493      513.6140      516.0900     8235    0.48%
     49    51      515.1463   503      513.6140      516.0900     8967    0.48%
     50    52      514.8055   514      513.6140      516.0900     9315    0.48%
     57    59      514.8222   524      513.6140      516.0900    10128    0.48%
     75    77      514.5082   500      513.6140      516.0900    11574    0.48%
Elapsed time = 12.08 sec. (6904.13 ticks, tree = 0.19 MB, solutions = 1)
    106    99      515.9989   510      513.6140      516.0900    13419    0.48%
    120   113      515.6625   559      513.6140      516.0900    15306    0.48%
    136   129      515.2882   508      513.6140      516.0900    18104    0.48%
    160   153      515.0010   469      513.6140      516.0900    19385    0.48%
    215   208      513.6662   125      513.6140      516.0900    21889    0.48%
    249   233      515.7883   570      513.6140      515.9724    24674    0.46%
    260   244      515.3390   557      513.6140      515.9724    26633    0.46%
    287   271      514.8357   417      513.6140      515.9724    29279    0.46%
    341   324      513.8748   266      513.6140      515.9724    32333    0.46%
    410   360      515.4310   521      513.6140      515.9723    34936    0.46%
Elapsed time = 31.12 sec. (17001.00 ticks, tree = 0.78 MB, solutions = 1)
    440   390      514.4153   575      513.6140      515.9723    37789    0.46%
    602   507      515.6600   543      513.6140      515.8959    40221    0.44%
    618   523      515.2204   533      513.6140      515.8959    43148    0.44%
    640   545      514.9132   519      513.6140      515.8959    45498    0.44%
    693   596      513.7059   223      513.6140      515.8959    48358    0.44%
    715   615      515.2863   523      513.6140      515.8907    51149    0.44%
    726   626      515.0943   515      513.6140      515.8907    52571    0.44%
*   760+  352                          514.6063      515.8907             0.25%
    760   354      514.7664   451      514.6063      515.8907    55072    0.25%
*   770+  357                          514.6063      515.8907             0.25%
    850   391      514.6262    76      514.6063      515.8907    56733    0.25%
    964   439      515.1553   580      514.6063      515.8419    58664    0.24%
Elapsed time = 46.78 sec. (27097.54 ticks, tree = 0.96 MB, solutions = 3)

Performing restart 1

Repeating presolve.
Tried aggregator 1 time.
MIP Presolve eliminated 6 rows and 3 columns.
MIP Presolve modified 479 coefficients.
Reduced MIP has 1980 rows, 2382 columns, and 19216 nonzeros.
Reduced MIP has 594 binaries, 588 generals, 0 SOSs, and 0 indicators.
Presolve time = 0.01 sec. (4.00 ticks)
Tried aggregator 1 time.
Reduced MIP has 1980 rows, 2382 columns, and 19216 nonzeros.
Reduced MIP has 594 binaries, 588 generals, 0 SOSs, and 0 indicators.
Presolve time = 0.00 sec. (3.73 ticks)
Represolve time = 0.04 sec. (26.74 ticks)
    990     0      515.5584   298      514.6063     Cuts: 117    65037    0.19%
    990     0      515.5389   284      514.6063   MIRcuts: 30    65136    0.18%
    990     0      515.5255   269      514.6063   MIRcuts: 18    65189    0.18%
    990     0      515.5236   271      514.6063      Cuts: 11    65211    0.18%
    990     0      515.5208   254      514.6063    MIRcuts: 6    65231    0.18%
    990     0      515.5204   236      514.6063    MIRcuts: 5    65248    0.18%
    990     0      515.5190   238      514.6063    MIRcuts: 8    65264    0.18%
    990     0      515.5179   262      514.6063    MIRcuts: 4    65288    0.18%
    990     0      515.5177   238      514.6063    MIRcuts: 7    65298    0.18%
    990     0      515.5140   224      514.6063    MIRcuts: 3    65317    0.18%
    990     0      515.5003   238      514.6063   MIRcuts: 12    65337    0.17%
    990     0      515.4958   238      514.6063       Cuts: 4    65349    0.17%
    990     0      515.4875   252      514.6063    MIRcuts: 3    65355    0.17%
    990     0      515.4730   238      514.6063       Cuts: 5    65372    0.17%
    990     0      515.4705   249      514.6063       Cuts: 7    65400    0.17%
    990     0      515.4705   253      514.6063    MIRcuts: 3    65405    0.17%
    990     2      515.4705   259      514.6063      515.4691    65405    0.17%
    991     3      515.4553   250      514.6063      515.4553    65429    0.16%
   1000    11      515.1722   216      514.6063      515.4553    65635    0.16%
   1036    40      514.6266   122      514.6063      515.4553    66300    0.16%
   1131   103      515.2930   214      514.6063      515.4301    67789    0.16%
   1235   202      514.8406   267      514.6063      515.4293    68771    0.16%
   1330   282      514.7636   100      514.6063      515.4292    69942    0.16%
   1434   354      514.6761   181      514.6063      515.3752    71854    0.15%
   1594   471      514.9492   242      514.6063      515.3741    73831    0.15%
   1757   582      515.1973   113      514.6063      515.3732    75404    0.15%
Elapsed time = 64.78 sec. (41152.76 ticks, tree = 1.36 MB, solutions = 3)
   1950   747      514.7551    70      514.6063      515.3698    77196    0.15%
   2151   900      514.7061    73      514.6063      515.3643    79775    0.15%
   2335  1056      514.9631   144      514.6063      515.3590    81679    0.15%
   2470  1147      514.9616   252      514.6063      515.3528    83698    0.15%
   2630  1271      515.2369   220      514.6063      515.3489    86167    0.14%
   2850  1452      514.8107   152      514.6063      515.3479    88519    0.14%
   3014  1565      514.7787   164      514.6063      515.3470    91220    0.14%
   3260  1747      514.6297   226      514.6063      515.3427    94107    0.14%
   3437  1864      514.6448   194      514.6063      515.3408    96289    0.14%
   3622  1962      515.1981   266      514.6063      515.3390    99162    0.14%
Elapsed time = 82.78 sec. (50749.83 ticks, tree = 3.99 MB, solutions = 3)
   3886  2168      514.9363   289      514.6063      515.3327   101814    0.14%
   4075  2280      515.1113   198      514.6063      515.3259   104792    0.14%
   4208  2370      515.0978   275      514.6063      515.3239   107399    0.14%
   4428  2538      514.9944   200      514.6063      515.3223   110248    0.14%
   4633  2668      515.0851   250      514.6063      515.3173   113621    0.14%
   4853  2813      515.0008   234      514.6063      515.3096   117378    0.14%
   5064  2977      515.2515   269      514.6063      515.3084   120560    0.14%
   5271  3117      514.6496   117      514.6063      515.3041   123875    0.14%
   5450  3233      514.8418   188      514.6063      515.3004   127705    0.13%
   5675  3388      514.6402   128      514.6063      515.2952   130919    0.13%
Elapsed time = 101.73 sec. (60347.82 ticks, tree = 6.77 MB, solutions = 3)
   5871  3539      514.6617   140      514.6063      515.2945   133734    0.13%
   6073  3698      515.2445   171      514.6063      515.2921   136261    0.13%
   6224  3816      514.7997   177      514.6063      515.2914   139112    0.13%
   6368  3903      514.6712   249      514.6063      515.2894   141753    0.13%
   6452  3958      514.7841   209      514.6063      515.2886   143410    0.13%
   6586  4056      514.6383   150      514.6063      515.2886   145760    0.13%
   6796  4208      514.6221   131      514.6063      515.2857   149298    0.13%
   6990  4314      515.0594   262      514.6063      515.2836   151764    0.13%
   7204  4472      514.8329   298      514.6063      515.2810   155164    0.13%
   7312  4552      514.7262    92      514.6063      515.2806   156752    0.13%
Elapsed time = 118.52 sec. (69948.68 ticks, tree = 9.11 MB, solutions = 3)
   7518  4704      514.6309    88      514.6063      515.2784   159977    0.13%
   7697  4818      514.9078   102      514.6063      515.2755   162962    0.13%
   7897  4939      514.6651   174      514.6063      515.2740   165726    0.13%
   8082  5037      514.7105   269      514.6063      515.2732   168774    0.13%
   8225  5118      514.6443   199      514.6063      515.2726   171189    0.13%
   8459  5260      515.1291   309      514.6063      515.2684   174207    0.13%
   8573  5335      514.6196   186      514.6063      515.2684   176913    0.13%
   8748  5451      514.6680   263      514.6063      515.2673   179829    0.13%
   8884  5518      514.6313   178      514.6063      515.2653   182021    0.13%
   8971  5573      514.8319   188      514.6063      515.2640   184703    0.13%
Elapsed time = 135.46 sec. (79568.79 ticks, tree = 11.12 MB, solutions = 3)
   9152  5713      514.9120   144      514.6063      515.2634   187223    0.13%
   9390  5862      514.8144    71      514.6063      515.2611   189938    0.13%
   9613  5999      515.1961   308      514.6063      515.2590   192685    0.13%
   9779  6114      514.7138    64      514.6063      515.2590   195678    0.13%
   9894  6190      514.7238   138      514.6063      515.2590   197968    0.13%
  10071  6316      514.9079   221      514.6063      515.2573   200764    0.13%
  10190  6388      515.0558   139      514.6063      515.2568   202913    0.13%
  10338  6495      514.6671   180      514.6063      515.2540   205647    0.13%
  10541  6645      514.7588   106      514.6063      515.2515   208532    0.13%
  10707  6743        cutoff            514.6063      515.2508   211031    0.13%
Elapsed time = 152.66 sec. (89312.50 ticks, tree = 13.44 MB, solutions = 3)
  10864  6857      514.8475   194      514.6063      515.2503   213411    0.13%
  10890  6880      514.7525   119      514.6063      515.2503   213695    0.13%
  10892  6881      514.9749   356      514.6063      515.2499   214173    0.13%
  11044  6964      514.7516   223      514.6063      515.2471   216928    0.12%
  11197  7073      514.7081   205      514.6063      515.2466   219801    0.12%
  11340  7172      514.7781   203      514.6063      515.2450   222827    0.12%
  11515  7298      515.0112   279      514.6063      515.2437   225744    0.12%
  11656  7395      514.6960   191      514.6063      515.2430   228677    0.12%
  11863  7538      514.6222    81      514.6063      515.2427   231299    0.12%
  12594  8055      514.6274   252      514.6063      515.2388   243093    0.12%
Elapsed time = 177.66 sec. (106024.00 ticks, tree = 16.00 MB, solutions = 3)
  13235  8472      514.8587   140      514.6063      515.2332   253224    0.12%
  13924  8932      514.7160   118      514.6063      515.2277   263498    0.12%
  14583  9325      514.8603   139      514.6063      515.2238   273846    0.12%
  15225  9744      514.8787   121      514.6063      515.2203   283228    0.12%
  15894 10148      514.9864   305      514.6063      515.2178   293106    0.12%
  16573 10556      515.1853   287      514.6063      515.2144   303690    0.12%
  17338 11068      514.7041    95      514.6063      515.2119   315079    0.12%
  18008 11476      514.8700   209      514.6063      515.2101   326196    0.12%
  18740 11904      514.9457   186      514.6063      515.2065   337926    0.12%
  19337 12274      514.6936   170      514.6063      515.2049   348991    0.12%
Elapsed time = 246.29 sec. (144540.06 ticks, tree = 25.16 MB, solutions = 3)
  19964 12659      514.8262   206      514.6063      515.2021   359200    0.12%
  20679 13112      514.7758   195      514.6063      515.1993   369599    0.12%

Performing restart 2

Repeating presolve.
Tried aggregator 1 time.
MIP Presolve eliminated 106 rows and 53 columns.
MIP Presolve modified 210 coefficients.
Reduced MIP has 1874 rows, 2329 columns, and 19004 nonzeros.
Reduced MIP has 592 binaries, 537 generals, 0 SOSs, and 0 indicators.
Presolve time = 0.01 sec. (4.90 ticks)
Tried aggregator 1 time.
Reduced MIP has 1874 rows, 2329 columns, and 19004 nonzeros.
Reduced MIP has 592 binaries, 537 generals, 0 SOSs, and 0 indicators.
Presolve time = 0.01 sec. (4.18 ticks)
Represolve time = 0.07 sec. (34.04 ticks)
  20794     0      515.4265   281      514.6063      Cuts: 29   374534    0.12%
  20794     0      515.4152   243      514.6063   MIRcuts: 18   374592    0.12%
  20794     0      515.4142   255      514.6063    MIRcuts: 8   374610    0.12%
  20794     0      515.4138   241      514.6063    MIRcuts: 7   374619    0.12%
  20794     0      515.4134   249      514.6063    MIRcuts: 4   374631    0.12%
  20794     0      515.4130   263      514.6063       Cuts: 4   374644    0.12%
  20794     0      515.4129   255      514.6063    MIRcuts: 2   374650    0.12%
  20794     0      515.4129   261      514.6063    MIRcuts: 1   374653    0.12%
  20795     3      515.3993   274      514.6063      515.1990   374690    0.12%
  20850    38      515.3320   149      514.6063      515.1990   375814    0.12%
  20974   143      514.9675   132      514.6063      515.1990   377389    0.12%
  21097   220      515.2244   232      514.6063      515.1990   379602    0.12%
  21288   362      515.0340   185      514.6063      515.1990   382365    0.12%
  21546   546      514.6832   154      514.6063      515.1990   386564    0.12%
  21827   755      514.9603   227      514.6063      515.1990   391050    0.12%
  22233  1046      514.6748   173      514.6063      515.1990   398066    0.12%
Elapsed time = 295.36 sec. (183601.08 ticks, tree = 1.86 MB, solutions = 3)
  22591  1281      514.7047   119      514.6063      515.1990   404776    0.12%
  23013  1539      514.6108   117      514.6063      515.1990   412526    0.12%
  23549  1905      515.0909   208      514.6063      515.1990   420973    0.12%
  24116  2320      514.9864   107      514.6063      515.1990   430054    0.12%
  24634  2692      514.8394    46      514.6063      515.1990   438289    0.12%
  25120  3016      514.8143   160      514.6063      515.1990   445543    0.12%
  25658  3387      514.9509   142      514.6063      515.1990   453988    0.12%
  26136  3721      514.6583    47      514.6063      515.1990   461635    0.12%
  26541  3925      514.7136   136      514.6063      515.1990   468270    0.12%
  27021  4268      514.7541    44      514.6063      515.1990   475388    0.12%
Elapsed time = 354.00 sec. (221790.90 ticks, tree = 8.07 MB, solutions = 3)
  27475  4531      514.6330   115      514.6063      515.1990   482428    0.12%
  27881  4795      514.9374   142      514.6063      515.1990   489412    0.12%
  28288  5054      514.8028   126      514.6063      515.1970   495754    0.11%
  28770  5354      514.8993   264      514.6063      515.1938   504165    0.11%
  29312  5702      514.6201    15      514.6063      515.1900   511716    0.11%
  29687  5937      514.7504    76      514.6063      515.1887   519364    0.11%
  30136  6229        cutoff            514.6063      515.1875   527594    0.11%
  30628  6575      514.7245    98      514.6063      515.1857   535650    0.11%
  31157  6945      514.9142   150      514.6063      515.1831   544307    0.11%
  31756  7359      515.0505   183      514.6063      515.1812   553533    0.11%
Elapsed time = 412.51 sec. (260072.63 ticks, tree = 14.03 MB, solutions = 3)
  32207  7623      514.7382   192      514.6063      515.1782   562523    0.11%
  32642  7928        cutoff            514.6063      515.1766   570511    0.11%
* 33008  8079      integral     0      514.6109      515.1753   577050    0.11%
  33184  8216      514.6140    40      514.6109      515.1749   579487    0.11%
  33628  8518      514.7488    69      514.6109      515.1737   588773    0.11%
  34192  8925      514.8703    62      514.6109      515.1725   597530    0.11%
  34751  9276      514.7277   113      514.6109      515.1705   606796    0.11%
  35252  9611      515.0469   207      514.6109      515.1683   615076    0.11%
* 35640  9391      integral     0      514.6281      515.1658   620928    0.10%
  35817  9503      515.1526   186      514.6281      515.1650   624638    0.10%
  36359  9850      515.1128   183      514.6281      515.1633   632924    0.10%
  36947 10236      514.7363   128      514.6281      515.1586   641295    0.10%
Elapsed time = 473.05 sec. (298284.29 ticks, tree = 19.92 MB, solutions = 5)
  37513 10634      514.9696   138      514.6281      515.1568   650690    0.10%
  38045 10973      514.6738   146      514.6281      515.1557   659296    0.10%
  38505 11268      515.1548   266      514.6281      515.1549   669708    0.10%
  38973 11601      514.9045   113      514.6281      515.1539   677544    0.10%
  39293 11802      515.1275   245      514.6281      515.1523   684398    0.10%
  39750 12068      515.1147   168      514.6281      515.1514   692065    0.10%
  40267 12391      515.0135    58      514.6281      515.1491   699505    0.10%
  40791 12721        cutoff            514.6281      515.1475   708193    0.10%
  41298 13050      515.0584   189      514.6281      515.1472   716201    0.10%
  41795 13393      514.7158   122      514.6281      515.1462   726514    0.10%
Elapsed time = 532.72 sec. (336478.59 ticks, tree = 26.16 MB, solutions = 5)
  42175 13644      514.9167   166      514.6281      515.1446   733670    0.10%
* 42400 13361      integral     0      514.6388      515.1446   736911    0.10%
  42586 13474      514.7949   161      514.6388      515.1445   741029    0.10%
  43016 13733      515.0407   199      514.6388      515.1435   747019    0.10%
  43435 14009      514.9431   281      514.6388      515.1427   754855    0.10%
  43852 14279      514.6425   158      514.6388      515.1417   762842    0.10%
  44322 14582      514.8374    81      514.6388      515.1399   769828    0.10%
  44775 14853      514.9856   195      514.6388      515.1392   777994    0.10%
  45242 15149      515.0145   153      514.6388      515.1382   786597    0.10%
  45656 15428      514.7734    98      514.6388      515.1378   796397    0.10%
  46094 15706      515.0698   196      514.6388      515.1371   804437    0.10%
Elapsed time = 588.35 sec. (374678.93 ticks, tree = 30.73 MB, solutions = 6)
  46515 16010      514.9789   153      514.6388      515.1367   812141    0.10%
  46911 16267      514.7685   152      514.6388      515.1358   819447    0.10%
* 47168 16142      integral     0      514.6447      515.1353   822775    0.10%
  47347 16255      514.7126    57      514.6447      515.1351   826143    0.10%
* 47753 16355      integral     0      514.6486      515.1344   832602    0.09%
  47854 16429      514.7584   101      514.6486      515.1341   834202    0.09%
  48344 16771      514.7340    53      514.6486      515.1338   842911    0.09%
  48772 17029      514.6920    78      514.6486      515.1324   850242    0.09%
  49204 17285      514.8084   202      514.6486      515.1315   857966    0.09%
  49612 17505      514.7275   105      514.6486      515.1308   865703    0.09%
  50026 17750      514.7280   101      514.6486      515.1302   874469    0.09%
  50480 18051      515.0702   170      514.6486      515.1292   882331    0.09%
Elapsed time = 644.86 sec. (412899.19 ticks, tree = 36.05 MB, solutions = 8)
  50891 18329      514.7013   101      514.6486      515.1289   891060    0.09%
  51257 18524      514.6961   119      514.6486      515.1281   897814    0.09%
  51644 18743      515.0859    82      514.6486      515.1274   904632    0.09%
  52162 19100      514.8188   151      514.6486      515.1267   912627    0.09%
* 52334 17450      integral     0      514.6774      515.1265   915281    0.09%
  52615 17609      514.7655   197      514.6774      515.1249   921559    0.09%
  53107 17915      514.6846   160      514.6774      515.1241   930226    0.09%
  53549 18185      514.9234    84      514.6774      515.1228   938693    0.09%
  54030 18495      514.8029    80      514.6774      515.1221   946681    0.09%
  54449 18710        cutoff            514.6774      515.1215   954577    0.09%
  54832 18925      515.0405   143      514.6774      515.1210   962322    0.09%
Elapsed time = 701.25 sec. (451101.86 ticks, tree = 37.73 MB, solutions = 9)
  55207 19155      514.7650   220      514.6774      515.1200   969765    0.09%
  55573 19365      515.0267    70      514.6774      515.1194   976595    0.09%
  56066 19669      514.8094    91      514.6774      515.1190   983242    0.09%
  56538 19945      514.8812   139      514.6774      515.1177   991196    0.09%
  57018 20240      514.7817   129      514.6774      515.1170   999054    0.09%
  57508 20555      514.7332   109      514.6774      515.1163  1007481    0.09%
  57914 20790      514.8814   118      514.6774      515.1154  1014673    0.09%
  58392 21073      514.6955   128      514.6774      515.1145  1022755    0.08%
  58854 21362      515.0907   121      514.6774      515.1138  1030597    0.08%
  59297 21665      514.7364    89      514.6774      515.1132  1038240    0.08%
Elapsed time = 758.38 sec. (489319.57 ticks, tree = 43.29 MB, solutions = 9)
  59617 21840      514.7249   199      514.6774      515.1127  1045755    0.08%
  60057 22122      514.8594   192      514.6774      515.1120  1053416    0.08%
  60416 22352      514.6808   117      514.6774      515.1113  1060815    0.08%
  60856 22603      514.7411    45      514.6774      515.1107  1068176    0.08%
  61199 22708      514.8814   163      514.6774      515.1105  1075340    0.08%
  61686 23010      514.7153    62      514.6774      515.1093  1083309    0.08%
  62131 23279      514.6950    47      514.6774      515.1086  1090476    0.08%
  62564 23518      514.8959    77      514.6774      515.1080  1097564    0.08%
  63002 23761      515.0043   131      514.6774      515.1074  1104609    0.08%
* 63379 19168      integral     0      514.7366      515.1070  1110593    0.07%
  63498 19252      514.9315   107      514.7366      515.1066  1112409    0.07%
Elapsed time = 813.75 sec. (527539.17 ticks, tree = 38.28 MB, solutions = 10)
  63993 19537      514.8754    99      514.7366      515.1057  1120185    0.07%
  64411 19801      515.0341   152      514.7366      515.1049  1127326    0.07%
  64812 20027      514.9390   105      514.7366      515.1036  1134306    0.07%
  65226 20259      514.8532   189      514.7366      515.1027  1141610    0.07%
  65632 20483      515.0205    90      514.7366      515.1022  1147945    0.07%
  66072 20755      514.7614    26      514.7366      515.1008  1155920    0.07%
* 66195 18933      integral     0      514.7584      515.1008  1157287    0.07%
  66549 19135      514.7588    34      514.7584      515.0999  1164222    0.07%
  66969 19367      514.8443    63      514.7584      515.0986  1172605    0.07%
  67374 19588      514.9504    92      514.7584      515.0979  1180643    0.07%
  67817 19838      514.9767   244      514.7584      515.0972  1188320    0.07%
Elapsed time = 869.85 sec. (565757.03 ticks, tree = 39.54 MB, solutions = 11)
  68292 20099      514.8380    91      514.7584      515.0965  1196770    0.07%
  68760 20365      514.7831    64      514.7584      515.0955  1205235    0.07%
  69214 20634      514.9368   136      514.7584      515.0943  1213619    0.07%
  69594 20804      514.8745    68      514.7584      515.0935  1220938    0.07%
  70002 21021      515.0553    87      514.7584      515.0926  1228167    0.06%
  70374 21223      514.7963   145      514.7584      515.0917  1235289    0.06%
  70754 21436        cutoff            514.7584      515.0908  1242437    0.06%
  71108 21599      514.8093    85      514.7584      515.0901  1250341    0.06%
  71533 21847      514.8114    93      514.7584      515.0897  1257681    0.06%
  71933 22058      514.7619    88      514.7584      515.0888  1265735    0.06%
Elapsed time = 924.59 sec. (603994.57 ticks, tree = 44.07 MB, solutions = 11)
  72368 22308      514.9080   146      514.7584      515.0879  1273500    0.06%
  72797 22522      514.8754   203      514.7584      515.0869  1281311    0.06%
  73232 22763      515.0120    95      514.7584      515.0860  1288916    0.06%
  73637 22969      514.7791    69      514.7584      515.0855  1295279    0.06%
  74001 23147      514.8781    81      514.7584      515.0846  1302433    0.06%
  74400 23368      515.0605   193      514.7584      515.0839  1309368    0.06%
  74818 23604      514.8585   214      514.7584      515.0828  1317142    0.06%
  75194 23805      514.9453   141      514.7584      515.0820  1323759    0.06%
  75580 24003      515.0572   231      514.7584      515.0815  1330742    0.06%
  76027 24243      514.7982    49      514.7584      515.0803  1337807    0.06%
Elapsed time = 980.21 sec. (642234.79 ticks, tree = 48.83 MB, solutions = 11)
  76409 24433      514.9801   126      514.7584      515.0795  1344923    0.06%
  76804 24656      514.9616   115      514.7584      515.0788  1352175    0.06%
  77183 24872      514.8355    76      514.7584      515.0786  1358945    0.06%
  77583 25105      514.8519    92      514.7584      515.0779  1366119    0.06%
  78032 25346        cutoff            514.7584      515.0771  1373880    0.06%
  78478 25564      515.0432   208      514.7584      515.0767  1381709    0.06%
  78958 25831      514.7847    55      514.7584      515.0757  1390420    0.06%
  79360 26037      515.0467   123      514.7584      515.0747  1398915    0.06%
  79744 26225      515.0677   122      514.7584      515.0740  1407289    0.06%
  80215 26470      514.7979    59      514.7584      515.0733  1414546    0.06%
Elapsed time = 1037.23 sec. (680438.90 ticks, tree = 53.45 MB, solutions = 11)
  80663 26717      514.8320    69      514.7584      515.0731  1422922    0.06%
  81046 26936      514.7875   190      514.7584      515.0724  1430204    0.06%
  81519 27182      514.7633    60      514.7584      515.0714  1438215    0.06%
  81884 27371      514.9774   150      514.7584      515.0710  1445390    0.06%
  82320 27623      514.8815    89      514.7584      515.0702  1453326    0.06%
  82698 27826      514.8410   103      514.7584      515.0698  1460861    0.06%
  83155 28067      514.7774    16      514.7584      515.0691  1468741    0.06%
  83642 28326      515.0036   156      514.7584      515.0678  1476479    0.06%
  84061 28532        cutoff            514.7584      515.0672  1484025    0.06%
  84448 28736      514.7888    89      514.7584      515.0669  1492191    0.06%
Elapsed time = 1094.00 sec. (718614.74 ticks, tree = 58.11 MB, solutions = 11)
  84847 28945      514.7859   156      514.7584      515.0663  1500637    0.06%
  85234 29116        cutoff            514.7584      515.0655  1508110    0.06%
  85713 29397        cutoff            514.7584      515.0649  1515878    0.06%
  86139 29598      515.0149   137      514.7584      515.0642  1523022    0.06%
  86580 29843      514.8070   159      514.7584      515.0635  1530202    0.06%
  86965 30043      514.7783   111      514.7584      515.0628  1537838    0.06%
  87316 30204      514.9876    76      514.7584      515.0621  1545323    0.06%
  87750 30436      514.8224   107      514.7584      515.0613  1552269    0.06%
  88158 30670      514.8407   134      514.7584      515.0608  1559760    0.06%
  88520 30836      514.7980    66      514.7584      515.0604  1566015    0.06%
Elapsed time = 1149.63 sec. (756797.71 ticks, tree = 62.42 MB, solutions = 11)
  88938 31045      515.0410    90      514.7584      515.0598  1573553    0.06%
  89424 31340      514.8797    87      514.7584      515.0592  1581069    0.06%
  89885 31590      514.8557   240      514.7584      515.0582  1589387    0.06%
  90231 31756      514.8139   126      514.7584      515.0575  1598275    0.06%
  90640 31965      514.7688   113      514.7584      515.0569  1606782    0.06%
  91072 32186      514.9862   193      514.7584      515.0558  1615512    0.06%
  91498 32408      514.8766    47      514.7584      515.0555  1623978    0.06%
* 91528 31442      integral     0      514.7652      515.0555  1624350    0.06%
  91962 31668      514.9083   104      514.7652      515.0549  1631405    0.06%
  92372 31852        cutoff            514.7652      515.0541  1639118    0.06%
  92760 32021      514.7793    90      514.7652      515.0536  1646236    0.06%
Elapsed time = 1206.16 sec. (794998.80 ticks, tree = 64.90 MB, solutions = 12)
  93169 32215      515.0038   120      514.7652      515.0530  1653944    0.06%
  93616 32437      514.9271    76      514.7652      515.0525  1662426    0.06%
  94029 32634      514.7903    82      514.7652      515.0519  1670570    0.06%
  94425 32807        cutoff            514.7652      515.0515  1678968    0.06%
  94842 33000      514.8102   115      514.7652      515.0511  1686802    0.06%
  95232 33155      514.7863    85      514.7652      515.0505  1694542    0.06%
  95689 33389      514.9190   176      514.7652      515.0500  1702844    0.06%
  96125 33600      514.9487   124      514.7652      515.0496  1710437    0.06%
  96531 33787      514.7972   149      514.7652      515.0489  1718447    0.06%
  96999 34025      514.9334    99      514.7652      515.0484  1727068    0.06%
Elapsed time = 1262.40 sec. (833200.48 ticks, tree = 70.44 MB, solutions = 12)
  97451 34241      514.9449   174      514.7652      515.0476  1736424    0.05%
  97928 34480      514.8872   216      514.7652      515.0468  1745672    0.05%
  98367 34681      514.8677    65      514.7652      515.0462  1754157    0.05%
  98803 34885      514.9687    75      514.7652      515.0457  1762378    0.05%
  99226 35096      514.7752    90      514.7652      515.0453  1769832    0.05%
  99721 35310      514.7708    27      514.7652      515.0445  1779271    0.05%
 100147 35523      514.9290   155      514.7652      515.0440  1787218    0.05%
 100619 35780      514.8019    77      514.7652      515.0435  1795503    0.05%
 101027 35979      514.8240   103      514.7652      515.0431  1803115    0.05%
 101486 36204      514.8727    63      514.7652      515.0427  1811870    0.05%
Elapsed time = 1319.61 sec. (871384.81 ticks, tree = 75.01 MB, solutions = 12)
 101965 36423      514.8305    43      514.7652      515.0423  1819416    0.05%
 102404 36623      514.7876   252      514.7652      515.0419  1827895    0.05%
 102858 36858      514.9875   124      514.7652      515.0415  1836019    0.05%
 103401 37156      515.0087   136      514.7652      515.0410  1845265    0.05%
 103889 37407      514.9849   123      514.7652      515.0406  1853276    0.05%
 104294 37609      514.9023   124      514.7652      515.0401  1861777    0.05%
 104789 37869      514.9777    89      514.7652      515.0396  1870066    0.05%
 105242 38098      514.9553    88      514.7652      515.0391  1878951    0.05%
 105706 38319      514.9213    46      514.7652      515.0387  1887587    0.05%
 106185 38561      514.8244   138      514.7652      515.0380  1895931    0.05%
Elapsed time = 1378.65 sec. (909630.31 ticks, tree = 79.94 MB, solutions = 12)
 106587 38746      514.9701    90      514.7652      515.0379  1903677    0.05%
 107033 38989      514.8653    59      514.7652      515.0374  1911294    0.05%
 107460 39179      515.0345   266      514.7652      515.0370  1918869    0.05%
 107916 39406      514.7687    48      514.7652      515.0365  1926452    0.05%
 108365 39609      514.8929   200      514.7652      515.0359  1934872    0.05%
 108798 39769      514.7963   138      514.7652      515.0355  1942405    0.05%
 109231 39973      514.8686   157      514.7652      515.0352  1950703    0.05%
 109681 40173      514.7978   153      514.7652      515.0347  1958483    0.05%
 110156 40454      514.8506   110      514.7652      515.0344  1967312    0.05%
 110625 40681      514.9231   166      514.7652      515.0338  1976516    0.05%
Elapsed time = 1435.01 sec. (947841.66 ticks, tree = 84.34 MB, solutions = 12)
 111059 40897      514.8940   100      514.7652      515.0332  1985662    0.05%
 111534 41129      514.9954    80      514.7652      515.0329  1994580    0.05%
 111990 41342      514.8061    92      514.7652      515.0323  2002513    0.05%
 112461 41588      514.7756   107      514.7652      515.0319  2010698    0.05%
 112903 41769      514.8529    36      514.7652      515.0315  2019081    0.05%
 113312 41982      514.8941   105      514.7652      515.0312  2027422    0.05%
 113744 42214      514.7866   102      514.7652      515.0308  2036237    0.05%
 114173 42421      514.8203    52      514.7652      515.0305  2044133    0.05%
 114642 42658      514.7882    95      514.7652      515.0303  2052631    0.05%
 115131 42888      514.9050   142      514.7652      515.0298  2060423    0.05%
Elapsed time = 1492.06 sec. (986041.60 ticks, tree = 88.92 MB, solutions = 12)
 115590 43138      514.7738    74      514.7652      515.0293  2068838    0.05%
 116051 43365      514.7924    91      514.7652      515.0288  2077708    0.05%
 116548 43619      514.7993   114      514.7652      515.0283  2087013    0.05%
 116998 43825      514.7696    83      514.7652      515.0279  2095000    0.05%
 117435 44036      514.8964   141      514.7652      515.0276  2102374    0.05%
 117867 44221      514.8259   113      514.7652      515.0272  2110326    0.05%
 118381 44465      514.8640    57      514.7652      515.0267  2118895    0.05%
 118899 44691      515.0093    86      514.7652      515.0261  2127635    0.05%
 119318 44868      514.7704   269      514.7652      515.0257  2135525    0.05%
 119769 45094      514.8267   104      514.7652      515.0251  2143300    0.05%
Elapsed time = 1549.95 sec. (1024229.65 ticks, tree = 93.55 MB, solutions = 12)
 120243 45216      514.7704   187      514.7652      515.0246  2152158    0.05%
 120656 45386      514.7822    96      514.7652      515.0241  2160183    0.05%
 121090 45561      514.8655    89      514.7652      515.0237  2169047    0.05%
 121577 45802      515.0170   140      514.7652      515.0233  2177603    0.05%
 121994 46023      514.8312    46      514.7652      515.0231  2184818    0.05%
 122449 46221      514.9005   226      514.7652      515.0227  2193478    0.05%
 122884 46406      514.8550   139      514.7652      515.0224  2202317    0.05%
 123378 46635      514.9149   103      514.7652      515.0220  2210261    0.05%
 123813 46828      514.8489   112      514.7652      515.0217  2218678    0.05%
 124297 47066      514.8350    78      514.7652      515.0213  2227487    0.05%
Elapsed time = 1606.39 sec. (1062471.19 ticks, tree = 97.69 MB, solutions = 12)
 124719 47232      514.9740   117      514.7652      515.0208  2236221    0.05%
 125192 47454      514.8876   115      514.7652      515.0205  2244369    0.05%
 125672 47683      514.7901   205      514.7652      515.0200  2253847    0.05%
 126143 47888      514.9017   114      514.7652      515.0197  2262680    0.05%
 126619 48112      514.8055    91      514.7652      515.0191  2271382    0.05%
 127114 48321      514.7989   135      514.7652      515.0186  2280160    0.05%
 127576 48544      514.8609   161      514.7652      515.0180  2288375    0.05%
 128016 48725      514.9100    85      514.7652      515.0176  2296880    0.05%
 128410 48911      514.9129   156      514.7652      515.0173  2303645    0.05%
 128867 49141        cutoff            514.7652      515.0170  2311477    0.05%
Elapsed time = 1662.97 sec. (1100678.65 ticks, tree = 102.02 MB, solutions = 12)
 129358 49356      514.8497    73      514.7652      515.0165  2320124    0.05%
 129862 49555      514.9153   149      514.7652      515.0160  2328510    0.05%
 130313 49730      514.9617    88      514.7652      515.0155  2335837    0.05%
 130795 49922      514.9578   243      514.7652      515.0153  2344865    0.05%
 131287 50152      514.9120   212      514.7652      515.0150  2352664    0.05%
 131742 50378      514.9898   213      514.7652      515.0146  2361487    0.05%
 132237 50614      514.9388   102      514.7652      515.0143  2369936    0.05%
 132760 50858      514.7721   146      514.7652      515.0140  2378673    0.05%
 133238 51074        cutoff            514.7652      515.0136  2386595    0.05%
 133734 51314      514.8041   175      514.7652      515.0133  2394932    0.05%
Elapsed time = 1721.84 sec. (1138945.72 ticks, tree = 106.54 MB, solutions = 12)
 134242 51525      514.7688    93      514.7652      515.0129  2403585    0.05%
 134784 51781      514.9819    80      514.7652      515.0125  2412807    0.05%
 135245 51988      514.9207   153      514.7652      515.0121  2420838    0.05%
 135716 52191      514.8322   157      514.7652      515.0118  2429337    0.05%
 136157 52405        cutoff            514.7652      515.0116  2437498    0.05%
 136560 52573      514.7695    86      514.7652      515.0114  2444658    0.05%
 137019 52773      514.9148   107      514.7652      515.0110  2453207    0.05%
 137492 52978      514.8505   169      514.7652      515.0106  2460827    0.05%
 137935 53194      514.9047   103      514.7652      515.0102  2469026    0.05%
 138394 53384      514.9136   107      514.7652      515.0099  2476118    0.05%
Elapsed time = 1781.02 sec. (1177225.98 ticks, tree = 110.91 MB, solutions = 12)
 138848 53572      514.7814    90      514.7652      515.0094  2483985    0.05%
 139330 53797      514.8319   141      514.7652      515.0090  2492769    0.05%
 139813 54011      514.8374   154      514.7652      515.0088  2501249    0.05%
 140333 54261      514.9036    77      514.7652      515.0083  2510131    0.05%
*140649 50305      integral     0      514.7789      515.0081  2515389    0.04%
 140784 50341      514.8555   189      514.7789      515.0080  2517973    0.04%
 141258 50531      514.9672    72      514.7789      515.0076  2526392    0.04%
 141762 50729      514.8472   112      514.7789      515.0071  2535099    0.04%
*142119 46848      integral     0      514.7911      515.0070  2540699    0.04%
 142286 46897        cutoff            514.7911      515.0068  2543742    0.04%
 142738 47073      515.0049   147      514.7911      515.0064  2552156    0.04%
 143188 47259      514.9614   169      514.7911      515.0060  2560536    0.04%
Elapsed time = 1842.71 sec. (1215429.91 ticks, tree = 98.37 MB, solutions = 14)
 143665 47423      514.9120   175      514.7911      515.0056  2568868    0.04%
 144094 47606      514.8538   210      514.7911      515.0054  2576465    0.04%
 144533 47784      514.8653   138      514.7911      515.0050  2584113    0.04%
 144996 47947      514.7962    42      514.7911      515.0046  2592607    0.04%
 145460 48126      514.8628    89      514.7911      515.0044  2600935    0.04%
 145886 48259        cutoff            514.7911      515.0040  2609377    0.04%
 146350 48439      514.9176    71      514.7911      515.0036  2618316    0.04%
 146797 48612      514.8253    71      514.7911      515.0033  2625587    0.04%
 147215 48768      514.8171    51      514.7911      515.0031  2632803    0.04%
 147666 48940      514.8129    72      514.7911      515.0026  2640266    0.04%
Elapsed time = 1898.93 sec. (1253682.18 ticks, tree = 101.91 MB, solutions = 14)
 148122 49094      514.9531    82      514.7911      515.0022  2649492    0.04%
 148621 49312      514.8360   123      514.7911      515.0019  2658139    0.04%
 149076 49457      514.8176    96      514.7911      515.0015  2666392    0.04%
 149579 49681      514.8935   147      514.7911      515.0012  2675150    0.04%
 150078 49874      514.8787    53      514.7911      515.0009  2683735    0.04%
 150563 50067      514.8954    94      514.7911      515.0006  2692355    0.04%
 151025 50227      514.9040   105      514.7911      515.0003  2700213    0.04%
 151519 50447      514.8622   201      514.7911      515.0000  2709236    0.04%
 151971 50622      514.9330   128      514.7911      514.9997  2716752    0.04%
 152449 50742      514.9485    94      514.7911      514.9993  2725268    0.04%
Elapsed time = 1956.85 sec. (1291892.58 ticks, tree = 105.72 MB, solutions = 14)
 152908 50918      514.8273    43      514.7911      514.9990  2733433    0.04%
 153396 51101      514.7995   140      514.7911      514.9986  2742645    0.04%
 153827 51266      514.8102   135      514.7911      514.9982  2751119    0.04%
 154303 51423      514.7920   134      514.7911      514.9978  2759036    0.04%
 154745 51492      514.8142    69      514.7911      514.9975  2766888    0.04%
 155155 51649      514.8477    60      514.7911      514.9973  2774152    0.04%
 155573 51813      514.7995   108      514.7911      514.9970  2782199    0.04%
 156004 51977      514.9441    89      514.7911      514.9967  2790438    0.04%
 156477 52153      514.8935   157      514.7911      514.9963  2798506    0.04%
 156941 52303      514.9450   140      514.7911      514.9958  2806983    0.04%
Elapsed time = 2013.15 sec. (1330095.39 ticks, tree = 109.12 MB, solutions = 14)
 157401 52488      514.8880    54      514.7911      514.9956  2814028    0.04%
 157875 52644      514.8444   108      514.7911      514.9953  2821719    0.04%
 158340 52814      514.9272    86      514.7911      514.9950  2829677    0.04%
 158779 52981      514.8713    80      514.7911      514.9948  2838473    0.04%
 159217 53165      514.8088    83      514.7911      514.9945  2846250    0.04%
 159676 53315      514.8854   123      514.7911      514.9942  2854730    0.04%
 160117 53501      514.9591    61      514.7911      514.9939  2862630    0.04%
 160643 53690        cutoff            514.7911      514.9935  2871734    0.04%
 161090 53859      514.8015   137      514.7911      514.9932  2880682    0.04%
 161488 53986        cutoff            514.7911      514.9928  2888786    0.04%
Elapsed time = 2069.99 sec. (1368299.45 ticks, tree = 112.66 MB, solutions = 14)
 161931 54150      514.8953    80      514.7911      514.9926  2896809    0.04%
 162385 54319      514.8596   146      514.7911      514.9923  2904973    0.04%
 162853 54515      514.8897    90      514.7911      514.9921  2912948    0.04%
 163346 54713      514.8208   120      514.7911      514.9918  2921692    0.04%
 163773 54837      514.8384   121      514.7911      514.9915  2930028    0.04%
 164225 54958      514.9409    97      514.7911      514.9911  2938260    0.04%
 164677 55135      514.8402    74      514.7911      514.9909  2946871    0.04%
 165146 55289      514.8613   241      514.7911      514.9906  2955631    0.04%
 165609 55466      514.8622    75      514.7911      514.9904  2963250    0.04%
 166070 55627      514.8000    80      514.7911      514.9901  2972024    0.04%
Elapsed time = 2126.75 sec. (1406532.38 ticks, tree = 116.11 MB, solutions = 14)
 166503 55781      514.8789   115      514.7911      514.9899  2980999    0.04%
 166958 55937      514.8834   130      514.7911      514.9896  2989626    0.04%
 167404 56099      514.9528   133      514.7911      514.9893  2997527    0.04%
 167842 56252      514.9231   130      514.7911      514.9891  3005197    0.04%
 168309 56406      514.8864   192      514.7911      514.9887  3014048    0.04%
 168731 56546      514.9526   122      514.7911      514.9885  3021680    0.04%
 169194 56715      514.8800    90      514.7911      514.9883  3030355    0.04%
 169649 56888      514.9660    99      514.7911      514.9880  3039395    0.04%
 170119 57058      514.9564    91      514.7911      514.9876  3049020    0.04%
 170532 57207      514.8554   112      514.7911      514.9873  3056153    0.04%
Elapsed time = 2183.39 sec. (1444752.85 ticks, tree = 119.43 MB, solutions = 14)
 171003 57396      514.8523   152      514.7911      514.9870  3064499    0.04%
 171432 57575      514.8864    98      514.7911      514.9867  3072395    0.04%
 171850 57712      514.8536    75      514.7911      514.9864  3080998    0.04%
*172178 48388      integral     0      514.8134      514.9863  3086064    0.03%
 172332 48442      514.9216   156      514.8134      514.9862  3088836    0.03%
 172760 48579      514.8263    70      514.8134      514.9859  3096624    0.03%
 173244 48724      514.8770   114      514.8134      514.9854  3104359    0.03%
 173677 48828      514.9627   115      514.8134      514.9851  3111995    0.03%
 174095 48977      514.8648   115      514.8134      514.9848  3120327    0.03%
 174547 49099      514.9535   141      514.8134      514.9844  3128458    0.03%
 175035 49245      514.8635    92      514.8134      514.9840  3137863    0.03%
Elapsed time = 2239.97 sec. (1482949.84 ticks, tree = 103.01 MB, solutions = 15)
 175531 49411      514.8353    86      514.8134      514.9836  3145517    0.03%
 176004 49559      514.9288   112      514.8134      514.9833  3153305    0.03%
 176434 49658      514.8224   144      514.8134      514.9829  3161906    0.03%
 176878 49801      514.9503   101      514.8134      514.9826  3169519    0.03%
 177344 49897      514.8721    80      514.8134      514.9822  3178716    0.03%
 177808 50079        cutoff            514.8134      514.9819  3187032    0.03%
 178245 50213      514.9382   137      514.8134      514.9816  3195823    0.03%
 178727 50374      514.8815    70      514.8134      514.9813  3204730    0.03%
 179164 50503      514.8589   105      514.8134      514.9809  3213143    0.03%
 179687 50680      514.8268    40      514.8134      514.9806  3221330    0.03%
Elapsed time = 2297.45 sec. (1521144.38 ticks, tree = 106.06 MB, solutions = 15)
 180161 50818      514.8589    75      514.8134      514.9804  3229294    0.03%
 180576 50946      514.9653    87      514.8134      514.9801  3237397    0.03%
 181034 51117      514.8229   165      514.8134      514.9798  3245183    0.03%
 181456 51214      514.8307   179      514.8134      514.9795  3253847    0.03%
 181899 51305      514.8748   182      514.8134      514.9790  3262453    0.03%
 182289 51400      514.9254   101      514.8134      514.9788  3269988    0.03%
 182758 51534      514.8714   106      514.8134      514.9785  3279133    0.03%
 183220 51671      514.8417   117      514.8134      514.9782  3286930    0.03%
 183677 51810      514.8231    75      514.8134      514.9780  3294516    0.03%
 184125 51931      514.8217   133      514.8134      514.9775  3302589    0.03%
Elapsed time = 2354.44 sec. (1559338.47 ticks, tree = 108.72 MB, solutions = 15)
 184622 52060      514.8464   132      514.8134      514.9771  3311549    0.03%
 185107 52183        cutoff            514.8134      514.9768  3320458    0.03%
 185575 52335      514.8206    93      514.8134      514.9765  3328368    0.03%
 186049 52462      514.8866    38      514.8134      514.9761  3336765    0.03%
 186561 52656      514.8246    50      514.8134      514.9759  3345881    0.03%
 187030 52791      514.8817    50      514.8134      514.9755  3356428    0.03%
 187519 52938      514.8298   126      514.8134      514.9751  3364980    0.03%
 187971 53074      514.8403    70      514.8134      514.9748  3374121    0.03%
 188456 53215      514.9199    92      514.8134      514.9746  3382500    0.03%
 188916 53320      514.8614   132      514.8134      514.9742  3390786    0.03%
Elapsed time = 2413.08 sec. (1597522.22 ticks, tree = 111.68 MB, solutions = 15)
 189381 53429      514.8253   148      514.8134      514.9739  3398509    0.03%
 189783 53546      514.9626   120      514.8134      514.9737  3406377    0.03%
 190220 53656      514.9603   142      514.8134      514.9734  3414312    0.03%
 190638 53744      514.9312    83      514.8134      514.9731  3422389    0.03%
 191121 53883      514.9210    77      514.8134      514.9729  3430158    0.03%
 191616 54031      514.9510    64      514.8134      514.9725  3438176    0.03%
 192049 54160      514.8668    96      514.8134      514.9721  3445921    0.03%
 192534 54300      514.8641   119      514.8134      514.9718  3454086    0.03%
 193002 54416      514.9395    88      514.8134      514.9715  3462459    0.03%
 193495 54530      514.9269    88      514.8134      514.9712  3471486    0.03%
Elapsed time = 2470.43 sec. (1635733.36 ticks, tree = 114.27 MB, solutions = 15)
 193921 54610      514.8305   140      514.8134      514.9708  3480287    0.03%
 194415 54753      514.9331   127      514.8134      514.9705  3489581    0.03%
 194876 54877      514.8347   113      514.8134      514.9702  3498269    0.03%
 195360 55021      514.8173    95      514.8134      514.9699  3506674    0.03%
 195874 55150      514.9403    69      514.8134      514.9696  3515178    0.03%
 196317 55252      514.9211   135      514.8134      514.9693  3523837    0.03%
 196777 55370      514.8858    85      514.8134      514.9690  3532925    0.03%
 197279 55518      514.8220   156      514.8134      514.9686  3540955    0.03%
 197734 55650      514.8354    98      514.8134      514.9684  3550078    0.03%
 198211 55784      514.8744    42      514.8134      514.9681  3559408    0.03%
Elapsed time = 2528.48 sec. (1673932.85 ticks, tree = 116.95 MB, solutions = 15)
 198704 55930      514.8669    87      514.8134      514.9677  3568421    0.03%
 199119 56043      514.8364   178      514.8134      514.9675  3577070    0.03%
 199587 56169      514.9639   111      514.8134      514.9671  3585338    0.03%
 200053 56316        cutoff            514.8134      514.9669  3592948    0.03%
 200476 56407      514.8707   126      514.8134      514.9666  3601744    0.03%
 200958 56549        cutoff            514.8134      514.9663  3609789    0.03%
 201396 56637      514.8517   147      514.8134      514.9660  3618230    0.03%
 201899 56757      514.9559   107      514.8134      514.9656  3626367    0.03%
 202323 56843      514.8136   119      514.8134      514.9653  3634964    0.03%
 202760 56921      514.9397    54      514.8134      514.9650  3644699    0.03%
Elapsed time = 2585.70 sec. (1712113.87 ticks, tree = 119.38 MB, solutions = 15)
 203279 57071      514.8440   103      514.8134      514.9647  3653683    0.03%
 203743 57188      514.8780   160      514.8134      514.9644  3662586    0.03%
 204213 57285      514.8324    58      514.8134      514.9640  3671707    0.03%
 204705 57396      514.8303   135      514.8134      514.9637  3680753    0.03%
 205171 57536      514.8469   110      514.8134      514.9635  3689204    0.03%
 205643 57699      514.8981   116      514.8134      514.9633  3698379    0.03%
 206119 57842      514.8435    97      514.8134      514.9630  3707642    0.03%
 206602 57980      514.8857    96      514.8134      514.9627  3716930    0.03%
 207089 58108      514.8949    53      514.8134      514.9623  3726254    0.03%
 207562 58255      514.9206    48      514.8134      514.9621  3734945    0.03%
Elapsed time = 2644.61 sec. (1750339.03 ticks, tree = 122.22 MB, solutions = 15)
 208013 58358      514.9453    94      514.8134      514.9618  3743788    0.03%
 208476 58483      514.9087   101      514.8134      514.9615  3751504    0.03%
 208918 58577      514.9251    84      514.8134      514.9612  3760994    0.03%
 209341 58691      514.8498   145      514.8134      514.9609  3769123    0.03%
 209768 58776      514.8257    86      514.8134      514.9607  3778191    0.03%
*209796 56899      integral     0      514.8171      514.9607  3778547    0.03%
 210200 56982      514.9066    88      514.8171      514.9604  3786084    0.03%
 210652 57099      514.8740    75      514.8171      514.9602  3794686    0.03%
 211101 57177      514.8286   134      514.8171      514.9599  3802624    0.03%
 211553 57325      514.8323   122      514.8171      514.9597  3811055    0.03%
 211986 57419      514.8994   150      514.8171      514.9594  3819595    0.03%
Elapsed time = 2701.27 sec. (1788535.33 ticks, tree = 120.53 MB, solutions = 16)
 212460 57542      514.9125    82      514.8171      514.9592  3828105    0.03%
 212912 57661        cutoff            514.8171      514.9590  3836016    0.03%
 213354 57777      514.8579   114      514.8171      514.9588  3845449    0.03%
 213851 57895        cutoff            514.8171      514.9584  3855362    0.03%
 214368 58012      514.8692   104      514.8171      514.9581  3865397    0.03%
 214846 58130      514.8228   107      514.8171      514.9578  3874344    0.03%
 215293 58235      514.8360   162      514.8171      514.9577  3882752    0.03%
 215771 58346      514.8524    89      514.8171      514.9573  3892391    0.03%
 216261 58461      514.8442   152      514.8171      514.9570  3900543    0.03%
 216704 58576      514.8377   149      514.8171      514.9568  3908979    0.03%
Elapsed time = 2759.20 sec. (1826719.22 ticks, tree = 123.01 MB, solutions = 16)
 217192 58704      514.8918   126      514.8171      514.9565  3918372    0.03%
 217693 58814      514.8665    85      514.8171      514.9562  3927346    0.03%
 218110 58883      514.8325    98      514.8171      514.9559  3935604    0.03%
 218564 58990      514.8511   104      514.8171      514.9557  3944484    0.03%
 219062 59096      514.8533   111      514.8171      514.9554  3953518    0.03%
 219510 59144      514.8386   147      514.8171      514.9549  3962971    0.03%
 219976 59264      514.8208    55      514.8171      514.9547  3971323    0.03%
 220460 59362        cutoff            514.8171      514.9545  3980616    0.03%
 220851 59473      514.8303   140      514.8171      514.9543  3988963    0.03%
 221293 59544      514.8534    15      514.8171      514.9540  3998645    0.03%
Elapsed time = 2815.44 sec. (1864944.91 ticks, tree = 125.10 MB, solutions = 16)
 221709 59648      514.9363   242      514.8171      514.9538  4008074    0.03%
 222185 59736        cutoff            514.8171      514.9534  4016929    0.03%
 222652 59821      514.8372    65      514.8171      514.9532  4026366    0.03%
 223150 59957      514.8409   105      514.8171      514.9530  4034816    0.03%
 223625 60046      514.8429   168      514.8171      514.9526  4044676    0.03%
 224101 60160      514.8305    21      514.8171      514.9523  4053803    0.03%
 224555 60292      514.8686   140      514.8171      514.9521  4063225    0.03%
 225018 60398      514.8297   119      514.8171      514.9519  4073218    0.03%
 225523 60531      514.8500   228      514.8171      514.9517  4082794    0.03%
 226003 60621      514.8313    83      514.8171      514.9513  4092290    0.03%
Elapsed time = 2871.72 sec. (1903200.71 ticks, tree = 127.40 MB, solutions = 16)
 226455 60720      514.8447    61      514.8171      514.9511  4101089    0.03%
 226888 60827      514.8807   124      514.8171      514.9508  4110429    0.03%
 227356 60903      514.8301   126      514.8171      514.9505  4120245    0.03%
 227810 61002      514.8465   104      514.8171      514.9502  4130557    0.03%
 228291 61111      514.8947   159      514.8171      514.9500  4140330    0.03%
 228748 61196      514.8596   113      514.8171      514.9496  4149350    0.03%
 229238 61303      514.8512    84      514.8171      514.9494  4158635    0.03%
 229662 61377      514.8683   107      514.8171      514.9491  4167557    0.03%
 230101 61436      514.8716    86      514.8171      514.9487  4177479    0.03%
 230557 61509      514.8806   183      514.8171      514.9484  4186512    0.03%
Elapsed time = 2926.61 sec. (1941411.57 ticks, tree = 129.33 MB, solutions = 16)
 231007 61605      514.8266    43      514.8171      514.9481  4195433    0.03%
 231432 61663      514.8342    97      514.8171      514.9478  4204860    0.03%
 231895 61746      514.8620   104      514.8171      514.9475  4214743    0.03%
 232368 61842      514.9060   196      514.8171      514.9472  4224331    0.03%
 232845 61930      514.8797    83      514.8171      514.9470  4234249    0.03%
 233318 62026      514.8355   116      514.8171      514.9468  4244067    0.03%
 233790 62092      514.9021    86      514.8171      514.9465  4253523    0.03%
 234286 62180      514.8840    98      514.8171      514.9462  4263265    0.03%
 234786 62232      514.8616    82      514.8171      514.9458  4273360    0.03%
 235275 62323      514.8722    67      514.8171      514.9455  4284007    0.02%
Elapsed time = 2982.37 sec. (1979615.84 ticks, tree = 131.12 MB, solutions = 16)
 235764 62464      514.8251    70      514.8171      514.9452  4293692    0.02%
 236242 62519        cutoff            514.8171      514.9450  4303415    0.02%
 236745 62569      514.8397    91      514.8171      514.9446  4314169    0.02%
 237275 62671        cutoff            514.8171      514.9443  4324005    0.02%
 237765 62701      514.8854    76      514.8171      514.9440  4335139    0.02%
 238193 62735      514.8560   121      514.8171      514.9438  4345095    0.02%
 238670 62811      514.8191    49      514.8171      514.9435  4354784    0.02%
 239091 62834        cutoff            514.8171      514.9432  4363959    0.02%
 239524 62857      514.8197   101      514.8171      514.9429  4373656    0.02%
 239985 62896        cutoff            514.8171      514.9426  4383695    0.02%
Elapsed time = 3037.44 sec. (2017876.06 ticks, tree = 132.46 MB, solutions = 16)
 240481 62959      514.8338   101      514.8171      514.9422  4393712    0.02%
 240905 63011      514.8724   162      514.8171      514.9419  4403017    0.02%
 241383 63095      514.8289   103      514.8171      514.9417  4411587    0.02%
 241901 63201      514.8519    40      514.8171      514.9413  4421993    0.02%
 242394 63261      514.8809    78      514.8171      514.9410  4431642    0.02%
 242877 63297      514.8418    89      514.8171      514.9406  4442743    0.02%
 243412 63405      514.8733    94      514.8171      514.9403  4452297    0.02%
 243867 63463      514.8440   173      514.8171      514.9401  4461544    0.02%
*244191 62046      integral     0      514.8194      514.9399  4467999    0.02%
 244420 62100        cutoff            514.8194      514.9397  4471759    0.02%
 244890 62136      514.8433    95      514.8194      514.9393  4482482    0.02%
Elapsed time = 3093.48 sec. (2056101.17 ticks, tree = 130.98 MB, solutions = 17)
 245352 62178      514.8760   159      514.8194      514.9391  4493055    0.02%
 245835 62227      514.8350   129      514.8194      514.9387  4503249    0.02%
*246046 58651      integral     0      514.8249      514.9387  4507433    0.02%
 246345 58690      514.8866    73      514.8249      514.9386  4512967    0.02%
 246863 58760      514.8340    39      514.8249      514.9383  4523604    0.02%
 247349 58791      514.8257    87      514.8249      514.9379  4533665    0.02%
 247825 58847      514.8478    35      514.8249      514.9377  4543551    0.02%
 248307 58881      514.8461   149      514.8249      514.9374  4553041    0.02%
 248797 58909      514.8641   176      514.8249      514.9370  4563150    0.02%
 249246 58898        cutoff            514.8249      514.9367  4573195    0.02%
 249729 58954      514.9054   188      514.8249      514.9364  4583433    0.02%
Elapsed time = 3148.32 sec. (2094293.26 ticks, tree = 124.42 MB, solutions = 18)
 250185 59003      514.9073   107      514.8249      514.9361  4592769    0.02%
 250640 59007      514.8570   132      514.8249      514.9358  4602770    0.02%
 251114 59017      514.8661   180      514.8249      514.9354  4612936    0.02%
 251649 59085      514.8293    81      514.8249      514.9350  4623502    0.02%
 252181 59152      514.8927    78      514.8249      514.9347  4633411    0.02%
 252676 59188      514.8361   135      514.8249      514.9344  4643016    0.02%
 253224 59241      514.8332   148      514.8249      514.9340  4653255    0.02%
 253711 59220      514.9115   206      514.8249      514.9336  4664841    0.02%
 254219 59261        cutoff            514.8249      514.9333  4675572    0.02%
 254714 59317      514.8340    92      514.8249      514.9330  4685794    0.02%
Elapsed time = 3203.28 sec. (2132481.81 ticks, tree = 125.28 MB, solutions = 18)
 255208 59381      514.8534    85      514.8249      514.9328  4695048    0.02%
 255658 59416      514.8786    90      514.8249      514.9325  4704777    0.02%
 256124 59461      514.8291   114      514.8249      514.9322  4715401    0.02%
 256584 59497      514.9182    94      514.8249      514.9319  4725546    0.02%
 257052 59555      514.8624    79      514.8249      514.9317  4734654    0.02%
 257485 59557      514.8960    90      514.8249      514.9314  4744450    0.02%
 257994 59603      514.8481   113      514.8249      514.9311  4754498    0.02%
 258450 59633      514.8765   124      514.8249      514.9307  4764596    0.02%
 258794 59674      514.8646   183      514.8249      514.9305  4771928    0.02%
 259191 59731        cutoff            514.8249      514.9303  4778876    0.02%
Elapsed time = 3257.27 sec. (2170821.72 ticks, tree = 126.17 MB, solutions = 18)
 259559 59747      514.8853   112      514.8249      514.9300  4786905    0.02%
 259894 59768      514.8499    21      514.8249      514.9298  4794277    0.02%
 260236 59810      514.8307    42      514.8249      514.9297  4799388    0.02%
 260494 59823      514.8265   209      514.8249      514.9295  4804338    0.02%
 260862 59844      514.8420   127      514.8249      514.9292  4810893    0.02%
 261194 59842      514.8999    83      514.8249      514.9290  4817823    0.02%
 261594 59917      514.8284    87      514.8249      514.9288  4824940    0.02%
 261949 59941      514.9097    52      514.8249      514.9286  4831453    0.02%
 262272 59969      514.8746   128      514.8249      514.9284  4838180    0.02%
 262602 59977      514.8450    23      514.8249      514.9282  4845414    0.02%
Elapsed time = 3308.90 sec. (2209749.31 ticks, tree = 126.74 MB, solutions = 18)
 263008 60015      514.8383    72      514.8249      514.9279  4853402    0.02%
 263384 60032      514.8463   231      514.8249      514.9277  4861211    0.02%
 263655 60062      514.8920   106      514.8249      514.9276  4867119    0.02%
 263955 60092      514.8421   110      514.8249      514.9274  4872922    0.02%
 264239 60102      514.8464    71      514.8249      514.9272  4878701    0.02%
 264594 60151      514.8391    61      514.8249      514.9271  4885138    0.02%
 264900 60185      514.8910    95      514.8249      514.9269  4891460    0.02%
 265275 60239      514.8649   130      514.8249      514.9267  4899062    0.02%
 265594 60261      514.8449    86      514.8249      514.9265  4904216    0.02%
 265965 60280      514.8381    98      514.8249      514.9263  4911885    0.02%
Elapsed time = 3359.82 sec. (2248685.99 ticks, tree = 127.42 MB, solutions = 18)
 266268 60304      514.8442   111      514.8249      514.9261  4917657    0.02%
 266600 60330        cutoff            514.8249      514.9260  4923982    0.02%
 266935 60344      514.8737    79      514.8249      514.9257  4930170    0.02%
 267287 60404      514.8718   101      514.8249      514.9256  4936355    0.02%
 267611 60394      514.8372    50      514.8249      514.9254  4943020    0.02%
 267894 60417      514.8260    42      514.8249      514.9253  4948786    0.02%
 268283 60454      514.9015    98      514.8249      514.9250  4957210    0.02%
 268724 60477      514.8669   142      514.8249      514.9248  4965840    0.02%
 269209 60502      514.8498    62      514.8249      514.9245  4975480    0.02%
 269710 60557      514.8861   101      514.8249      514.9243  4985575    0.02%
Elapsed time = 3411.54 sec. (2287073.86 ticks, tree = 128.16 MB, solutions = 18)
 270228 60545      514.9016    81      514.8249      514.9240  4995273    0.02%
 270716 60540      514.8387    76      514.8249      514.9238  5002979    0.02%
 271231 60601        cutoff            514.8249      514.9235  5012158    0.02%
 271771 60627      514.8666    88      514.8249      514.9232  5022384    0.02%
 272324 60686      514.8285    74      514.8249      514.9229  5033481    0.02%
 272815 60683        cutoff            514.8249      514.9226  5043434    0.02%
 273364 60743      514.8406    24      514.8249      514.9222  5052956    0.02%
 273836 60776      514.8604    26      514.8249      514.9220  5062538    0.02%
 274434 60778      514.8859    38      514.8249      514.9217  5072860    0.02%
 274894 60830      514.8370    91      514.8249      514.9214  5081025    0.02%
Elapsed time = 3467.16 sec. (2325262.51 ticks, tree = 128.81 MB, solutions = 18)
 275439 60870      514.8465   111      514.8249      514.9211  5091211    0.02%
 275938 60874      514.8939    57      514.8249      514.9208  5101575    0.02%
 276453 60843      514.8338    64      514.8249      514.9204  5112784    0.02%
 276990 60867      514.8342    44      514.8249      514.9201  5122788    0.02%
 277504 60941      514.8477   100      514.8249      514.9199  5132389    0.02%
 277873 60943      514.8632    98      514.8249      514.9197  5140796    0.02%
 278361 60952      514.8629    53      514.8249      514.9194  5151056    0.02%
 278872 60987      514.9043    82      514.8249      514.9191  5160522    0.02%
 279413 61036      514.8725    32      514.8249      514.9189  5169727    0.02%
 279915 61055      514.8978   114      514.8249      514.9186  5179205    0.02%
Elapsed time = 3521.97 sec. (2363526.99 ticks, tree = 129.33 MB, solutions = 18)
 280369 61101      514.8492   151      514.8249      514.9183  5188843    0.02%
 280878 61063      514.8594   108      514.8249      514.9180  5198573    0.02%
 281373 61098      514.8763   111      514.8249      514.9177  5207505    0.02%
 281894 61124      514.8464    41      514.8249      514.9175  5217240    0.02%
 282396 61151      514.8526    84      514.8249      514.9172  5227072    0.02%
 282931 61190      514.8724    81      514.8249      514.9170  5237305    0.02%
 283466 61225      514.9061   196      514.8249      514.9167  5247126    0.02%
 283998 61248      514.8475   119      514.8249      514.9164  5257395    0.02%
 284423 61240      514.8960   101      514.8249      514.9162  5265875    0.02%
 284935 61260      514.8426   140      514.8249      514.9159  5276513    0.02%
Elapsed time = 3576.82 sec. (2401998.74 ticks, tree = 129.85 MB, solutions = 18)
 285451 61283      514.8450   133      514.8249      514.9156  5286396    0.02%
 285981 61302      514.8732   176      514.8249      514.9154  5297282    0.02%
 286500 61326      514.8602    44      514.8249      514.9150  5306789    0.02%
 287027 61352      514.8521    91      514.8249      514.9148  5316749    0.02%

Flow cuts applied:  3
Mixed integer rounding cuts applied:  163
Lift and project cuts applied:  9
Gomory fractional cuts applied:  2
User cuts applied:  1026

Root node processing (before b&c):
  Real time             =    4.52 sec. (3162.70 ticks)
Sequential b&c:
  Real time             = 3595.48 sec. (2415690.93 ticks)
                          ------------
Total (root+branch&cut) = 3600.00 sec. (2418853.63 ticks)
|V|                                     600
K                                       200
theta                                   0.20
r                                       1
R                                       20
prob_func                               facility_mixture
mixture_low_share                       0.900000
mixture_low_interval                    [0.001000, 0.010000]
mixture_high_interval                   [0.100000, 0.500000]
mixture_seed                            1
#C1                                     686
#CP                                     21894

@Parameters: 
am_callback_heuristic                   false
am_local_search                         true
am_start_heuristic                      false
colocation                              true
comp                                    false
cutC                                    true
cutC_init                               false
cutF                                    true
cutF_init                               false
cutF_stable                             false
cutF_wrong                              false
cutLocal                                false
cutM                                    true
cutM_init                               true
cutM_stable                             false
cutP                                    true
cutP_init                               false
cutP_stable                             false
init                                    true
init_cutF_zero                          false
init_val_greedy                         true
is_Euclidean                            false
is_local_search                         false
is_right_cutP                           true
is_root                                 false
is_silent                               false
is_start                                false
mycut                                   false
pmed                                    false
pre                                     true
stable_root                             false
str                                     false
two_phase                               false
ubstr                                   false
mode                                    Int

am_callback_node_space                  50
init                                    0
mixture_seed                            1
node_space                              5
nodelimit                               -1
nsepa                                   1
strF                                    0
type_delta                              0

EPS                                     0.001000
EPS_FRAC                                0.00
gap                                     0.00
mixture_high_max                        0.50
mixture_high_min                        0.10
mixture_low_max                         0.01
mixture_low_min                         0.00
mixture_low_share                       0.90
timelimit                               3600.00

Number of Closed Sites: 3 / 600 
Number of Confined Sites-1: 9 / 1791 
Number of Confined Sites-k: 588 / 16080 
Preprocess Time: 1.48 + 0.00 sec

Solve Time: 3600.00
Number of Nodes: 287145
Termination Status: TIME_LIMIT

CutInfo: [phase] num / time (sec) / aver. num_nonzero
max              [LP]     0 / 0.00 / 0.00 [init]   428 / 0.01 / 1.15 [rLC]   214 / 0.01 / 2.71 [rUC]   241 / 0.06 / 3.57 [sLC]    25 / 0.23 / 4.28 [sUC]    81 / 1.21 / 4.84 
prod_oa          [LP]     0 / 0.00 / 0.00 [init]   381 / 0.01 / 39.33 [rLC]   319 / 0.01 / 30.79 [rUC]   651 / 0.15 / 39.95 [sLC]   862 / 0.42 / 41.89 [sUC]   590 / 2.21 / 39.32 
prod_sm_fixed    [LP]     0 / 0.00 / 0.00 [init]     0 / 0.00 / 0.00 [rLC]     0 / 0.00 / 0.00 [rUC]     0 / 0.00 / 0.00 [sLC]     0 / 0.00 / 0.00 [sUC]     0 / 0.00 / 0.00 
prod_bin         [LP]     0 / 0.00 / 0.00 [init]     0 / 0.00 / 0.00 [rLC]     0 / 0.00 / 0.00 [rUC]     0 / 0.00 / 0.00 [sLC]     0 / 0.00 / 0.00 [sUC]     0 / 0.00 / 0.00 
prod_local       [LP]     0 / 0.00 / 0.00 [init]     0 / 0.00 / 0.00 [rLC]     0 / 0.00 / 0.00 [rUC]     0 / 0.00 / 0.00 [sLC]     0 / 0.00 / 0.00 [sUC]     0 / 0.00 / 0.00 
prod_sm_C        [LP]     0 / 0.00 / 0.00 [init]     0 / 0.03 / 0.00 [rLC]     0 / 0.06 / 0.00 [rUC]   765 / 0.76 / 40.18 [sLC]     0 / 1.99 / 0.00 [sUC]   601 / 12.62 / 49.25 
facet            [LP]     0 / 0.00 / 0.00 [init]     0 / 0.00 / 0.00 [rLC]     0 / 0.00 / 0.00 [rUC]   765 / 0.00 / 0.00 [sLC]     0 / 0.00 / 0.00 [sUC]   601 / 0.00 / 0.00 
Separation Round:   [LP] 0  [init] 1  [rLC] 2  [rUC] 20  [sLC] 65  [sUC] 486312  
Root Best Bound 516.090965
Root Best Integer: 513.614046
Best Bound: 514.914693
Best Integer: 514.824902
1: 3, 7, 8, 19, 21, 28, 31, 33, 35, 39, 42, 44, 50, 54, 66, 70, 71, 75, 90, 97, 105, 116, 121, 122, 136, 146, 147, 153, 155, 160, 161, 167, 168, 175, 178, 180, 183, 186, 187, 197, 198, 204, 206, 207, 212, 213, 215, 219, 226, 230, 231, 236, 239, 240, 242, 245, 247, 249, 251, 252, 261, 264, 278, 280, 297, 300, 303, 304, 305, 306, 316, 318, 330, 334, 336, 341, 343, 349, 358, 371, 374, 378, 380, 386, 389, 391, 394, 396, 397, 400, 406, 407, 412, 418, 419, 420, 421, 424, 430, 437, 441, 450, 453, 454, 456, 457, 459, 462, 464, 465, 472, 478, 479, 482, 490, 503, 506, 507, 508, 511, 514, 523, 529, 530, 533, 534, 543, 546, 559, 561, 562, 566, 567, 575, 582, 583, 589, 592, 594, 596, 600
2: 24, 260, 339, 372, 498, 553, 568
3: 27, 139, 291, 320, 403, 470, 485
4: 571
5: 5, 47, 85, 298
Objective Value (calc): 514.789668
sum_etaM = 353.655539 / 353.655539
sum_etaP = 555.117243 / 555.073200
nL: 160
nCL: 19
mCL: 5
