Version identifier: 20.1.0.0 | 2020-11-10 | 9bedb6d68
CPXPARAM_Threads                                 1
CPXPARAM_TimeLimit                               3600
CPXPARAM_MIP_Tolerances_MIPGap                   0
Generic callback                                 0x60
1 of 1 MIP starts provided solutions.
MIP start 'm1' defined initial solution with objective 97.1063.
Tried aggregator 2 times.
MIP Presolve eliminated 59 rows and 24 columns.
Aggregator did 35 substitutions.
Reduced MIP has 1051 rows, 1141 columns, and 4523 nonzeros.
Reduced MIP has 288 binaries, 253 generals, 0 SOSs, and 0 indicators.
Presolve time = 0.00 sec. (2.39 ticks)
Probing time = 0.00 sec. (0.26 ticks)
Tried aggregator 1 time.
Reduced MIP has 1051 rows, 1141 columns, and 4523 nonzeros.
Reduced MIP has 288 binaries, 253 generals, 0 SOSs, and 0 indicators.
Presolve time = 0.00 sec. (1.37 ticks)
Probing time = 0.00 sec. (0.26 ticks)
MIP emphasis: balance optimality and feasibility.
MIP search method: dynamic search.
Parallel mode: none, using 1 thread.
Root relaxation solution time = 0.03 sec. (24.88 ticks)

        Nodes                                         Cuts/
   Node  Left     Objective  IInf  Best Integer    Best Bound    ItCnt     Gap

*     0+    0                           97.1063      300.0000           208.94%
      0     0      111.4383     8       97.1063      111.4383     1013   14.76%
      0     0       98.0159    21       97.1063     Cuts: 143     1070    0.94%
      0     0       97.7906    16       97.1063      Cuts: 67     1110    0.70%
      0     0       97.6051    18       97.1063      Cuts: 39     1140    0.51%
      0     0       97.4527    17       97.1063      Cuts: 68     1167    0.36%
      0     0       97.4283    15       97.1063      Cuts: 15     1189    0.33%
      0     0       97.4143    19       97.1063      Cuts: 24     1200    0.32%
      0     0       97.3255    11       97.1063   MIRcuts: 18     1211    0.23%
      0     0       97.3076    14       97.1063 UserPurge2: 6     1219    0.21%
      0     0       97.2887    14       97.1063    MIRcuts: 3     1232    0.19%
      0     0       97.2682     5       97.1063      Cuts: 21     1236    0.17%
*     0+    0                           97.1329       97.2682             0.14%
      0     2       97.2605     9       97.1329       97.2604     1236    0.13%
Elapsed time = 0.22 sec. (119.48 ticks, tree = 0.01 MB, solutions = 2)

Flow cuts applied:  9
Mixed integer rounding cuts applied:  61
Gomory fractional cuts applied:  2
User cuts applied:  168

Root node processing (before b&c):
  Real time             =    0.22 sec. (119.30 ticks)
Sequential b&c:
  Real time             =    0.03 sec. (12.80 ticks)
                          ------------
Total (root+branch&cut) =    0.25 sec. (132.09 ticks)
|V|                                     300
K                                       30
theta                                   0.10
r                                       1
R                                       20
prob_func                               facility_mixture
mixture_low_share                       0.900000
mixture_low_interval                    [0.001000, 0.010000]
mixture_high_interval                   [0.100000, 0.500000]
mixture_seed                            1
#C1                                     334
#CP                                     2170

@Parameters: 
am_callback_heuristic                   false
am_local_search                         true
am_start_heuristic                      false
colocation                              true
comp                                    false
cutC                                    true
cutC_init                               false
cutF                                    false
cutF_init                               false
cutF_stable                             false
cutF_wrong                              false
cutLocal                                false
cutM                                    true
cutM_init                               true
cutM_stable                             false
cutP                                    true
cutP_init                               false
cutP_stable                             false
init                                    true
init_cutF_zero                          false
init_val_greedy                         true
is_Euclidean                            false
is_local_search                         false
is_right_cutP                           true
is_root                                 false
is_silent                               false
is_start                                false
mycut                                   false
pmed                                    false
pre                                     true
stable_root                             false
str                                     true
two_phase                               false
ubstr                                   false
mode                                    Int

am_callback_node_space                  50
init                                    0
mixture_seed                            1
node_space                              5
nodelimit                               -1
nsepa                                   1
strF                                    0
type_delta                              0

EPS                                     0.001000
EPS_FRAC                                0.00
gap                                     0.00
mixture_high_max                        0.50
mixture_high_min                        0.10
mixture_low_max                         0.01
mixture_low_min                         0.00
mixture_low_share                       0.90
timelimit                               3600.00

Number of Closed Sites: 12 / 360 
Number of Confined Sites-1: 35 / 1015 
Number of Confined Sites-k: 253 / 4492 
Preprocess Time: 0.42 + 0.00 sec

Solve Time: 0.25
Number of Nodes: 15
Termination Status: OPTIMAL

CutInfo: [phase] num / time (sec) / aver. num_nonzero
max              [LP]     0 / 0.00 / 0.00 [init]   272 / 0.00 / 2.38 [rLC]    62 / 0.01 / 6.53 [rUC]    52 / 0.02 / 6.08 [sLC]     0 / 0.00 / 0.00 [sUC]     0 / 0.00 / 0.00 
prod_oa          [LP]     0 / 0.00 / 0.00 [init]   272 / 0.00 / 7.62 [rLC]   188 / 0.01 / 13.94 [rUC]   221 / 0.01 / 14.94 [sLC]     0 / 0.00 / 0.00 [sUC]    13 / 0.00 / 21.69 
prod_sm_fixed    [LP]     0 / 0.00 / 0.00 [init]     0 / 0.00 / 0.00 [rLC]     0 / 0.00 / 0.00 [rUC]     0 / 0.00 / 0.00 [sLC]     0 / 0.00 / 0.00 [sUC]     0 / 0.00 / 0.00 
prod_bin         [LP]     0 / 0.00 / 0.00 [init]     0 / 0.00 / 0.00 [rLC]     0 / 0.00 / 0.00 [rUC]     0 / 0.00 / 0.00 [sLC]     0 / 0.00 / 0.00 [sUC]     0 / 0.00 / 0.00 
prod_local       [LP]     0 / 0.00 / 0.00 [init]     0 / 0.00 / 0.00 [rLC]     0 / 0.00 / 0.00 [rUC]     0 / 0.00 / 0.00 [sLC]     0 / 0.00 / 0.00 [sUC]     0 / 0.00 / 0.00 
prod_sm_C        [LP]     0 / 0.00 / 0.00 [init]     0 / 0.00 / 0.00 [rLC]     0 / 0.00 / 0.00 [rUC]     0 / 0.00 / 0.00 [sLC]     0 / 0.00 / 0.00 [sUC]     0 / 0.00 / 0.00 
facet            [LP]     0 / 0.00 / 0.00 [init]     0 / 0.00 / 0.00 [rLC]     0 / 0.00 / 0.00 [rUC]     0 / 0.00 / 0.00 [sLC]     0 / 0.00 / 0.00 [sUC]     0 / 0.00 / 0.00 
Separation Round:   [LP] 0  [init] 1  [rLC] 8  [rUC] 12  [sLC] 0  [sUC] 17  
Root Best Bound 97.238080
Root Best Integer: 97.132926
Best Bound: 97.132959
Best Integer: 97.132926
1: 10, 17, 47, 63, 103, 112, 116, 136, 177, 201, 216, 234, 240, 286, 290, 295, 298
2: 27, 124, 213
3: 77
4: 208
Objective Value (calc): 97.129821
sum_etaM = 69.595894 / 69.595894
sum_etaP = 100.192596 / 100.189146
nL: 22
nCL: 5
mCL: 4
