Version identifier: 20.1.0.0 | 2020-11-10 | 9bedb6d68
CPXPARAM_Threads                                 1
CPXPARAM_TimeLimit                               3600
CPXPARAM_MIP_Tolerances_MIPGap                   0
Generic callback                                 0x60
1 of 1 MIP starts provided solutions.
MIP start 'm1' defined initial solution with objective 362.6090.
Tried aggregator 1 time.
MIP Presolve eliminated 4 rows and 4 columns.
Reduced MIP has 1363 rows, 2096 columns, and 55323 nonzeros.
Reduced MIP has 696 binaries, 0 generals, 0 SOSs, and 0 indicators.
Presolve time = 0.02 sec. (12.35 ticks)
Probing time = 0.00 sec. (2.65 ticks)
Tried aggregator 1 time.
Reduced MIP has 1363 rows, 2096 columns, and 55323 nonzeros.
Reduced MIP has 696 binaries, 0 generals, 0 SOSs, and 0 indicators.
Presolve time = 0.02 sec. (11.97 ticks)
Probing time = 0.00 sec. (2.65 ticks)
MIP emphasis: balance optimality and feasibility.
MIP search method: dynamic search.
Parallel mode: none, using 1 thread.
Root relaxation solution time = 0.07 sec. (90.51 ticks)

        Nodes                                         Cuts/
   Node  Left     Objective  IInf  Best Integer    Best Bound    ItCnt     Gap

*     0+    0                          362.6090      700.0000            93.05%
      0     0      484.1649    10      362.6090      484.1649     1676   33.52%
      0     0      411.5526    34      362.6090     Cuts: 440     2292   13.50%
      0     0      409.8061    30      362.6090     Cuts: 345     2631   13.02%
      0     0      409.3579    30      362.6090     Cuts: 295     2807   12.89%
      0     0      408.8725    32      362.6090     Cuts: 269     2965   12.76%
      0     0      408.5204    29      362.6090     Cuts: 246     3073   12.66%
      0     0      408.2126    29      362.6090     Cuts: 123     3166   12.58%
      0     0      408.0714    30      362.6090     Cuts: 126     3263   12.54%
      0     0      407.9782    31      362.6090     Cuts: 140     3341   12.51%
      0     0      407.8582    30      362.6090     Cuts: 115     3426   12.48%
      0     0      407.7769    30      362.6090     Cuts: 102     3496   12.46%
      0     0      407.7136    30      362.6090      Cuts: 40     3539   12.44%
      0     0      407.6924    32      362.6090      Cuts: 33     3577   12.43%
      0     0      407.6627    32      362.6090      Cuts: 78     3634   12.42%
      0     0      407.6436    31      362.6090 UserPurge2: 26     3666   12.42%
      0     0      407.6323    29      362.6090 UserPurge2: 23     3700   12.42%
      0     0      407.6304    30      362.6090 UserPurge2: 11     3709   12.42%
      0     0      407.6257    31      362.6090 UserPurge2: 10     3730   12.41%
      0     0      407.6243    31      362.6090 UserPurge2: 3     3737   12.41%
      0     0      407.6240    31      362.6090 UserPurge2: 2     3740   12.41%
      0     2      407.5786    31      362.6090      407.5774     3740   12.40%
Elapsed time = 7.00 sec. (1830.00 ticks, tree = 0.01 MB, solutions = 1)
      5     7      393.0524    17      362.6090      407.1987     6910   12.30%
      7     9      399.7490    19      362.6090      407.1987     8765   12.30%
     10    12      386.1187    15      362.6090      407.1987    11913   12.30%
     11    13      384.5583    14      362.6090      407.1987    13365   12.30%
     14    16      382.3194    10      362.6090      407.1987    14436   12.30%
     20    22      367.2192     3      362.6090      407.1987    16375   12.30%
*    27    25      integral     0      363.9396      407.1987    17585   11.89%
     30    26      401.5441    31      363.9396      407.1967    20523   11.89%
     33    29      401.8072    25      363.9396      407.1967    21486   11.89%
     37    33      396.8534    22      363.9396      407.1967    26276   11.89%
Elapsed time = 15.50 sec. (6943.58 ticks, tree = 0.23 MB, solutions = 2)
     42    38      390.1285    17      363.9396      407.1967    30446   11.89%
     46    42      382.7624    14      363.9396      407.1967    33712   11.89%
*    60    50      integral     0      365.4364      407.1967    36145   11.43%
     65    53      397.0216    26      365.4364      406.4088    39914   11.21%
     70    58      390.6250    25      365.4364      406.4088    42361   11.21%
     75    63      383.0854    24      365.4364      406.4088    45671   11.21%
     80    68      378.9482    24      365.4364      406.4088    48912   11.21%
     90    78      370.5587    24      365.4364      406.4088    53431   11.21%
    104    88      401.8997    28      365.4364      402.6719    57231   10.19%
    108    92      393.5068    25      365.4364      402.6719    60571   10.19%
Elapsed time = 32.30 sec. (20056.80 ticks, tree = 0.51 MB, solutions = 3)
    113    97      385.4923    26      365.4364      402.6719    63216   10.19%
    120   104      376.1961    23      365.4364      402.6719    66833   10.19%
    125   109      368.2473    16      365.4364      402.6719    69713   10.19%
    133   113      394.8841    26      365.4364      402.1357    72922   10.04%
    135   115      388.0521    21      365.4364      402.1357    75547   10.04%
    139   119      379.1866    19      365.4364      402.1357    77844   10.04%
    140   120      376.9283    18      365.4364      402.1357    79124   10.04%
    145   125      369.5753    15      365.4364      402.1357    82478   10.04%
    154   130      396.8888    24      365.4364      402.1053    85257   10.03%
    158   134      386.3390    19      365.4364      402.1053    88008   10.03%
Elapsed time = 45.65 sec. (32078.48 ticks, tree = 1.54 MB, solutions = 3)
    161   137      381.3606    12      365.4364      402.1053    89593   10.03%
*   170   120      integral     0      369.0867      402.1053    91141    8.95%
    174   124      390.2177    23      369.0867      401.9926    93803    8.92%
    179   129      384.8851    21      369.0867      401.9926    96116    8.92%
    185   135      378.4019    17      369.0867      401.9926    98061    8.92%
    199   149      370.8751    13      369.0867      401.9926   100018    8.92%
    206   153      387.9305    24      369.0867      401.8990   102244    8.89%
    213   160      379.2902    17      369.0867      401.8990   104281    8.89%
    221   168      372.6438    14      369.0867      401.8990   105686    8.89%
    229   172      395.7287    23      369.0867      401.5438   108011    8.79%
Elapsed time = 57.17 sec. (42349.25 ticks, tree = 3.90 MB, solutions = 4)
    231   174      390.5992    22      369.0867      401.5438   109539    8.79%
    235   178      383.6883    20      369.0867      401.5438   111912    8.79%
    240   183      374.5169    19      369.0867      401.5438   114339    8.79%
    249   186      396.6895    26      369.0867      401.5400   116578    8.79%
    252   189      391.0082    26      369.0867      401.5400   118363    8.79%
    255   192      384.6766    26      369.0867      401.5400   121249    8.79%
    260   197      375.6906    21      369.0867      401.5400   123893    8.79%
    266   203      369.9945    17      369.0867      401.5400   126175    8.79%
    270   203      397.0222    31      369.0867      401.3484   127455    8.74%
    273   206      391.3642    25      369.0867      401.3484   129815    8.74%
Elapsed time = 67.93 sec. (54038.16 ticks, tree = 4.75 MB, solutions = 4)
    278   211      383.3827    16      369.0867      401.3484   132361    8.74%
    281   214      375.8867     9      369.0867      401.3484   134124    8.74%
    293   222      393.6543    21      369.0867      400.4095   136836    8.49%
    298   227      385.0424    19      369.0867      400.4095   139704    8.49%
    301   230      379.0134    19      369.0867      400.4095   141687    8.49%
    308   237      373.5533    16      369.0867      400.4095   143704    8.49%
    319   244      394.4929    19      369.0867      400.4030   146918    8.48%
    321   246      386.4760    14      369.0867      400.4030   149318    8.48%
    329   254      375.5635    10      369.0867      400.4030   151743    8.48%
    338   259      396.8759    23      369.0867      399.1995   153870    8.16%
Elapsed time = 79.77 sec. (65270.66 ticks, tree = 5.57 MB, solutions = 4)
    340   261      388.3059    22      369.0867      399.1995   155656    8.16%
    344   265      380.5212    20      369.0867      399.1995   158555    8.16%
    350   271      372.1140    17      369.0867      399.1995   161674    8.16%
    356   273      392.0926    19      369.0867      398.8665   163411    8.07%
    360   277      383.0371    18      369.0867      398.8665   165669    8.07%
    368   285      374.1945     9      369.0867      398.8665   167690    8.07%
    373   287      391.0646    19      369.0867      398.8531   170178    8.06%
    376   290      382.7188    15      369.0867      398.8531   172138    8.06%
    390   300        cutoff            369.0867      398.8531   174086    8.06%
    396   304      375.6193    11      369.0867      397.5963   176146    7.72%
Elapsed time = 91.53 sec. (77473.83 ticks, tree = 7.54 MB, solutions = 4)
    403   307      388.3764    22      369.0867      397.5002   178260    7.70%
    408   312      378.5394    21      369.0867      397.5002   180033    7.70%
    413   317      372.6967    17      369.0867      397.5002   181597    7.70%
    419   319      388.1054    21      369.0867      397.4993   184196    7.70%
    420   320      386.7686    23      369.0867      397.4993   185613    7.70%
    427   327      374.9761     8      369.0867      397.4993   187476    7.70%
    436   330      392.4627    24      369.0867      397.1950   189795    7.62%
    439   333      386.5236    21      369.0867      397.1950   191890    7.62%
    440   334      383.8371    21      369.0867      397.1950   193032    7.62%
    444   338      378.8735    18      369.0867      397.1950   195409    7.62%
Elapsed time = 103.74 sec. (90787.64 ticks, tree = 9.24 MB, solutions = 4)
    450   344      369.9499    15      369.0867      397.1950   197812    7.62%
    456   346      389.1294    21      369.0867      397.1416   201519    7.60%
    459   349      383.9930    17      369.0867      397.1416   203630    7.60%
    461   351      380.2647    13      369.0867      397.1416   205262    7.60%
    471   357      392.0508    18      369.0867      397.0219   207110    7.57%
    475   361      383.6885    14      369.0867      397.0219   209085    7.57%
    480   366      378.1166    14      369.0867      397.0219   211395    7.57%
    490   376      370.1835    12      369.0867      397.0219   213860    7.57%
    495   377      393.5445    28      369.0867      397.0182   216713    7.57%
    498   380      385.0635    26      369.0867      397.0182   218637    7.57%
Elapsed time = 115.81 sec. (103286.48 ticks, tree = 9.52 MB, solutions = 4)
    502   384      379.7238    26      369.0867      397.0182   220404    7.57%
    506   388      374.9642    24      369.0867      397.0182   222315    7.57%
    511   389      391.5610    26      369.0867      397.0160   224557    7.57%
    514   392      387.9478    23      369.0867      397.0160   226566    7.57%
    518   396      380.9041    16      369.0867      397.0160   228462    7.57%
    520   398      379.9473    19      369.0867      397.0160   228980    7.57%
    525   403      372.4331    17      369.0867      397.0160   230620    7.57%
    531   405      390.1082    26      369.0867      396.8877   232131    7.53%
    535   409      381.8383    24      369.0867      396.8877   234269    7.53%
    549   419      390.7366    21      369.0867      396.8636   241316    7.53%
Elapsed time = 128.93 sec. (118296.68 ticks, tree = 11.47 MB, solutions = 4)
*   562   392      integral     0      371.4267      396.8636   244779    6.85%
*   566   343      integral     0      373.4685      396.8636   245028    6.26%
    587   360      383.8682    18      373.4685      396.8397   251167    6.26%
    610   379      373.6230    15      373.4685      396.6872   257000    6.22%
    629   391      391.2829    24      373.4685      396.5367   263061    6.18%
    652   404      382.8005    11      373.4685      395.9880   268199    6.03%
    677   425      378.2614    20      373.4685      395.9839   273329    6.03%
    694   438      375.6390    18      373.4685      395.9116   279451    6.01%
    720   456      391.1813    21      373.4685      395.8004   284732    5.98%
    746   478      379.9274    15      373.4685      395.7156   290674    5.96%
Elapsed time = 159.93 sec. (152728.87 ticks, tree = 22.07 MB, solutions = 6)
    768   492      376.5888    23      373.4685      395.4616   296619    5.89%
    794   510      389.4987    27      373.4685      394.8771   303514    5.73%
    806   516      386.7534    20      373.4685      394.6321   309446    5.67%
    825   531      378.7527    14      373.4685      394.4874   315658    5.63%
    842   544      373.4875    11      373.4685      394.2591   320346    5.57%
    852   550      375.4214    16      373.4685      393.6706   326818    5.41%
    863   557      376.4919    10      373.4685      393.6526   331672    5.40%
    886   569        cutoff            373.4685      393.6367   337695    5.40%
    896   575      389.8296    19      373.4685      393.5345   343682    5.37%

Performing restart 1

Repeating presolve.
Tried aggregator 1 time.
Reduced MIP has 1363 rows, 2096 columns, and 55323 nonzeros.
Reduced MIP has 696 binaries, 0 generals, 0 SOSs, and 0 indicators.
Presolve time = 0.02 sec. (12.01 ticks)
Tried aggregator 1 time.
Reduced MIP has 1363 rows, 2096 columns, and 55323 nonzeros.
Reduced MIP has 696 binaries, 0 generals, 0 SOSs, and 0 indicators.
Presolve time = 0.02 sec. (12.00 ticks)
Represolve time = 0.24 sec. (190.61 ticks)
    916     2      406.0639    33      373.4685      393.5345   358533    5.37%
Elapsed time = 199.22 sec. (197274.92 ticks, tree = 0.01 MB, solutions = 6)
    953    33      395.8913    23      373.4685      393.5345   372911    5.37%
    987    63      374.3470    27      373.4685      393.5345   387751    5.37%
   1030    98      382.8204    21      373.4685      393.5345   404242    5.37%
   1108   156      378.3447    19      373.4685      393.5345   420248    5.37%
   1177   213      387.5022    12      373.4685      393.5345   436292    5.37%
   1245   270      381.6614    19      373.4685      393.5345   446946    5.37%
   1322   335      389.6006    29      373.4685      393.5345   460658    5.37%
   1375   380      383.7826    17      373.4685      393.5345   474637    5.37%
   1427   423      375.0821    16      373.4685      393.5345   486128    5.37%
   1498   476      388.6285    26      373.4685      393.5345   498608    5.37%
Elapsed time = 245.51 sec. (236496.83 ticks, tree = 1.00 MB, solutions = 6)
   1545   515      378.5568    16      373.4685      393.5345   511129    5.37%
   1617   571      388.7980    19      373.4685      393.5345   524229    5.37%
   1666   612      381.2780    27      373.4685      393.4350   537050    5.35%
   1716   650      388.8120    22      373.4685      393.3085   548244    5.31%
   1776   702      375.3932    13      373.4685      392.9836   561399    5.23%
   1823   735      387.5941    16      373.4685      392.9395   573086    5.21%
   1891   791      385.1426    22      373.4685      392.7222   584861    5.16%
   1934   822      384.7337    20      373.4685      392.3220   597330    5.05%
   1973   849      385.0249    19      373.4685      392.0810   609433    4.98%
   2036   900      385.9794    20      373.4685      391.8117   621520    4.91%
Elapsed time = 288.48 sec. (275419.24 ticks, tree = 1.91 MB, solutions = 6)
   2093   949      378.9274    13      373.4685      391.1499   633138    4.73%
   2149   993      380.1894    11      373.4685      391.0385   643676    4.70%
   2214  1045      379.9462    20      373.4685      390.8260   654925    4.65%
   2249  1068      383.1938    12      373.4685      390.3078   665890    4.51%
   2304  1108      382.6692    19      373.4685      390.1835   677259    4.48%
   2335  1129        cutoff            373.4685      389.9100   688362    4.40%
   2391  1176      374.4232    12      373.4685      389.7085   699311    4.35%
   2463  1234        cutoff            373.4685      389.5956   710067    4.32%
   2496  1257      374.3077    14      373.4685      389.3807   720682    4.26%
   2544  1289      378.3839    17      373.4685      389.2381   731440    4.22%
Elapsed time = 329.76 sec. (314092.85 ticks, tree = 2.78 MB, solutions = 6)
   2592  1321      385.4205    16      373.4685      389.0202   742530    4.16%
   2640  1357      375.0347    13      373.4685      388.9975   753005    4.16%
   2676  1381      377.5469    15      373.4685      388.9070   763665    4.13%
   2715  1402      381.9290    28      373.4685      388.7856   774344    4.10%
   2753  1424      383.6439    19      373.4685      388.6217   784736    4.06%
   2784  1443      381.1146    23      373.4685      388.5987   794493    4.05%
   2839  1478      383.9151    20      373.4685      388.4351   805882    4.01%
*  2894  1493      integral     0      373.7848      388.3235   815534    3.89%
   2905  1496      378.6307    14      373.7848      388.2810   817062    3.88%
   2945  1522      383.3739    13      373.7848      388.1805   829200    3.85%
   2998  1556      381.0605    16      373.7848      388.0327   841299    3.81%
Elapsed time = 368.53 sec. (353040.32 ticks, tree = 3.32 MB, solutions = 7)
   3055  1599        cutoff            373.7848      387.8428   853721    3.76%
   3097  1628      383.2204    24      373.7848      387.7403   865410    3.73%
   3141  1658      377.9188    14      373.7848      387.5822   877201    3.69%
   3202  1705      373.9723    10      373.7848      387.4938   888334    3.67%
   3239  1726      383.8864    26      373.7848      387.3142   899777    3.62%
   3292  1767      380.3492    14      373.7848      387.1923   910570    3.59%
   3335  1796      374.7810    15      373.7848      387.1227   921904    3.57%
   3375  1821      380.3076    16      373.7848      386.9940   932610    3.53%
   3416  1846      383.0368    10      373.7848      386.9033   943080    3.51%
*  3447  1411      integral     0      375.9685      386.9004   946458    2.91%
Elapsed time = 405.15 sec. (389443.98 ticks, tree = 3.01 MB, solutions = 8)
   3497  1435      382.7898     9      375.9685      386.8578   957710    2.90%
   3548  1466      380.0284    10      375.9685      386.7272   968928    2.86%
   3597  1491      380.6212    18      375.9685      386.6122   980128    2.83%
   3640  1514      383.3610    16      375.9685      386.4776   991176    2.80%
   3684  1534      381.9939    12      375.9685      386.2156  1002371    2.73%
   3723  1553      380.4047    15      375.9685      386.1041  1013335    2.70%
   3766  1574      381.5698    19      375.9685      385.9757  1023973    2.66%
   3816  1594        cutoff            375.9685      385.8602  1035107    2.63%
   3860  1610      377.8326    17      375.9685      385.6640  1046411    2.58%
   3915  1641      377.7247    17      375.9685      385.5860  1055651    2.56%
Elapsed time = 442.13 sec. (427981.86 ticks, tree = 3.49 MB, solutions = 8)
   3958  1656        cutoff            375.9685      385.5053  1065551    2.54%
   3995  1675        cutoff            375.9685      385.4561  1075788    2.52%
   4045  1697      381.8519    17      375.9685      385.4062  1086174    2.51%
   4095  1725      380.4921    12      375.9685      385.3229  1097220    2.49%
   4131  1739      379.7001    14      375.9685      385.2554  1107419    2.47%
   4166  1758      377.7453    13      375.9685      385.1549  1117591    2.44%
   4209  1779      377.0119    19      375.9685      385.0522  1128614    2.42%
   4255  1801      379.9795    12      375.9685      384.9705  1139507    2.39%
   4300  1827      381.3820    12      375.9685      384.9414  1149480    2.39%
   4345  1846      380.5297    11      375.9685      384.8597  1160428    2.36%
Elapsed time = 478.46 sec. (466725.40 ticks, tree = 3.92 MB, solutions = 8)
   4391  1872      382.2766    17      375.9685      384.7669  1170761    2.34%
   4430  1891      379.5537    12      375.9685      384.7305  1181192    2.33%
   4469  1904        cutoff            375.9685      384.6672  1192208    2.31%
   4522  1931      379.0363    16      375.9685      384.6388  1202713    2.31%
   4583  1966      376.7046    18      375.9685      384.5269  1214240    2.28%
   4618  1977      379.9927    22      375.9685      384.4701  1225949    2.26%
   4680  2009      381.1891    14      375.9685      384.4177  1236992    2.25%
   4725  2029      376.9474    20      375.9685      384.3293  1248597    2.22%
   4762  2040      379.0316    13      375.9685      384.2575  1259376    2.20%
   4819  2067      378.1724    13      375.9685      384.2064  1268800    2.19%
Elapsed time = 515.52 sec. (505855.59 ticks, tree = 4.40 MB, solutions = 8)
   4858  2078      382.3805    11      375.9685      384.1615  1278135    2.18%
   4894  2096      377.7109    16      375.9685      384.1252  1288760    2.17%
   4935  2115      377.8779    12      375.9685      384.0262  1299193    2.14%
   4972  2126      376.3783    17      375.9685      383.9766  1309114    2.13%
   5016  2147      376.3517    22      375.9685      383.8754  1319737    2.10%
   5065  2164      377.5165    21      375.9685      383.8093  1330430    2.09%
   5121  2186      378.6678     8      375.9685      383.7304  1341874    2.06%
   5180  2209        cutoff            375.9685      383.6623  1353325    2.05%
   5226  2231      379.5581    15      375.9685      383.6410  1364768    2.04%
   5276  2249      377.1087    14      375.9685      383.5593  1376464    2.02%
Elapsed time = 551.51 sec. (544704.68 ticks, tree = 4.74 MB, solutions = 8)
   5332  2273      377.0972    10      375.9685      383.5145  1387582    2.01%
   5386  2296      376.4263    18      375.9685      383.4219  1398881    1.98%
*  5416  2187      integral     0      376.3930      383.3781  1404741    1.86%
   5464  2204      376.4195    23      376.3930      383.3393  1415804    1.85%
   5509  2219      376.6571    14      376.3930      383.2970  1427334    1.83%
   5560  2234        cutoff            376.3930      383.2571  1438032    1.82%
   5604  2248      377.3146    20      376.3930      383.2008  1449707    1.81%
   5664  2268      379.4168    14      376.3930      383.1125  1460934    1.79%
   5723  2292      376.4152    12      376.3930      383.0630  1471226    1.77%
   5790  2325      378.2258    14      376.3930      382.9944  1481740    1.75%
Elapsed time = 586.06 sec. (581669.37 ticks, tree = 4.94 MB, solutions = 9)
   5855  2347      380.4219     9      376.3930      382.9287  1493101    1.74%
   5917  2371      378.3204    18      376.3930      382.8689  1504154    1.72%
   5977  2399      377.7549     8      376.3930      382.7787  1514836    1.70%
   6031  2409        cutoff            376.3930      382.7052  1525970    1.68%
   6081  2423      376.8609    22      376.3930      382.6644  1537686    1.67%
   6131  2439      380.8274    16      376.3930      382.6008  1548881    1.65%
   6192  2466      379.3206    25      376.3930      382.5198  1560020    1.63%
   6245  2477        cutoff            376.3930      382.4489  1571113    1.61%
   6295  2489        cutoff            376.3930      382.4021  1582167    1.60%
   6350  2506      377.8704    23      376.3930      382.3261  1593610    1.58%
Elapsed time = 621.70 sec. (620711.97 ticks, tree = 5.28 MB, solutions = 9)
   6404  2518      379.5549    13      376.3930      382.2686  1604729    1.56%
*  6421  2099      integral     0      377.3039      382.2473  1607601    1.31%
   6484  2112        cutoff            377.3039      382.2016  1618407    1.30%
   6529  2115      379.5530    10      377.3039      382.1185  1628772    1.28%
   6586  2122      378.2748    21      377.3039      382.0682  1639681    1.26%
   6643  2127      378.2460    19      377.3039      381.9915  1650797    1.24%
   6704  2139        cutoff            377.3039      381.9487  1661643    1.23%
   6754  2139      379.6741    16      377.3039      381.9042  1672812    1.22%
   6818  2154      378.4525    12      377.3039      381.8276  1683701    1.20%
   6880  2160      379.8519    14      377.3039      381.7882  1694636    1.19%
Elapsed time = 653.62 sec. (656475.46 ticks, tree = 4.66 MB, solutions = 10)
   6933  2171      377.4815     9      377.3039      381.7570  1705372    1.18%
   6984  2178      378.5827    15      377.3039      381.6910  1716396    1.16%
   7056  2194      377.9453    10      377.3039      381.6307  1726832    1.15%
   7118  2202      379.0501    26      377.3039      381.5733  1738310    1.13%
   7176  2202        cutoff            377.3039      381.5293  1749484    1.12%
   7242  2212        cutoff            377.3039      381.4762  1760164    1.11%
   7301  2219      378.0070    13      377.3039      381.4362  1770980    1.10%
   7371  2227      378.0983    14      377.3039      381.3646  1782176    1.08%
   7443  2239        cutoff            377.3039      381.3208  1792868    1.06%
   7496  2240      378.5590    17      377.3039      381.2568  1804083    1.05%
Elapsed time = 688.06 sec. (695271.27 ticks, tree = 4.85 MB, solutions = 10)
   7565  2245      378.8187     6      377.3039      381.2125  1814903    1.04%
   7628  2250      378.5232    13      377.3039      381.1717  1825588    1.03%
   7690  2252      378.2439    11      377.3039      381.1218  1836157    1.01%
   7754  2250      378.7671    18      377.3039      381.0952  1847201    1.00%
   7816  2252      377.8182    12      377.3039      381.0307  1857922    0.99%
   7888  2252      377.9330    10      377.3039      380.9137  1868825    0.96%
   7953  2247        cutoff            377.3039      380.8352  1879167    0.94%
   8025  2255      379.3321     8      377.3039      380.7554  1889757    0.91%
   8091  2257        cutoff            377.3039      380.7146  1900316    0.90%
   8163  2253      377.8711     6      377.3039      380.6142  1910643    0.88%
Elapsed time = 721.85 sec. (733673.99 ticks, tree = 4.91 MB, solutions = 10)
   8222  2255      379.6673    23      377.3039      380.5654  1921432    0.86%
   8298  2256        cutoff            377.3039      380.5157  1931860    0.85%
   8377  2257      378.8130    10      377.3039      380.4426  1942372    0.83%
   8456  2259      377.7610    17      377.3039      380.3811  1953154    0.82%
   8517  2250        cutoff            377.3039      380.3309  1963988    0.80%
   8599  2252      378.0838    16      377.3039      380.2997  1974480    0.79%
   8680  2248      377.9237    18      377.3039      380.2381  1985120    0.78%
   8757  2241      378.1144    11      377.3039      380.1761  1996130    0.76%
   8842  2235      378.7910    17      377.3039      380.0932  2006596    0.74%
   8918  2230      377.5312    14      377.3039      380.0389  2017666    0.72%
Elapsed time = 755.97 sec. (772424.94 ticks, tree = 4.84 MB, solutions = 10)
   9008  2228      377.9484    12      377.3039      380.0083  2027765    0.72%
   9092  2224      379.2161    21      377.3039      379.9624  2037941    0.70%
   9161  2219      377.6559    16      377.3039      379.9018  2048607    0.69%
   9240  2204      377.4342    13      377.3039      379.8528  2059345    0.68%
   9315  2187      378.6350     6      377.3039      379.7872  2069895    0.66%
   9404  2176      377.3286     2      377.3039      379.7341  2079775    0.64%
   9484  2154      377.5397    22      377.3039      379.6671  2090531    0.63%
   9561  2128        cutoff            377.3039      379.6273  2101058    0.62%
   9654  2111      377.3501     9      377.3039      379.5655  2111019    0.60%
   9742  2093      377.8984    25      377.3039      379.5284  2121206    0.59%
Elapsed time = 788.58 sec. (811128.19 ticks, tree = 4.60 MB, solutions = 10)
   9823  2064      377.3275     7      377.3039      379.4904  2131898    0.58%
   9904  2036      377.7095    11      377.3039      379.4403  2142654    0.57%
   9991  2004      378.9456    21      377.3039      379.3849  2153137    0.55%
  10084  1976      377.4249    13      377.3039      379.3248  2163710    0.54%
  10168  1939      377.6651    21      377.3039      379.2640  2174805    0.52%
  10265  1896        cutoff            377.3039      379.1974  2184891    0.50%
  10359  1847        cutoff            377.3039      379.1415  2195374    0.49%
  10458  1808      377.4115    10      377.3039      379.0718  2205686    0.47%
  10557  1771      377.6648    12      377.3039      379.0118  2216162    0.45%
  10656  1724      377.3423     6      377.3039      378.9667  2226386    0.44%
Elapsed time = 819.77 sec. (849836.37 ticks, tree = 3.88 MB, solutions = 10)
  10755  1667      377.3575     5      377.3039      378.9102  2236389    0.43%
  10855  1615      377.8875    10      377.3039      378.8517  2246392    0.41%
  10961  1550      377.3930    10      377.3039      378.7615  2256294    0.39%
  11072  1468        cutoff            377.3039      378.6848  2266158    0.37%
  11193  1381        cutoff            377.3039      378.6044  2275534    0.34%
  11319  1287        cutoff            377.3039      378.5234  2284881    0.32%
  11441  1186        cutoff            377.3039      378.4191  2294012    0.30%
  11574  1069        cutoff            377.3039      378.3079  2302739    0.27%
  11714   951        cutoff            377.3039      378.1874  2311125    0.23%
  11874   799        cutoff            377.3039      378.0700  2318506    0.20%
Elapsed time = 847.32 sec. (888054.78 ticks, tree = 1.90 MB, solutions = 10)
  12048   633        cutoff            377.3039      377.9249  2325112    0.16%
  12241   440        cutoff            377.3039      377.7581  2330658    0.12%
  12460   225        cutoff            377.3039      377.5640  2334718    0.07%

Flow cuts applied:  4
Mixed integer rounding cuts applied:  12
User cuts applied:  10106

Root node processing (before b&c):
  Real time             =    7.00 sec. (1831.46 ticks)
Sequential b&c:
  Real time             =  848.83 sec. (901331.39 ticks)
                          ------------
Total (root+branch&cut) =  855.83 sec. (903162.85 ticks)
|V|                                     700
K                                       10
theta                                   0.10
r                                       2
R                                       20
prob_func                               facility_mixture
mixture_low_share                       0.500000
mixture_low_interval                    [0.001000, 0.010000]
mixture_high_interval                   [0.100000, 0.500000]
mixture_seed                            1
#C1                                     1152
#CP                                     51540

@Parameters: 
am_callback_heuristic                   false
am_local_search                         true
am_start_heuristic                      false
colocation                              false
comp                                    false
cutC                                    true
cutC_init                               false
cutF                                    true
cutF_init                               false
cutF_stable                             false
cutF_wrong                              false
cutLocal                                false
cutM                                    true
cutM_init                               true
cutM_stable                             false
cutP                                    true
cutP_init                               false
cutP_stable                             false
init                                    true
init_cutF_zero                          false
init_val_greedy                         true
is_Euclidean                            false
is_local_search                         true
is_right_cutP                           true
is_root                                 false
is_silent                               false
is_start                                false
mycut                                   false
pmed                                    false
pre                                     true
stable_root                             false
str                                     false
two_phase                               false
ubstr                                   false
mode                                    Bin

am_callback_node_space                  50
init                                    0
mixture_seed                            1
node_space                              5
nodelimit                               -1
nsepa                                   1
strF                                    0
type_delta                              0

EPS                                     0.001000
EPS_FRAC                                0.00
gap                                     0.00
mixture_high_max                        0.50
mixture_high_min                        0.10
mixture_low_max                         0.01
mixture_low_min                         0.00
mixture_low_share                       0.50
timelimit                               3600.00

Number of Closed Sites: 4 / 40 
Number of Confined Sites-1: 4 / 36 
Number of Confined Sites-k: 692 / 2456 
Preprocess Time: 1.24 + 0.00 sec

Solve Time: 855.83
Number of Nodes: 12690
Termination Status: OPTIMAL

CutInfo: [phase] num / time (sec) / aver. num_nonzero
max              [LP]     0 / 0.00 / 0.00 [init]   681 / 0.33 / 8.12 [rLC]  1077 / 0.58 / 20.27 [rUC]  2879 / 1.54 / 9.05 [sLC]   492 / 1.46 / 18.86 [sUC]  2310 / 6.39 / 14.78 
prod_oa          [LP]     0 / 0.00 / 0.00 [init]     0 / 0.00 / 0.00 [rLC]     0 / 0.00 / 0.00 [rUC]     0 / 0.00 / 0.00 [sLC]     0 / 0.00 / 0.00 [sUC]     0 / 0.00 / 0.00 
prod_sm_fixed    [LP]     0 / 0.00 / 0.00 [init]     0 / 0.00 / 0.00 [rLC]     0 / 0.00 / 0.00 [rUC]     0 / 0.00 / 0.00 [sLC]     0 / 0.00 / 0.00 [sUC]     0 / 0.00 / 0.00 
prod_bin         [LP]     0 / 0.00 / 0.00 [init]   681 / 0.48 / 0.00 [rLC]  1727 / 1.55 / 0.00 [rUC]  1872 / 1.44 / 0.00 [sLC]  7133 / 9.56 / 0.00 [sUC] 12142 / 16.17 / 0.00 
prod_local       [LP]     0 / 0.00 / 0.00 [init]     0 / 0.00 / 0.00 [rLC]     0 / 0.00 / 0.00 [rUC]     0 / 0.00 / 0.00 [sLC]     0 / 0.00 / 0.00 [sUC]     0 / 0.00 / 0.00 
prod_sm_C        [LP]     0 / 0.00 / 0.00 [init]     0 / 0.00 / 0.00 [rLC]     0 / 0.00 / 0.00 [rUC]     0 / 0.00 / 0.00 [sLC]     0 / 0.00 / 0.00 [sUC]     0 / 0.00 / 0.00 
facet            [LP]     0 / 0.00 / 0.00 [init]     0 / 0.00 / 0.00 [rLC]     0 / 0.00 / 0.00 [rUC]     0 / 0.00 / 0.00 [sLC]     0 / 0.00 / 0.00 [sUC]     0 / 0.00 / 0.00 
Separation Round:   [LP] 0  [init] 1  [rLC] 6  [rUC] 21  [sLC] 62  [sUC] 14791  
Root Best Bound 407.198741
Root Best Integer: 362.609022
Best Bound: 377.489720
Best Integer: 377.303867
1: 94, 115, 116, 151, 266, 310, 334, 360, 469, 640
Objective Value (calc): 377.303867
sum_etaM = 256.830743 / 256.830743
sum_etaP = 390.689770 / 390.689770
nL: 10
nCL: 0
mCL: 1
