Version identifier: 20.1.0.0 | 2020-11-10 | 9bedb6d68
CPXPARAM_Threads                                 1
CPXPARAM_TimeLimit                               3600
CPXPARAM_MIP_Tolerances_MIPGap                   0
Generic callback                                 0x60
1 of 1 MIP starts provided solutions.
MIP start 'm1' defined initial solution with objective 425.5730.
Tried aggregator 1 time.
Reduced MIP has 589 rows, 1500 columns, and 7368 nonzeros.
Reduced MIP has 500 binaries, 0 generals, 0 SOSs, and 0 indicators.
Presolve time = 0.00 sec. (1.70 ticks)
Probing time = 0.00 sec. (0.39 ticks)
Tried aggregator 1 time.
Reduced MIP has 589 rows, 1500 columns, and 7368 nonzeros.
Reduced MIP has 500 binaries, 0 generals, 0 SOSs, and 0 indicators.
Presolve time = 0.00 sec. (1.70 ticks)
Probing time = 0.00 sec. (0.39 ticks)
MIP emphasis: balance optimality and feasibility.
MIP search method: dynamic search.
Parallel mode: none, using 1 thread.
Root relaxation solution time = 0.01 sec. (14.63 ticks)

        Nodes                                         Cuts/
   Node  Left     Objective  IInf  Best Integer    Best Bound    ItCnt     Gap

*     0+    0                          425.5730      500.0000            17.49%
      0     0      485.0966   166      425.5730      485.0966      673   13.99%
      0     0      445.5593   167      425.5730     Cuts: 247     1029    4.70%
      0     0      442.2189   171      425.5730     Cuts: 247     1366    3.91%
      0     0      440.8233   171      425.5730     Cuts: 252     1652    3.58%
      0     0      439.9972   164      425.5730     Cuts: 191     1906    3.39%
      0     0      439.5877   157      425.5730     Cuts: 163     2100    3.29%
      0     0      439.3878   168      425.5730     Cuts: 160     2245    3.25%
      0     0      439.2792   164      425.5730      Cuts: 89     2370    3.22%
      0     0      439.2243   171      425.5730      Cuts: 58     2445    3.21%
      0     0      439.1964   169      425.5730      Cuts: 49     2520    3.20%
      0     0      439.1825   172      425.5730      Cuts: 53     2581    3.20%
      0     0      439.1708   173      425.5730 UserPurge2: 29     2616    3.20%
      0     0      439.1546   169      425.5730 UserPurge2: 16     2653    3.19%
      0     0      439.1506   177      425.5730 UserPurge2: 23     2691    3.19%
      0     0      439.1492   178      425.5730 UserPurge2: 8     2703    3.19%
      0     0      439.1483   179      425.5730 UserPurge2: 2     2707    3.19%
      0     2      439.1483   179      425.5730      439.1464     2707    3.19%
Elapsed time = 1.70 sec. (847.91 ticks, tree = 0.01 MB, solutions = 1)
     10    12      438.5628   174      425.5730      439.1364     4300    3.19%
     20    22      438.3574   174      425.5730      439.1364     6497    3.19%
     30    32      438.1449   132      425.5730      439.1364     8261    3.19%
     45    47      437.9057   111      425.5730      439.1364    10106    3.19%
     60    62      437.7260    17      425.5730      439.1364    11949    3.19%
*    74    66      integral     0      437.6668      439.1364    12847    0.34%
     79    70      438.7824   177      437.6668      439.1275    13942    0.33%
     90    81      438.3095   172      437.6668      439.1275    15803    0.33%
    100    91      438.1528   144      437.6668      439.1275    18138    0.33%
    111   102      437.9399    76      437.6668      439.1275    20339    0.33%
*   128    84      integral     0      437.9133      439.1275    20993    0.28%
    157   108      438.1434   170      437.9133      439.0610    28124    0.26%
Elapsed time = 10.12 sec. (4320.12 ticks, tree = 0.40 MB, solutions = 3)
*   182   120      integral     0      437.9241      439.0610    30655    0.26%
    201   138      438.0915   129      437.9241      438.8238    34851    0.21%
*   218   114      integral     0      438.0768      438.8238    35836    0.17%
*   261   131      integral     0      438.1173      438.8237    41667    0.16%
    262   132      438.7196   178      438.1173      438.8140    42013    0.16%
    298   156        cutoff            438.1173      438.7710    48908    0.15%
    337   191      438.1247   130      438.1173      438.7653    55960    0.15%
*   376   204      integral     0      438.1257      438.7587    59879    0.14%
    392   215      438.6934   174      438.1257      438.7248    63377    0.14%
*   438   227      integral     0      438.1399      438.7195    69264    0.13%
    440   229      438.5833   169      438.1399      438.7183    69582    0.13%
    480   257      438.5344   175      438.1399      438.7078    76637    0.13%
    520   289      438.1412   144      438.1399      438.7061    84345    0.13%

Performing restart 1

Repeating presolve.
Tried aggregator 1 time.
Reduced MIP has 589 rows, 1500 columns, and 7368 nonzeros.
Reduced MIP has 500 binaries, 0 generals, 0 SOSs, and 0 indicators.
Presolve time = 0.00 sec. (1.72 ticks)
Tried aggregator 1 time.
Reduced MIP has 589 rows, 1500 columns, and 7368 nonzeros.
Reduced MIP has 500 binaries, 0 generals, 0 SOSs, and 0 indicators.
Presolve time = 0.00 sec. (1.72 ticks)
Represolve time = 0.02 sec. (15.52 ticks)
    548     0      438.7125   176      438.1399      Cuts: 27    91877    0.13%
    548     0      438.7030   163      438.1399      Cuts: 14    91927    0.13%
    548     0      438.6963   164      438.1399    MIRcuts: 9    91983    0.13%
    548     0      438.6947   162      438.1399   MIRcuts: 10    92007    0.13%
    548     0      438.6936   163      438.1399       Cuts: 7    92023    0.13%
    548     0      438.6913   162      438.1399    MIRcuts: 4    92041    0.13%
    548     0      438.6900   161      438.1399    MIRcuts: 4    92060    0.13%
    548     0      438.6900   161      438.1399    MIRcuts: 1    92066    0.13%
    548     0      438.6900   161      438.1399    MIRcuts: 1    92070    0.13%
    548     0      438.6899   161      438.1399    MIRcuts: 1    92071    0.13%
    548     0      438.6711   135      438.1399      Cuts: 21    92144    0.12%
    548     0      438.6664   144      438.1399      Cuts: 18    92183    0.12%
    548     0      438.6644   144      438.1399      Cuts: 20    92222    0.12%
    548     0      438.6627   139      438.1399       Cuts: 7    92245    0.12%
    548     0      438.6590   149      438.1399       Cuts: 9    92272    0.12%
    548     2      438.6590   152      438.1399      438.6588    92272    0.12%
    550     4      438.5173   176      438.1399      438.6311    93068    0.11%
Elapsed time = 28.42 sec. (15129.50 ticks, tree = 0.01 MB, solutions = 8)
    573    20      438.2420   148      438.1399      438.5975    95635    0.10%
*   630    52      integral     0      438.1423      438.5975    97769    0.10%
    667    73      438.4597   176      438.1423      438.5155   101605    0.09%
*   735   112      integral     0      438.1728      438.5125   107032    0.08%
    757   133      438.2646   126      438.1728      438.5015   109382    0.08%
*   782    85      integral     0      438.2528      438.5015   109965    0.06%
    836   122      438.3972   175      438.2528      438.4665   115931    0.05%
    903   170      438.2867   153      438.2528      438.4576   123475    0.05%
    988   227      438.3497   167      438.2528      438.4333   131691    0.04%
   1084   285      438.3398   166      438.2528      438.4101   138341    0.04%
   1184   337      438.3374   164      438.2528      438.3933   144467    0.03%
   1294   384        cutoff            438.2528      438.3822   150612    0.03%
   1404   426      438.3426   166      438.2528      438.3632   155874    0.03%
Elapsed time = 46.08 sec. (24774.65 ticks, tree = 2.10 MB, solutions = 11)
   1513   443      438.2574   156      438.2528      438.3501   161603    0.02%
   1615   442      438.3199   154      438.2528      438.3438   167650    0.02%
   1745   444        cutoff            438.2528      438.3334   173750    0.02%
   1838   450        cutoff            438.2528      438.3235   179427    0.02%
   1953   447      438.2567    99      438.2528      438.3148   185643    0.01%
   2074   426      438.2600   168      438.2528      438.3063   191586    0.01%
   2205   417      438.2607   154      438.2528      438.3002   197959    0.01%
   2336   384        cutoff            438.2528      438.2930   203456    0.01%
   2476   323        cutoff            438.2528      438.2825   209535    0.01%
   2644   250      438.2633   141      438.2528      438.2716   215843    0.00%
Elapsed time = 58.10 sec. (34378.91 ticks, tree = 1.91 MB, solutions = 11)

Implied bound cuts applied:  3
Flow cuts applied:  18
Mixed integer rounding cuts applied:  123
Lift and project cuts applied:  2
Gomory fractional cuts applied:  3
User cuts applied:  1414

Root node processing (before b&c):
  Real time             =    1.70 sec. (847.75 ticks)
Sequential b&c:
  Real time             =   57.13 sec. (34260.53 ticks)
                          ------------
Total (root+branch&cut) =   58.83 sec. (35108.28 ticks)
|V|                                     500
K                                       167
theta                                   0.20
r                                       1
R                                       20
prob_func                               facility_mixture
mixture_low_share                       0.500000
mixture_low_interval                    [0.001000, 0.010000]
mixture_high_interval                   [0.100000, 0.500000]
mixture_seed                            1
#C1                                     610
#CP                                     14610

@Parameters: 
am_callback_heuristic                   false
am_local_search                         true
am_start_heuristic                      false
colocation                              false
comp                                    false
cutC                                    true
cutC_init                               false
cutF                                    true
cutF_init                               false
cutF_stable                             false
cutF_wrong                              false
cutLocal                                false
cutM                                    true
cutM_init                               true
cutM_stable                             false
cutP                                    true
cutP_init                               false
cutP_stable                             false
init                                    true
init_cutF_zero                          false
init_val_greedy                         true
is_Euclidean                            false
is_local_search                         true
is_right_cutP                           true
is_root                                 false
is_silent                               false
is_start                                false
mycut                                   false
pmed                                    false
pre                                     true
stable_root                             false
str                                     true
two_phase                               false
ubstr                                   false
mode                                    Int

am_callback_node_space                  50
init                                    0
mixture_seed                            1
node_space                              5
nodelimit                               -1
nsepa                                   1
strF                                    0
type_delta                              0

EPS                                     0.001000
EPS_FRAC                                0.00
gap                                     0.00
mixture_high_max                        0.50
mixture_high_min                        0.10
mixture_low_max                         0.01
mixture_low_min                         0.00
mixture_low_share                       0.50
timelimit                               3600.00

Number of Closed Sites: 5 / 835 
Number of Confined Sites-1: 13 / 2158 
Number of Confined Sites-k: 482 / 10061 
Preprocess Time: 1.14 + 0.00 sec

Solve Time: 58.83
Number of Nodes: 2926
Termination Status: OPTIMAL

CutInfo: [phase] num / time (sec) / aver. num_nonzero
max              [LP]     0 / 0.00 / 0.00 [init]   327 / 0.01 / 1.28 [rLC]   226 / 0.01 / 2.66 [rUC]   535 / 0.07 / 2.35 [sLC]     0 / 0.03 / 0.00 [sUC]   135 / 1.46 / 2.55 
prod_oa          [LP]     0 / 0.00 / 0.00 [init]   261 / 0.00 / 22.46 [rLC]   537 / 0.01 / 28.88 [rUC]  1447 / 0.09 / 35.63 [sLC]     0 / 0.05 / 0.00 [sUC]   604 / 2.74 / 26.96 
prod_sm_fixed    [LP]     0 / 0.00 / 0.00 [init]     0 / 0.00 / 0.00 [rLC]     0 / 0.00 / 0.00 [rUC]     0 / 0.00 / 0.00 [sLC]     0 / 0.00 / 0.00 [sUC]     0 / 0.00 / 0.00 
prod_bin         [LP]     0 / 0.00 / 0.00 [init]     0 / 0.00 / 0.00 [rLC]     0 / 0.00 / 0.00 [rUC]     0 / 0.00 / 0.00 [sLC]     0 / 0.00 / 0.00 [sUC]     0 / 0.00 / 0.00 
prod_local       [LP]     0 / 0.00 / 0.00 [init]     0 / 0.00 / 0.00 [rLC]     0 / 0.00 / 0.00 [rUC]     0 / 0.00 / 0.00 [sLC]     0 / 0.00 / 0.00 [sUC]     0 / 0.00 / 0.00 
prod_sm_C        [LP]     0 / 0.00 / 0.00 [init]     0 / 0.02 / 0.00 [rLC]     0 / 0.06 / 0.00 [rUC]  1511 / 0.44 / 35.53 [sLC]     0 / 0.20 / 0.00 [sUC]  1138 / 14.57 / 43.66 
facet            [LP]     0 / 0.00 / 0.00 [init]     0 / 0.00 / 0.00 [rLC]     0 / 0.00 / 0.00 [rUC]  1511 / 0.00 / 0.00 [sLC]     0 / 0.00 / 0.00 [sUC]  1138 / 0.00 / 0.00 
Separation Round:   [LP] 0  [init] 1  [rLC] 3  [rUC] 17  [sLC] 10  [sUC] 4079  
Root Best Bound 439.136353
Root Best Integer: 425.573036
Best Bound: 438.258442
Best Integer: 438.252779
1: 1, 2, 5, 10, 12, 16, 23, 31, 36, 39, 50, 53, 59, 62, 63, 64, 66, 67, 72, 77, 80, 81, 82, 85, 91, 92, 93, 94, 96, 97, 100, 103, 105, 106, 108, 109, 112, 113, 116, 117, 118, 119, 122, 123, 125, 126, 129, 130, 134, 136, 137, 139, 140, 141, 143, 146, 147, 148, 150, 151, 152, 153, 163, 167, 169, 172, 178, 181, 182, 183, 193, 194, 195, 201, 204, 205, 209, 211, 212, 214, 218, 220, 221, 225, 227, 229, 234, 237, 240, 241, 243, 249, 250, 253, 254, 260, 262, 263, 265, 266, 277, 287, 292, 298, 299, 300, 301, 302, 304, 310, 312, 314, 315, 319, 320, 323, 325, 326, 327, 328, 332, 333, 342, 343, 349, 352, 355, 361, 362, 363, 365, 366, 367, 368, 370, 377, 385, 394, 397, 400, 402, 407, 415, 420, 422, 425, 428, 432, 437, 440, 444, 446, 452, 453, 456, 458, 459, 464, 468, 473, 476, 478, 480, 494, 495, 498, 500
Objective Value (calc): 438.236623
sum_etaM = 336.503177 / 336.503177
sum_etaP = 463.690179 / 463.669984
nL: 167
nCL: 0
mCL: 1
