Version identifier: 20.1.0.0 | 2020-11-10 | 9bedb6d68
CPXPARAM_Threads                                 1
CPXPARAM_TimeLimit                               3600
CPXPARAM_MIP_Tolerances_MIPGap                   0
Generic callback                                 0x60
1 of 1 MIP starts provided solutions.
MIP start 'm1' defined initial solution with objective 552.2149.
Tried aggregator 2 times.
MIP Presolve eliminated 23 rows and 14 columns.
Aggregator did 9 substitutions.
Reduced MIP has 1900 rows, 2377 columns, and 12439 nonzeros.
Reduced MIP has 593 binaries, 584 generals, 0 SOSs, and 0 indicators.
Presolve time = 0.01 sec. (5.19 ticks)
Probing time = 0.00 sec. (0.66 ticks)
Tried aggregator 1 time.
Reduced MIP has 1900 rows, 2377 columns, and 12439 nonzeros.
Reduced MIP has 593 binaries, 584 generals, 0 SOSs, and 0 indicators.
Presolve time = 0.00 sec. (3.09 ticks)
Probing time = 0.00 sec. (0.66 ticks)
MIP emphasis: balance optimality and feasibility.
MIP search method: dynamic search.
Parallel mode: none, using 1 thread.
Root relaxation solution time = 0.05 sec. (52.30 ticks)

        Nodes                                         Cuts/
   Node  Left     Objective  IInf  Best Integer    Best Bound    ItCnt     Gap

*     0+    0                          552.2149      600.0000             8.65%
      0     0      581.4916   284      552.2149      581.4916     1519    5.30%
      0     0      560.8851   308      552.2149     Cuts: 575     2023    1.57%
      0     0      559.8585   303      552.2149     Cuts: 275     2470    1.38%
      0     0      559.3865   331      552.2149     Cuts: 223     2825    1.30%
      0     0      559.2806   350      552.2149     Cuts: 142     3005    1.28%
      0     0      559.1672   356      552.2149     Cuts: 119     3216    1.26%
      0     0      559.0847   346      552.2149      Cuts: 85     3433    1.24%
      0     0      559.0480   350      552.2149      Cuts: 64     3558    1.24%
      0     0      559.0318   353      552.2149      Cuts: 37     3658    1.23%
      0     0      559.0195   354      552.2149 UserPurge2: 20     3709    1.23%
      0     0      559.0183   358      552.2149 UserPurge2: 7     3730    1.23%
      0     0      559.0169   356      552.2149 UserPurge2: 5     3750    1.23%
      0     0      559.0167   350      552.2149 UserPurge2: 5     3765    1.23%
      0     0      559.0145   360      552.2149 UserPurge2: 7     3788    1.23%
      0     0      559.0140   359      552.2149 UserPurge2: 4     3800    1.23%
      0     0      559.0102   354      552.2149 UserPurge2: 4     3832    1.23%
      0     0      559.0101   354      552.2149 UserPurge2: 5     3842    1.23%
      0     0      559.0099   360      552.2149 UserPurge2: 4     3847    1.23%
      0     0      559.0090   364      552.2149 UserPurge2: 2     3856    1.23%
      0     0      559.0090   362      552.2149 UserPurge2: 2     3862    1.23%
      0     2      559.0090   362      552.2149      559.0088     3862    1.23%
Elapsed time = 2.73 sec. (2506.93 ticks, tree = 0.01 MB, solutions = 1)
      7     9      558.6371   340      552.2149      559.0081     5294    1.23%
     10    12      558.5986   326      552.2149      559.0081     5594    1.23%
     17    19      558.2936   306      552.2149      559.0081     7073    1.23%
     20    22      557.9761   322      552.2149      559.0081     8215    1.23%
     27    29      557.9176   290      552.2149      559.0081     9670    1.23%
     32    34      557.8246   270      552.2149      559.0081    10753    1.23%
     40    42      557.5372   261      552.2149      559.0081    12448    1.23%
     50    52      557.1908   247      552.2149      559.0081    14030    1.23%
     60    62      556.9744   226      552.2149      559.0081    14682    1.23%
    120   122      553.6074   137      552.2149      559.0081    18444    1.23%
Elapsed time = 8.29 sec. (6526.06 ticks, tree = 2.02 MB, solutions = 1)
    171   165      558.1693   330      552.2149      558.8757    22349    1.21%
    191   185      557.1929   280      552.2149      558.8757    25151    1.21%
    218   212      556.0957   233      552.2149      558.8757    29197    1.21%
    250   244      554.4063   170      552.2149      558.8757    32591    1.21%
    310   300      557.9748   319      552.2149      558.8755    36612    1.21%
    327   317      556.8102   267      552.2149      558.8755    39662    1.21%
    352   342      555.7257   223      552.2149      558.8755    43873    1.21%
    381   371      554.3736   188      552.2149      558.8755    47392    1.21%
    411   401      557.7190   302      552.2149      558.6875    51388    1.17%
    440   430      555.9027   263      552.2149      558.6875    55462    1.17%
Elapsed time = 21.17 sec. (16732.37 ticks, tree = 7.10 MB, solutions = 1)

Performing restart 1

Repeating presolve.
Tried aggregator 1 time.
MIP Presolve modified 216 coefficients.
Reduced MIP has 1900 rows, 2377 columns, and 12439 nonzeros.
Reduced MIP has 593 binaries, 584 generals, 0 SOSs, and 0 indicators.
Presolve time = 0.00 sec. (3.20 ticks)
Tried aggregator 1 time.
Reduced MIP has 1900 rows, 2377 columns, and 12439 nonzeros.
Reduced MIP has 593 binaries, 584 generals, 0 SOSs, and 0 indicators.
Presolve time = 0.00 sec. (3.16 ticks)
Represolve time = 0.03 sec. (19.16 ticks)
    481     0      557.9690   385      552.2149     Cuts: 333    64057    1.04%
    481     0      557.7002   376      552.2149     Cuts: 164    64399    0.99%
    481     0      557.5494   418      552.2149     Cuts: 153    64737    0.97%
    481     0      557.4197   398      552.2149     Cuts: 137    65029    0.94%
    481     0      557.2889   413      552.2149     Cuts: 135    65327    0.92%
    481     0      557.1934   423      552.2149     Cuts: 221    65601    0.90%
    481     0      557.0948   418      552.2149     Cuts: 145    65899    0.88%
    481     0      557.0400   418      552.2149     Cuts: 139    66117    0.87%
    481     0      556.9899   416      552.2149     Cuts: 108    66293    0.86%
    481     0      556.9703   429      552.2149     Cuts: 103    66434    0.86%
    481     0      556.9255   443      552.2149     Cuts: 146    66676    0.85%
    481     0      556.8965   451      552.2149     Cuts: 133    66875    0.85%
    481     0      556.8814   449      552.2149     Cuts: 102    67039    0.85%
    481     0      556.8714   437      552.2149     Cuts: 153    67166    0.84%
    481     0      556.8589   480      552.2149      Cuts: 99    67355    0.84%
    481     0      556.8441   442      552.2149     Cuts: 112    67573    0.84%
    481     0      556.8343   455      552.2149      Cuts: 80    67723    0.84%
    481     2      556.8343   455      552.2149      556.8338    67723    0.84%
    482     3      556.8082   404      552.2149      556.8338    68026    0.84%
    483     4      556.7306   426      552.2149      556.8081    68337    0.83%
    485     6      556.7678   408      552.2149      556.7721    68740    0.83%
    486     7      556.7446   373      552.2149      556.7702    69321    0.82%
    487     8      556.7036   413      552.2149      556.7678    70219    0.82%
    488     9      556.6954   416      552.2149      556.7678    70792    0.82%
    489    10      556.4599   388      552.2149      556.7678    71050    0.82%
    490    11      556.5316   415      552.2149      556.7678    72749    0.82%
    491    12      556.4614   382      552.2149      556.7678    73807    0.82%
Elapsed time = 42.94 sec. (39568.64 ticks, tree = 0.06 MB, solutions = 1)
    493    14      556.4801   379      552.2149      556.7678    74174    0.82%
    495    16      556.2037   397      552.2149      556.7678    74699    0.82%
    497    18      556.3956   381      552.2149      556.7678    75311    0.82%
    499    20      556.3390   360      552.2149      556.7678    76363    0.82%
    501    22      556.4561   366      552.2149      556.7678    76872    0.82%
    503    24      556.3708   369      552.2149      556.7678    77163    0.82%
    506    27      556.4172   367      552.2149      556.7678    77764    0.82%
    508    29      556.4168   361      552.2149      556.7678    77991    0.82%
    511    32      556.3156   361      552.2149      556.7678    78712    0.82%
    515    36      556.2843   361      552.2149      556.7678    79858    0.82%
Elapsed time = 53.31 sec. (51179.73 ticks, tree = 0.18 MB, solutions = 1)
    518    39      556.1453   341      552.2149      556.7678    80763    0.82%
    525    46      555.9257   340      552.2149      556.7678    83619    0.82%
    536    57      555.6786   299      552.2149      556.7678    84994    0.82%
    550    71      555.3262   282      552.2149      556.7678    86849    0.82%
    561    82      555.4163   283      552.2149      556.7678    87871    0.82%
    575    96      555.2866   254      552.2149      556.7678    89314    0.82%
    591   112      555.1418   227      552.2149      556.7678    91045    0.82%
    611   132      554.4376   161      552.2149      556.7678    92667    0.82%
    641   162      554.1701   139      552.2149      556.7678    94778    0.82%
    683   204      553.3131    76      552.2149      556.7678    96947    0.82%
Elapsed time = 64.48 sec. (62222.13 ticks, tree = 4.46 MB, solutions = 1)
    760   271      556.5147   388      552.2149      556.7677   100144    0.82%
    764   275      556.3349   386      552.2149      556.7677   100842    0.82%
    774   285      556.0584   378      552.2149      556.7677   103071    0.82%
    785   296      555.7562   346      552.2149      556.7677   105484    0.82%
    800   311      555.4529   333      552.2149      556.7677   108611    0.82%
    811   322      555.0856   282      552.2149      556.7677   110806    0.82%
    825   336      554.8055   266      552.2149      556.7677   113213    0.82%
    841   352      554.5257   225      552.2149      556.7677   115467    0.82%
    876   387      553.8186   155      552.2149      556.7677   118942    0.82%
    940   451      552.4779    44      552.2149      556.7677   121923    0.82%
Elapsed time = 75.53 sec. (72583.62 ticks, tree = 11.59 MB, solutions = 1)
    976   478      556.4756   415      552.2149      556.7305   124250    0.82%
    993   495      556.0280   331      552.2149      556.7305   126861    0.82%
   1011   513      555.5835   283      552.2149      556.7305   128807    0.82%
   1028   530      554.3360   176      552.2149      556.7305   130607    0.82%
   1074   568      556.4665   423      552.2149      556.7301   133861    0.82%
   1081   575      556.1495   376      552.2149      556.7301   135196    0.82%
   1095   589      555.8218   357      552.2149      556.7301   138133    0.82%
   1109   603      555.4887   323      552.2149      556.7301   141185    0.82%
   1121   615      555.1240   276      552.2149      556.7301   143496    0.82%
   1140   634      554.8366   197      552.2149      556.7301   146062    0.82%
Elapsed time = 85.32 sec. (82652.77 ticks, tree = 14.43 MB, solutions = 1)
   1161   655      554.4128   176      552.2149      556.7301   148422    0.82%
   1207   701      553.3351    95      552.2149      556.7301   151314    0.82%
   1283   777      556.4192   400      552.2149      556.5178   153980    0.78%
   1294   788      556.1572   382      552.2149      556.5178   156929    0.78%
   1305   799      555.8783   349      552.2149      556.5178   160126    0.78%
   1318   812      555.7426   343      552.2149      556.5178   163259    0.78%
   1327   821      555.5403   299      552.2149      556.5178   164939    0.78%
   1340   834      555.1081   271      552.2149      556.5178   167533    0.78%
   1361   855      555.0042   199      552.2149      556.5178   170234    0.78%
   1407   901      554.3195   126      552.2149      556.5178   173621    0.78%
Elapsed time = 95.92 sec. (93307.88 ticks, tree = 21.99 MB, solutions = 1)
   1475   969      553.2061    38      552.2149      556.5178   176860    0.78%
   1494   988      556.1345   359      552.2149      556.5144   179650    0.78%
   1513  1007      555.4127   280      552.2149      556.5144   183139    0.78%
   1527  1021      555.0391   239      552.2149      556.5144   185197    0.78%
   1568  1062      554.1540   129      552.2149      556.5144   188629    0.78%
   1683  1177      556.4759   430      552.2149      556.5138   192619    0.78%
   1704  1198      555.6433   296      552.2149      556.5138   196001    0.78%
   1737  1231      554.9130   190      552.2149      556.5138   199133    0.78%
   1863  1357      553.4917     8      552.2149      556.5138   202531    0.78%
*  1866  1183      integral     0      552.7855      556.5138   202545    0.67%
Elapsed time = 105.95 sec. (102187.53 ticks, tree = 31.15 MB, solutions = 2)
   1885  1200      555.8186   307      552.7855      556.5138   205577    0.67%
   1921  1236      555.0532   182      552.7855      556.5138   208481    0.67%
   2048  1351      556.3396   382      552.7855      556.5045   211967    0.67%
   2068  1371      555.6586   298      552.7855      556.5045   215065    0.67%
   2087  1390      555.1781   217      552.7855      556.5045   217080    0.67%
   2141  1440      556.4087   383      552.7855      556.4801   220447    0.67%
   2157  1456      555.9937   332      552.7855      556.4801   223747    0.67%
   2175  1474      555.5850   298      552.7855      556.4801   226748    0.67%
   2201  1500      555.1597   228      552.7855      556.4801   229979    0.67%
   2446  1721      555.3367   290      552.7855      556.4799   242638    0.67%
Elapsed time = 120.76 sec. (115415.63 ticks, tree = 47.96 MB, solutions = 2)
   2558  1825      554.7932   189      552.7855      556.4756   253645    0.67%
   2752  2005      555.7928   364      552.7855      556.4721   266570    0.67%
   2871  2111      555.9957   321      552.7855      556.4665   278810    0.67%
   2914  2154      555.0319   253      552.7855      556.4665   287262    0.67%
   3043  2272      556.1718   388      552.7855      556.4622   297131    0.67%
   3212  2437      555.7140   276      552.7855      556.4613   309503    0.66%
   3325  2542      555.4925   291      552.7855      556.4613   319397    0.66%
*  3466  2635      integral     0      552.8359      556.4613   325307    0.66%
   3564  2724      555.9183   336      552.8359      556.4596   336787    0.66%
   3646  2806      554.0851   194      552.8359      556.4596   348239    0.66%
Elapsed time = 160.18 sec. (151851.50 ticks, tree = 70.27 MB, solutions = 3)
   3775  2921      554.3295   177      552.8359      556.4567   359377    0.65%
   3958  3089      556.3457   377      552.8359      556.4504   371836    0.65%
   4116  3243      555.6490   292      552.8359      556.4475   383728    0.65%
   4222  3345      555.6968   297      552.8359      556.4473   395510    0.65%
   4340  3463      553.1157   117      552.8359      556.4473   406372    0.65%
   4491  3575      556.2514   373      552.8359      556.4375   417299    0.65%
   4646  3724      555.5529   269      552.8359      556.4338   429228    0.65%
   4833  3905      554.7282   166      552.8359      556.4310   440803    0.65%
   4936  4004      554.7747   276      552.8359      556.4286   452127    0.65%
   5063  4123      555.6119   286      552.8359      556.4207   464267    0.65%
Elapsed time = 202.62 sec. (190337.48 ticks, tree = 99.61 MB, solutions = 3)
   5180  4236      554.9517   201      552.8359      556.4179   475498    0.65%
   5286  4335      554.9899   177      552.8359      556.4174   485525    0.65%
*  5374  4065      integral     0      553.1050      556.4174   488320    0.60%
   5489  4171      556.0708   316      553.1050      556.4092   499832    0.60%
   5553  4235      554.6026   155      553.1050      556.4092   509551    0.60%
   5735  4404      556.2976   361      553.1050      556.4072   521595    0.60%
   5863  4525      555.4691   247      553.1050      556.4065   532808    0.60%
   5966  4622      555.0729   202      553.1050      556.4065   542737    0.60%
   6063  4713      555.6835   259      553.1050      556.4025   554365    0.60%
   6143  4793      554.4602   143      553.1050      556.4025   563388    0.60%
Elapsed time = 240.39 sec. (225654.43 ticks, tree = 105.09 MB, solutions = 4)
   6345  4986      554.4758   149      553.1050      556.3955   575370    0.59%
   6448  5083      554.0895   139      553.1050      556.3952   586203    0.59%
   6582  5205      556.1109   342      553.1050      556.3878   596864    0.59%
   6691  5309      555.7879   294      553.1050      556.3846   608021    0.59%
   6734  5352      554.9178   199      553.1050      556.3846   615212    0.59%
   6877  5465      555.7051   267      553.1050      556.3834   625923    0.59%
   7036  5620      554.3942   139      553.1050      556.3833   637425    0.59%
   7211  5780      555.9083   281      553.1050      556.3807   648666    0.59%
   7334  5898      554.8757   286      553.1050      556.3792   660391    0.59%
   7402  5966      553.3707   189      553.1050      556.3792   669537    0.59%
Elapsed time = 281.30 sec. (264116.39 ticks, tree = 135.59 MB, solutions = 4)
   7535  6073      555.8979   346      553.1050      556.3724   680802    0.59%
   7661  6192      555.5636   245      553.1050      556.3707   692009    0.59%
   7779  6303      555.4251   237      553.1050      556.3700   701486    0.59%
   7891  6410      555.6000   251      553.1050      556.3696   713010    0.59%
   8010  6529      553.6904    76      553.1050      556.3696   723471    0.59%
   8191  6687      555.6603   311      553.1050      556.3575   734799    0.59%
   8317  6802      555.6399   259      553.1050      556.3549   745784    0.59%
   8481  6961      553.7079   104      553.1050      556.3535   757154    0.59%
   8552  7027      555.5421   223      553.1050      556.3534   766853    0.59%
   8698  7162      555.4068   230      553.1050      556.3518   778286    0.59%
Elapsed time = 322.62 sec. (302574.04 ticks, tree = 166.76 MB, solutions = 4)
   8844  7300      553.8707    97      553.1050      556.3507   789523    0.59%
   9031  7473      555.9242   295      553.1050      556.3489   801370    0.59%
   9148  7580      555.4166   307      553.1050      556.3461   812171    0.59%
   9214  7646      554.0797   179      553.1050      556.3461   820698    0.59%
   9363  7785      553.5513    71      553.1050      556.3455   832260    0.59%
   9517  7931      556.0027   270      553.1050      556.3406   842981    0.58%
   9645  8052      555.3798   199      553.1050      556.3390   854717    0.58%
*  9735  6960      integral     0      553.5503      556.3390   859333    0.50%
   9790  7013      554.7382   262      553.5503      556.3382   869870    0.50%
   9886  7103      555.2414   228      553.5503      556.3358   879915    0.50%
Elapsed time = 361.48 sec. (338736.99 ticks, tree = 158.14 MB, solutions = 5)
  10012  7221      554.8394   157      553.5503      556.3339   890423    0.50%
  10101  7305      554.8839   185      553.5503      556.3326   897690    0.50%
  10102  7306      556.2076   382      553.5503      556.3276   898041    0.50%
  10103  7307      556.2136   377      553.5503      556.3258   898658    0.50%
  10209  7405      555.9109   282      553.5503      556.3235   909251    0.50%
  10326  7518      555.1427   223      553.5503      556.3217   920360    0.50%
  10485  7651      556.1567   377      553.5503      556.3168   932308    0.50%
  10538  7704      555.1238   248      553.5503      556.3168   942736    0.50%
  10657  7815      555.4935   272      553.5503      556.3162   953952    0.50%
  10783  7937      554.8223   171      553.5503      556.3156   963936    0.50%
Elapsed time = 423.28 sec. (394373.57 ticks, tree = 166.93 MB, solutions = 5)
  10914  8058      556.1296   355      553.5503      556.3093   974511    0.50%
  11022  8162      555.9090   319      553.5503      556.3082   985934    0.50%
  11089  8229      554.7209   191      553.5503      556.3082   995546    0.50%
  11229  8363      554.3726   134      553.5503      556.3081  1007073    0.50%
  11390  8512      556.0125   283      553.5503      556.3038  1017547    0.50%
  11545  8660      555.0600   206      553.5503      556.3018  1029285    0.50%
  11641  8751      555.7658   263      553.5503      556.3008  1039832    0.50%
  11691  8801      555.0357   191      553.5503      556.3008  1046411    0.50%
  11808  8911      554.8905   217      553.5503      556.3004  1057154    0.50%
  11960  9047      555.9887   310      553.5503      556.2974  1068288    0.50%
Elapsed time = 465.15 sec. (432811.79 ticks, tree = 189.96 MB, solutions = 5)
  12081  9163      555.4296   198      553.5503      556.2971  1077783    0.50%
  12203  9276      555.5318   272      553.5503      556.2964  1088587    0.50%
  12342  9402      556.1746   383      553.5503      556.2951  1099133    0.50%
  12481  9537      555.8536   292      553.5503      556.2946  1109333    0.50%
  12621  9671      555.1780   206      553.5503      556.2940  1120969    0.50%
  12784  9821      555.9146   368      553.5503      556.2928  1132145    0.50%
  12864  9901      554.6320   209      553.5503      556.2928  1142363    0.50%
  13012 10032      555.2196   187      553.5503      556.2921  1152050    0.50%
  13210 10211      556.0350   300      553.5503      556.2912  1163919    0.50%
  13316 10313      555.4049   233      553.5503      556.2910  1174179    0.50%
Elapsed time = 507.86 sec. (471496.63 ticks, tree = 227.43 MB, solutions = 5)
  13413 10401      555.7761   288      553.5503      556.2906  1184550    0.50%
  13505 10493      553.7979   124      553.5503      556.2906  1195185    0.50%
  13645 10607      556.0576   319      553.5503      556.2885  1205405    0.49%
  13776 10735      555.6369   244      553.5503      556.2883  1215081    0.49%
  13920 10875      554.4900   149      553.5503      556.2880  1225345    0.49%
  13996 10946      555.2400   272      553.5503      556.2869  1234744    0.49%
  14086 11036      554.1970   122      553.5503      556.2869  1245464    0.49%
  14250 11177      556.1303   318      553.5503      556.2861  1256647    0.49%
  14375 11294      555.1586   239      553.5503      556.2839  1266888    0.49%
  14538 11452      554.7074   141      553.5503      556.2836  1277717    0.49%
Elapsed time = 549.55 sec. (509786.63 ticks, tree = 260.20 MB, solutions = 5)
  14622 11529      555.2276   244      553.5503      556.2820  1288346    0.49%
  14748 11649      555.5054   263      553.5503      556.2816  1298907    0.49%
  14883 11781      554.8933   167      553.5503      556.2810  1309887    0.49%
  15052 11937      555.8505   286      553.5503      556.2781  1321476    0.49%
  15163 12040      555.1657   302      553.5503      556.2775  1331920    0.49%
  15236 12113      553.8913   182      553.5503      556.2775  1341393    0.49%
  15315 12182      554.8316   170      553.5503      556.2761  1348666    0.49%
  15511 12363      555.8539   292      553.5503      556.2740  1359959    0.49%
  15638 12482      555.4931   236      553.5503      556.2739  1370027    0.49%
  15742 12577      555.7221   277      553.5503      556.2734  1380448    0.49%
Elapsed time = 591.08 sec. (548255.83 ticks, tree = 280.19 MB, solutions = 5)
  15837 12668      556.2369   315      553.5503      556.2733  1390140    0.49%
  15969 12796      555.5124   238      553.5503      556.2733  1400627    0.49%
  16086 12905      555.1164   222      553.5503      556.2732  1411058    0.49%
  16258 13063      555.9608   338      553.5503      556.2727  1422322    0.49%
  16303 13108      554.3669   257      553.5503      556.2727  1431007    0.49%
  16412 13207      555.3738   243      553.5503      556.2721  1441519    0.49%
  16571 13360      554.0449   111      553.5503      556.2669  1453240    0.49%
  16736 13503      555.8481   318      553.5503      556.2658  1464086    0.49%
  16848 13603      555.9079   290      553.5503      556.2648  1474620    0.49%
  16948 13703      553.7642   127      553.5503      556.2648  1485023    0.49%
Elapsed time = 631.83 sec. (586611.53 ticks, tree = 308.86 MB, solutions = 5)
  17095 13829      555.9217   332      553.5503      556.2636  1495415    0.49%
  17227 13954      555.5182   208      553.5503      556.2636  1505998    0.49%
  17379 14098      555.9584   378      553.5503      556.2625  1517660    0.49%
  17441 14160      555.0353   224      553.5503      556.2625  1528305    0.49%
  17586 14273      555.6505   294      553.5503      556.2624  1538792    0.49%
  17736 14414      555.1110   230      553.5503      556.2619  1549873    0.49%
  17884 14552      556.1356   377      553.5503      556.2610  1561147    0.49%
  17989 14653      555.9517   289      553.5503      556.2604  1572195    0.49%
  18081 14745      554.1988   136      553.5503      556.2604  1582436    0.49%
  18247 14888      555.9921   361      553.5503      556.2596  1593878    0.49%
Elapsed time = 673.03 sec. (625385.74 ticks, tree = 336.57 MB, solutions = 5)
  18371 15007      555.2554   189      553.5503      556.2589  1604893    0.49%
  18493 15119      554.7780   147      553.5503      556.2584  1613922    0.49%
  18573 15193      555.2916   265      553.5503      556.2578  1623284    0.49%
  18691 15296      555.9288   266      553.5503      556.2567  1633664    0.49%
* 18810 15380      integral     0      553.5551      556.2567  1641093    0.49%
  18928 15492      555.7579   282      553.5551      556.2531  1650434    0.49%
  19101 15659      554.7368   108      553.5551      556.2530  1661441    0.49%
  19211 15763      555.3313   234      553.5551      556.2529  1671955    0.49%
  19334 15882      555.1562   212      553.5551      556.2527  1682957    0.49%
  19512 16052      553.6534    36      553.5551      556.2518  1694543    0.49%
Elapsed time = 713.26 sec. (662471.09 ticks, tree = 369.84 MB, solutions = 6)
  19660 16186      555.5425   273      553.5551      556.2511  1705514    0.49%
* 19773 15970      integral     0      553.6001      556.2511  1710718    0.48%
  19822 16019      555.3275   300      553.6001      556.2502  1721054    0.48%
  19952 16139      555.9993   305      553.6001      556.2493  1732186    0.48%
  20092 16274      555.4961   239      553.6001      556.2487  1741572    0.48%
  20252 16422      554.0400    73      553.6001      556.2482  1753159    0.48%
  20386 16542      555.9505   304      553.6001      556.2474  1763990    0.48%
  20464 16620      554.0882   189      553.6001      556.2474  1775420    0.48%
  20614 16743      554.7370   150      553.6001      556.2457  1786348    0.48%
  20765 16882      555.9250   315      553.6001      556.2455  1797476    0.48%
Elapsed time = 752.75 sec. (699071.80 ticks, tree = 387.06 MB, solutions = 7)
  20898 17011      555.6128   216      553.6001      556.2443  1806917    0.48%
  20991 17099      555.8539   280      553.6001      556.2443  1817204    0.48%
  21039 17147      554.3982   161      553.6001      556.2443  1825666    0.48%
  21161 17254      555.1053   229      553.6001      556.2421  1836570    0.48%
  21307 17394      554.7951   112      553.6001      556.2418  1846761    0.48%
  21475 17548      555.7986   304      553.6001      556.2407  1857918    0.48%
  21582 17652      555.5791   309      553.6001      556.2400  1868648    0.48%
  21666 17736      554.5977   158      553.6001      556.2400  1878488    0.48%
  21841 17902      556.1093   353      553.6001      556.2396  1889194    0.48%
  21981 18038      555.3440   233      553.6001      556.2393  1900083    0.48%
Elapsed time = 793.75 sec. (737636.17 ticks, tree = 414.62 MB, solutions = 7)
  22118 18167      554.6785   148      553.6001      556.2391  1909830    0.48%
  22206 18249      555.4025   220      553.6001      556.2390  1920298    0.48%
  22349 18374      555.9701   307      553.6001      556.2369  1932024    0.48%
  22481 18502      555.4518   232      553.6001      556.2358  1941823    0.48%
  22675 18681      553.7846    35      553.6001      556.2355  1952361    0.48%
  22833 18822      555.8336   355      553.6001      556.2347  1963714    0.48%
  22893 18882      554.5484   195      553.6001      556.2347  1972995    0.48%
  23026 19007      554.9811   195      553.6001      556.2346  1983214    0.48%
  23208 19178      555.9362   313      553.6001      556.2345  1994545    0.48%
  23363 19328      554.8216   191      553.6001      556.2342  2005464    0.48%
Elapsed time = 835.31 sec. (776071.21 ticks, tree = 451.64 MB, solutions = 7)
  23442 19403      555.4754   290      553.6001      556.2338  2015188    0.48%
  23532 19493      554.0434   142      553.6001      556.2338  2025195    0.48%
  23683 19625      556.0526   314      553.6001      556.2335  2034246    0.48%
  23833 19770      555.0597   246      553.6001      556.2331  2045178    0.48%
  24015 19942      555.7785   368      553.6001      556.2330  2056901    0.48%
  24076 20003      555.1014   189      553.6001      556.2330  2067748    0.48%
  24198 20114      554.9824   195      553.6001      556.2324  2077782    0.48%
  24369 20272      556.0797   345      553.6001      556.2316  2088333    0.48%
  24496 20394      555.4966   260      553.6001      556.2311  2097768    0.48%
  24596 20490      555.0476   266      553.6001      556.2310  2108099    0.48%
Elapsed time = 876.17 sec. (814518.44 ticks, tree = 481.26 MB, solutions = 7)
  24681 20572      555.7012   259      553.6001      556.2306  2117928    0.48%
  24825 20709      554.8636   176      553.6001      556.2306  2128693    0.48%
  24998 20872      555.7677   298      553.6001      556.2292  2139684    0.47%
  25118 20988      555.2817   243      553.6001      556.2290  2150385    0.47%
  25231 21093      556.0165   291      553.6001      556.2277  2161030    0.47%
  25367 21225      555.0753   222      553.6001      556.2261  2170999    0.47%
  25534 21386      553.6575    99      553.6001      556.2260  2181900    0.47%
  25669 21509      555.9334   296      553.6001      556.2259  2192412    0.47%
  25739 21579      554.8393   157      553.6001      556.2259  2202319    0.47%
  25914 21740      554.7582   160      553.6001      556.2250  2213111    0.47%
Elapsed time = 917.16 sec. (852856.77 ticks, tree = 522.00 MB, solutions = 7)
  26070 21880      555.8256   300      553.6001      556.2245  2224220    0.47%
  26209 22013      555.0998   170      553.6001      556.2244  2234358    0.47%
  26311 22111      555.0107   253      553.6001      556.2236  2245967    0.47%
  26448 22244      555.3795   220      553.6001      556.2235  2257721    0.47%
  26605 22397      554.3561   123      553.6001      556.2234  2268012    0.47%
  26764 22541      555.4810   304      553.6001      556.2227  2278614    0.47%
  26873 22646      555.0070   253      553.6001      556.2225  2289712    0.47%
  26967 22728      553.6321   122      553.6001      556.2225  2299042    0.47%
  27115 22868      555.3533   225      553.6001      556.2222  2309873    0.47%
  27250 23000      554.6895   164      553.6001      556.2219  2320601    0.47%
Elapsed time = 958.10 sec. (891158.10 ticks, tree = 543.82 MB, solutions = 7)
  27405 23146      556.0188   309      553.6001      556.2215  2331681    0.47%
  27477 23218      554.3600   186      553.6001      556.2215  2342459    0.47%
  27621 23347      555.7954   286      553.6001      556.2207  2353327    0.47%
  27755 23473      555.2483   162      553.6001      556.2196  2363645    0.47%
  27917 23619      555.5274   361      553.6001      556.2193  2374926    0.47%
  27980 23682      554.4426   214      553.6001      556.2193  2385430    0.47%
  28127 23822      556.0106   329      553.6001      556.2190  2396334    0.47%
  28272 23964      555.2703   198      553.6001      556.2185  2407144    0.47%
  28437 24119      555.8860   353      553.6001      556.2178  2419274    0.47%
  28509 24191      554.6301   207      553.6001      556.2178  2430323    0.47%
Elapsed time = 999.44 sec. (929678.19 ticks, tree = 578.39 MB, solutions = 7)
  28672 24341      556.1230   319      553.6001      556.2173  2441447    0.47%
  28802 24467      555.5018   253      553.6001      556.2171  2452244    0.47%
  28961 24620      554.4495   135      553.6001      556.2168  2463532    0.47%
  29054 24703      555.3074   223      553.6001      556.2167  2474431    0.47%
  29185 24820      555.8216   286      553.6001      556.2166  2485622    0.47%
  29304 24933      555.7479   239      553.6001      556.2164  2493967    0.47%
  29443 25068      554.7557   139      553.6001      556.2163  2504623    0.47%
  29635 25249      555.7873   350      553.6001      556.2154  2515352    0.47%
  29703 25317      554.5804   197      553.6001      556.2154  2525098    0.47%
  29835 25437      555.0296   243      553.6001      556.2150  2536440    0.47%
Elapsed time = 1041.28 sec. (968108.73 ticks, tree = 617.90 MB, solutions = 7)
  29980 25575      554.4664   100      553.6001      556.2143  2546146    0.47%
  30145 25729      555.8884   286      553.6001      556.2136  2557290    0.47%
  30268 25846      555.6829   313      553.6001      556.2129  2568661    0.47%
  30368 25944      553.7320   110      553.6001      556.2129  2580487    0.47%
  30509 26069      556.0183   297      553.6001      556.2126  2590195    0.47%
  30661 26215      555.1952   224      553.6001      556.2123  2600695    0.47%
  30861 26397      556.0896   335      553.6001      556.2112  2612092    0.47%
  30916 26452      555.3885   230      553.6001      556.2112  2621413    0.47%
  31051 26578      555.4243   265      553.6001      556.2110  2632643    0.47%
  31161 26685      554.8086   189      553.6001      556.2108  2643092    0.47%
Elapsed time = 1082.67 sec. (1006684.81 ticks, tree = 652.33 MB, solutions = 7)
  31309 26825      555.9680   317      553.6001      556.2105  2654717    0.47%
  31421 26933      555.8570   330      553.6001      556.2103  2665815    0.47%
  31501 27013      553.9787   138      553.6001      556.2103  2676573    0.47%
  31646 27142      555.5027   259      553.6001      556.2098  2687481    0.47%
  31774 27266      555.0283   227      553.6001      556.2096  2697761    0.47%
  31945 27423      556.1290   349      553.6001      556.2091  2709052    0.47%
  31984 27462      555.2931   231      553.6001      556.2091  2716976    0.47%
  32106 27575      555.3644   243      553.6001      556.2090  2727130    0.47%
  32245 27710      554.5463   158      553.6001      556.2089  2738042    0.47%
  32401 27857      555.6225   259      553.6001      556.2087  2749559    0.47%
Elapsed time = 1123.91 sec. (1045381.64 ticks, tree = 674.05 MB, solutions = 7)
  32503 27955      555.5259   308      553.6001      556.2083  2759525    0.47%
  32586 28038      553.9414   171      553.6001      556.2083  2770030    0.47%
  32739 28176      555.8715   298      553.6001      556.2077  2780290    0.47%
  32905 28329      555.1559   199      553.6001      556.2075  2791074    0.47%
  33093 28504      555.7248   332      553.6001      556.2065  2802772    0.47%
  33154 28565      554.6901   195      553.6001      556.2065  2812745    0.47%
  33269 28668      554.9111   187      553.6001      556.2063  2823202    0.47%
  33464 28849      555.6116   293      553.6001      556.2060  2833897    0.47%
  33596 28972      555.1346   219      553.6001      556.2059  2844382    0.47%
  33698 29067      555.1782   277      553.6001      556.2058  2853596    0.47%
Elapsed time = 1165.85 sec. (1083785.64 ticks, tree = 687.95 MB, solutions = 7)
  33789 29152      555.8733   309      553.6001      556.2058  2863509    0.47%
  33929 29284      555.0052   233      553.6001      556.2057  2874556    0.47%
  34108 29449      555.8755   276      553.6001      556.2057  2886296    0.47%
  34232 29568      554.6982   262      553.6001      556.2049  2897421    0.47%
  34326 29654      555.7074   257      553.6001      556.2047  2907358    0.47%
  34481 29804      554.5393   114      553.6001      556.2045  2918332    0.47%
  34631 29941      555.8715   329      553.6001      556.2039  2929214    0.47%
  34749 30053      555.3443   260      553.6001      556.2037  2940611    0.47%
  34854 30144      556.0394   371      553.6001      556.2037  2950707    0.47%
  34971 30253      555.6251   281      553.6001      556.2034  2961838    0.47%
Elapsed time = 1207.43 sec. (1122246.34 ticks, tree = 709.35 MB, solutions = 7)
  35096 30375      554.9738   147      553.6001      556.2033  2972843    0.47%
  35269 30531      555.4468   357      553.6001      556.2027  2983878    0.47%
  35311 30573      554.6788   283      553.6001      556.2027  2992295    0.47%
  35409 30667      555.5587   268      553.6001      556.2026  3002309    0.47%
  35533 30787      555.1641   226      553.6001      556.2025  3012334    0.47%
  35716 30961      556.0251   337      553.6001      556.2023  3023038    0.47%
  35830 31072      555.3064   295      553.6001      556.2022  3033891    0.47%
  35936 31172      555.9680   309      553.6001      556.2013  3044643    0.47%
  36077 31307      555.1940   224      553.6001      556.2013  3055325    0.47%
  36228 31446      556.1048   330      553.6001      556.2012  3066809    0.47%
Elapsed time = 1248.92 sec. (1160777.07 ticks, tree = 742.83 MB, solutions = 7)
  36359 31570      555.7386   326      553.6001      556.2012  3077278    0.47%
  36412 31623      554.7702   234      553.6001      556.2012  3086172    0.47%
  36524 31729      555.2957   251      553.6001      556.2011  3096692    0.47%
  36656 31857      554.4990   186      553.6001      556.2011  3107931    0.47%
  36829 32022      555.7411   265      553.6001      556.2005  3118281    0.47%
* 36934 31187      integral     0      553.6680      556.2005  3123822    0.46%
  36989 31242      554.5379   233      553.6680      556.2003  3133300    0.46%
  37100 31348      554.5149   165      553.6680      556.2000  3143542    0.46%
  37282 31521      555.5732   282      553.6680      556.1993  3154639    0.46%
  37417 31652      555.1281   171      553.6680      556.1991  3164814    0.46%
Elapsed time = 1288.35 sec. (1197358.91 ticks, tree = 742.52 MB, solutions = 8)
* 37488 31347      integral     0      553.6933      556.1991  3168004    0.45%
  37540 31399      554.5168   228      553.6933      556.1990  3177384    0.45%
  37661 31511      555.0685   214      553.6933      556.1990  3188262    0.45%
  37832 31671      556.0772   353      553.6933      556.1970  3198598    0.45%
  37973 31808      555.1452   206      553.6933      556.1968  3209290    0.45%
  38086 31916      555.1134   244      553.6933      556.1958  3219609    0.45%
  38178 32004      555.0677   203      553.6933      556.1956  3229599    0.45%
  38325 32140      555.7480   360      553.6933      556.1955  3240527    0.45%
  38461 32268      555.3383   237      553.6933      556.1953  3250927    0.45%
* 38550 30921      integral     0      553.8070      556.1953  3254413    0.43%
Elapsed time = 1324.71 sec. (1230472.45 ticks, tree = 721.19 MB, solutions = 10)
  38623 30992      554.5445   246      553.8070      556.1951  3265594    0.43%
  38768 31127      555.9050   328      553.8070      556.1950  3275951    0.43%
  38902 31258      555.0735   254      553.8070      556.1949  3286942    0.43%
  39091 31434      555.9271   385      553.8070      556.1948  3298121    0.43%
  39134 31477      555.2260   265      553.8070      556.1948  3307101    0.43%
  39248 31585      555.7331   354      553.8070      556.1947  3317515    0.43%
  39364 31697      555.5418   217      553.8070      556.1945  3327336    0.43%
  39554 31876      555.9904   353      553.8070      556.1943  3339107    0.43%
  39671 31987      555.4923   292      553.8070      556.1943  3349223    0.43%
  39745 32053      555.8102   287      553.8070      556.1940  3358810    0.43%
Elapsed time = 1366.71 sec. (1268950.85 ticks, tree = 753.04 MB, solutions = 10)
  39884 32188      555.1774   191      553.8070      556.1938  3369608    0.43%
  40059 32351      555.5401   301      553.8070      556.1937  3380879    0.43%
  40162 32450      554.8659   293      553.8070      556.1932  3391559    0.43%
  40242 32510      555.6321   311      553.8070      556.1932  3401334    0.43%
  40353 32616      555.1800   212      553.8070      556.1930  3411326    0.43%
  40522 32776      556.1133   365      553.8070      556.1927  3422197    0.43%
  40638 32888      555.0160   336      553.8070      556.1926  3433026    0.43%
  40706 32956      554.1693   196      553.8070      556.1926  3442115    0.43%
  40829 33069      554.2781    82      553.8070      556.1925  3451340    0.43%
  40971 33203      555.5988   283      553.8070      556.1923  3461393    0.43%
Elapsed time = 1408.69 sec. (1307526.18 ticks, tree = 781.13 MB, solutions = 10)
  41122 33351      554.1771    92      553.8070      556.1922  3472114    0.43%
  41183 33404      555.0508   251      553.8070      556.1922  3481008    0.43%
  41297 33512      555.2551   225      553.8070      556.1921  3491947    0.43%
  41466 33674      556.0087   319      553.8070      556.1920  3502474    0.43%
  41611 33811      555.0075   212      553.8070      556.1919  3513346    0.43%
  41688 33884      555.6439   262      553.8070      556.1918  3523193    0.43%
  41771 33967      553.8261   145      553.8070      556.1918  3533422    0.43%
  41902 34086      555.4194   231      553.8070      556.1915  3544320    0.43%
  42069 34246      556.0937   349      553.8070      556.1904  3555641    0.43%
  42177 34350      555.7202   340      553.8070      556.1900  3566322    0.43%
Elapsed time = 1450.74 sec. (1346053.45 ticks, tree = 808.69 MB, solutions = 10)
  42241 34414      554.6188   216      553.8070      556.1900  3576139    0.43%
  42368 34523      555.0148   231      553.8070      556.1900  3587023    0.43%
  42538 34679      556.0546   348      553.8070      556.1894  3598084    0.43%
  42666 34803      555.3420   208      553.8070      556.1881  3608700    0.43%
  42748 34882      555.0718   312      553.8070      556.1879  3619440    0.43%
  42831 34952      556.1007   306      553.8070      556.1878  3629500    0.43%
  42981 35093      555.2385   216      553.8070      556.1876  3640163    0.43%
  43155 35258      555.8382   319      553.8070      556.1873  3651303    0.43%
  43275 35371      554.8754   242      553.8070      556.1871  3661643    0.43%
  43367 35459      555.1386   236      553.8070      556.1866  3672061    0.43%
Elapsed time = 1492.67 sec. (1384600.59 ticks, tree = 833.89 MB, solutions = 10)
  43531 35609      555.9054   340      553.8070      556.1862  3683109    0.43%
  43661 35730      555.5166   203      553.8070      556.1862  3693509    0.43%
  43759 35820      555.7543   274      553.8070      556.1858  3703754    0.43%
  43821 35882      554.8917   180      553.8070      556.1858  3712897    0.43%
  44013 36058      554.4374    74      553.8070      556.1858  3724673    0.43%
  44162 36196      555.3423   216      553.8070      556.1856  3735536    0.43%
  44309 36339      554.1926   125      553.8070      556.1854  3745928    0.43%
  44384 36409      554.1780   246      553.8070      556.1852  3756187    0.43%
  44501 36516      556.0196   305      553.8070      556.1849  3766090    0.43%
  44623 36631      555.4745   252      553.8070      556.1848  3776569    0.43%
Elapsed time = 1534.76 sec. (1423088.64 ticks, tree = 857.85 MB, solutions = 10)
  44765 36770      554.1846    96      553.8070      556.1844  3787358    0.43%
  44847 36847      554.9192   220      553.8070      556.1841  3797943    0.43%
  44957 36940      555.6975   300      553.8070      556.1841  3807667    0.43%
  45073 37052      555.3010   206      553.8070      556.1839  3818569    0.43%
  45249 37216      555.9231   336      553.8070      556.1835  3829735    0.43%
  45363 37323      555.8736   311      553.8070      556.1834  3840345    0.43%
  45420 37380      554.7361   179      553.8070      556.1834  3850004    0.43%
  45554 37508      554.8079   191      553.8070      556.1833  3860701    0.43%
  45705 37646      556.0323   346      553.8070      556.1829  3871056    0.43%
  45842 37778      555.1184   251      553.8070      556.1825  3882428    0.43%
Elapsed time = 1576.79 sec. (1461479.49 ticks, tree = 880.29 MB, solutions = 10)
  45935 37865      555.6252   249      553.8070      556.1818  3893010    0.43%
  46007 37935        cutoff            553.8070      556.1818  3902246    0.43%
  46141 38051      556.1212   356      553.8070      556.1817  3912134    0.43%
  46265 38170      555.4867   256      553.8070      556.1816  3922662    0.43%
  46407 38306      554.4905   140      553.8070      556.1815  3933455    0.43%
  46482 38377      554.8681   236      553.8070      556.1814  3942365    0.43%
  46575 38460      555.2482   242      553.8070      556.1806  3952384    0.43%
  46726 38605      553.8501   104      553.8070      556.1804  3962782    0.43%
  46853 38717      555.8421   242      553.8070      556.1800  3973376    0.43%
  46964 38824      555.7046   297      553.8070      556.1796  3983588    0.43%
Elapsed time = 1617.96 sec. (1499964.65 ticks, tree = 903.21 MB, solutions = 10)
  47070 38916      556.0429   305      553.8070      556.1795  3993433    0.43%
  47208 39047      555.3467   234      553.8070      556.1794  4004487    0.43%
  47358 39188      555.9658   364      553.8070      556.1791  4015088    0.43%
  47481 39302      555.0844   329      553.8070      556.1785  4026565    0.43%
  47536 39357      554.0908   244      553.8070      556.1785  4036664    0.43%
  47665 39467      555.9693   309      553.8070      556.1780  4046847    0.43%
  47777 39577      555.5741   264      553.8070      556.1779  4055868    0.43%
  47972 39756      555.9524   364      553.8070      556.1773  4066961    0.43%
  48040 39824      554.5562   229      553.8070      556.1773  4078070    0.43%
  48141 39908      555.1814   203      553.8070      556.1773  4087536    0.43%
Elapsed time = 1659.87 sec. (1538428.93 ticks, tree = 924.77 MB, solutions = 10)
  48311 40067      555.9227   328      553.8070      556.1771  4098332    0.43%
  48442 40192      555.2063   193      553.8070      556.1770  4108973    0.43%
  48523 40269      555.5936   285      553.8070      556.1769  4119359    0.43%
  48564 40310      554.7807   203      553.8070      556.1769  4127616    0.43%
  48692 40430      555.3865   220      553.8070      556.1768  4138995    0.43%
  48839 40569      554.3048    94      553.8070      556.1768  4149732    0.43%
  48968 40690      555.4978   230      553.8070      556.1760  4160256    0.43%
  49058 40775      555.4483   259      553.8070      556.1759  4170853    0.43%
  49132 40849      554.3135   145      553.8070      556.1759  4180933    0.43%
  49286 40978      555.8282   285      553.8070      556.1758  4191519    0.43%
Elapsed time = 1701.67 sec. (1576941.95 ticks, tree = 952.89 MB, solutions = 10)
  49418 41107      555.0395   203      553.8070      556.1754  4202286    0.43%
  49575 41253      556.0168   292      553.8070      556.1750  4213221    0.43%
  49625 41303      554.7037   171      553.8070      556.1750  4222089    0.43%
  49749 41421      555.0392   196      553.8070      556.1749  4232980    0.43%
  49923 41582      555.8589   348      553.8070      556.1747  4244211    0.43%
  50070 41717      555.2257   173      553.8070      556.1737  4255008    0.43%
  50161 41801      555.0843   199      553.8070      556.1737  4264383    0.43%
  50312 41938      554.7910   185      553.8070      556.1737  4276143    0.43%
  50481 42100      555.5800   292      553.8070      556.1733  4286951    0.43%
  50633 42245      554.0053   122      553.8070      556.1733  4298476    0.43%
Elapsed time = 1744.66 sec. (1615604.68 ticks, tree = 975.38 MB, solutions = 10)
  50683 42289      555.1112   266      553.8070      556.1732  4308345    0.43%
  50757 42354      555.8592   285      553.8070      556.1731  4318320    0.43%
  50880 42471      555.4834   211      553.8070      556.1728  4328444    0.43%
  51041 42617      554.3563    86      553.8070      556.1726  4338747    0.43%
  51174 42741      555.5133   313      553.8070      556.1724  4350085    0.43%
  51235 42802      554.3124   177      553.8070      556.1724  4360310    0.43%
  51351 42905      554.8050   148      553.8070      556.1720  4370638    0.43%
  51526 43068      555.5738   232      553.8070      556.1715  4381981    0.43%
  51681 43219      554.2564   125      553.8070      556.1714  4392879    0.43%
  51747 43282      555.1615   270      553.8070      556.1713  4404091    0.43%
Elapsed time = 1786.27 sec. (1653961.03 ticks, tree = 987.70 MB, solutions = 10)
  51830 43357      553.8405   146      553.8070      556.1713  4413943    0.43%
  51970 43482      555.1664   230      553.8070      556.1711  4424263    0.43%
  52103 43609      554.6694   164      553.8070      556.1710  4434183    0.43%
  52245 43739      555.7935   352      553.8070      556.1705  4445095    0.43%
  52298 43792      555.1809   217      553.8070      556.1705  4454209    0.43%
  52416 43898      554.8883   216      553.8070      556.1702  4465163    0.43%
  52527 44003      554.3298   184      553.8070      556.1695  4474235    0.43%
  52666 44131      555.7099   272      553.8070      556.1685  4485303    0.43%
  52776 44235      555.4198   287      553.8070      556.1684  4495760    0.43%
  52879 44326      555.6784   305      553.8070      556.1680  4506214    0.43%
Elapsed time = 1827.82 sec. (1692556.24 ticks, tree = 1010.29 MB, solutions = 10)
  52999 44442      555.1670   185      553.8070      556.1678  4516357    0.43%
  53161 44595      555.8283   246      553.8070      556.1678  4527797    0.43%
  53259 44689      555.0512   280      553.8070      556.1676  4539080    0.43%
  53323 44753      554.0438   171      553.8070      556.1676  4548211    0.43%
  53456 44872      555.7469   238      553.8070      556.1672  4558222    0.43%
  53601 45012      554.7098   135      553.8070      556.1671  4569158    0.43%
  53736 45135      555.6271   311      553.8070      556.1671  4579371    0.43%
  53810 45209      554.4586   151      553.8070      556.1671  4590414    0.43%
  53974 45351      555.6403   272      553.8070      556.1669  4601988    0.43%
  54106 45478      554.7177   183      553.8070      556.1669  4613024    0.43%
Elapsed time = 1869.79 sec. (1731039.39 ticks, tree = 1043.76 MB, solutions = 10)
  54229 45592      555.8597   326      553.8070      556.1665  4623411    0.43%
  54315 45666      555.9886   311      553.8070      556.1664  4634501    0.43%
  54446 45792      555.2171   250      553.8070      556.1664  4645021    0.43%
  54593 45932      554.2818   124      553.8070      556.1661  4655888    0.43%
  54716 46047      555.7181   313      553.8070      556.1654  4666757    0.43%
  54769 46100      554.9139   203      553.8070      556.1654  4676751    0.43%
  54874 46192      555.1036   227      553.8070      556.1652  4687445    0.43%
  55004 46306      554.8644   207      553.8070      556.1650  4697250    0.43%
  55162 46450      556.0236   334      553.8070      556.1650  4708315    0.43%
  55293 46576      555.3849   295      553.8070      556.1649  4719965    0.43%
Elapsed time = 1911.47 sec. (1769483.59 ticks, tree = 1070.79 MB, solutions = 10)
  55421 46690      555.9579   363      553.8070      556.1649  4731662    0.43%
  55553 46819      555.5011   245      553.8070      556.1645  4742342    0.43%
  55681 46942      554.9997   196      553.8070      556.1645  4752524    0.43%
  55827 47080      555.7104   333      553.8070      556.1641  4764159    0.43%
  55909 47162      553.9295   179      553.8070      556.1641  4774723    0.43%
  56049 47278      555.7526   289      553.8070      556.1639  4785301    0.43%
  56180 47405      554.8944   172      553.8070      556.1638  4794969    0.43%
* 56243 47451      integral     0      553.8075      556.1638  4796882    0.43%
  56349 47548      555.7574   286      553.8075      556.1638  4807471    0.43%
  56406 47605      554.7832   160      553.8075      556.1638  4817297    0.43%
Elapsed time = 1950.51 sec. (1804899.93 ticks, tree = 1087.35 MB, solutions = 11)
  56542 47735      554.3951    72      553.8075      556.1638  4827882    0.43%
  56674 47860      555.3853   223      553.8075      556.1637  4838445    0.43%
  56820 47999      554.5877   109      553.8075      556.1636  4849541    0.43%
  56886 48062      554.7859   238      553.8075      556.1636  4858967    0.43%
  56986 48155      555.0953   190      553.8075      556.1634  4868570    0.43%
  57149 48309      555.3295   258      553.8075      556.1629  4880277    0.43%
  57311 48459      554.1419    96      553.8075      556.1629  4891350    0.43%
  57377 48522      554.4693   217      553.8075      556.1628  4901265    0.43%
  57491 48630      554.5075   116      553.8075      556.1627  4912053    0.43%
  57622 48753      555.0554   240      553.8075      556.1624  4923494    0.43%
Elapsed time = 1991.33 sec. (1843214.84 ticks, tree = 1100.03 MB, solutions = 11)
  57763 48887      553.8391    81      553.8075      556.1623  4934683    0.43%
  57810 48928      554.9777   271      553.8075      556.1621  4943983    0.43%
  57888 49006      554.0845   140      553.8075      556.1621  4954204    0.43%
  58032 49140      555.3775   204      553.8075      556.1617  4964486    0.43%
  58171 49274      554.5979   191      553.8075      556.1617  4974501    0.43%
  58309 49397      555.7078   316      553.8075      556.1609  4985550    0.42%
  58363 49451      554.4650   186      553.8075      556.1609  4995474    0.42%
  58482 49558      554.5581   167      553.8075      556.1608  5005069    0.42%
  58631 49691      555.3868   245      553.8075      556.1605  5015314    0.42%
  58743 49798      555.0821   207      553.8075      556.1605  5026456    0.42%
Elapsed time = 2031.54 sec. (1881574.08 ticks, tree = 1124.77 MB, solutions = 11)
  58845 49894      555.3222   228      553.8075      556.1605  5037714    0.42%
  58969 50007      555.5768   246      553.8075      556.1603  5047623    0.42%
  59114 50148      554.7354   129      553.8075      556.1601  5058133    0.42%
  59249 50273      555.5189   233      553.8075      556.1599  5069262    0.42%
  59361 50376      555.1546   239      553.8075      556.1596  5079893    0.42%
  59476 50482      555.7430   280      553.8075      556.1595  5090413    0.42%
  59612 50608      555.0701   178      553.8075      556.1592  5101263    0.42%
  59761 50748      555.8133   296      553.8075      556.1585  5112196    0.42%
  59879 50861      554.7135   257      553.8075      556.1584  5123298    0.42%
  59970 50942      555.0021   204      553.8075      556.1583  5133050    0.42%
Elapsed time = 2072.82 sec. (1919976.62 ticks, tree = 1154.67 MB, solutions = 11)
  60100 51065      556.0272   327      553.8075      556.1578  5144001    0.42%
  60220 51181      555.0315   215      553.8075      556.1577  5154686    0.42%
  60317 51274      555.4183   214      553.8075      556.1576  5166361    0.42%
  60421 51372      555.9665   307      553.8075      556.1574  5176262    0.42%
  60539 51485      555.2509   252      553.8075      556.1573  5186793    0.42%
  60684 51617      554.3963    81      553.8075      556.1571  5197900    0.42%
  60820 51742      555.8249   290      553.8075      556.1566  5208776    0.42%
  60892 51814      554.6370   163      553.8075      556.1566  5218482    0.42%
  61057 51963      555.7093   292      553.8075      556.1565  5229958    0.42%
  61186 52082      555.0512   217      553.8075      556.1559  5240535    0.42%
Elapsed time = 2114.03 sec. (1958408.29 ticks, tree = 1177.96 MB, solutions = 11)
  61336 52224      555.8103   351      553.8075      556.1556  5252869    0.42%
  61400 52288      554.3110   204      553.8075      556.1556  5263673    0.42%
  61522 52400      554.3111    84      553.8075      556.1555  5273503    0.42%
  61661 52531      555.5592   258      553.8075      556.1554  5284468    0.42%
  61789 52655      554.9697   178      553.8075      556.1553  5294564    0.42%
  61874 52735      555.4523   250      553.8075      556.1552  5305076    0.42%
  61989 52836      555.8370   319      553.8075      556.1549  5316299    0.42%
  62131 52968      554.6254   162      553.8075      556.1548  5327194    0.42%
  62295 53117      555.4684   259      553.8075      556.1544  5338430    0.42%
  62396 53214      554.7834   214      553.8075      556.1543  5347987    0.42%
Elapsed time = 2155.02 sec. (1996973.94 ticks, tree = 1204.30 MB, solutions = 11)
  62503 53316      555.3059   233      553.8075      556.1541  5357822    0.42%
  62651 53459      554.0628   131      553.8075      556.1540  5369033    0.42%
  62788 53586      555.4712   260      553.8075      556.1537  5380257    0.42%
  62885 53677      555.1788   271      553.8075      556.1537  5389339    0.42%
  62975 53758      555.3858   229      553.8075      556.1535  5399687    0.42%
  63163 53936      555.9757   335      553.8075      556.1532  5411005    0.42%
  63301 54067      555.1874   231      553.8075      556.1531  5420780    0.42%
  63392 54154      555.0170   249      553.8075      556.1529  5432103    0.42%
  63493 54246      555.3772   239      553.8075      556.1526  5442870    0.42%
  63657 54398      556.0330   368      553.8075      556.1524  5453278    0.42%
Elapsed time = 2196.18 sec. (2035377.12 ticks, tree = 1230.24 MB, solutions = 11)
  63794 54526      555.1622   226      553.8075      556.1520  5464782    0.42%
  63903 54632      555.0507   244      553.8075      556.1517  5475167    0.42%
  64030 54748      555.6065   278      553.8075      556.1515  5485634    0.42%
  64147 54857      554.9792   186      553.8075      556.1513  5495401    0.42%
  64305 55004      555.7477   262      553.8075      556.1511  5506407    0.42%
  64395 55090      555.4888   300      553.8075      556.1511  5517208    0.42%
  64453 55148      554.3228   183      553.8075      556.1511  5526314    0.42%
  64603 55285      555.8975   315      553.8075      556.1510  5537273    0.42%
  64726 55391      555.4420   218      553.8075      556.1509  5546671    0.42%
  64881 55538      555.5276   328      553.8075      556.1507  5557601    0.42%
Elapsed time = 2238.03 sec. (2074126.68 ticks, tree = 1257.24 MB, solutions = 11)
  64938 55595      554.5741   229      553.8075      556.1507  5567033    0.42%
  65042 55693      554.6970   151      553.8075      556.1504  5577532    0.42%
  65197 55832      555.7808   250      553.8075      556.1503  5588113    0.42%
  65331 55962      554.8949   174      553.8075      556.1502  5598199    0.42%
  65426 56048      554.5515   198      553.8075      556.1500  5608434    0.42%
  65562 56174      555.7516   277      553.8075      556.1498  5619484    0.42%
  65677 56285      554.7537   211      553.8075      556.1496  5630064    0.42%
  65802 56406      553.9517    33      553.8075      556.1496  5639372    0.42%
  65869 56467      554.7961   209      553.8075      556.1494  5648577    0.42%
  66002 56587      553.8101    24      553.8075      556.1494  5659231    0.42%
Elapsed time = 2278.91 sec. (2112534.16 ticks, tree = 1276.06 MB, solutions = 11)
  66133 56707      555.1225   240      553.8075      556.1493  5670318    0.42%
  66283 56850      555.4680   359      553.8075      556.1490  5681669    0.42%
  66339 56906      554.3482   241      553.8075      556.1490  5691720    0.42%
  66437 56988      554.6151   148      553.8075      556.1489  5701708    0.42%
  66591 57130      555.4032   210      553.8075      556.1488  5712114    0.42%
  66734 57264      554.3994   116      553.8075      556.1487  5723433    0.42%
  66806 57324      554.6787   230      553.8075      556.1487  5733197    0.42%
  66895 57406      555.1243   231      553.8075      556.1484  5742698    0.42%
  67056 57557      555.8769   376      553.8075      556.1481  5753398    0.42%
  67181 57675      555.3537   272      553.8075      556.1481  5764005    0.42%
Elapsed time = 2320.42 sec. (2150925.82 ticks, tree = 1290.22 MB, solutions = 11)
  67286 57774      554.6095   227      553.8075      556.1481  5775160    0.42%
  67368 57844      555.3589   226      553.8075      556.1480  5784192    0.42%
  67514 57983      553.8559    73      553.8075      556.1477  5794983    0.42%
  67648 58103      555.3819   239      553.8075      556.1476  5805731    0.42%
  67736 58184      555.4406   270      553.8075      556.1475  5815337    0.42%
  67818 58264      553.9430   139      553.8075      556.1475  5825294    0.42%
  67956 58383      555.5670   276      553.8075      556.1470  5834596    0.42%
  68128 58539      555.9983   309      553.8075      556.1468  5845616    0.42%
  68227 58634      555.4134   303      553.8075      556.1468  5855583    0.42%
  68291 58698      554.2694   201      553.8075      556.1468  5865822    0.42%
Elapsed time = 2361.25 sec. (2189391.95 ticks, tree = 1313.47 MB, solutions = 11)
  68429 58823      555.6037   306      553.8075      556.1466  5876210    0.42%
  68552 58938      555.2331   209      553.8075      556.1465  5886576    0.42%
  68715 59091      555.0794   339      553.8075      556.1464  5897782    0.42%
  68770 59146      554.2350   229      553.8075      556.1464  5907075    0.42%
  68881 59249      554.4389   155      553.8075      556.1463  5917993    0.42%
  69028 59386      555.6021   287      553.8075      556.1460  5929514    0.42%
  69164 59517      554.7873   162      553.8075      556.1458  5940437    0.42%
  69288 59638      553.8731   137      553.8075      556.1456  5951368    0.42%
  69411 59746      555.4288   241      553.8075      556.1455  5961549    0.42%
  69596 59919      556.0194   301      553.8075      556.1455  5972288    0.42%
Elapsed time = 2403.40 sec. (2227962.53 ticks, tree = 1349.19 MB, solutions = 11)
  69714 60033      555.2755   293      553.8075      556.1454  5982729    0.42%
  69801 60106      555.8310   307      553.8075      556.1453  5992460    0.42%
  69928 60222      554.9326   214      553.8075      556.1452  6003355    0.42%
  70094 60373      555.8025   272      553.8075      556.1448  6014267    0.42%
  70207 60481      555.2416   224      553.8075      556.1448  6024707    0.42%
  70310 60580      555.0545   186      553.8075      556.1447  6035610    0.42%
  70469 60730      555.5062   239      553.8075      556.1442  6046819    0.42%
  70603 60858      554.7359   173      553.8075      556.1441  6056630    0.42%
  70688 60936      554.7263   271      553.8075      556.1439  6065992    0.42%
  70775 61006      555.8953   241      553.8075      556.1439  6075856    0.42%
Elapsed time = 2444.84 sec. (2266305.95 ticks, tree = 1358.36 MB, solutions = 11)
  70890 61117      555.0745   211      553.8075      556.1439  6085343    0.42%
  71035 61252      555.8837   300      553.8075      556.1438  6095698    0.42%
  71142 61354      555.3627   306      553.8075      556.1436  6106976    0.42%
  71221 61433      554.0267   190      553.8075      556.1436  6117255    0.42%
  71362 61563      555.1684   236      553.8075      556.1434  6128163    0.42%
  71550 61737      555.9553   329      553.8075      556.1433  6139244    0.42%
  71662 61846      555.7247   276      553.8075      556.1431  6150557    0.42%
  71774 61953      553.8175    65      553.8075      556.1431  6161078    0.42%
  71898 62067      555.1399   224      553.8075      556.1431  6171964    0.42%
  72038 62199      556.0466   309      553.8075      556.1426  6183333    0.42%
Elapsed time = 2486.60 sec. (2304660.15 ticks, tree = 1391.68 MB, solutions = 11)
  72141 62298      555.5021   312      553.8075      556.1421  6194014    0.42%
  72235 62385      555.8703   349      553.8075      556.1420  6204588    0.42%
  72358 62503      555.1525   209      553.8075      556.1420  6215071    0.42%
  72506 62640      555.8870   290      553.8075      556.1418  6226259    0.42%
  72621 62749      555.4635   253      553.8075      556.1418  6236966    0.42%
  72713 62841      554.0920    96      553.8075      556.1418  6247786    0.42%
  72864 62977      555.3902   218      553.8075      556.1416  6259150    0.42%
  73013 63119      554.0580   116      553.8075      556.1416  6270085    0.42%
  73130 63224      555.7390   309      553.8075      556.1414  6281097    0.42%
  73177 63271      554.9108   214      553.8075      556.1414  6289662    0.42%
Elapsed time = 2527.81 sec. (2343132.66 ticks, tree = 1408.84 MB, solutions = 11)
  73307 63393      554.5953   195      553.8075      556.1412  6300981    0.42%
  73440 63518      555.5928   268      553.8075      556.1408  6312418    0.42%
  73581 63654      554.5882   136      553.8075      556.1408  6323257    0.42%
  73668 63725      555.8316   340      553.8075      556.1406  6332991    0.42%
  73804 63853      555.0357   177      553.8075      556.1405  6343104    0.42%
  73961 63997      555.7889   330      553.8075      556.1404  6354516    0.42%
  74081 64104      555.3657   257      553.8075      556.1404  6364853    0.42%
  74177 64192      555.3546   233      553.8075      556.1401  6376109    0.42%
  74355 64357      555.8137   298      553.8075      556.1401  6387152    0.42%
  74485 64482      554.9993   202      553.8075      556.1400  6397740    0.42%
Elapsed time = 2570.19 sec. (2381765.65 ticks, tree = 1431.68 MB, solutions = 11)
  74577 64571      554.8349   224      553.8075      556.1400  6408466    0.42%
  74714 64695      555.1704   189      553.8075      556.1399  6419808    0.42%
  74881 64851      555.6833   335      553.8075      556.1398  6430481    0.42%
  74998 64964      555.0043   219      553.8075      556.1396  6440720    0.42%
  75095 65057      555.1206   257      553.8075      556.1396  6451517    0.42%
  75194 65150      555.5126   272      553.8075      556.1395  6461977    0.42%
  75317 65262      554.6676   173      553.8075      556.1395  6472305    0.42%
  75461 65396      555.6981   279      553.8075      556.1391  6483138    0.42%
  75567 65498      555.0521   256      553.8075      556.1390  6492979    0.42%
  75654 65575      555.6300   246      553.8075      556.1389  6503112    0.42%
Elapsed time = 2611.90 sec. (2420530.17 ticks, tree = 1462.33 MB, solutions = 11)
  75771 65686      555.0009   201      553.8075      556.1389  6512222    0.42%
  75916 65821      555.8029   345      553.8075      556.1386  6523563    0.42%
  76007 65908      555.2911   274      553.8075      556.1385  6534400    0.42%
  76101 65995      556.0389   396      553.8075      556.1385  6544557    0.42%
  76231 66122      555.4812   225      553.8075      556.1385  6555338    0.42%
  76351 66236      554.7237   164      553.8075      556.1384  6566269    0.42%
  76494 66368      555.5278   348      553.8075      556.1380  6577657    0.42%
  76535 66409      555.0578   257      553.8075      556.1380  6586930    0.42%
  76635 66503      555.3863   223      553.8075      556.1379  6597870    0.42%
  76790 66644      556.0170   315      553.8075      556.1379  6608825    0.42%
Elapsed time = 2653.05 sec. (2459286.78 ticks, tree = 1481.32 MB, solutions = 11)
  76930 66779      555.3061   237      553.8075      556.1373  6619541    0.42%
  77030 66870      554.8936   248      553.8075      556.1373  6630280    0.42%
  77125 66946      555.7946   315      553.8075      556.1373  6639649    0.42%
  77251 67069      555.1665   161      553.8075      556.1372  6650143    0.42%
  77408 67212      555.6805   267      553.8075      556.1369  6660780    0.42%
  77498 67299      555.8356   332      553.8075      556.1368  6671788    0.42%
  77580 67381      554.2790   121      553.8075      556.1368  6682012    0.42%
  77728 67517      555.2982   259      553.8075      556.1364  6692604    0.42%
  77885 67664      555.9134   328      553.8075      556.1362  6703613    0.42%
  77981 67756      555.6035   293      553.8075      556.1360  6714042    0.42%
Elapsed time = 2693.63 sec. (2497653.09 ticks, tree = 1504.59 MB, solutions = 11)
  78073 67848      553.9209   120      553.8075      556.1360  6724280    0.42%
  78186 67950      555.5366   262      553.8075      556.1357  6733337    0.42%
  78332 68081      554.3059   110      553.8075      556.1356  6744323    0.42%
  78465 68193      555.4768   304      553.8075      556.1355  6755018    0.42%
  78541 68269      554.4105   137      553.8075      556.1355  6764646    0.42%
  78684 68389      555.6885   236      553.8075      556.1353  6775801    0.42%
  78803 68505      554.4744   177      553.8075      556.1353  6786264    0.42%
  78935 68630      555.5261   317      553.8075      556.1349  6797258    0.42%
  78992 68687      554.0027   179      553.8075      556.1349  6806793    0.42%
  79109 68783      555.9802   326      553.8075      556.1344  6817077    0.42%
Elapsed time = 2734.39 sec. (2536096.41 ticks, tree = 1536.73 MB, solutions = 11)
  79243 68907      555.3799   234      553.8075      556.1343  6826980    0.42%
  79402 69053      555.8474   330      553.8075      556.1339  6837561    0.42%
  79450 69101      554.9008   217      553.8075      556.1339  6847849    0.42%
  79551 69188      555.4616   237      553.8075      556.1338  6857682    0.42%
  79730 69357      555.6993   275      553.8075      556.1336  6868901    0.42%
  79885 69508      554.2830   118      553.8075      556.1335  6879427    0.42%
  79963 69582      554.6506   207      553.8075      556.1334  6889308    0.42%
  80073 69679      555.0473   197      553.8075      556.1332  6900225    0.42%
  80242 69838      555.9669   318      553.8075      556.1329  6910695    0.42%
  80372 69959      555.1295   214      553.8075      556.1329  6921590    0.42%
Elapsed time = 2775.08 sec. (2574402.65 ticks, tree = 1561.81 MB, solutions = 11)
  80471 70053      555.0306   226      553.8075      556.1328  6931599    0.42%
  80584 70158      555.2943   229      553.8075      556.1326  6941633    0.42%
  80730 70297      555.7385   243      553.8075      556.1323  6952370    0.42%
  80881 70443      553.9209    73      553.8075      556.1321  6963395    0.42%
  80934 70489      554.5062   246      553.8075      556.1320  6971644    0.42%
  81034 70579      555.0728   215      553.8075      556.1319  6982213    0.42%
  81191 70725      555.6758   295      553.8075      556.1319  6992786    0.42%
  81308 70836      555.0203   221      553.8075      556.1318  7002549    0.42%
  81415 70939      554.8661   252      553.8075      556.1317  7013605    0.42%
  81509 71029      554.9575   217      553.8075      556.1317  7023122    0.42%
Elapsed time = 2815.60 sec. (2612860.86 ticks, tree = 1586.65 MB, solutions = 11)
  81655 71166      555.5791   273      553.8075      556.1316  7035053    0.42%
  81789 71296      554.7948    92      553.8075      556.1315  7045608    0.42%
  81854 71357      555.0148   240      553.8075      556.1314  7055766    0.42%
  81973 71468      555.0330   211      553.8075      556.1313  7067118    0.42%
  82125 71608      555.9957   300      553.8075      556.1312  7077509    0.42%
  82261 71738      554.8024   191      553.8075      556.1312  7088069    0.42%
  82367 71836      555.2722   238      553.8075      556.1308  7099034    0.42%
  82497 71958      555.1037   189      553.8075      556.1308  7109610    0.42%
  82661 72110      555.8119   247      553.8075      556.1307  7120500    0.42%
  82808 72247      555.0946   209      553.8075      556.1306  7131115    0.42%
Elapsed time = 2856.81 sec. (2651309.98 ticks, tree = 1610.47 MB, solutions = 11)
  82903 72339      555.1830   241      553.8075      556.1305  7141324    0.42%
  83010 72436      555.2723   227      553.8075      556.1304  7151391    0.42%
  83160 72579      555.9865   315      553.8075      556.1302  7162416    0.42%
  83285 72700      555.1338   201      553.8075      556.1301  7172637    0.42%
  83368 72776      554.8020   237      553.8075      556.1300  7181858    0.42%
  83449 72847      555.5775   239      553.8075      556.1299  7191350    0.42%
  83606 72993      555.9227   301      553.8075      556.1296  7202253    0.42%
  83723 73106      554.7705   252      553.8075      556.1296  7212659    0.42%
  83802 73179      555.1881   257      553.8075      556.1296  7223649    0.42%
  83877 73254      554.2158   137      553.8075      556.1296  7232315    0.42%
Elapsed time = 2896.83 sec. (2689776.43 ticks, tree = 1623.06 MB, solutions = 11)
  84019 73386      555.6149   279      553.8075      556.1293  7243265    0.42%
  84151 73512      554.2649   127      553.8075      556.1291  7253349    0.42%
  84258 73608      555.6206   334      553.8075      556.1290  7264061    0.42%
  84315 73665      554.5828   233      553.8075      556.1290  7273401    0.42%
  84441 73779      555.0774   163      553.8075      556.1289  7284605    0.42%
  84604 73925      555.3844   256      553.8075      556.1285  7295739    0.42%
  84732 74045      554.7279   138      553.8075      556.1285  7305840    0.42%
  84842 74151      554.4444   162      553.8075      556.1284  7317310    0.42%
  84993 74287      555.8551   353      553.8075      556.1284  7327780    0.42%
  85131 74418      554.9291   178      553.8075      556.1283  7337815    0.42%
Elapsed time = 2937.98 sec. (2728204.48 ticks, tree = 1653.25 MB, solutions = 11)
  85277 74549      555.5584   300      553.8075      556.1281  7348755    0.42%
  85342 74607      555.9007   309      553.8075      556.1281  7358418    0.42%
  85486 74743      555.0138   170      553.8075      556.1281  7369489    0.42%
  85639 74884      555.5276   235      553.8075      556.1279  7380464    0.42%
  85744 74984      554.8803   245      553.8075      556.1279  7391427    0.42%
  85839 75066      555.1178   197      553.8075      556.1279  7401527    0.42%
  85993 75206      555.5469   272      553.8075      556.1276  7411639    0.42%
  86099 75308      554.9635   235      553.8075      556.1276  7420894    0.42%
  86188 75391      555.4080   242      553.8075      556.1275  7431543    0.42%
  86350 75530      555.9098   254      553.8075      556.1273  7442733    0.42%
Elapsed time = 2981.56 sec. (2766670.28 ticks, tree = 1675.60 MB, solutions = 11)
  86475 75651      554.8951   199      553.8075      556.1270  7452507    0.42%
  86613 75779      555.7883   278      553.8075      556.1269  7463549    0.42%
  86720 75881      555.7606   283      553.8075      556.1269  7474233    0.42%
  86826 75987      554.0902   102      553.8075      556.1269  7484504    0.42%
  86978 76126      555.7265   242      553.8075      556.1266  7495219    0.42%
  87131 76267        cutoff            553.8075      556.1264  7506131    0.42%
  87245 76375      555.7571   314      553.8075      556.1263  7516968    0.42%
  87329 76459      554.1157   183      553.8075      556.1263  7527281    0.42%
  87482 76596      555.7293   286      553.8075      556.1260  7538767    0.42%
  87626 76735      554.6332   146      553.8075      556.1258  7549894    0.42%
Elapsed time = 3022.77 sec. (2805002.07 ticks, tree = 1702.72 MB, solutions = 11)
  87759 76853      555.8182   306      553.8075      556.1257  7560948    0.42%
  87830 76924      554.3537   144      553.8075      556.1257  7570342    0.42%
  87950 77026      555.9007   334      553.8075      556.1254  7581820    0.42%
  88081 77147      555.1808   165      553.8075      556.1254  7592024    0.42%
  88234 77284      555.3782   291      553.8075      556.1251  7602822    0.42%
  88331 77381      553.8469    95      553.8075      556.1251  7613656    0.42%
  88451 77485      555.2612   249      553.8075      556.1248  7624029    0.42%
  88640 77664      555.7767   268      553.8075      556.1246  7635566    0.42%
  88755 77770      555.1979   260      553.8075      556.1246  7645861    0.42%
  88825 77835        cutoff            553.8075      556.1246  7655657    0.42%
Elapsed time = 3063.46 sec. (2843266.72 ticks, tree = 1734.71 MB, solutions = 11)
  88939 77939      555.5363   298      553.8075      556.1242  7665491    0.42%
  89059 78050      554.4538   226      553.8075      556.1242  7676147    0.42%
* 89201 74962      integral     0      553.8917      556.1242  7684666    0.40%
  89259 75020      555.0892   232      553.8917      556.1241  7695251    0.40%
  89365 75120      555.5788   281      553.8917      556.1240  7705090    0.40%
  89482 75234      554.7497   173      553.8917      556.1240  7716175    0.40%
  89618 75362      555.4410   242      553.8917      556.1239  7726730    0.40%
  89702 75441      554.9837   262      553.8917      556.1238  7736314    0.40%
  89795 75522      555.5194   279      553.8917      556.1237  7746593    0.40%
  89925 75645      554.4009   158      553.8917      556.1236  7757400    0.40%
Elapsed time = 3103.35 sec. (2880789.10 ticks, tree = 1675.50 MB, solutions = 12)
  90070 75780      555.3202   216      553.8917      556.1235  7768092    0.40%
  90146 75850      555.2043   300      553.8917      556.1235  7777753    0.40%
  90214 75918      554.5278   182      553.8917      556.1235  7787624    0.40%
  90361 76044      555.8651   316      553.8917      556.1233  7798237    0.40%
  90471 76150      555.0266   201      553.8917      556.1232  7808884    0.40%
  90614 76281      555.5580   305      553.8917      556.1231  7819776    0.40%
  90682 76349      554.5664   195      553.8917      556.1231  7829950    0.40%
  90841 76492      555.9841   351      553.8917      556.1228  7841232    0.40%
  90961 76608      555.1900   247      553.8917      556.1228  7851291    0.40%
  91102 76743      554.1555    62      553.8917      556.1228  7862202    0.40%
Elapsed time = 3144.37 sec. (2919383.88 ticks, tree = 1695.90 MB, solutions = 12)
  91176 76811      554.9051   219      553.8917      556.1226  7872822    0.40%
  91265 76892      555.0629   177      553.8917      556.1226  7882488    0.40%
  91415 77027      555.9250   362      553.8917      556.1226  7892134    0.40%
  91538 77144      554.8839   212      553.8917      556.1225  7902952    0.40%
  91650 77253      554.4647   216      553.8917      556.1225  7914335    0.40%
  91739 77336      555.3597   264      553.8917      556.1224  7922919    0.40%
  91887 77478      553.9276    56      553.8917      556.1223  7933079    0.40%
  92009 77593      555.0179   228      553.8917      556.1221  7943540    0.40%
  92091 77667      555.1514   252      553.8917      556.1219  7953296    0.40%
  92184 77748      555.9071   355      553.8917      556.1219  7963405    0.40%
Elapsed time = 3184.41 sec. (2957754.17 ticks, tree = 1718.93 MB, solutions = 12)
  92294 77851      555.5021   267      553.8917      556.1218  7973467    0.40%
  92450 77993      555.6359   313      553.8917      556.1214  7985039    0.40%
  92551 78088      555.8615   307      553.8917      556.1213  7995211    0.40%
  92620 78157      554.3017   179      553.8917      556.1213  8004998    0.40%
  92759 78282      555.8592   343      553.8917      556.1213  8016091    0.40%
  92870 78389      555.2278   228      553.8917      556.1212  8025899    0.40%
  93013 78517      555.6497   329      553.8917      556.1209  8036621    0.40%
  93072 78576      554.8316   186      553.8917      556.1209  8045641    0.40%
  93220 78710      555.8540   319      553.8917      556.1208  8056703    0.40%
  93345 78831      554.9545   203      553.8917      556.1208  8067649    0.40%
Elapsed time = 3225.00 sec. (2996419.73 ticks, tree = 1743.78 MB, solutions = 12)
  93483 78961      555.9037   351      553.8917      556.1205  8078699    0.40%
  93527 79005      554.6096   223      553.8917      556.1205  8087887    0.40%
  93632 79102      554.7469   172      553.8917      556.1204  8098117    0.40%
  93780 79240      555.9108   325      553.8917      556.1204  8108306    0.40%
Starting limited solution polishing.
  93905 79361      555.0226   206      553.8917      556.1203  8118666    0.40%
  93996 79443      554.9898   236      553.8917      556.1203  8128563    0.40%
  94104 79537      555.5917   290      553.8917      556.1203  8138394    0.40%
  94231 79649      555.0463   230      553.8917      556.1199  8147466    0.40%
  94381 79792      555.8340   306      553.8917      556.1197  8158128    0.40%
  94481 79889      555.5412   316      553.8917      556.1194  8168055    0.40%
Elapsed time = 3267.80 sec. (3036793.82 ticks, tree = 1763.81 MB, solutions = 12)
  94577 79969      556.0349   299      553.8917      556.1194  8178075    0.40%
  94625 80017      555.0746   166      553.8917      556.1194  8182743    0.40%
  94739 80125      554.2598   140      553.8917      556.1194  8192261    0.40%
  94855 80231      555.6822   270      553.8917      556.1192  8200841    0.40%
  94931 80301      555.5026   364      553.8917      556.1192  8207160    0.40%
  94981 80351      554.0874   211      553.8917      556.1192  8215941    0.40%
  95094 80447      555.9732   344      553.8917      556.1190  8225128    0.40%
  95187 80536      555.8152   285      553.8917      556.1190  8233315    0.40%
  95281 80625      555.7050   235      553.8917      556.1190  8241192    0.40%
  95372 80712      555.5770   243      553.8917      556.1189  8252262    0.40%
Elapsed time = 3309.17 sec. (3076223.34 ticks, tree = 1784.39 MB, solutions = 12)
  95417 80757      554.5652   176      553.8917      556.1189  8259334    0.40%
  95523 80856      554.1827   104      553.8917      556.1189  8268565    0.40%
  95632 80955      555.5271   246      553.8917      556.1188  8277314    0.40%
  95753 81072      554.6561   192      553.8917      556.1187  8287338    0.40%
  95821 81133      554.7186   234      553.8917      556.1186  8294915    0.40%
  95921 81223      555.2070   201      553.8917      556.1184  8303345    0.40%
  96052 81349      554.2433    77      553.8917      556.1184  8311731    0.40%
  96181 81461      555.9761   290      553.8917      556.1182  8319162    0.40%
  96281 81558      555.5118   281      553.8917      556.1182  8329026    0.40%
  96377 81648      555.8954   312      553.8917      556.1181  8339544    0.40%
Elapsed time = 3350.87 sec. (3115298.73 ticks, tree = 1810.93 MB, solutions = 12)
  96460 81725      553.9510    83      553.8917      556.1181  8346288    0.40%
  96568 81822      555.9082   293      553.8917      556.1180  8354587    0.40%
  96666 81914      555.5467   277      553.8917      556.1180  8362243    0.40%
  96772 82012      554.6325   289      553.8917      556.1179  8371367    0.40%
  96828 82064      553.9161   207      553.8917      556.1179  8378736    0.40%
  96922 82144      555.8115   362      553.8917      556.1178  8386945    0.40%
  97012 82229      555.6687   306      553.8917      556.1177  8393520    0.40%
  97103 82314      555.8214   305      553.8917      556.1177  8402169    0.40%
  97188 82395      555.8383   312      553.8917      556.1175  8411242    0.40%
  97250 82457      554.6141   177      553.8917      556.1175  8421195    0.40%
Elapsed time = 3391.09 sec. (3153668.26 ticks, tree = 1833.60 MB, solutions = 12)
  97374 82565      555.2170   210      553.8917      556.1175  8430726    0.40%
  97481 82666      554.5756   166      553.8917      556.1174  8438750    0.40%
  97605 82772      555.8721   363      553.8917      556.1172  8448445    0.40%
  97714 82869      555.6138   279      553.8917      556.1171  8458237    0.40%
  97775 82928      553.9533   171      553.8917      556.1171  8467743    0.40%
  97891 83034      555.6107   252      553.8917      556.1170  8476200    0.40%
  97984 83119      555.6503   266      553.8917      556.1168  8483269    0.40%
  98081 83210      555.4203   197      553.8917      556.1168  8491797    0.40%
  98177 83300      555.4514   274      553.8917      556.1166  8501768    0.40%
  98217 83340      554.8031   185      553.8917      556.1166  8507984    0.40%
Elapsed time = 3432.41 sec. (3193055.81 ticks, tree = 1849.73 MB, solutions = 12)
  98323 83427      555.4326   240      553.8917      556.1165  8515344    0.40%
  98472 83566      555.8767   324      553.8917      556.1164  8526158    0.40%
  98571 83656      555.8427   317      553.8917      556.1164  8532989    0.40%
  98666 83747      555.8484   293      553.8917      556.1163  8542261    0.40%
  98730 83811      554.1619   172      553.8917      556.1163  8551610    0.40%
  98852 83921      555.9897   356      553.8917      556.1162  8560928    0.40%
  98967 84032      555.7792   258      553.8917      556.1162  8569389    0.40%
  99081 84139      555.3638   271      553.8917      556.1160  8576964    0.40%
  99181 84233      554.6705   190      553.8917      556.1158  8586755    0.40%
  99281 84325      554.6346   190      553.8917      556.1158  8596118    0.40%
Elapsed time = 3474.09 sec. (3231999.93 ticks, tree = 1876.97 MB, solutions = 12)
  99402 84434      555.8540   316      553.8917      556.1156  8605196    0.40%
  99526 84549      555.0258   193      553.8917      556.1154  8615351    0.40%
  99615 84633      555.3679   229      553.8917      556.1153  8624862    0.40%
  99691 84697      555.9287   314      553.8917      556.1152  8632315    0.40%
  99806 84808      555.5512   254      553.8917      556.1151  8641043    0.40%
  99961 84952      555.6637   352      553.8917      556.1148  8651930    0.40%
 100055 85042      555.7021   341      553.8917      556.1147  8662499    0.40%
 100091 85078      554.6966   262      553.8917      556.1147  8668316    0.40%
 100181 85145      554.8896   231      553.8917      556.1146  8677441    0.40%
 100300 85258      554.2272   119      553.8917      556.1144  8686307    0.40%
Elapsed time = 3515.22 sec. (3271072.76 ticks, tree = 1894.83 MB, solutions = 12)
 100416 85364      555.6664   244      553.8917      556.1142  8695527    0.40%
 100496 85440      555.6161   323      553.8917      556.1142  8703666    0.40%
 100560 85504      554.2196   224      553.8917      556.1142  8713763    0.40%
 100679 85610      555.8181   315      553.8917      556.1141  8723581    0.40%
 100781 85708      555.3599   205      553.8917      556.1140  8732560    0.40%
 100907 85830      554.5283   118      553.8917      556.1140  8742060    0.40%
 100963 85879      554.3402   260      553.8917      556.1138  8751961    0.40%
 101036 85948      554.6868   123      553.8917      556.1136  8760917    0.40%
 101126 86032      554.6896   160      553.8917      556.1136  8767844    0.40%
 101241 86138      555.9669   355      553.8917      556.1136  8776257    0.40%
Elapsed time = 3556.35 sec. (3310901.79 ticks, tree = 1905.31 MB, solutions = 12)
 101338 86230      555.5241   333      553.8917      556.1133  8784167    0.40%
 101378 86270      554.2288   200      553.8917      556.1133  8792296    0.40%
 101465 86341      554.5995   157      553.8917      556.1133  8800086    0.40%
 101574 86446      553.9862   102      553.8917      556.1133  8808592    0.40%
 101681 86544      555.6172   354      553.8917      556.1132  8815713    0.40%
 101781 86636      555.6788   301      553.8917      556.1132  8825825    0.40%
 101862 86717      553.9846   142      553.8917      556.1132  8835906    0.40%
 101961 86804      556.0307   306      553.8917      556.1130  8844167    0.40%
 102081 86916      554.9220   236      553.8917      556.1130  8852824    0.40%
 102236 87062      555.3909   317      553.8917      556.1127  8863433    0.40%
Elapsed time = 3597.96 sec. (3351092.56 ticks, tree = 1927.93 MB, solutions = 12)

Flow cuts applied:  89
Mixed integer rounding cuts applied:  214
Lift and project cuts applied:  20
Gomory fractional cuts applied:  7
User cuts applied:  2000

Root node processing (before b&c):
  Real time             =    2.73 sec. (2506.67 ticks)
Sequential b&c:
  Real time             = 3597.27 sec. (3350691.59 ticks)
                          ------------
Total (root+branch&cut) = 3600.00 sec. (3353198.26 ticks)
|V|                                     600
K                                       120
theta                                   0.10
r                                       2
R                                       20
prob_func                               facility_mixture
mixture_low_share                       0.100000
mixture_low_interval                    [0.001000, 0.010000]
mixture_high_interval                   [0.100000, 0.500000]
mixture_seed                            1
#C1                                     914
#CP                                     29768

@Parameters: 
am_callback_heuristic                   false
am_local_search                         true
am_start_heuristic                      false
colocation                              true
comp                                    false
cutC                                    true
cutC_init                               false
cutF                                    false
cutF_init                               false
cutF_stable                             false
cutF_wrong                              false
cutLocal                                false
cutM                                    true
cutM_init                               true
cutM_stable                             false
cutP                                    true
cutP_init                               false
cutP_stable                             false
init                                    true
init_cutF_zero                          false
init_val_greedy                         true
is_Euclidean                            false
is_local_search                         false
is_right_cutP                           true
is_root                                 false
is_silent                               false
is_start                                false
mycut                                   false
pmed                                    false
pre                                     true
stable_root                             false
str                                     true
two_phase                               false
ubstr                                   false
mode                                    Int

am_callback_node_space                  50
init                                    0
mixture_seed                            1
node_space                              5
nodelimit                               -1
nsepa                                   1
strF                                    0
type_delta                              0

EPS                                     0.001000
EPS_FRAC                                0.00
gap                                     0.00
mixture_high_max                        0.50
mixture_high_min                        0.10
mixture_low_max                         0.01
mixture_low_min                         0.00
mixture_low_share                       0.10
timelimit                               3600.00

Number of Closed Sites: 7 / 840 
Number of Confined Sites-1: 9 / 1071 
Number of Confined Sites-k: 584 / 6022 
Preprocess Time: 1.49 + 0.00 sec

Solve Time: 3600.00
Number of Nodes: 102270
Termination Status: TIME_LIMIT

CutInfo: [phase] num / time (sec) / aver. num_nonzero
max              [LP]     0 / 0.00 / 0.00 [init]   438 / 0.01 / 1.62 [rLC]   292 / 0.02 / 3.46 [rUC]   470 / 0.08 / 3.65 [sLC]    43 / 0.20 / 4.16 [sUC]   571 / 1.59 / 4.08 
prod_oa          [LP]     0 / 0.00 / 0.00 [init]   293 / 0.01 / 27.60 [rLC]   247 / 0.02 / 27.61 [rUC]   697 / 0.17 / 36.10 [sLC]   446 / 0.36 / 25.47 [sUC]  1466 / 3.51 / 29.28 
prod_sm_fixed    [LP]     0 / 0.00 / 0.00 [init]     0 / 0.00 / 0.00 [rLC]     0 / 0.00 / 0.00 [rUC]     0 / 0.00 / 0.00 [sLC]     0 / 0.00 / 0.00 [sUC]     0 / 0.00 / 0.00 
prod_bin         [LP]     0 / 0.00 / 0.00 [init]     0 / 0.00 / 0.00 [rLC]     0 / 0.00 / 0.00 [rUC]     0 / 0.00 / 0.00 [sLC]     0 / 0.00 / 0.00 [sUC]     0 / 0.00 / 0.00 
prod_local       [LP]     0 / 0.00 / 0.00 [init]     0 / 0.00 / 0.00 [rLC]     0 / 0.00 / 0.00 [rUC]     0 / 0.00 / 0.00 [sLC]     0 / 0.00 / 0.00 [sUC]     0 / 0.00 / 0.00 
prod_sm_C        [LP]     0 / 0.00 / 0.00 [init]     0 / 0.00 / 0.00 [rLC]     0 / 0.00 / 0.00 [rUC]     0 / 0.00 / 0.00 [sLC]     0 / 0.00 / 0.00 [sUC]     0 / 0.00 / 0.00 
facet            [LP]     0 / 0.00 / 0.00 [init]     0 / 0.00 / 0.00 [rLC]     0 / 0.00 / 0.00 [rUC]     0 / 0.00 / 0.00 [sLC]     0 / 0.00 / 0.00 [sUC]     0 / 0.00 / 0.00 
Separation Round:   [LP] 0  [init] 1  [rLC] 2  [rUC] 19  [sLC] 39  [sUC] 199003  
Root Best Bound 559.008060
Root Best Integer: 552.214947
Best Bound: 556.112709
Best Integer: 553.891673
1: 2, 7, 13, 16, 22, 28, 34, 57, 60, 71, 83, 88, 99, 112, 114, 117, 118, 141, 142, 148, 162, 175, 179, 181, 190, 196, 200, 201, 209, 216, 220, 232, 238, 253, 256, 257, 258, 264, 268, 275, 289, 293, 301, 302, 305, 319, 320, 322, 350, 359, 360, 361, 366, 383, 384, 386, 389, 390, 391, 402, 408, 409, 410, 415, 426, 435, 438, 451, 465, 473, 490, 497, 500, 519, 521, 532, 550, 556, 563, 577, 582, 594, 595, 600
2: 25, 136, 155, 172, 241, 271, 280, 369, 448, 466, 470, 558
3: 67, 159, 425, 580
Objective Value (calc): 553.842684
sum_etaM = 367.382215 / 367.381418
sum_etaP = 574.614946 / 574.560602
nL: 100
nCL: 16
mCL: 3
