Version identifier: 20.1.0.0 | 2020-11-10 | 9bedb6d68
CPXPARAM_Threads                                 1
CPXPARAM_TimeLimit                               3600
CPXPARAM_MIP_Tolerances_MIPGap                   0
Generic callback                                 0x60
1 of 1 MIP starts provided solutions.
MIP start 'm1' defined initial solution with objective 282.0316.
Tried aggregator 1 time.
MIP Presolve eliminated 10 rows and 10 columns.
Reduced MIP has 625 rows, 1190 columns, and 4662 nonzeros.
Reduced MIP has 390 binaries, 0 generals, 0 SOSs, and 0 indicators.
Presolve time = 0.00 sec. (1.28 ticks)
Probing time = 0.00 sec. (0.25 ticks)
Tried aggregator 1 time.
Reduced MIP has 625 rows, 1190 columns, and 4662 nonzeros.
Reduced MIP has 390 binaries, 0 generals, 0 SOSs, and 0 indicators.
Presolve time = 0.00 sec. (1.22 ticks)
Probing time = 0.00 sec. (0.25 ticks)
MIP emphasis: balance optimality and feasibility.
MIP search method: dynamic search.
Parallel mode: none, using 1 thread.
Root relaxation solution time = 0.01 sec. (5.59 ticks)

        Nodes                                         Cuts/
   Node  Left     Objective  IInf  Best Integer    Best Bound    ItCnt     Gap

*     0+    0                          282.0316      400.0000            41.83%
      0     0      369.9263    50      282.0316      369.9263      720   31.16%
      0     0      318.9091   140      282.0316     Cuts: 256     1287   13.08%
      0     0      314.9859   154      282.0316     Cuts: 256     1789   11.68%
      0     0      312.5341   174      282.0316     Cuts: 274     2263   10.82%
      0     0      311.3915   165      282.0316     Cuts: 260     2723   10.41%
      0     0      310.5074   177      282.0316     Cuts: 258     3092   10.10%
      0     0      309.8772   175      282.0316     Cuts: 265     3409    9.87%
      0     0      309.3227   174      282.0316     Cuts: 254     3815    9.68%
      0     0      309.0160   175      282.0316     Cuts: 200     4062    9.57%
      0     0      308.7795   181      282.0316     Cuts: 147     4275    9.48%
      0     0      308.5800   179      282.0316     Cuts: 150     4550    9.41%
      0     0      308.3839   187      282.0316     Cuts: 143     4743    9.34%
      0     0      308.2115   183      282.0316     Cuts: 108     4953    9.28%
      0     0      308.1226   188      282.0316     Cuts: 117     5100    9.25%
      0     0      308.0170   184      282.0316     Cuts: 107     5275    9.21%
      0     0      307.9345   188      282.0316     Cuts: 118     5462    9.18%
      0     0      307.8717   186      282.0316     Cuts: 100     5565    9.16%
      0     0      307.8267   187      282.0316      Cuts: 75     5673    9.15%
      0     0      307.7952   187      282.0316      Cuts: 52     5760    9.13%
      0     0      307.7876   185      282.0316 UserPurge2: 46     5817    9.13%
      0     0      307.7782   185      282.0316 UserPurge2: 25     5877    9.13%
      0     0      307.7564   185      282.0316 UserPurge2: 47     5971    9.12%
      0     0      307.7415   189      282.0316 UserPurge2: 40     6044    9.12%
      0     0      307.7232   187      282.0316 UserPurge2: 27     6115    9.11%
      0     0      307.7162   188      282.0316 UserPurge2: 33     6168    9.11%
      0     0      307.7067   187      282.0316 UserPurge2: 16     6204    9.10%
      0     0      307.6971   186      282.0316 UserPurge2: 35     6260    9.10%
      0     0      307.6943   185      282.0316 UserPurge2: 29     6305    9.10%
      0     0      307.6905   187      282.0316 UserPurge2: 30     6342    9.10%
      0     0      307.6813   190      282.0316 UserPurge2: 18     6384    9.09%
      0     0      307.6760   187      282.0316 UserPurge2: 36     6420    9.09%
      0     0      307.6742   190      282.0316 UserPurge2: 15     6449    9.09%
      0     0      307.6737   189      282.0316 UserPurge2: 13     6465    9.09%
      0     0      307.6727   188      282.0316 UserPurge2: 4     6485    9.09%
      0     0      307.6724   189      282.0316 UserPurge2: 10     6503    9.09%
      0     0      307.6721   189      282.0316 UserPurge2: 5     6514    9.09%
      0     2      307.6569   192      282.0316      307.6569     6514    9.09%
Elapsed time = 5.87 sec. (2184.05 ticks, tree = 0.01 MB, solutions = 1)
      6     8      307.0715   184      282.0316      307.6491     8909    9.08%
     10    12      306.2624   184      282.0316      307.6491    10362    9.08%
     18    20      306.0925   176      282.0316      307.6491    12239    9.08%
     20    22      305.7053   178      282.0316      307.6491    13422    9.08%
     25    27      304.8896   174      282.0316      307.6491    15870    9.08%
     30    32      304.4013   170      282.0316      307.6491    17992    9.08%
     35    37      303.5337   167      282.0316      307.6491    21538    9.08%
     40    42      302.5488   164      282.0316      307.6491    23462    9.08%
     45    47      302.4170   159      282.0316      307.6491    25299    9.08%
     60    62      300.5959   144      282.0316      307.6491    31242    9.08%
Elapsed time = 14.12 sec. (7352.20 ticks, tree = 0.34 MB, solutions = 1)
     81    83      297.3793   113      282.0316      307.6491    36874    9.08%
    115   117      292.0639    66      282.0316      307.6491    41132    9.08%
*   221   205      integral     0      283.5879      307.6491    45793    8.48%
    222   205      306.8235   191      283.5879      307.5965    47147    8.47%
    240   223      304.4269   174      283.5879      307.5965    51317    8.47%
    260   243      299.9820   138      283.5879      307.5965    56996    8.47%
    279   262      297.9696   121      283.5879      307.5965    61703    8.47%
    292   275      295.8261   107      283.5879      307.5965    65244    8.47%
    350   333      288.8896    35      283.5879      307.5965    69534    8.47%
*   380   332      integral     0      285.6346      307.5965    70100    7.69%
    390   341      303.9710   190      285.6346      307.5917    73226    7.69%
    402   353      306.4824   195      285.6346      307.1173    77486    7.52%
Elapsed time = 41.39 sec. (18578.07 ticks, tree = 7.43 MB, solutions = 3)
    412   363      303.4739   192      285.6346      307.1173    81458    7.52%
    425   376      301.4965   173      285.6346      307.1173    85325    7.52%
    442   393      298.6371   157      285.6346      307.1173    88520    7.52%
    469   420      294.9052   133      285.6346      307.1173    92055    7.52%
    498   449      291.6710    96      285.6346      307.1173    94190    7.52%

Performing restart 1

Repeating presolve.
Tried aggregator 1 time.
Reduced MIP has 625 rows, 1190 columns, and 4662 nonzeros.
Reduced MIP has 390 binaries, 0 generals, 0 SOSs, and 0 indicators.
Presolve time = 0.00 sec. (1.24 ticks)
Tried aggregator 1 time.
Reduced MIP has 625 rows, 1190 columns, and 4662 nonzeros.
Reduced MIP has 390 binaries, 0 generals, 0 SOSs, and 0 indicators.
Presolve time = 0.00 sec. (1.24 ticks)
Represolve time = 0.03 sec. (16.28 ticks)
    509     2      306.7049   195      285.6346      306.7003   101113    7.38%
    511     4      306.3879   187      285.6346      306.5292   101986    7.32%
    515     8      306.0684   180      285.6346      306.5292   102508    7.32%
    519    12      305.7589   180      285.6346      306.5292   103199    7.32%
    521    14      304.6563   189      285.6346      306.5292   105340    7.32%
Elapsed time = 57.56 sec. (30375.11 ticks, tree = 0.07 MB, solutions = 3)
    524    17      304.2841   189      285.6346      306.5292   106523    7.32%
    534    27      302.8745   173      285.6346      306.5292   108648    7.32%
    550    43      300.0965   165      285.6346      306.5292   115507    7.32%
    560    53      298.5029   155      285.6346      306.5292   119896    7.32%
    576    69      296.5925   142      285.6346      306.5292   125972    7.32%
    589    82      293.3294   138      285.6346      306.5292   130147    7.32%
    609   102      290.1760   115      285.6346      306.5292   135275    7.32%
    643   136      286.8517    89      285.6346      306.5292   139981    7.32%
    663   152      304.0403   184      285.6346      306.4243   144172    7.28%
    672   161      302.5377   178      285.6346      306.4243   147995    7.28%
Elapsed time = 73.79 sec. (40418.85 ticks, tree = 2.40 MB, solutions = 3)
    681   170      301.0476   165      285.6346      306.4243   152772    7.28%
    699   188      298.5725   154      285.6346      306.4243   156976    7.28%
    710   199      296.4312   148      285.6346      306.4243   161201    7.28%
    725   214      294.1994   138      285.6346      306.4243   165194    7.28%
    741   230      290.6538   121      285.6346      306.4243   168606    7.28%
    761   250      288.7365   101      285.6346      306.4243   171447    7.28%
    790   279      285.9526    80      285.6346      306.4243   174558    7.28%
    813   296      302.7309   186      285.6346      306.3331   178163    7.25%
    823   306      299.3396   170      285.6346      306.3331   180943    7.25%
    830   313      296.2855   165      285.6346      306.3331   183326    7.25%
Elapsed time = 91.13 sec. (50446.05 ticks, tree = 7.83 MB, solutions = 3)
    846   329      292.0441   149      285.6346      306.3331   187069    7.25%
    860   343      287.2610   131      285.6346      306.3331   190689    7.25%
    879   358      303.8502   192      285.6346      306.2382   194152    7.21%
    889   368      301.0571   173      285.6346      306.2382   197308    7.21%
    899   378      297.8788   165      285.6346      306.2382   201083    7.21%
    909   388      294.5484   159      285.6346      306.2382   204015    7.21%
    922   401      290.0730   128      285.6346      306.2382   207368    7.21%
    954   429      305.1692   189      285.6346      306.2380   210672    7.21%
    964   439      301.3465   185      285.6346      306.2380   214208    7.21%
    970   445      299.5209   180      285.6346      306.2380   217371    7.21%
Elapsed time = 107.18 sec. (60876.82 ticks, tree = 13.50 MB, solutions = 3)
    981   456      296.2435   166      285.6346      306.2380   220914    7.21%
    989   464      293.9523   159      285.6346      306.2380   222624    7.21%
   1000   475      290.7432   154      285.6346      306.2380   225835    7.21%
   1025   498        cutoff            285.6346      306.2380   228520    7.21%
   1034   505      304.0145   175      285.6346      306.2117   230500    7.20%
   1044   515      302.5990   165      285.6346      306.2117   233559    7.20%
   1053   524      301.3681   150      285.6346      306.2117   236458    7.20%
   1066   537      299.4038   139      285.6346      306.2117   239387    7.20%
   1075   546      297.9048   135      285.6346      306.2117   241747    7.20%
   1100   571      294.8874   126      285.6346      306.2117   245179    7.20%
Elapsed time = 122.46 sec. (71172.06 ticks, tree = 19.56 MB, solutions = 3)
   1120   591      293.0531   104      285.6346      306.2117   247240    7.20%
   1162   633      291.1842    48      285.6346      306.2117   249652    7.20%
*  1222   607      integral     0      287.9155      306.2117   251782    6.35%
   1230   607      305.3715   193      287.9155      306.1872   253512    6.35%
   1238   615      302.2766   187      287.9155      306.1872   256596    6.35%
   1247   624      299.5615   177      287.9155      306.1872   259194    6.35%
   1256   633      296.2947   171      287.9155      306.1872   261791    6.35%
   1271   648      292.1352   147      287.9155      306.1872   264596    6.35%
   1289   662      305.5105   190      287.9155      306.1851   267347    6.35%
   1297   670      302.2761   184      287.9155      306.1851   270369    6.35%
   1304   677      300.0386   173      287.9155      306.1851   272984    6.35%
Elapsed time = 139.97 sec. (81531.68 ticks, tree = 25.93 MB, solutions = 4)
   1309   682      298.3758   165      287.9155      306.1851   274679    6.35%
   1321   694      295.4102   156      287.9155      306.1851   277273    6.35%
   1332   705      291.9791   140      287.9155      306.1851   280105    6.35%
   1356   722      305.6249   188      287.9155      306.1249   283176    6.32%
   1363   729      302.6898   178      287.9155      306.1249   286103    6.32%
   1369   735      300.9868   179      287.9155      306.1249   289289    6.32%
   1375   741      298.7612   168      287.9155      306.1249   292434    6.32%
   1385   751      295.6335   156      287.9155      306.1249   295157    6.32%
   1390   756      294.5399   144      287.9155      306.1249   296200    6.32%
   1405   771      290.3958   116      287.9155      306.1249   299006    6.32%
Elapsed time = 154.43 sec. (93075.43 ticks, tree = 31.31 MB, solutions = 4)
   1431   793      304.1793   188      287.9155      306.0908   301639    6.31%
   1443   805      300.0989   162      287.9155      306.0908   304323    6.31%
   1456   818      295.8249   143      287.9155      306.0908   307000    6.31%
   1469   831      292.4645   118      287.9155      306.0908   308791    6.31%
   1500   860        cutoff            287.9155      306.0908   311608    6.31%
   1507   865      303.9947   178      287.9155      306.0044   314358    6.28%
   1519   877      302.0518   171      287.9155      306.0044   316778    6.28%
   1528   886      300.5019   170      287.9155      306.0044   319490    6.28%
   1542   900      298.2913   171      287.9155      306.0044   322032    6.28%
   1572   930      294.8421   140      287.9155      306.0044   327485    6.28%
Elapsed time = 172.95 sec. (106062.12 ticks, tree = 36.66 MB, solutions = 4)
   1661  1015      301.7047   181      287.9155      305.9150   337609    6.25%
   1700  1054      289.5401   140      287.9155      305.9150   348738    6.25%
   1750  1100      293.8613   133      287.9155      305.9146   358554    6.25%
   1794  1140      301.0509   165      287.9155      305.8720   368315    6.24%
   1826  1172      292.8303   128      287.9155      305.8720   377489    6.24%
   1881  1223      295.6356   148      287.9155      305.8700   386679    6.24%
   1931  1269      301.9220   175      287.9155      305.8555   395620    6.23%
   1965  1303      296.2647   151      287.9155      305.8555   404856    6.23%
   2047  1378      305.3708   188      287.9155      305.7441   413932    6.19%
   2109  1440      290.2556    82      287.9155      305.7441   423214    6.19%
Elapsed time = 229.16 sec. (145122.77 ticks, tree = 66.67 MB, solutions = 4)
   2204  1531      290.5956    88      287.9155      305.7147   432202    6.18%
   2301  1625      291.3922    93      287.9155      305.6518   441438    6.16%
   2391  1709      292.8816   131      287.9155      305.6246   450540    6.15%
   2452  1766      300.6551   160      287.9155      305.5727   459472    6.13%
   2515  1829      293.1234   111      287.9155      305.5727   468636    6.13%
   2655  1965      298.6827   178      287.9155      305.5624   477182    6.13%
   2717  2023      300.2309   165      287.9155      305.5298   486504    6.12%
   2783  2085      302.3313   162      287.9155      305.4966   495676    6.11%
   2886  2183      303.8245   183      287.9155      305.4142   504996    6.08%
   2969  2260      304.4712   188      287.9155      305.4028   514291    6.07%
Elapsed time = 294.17 sec. (183835.18 ticks, tree = 103.80 MB, solutions = 4)
   3000  2291      299.0504   161      287.9155      305.4028   523216    6.07%
   3086  2377      290.2297    82      287.9155      305.4028   532471    6.07%
   3190  2474      295.5825   172      287.9155      305.3827   541199    6.07%
   3246  2526      297.1806   144      287.9155      305.3703   550278    6.06%
   3362  2638      299.3283   179      287.9155      305.3602   558663    6.06%
   3422  2694      301.6987   164      287.9155      305.3551   567676    6.06%
   3526  2794      303.5474   188      287.9155      305.3201   576602    6.05%
   3549  2817      299.4829   183      287.9155      305.3201   584901    6.05%
   3590  2858      293.3428   132      287.9155      305.3201   593204    6.05%
   3677  2938      298.7622   163      287.9155      305.3115   602508    6.04%
Elapsed time = 354.88 sec. (222497.43 ticks, tree = 131.70 MB, solutions = 4)
   3742  2999      302.2074   184      287.9155      305.2337   610335    6.02%
   3795  3048      304.1898   179      287.9155      305.1769   619457    6.00%
   3828  3081      294.2353   126      287.9155      305.1769   628329    6.00%
   3899  3148      295.7177   157      287.9155      305.1674   637194    5.99%
   3949  3194      301.6841   174      287.9155      305.1631   646531    5.99%
   3979  3224      296.8071   156      287.9155      305.1631   655567    5.99%
   4043  3288      290.8574    97      287.9155      305.1631   664497    5.99%
   4113  3350      298.9828   159      287.9155      305.1538   671332    5.99%
   4202  3435      300.1621   160      287.9155      305.1480   680177    5.99%
   4303  3530      301.5461   175      287.9155      305.1289   689078    5.98%
Elapsed time = 412.04 sec. (261359.85 ticks, tree = 161.22 MB, solutions = 4)
   4367  3590      303.6107   182      287.9155      305.1250   698374    5.98%
   4416  3639      289.2817   132      287.9155      305.1250   707388    5.98%
   4441  3660      300.7274   174      287.9155      305.0697   715756    5.96%
   4487  3706      294.3286   137      287.9155      305.0697   724787    5.96%
   4608  3821      301.5455   177      287.9155      305.0653   732626    5.96%
   4669  3878      304.6081   180      287.9155      305.0243   741616    5.94%
   4760  3965      304.3156   187      287.9155      305.0033   750927    5.94%
   4811  4016      290.1380   138      287.9155      305.0033   759998    5.94%
   4846  4047      297.6325   161      287.9155      304.9989   769474    5.93%
   4930  4128      302.8939   185      287.9155      304.9821   777643    5.93%
Elapsed time = 470.12 sec. (300071.21 ticks, tree = 204.69 MB, solutions = 4)
   4967  4165      296.9067   151      287.9155      304.9821   786730    5.93%
   5049  4247      288.4823    87      287.9155      304.9821   795748    5.93%
   5106  4296      291.1800   132      287.9155      304.9551   804736    5.92%
   5179  4366      291.6277   107      287.9155      304.9438   813864    5.91%
   5239  4422      297.7166   153      287.9155      304.9289   822250    5.91%
   5311  4490      301.8704   171      287.9155      304.9220   828879    5.91%
   5425  4600      302.5485   183      287.9155      304.9219   837989    5.91%
   5462  4637      296.3720   162      287.9155      304.9219   847045    5.91%
   5539  4714      288.4216    77      287.9155      304.9219   856219    5.91%
   5609  4775      290.5281    96      287.9155      304.9093   865092    5.90%
Elapsed time = 528.89 sec. (338693.60 ticks, tree = 241.89 MB, solutions = 4)
   5716  4878      293.0868   129      287.9155      304.8952   873471    5.90%
   5769  4927      298.5269   175      287.9155      304.8863   882340    5.89%
   5823  4977      302.5966   185      287.9155      304.8698   891264    5.89%
   5884  5034      304.2339   185      287.9155      304.8605   900210    5.89%
   5911  5061      299.3022   167      287.9155      304.8605   909134    5.89%
   5980  5130      291.6442    96      287.9155      304.8605   918272    5.89%
   6082  5226      294.2386   122      287.9155      304.8377   927192    5.88%
   6155  5295      296.0496   147      287.9155      304.8230   935569    5.87%
   6251  5387      296.4899   163      287.9155      304.8217   944396    5.87%
   6299  5431      301.3850   177      287.9155      304.7943   953213    5.86%
Elapsed time = 588.33 sec. (377348.33 ticks, tree = 281.48 MB, solutions = 4)
   6340  5472      290.4756   127      287.9155      304.7943   962017    5.86%
   6382  5510      299.3188   169      287.9155      304.7942   970825    5.86%
   6450  5578      291.3342   108      287.9155      304.7942   979760    5.86%
   6562  5685      295.7927   141      287.9155      304.7902   988435    5.86%
   6644  5763      299.9780   172      287.9155      304.7875   997290    5.86%
   6704  5819      302.5035   171      287.9155      304.7818  1006034    5.86%
   6744  5859      291.6499   125      287.9155      304.7818  1014907    5.86%
   6805  5916      295.3696   156      287.9155      304.7694  1023537    5.85%
   6865  5972      301.2858   165      287.9155      304.7618  1032385    5.85%
   6909  6016      295.4040   131      287.9155      304.7618  1039534    5.85%
Elapsed time = 644.08 sec. (415679.72 ticks, tree = 325.10 MB, solutions = 4)
   7054  6157      299.7206   166      287.9155      304.7560  1048244    5.85%
   7150  6249      299.7138   167      287.9155      304.7352  1057008    5.84%
   7218  6313      300.6812   185      287.9155      304.7251  1066036    5.84%
   7274  6365      303.8247   180      287.9155      304.6838  1074837    5.82%
   7324  6415      291.2571    94      287.9155      304.6838  1082689    5.82%
   7398  6484      299.9929   169      287.9155      304.6825  1091318    5.82%
   7456  6542      292.5799   116      287.9155      304.6825  1100062    5.82%
   7548  6630      297.3659   165      287.9155      304.6793  1108984    5.82%
   7611  6689      300.1088   175      287.9155      304.6386  1118292    5.81%
   7667  6741      303.1368   182      287.9155      304.6262  1127109    5.80%
Elapsed time = 706.00 sec. (454319.39 ticks, tree = 379.48 MB, solutions = 4)
   7748  6818      303.7235   186      287.9155      304.6210  1135953    5.80%
   7773  6843      295.3380   163      287.9155      304.6210  1144116    5.80%
   7834  6899      301.0886   168      287.9155      304.6197  1152760    5.80%
   7887  6952      293.8877   135      287.9155      304.6197  1161616    5.80%
   7973  7032      301.5268   177      287.9155      304.6079  1170384    5.80%
   8029  7088      288.5561    97      287.9155      304.6079  1179094    5.80%
   8100  7155      289.5736    83      287.9155      304.5902  1187953    5.79%
   8170  7221      291.6310   140      287.9155      304.5608  1196689    5.78%
   8229  7276      294.2236   137      287.9155      304.5589  1205700    5.78%
   8290  7333      300.6416   171      287.9155      304.5501  1214412    5.78%
Elapsed time = 762.51 sec. (492838.37 ticks, tree = 423.84 MB, solutions = 4)
   8349  7392      293.2503   122      287.9155      304.5501  1223283    5.78%
   8452  7488      298.5054   170      287.9155      304.5489  1232069    5.78%
   8509  7541      302.9248   185      287.9155      304.5230  1240570    5.77%
   8542  7574      292.8766   138      287.9155      304.5230  1249445    5.77%
   8598  7626      296.0746   158      287.9155      304.5209  1258433    5.77%
   8661  7685      297.6894   155      287.9155      304.5188  1267447    5.77%
   8733  7753      300.0035   171      287.9155      304.5149  1276512    5.77%
   8792  7812      291.7689   132      287.9155      304.5149  1285315    5.77%
   8875  7891      297.0740   151      287.9155      304.4905  1294111    5.76%
   8958  7971      297.9522   172      287.9155      304.4887  1302740    5.76%
Elapsed time = 823.44 sec. (534634.32 ticks, tree = 467.01 MB, solutions = 4)
   9017  8026      299.6315   163      287.9155      304.4819  1311593    5.75%
   9086  8093      302.6364   177      287.9155      304.4815  1320643    5.75%
   9129  8136      291.6496   116      287.9155      304.4815  1329039    5.75%
   9194  8197      299.0438   162      287.9155      304.4786  1337829    5.75%
   9269  8272      290.7374    97      287.9155      304.4786  1346705    5.75%
   9369  8362      296.3451   157      287.9155      304.4759  1355498    5.75%
   9430  8419      298.2382   163      287.9155      304.4644  1364510    5.75%
   9495  8480      300.3049   172      287.9155      304.4636  1373567    5.75%
   9565  8546      301.1560   175      287.9155      304.4626  1382251    5.75%
   9628  8606      302.7900   185      287.9155      304.4587  1390942    5.75%
Elapsed time = 882.32 sec. (573369.18 ticks, tree = 499.69 MB, solutions = 4)
   9669  8647      295.8245   146      287.9155      304.4587  1399965    5.75%
   9767  8742      301.3038   178      287.9155      304.4431  1408997    5.74%
   9822  8793      303.3731   187      287.9155      304.4331  1417804    5.74%
   9895  8862      303.3042   182      287.9155      304.4301  1427007    5.74%
   9942  8909      290.2722   125      287.9155      304.4301  1435829    5.74%
  10004  8967      291.8789   109      287.9155      304.4284  1444513    5.74%
  10088  9045      301.0328   178      287.9155      304.4270  1453231    5.73%
  10109  9066      297.3736   161      287.9155      304.4270  1459275    5.73%
  10186  9143      289.3726    87      287.9155      304.4270  1468109    5.73%
  10259  9212      291.7756   100      287.9155      304.4252  1476801    5.73%
Elapsed time = 940.26 sec. (612756.78 ticks, tree = 533.66 MB, solutions = 4)
  10335  9284      298.2429   165      287.9155      304.4061  1485423    5.73%
  10406  9351      300.7670   168      287.9155      304.3886  1494572    5.72%
  10459  9404      290.1108    67      287.9155      304.3886  1503046    5.72%
* 10496  9072      integral     0      288.1984      304.3886  1503655    5.62%
  10519  9093      297.4987   147      288.1984      304.3805  1508362    5.61%
  10605  9173      301.7146   168      288.1984      304.3715  1517243    5.61%
  10632  9200      297.3929   149      288.1984      304.3715  1525662    5.61%
  10689  9257      290.9179   104      288.1984      304.3715  1533586    5.61%
  10691  9259      303.8787   194      288.1984      304.3678  1534369    5.61%
* 10798  9191      integral     0      288.3245      304.3616  1542755    5.56%
  10799  9191      303.6824   183      288.3245      304.3550  1543298    5.56%
  10844  9236      290.2987   130      288.3245      304.3550  1552167    5.56%
Elapsed time = 999.70 sec. (655684.36 ticks, tree = 533.27 MB, solutions = 6)
  10887  9275      298.1421   171      288.3245      304.3445  1560927    5.56%
  10941  9329      291.1355   132      288.3245      304.3445  1569201    5.56%
  11002  9384      295.7549   152      288.3245      304.3356  1578074    5.55%
  11076  9455      295.0222   144      288.3245      304.3345  1586697    5.55%
  11156  9531      295.5927   137      288.3245      304.3337  1595321    5.55%
  11249  9620      295.7974   171      288.3245      304.3336  1603975    5.55%
  11295  9662      300.4798   171      288.3245      304.3318  1612752    5.55%
  11342  9709      293.2986   141      288.3245      304.3318  1621370    5.55%
  11435  9794      298.0901   164      288.3245      304.3306  1630312    5.55%
  11489  9845      300.6110   187      288.3245      304.3233  1639114    5.55%
Elapsed time = 1057.14 sec. (694378.03 ticks, tree = 568.59 MB, solutions = 6)
  11546  9898      303.6715   184      288.3245      304.3179  1648160    5.55%
  11631  9979      303.8349   181      288.3245      304.3154  1656994    5.55%
  11685 10033      289.2871   109      288.3245      304.3154  1665894    5.55%
  11719 10063      298.5931   167      288.3245      304.3110  1674600    5.54%
  11784 10128      290.6070   128      288.3245      304.3110  1683521    5.54%
  11849 10187      293.0053   124      288.3245      304.3046  1692417    5.54%
  11928 10262      293.2141   122      288.3245      304.3024  1701470    5.54%
  12003 10333      294.9570   132      288.3245      304.3018  1710200    5.54%
  12087 10412      299.2426   175      288.3245      304.3017  1719031    5.54%
  12150 10471      303.0808   169      288.3245      304.2938  1726659    5.54%
Elapsed time = 1115.00 sec. (733158.26 ticks, tree = 609.16 MB, solutions = 6)
  12192 10513      296.5024   143      288.3245      304.2938  1735521    5.54%
  12326 10636      302.8877   194      288.3245      304.2823  1744683    5.53%
  12372 10682      290.0064   115      288.3245      304.2823  1753488    5.53%
  12430 10736      290.7546   115      288.3245      304.2761  1762242    5.53%
  12491 10793      291.7026   128      288.3245      304.2472  1770975    5.52%
  12533 10832      298.2032   174      288.3245      304.2465  1779460    5.52%
  12589 10884      302.0503   176      288.3245      304.2452  1788300    5.52%
  12633 10928      295.7100   141      288.3245      304.2452  1796984    5.52%
  12757 11048      300.8706   184      288.3245      304.2250  1805896    5.51%
  12814 11101      301.7468   175      288.3245      304.2239  1814768    5.51%
Elapsed time = 1173.17 sec. (771938.92 ticks, tree = 653.15 MB, solutions = 6)
  12886 11168      301.9434   177      288.3245      304.2211  1823941    5.51%
  12933 11215      290.2935   109      288.3245      304.2211  1832189    5.51%
  12994 11272      291.1035   120      288.3245      304.2182  1840869    5.51%
  13043 11317      299.5311   185      288.3245      304.2160  1849375    5.51%
  13095 11369      292.6015   139      288.3245      304.2160  1858092    5.51%
  13169 11437      297.6146   157      288.3245      304.2159  1867026    5.51%
  13242 11506      297.8622   166      288.3245      304.2119  1875804    5.51%
  13294 11554      301.1941   179      288.3245      304.2073  1884838    5.51%
  13331 11591      291.7635   134      288.3245      304.2073  1893219    5.51%
  13390 11646      293.1118   130      288.3245      304.1984  1902062    5.51%
Elapsed time = 1228.33 sec. (810494.82 ticks, tree = 689.61 MB, solutions = 6)
  13439 11691      300.7964   169      288.3245      304.1979  1910994    5.51%
  13474 11726      295.9439   154      288.3245      304.1979  1919545    5.51%
  13585 11828      303.7694   175      288.3245      304.1935  1928285    5.50%
  13660 11899      303.6485   177      288.3245      304.1913  1937344    5.50%
* 13747  9918      integral     0      289.6088      304.1913  1943851    5.04%
  13755  9924      301.6187   172      289.6088      304.1865  1945999    5.03%
  13815  9980      302.1962   178      289.6088      304.1862  1954843    5.03%
  13856 10021      291.3561   131      289.6088      304.1862  1962944    5.03%
  13886 10047      299.7641   183      289.6088      304.1797  1971799    5.03%
  13920 10081      294.6893   150      289.6088      304.1797  1980623    5.03%
  13984 10141      300.5970   171      289.6088      304.1791  1989689    5.03%
Elapsed time = 1284.86 sec. (849518.78 ticks, tree = 588.95 MB, solutions = 7)
  14039 10192      301.3709   176      289.6088      304.1765  1998531    5.03%
  14092 10240      303.5069   188      289.6088      304.1755  2007565    5.03%
  14140 10288      290.0798   134      289.6088      304.1755  2016240    5.03%
  14188 10332      291.1921   125      289.6088      304.1735  2025061    5.03%
  14218 10358      299.9440   184      289.6088      304.1707  2033664    5.03%
  14252 10392      295.1560   150      289.6088      304.1707  2041835    5.03%
  14320 10454      299.7770   175      289.6088      304.1642  2050636    5.03%
  14395 10525      299.1436   156      289.6088      304.1591  2059520    5.02%
  14475 10601      296.9436   135      289.6088      304.1571  2068183    5.02%
  14558 10679      294.5926   149      289.6088      304.1514  2076825    5.02%
Elapsed time = 1339.90 sec. (888052.95 ticks, tree = 625.08 MB, solutions = 7)
  14602 10719      300.1383   171      289.6088      304.1443  2085356    5.02%
  14652 10769      293.5492   136      289.6088      304.1443  2094283    5.02%
  14726 10838      296.3972   141      289.6088      304.1437  2103317    5.02%
  14802 10910      293.9028   124      289.6088      304.1421  2112004    5.02%
  14869 10973      292.5135   135      289.6088      304.1417  2120889    5.02%
  14926 11026      293.6150   117      289.6088      304.1354  2128221    5.02%
  14987 11083      298.4041   159      289.6088      304.1340  2136921    5.02%
  15074 11166      303.7025   179      289.6088      304.1333  2146144    5.02%
  15137 11225      303.6166   186      289.6088      304.1028  2154960    5.00%
  15174 11262      293.0025   127      289.6088      304.1028  2163228    5.00%
Elapsed time = 1396.72 sec. (926698.21 ticks, tree = 660.61 MB, solutions = 7)
  15212 11294      298.4023   165      289.6088      304.1017  2171662    5.00%
  15266 11344      299.4028   187      289.6088      304.0981  2180423    5.00%
  15311 11385      302.5617   175      289.6088      304.0979  2186821    5.00%
  15353 11427      295.8914   156      289.6088      304.0979  2195606    5.00%
  15436 11504      302.0491   171      289.6088      304.0938  2204783    5.00%
  15479 11547      290.5332   128      289.6088      304.0938  2213370    5.00%
  15534 11598      290.5680   118      289.6088      304.0860  2222208    5.00%
  15600 11656      303.6455   179      289.6088      304.0742  2231140    4.99%
  15657 11709      303.4131   176      289.6088      304.0705  2240349    4.99%
  15690 11742      297.6104   154      289.6088      304.0705  2248914    4.99%
Elapsed time = 1449.61 sec. (965423.81 ticks, tree = 696.13 MB, solutions = 7)
  15742 11794      291.5841   108      289.6088      304.0705  2255317    4.99%
  15810 11854      297.5051   171      289.6088      304.0645  2263941    4.99%
  15859 11899      299.4308   160      289.6088      304.0619  2272545    4.99%
  15923 11959      297.2114   161      289.6088      304.0598  2281485    4.99%
  15988 12020      297.9131   170      289.6088      304.0555  2290821    4.99%
  16032 12061      301.8485   177      289.6088      304.0458  2299637    4.98%
  16078 12107      295.2608   140      289.6088      304.0458  2308425    4.98%
  16174 12197      299.0890   181      289.6088      304.0455  2317047    4.98%
  16228 12245      298.8140   177      289.6088      304.0367  2325873    4.98%
  16278 12291      300.8311   169      289.6088      304.0255  2334920    4.98%
Elapsed time = 1505.61 sec. (1004141.77 ticks, tree = 721.67 MB, solutions = 7)
  16335 12345      302.1259   182      289.6088      304.0253  2343708    4.98%
  16389 12395      302.8260   178      289.6088      304.0199  2352386    4.98%
  16425 12431      297.2962   169      289.6088      304.0199  2360972    4.98%
  16497 12497      302.2625   191      289.6088      304.0160  2369977    4.97%
  16515 12515      296.3414   175      289.6088      304.0160  2376515    4.97%
  16557 12553      299.1302   166      289.6088      304.0138  2385439    4.97%
  16634 12626      297.6230   177      289.6088      304.0095  2393992    4.97%
  16693 12681      296.6785   155      289.6088      304.0057  2402865    4.97%
  16754 12738      299.9074   167      289.6088      303.9951  2411607    4.97%
  16819 12803      291.9661   116      289.6088      303.9951  2420392    4.97%
Elapsed time = 1559.67 sec. (1042753.88 ticks, tree = 761.05 MB, solutions = 7)
  16867 12845      296.9805   150      289.6088      303.9945  2429021    4.97%
  16943 12918      296.5354   152      289.6088      303.9940  2437447    4.97%
  17010 12981      295.7831   154      289.6088      303.9899  2446247    4.97%
  17068 13035      295.1157   140      289.6088      303.9848  2455239    4.96%
  17112 13075      301.0917   176      289.6088      303.9785  2464098    4.96%
  17160 13123      294.3030   129      289.6088      303.9785  2472658    4.96%
  17240 13197      296.1944   150      289.6088      303.9766  2481614    4.96%
  17309 13260      297.9923   153      289.6088      303.9724  2488672    4.96%
  17380 13327      295.9255   153      289.6088      303.9724  2497520    4.96%
  17441 13384      296.6218   166      289.6088      303.9656  2506492    4.96%
Elapsed time = 1617.54 sec. (1082288.34 ticks, tree = 791.28 MB, solutions = 7)
  17481 13420      301.6526   179      289.6088      303.9595  2515305    4.96%
  17507 13446      297.2794   172      289.6088      303.9595  2524082    4.96%
  17557 13496      291.3441   116      289.6088      303.9595  2532785    4.96%
  17624 13557      292.3466   112      289.6088      303.9467  2541545    4.95%
  17695 13624      291.7031   130      289.6088      303.9464  2550359    4.95%
  17749 13674      292.5588   127      289.6088      303.9451  2559170    4.95%
  17809 13730      293.0663   136      289.6088      303.9442  2567996    4.95%
  17848 13765      300.1430   170      289.6088      303.9439  2576517    4.95%
  17879 13796      295.3182   156      289.6088      303.9439  2584834    4.95%
  17941 13852      301.0432   178      289.6088      303.9402  2593921    4.95%
Elapsed time = 1670.79 sec. (1121082.69 ticks, tree = 824.90 MB, solutions = 7)
  18003 13910      301.0175   170      289.6088      303.9382  2602902    4.95%
  18071 13974      300.4685   166      289.6088      303.9277  2611629    4.94%
  18142 14041      299.4958   169      289.6088      303.9252  2619572    4.94%
  18199 14094      300.4917   171      289.6088      303.9164  2628683    4.94%
  18248 14143      293.3114   139      289.6088      303.9164  2637659    4.94%
  18322 14211      295.3283   139      289.6088      303.9155  2646469    4.94%
  18399 14284      293.6382   128      289.6088      303.9133  2655241    4.94%
  18450 14331      296.1936   144      289.6088      303.9070  2663531    4.94%
  18512 14390      296.5467   150      289.6088      303.9068  2670946    4.94%
  18577 14451      299.8020   176      289.6088      303.8928  2679698    4.93%
Elapsed time = 1728.00 sec. (1159606.85 ticks, tree = 870.93 MB, solutions = 7)
  18626 14500      292.7994   139      289.6088      303.8928  2688557    4.93%
  18693 14562      295.0685   138      289.6088      303.8901  2697561    4.93%
  18762 14628      294.0782   149      289.6088      303.8892  2706424    4.93%
  18819 14681      293.3342   130      289.6088      303.8827  2715248    4.93%
  18888 14746      291.6674   108      289.6088      303.8803  2724205    4.93%
  18939 14793      298.1965   171      289.6088      303.8784  2732851    4.93%
  19001 14855      291.1389   132      289.6088      303.8784  2741935    4.93%
  19085 14932      303.4047   190      289.6088      303.8754  2750793    4.93%
  19140 14983      303.4183   180      289.6088      303.8734  2759738    4.93%
  19194 15033      302.7707   195      289.6088      303.8713  2768938    4.92%
Elapsed time = 1785.34 sec. (1198280.11 ticks, tree = 915.47 MB, solutions = 7)
  19245 15080      303.1274   175      289.6088      303.8686  2777997    4.92%
  19284 15119      296.5901   158      289.6088      303.8686  2786647    4.92%
  19375 15201      303.4975   172      289.6088      303.8677  2793684    4.92%
  19444 15265      302.1081   175      289.6088      303.8604  2802598    4.92%
  19505 15322      301.4175   174      289.6088      303.8540  2811658    4.92%
  19563 15376      301.2484   176      289.6088      303.8487  2820564    4.92%
  19617 15426      301.9825   163      289.6088      303.8480  2829463    4.92%
  19663 15472      295.0687   146      289.6088      303.8480  2838015    4.92%
  19732 15535      300.2337   179      289.6088      303.8421  2846458    4.91%
  19787 15586      300.7823   162      289.6088      303.8404  2855514    4.91%
Elapsed time = 1841.08 sec. (1236968.37 ticks, tree = 958.08 MB, solutions = 7)
  19850 15645      298.5540   159      289.6088      303.8379  2864150    4.91%
  19915 15706      297.5628   166      289.6088      303.8368  2873410    4.91%
  19972 15757      300.7170   168      289.6088      303.8345  2882296    4.91%
  20024 15809      293.7099   130      289.6088      303.8345  2891132    4.91%
  20095 15870      296.8510   162      289.6088      303.8342  2900112    4.91%
  20143 15914      298.2583   166      289.6088      303.8311  2907910    4.91%
  20203 15970      295.9325   140      289.6088      303.8292  2916812    4.91%
  20278 16041      296.4820   167      289.6088      303.8274  2925482    4.91%
  20321 16081      300.7454   185      289.6088      303.8265  2934075    4.91%
  20370 16130      294.0836   134      289.6088      303.8265  2942863    4.91%
Elapsed time = 1896.61 sec. (1275533.91 ticks, tree = 996.12 MB, solutions = 7)
  20443 16198      297.4344   167      289.6088      303.8261  2951862    4.91%
  20503 16254      296.7191   155      289.6088      303.8252  2960972    4.91%
  20553 16300      299.7165   174      289.6088      303.8243  2967466    4.91%
  20605 16348      299.0580   181      289.6088      303.8235  2976374    4.91%
  20662 16401      300.8509   175      289.6088      303.8230  2985510    4.91%
  20706 16445      295.2027   139      289.6088      303.8230  2993899    4.91%
  20800 16534      299.3038   177      289.6088      303.8132  3002566    4.90%
  20864 16594      297.3133   165      289.6088      303.8112  3011339    4.90%
  20909 16636      301.1214   167      289.6088      303.8060  3018211    4.90%
  20976 16699      299.2026   169      289.6088      303.7959  3027142    4.90%
Elapsed time = 1954.25 sec. (1314555.99 ticks, tree = 1026.64 MB, solutions = 7)
  21033 16752      300.8767   180      289.6088      303.7956  3035801    4.90%
  21075 16794      294.6593   147      289.6088      303.7956  3043767    4.90%
  21141 16854      298.2712   160      289.6088      303.7935  3052711    4.90%
  21201 16910      297.9168   172      289.6088      303.7884  3061465    4.90%
  21260 16965      297.9656   160      289.6088      303.7851  3070248    4.89%
  21309 17011      299.5902   180      289.6088      303.7841  3077240    4.89%
  21364 17062      301.3905   178      289.6088      303.7833  3086399    4.89%
  21405 17103      295.0835   150      289.6088      303.7833  3095149    4.89%
  21469 17163      299.2465   165      289.6088      303.7802  3104506    4.89%
  21516 17206      301.2737   168      289.6088      303.7795  3113691    4.89%
Elapsed time = 2010.25 sec. (1354778.98 ticks, tree = 1061.41 MB, solutions = 7)
  21585 17271      300.6088   184      289.6088      303.7745  3122511    4.89%
  21645 17327      299.0993   184      289.6088      303.7682  3131404    4.89%
  21693 17371      300.9098   175      289.6088      303.7680  3140289    4.89%
  21709 17387      298.3399   173      289.6088      303.7680  3144314    4.89%
  21769 17447      290.8975   119      289.6088      303.7680  3153010    4.89%
  21832 17504      289.9610   111      289.6088      303.7677  3162044    4.89%
  21881 17549      290.4640   137      289.6088      303.7619  3170596    4.89%
  21932 17596      290.6671   129      289.6088      303.7563  3179341    4.89%
  21997 17654      303.1452   183      289.6088      303.7534  3188279    4.88%
  22029 17686      297.7311   165      289.6088      303.7534  3196561    4.88%
Elapsed time = 2064.13 sec. (1393699.89 ticks, tree = 1094.03 MB, solutions = 7)
  22099 17756      290.3429   100      289.6088      303.7534  3205479    4.88%
  22134 17785      295.5127   162      289.6088      303.7533  3214444    4.88%
  22195 17840      293.9400   130      289.6088      303.7527  3223255    4.88%
  22270 17912      292.3366   115      289.6088      303.7519  3231909    4.88%
  22327 17965      294.2943   136      289.6088      303.7473  3240456    4.88%
  22382 18014      299.1107   159      289.6088      303.7424  3249023    4.88%
  22469 18101      290.8151    56      289.6088      303.7424  3257907    4.88%
  22549 18175      290.4800    99      289.6088      303.7381  3266372    4.88%
  22621 18239      303.0574   175      289.6088      303.7378  3275260    4.88%
  22700 18314      301.8195   183      289.6088      303.7335  3283971    4.88%
Elapsed time = 2122.75 sec. (1432172.65 ticks, tree = 1128.54 MB, solutions = 7)
  22750 18360      302.2779   178      289.6088      303.7335  3292743    4.88%
  22789 18399      295.9647   162      289.6088      303.7335  3301352    4.88%
  22856 18462      301.6467   178      289.6088      303.7265  3310404    4.87%
  22927 18529      300.6359   171      289.6088      303.7263  3319093    4.87%
  22987 18583      299.5325   174      289.6088      303.7248  3328117    4.87%
  23045 18637      297.9976   156      289.6088      303.7243  3336913    4.87%
  23102 18690      300.7144   177      289.6088      303.7236  3345874    4.87%
  23141 18729      295.0537   149      289.6088      303.7236  3354655    4.87%
  23206 18788      297.9264   157      289.6088      303.7203  3363612    4.87%
  23283 18861      295.8556   161      289.6088      303.7198  3372588    4.87%
Elapsed time = 2178.91 sec. (1470932.88 ticks, tree = 1153.54 MB, solutions = 7)
  23328 18902      298.1740   159      289.6088      303.7181  3381001    4.87%
  23384 18954      298.3892   172      289.6088      303.7166  3389557    4.87%
  23435 19001      300.3202   176      289.6088      303.7090  3398375    4.87%
  23490 19056      293.2659   124      289.6088      303.7090  3407230    4.87%
  23574 19132      296.6230   159      289.6088      303.7054  3416031    4.87%
  23631 19185      296.1336   154      289.6088      303.7044  3424706    4.87%
  23691 19241      295.0735   142      289.6088      303.7023  3433551    4.87%
  23764 19310      293.7025   114      289.6088      303.6940  3441857    4.86%
  23816 19358      299.9865   171      289.6088      303.6936  3450829    4.86%
  23847 19389      295.2742   158      289.6088      303.6936  3459437    4.86%
Elapsed time = 2233.84 sec. (1509509.82 ticks, tree = 1184.43 MB, solutions = 7)
  23903 19441      301.4136   165      289.6088      303.6925  3468083    4.86%
  23969 19503      300.4229   177      289.6088      303.6876  3477073    4.86%
  24027 19557      299.6755   167      289.6088      303.6802  3486086    4.86%
  24079 19605      301.1941   168      289.6088      303.6800  3494844    4.86%
  24138 19660      303.2120   181      289.6088      303.6770  3501562    4.86%
  24175 19697      296.8909   158      289.6088      303.6770  3510160    4.86%
  24247 19765      302.4503   180      289.6088      303.6754  3518922    4.86%
  24300 19814      302.0361   174      289.6088      303.6754  3527661    4.86%
  24364 19874      300.6209   181      289.6088      303.6754  3536678    4.86%
  24411 19917      301.0283   186      289.6088      303.6754  3545601    4.86%
Elapsed time = 2288.91 sec. (1548300.50 ticks, tree = 1225.19 MB, solutions = 7)
  24459 19961      302.2470   176      289.6088      303.6722  3554527    4.86%
  24509 20011      294.7924   140      289.6088      303.6722  3563301    4.86%
  24586 20082      299.6073   179      289.6088      303.6721  3572323    4.86%
  24634 20126      300.8654   173      289.6088      303.6676  3581039    4.85%
  24696 20184      301.1583   165      289.6088      303.6668  3589959    4.85%
  24761 20245      301.0967   174      289.6088      303.6614  3598842    4.85%
  24818 20298      301.7064   177      289.6088      303.6534  3608025    4.85%
  24850 20330      296.6421   161      289.6088      303.6534  3616597    4.85%
  24909 20389      289.8614   102      289.6088      303.6534  3625662    4.85%
  24977 20446      303.2175   179      289.6088      303.6406  3634389    4.85%
Elapsed time = 2345.11 sec. (1588622.92 ticks, tree = 1265.87 MB, solutions = 7)
  25040 20505      301.0365   170      289.6088      303.6372  3643373    4.84%
  25104 20565      299.3839   173      289.6088      303.6351  3652360    4.84%
  25153 20610      301.6965   174      289.6088      303.6314  3661055    4.84%
  25196 20653      294.9244   151      289.6088      303.6314  3669830    4.84%
  25263 20716      299.0558   165      289.6088      303.6311  3679044    4.84%
  25332 20781      299.0926   177      289.6088      303.6289  3687190    4.84%
  25379 20824      300.4300   167      289.6088      303.6272  3696003    4.84%
  25437 20878      300.9210   164      289.6088      303.6263  3705149    4.84%
  25510 20947      300.9910   186      289.6088      303.6218  3714066    4.84%
  25552 20989      294.5114   163      289.6088      303.6218  3722785    4.84%
Elapsed time = 2400.25 sec. (1627295.13 ticks, tree = 1295.21 MB, solutions = 7)
  25609 21042      299.5650   175      289.6088      303.6184  3731804    4.84%
  25659 21086      300.4527   172      289.6088      303.6166  3740647    4.84%
  25721 21144      300.4304   176      289.6088      303.6122  3749229    4.84%
  25773 21192      299.3046   160      289.6088      303.6099  3758278    4.83%
  25828 21243      301.5062   157      289.6088      303.6097  3767615    4.83%
  25873 21288      295.5977   124      289.6088      303.6097  3776108    4.83%
  25989 21400      297.2798   163      289.6088      303.6088  3784834    4.83%
  26039 21446      299.4575   171      289.6088      303.6076  3793262    4.83%
  26093 21496      299.9280   174      289.6088      303.6073  3801972    4.83%
  26153 21552      299.1899   154      289.6088      303.6041  3809837    4.83%
Elapsed time = 2456.50 sec. (1665964.23 ticks, tree = 1325.68 MB, solutions = 7)
  26219 21614      301.2969   162      289.6088      303.6000  3818716    4.83%
  26251 21646      296.4077   141      289.6088      303.6000  3827517    4.83%
  26336 21723      300.7726   170      289.6088      303.5994  3836334    4.83%
  26383 21766      302.2860   182      289.6088      303.5978  3844935    4.83%
  26444 21823      300.2884   167      289.6088      303.5967  3853874    4.83%
  26504 21880      298.2073   171      289.6088      303.5954  3862910    4.83%
  26551 21923      301.0819   170      289.6088      303.5934  3871554    4.83%
  26600 21972      293.7994   129      289.6088      303.5934  3880258    4.83%
  26668 22036      295.8315   156      289.6088      303.5925  3889106    4.83%
  26723 22087      295.6387   163      289.6088      303.5853  3897846    4.83%
Elapsed time = 2511.02 sec. (1704720.56 ticks, tree = 1361.21 MB, solutions = 7)
  26769 22128      298.3044   161      289.6088      303.5853  3906534    4.83%
  26830 22185      296.8210   157      289.6088      303.5805  3915649    4.82%
  26890 22241      299.5627   164      289.6088      303.5795  3924472    4.82%
  26925 22276      294.6714   140      289.6088      303.5795  3931414    4.82%
  27002 22348      298.9597   178      289.6088      303.5789  3940424    4.82%
  27058 22400      297.9760   169      289.6088      303.5740  3949918    4.82%
  27100 22436      301.3991   177      289.6088      303.5714  3958572    4.82%
  27158 22490      300.4350   181      289.6088      303.5711  3967500    4.82%
  27216 22545      301.3639   177      289.6088      303.5651  3976399    4.82%
  27244 22573      296.7297   166      289.6088      303.5651  3984601    4.82%
Elapsed time = 2563.55 sec. (1743486.92 ticks, tree = 1396.49 MB, solutions = 7)
  27313 22638      302.4816   180      289.6088      303.5615  3993427    4.82%
  27364 22685      302.8957   191      289.6088      303.5604  4002149    4.82%
  27415 22730      302.4826   166      289.6088      303.5600  4011135    4.82%
  27490 22799      301.3289   171      289.6088      303.5582  4019942    4.82%
  27544 22850      301.6260   184      289.6088      303.5578  4028890    4.82%
  27583 22889      295.2764   163      289.6088      303.5578  4037512    4.82%
  27648 22950      299.2404   151      289.6088      303.5526  4046680    4.81%
  27720 23016      297.0820   153      289.6088      303.5479  4055097    4.81%
  27802 23095      295.0228   143      289.6088      303.5476  4063834    4.81%
  27857 23146      295.0897   155      289.6088      303.5452  4072604    4.81%
Elapsed time = 2619.20 sec. (1782147.87 ticks, tree = 1440.93 MB, solutions = 7)
  27901 23186      299.4577   185      289.6088      303.5447  4081205    4.81%
  27950 23235      292.6113   134      289.6088      303.5447  4089915    4.81%
  28015 23294      293.8181   128      289.6088      303.5431  4098767    4.81%
  28084 23359      292.0670   127      289.6088      303.5405  4107449    4.81%
  28128 23399      295.0109   151      289.6088      303.5382  4113819    4.81%
  28183 23449      295.0716   158      289.6088      303.5358  4122407    4.81%
  28220 23482      301.1054   171      289.6088      303.5350  4130846    4.81%
  28278 23540      293.2785   119      289.6088      303.5350  4139740    4.81%
  28364 23620      295.2966   139      289.6088      303.5349  4148368    4.81%
  28431 23684      295.6164   147      289.6088      303.5341  4156959    4.81%
Elapsed time = 2673.75 sec. (1820590.14 ticks, tree = 1478.94 MB, solutions = 7)
  28488 23737      295.4921   156      289.6088      303.5324  4165955    4.81%
  28542 23787      296.0979   168      289.6088      303.5309  4173775    4.81%
  28585 23826      299.9010   171      289.6088      303.5307  4182560    4.81%
  28630 23871      293.2986   145      289.6088      303.5307  4191348    4.81%
  28700 23937      293.9307   130      289.6088      303.5299  4200247    4.81%
  28779 24012      292.9327   122      289.6088      303.5298  4208968    4.81%
  28832 24061      296.3263   158      289.6088      303.5262  4217805    4.81%
  28877 24102      297.6831   156      289.6088      303.5239  4226811    4.80%
  28929 24150      299.9643   180      289.6088      303.5224  4234916    4.80%
  28983 24204      292.6578   130      289.6088      303.5224  4243698    4.80%
Elapsed time = 2736.60 sec. (1859175.32 ticks, tree = 1519.21 MB, solutions = 7)
  29047 24262      294.3211   147      289.6088      303.5150  4252515    4.80%
  29121 24332      292.8939   121      289.6088      303.5148  4261211    4.80%
  29193 24400      290.7030   108      289.6088      303.5132  4269979    4.80%
  29274 24473      302.8900   178      289.6088      303.5083  4278887    4.80%
  29300 24499      298.0314   162      289.6088      303.5083  4287226    4.80%
  29367 24566      290.3190   109      289.6088      303.5083  4295923    4.80%
  29428 24619      290.1862   118      289.6088      303.5037  4304645    4.80%
  29483 24668      303.0533   187      289.6088      303.5016  4313469    4.80%
  29530 24711      303.1156   180      289.6088      303.4993  4322335    4.80%
  29565 24746      292.7973   135      289.6088      303.4993  4331298    4.80%
Elapsed time = 2791.63 sec. (1897705.06 ticks, tree = 1542.50 MB, solutions = 7)
  29610 24787      298.4535   173      289.6088      303.4980  4339914    4.80%
  29689 24866      289.8978    88      289.6088      303.4980  4348965    4.80%
  29747 24918        cutoff            289.6088      303.4971  4357496    4.80%
  29819 24984      302.3705   178      289.6088      303.4950  4366404    4.79%
  29876 25037      301.6475   185      289.6088      303.4913  4375252    4.79%
  29928 25085      302.0624   175      289.6088      303.4821  4384232    4.79%
  29963 25120      296.6728   155      289.6088      303.4821  4392775    4.79%
  30028 25179      302.4299   178      289.6088      303.4820  4401622    4.79%
  30088 25236      302.0060   176      289.6088      303.4784  4410401    4.79%
  30114 25262      293.9600   146      289.6088      303.4784  4415951    4.79%
Elapsed time = 2844.72 sec. (1936266.44 ticks, tree = 1580.43 MB, solutions = 7)
  30155 25298      297.0150   165      289.6088      303.4769  4424775    4.79%
  30202 25341      298.4769   149      289.6088      303.4766  4433488    4.79%
  30272 25407      300.8624   178      289.6088      303.4738  4442330    4.79%
  30318 25453      294.3110   136      289.6088      303.4738  4450998    4.79%
  30385 25514      299.3922   176      289.6088      303.4728  4459575    4.79%
  30437 25562      299.4562   174      289.6088      303.4677  4468250    4.79%
  30499 25620      298.4288   158      289.6088      303.4662  4476881    4.78%
  30548 25665      299.5761   163      289.6088      303.4618  4484254    4.78%
  30600 25713      301.6517   175      289.6088      303.4570  4493091    4.78%
  30626 25739      297.2520   168      289.6088      303.4570  4501555    4.78%
Elapsed time = 2896.94 sec. (1975060.06 ticks, tree = 1603.14 MB, solutions = 7)
  30673 25786      291.4903   130      289.6088      303.4570  4510142    4.78%
  30733 25842      291.1783   112      289.6088      303.4510  4519018    4.78%
  30800 25905      290.0422    91      289.6088      303.4487  4527814    4.78%
  30876 25973      302.5943   173      289.6088      303.4468  4536341    4.78%
  30927 26024      290.7197    97      289.6088      303.4468  4544824    4.78%
  30959 26052      299.1500   168      289.6088      303.4459  4553439    4.78%
  30999 26092      293.2927   131      289.6088      303.4459  4562018    4.78%
  31055 26142      296.9499   163      289.6088      303.4451  4570937    4.78%
  31109 26192      296.4210   156      289.6088      303.4451  4579560    4.78%
  31166 26245      297.2558   172      289.6088      303.4445  4588876    4.78%
Elapsed time = 2950.30 sec. (2013742.30 ticks, tree = 1636.71 MB, solutions = 7)
  31211 26286      298.8234   154      289.6088      303.4397  4597573    4.78%
  31281 26352      301.3887   169      289.6088      303.4379  4606430    4.78%
  31319 26390      295.7217   137      289.6088      303.4379  4613598    4.78%
  31397 26461      299.2480   174      289.6088      303.4350  4622448    4.77%
  31445 26505      300.3248   167      289.6088      303.4338  4631037    4.77%
  31498 26556      301.0727   168      289.6088      303.4286  4639819    4.77%
  31569 26624      298.9381   151      289.6088      303.4255  4648606    4.77%
  31657 26707      299.8534   169      289.6088      303.4254  4657489    4.77%
  31709 26759      293.0662   122      289.6088      303.4254  4665505    4.77%
  31779 26821      293.7668   142      289.6088      303.4253  4674359    4.77%
Elapsed time = 3006.26 sec. (2053140.43 ticks, tree = 1673.45 MB, solutions = 7)
  31830 26868      293.4393   138      289.6088      303.4249  4683137    4.77%
  31885 26917      292.2962   129      289.6088      303.4247  4691925    4.77%
  31944 26972      291.0583   113      289.6088      303.4225  4700855    4.77%
  31992 27016      297.1774   137      289.6088      303.4214  4709467    4.77%
  32101 27117      300.1623   173      289.6088      303.4162  4718196    4.77%
  32149 27161      301.1647   175      289.6088      303.4161  4726818    4.77%
  32207 27215      302.1500   175      289.6088      303.4125  4735717    4.77%
  32264 27268      301.0335   175      289.6088      303.4091  4744407    4.77%
  32317 27315      301.6033   163      289.6088      303.4039  4753480    4.76%
  32371 27369      293.7711   119      289.6088      303.4039  4762233    4.76%
Elapsed time = 3060.53 sec. (2091674.65 ticks, tree = 1715.75 MB, solutions = 7)
  32452 27440      295.7040   155      289.6088      303.4010  4771147    4.76%
  32506 27491      299.0424   169      289.6088      303.3984  4779815    4.76%
  32556 27537      300.3196   178      289.6088      303.3936  4788043    4.76%
  32612 27589      299.7312   180      289.6088      303.3934  4796786    4.76%
  32664 27635      300.6436   181      289.6088      303.3932  4805792    4.76%
  32708 27679      293.9867   150      289.6088      303.3932  4814474    4.76%
  32769 27736      297.3900   173      289.6088      303.3911  4823277    4.76%
  32823 27786      296.2155   157      289.6088      303.3897  4832128    4.76%
  32887 27846      295.2541   143      289.6088      303.3893  4841087    4.76%
  32941 27896      296.3724   154      289.6088      303.3887  4849832    4.76%
Elapsed time = 3114.68 sec. (2130224.27 ticks, tree = 1750.83 MB, solutions = 7)
  32992 27943      300.3698   172      289.6088      303.3869  4858324    4.76%
  33041 27992      293.5389   134      289.6088      303.3869  4866987    4.76%
  33115 28062      295.4030   135      289.6088      303.3863  4875719    4.76%
  33178 28121      298.0067   163      289.6088      303.3844  4884576    4.76%
  33238 28177      299.4048   173      289.6088      303.3837  4893169    4.76%
  33300 28235      298.6850   164      289.6088      303.3754  4901940    4.75%
  33357 28288      302.1093   162      289.6088      303.3751  4909566    4.75%
  33391 28322      297.1239   143      289.6088      303.3751  4918077    4.75%
  33495 28420      300.1866   160      289.6088      303.3751  4927089    4.75%
  33560 28481      299.0464   168      289.6088      303.3741  4935697    4.75%
Elapsed time = 3170.79 sec. (2168880.22 ticks, tree = 1774.09 MB, solutions = 7)
  33612 28529      299.4967   165      289.6088      303.3728  4944436    4.75%
  33678 28591      297.8527   159      289.6088      303.3723  4953105    4.75%
  33736 28646      299.9625   174      289.6088      303.3721  4961812    4.75%
  33795 28705      291.8673   127      289.6088      303.3721  4970712    4.75%
  33857 28761      292.5283   134      289.6088      303.3704  4979595    4.75%
  33921 28822      290.9225   104      289.6088      303.3693  4988282    4.75%
  33981 28878      291.0383   124      289.6088      303.3687  4996906    4.75%
  34015 28908      295.1537   161      289.6088      303.3686  5005547    4.75%
  34052 28941      300.5788   177      289.6088      303.3676  5013875    4.75%
  34096 28985      293.9369   142      289.6088      303.3676  5022704    4.75%
Elapsed time = 3223.99 sec. (2207274.17 ticks, tree = 1800.64 MB, solutions = 7)
  34147 29032      301.8304   182      289.6088      303.3664  5029323    4.75%
  34202 29083      302.2046   172      289.6088      303.3643  5037965    4.75%
  34257 29132      301.3978   180      289.6088      303.3627  5047060    4.75%
Starting limited solution polishing.
  34310 29181      301.1673   168      289.6088      303.3624  5055508    4.75%
  34385 29252      302.6129   181      289.6088      303.3617  5064167    4.75%
  34424 29291      296.1804   155      289.6088      303.3617  5072299    4.75%
  34506 29367      301.0214   164      289.6088      303.3616  5081254    4.75%
  34564 29421      302.7646   181      289.6088      303.3616  5088308    4.75%
  34613 29466      301.8662   181      289.6088      303.3615  5097027    4.75%
  34676 29523      300.1733   174      289.6088      303.3607  5106216    4.75%
Elapsed time = 3278.56 sec. (2246068.83 ticks, tree = 1837.97 MB, solutions = 7)
  34731 29574      301.8372   174      289.6088      303.3591  5114417    4.75%
  34772 29615      295.3515   136      289.6088      303.3591  5123000    4.75%
  34842 29680      299.7473   176      289.6088      303.3587  5131394    4.75%
  34889 29723      300.3810   174      289.6088      303.3583  5140046    4.75%
  34938 29768      302.7763   181      289.6088      303.3550  5146768    4.75%
  34991 29817      302.6126   182      289.6088      303.3549  5155500    4.75%
  35022 29848      293.2057   141      289.6088      303.3549  5163680    4.75%
  35063 29885      298.7321   154      289.6088      303.3532  5172273    4.75%
  35146 29968      290.7515    63      289.6088      303.3532  5180956    4.75%
  35233 30051      290.1575   127      289.6088      303.3523  5189288    4.75%
Elapsed time = 3333.09 sec. (2284601.05 ticks, tree = 1874.63 MB, solutions = 7)
  35314 30124      302.0841   172      289.6088      303.3510  5197793    4.75%
  35383 30189      300.4948   183      289.6088      303.3495  5206478    4.74%
  35436 30238      300.7435   165      289.6088      303.3488  5215216    4.74%
  35486 30288      294.0196   130      289.6088      303.3488  5223948    4.74%
  35557 30355      296.9570   164      289.6088      303.3479  5232524    4.74%
  35617 30411      296.0038   138      289.6088      303.3431  5240919    4.74%
  35695 30485      293.0984   127      289.6088      303.3426  5249617    4.74%
  35760 30546      292.0255   109      289.6088      303.3426  5257460    4.74%
  35810 30592      298.7929   159      289.6088      303.3405  5265678    4.74%
  35884 30666      290.9724    98      289.6088      303.3405  5274399    4.74%
Elapsed time = 3390.61 sec. (2323069.24 ticks, tree = 1904.00 MB, solutions = 7)
  35964 30738      290.8224   103      289.6088      303.3400  5282867    4.74%
  36027 30794      289.6090   114      289.6088      303.3399  5291216    4.74%
  36104 30867      301.8657   174      289.6088      303.3395  5300155    4.74%
  36122 30885      296.0257   150      289.6088      303.3395  5304296    4.74%
  36175 30934      299.1903   170      289.6088      303.3387  5312960    4.74%
  36222 30981      292.7050   123      289.6088      303.3387  5321342    4.74%
  36281 31036      295.5861   144      289.6088      303.3381  5330129    4.74%
  36358 31109      293.4211   128      289.6088      303.3377  5338626    4.74%
  36437 31184      291.6134   109      289.6088      303.3364  5347267    4.74%
  36499 31242      291.9313   130      289.6088      303.3363  5356106    4.74%
Elapsed time = 3446.44 sec. (2361674.35 ticks, tree = 1948.36 MB, solutions = 7)
  36542 31281      298.0478   174      289.6088      303.3343  5364607    4.74%
  36598 31337      290.6895   127      289.6088      303.3343  5373423    4.74%
  36654 31389      291.2230   121      289.6088      303.3341  5382277    4.74%
  36752 31479      302.3851   178      289.6088      303.3320  5390806    4.74%
  36804 31528      302.7736   183      289.6088      303.3320  5399740    4.74%
  36839 31563      292.6560   118      289.6088      303.3320  5407784    4.74%
  36893 31613      296.9661   172      289.6088      303.3296  5416533    4.74%
  36964 31678      301.3808   166      289.6088      303.3277  5425255    4.74%
  37032 31742      300.6888   173      289.6088      303.3262  5433557    4.74%
  37094 31800      299.1438   150      289.6088      303.3248  5442343    4.74%
Elapsed time = 3501.88 sec. (2400270.01 ticks, tree = 1972.19 MB, solutions = 7)
  37168 31870      298.4029   170      289.6088      303.3242  5450922    4.74%
  37213 31911      301.4606   178      289.6088      303.3234  5458579    4.74%
  37249 31947      295.6261   151      289.6088      303.3234  5467166    4.74%
  37309 32003      302.0161   184      289.6088      303.3226  5473778    4.74%
  37369 32059      300.7388   173      289.6088      303.3221  5482712    4.74%
  37430 32116      300.2360   179      289.6088      303.3205  5491354    4.73%
  37477 32159      301.0892   174      289.6088      303.3202  5500670    4.73%
  37535 32213      301.7025   168      289.6088      303.3199  5509257    4.73%
  37581 32259      294.8603   134      289.6088      303.3199  5517798    4.73%
  37680 32353      300.9995   180      289.6088      303.3193  5525926    4.73%
Elapsed time = 3557.91 sec. (2439425.96 ticks, tree = 2003.20 MB, solutions = 7)
  37726 32395      302.7071   175      289.6088      303.3160  5533789    4.73%
  37755 32424      293.9483   148      289.6088      303.3160  5542392    4.73%
  37809 32474      296.4870   158      289.6088      303.3154  5550689    4.73%
  37875 32536      296.3636   163      289.6088      303.3152  5559482    4.73%
  37915 32572      300.5953   173      289.6088      303.3143  5568191    4.73%
  37953 32610      294.8914   152      289.6088      303.3143  5576836    4.73%
  38012 32665      301.0107   169      289.6088      303.3134  5584737    4.73%
  38060 32709      302.1340   174      289.6088      303.3123  5593313    4.73%

Flow cuts applied:  5
Mixed integer rounding cuts applied:  54
User cuts applied:  9214

Root node processing (before b&c):
  Real time             =    4.48 sec. (2184.35 ticks)
Sequential b&c:
  Real time             = 3595.53 sec. (2469466.95 ticks)
                          ------------
Total (root+branch&cut) = 3600.01 sec. (2471651.31 ticks)
|V|                                     400
K                                       80
theta                                   0.01
r                                       1
R                                       20
prob_func                               facility_mixture
mixture_low_share                       0.100000
mixture_low_interval                    [0.001000, 0.010000]
mixture_high_interval                   [0.100000, 0.500000]
mixture_seed                            1
#C1                                     458
#CP                                     5290

@Parameters: 
am_callback_heuristic                   false
am_local_search                         true
am_start_heuristic                      false
colocation                              false
comp                                    false
cutC                                    true
cutC_init                               false
cutF                                    true
cutF_init                               false
cutF_stable                             false
cutF_wrong                              false
cutLocal                                false
cutM                                    true
cutM_init                               true
cutM_stable                             false
cutP                                    true
cutP_init                               false
cutP_stable                             false
init                                    true
init_cutF_zero                          false
init_val_greedy                         true
is_Euclidean                            false
is_local_search                         true
is_right_cutP                           true
is_root                                 false
is_silent                               false
is_start                                false
mycut                                   false
pmed                                    false
pre                                     true
stable_root                             false
str                                     false
two_phase                               false
ubstr                                   false
mode                                    Bin

am_callback_node_space                  50
init                                    0
mixture_seed                            1
node_space                              5
nodelimit                               -1
nsepa                                   1
strF                                    0
type_delta                              0

EPS                                     0.001000
EPS_FRAC                                0.00
gap                                     0.00
mixture_high_max                        0.50
mixture_high_min                        0.10
mixture_low_max                         0.01
mixture_low_min                         0.00
mixture_low_share                       0.10
timelimit                               3600.00

Number of Closed Sites: 10 / 800 
Number of Confined Sites-1: 14 / 1106 
Number of Confined Sites-k: 376 / 8038 
Preprocess Time: 1.06 + 0.00 sec

Solve Time: 3600.01
Number of Nodes: 38068
Termination Status: TIME_LIMIT

CutInfo: [phase] num / time (sec) / aver. num_nonzero
max              [LP]     0 / 0.00 / 0.00 [init]   312 / 0.08 / 1.48 [rLC]   463 / 0.15 / 6.74 [rUC]  2783 / 0.82 / 3.22 [sLC]     4 / 0.13 / 7.75 [sUC]  1455 / 5.70 / 4.23 
prod_oa          [LP]     0 / 0.00 / 0.00 [init]     0 / 0.00 / 0.00 [rLC]     0 / 0.00 / 0.00 [rUC]     0 / 0.00 / 0.00 [sLC]     0 / 0.00 / 0.00 [sUC]     0 / 0.00 / 0.00 
prod_sm_fixed    [LP]     0 / 0.00 / 0.00 [init]     0 / 0.00 / 0.00 [rLC]     0 / 0.00 / 0.00 [rUC]     0 / 0.00 / 0.00 [sLC]     0 / 0.00 / 0.00 [sUC]     0 / 0.00 / 0.00 
prod_bin         [LP]     0 / 0.00 / 0.00 [init]   312 / 0.05 / 0.00 [rLC]   737 / 0.12 / 0.00 [rUC]  2769 / 0.50 / 0.00 [sLC]   690 / 0.15 / 0.00 [sUC] 10139 / 2.27 / 0.00 
prod_local       [LP]     0 / 0.00 / 0.00 [init]     0 / 0.00 / 0.00 [rLC]     0 / 0.00 / 0.00 [rUC]     0 / 0.00 / 0.00 [sLC]     0 / 0.00 / 0.00 [sUC]     0 / 0.00 / 0.00 
prod_sm_C        [LP]     0 / 0.00 / 0.00 [init]     0 / 0.00 / 0.00 [rLC]     0 / 0.00 / 0.00 [rUC]     0 / 0.00 / 0.00 [sLC]     0 / 0.00 / 0.00 [sUC]     0 / 0.00 / 0.00 
facet            [LP]     0 / 0.00 / 0.00 [init]     0 / 0.00 / 0.00 [rLC]     0 / 0.00 / 0.00 [rUC]     0 / 0.00 / 0.00 [sLC]     0 / 0.00 / 0.00 [sUC]     0 / 0.00 / 0.00 
Separation Round:   [LP] 0  [init] 1  [rLC] 5  [rUC] 37  [sLC] 27  [sUC] 74882  
Root Best Bound 307.649074
Root Best Integer: 282.031633
Best Bound: 303.312277
Best Integer: 289.608817
1: 4, 5, 13, 20, 22, 23, 30, 34, 35, 43, 56, 79, 81, 94, 104, 111, 120, 121, 122, 126, 130, 132, 134, 143, 148, 149, 157, 161, 162, 163, 166, 171, 172, 174, 178, 184, 191, 197, 200, 201, 209, 211, 212, 227, 237, 246, 258, 265, 272, 284, 292, 294, 298, 303, 309, 311, 317, 320, 323, 325, 329, 332, 334, 335, 338, 341, 345, 351, 352, 358, 360, 362, 368, 373, 376, 377, 379, 388, 393, 399
Objective Value (calc): 289.608817
sum_etaM = 216.181755 / 216.181755
sum_etaP = 290.350505 / 290.350505
nL: 80
nCL: 0
mCL: 1
