Version identifier: 20.1.0.0 | 2020-11-10 | 9bedb6d68
CPXPARAM_Threads                                 1
CPXPARAM_TimeLimit                               3600
CPXPARAM_MIP_Tolerances_MIPGap                   0
Generic callback                                 0x60
1 of 1 MIP starts provided solutions.
MIP start 'm1' defined initial solution with objective 349.7539.
Tried aggregator 2 times.
MIP Presolve eliminated 36 rows and 26 columns.
MIP Presolve modified 411 coefficients.
Aggregator did 10 substitutions.
Reduced MIP has 1817 rows, 1964 columns, and 12920 nonzeros.
Reduced MIP has 487 binaries, 477 generals, 0 SOSs, and 0 indicators.
Presolve time = 0.01 sec. (4.76 ticks)
Probing time = 0.00 sec. (0.67 ticks)
Tried aggregator 1 time.
Reduced MIP has 1817 rows, 1964 columns, and 12920 nonzeros.
Reduced MIP has 487 binaries, 477 generals, 0 SOSs, and 0 indicators.
Presolve time = 0.00 sec. (2.76 ticks)
Probing time = 0.00 sec. (0.67 ticks)
MIP emphasis: balance optimality and feasibility.
MIP search method: dynamic search.
Parallel mode: none, using 1 thread.
Root relaxation solution time = 0.03 sec. (25.15 ticks)

        Nodes                                         Cuts/
   Node  Left     Objective  IInf  Best Integer    Best Bound    ItCnt     Gap

*     0+    0                          349.7539      500.0000            42.96%
      0     0      368.9780    96      349.7539      368.9780     1491    5.50%
      0     0      353.7840   198      349.7539     Cuts: 554     1990    1.15%
      0     0      353.0487   187      349.7539     Cuts: 255     2312    0.94%
      0     0      352.5992   210      349.7539     Cuts: 167     2585    0.81%
      0     0      352.4737   226      349.7539     Cuts: 105     2739    0.78%
      0     0      352.2270   195      349.7539     Cuts: 128     2983    0.71%
      0     0      352.1663   180      349.7539      Cuts: 64     3094    0.69%
      0     0      352.1005   225      349.7539      Cuts: 79     3237    0.67%
      0     0      352.0587   204      349.7539      Cuts: 81     3351    0.66%
      0     0      352.0227   193      349.7539      Cuts: 67     3449    0.65%
      0     0      352.0018   188      349.7539      Cuts: 47     3552    0.64%
      0     0      351.9837   198      349.7539      Cuts: 38     3620    0.64%
      0     0      351.9784   210      349.7539 UserPurge2: 18     3653    0.64%
      0     0      351.9762   208      349.7539 UserPurge2: 9     3674    0.64%
      0     0      351.9736   216      349.7539 UserPurge2: 19     3701    0.63%
      0     0      351.9733   210      349.7539 UserPurge2: 3     3712    0.63%
      0     0      351.9732   214      349.7539 UserPurge2: 2     3717    0.63%
      0     2      351.9732   214      349.7539      351.9720     3717    0.63%
Elapsed time = 1.52 sec. (1357.23 ticks, tree = 0.01 MB, solutions = 1)
     10    12      351.5963   211      349.7539      351.9720     5011    0.63%
     20    22      350.7730   207      349.7539      351.9720     6151    0.63%
     32    32      349.8423   190      349.7539      351.9720     7548    0.63%
     40    36      351.6890   237      349.7539      351.9243     8520    0.62%
     51    47      351.5159   194      349.7539      351.9243     9818    0.62%
     65    61      350.9256   175      349.7539      351.9243    11539    0.62%
     80    76      350.1548   163      349.7539      351.9243    12984    0.62%
     90    80      351.7082   230      349.7539      351.9236    14163    0.62%
     99    89      351.3465   195      349.7539      351.9236    15680    0.62%
*   100+   88                          349.7561      351.9236             0.62%
    154   139      351.6602   222      349.7561      351.9019    20077    0.61%
Elapsed time = 5.62 sec. (4887.26 ticks, tree = 0.38 MB, solutions = 2)
    202   183      351.1066   193      349.7561      351.8169    25595    0.59%
    240   214      351.2182   236      349.7561      351.7804    30530    0.58%
    271   242      351.5770   255      349.7561      351.7753    35694    0.58%
    320   287      351.1852   228      349.7561      351.7405    41011    0.57%
    364   325      351.2316   223      349.7561      351.7180    45345    0.56%
    403   360      350.9464   222      349.7561      351.7136    49659    0.56%
    440   391      351.3826   248      349.7561      351.7050    53435    0.56%
    478   425      351.3173   251      349.7561      351.7047    58899    0.56%

Performing restart 1

Repeating presolve.
Tried aggregator 1 time.
MIP Presolve eliminated 68 rows and 34 columns.
MIP Presolve modified 310 coefficients.
Reduced MIP has 1749 rows, 1930 columns, and 12784 nonzeros.
Reduced MIP has 487 binaries, 443 generals, 0 SOSs, and 0 indicators.
Presolve time = 0.00 sec. (3.59 ticks)
Tried aggregator 1 time.
Reduced MIP has 1749 rows, 1930 columns, and 12784 nonzeros.
Reduced MIP has 487 binaries, 443 generals, 0 SOSs, and 0 indicators.
Presolve time = 0.00 sec. (3.15 ticks)
Represolve time = 0.03 sec. (17.85 ticks)
    505     0      351.1220   176      349.7561     Cuts: 181    64989    0.39%
    505     0      351.0468   178      349.7561     Cuts: 129    65143    0.37%
    505     0      350.9815   173      349.7561      Cuts: 71    65287    0.35%
    505     0      350.9531   176      349.7561      Cuts: 56    65385    0.34%
    505     0      350.9423   161      349.7561      Cuts: 34    65446    0.34%
    505     0      350.9367   187      349.7561      Cuts: 24    65490    0.34%
    505     0      350.9213   175      349.7561     Cuts: 124    65556    0.33%
    505     0      350.9068   164      349.7561      Cuts: 30    65625    0.33%
    505     0      350.8976   185      349.7561      Cuts: 25    65692    0.33%
    505     0      350.8923   184      349.7561   MIRcuts: 17    65749    0.32%
    505     0      350.8881   183      349.7561      Cuts: 25    65802    0.32%
    505     0      350.8834   169      349.7561      Cuts: 22    65847    0.32%
    505     0      350.8801   169      349.7561   MIRcuts: 14    65891    0.32%
    505     0      350.8776   173      349.7561      Cuts: 12    65918    0.32%
    505     0      350.8755   176      349.7561    MIRcuts: 7    65935    0.32%
    505     0      350.8733   182      349.7561       Cuts: 5    65969    0.32%
    505     2      350.8733   182      349.7561      350.8730    65969    0.32%
    506     3      350.8588   166      349.7561      350.8730    66058    0.32%
Elapsed time = 19.89 sec. (17917.55 ticks, tree = 0.01 MB, solutions = 2)
    510     7      350.8288   164      349.7561      350.8730    66682    0.32%
    514    11      350.8207   156      349.7561      350.8730    66815    0.32%
    519    16      350.7743   133      349.7561      350.8730    67132    0.32%
    523    19      350.0896   121      349.7561      350.8730    67905    0.32%
    545    30      349.8515    86      349.7561      350.8730    69064    0.32%
    560    34      350.4941   181      349.7561      350.8551    70601    0.31%
    570    39      350.2336   182      349.7561      350.8551    71195    0.31%
    598    51      350.3029   172      349.7561      350.8550    73056    0.31%
    630    77      350.0470   124      349.7561      350.8550    75448    0.31%
    663    98      350.1893   171      349.7561      350.8269    78407    0.31%
Elapsed time = 29.88 sec. (29168.87 ticks, tree = 0.16 MB, solutions = 2)
    715   132      350.3992   157      349.7561      350.8132    80419    0.30%
    770   173      349.9820   170      349.7561      350.8126    82820    0.30%
    832   199      349.8282   126      349.7561      350.7965    84910    0.30%
    892   247      350.4099   138      349.7561      350.7923    87468    0.30%
    979   301      350.5120   160      349.7561      350.7892    90229    0.30%
   1071   348      350.4829   144      349.7561      350.7890    93821    0.30%
   1138   394      350.2991   133      349.7561      350.7883    96767    0.30%
   1193   433      349.8106    96      349.7561      350.7871    99756    0.29%
   1263   475      350.0290   116      349.7561      350.7840   102943    0.29%
   1328   526      349.7886   123      349.7561      350.7826   105979    0.29%
Elapsed time = 40.82 sec. (39227.31 ticks, tree = 5.71 MB, solutions = 2)
   1395   558      350.6324   134      349.7561      350.7770   109014    0.29%
   1467   609      350.4930   168      349.7561      350.7678   111816    0.29%
   1530   646      349.8838   110      349.7561      350.7631   115102    0.29%
   1615   703      350.0847    78      349.7561      350.7487   118790    0.28%
   1713   779      350.5957   207      349.7561      350.7463   123892    0.28%
   1825   866      349.9062    70      349.7561      350.7421   128760    0.28%
   1894   907        cutoff            349.7561      350.7394   133582    0.28%
   2021   997      350.1102   191      349.7561      350.7120   139141    0.27%
   2131  1080      350.1206   105      349.7561      350.7048   145008    0.27%
   2228  1140        cutoff            349.7561      350.7046   150564    0.27%
Elapsed time = 51.62 sec. (49059.06 ticks, tree = 8.08 MB, solutions = 2)
*  2265+ 1094                          349.7851      350.7035             0.26%
*  2295+  757                          349.9839      350.7035             0.21%
   2341   801      350.4328   151      349.9839      350.7024   154079    0.21%
   2425   861      350.1246   117      349.9839      350.7015   157375    0.21%
   2520   911      349.9857    50      349.9839      350.6920   161981    0.20%
   2562   940      350.0620    94      349.9839      350.6890   165222    0.20%
   2641   998      350.4456   177      349.9839      350.6869   169410    0.20%
   2705  1042      350.1982   101      349.9839      350.6861   173526    0.20%
   2789  1096      350.5655   123      349.9839      350.6840   178029    0.20%
   2896  1175      350.0134   132      349.9839      350.6812   182473    0.20%
   2963  1216      350.3282   141      349.9839      350.6771   186431    0.20%
   3044  1269      350.3542   116      349.9839      350.6757   191270    0.20%
Elapsed time = 61.49 sec. (58817.78 ticks, tree = 6.02 MB, solutions = 4)
   3150  1347      350.5874   205      349.9839      350.6718   196927    0.20%
   3235  1402      350.2050   131      349.9839      350.6669   200910    0.20%
   3309  1431      350.4337   132      349.9839      350.6577   205730    0.19%
   3427  1518      350.5936   113      349.9839      350.6482   210806    0.19%
   3478  1544      350.1532   165      349.9839      350.6432   215208    0.19%
   3573  1574      350.0409   176      349.9839      350.6386   219973    0.19%
   3679  1625      350.5601   166      349.9839      350.6321   223804    0.19%
   3848  1744        cutoff            349.9839      350.6290   228002    0.18%
   3978  1830      350.4665   145      349.9839      350.6229   232829    0.18%
   4084  1881      350.1867    68      349.9839      350.6193   236933    0.18%
Elapsed time = 72.14 sec. (68692.02 ticks, tree = 11.16 MB, solutions = 4)
   4159  1913      350.0353   153      349.9839      350.6114   240389    0.18%
   4272  1973      350.0220   120      349.9839      350.6088   244101    0.18%
   4405  2063      350.2832    61      349.9839      350.6055   248308    0.18%
   4550  2155      350.4368   140      349.9839      350.5989   252237    0.18%
   4700  2238        cutoff            349.9839      350.5945   256531    0.17%
   4794  2294      350.3034   180      349.9839      350.5888   260852    0.17%
   4899  2340        cutoff            349.9839      350.5863   264526    0.17%
   4965  2376      350.2190   160      349.9839      350.5779   267501    0.17%
   5093  2451      350.0231    96      349.9839      350.5759   271273    0.17%
   5175  2498      350.0137    30      349.9839      350.5746   275146    0.17%
Elapsed time = 82.70 sec. (78327.78 ticks, tree = 19.09 MB, solutions = 4)
   5267  2541      350.1178    88      349.9839      350.5730   279356    0.17%
   5349  2586      350.2586    70      349.9839      350.5715   282381    0.17%
   5474  2649      350.0717   131      349.9839      350.5701   286676    0.17%
   5591  2718      350.1394    86      349.9839      350.5681   290567    0.17%
   5731  2778      350.2225    68      349.9839      350.5651   294431    0.17%
   5838  2834      350.1321    82      349.9839      350.5621   298254    0.17%
   5925  2883      349.9930    71      349.9839      350.5616   302659    0.17%
   6040  2944      350.4444    80      349.9839      350.5594   306526    0.16%
   6155  2997      350.2397   128      349.9839      350.5566   310006    0.16%
   6281  3080      350.4243   114      349.9839      350.5553   314202    0.16%
Elapsed time = 93.29 sec. (87954.99 ticks, tree = 27.01 MB, solutions = 4)
   6397  3142      350.0003    73      349.9839      350.5529   318264    0.16%
   6484  3176      350.0151   134      349.9839      350.5497   322540    0.16%
   6572  3219      350.0229   112      349.9839      350.5474   325686    0.16%
   6722  3289      350.1946   100      349.9839      350.5447   329667    0.16%
   6840  3352      350.3563   103      349.9839      350.5419   334002    0.16%
   6954  3417        cutoff            349.9839      350.5412   337802    0.16%
   7075  3467      349.9910    99      349.9839      350.5385   342086    0.16%
   7184  3507      350.0709   109      349.9839      350.5344   346449    0.16%
   7299  3563      350.1797   120      349.9839      350.5300   350859    0.16%
   7750  3790      350.0917   115      349.9839      350.5185   367584    0.15%
Elapsed time = 106.97 sec. (100486.97 ticks, tree = 36.54 MB, solutions = 4)
   8295  4091      350.2477    83      349.9839      350.5143   383861    0.15%
   8783  4342      350.2916   107      349.9839      350.5073   399164    0.15%
   9270  4560      350.2005    83      349.9839      350.4962   416824    0.15%
   9763  4793      350.3159   164      349.9839      350.4908   433629    0.14%
  10227  5060        cutoff            349.9839      350.4848   450262    0.14%
  10605  5285        cutoff            349.9839      350.4798   461545    0.14%
  10606  5286      350.2937   104      349.9839      350.4798   461604    0.14%
  10607  5285        cutoff            349.9839      350.4791   461609    0.14%

Performing restart 2

Repeating presolve.
Tried aggregator 1 time.
MIP Presolve eliminated 200 rows and 157 columns.
MIP Presolve modified 54 coefficients.
Reduced MIP has 1549 rows, 1773 columns, and 10373 nonzeros.
Reduced MIP has 404 binaries, 369 generals, 0 SOSs, and 0 indicators.
Presolve time = 0.01 sec. (3.52 ticks)
Tried aggregator 1 time.
Reduced MIP has 1549 rows, 1773 columns, and 10373 nonzeros.
Reduced MIP has 404 binaries, 369 generals, 0 SOSs, and 0 indicators.
Presolve time = 0.00 sec. (2.48 ticks)
Represolve time = 0.05 sec. (28.59 ticks)
  10608     0      350.7349   217      349.9839     Cuts: 115   464694    0.14%
  10608     0      350.7161   237      349.9839      Cuts: 50   464831    0.14%
  10608     0      350.7030   223      349.9839      Cuts: 32   464935    0.14%
  10608     0      350.6976   214      349.9839      Cuts: 30   464996    0.14%
  10608     0      350.6906   235      349.9839      Cuts: 33   465070    0.14%
  10608     0      350.6860   208      349.9839      Cuts: 16   465131    0.14%
  10608     0      350.6827   236      349.9839      Cuts: 12   465168    0.14%
  10608     0      350.6792   209      349.9839      Cuts: 16   465224    0.14%
  10608     0      350.6771   210      349.9839      Cuts: 13   465268    0.14%
  10608     0      350.6761   204      349.9839       Cuts: 7   465298    0.14%
  10608     0      350.6656   195      349.9839      Cuts: 28   465389    0.14%

Repeating presolve.
Tried aggregator 1 time.
MIP Presolve eliminated 168 rows and 119 columns.
MIP Presolve modified 33 coefficients.
Reduced MIP has 1381 rows, 1654 columns, and 9210 nonzeros.
Reduced MIP has 350 binaries, 304 generals, 0 SOSs, and 0 indicators.
Presolve time = 0.00 sec. (3.62 ticks)
Tried aggregator 1 time.
Reduced MIP has 1381 rows, 1654 columns, and 9210 nonzeros.
Reduced MIP has 350 binaries, 304 generals, 0 SOSs, and 0 indicators.
Presolve time = 0.00 sec. (2.25 ticks)
Represolve time = 0.04 sec. (27.68 ticks)
  10608     0      350.6600   185      349.9839      Cuts: 18   467420    0.14%
  10608     0      350.6550   163      349.9839      Cuts: 18   467493    0.14%
  10608     0      350.6533   168      349.9839       Cuts: 9   467521    0.14%
  10608     0      350.6521   196      349.9839      Cuts: 16   467552    0.14%
  10608     0      350.6517   213      349.9839       Cuts: 7   467569    0.14%
  10608     0      350.6515   207      349.9839    MIRcuts: 7   467585    0.14%
  10608     0      350.6503   194      349.9839    MIRcuts: 6   467604    0.14%
  10608     0      350.6495   200      349.9839    MIRcuts: 7   467634    0.14%
  10608     0      350.6494   209      349.9839    MIRcuts: 3   467647    0.14%
  10608     0      350.6493   202      349.9839       Cuts: 6   467657    0.14%
  10608     2      350.6425   218      349.9839      350.4791   467657    0.14%
  10630    17      350.1309   176      349.9839      350.4791   469712    0.14%
Elapsed time = 151.60 sec. (141091.24 ticks, tree = 0.09 MB, solutions = 4)
  10668    39      350.5160   132      349.9839      350.4791   471033    0.14%
  10777   101      349.9841    94      349.9839      350.4791   476302    0.14%
  10916   169      350.3188   159      349.9839      350.4791   484509    0.14%
  11250   342      350.3692   132      349.9839      350.4791   496558    0.14%
  11788   627      350.4722   154      349.9839      350.4791   512904    0.14%
  12368   959      350.3129   118      349.9839      350.4791   533372    0.14%
  13127  1402      350.1933   106      349.9839      350.4764   554077    0.14%
  13784  1776        cutoff            349.9839      350.4644   574270    0.14%
  14430  2154      350.3594   110      349.9839      350.4449   596181    0.13%
* 14658+ 1853                          350.0477      350.4399             0.11%
  14845  1953      350.0583   152      350.0477      350.4374   609914    0.11%
Elapsed time = 193.29 sec. (179388.77 ticks, tree = 16.79 MB, solutions = 5)
  15448  2228      350.3565   134      350.0477      350.4243   628132    0.11%
  16216  2577      350.1341    65      350.0477      350.4114   648217    0.10%
  16921  2910      350.0788    91      350.0477      350.4007   669566    0.10%
  17689  3258      350.2850    58      350.0477      350.3912   691179    0.10%
  18489  3616      350.3133   131      350.0477      350.3817   712698    0.10%
  19257  3949      350.2969   122      350.0477      350.3738   734511    0.09%
  20060  4281      350.3090    90      350.0477      350.3677   756277    0.09%
  20840  4585      350.1920   107      350.0477      350.3595   777283    0.09%
  21428  4801      350.0608   116      350.0477      350.3535   795175    0.09%
  22257  5162      350.0947    68      350.0477      350.3446   815461    0.08%
Elapsed time = 242.23 sec. (217719.47 ticks, tree = 46.02 MB, solutions = 5)
  22971  5454      350.1369    74      350.0477      350.3379   835778    0.08%
  23621  5711      350.0719    41      350.0477      350.3331   853879    0.08%
  24409  6014        cutoff            350.0477      350.3274   873723    0.08%
  25245  6329        cutoff            350.0477      350.3206   894582    0.08%
  25942  6619      350.0561    66      350.0477      350.3157   911900    0.08%
  26659  6861      350.1154   124      350.0477      350.3109   932207    0.08%
  27393  7121        cutoff            350.0477      350.3074   953204    0.07%
  28148  7415      350.0694    72      350.0477      350.3042   972813    0.07%
  28835  7662      350.1625    64      350.0477      350.3008   991642    0.07%
  29623  7939        cutoff            350.0477      350.2966  1011690    0.07%
Elapsed time = 290.87 sec. (255916.40 ticks, tree = 67.93 MB, solutions = 5)
  30455  8201      350.1043    46      350.0477      350.2929  1031636    0.07%
  31212  8485      350.0821    63      350.0477      350.2886  1048916    0.07%
  31936  8721      350.1952    98      350.0477      350.2855  1066269    0.07%
  32759  9025      350.1278    84      350.0477      350.2815  1087115    0.07%
  33654  9346      350.2781    51      350.0477      350.2787  1107069    0.07%
  34454  9643      350.1823    42      350.0477      350.2760  1125690    0.07%
  35162  9850      350.1228    61      350.0477      350.2715  1143391    0.06%
  35909 10122      350.0840    18      350.0477      350.2685  1161838    0.06%
  36701 10352        cutoff            350.0477      350.2657  1182162    0.06%
  37460 10557      350.2118    87      350.0477      350.2618  1201948    0.06%
Elapsed time = 340.18 sec. (294095.22 ticks, tree = 88.86 MB, solutions = 5)
  38121 10781      350.1950   119      350.0477      350.2589  1219886    0.06%
* 38340 10142      integral     0      350.0608      350.2584  1225462    0.06%
  38805 10306      350.2008    95      350.0608      350.2568  1237569    0.06%
  39636 10555        cutoff            350.0608      350.2527  1262975    0.05%
  40407 10757        cutoff            350.0608      350.2488  1289809    0.05%
  41216 10979        cutoff            350.0608      350.2457  1313952    0.05%
  41922 11162      350.0776    35      350.0608      350.2428  1339084    0.05%
  42800 11399      350.1908    37      350.0608      350.2395  1366641    0.05%
  43639 11599      350.0108    43      350.0608      350.2365  1394725    0.05%
  44450 11804      350.0714    62      350.0608      350.2339  1417852    0.05%
  45350 12029      350.1089    64      350.0608      350.2313  1442702    0.05%
Elapsed time = 387.61 sec. (332325.19 ticks, tree = 83.70 MB, solutions = 6)
  46253 12275      350.1735    57      350.0608      350.2288  1469819    0.05%
  47113 12496      350.1450    89      350.0608      350.2259  1496486    0.05%
  47848 12652        cutoff            350.0608      350.2230  1520348    0.05%
  48698 12794      350.1074    34      350.0608      350.2193  1547306    0.05%
  49597 12934      350.0662    45      350.0608      350.2160  1574495    0.04%
  50422 13105      350.0669    58      350.0608      350.2133  1600466    0.04%
  51020 13170      350.1116    83      350.0608      350.2113  1622163    0.04%
  51863 13324      350.1064    40      350.0608      350.2086  1645519    0.04%
  52698 13420      350.1361    90      350.0608      350.2054  1671436    0.04%
  53489 13496      350.1197    56      350.0608      350.2027  1697118    0.04%
Elapsed time = 434.95 sec. (370504.15 ticks, tree = 77.96 MB, solutions = 6)
  54307 13585      350.1498   100      350.0608      350.2000  1721081    0.04%
  55057 13673      350.0829    60      350.0608      350.1979  1744011    0.04%
  55855 13717      350.1252    85      350.0608      350.1949  1769351    0.04%
  56672 13838      350.0696    78      350.0608      350.1928  1794971    0.04%
  57559 13968      350.1466    68      350.0608      350.1905  1820390    0.04%
  58279 13981      350.0869    50      350.0608      350.1886  1843271    0.04%
  59081 13997      350.1283    37      350.0608      350.1856  1866362    0.04%
  59925 14060      350.1427    68      350.0608      350.1829  1891633    0.03%
  60783 14146      350.0911    49      350.0608      350.1807  1917512    0.03%
  61599 14169      350.0647    56      350.0608      350.1781  1942231    0.03%
Elapsed time = 481.52 sec. (408755.52 ticks, tree = 70.84 MB, solutions = 6)
  62404 14207      350.1155    68      350.0608      350.1759  1965102    0.03%
  63239 14251      350.1296    42      350.0608      350.1738  1988519    0.03%
  64080 14276      350.0829    76      350.0608      350.1717  2013553    0.03%
  64946 14217      350.0762    68      350.0608      350.1689  2039760    0.03%
  65834 14220        cutoff            350.0608      350.1666  2064025    0.03%
  66641 14192      350.1026    84      350.0608      350.1641  2086806    0.03%
  67476 14119      350.0931    65      350.0608      350.1615  2110843    0.03%
  68388 14055      350.0775    44      350.0608      350.1589  2135781    0.03%
  69298 13981        cutoff            350.0608      350.1563  2161631    0.03%
  70131 13935      350.0727    32      350.0608      350.1539  2185826    0.03%
Elapsed time = 527.67 sec. (446937.34 ticks, tree = 60.77 MB, solutions = 6)
  70975 13871      350.1119    93      350.0608      350.1517  2208443    0.03%
  71844 13846      350.0880    93      350.0608      350.1496  2231850    0.03%
  72767 13710      350.0642    73      350.0608      350.1465  2257067    0.02%
  73682 13553      350.0751    55      350.0608      350.1435  2281302    0.02%
  74631 13421      349.9212    49      350.0608      350.1411  2304846    0.02%
  75546 13265      350.0613    40      350.0608      350.1384  2327494    0.02%
  76418 13050      350.1120    42      350.0608      350.1358  2349932    0.02%
  77383 12812      350.0916    41      350.0608      350.1329  2373426    0.02%
  78400 12509      350.0913    71      350.0608      350.1295  2397191    0.02%
  79462 12157      350.0694    50      350.0608      350.1261  2421389    0.02%
Elapsed time = 573.00 sec. (485160.94 ticks, tree = 47.04 MB, solutions = 6)
  80492 11794      350.0961   113      350.0608      350.1229  2445034    0.02%
  81495 11393      350.0836    49      350.0608      350.1192  2468045    0.02%
  82584 10928        cutoff            350.0608      350.1159  2491983    0.02%
  83698 10413      350.0645    32      350.0608      350.1121  2515370    0.01%
  84919  9725        cutoff            350.0608      350.1078  2539280    0.01%
  86123  8970      350.0786    60      350.0608      350.1033  2561333    0.01%
  87315  8161      350.0663    21      350.0608      350.0989  2581244    0.01%
  88692  7119      350.0636    49      350.0608      350.0935  2600402    0.01%
  90225  5852      350.0615    70      350.0608      350.0878  2619088    0.01%
  92000  4279        cutoff            350.0608      350.0806  2636004    0.01%
Elapsed time = 615.53 sec. (523328.81 ticks, tree = 15.44 MB, solutions = 6)
  93940  2503        cutoff            350.0608      350.0728  2649901    0.00%
  96229   254        cutoff            350.0608      350.0621  2659081    0.00%

Flow cuts applied:  62
Mixed integer rounding cuts applied:  201
Lift and project cuts applied:  15
Gomory fractional cuts applied:  8
User cuts applied:  695

Root node processing (before b&c):
  Real time             =    1.52 sec. (1356.75 ticks)
Sequential b&c:
  Real time             =  622.21 sec. (530368.35 ticks)
                          ------------
Total (root+branch&cut) =  623.73 sec. (531725.10 ticks)
|V|                                     500
K                                       50
theta                                   0.20
r                                       1
R                                       20
prob_func                               facility_mixture
mixture_low_share                       0.100000
mixture_low_interval                    [0.001000, 0.010000]
mixture_high_interval                   [0.100000, 0.500000]
mixture_seed                            1
#C1                                     600
#CP                                     11818

@Parameters: 
am_callback_heuristic                   false
am_local_search                         true
am_start_heuristic                      false
colocation                              true
comp                                    false
cutC                                    true
cutC_init                               false
cutF                                    false
cutF_init                               false
cutF_stable                             false
cutF_wrong                              false
cutLocal                                false
cutM                                    true
cutM_init                               true
cutM_stable                             false
cutP                                    true
cutP_init                               false
cutP_stable                             false
init                                    true
init_cutF_zero                          false
init_val_greedy                         true
is_Euclidean                            false
is_local_search                         false
is_right_cutP                           true
is_root                                 false
is_silent                               false
is_start                                false
mycut                                   false
pmed                                    false
pre                                     true
stable_root                             false
str                                     false
two_phase                               false
ubstr                                   false
mode                                    Int

am_callback_node_space                  50
init                                    0
mixture_seed                            1
node_space                              5
nodelimit                               -1
nsepa                                   1
strF                                    0
type_delta                              0

EPS                                     0.001000
EPS_FRAC                                0.00
gap                                     0.00
mixture_high_max                        0.50
mixture_high_min                        0.10
mixture_low_max                         0.01
mixture_low_min                         0.00
mixture_low_share                       0.10
timelimit                               3600.00

Number of Closed Sites: 13 / 650 
Number of Confined Sites-1: 10 / 490 
Number of Confined Sites-k: 477 / 5097 
Preprocess Time: 0.91 + 0.00 sec

Solve Time: 623.73
Number of Nodes: 96487
Termination Status: OPTIMAL

CutInfo: [phase] num / time (sec) / aver. num_nonzero
max              [LP]     0 / 0.00 / 0.00 [init]   435 / 0.01 / 1.86 [rLC]   258 / 0.01 / 7.36 [rUC]   394 / 0.05 / 4.26 [sLC]     5 / 0.05 / 8.00 [sUC]   405 / 1.61 / 4.56 
prod_oa          [LP]     0 / 0.00 / 0.00 [init]   427 / 0.00 / 20.83 [rLC]   376 / 0.01 / 23.97 [rUC]   563 / 0.06 / 25.38 [sLC]   472 / 0.06 / 27.94 [sUC]  1194 / 1.95 / 24.43 
prod_sm_fixed    [LP]     0 / 0.00 / 0.00 [init]     0 / 0.00 / 0.00 [rLC]     0 / 0.00 / 0.00 [rUC]     0 / 0.00 / 0.00 [sLC]     0 / 0.00 / 0.00 [sUC]     0 / 0.00 / 0.00 
prod_bin         [LP]     0 / 0.00 / 0.00 [init]     0 / 0.00 / 0.00 [rLC]     0 / 0.00 / 0.00 [rUC]     0 / 0.00 / 0.00 [sLC]     0 / 0.00 / 0.00 [sUC]     0 / 0.00 / 0.00 
prod_local       [LP]     0 / 0.00 / 0.00 [init]     0 / 0.00 / 0.00 [rLC]     0 / 0.00 / 0.00 [rUC]     0 / 0.00 / 0.00 [sLC]     0 / 0.00 / 0.00 [sUC]     0 / 0.00 / 0.00 
prod_sm_C        [LP]     0 / 0.00 / 0.00 [init]     0 / 0.00 / 0.00 [rLC]     0 / 0.00 / 0.00 [rUC]     0 / 0.00 / 0.00 [sLC]     0 / 0.00 / 0.00 [sUC]     0 / 0.00 / 0.00 
facet            [LP]     0 / 0.00 / 0.00 [init]     0 / 0.00 / 0.00 [rLC]     0 / 0.00 / 0.00 [rUC]     0 / 0.00 / 0.00 [sLC]     0 / 0.00 / 0.00 [sUC]     0 / 0.00 / 0.00 
Separation Round:   [LP] 0  [init] 1  [rLC] 2  [rUC] 18  [sLC] 18  [sUC] 118517  
Root Best Bound 351.971995
Root Best Integer: 349.753877
Best Bound: 350.061379
Best Integer: 350.060815
1: 36, 47, 53, 54, 55, 58, 81, 91, 95, 106, 107, 108, 116, 122, 137, 142, 205, 212, 217, 241, 252, 258, 269, 302, 332, 344, 355, 376, 386, 400, 406, 407, 413, 441, 453, 459, 460, 477, 481, 489, 491
2: 42, 233, 323
3: 458
Objective Value (calc): 350.054601
sum_etaM = 243.786808 / 243.786808
sum_etaP = 376.629317 / 376.621549
nL: 45
nCL: 4
mCL: 3
