Version identifier: 20.1.0.0 | 2020-11-10 | 9bedb6d68
CPXPARAM_Threads                                 1
CPXPARAM_TimeLimit                               3600
CPXPARAM_MIP_Tolerances_MIPGap                   0
Generic callback                                 0x60
1 of 1 MIP starts provided solutions.
MIP start 'm1' defined initial solution with objective 289.7693.
Tried aggregator 1 time.
MIP Presolve eliminated 12 rows and 12 columns.
Reduced MIP has 536 rows, 1188 columns, and 3978 nonzeros.
Reduced MIP has 388 binaries, 0 generals, 0 SOSs, and 0 indicators.
Presolve time = 0.00 sec. (1.13 ticks)
Probing time = 0.00 sec. (0.22 ticks)
Tried aggregator 1 time.
Reduced MIP has 536 rows, 1188 columns, and 3978 nonzeros.
Reduced MIP has 388 binaries, 0 generals, 0 SOSs, and 0 indicators.
Presolve time = 0.00 sec. (1.08 ticks)
Probing time = 0.00 sec. (0.22 ticks)
MIP emphasis: balance optimality and feasibility.
MIP search method: dynamic search.
Parallel mode: none, using 1 thread.
Root relaxation solution time = 0.01 sec. (10.42 ticks)

        Nodes                                         Cuts/
   Node  Left     Objective  IInf  Best Integer    Best Bound    ItCnt     Gap

*     0+    0                          289.7693      400.0000            38.04%
      0     0      384.7385   152      289.7693      384.7385      614   32.77%
      0     0      321.8460   120      289.7693     Cuts: 234      961   11.07%
      0     0      317.7210   111      289.7693     Cuts: 234     1311    9.65%
      0     0      314.8137   137      289.7693     Cuts: 246     1637    8.64%
      0     0      313.2739   146      289.7693     Cuts: 250     1944    8.11%
      0     0      311.9908   152      289.7693     Cuts: 238     2231    7.67%
      0     0      311.3648   156      289.7693     Cuts: 247     2485    7.45%
      0     0      310.9684   155      289.7693     Cuts: 236     2707    7.32%
      0     0      310.6228   161      289.7693     Cuts: 210     2894    7.20%
      0     0      310.3614   160      289.7693     Cuts: 165     3065    7.11%
      0     0      310.1452   165      289.7693     Cuts: 162     3210    7.03%
      0     0      310.0232   174      289.7693     Cuts: 143     3300    6.99%
      0     0      309.8570   171      289.7693     Cuts: 156     3429    6.93%
      0     0      309.7530   167      289.7693      Cuts: 92     3558    6.90%
      0     0      309.6526   164      289.7693     Cuts: 136     3685    6.86%
      0     0      309.4939   165      289.7693     Cuts: 143     3816    6.81%
      0     0      309.4310   169      289.7693      Cuts: 97     3902    6.79%
      0     0      309.3377   166      289.7693     Cuts: 108     4034    6.75%
      0     0      309.2443   169      289.7693     Cuts: 100     4141    6.72%
      0     0      309.1581   165      289.7693      Cuts: 81     4209    6.69%
      0     0      309.0993   166      289.7693     Cuts: 108     4280    6.67%
      0     0      309.0098   162      289.7693      Cuts: 98     4384    6.64%
      0     0      308.9436   156      289.7693      Cuts: 89     4455    6.62%
      0     0      308.8924   163      289.7693 UserPurge2: 75     4519    6.60%
      0     0      308.8735   160      289.7693 UserPurge2: 51     4563    6.59%
      0     0      308.8590   159      289.7693 UserPurge2: 41     4601    6.59%
      0     0      308.8532   160      289.7693 UserPurge2: 31     4635    6.59%
      0     0      308.8364   161      289.7693 UserPurge2: 42     4677    6.58%
      0     0      308.8201   162      289.7693 UserPurge2: 50     4718    6.57%
      0     0      308.8065   161      289.7693 UserPurge2: 37     4751    6.57%
      0     0      308.7979   163      289.7693 UserPurge2: 31     4777    6.57%
      0     0      308.7854   167      289.7693 UserPurge2: 55     4815    6.56%
      0     0      308.7641   166      289.7693 UserPurge2: 36     4847    6.56%
      0     0      308.7560   168      289.7693 UserPurge2: 33     4864    6.55%
      0     0      308.7515   167      289.7693 UserPurge2: 27     4884    6.55%
      0     0      308.7501   168      289.7693 UserPurge2: 12     4900    6.55%
      0     0      308.7466   167      289.7693 UserPurge2: 15     4919    6.55%
      0     0      308.7385   170      289.7693 UserPurge2: 21     4947    6.55%
      0     0      308.7372   167      289.7693 UserPurge2: 19     4960    6.55%
      0     0      308.7347   166      289.7693 UserPurge2: 30     4980    6.55%
      0     0      308.7296   169      289.7693 UserPurge2: 32     5001    6.54%
      0     0      308.7234   168      289.7693 UserPurge2: 36     5032    6.54%
      0     0      308.7226   168      289.7693 UserPurge2: 9     5041    6.54%
      0     0      308.7198   167      289.7693 UserPurge2: 23     5059    6.54%
      0     0      308.7162   168      289.7693 UserPurge2: 10     5082    6.54%
      0     0      308.7125   169      289.7693 UserPurge2: 10     5106    6.54%
      0     0      308.7094   169      289.7693 UserPurge2: 18     5126    6.54%
      0     0      308.7084   171      289.7693 UserPurge2: 12     5137    6.54%
      0     0      308.7063   167      289.7693 UserPurge2: 6     5149    6.54%
      0     0      308.7056   169      289.7693 UserPurge2: 10     5159    6.53%
      0     2      308.7056   169      289.7693      308.7055     5159    6.53%
Elapsed time = 4.85 sec. (1730.86 ticks, tree = 0.01 MB, solutions = 1)
     10    12      308.4909   154      289.7693      308.6943     6046    6.53%
     21    23      308.0136   148      289.7693      308.6943     7784    6.53%
     30    32      307.5542   145      289.7693      308.6943     8872    6.53%
     41    43      306.9245   133      289.7693      308.6943    11034    6.53%
     55    57      306.2165   115      289.7693      308.6943    12636    6.53%
     65    67      304.9220   107      289.7693      308.6943    14324    6.53%
     90    92      303.3680    79      289.7693      308.6943    15952    6.53%
    141   143      299.5320    35      289.7693      308.6943    17414    6.53%
*   226   223      integral     0      296.9385      308.6943    18990    3.96%
    228   223      308.5248   173      296.9385      308.6797    19304    3.95%
    250   245      305.2630   150      296.9385      308.6797    23806    3.95%
Elapsed time = 25.79 sec. (5115.85 ticks, tree = 3.42 MB, solutions = 2)
    320   315      300.4498    33      296.9385      308.6797    28044    3.95%
    437   426      306.1576   143      296.9385      308.6411    34593    3.94%

Performing restart 1

Repeating presolve.
Tried aggregator 1 time.
Reduced MIP has 536 rows, 1188 columns, and 3978 nonzeros.
Reduced MIP has 388 binaries, 0 generals, 0 SOSs, and 0 indicators.
Presolve time = 0.00 sec. (1.10 ticks)
Tried aggregator 1 time.
Reduced MIP has 536 rows, 1188 columns, and 3978 nonzeros.
Reduced MIP has 388 binaries, 0 generals, 0 SOSs, and 0 indicators.
Presolve time = 0.00 sec. (1.10 ticks)
Represolve time = 0.03 sec. (12.14 ticks)
    498     2      308.4351   174      296.9385      308.4278    41081    3.87%
    509    13      307.9622   136      296.9385      308.3267    41592    3.84%
    538    42      305.4297   117      296.9385      308.3267    46242    3.84%
    590    94      299.2353    78      296.9385      308.3267    51944    3.84%
*   658   151      integral     0      297.0009      308.3267    53485    3.81%
    678   171      305.3620   142      297.0009      308.3104    57176    3.81%
    710   203      302.1635   117      297.0009      308.3104    61270    3.81%
*   803   221      integral     0      299.2870      308.3104    64388    3.01%
Elapsed time = 71.56 sec. (14647.53 ticks, tree = 3.29 MB, solutions = 4)
*   886   292      integral     0      299.3254      308.2774    68275    2.99%
    888   294      308.0088   160      299.3254      308.2667    68612    2.99%
*   974   335      integral     0      300.0620      308.2667    72223    2.73%
    975   335      307.8760   165      300.0620      308.2572    72796    2.73%
    996   356      303.1320   122      300.0620      308.2572    75846    2.73%
   1051   407      305.5492   139      300.0620      308.2570    80304    2.73%
   1104   460      300.6241    72      300.0620      308.2570    84007    2.73%
   1178   527      302.8711    84      300.0620      308.1680    87113    2.70%
*  1203   330      integral     0      301.8253      308.1680    87569    2.10%
   1219   345      305.0375   123      301.8253      308.1244    89796    2.09%
   1288   410      305.5721   132      301.8253      308.1151    92760    2.08%
*  1335   339      integral     0      303.1387      308.1151    94780    1.64%
   1378   376      307.0783   164      303.1387      308.0019    97999    1.60%
Elapsed time = 114.91 sec. (24333.26 ticks, tree = 7.55 MB, solutions = 8)
   1408   406      304.0921   124      303.1387      308.0019   101459    1.60%
   1448   437      305.3074   113      303.1387      307.9982   104889    1.60%
   1506   491      304.7913   114      303.1387      307.9968   108427    1.60%
   1544   525      304.8114   123      303.1387      307.9967   111419    1.60%
   1588   565      304.0183   116      303.1387      307.9502   116038    1.59%
   1613   586      305.4808   144      303.1387      307.8867   119310    1.57%
   1649   617      305.7081   127      303.1387      307.8703   123250    1.56%
*  1697   594      integral     0      303.3559      307.8703   124705    1.49%
   1732   625      307.3625   156      303.3559      307.7459   127495    1.45%
*  1785   654      integral     0      303.3874      307.7459   130612    1.44%
   1788   657      306.8357   154      303.3874      307.7260   131261    1.43%
Elapsed time = 146.18 sec. (33407.70 ticks, tree = 13.38 MB, solutions = 10)
   1826   691      305.6981   140      303.3874      307.7195   135460    1.43%
   1869   726      306.4192   131      303.3874      307.6636   138841    1.41%
*  1910   742      integral     0      303.4463      307.6636   140845    1.39%
   1945   773      306.6526   139      303.4463      307.5908   144545    1.37%
   1983   807      305.6764   122      303.4463      307.5395   147373    1.35%
   2026   846      304.7003   124      303.4463      307.5320   151155    1.35%
   2078   891      307.0383   152      303.4463      307.4817   154851    1.33%
   2110   919      306.0392   132      303.4463      307.4744   158215    1.33%
   2149   950      307.0686   145      303.4463      307.4706   161774    1.33%
   2179   980      304.3374   111      303.4463      307.4706   165526    1.33%
Elapsed time = 175.68 sec. (42960.93 ticks, tree = 21.90 MB, solutions = 11)
   2224  1016      305.7308   123      303.4463      307.4454   169398    1.32%
   2278  1062      306.0402   130      303.4463      307.4239   173408    1.31%
   2327  1108      304.3505   122      303.4463      307.4062   177654    1.30%
   2376  1149      305.6162   137      303.4463      307.3898   181500    1.30%
   2424  1190      306.9041   146      303.4463      307.3776   185546    1.30%
   2468  1230      304.5472   124      303.4463      307.3744   189559    1.29%
   2502  1258      303.8113   124      303.4463      307.3636   192472    1.29%
   2539  1288      306.2059   135      303.4463      307.3436   196389    1.28%
   2593  1333      306.9694   161      303.4463      307.3289   200710    1.28%
   2610  1350      305.1035   137      303.4463      307.3289   204123    1.28%
Elapsed time = 206.94 sec. (52978.31 ticks, tree = 31.90 MB, solutions = 11)
   2652  1386      304.0935   120      303.4463      307.3282   207761    1.28%
   2688  1412      306.4589   138      303.4463      307.3179   211532    1.28%
   2721  1441      305.6530   127      303.4463      307.3141   214978    1.27%
   2770  1486      304.3539   137      303.4463      307.3041   218888    1.27%
   2808  1517      305.3503   133      303.4463      307.2952   222643    1.27%
   2862  1562      306.6591   152      303.4463      307.2805   226082    1.26%
   2913  1608      305.6325   134      303.4463      307.2773   229747    1.26%
   2958  1647      304.2106   114      303.4463      307.2772   233641    1.26%
   2988  1670      306.1015   144      303.4463      307.2552   237463    1.26%
   3035  1707      306.6353   152      303.4463      307.2512   241644    1.25%
Elapsed time = 237.67 sec. (62843.88 ticks, tree = 39.44 MB, solutions = 11)
   3076  1744      305.7521   132      303.4463      307.2486   245478    1.25%
   3129  1789      305.2953   127      303.4463      307.2034   249419    1.24%
   3176  1828      305.5759   140      303.4463      307.1840   253839    1.23%
   3223  1869      304.1325   108      303.4463      307.1835   257762    1.23%
   3276  1913      305.1361   124      303.4463      307.1827   261774    1.23%
   3345  1974      305.9098   141      303.4463      307.1746   265727    1.23%
   3388  2013      304.3079   132      303.4463      307.1734   269768    1.23%
   3446  2059      306.0714   146      303.4463      307.1462   274309    1.22%
   3487  2096      304.6102   113      303.4463      307.1432   278340    1.22%
   3537  2136      305.7432   143      303.4463      307.1335   281957    1.22%
Elapsed time = 272.32 sec. (72544.03 ticks, tree = 48.93 MB, solutions = 11)
   3579  2171        cutoff            303.4463      307.1267   285397    1.21%
   3610  2197      305.1072   138      303.4463      307.1158   289181    1.21%
   3660  2239      306.2131   153      303.4463      307.1089   293593    1.21%
   3699  2270      306.0593   169      303.4463      307.0988   298011    1.20%
   3728  2295      304.8859   120      303.4463      307.0970   302092    1.20%
   3772  2330      306.0140   151      303.4463      307.0909   305791    1.20%
   3811  2362      306.5298   151      303.4463      307.0764   309542    1.20%
   3847  2394      305.1877   129      303.4463      307.0730   312957    1.20%
   3882  2422      306.0637   147      303.4463      307.0720   316433    1.19%
   3929  2462      306.5904   167      303.4463      307.0644   319948    1.19%
Elapsed time = 301.51 sec. (82705.36 ticks, tree = 57.82 MB, solutions = 11)
   3961  2490      305.4966   136      303.4463      307.0643   323609    1.19%
   4013  2534      306.5662   156      303.4463      307.0614   327597    1.19%
   4064  2577      305.0747   157      303.4463      307.0596   331566    1.19%
   4095  2604      304.7731   119      303.4463      307.0595   335354    1.19%
   4175  2675      304.8770   135      303.4463      307.0573   339276    1.19%
   4218  2710      305.0493   147      303.4463      307.0530   343196    1.19%
   4251  2739      303.6842   125      303.4463      307.0526   347279    1.19%
   4292  2772      303.7606    94      303.4463      307.0482   351282    1.19%
   4346  2818      303.4734    92      303.4463      307.0381   355322    1.18%
   4539  2976      305.4382   145      303.4463      307.0073   371368    1.17%
Elapsed time = 344.42 sec. (95234.16 ticks, tree = 69.79 MB, solutions = 11)
   4698  3107      304.8548   137      303.4463      306.9671   386655    1.16%
   4873  3245      306.5092   146      303.4463      306.9506   400959    1.15%
   5032  3383      304.0109    98      303.4463      306.9427   415016    1.15%
   5198  3514      304.4545   145      303.4463      306.9251   430169    1.15%
   5325  3609      305.2720   150      303.4463      306.8980   445174    1.14%
   5476  3732        cutoff            303.4463      306.8920   460916    1.14%
   5659  3883      303.5215   112      303.4463      306.8636   476715    1.13%
   5823  4011      306.5766   139      303.4463      306.8344   492247    1.12%
   5998  4153      304.8383   144      303.4463      306.8283   507501    1.11%
   6164  4283      305.5512   125      303.4463      306.8093   521729    1.11%
Elapsed time = 461.10 sec. (133491.41 ticks, tree = 95.91 MB, solutions = 11)
   6351  4433      305.7407   144      303.4463      306.7892   536948    1.10%
   6503  4556      305.7830   134      303.4463      306.7652   551307    1.09%
   6658  4688      305.4096   125      303.4463      306.7546   566042    1.09%
   6838  4836      305.2866   144      303.4463      306.7179   581200    1.08%
   7001  4963      305.7263   144      303.4463      306.6985   596802    1.07%
   7196  5122      305.6694   137      303.4463      306.6742   612742    1.06%
   7395  5284      305.4054   144      303.4463      306.6575   628338    1.06%
   7595  5440      304.9285   130      303.4463      306.6434   644394    1.05%
   7759  5572      304.9447   141      303.4463      306.6315   659708    1.05%
   7960  5738      304.5480   117      303.4463      306.6098   674556    1.04%
Elapsed time = 586.24 sec. (171913.02 ticks, tree = 133.20 MB, solutions = 11)
   8111  5862      305.3219   146      303.4463      306.5954   689335    1.04%
   8271  5994      303.6010   124      303.4463      306.5877   704196    1.04%
   8430  6114      303.6002   131      303.4463      306.5706   718973    1.03%
   8598  6249      303.8776   126      303.4463      306.5617   733068    1.03%
   8761  6378      305.1068   144      303.4463      306.5542   748393    1.02%
   8932  6517      304.5863   134      303.4463      306.5486   764522    1.02%
   9112  6662      304.5103   120      303.4463      306.5364   780817    1.02%
   9300  6814      303.8390   116      303.4463      306.5261   795963    1.01%
   9485  6959      303.7559   132      303.4463      306.5146   812353    1.01%
   9649  7083      304.6614   128      303.4463      306.5068   826651    1.01%
Elapsed time = 705.90 sec. (210198.78 ticks, tree = 167.33 MB, solutions = 11)
   9811  7212      305.1988   129      303.4463      306.4920   841848    1.00%
   9990  7352      305.4906   146      303.4463      306.4751   857000    1.00%
  10144  7479      305.3530   131      303.4463      306.4650   870010    0.99%
  10315  7619      305.6885   154      303.4463      306.4594   885126    0.99%
  10458  7738      303.5509   119      303.4463      306.4478   898437    0.99%
  10468  7748      305.0613   129      303.4463      306.4447   899868    0.99%
  10654  7898      303.6979    99      303.4463      306.4386   915134    0.99%
  10880  8077      304.9753   121      303.4463      306.4210   931266    0.98%
  11067  8220      305.3886   133      303.4463      306.4095   947170    0.98%
  11266  8371      305.0440   149      303.4463      306.4013   963186    0.97%
Elapsed time = 822.12 sec. (249162.02 ticks, tree = 203.22 MB, solutions = 11)
  11451  8519      306.1385   137      303.4463      306.3941   979422    0.97%
  11654  8682      304.9252   145      303.4463      306.3879   995242    0.97%
  11846  8839      303.6683   105      303.4463      306.3766  1010734    0.97%
  12029  8982      305.9583   145      303.4463      306.3604  1025964    0.96%
  12231  9141      304.3054   138      303.4463      306.3465  1040814    0.96%
  12436  9300      305.5727   162      303.4463      306.3289  1055866    0.95%
  12600  9426      305.3178   134      303.4463      306.3201  1070744    0.95%
  12759  9546      304.8301   117      303.4463      306.3115  1085569    0.94%
  12933  9685      303.7530   126      303.4463      306.3053  1100669    0.94%
  13115  9826        cutoff            303.4463      306.2962  1115966    0.94%
Elapsed time = 949.79 sec. (287529.38 ticks, tree = 241.78 MB, solutions = 11)
  13298  9970      305.8086   160      303.4463      306.2897  1131526    0.94%
  13504 10139      303.9222   127      303.4463      306.2762  1148913    0.93%
  13676 10276      303.8480   122      303.4463      306.2713  1168316    0.93%
  13863 10418      303.9323   109      303.4463      306.2625  1184312    0.93%
  14042 10557      303.5642   114      303.4463      306.2545  1200685    0.93%
  14224 10696      304.6297   134      303.4463      306.2428  1215707    0.92%
  14382 10816      304.9264   113      303.4463      306.2340  1230836    0.92%
  14588 10974      305.2939   147      303.4463      306.2266  1245985    0.92%
  14778 11124      303.6583   111      303.4463      306.2194  1261473    0.91%
  14942 11248      304.2766   121      303.4463      306.2094  1276489    0.91%
Elapsed time = 1075.44 sec. (325755.04 ticks, tree = 277.12 MB, solutions = 11)
  15139 11401      305.0124   143      303.4463      306.2016  1291615    0.91%
  15338 11557      305.8754   143      303.4463      306.1956  1306985    0.91%
  15527 11701      303.8838   135      303.4463      306.1880  1323161    0.90%
* 15611 10247      integral     0      303.7269      306.1874  1326722    0.81%
  15731 10334      303.7746   117      303.7269      306.1826  1338693    0.81%
  15923 10483      304.1328   114      303.7269      306.1775  1354716    0.81%
  16098 10611      304.9770   127      303.7269      306.1682  1369887    0.80%
  16270 10733      305.6046   143      303.7269      306.1624  1386523    0.80%
  16457 10870      304.2691   118      303.7269      306.1545  1403015    0.80%
  16648 11008      304.0111   130      303.7269      306.1479  1418791    0.80%
  16828 11135      305.0460   141      303.7269      306.1411  1434204    0.79%
Elapsed time = 1202.92 sec. (364431.38 ticks, tree = 275.14 MB, solutions = 12)
  17001 11262      304.1811   124      303.7269      306.1370  1449765    0.79%
  17157 11370      305.3727   157      303.7269      306.1304  1464826    0.79%
  17334 11498      304.9806   135      303.7269      306.1234  1479838    0.79%
  17514 11626      303.8790   120      303.7269      306.1154  1494991    0.79%
  17673 11742      305.3410   133      303.7269      306.1129  1510857    0.79%
  17848 11863      305.3430   138      303.7269      306.1053  1526227    0.78%
  18008 11969      304.9442   135      303.7269      306.1014  1541420    0.78%
  18200 12114        cutoff            303.7269      306.0967  1557685    0.78%
  18363 12228      304.9297   119      303.7269      306.0912  1574407    0.78%
  18544 12357      303.9820   120      303.7269      306.0827  1590630    0.78%
Elapsed time = 1319.50 sec. (402716.56 ticks, tree = 306.73 MB, solutions = 12)
  18720 12480      303.7727   132      303.7269      306.0773  1607252    0.77%
  18918 12618      303.9306    77      303.7269      306.0701  1622943    0.77%
  19120 12757      305.3046   125      303.7269      306.0615  1639305    0.77%
  19284 12877      303.7704   145      303.7269      306.0564  1655522    0.77%
  19464 13006      305.5525   138      303.7269      306.0529  1670344    0.77%
  19626 13118        cutoff            303.7269      306.0465  1686529    0.76%
  19798 13247      305.2248   122      303.7269      306.0404  1702115    0.76%
  19967 13367      304.3523   121      303.7269      306.0337  1717517    0.76%
  20127 13476      304.5222   120      303.7269      306.0283  1733082    0.76%
  20301 13600      305.7577   123      303.7269      306.0259  1748367    0.76%
Elapsed time = 1437.82 sec. (441079.19 ticks, tree = 337.60 MB, solutions = 12)
  20480 13729      305.1685   129      303.7269      306.0181  1763774    0.75%
  20641 13842      304.2168   145      303.7269      306.0122  1778202    0.75%
  20812 13957        cutoff            303.7269      306.0065  1793622    0.75%
  20954 14055      304.3232   136      303.7269      305.9979  1807577    0.75%
  21130 14174      304.3374   138      303.7269      305.9921  1823913    0.75%
  21312 14300      304.5901   136      303.7269      305.9861  1839983    0.74%
  21501 14425      304.8012   129      303.7269      305.9795  1856337    0.74%
  21669 14544      303.8658    96      303.7269      305.9766  1872789    0.74%
  21854 14674      305.1958   147      303.7269      305.9746  1888866    0.74%
  22036 14804      304.0541   105      303.7269      305.9709  1905019    0.74%
Elapsed time = 1554.93 sec. (479338.54 ticks, tree = 363.26 MB, solutions = 12)
  22217 14935      304.4549   127      303.7269      305.9666  1921294    0.74%
  22409 15066      305.7097   125      303.7269      305.9613  1936366    0.74%
  22590 15195      304.8716   129      303.7269      305.9552  1951591    0.73%
  22752 15307      305.8450   140      303.7269      305.9501  1967246    0.73%
  22937 15436      305.7551   133      303.7269      305.9468  1982466    0.73%
  23115 15559      304.7938   133      303.7269      305.9443  1997975    0.73%
  23284 15680      304.0236   116      303.7269      305.9409  2013013    0.73%
  23469 15808      303.9193   118      303.7269      305.9374  2028779    0.73%
  23661 15936      305.3197   142      303.7269      305.9311  2044495    0.73%
  23834 16054      305.6338   137      303.7269      305.9243  2060604    0.72%
Elapsed time = 1675.28 sec. (517697.52 ticks, tree = 398.82 MB, solutions = 12)
  24028 16189      305.0909   145      303.7269      305.9210  2076875    0.72%
  24210 16313      304.6890   128      303.7269      305.9160  2092882    0.72%
  24391 16438        cutoff            303.7269      305.9111  2109228    0.72%
  24572 16569      304.2719   130      303.7269      305.9051  2125105    0.72%
  24758 16695      305.3063   121      303.7269      305.9006  2141384    0.72%
  24953 16834      304.6171   123      303.7269      305.8976  2157160    0.71%
  25164 16981      304.5041   122      303.7269      305.8899  2173675    0.71%
  25341 17102      303.8390   127      303.7269      305.8867  2189296    0.71%
  25520 17225      304.2178   132      303.7269      305.8823  2205182    0.71%
  25696 17341      304.8042   127      303.7269      305.8769  2220448    0.71%
Elapsed time = 1797.08 sec. (555990.35 ticks, tree = 425.23 MB, solutions = 12)
  25855 17448      304.7483   122      303.7269      305.8728  2234942    0.71%
  26047 17576      304.4616   111      303.7269      305.8657  2250345    0.70%
  26228 17704      304.2725   124      303.7269      305.8621  2266180    0.70%
  26401 17819      304.5643   135      303.7269      305.8564  2281994    0.70%
  26557 17927      304.7000   132      303.7269      305.8530  2296115    0.70%
  26730 18042      304.5944   144      303.7269      305.8487  2311985    0.70%
  26936 18184      305.0878   138      303.7269      305.8431  2327772    0.70%
  27103 18297      304.7622   130      303.7269      305.8385  2343576    0.70%
  27269 18407      304.8339   130      303.7269      305.8344  2359527    0.69%
  27445 18533      303.9009   110      303.7269      305.8301  2375613    0.69%
Elapsed time = 1913.31 sec. (594312.47 ticks, tree = 456.58 MB, solutions = 12)
  27640 18668      304.8592   133      303.7269      305.8250  2391768    0.69%
  27780 18765      304.0258   135      303.7269      305.8219  2406885    0.69%
  27956 18885      304.2628   120      303.7269      305.8191  2423627    0.69%
  28147 19019      304.1297   124      303.7269      305.8144  2439889    0.69%
  28354 19162      304.5469   113      303.7269      305.8101  2456235    0.69%
  28550 19302      304.0857   120      303.7269      305.8066  2472374    0.68%
  28738 19428      304.6876   133      303.7269      305.8016  2488752    0.68%
  28916 19548      304.3749   139      303.7269      305.7985  2504571    0.68%
  29084 19658      304.6324   141      303.7269      305.7968  2520260    0.68%
  29268 19780      304.9997   133      303.7269      305.7932  2535230    0.68%
Elapsed time = 2033.33 sec. (632582.86 ticks, tree = 484.57 MB, solutions = 12)
  29448 19895      303.9191   135      303.7269      305.7889  2551160    0.68%
  29623 20009      304.0556   114      303.7269      305.7829  2566904    0.68%
  29809 20134      304.2326   114      303.7269      305.7812  2582181    0.68%
  29985 20252      304.3227   119      303.7269      305.7757  2597978    0.67%
  30192 20398      304.0781   117      303.7269      305.7726  2613494    0.67%
  30379 20518      304.6072   131      303.7269      305.7695  2629071    0.67%
  30562 20642      305.0198   135      303.7269      305.7660  2644584    0.67%
  30741 20763      304.8308   115      303.7269      305.7622  2660057    0.67%
  30938 20896      304.7215   120      303.7269      305.7589  2675847    0.67%
  31132 21028      303.7293    88      303.7269      305.7536  2691882    0.67%
Elapsed time = 2154.86 sec. (670974.79 ticks, tree = 514.77 MB, solutions = 12)
  31340 21169      304.8174   128      303.7269      305.7503  2707943    0.67%
  31543 21307      304.4194   116      303.7269      305.7463  2724079    0.66%
  31733 21429      304.5144   139      303.7269      305.7423  2740367    0.66%
  31925 21559      303.9268   126      303.7269      305.7384  2756486    0.66%
  32127 21703      304.9545   147      303.7269      305.7346  2772347    0.66%
  32322 21835      305.2285   135      303.7269      305.7311  2788604    0.66%
  32495 21953      304.7980   125      303.7269      305.7271  2805035    0.66%
  32676 22073      304.2831   121      303.7269      305.7221  2821382    0.66%
  32857 22191      304.4717   137      303.7269      305.7161  2837369    0.65%
  33033 22309      304.8582   138      303.7269      305.7117  2852123    0.65%
Elapsed time = 2278.98 sec. (709234.18 ticks, tree = 543.82 MB, solutions = 12)
  33218 22435      304.1527   123      303.7269      305.7073  2867219    0.65%
  33403 22554      304.7856   135      303.7269      305.7048  2883208    0.65%
  33581 22682      303.7774   118      303.7269      305.7021  2898842    0.65%
  33767 22805      304.7649   116      303.7269      305.6995  2914507    0.65%
  33971 22942      305.2411   139      303.7269      305.6947  2929979    0.65%
  34144 23057      304.4081   127      303.7269      305.6912  2945364    0.65%
  34338 23189      304.6159   132      303.7269      305.6885  2960955    0.65%
  34519 23310      304.2145   128      303.7269      305.6849  2976617    0.64%
  34729 23457      303.7403   119      303.7269      305.6805  2992527    0.64%
  34949 23609      304.4661   125      303.7269      305.6765  3008834    0.64%
Elapsed time = 2403.40 sec. (747524.49 ticks, tree = 579.85 MB, solutions = 12)
  35158 23752      304.3388   129      303.7269      305.6741  3025063    0.64%
  35334 23871      303.8931   118      303.7269      305.6717  3041283    0.64%
  35529 24001      304.0735   153      303.7269      305.6687  3057421    0.64%
  35711 24126      303.9855   127      303.7269      305.6651  3073862    0.64%
  35906 24253      304.6967   118      303.7269      305.6617  3090217    0.64%
  36109 24393      303.9105   119      303.7269      305.6593  3106515    0.64%
  36313 24524      304.9131   158      303.7269      305.6561  3122864    0.64%
  36494 24647      304.1186   128      303.7269      305.6544  3139052    0.63%
  36681 24767      305.2898   129      303.7269      305.6513  3155280    0.63%
  36852 24882      304.8760   131      303.7269      305.6486  3170590    0.63%
Elapsed time = 2527.75 sec. (785823.37 ticks, tree = 610.02 MB, solutions = 12)
  37033 24994      305.1897   127      303.7269      305.6444  3186353    0.63%
  37224 25119      305.2019   139      303.7269      305.6418  3202313    0.63%
  37397 25232      304.9199   131      303.7269      305.6381  3217263    0.63%
  37595 25363      304.8432   131      303.7269      305.6354  3232958    0.63%
  37756 25471      303.9272   119      303.7269      305.6324  3248164    0.63%
  37968 25616      304.8985   138      303.7269      305.6305  3263315    0.63%
  38159 25739      304.2497   121      303.7269      305.6268  3279146    0.63%
  38363 25878      305.0447   139      303.7269      305.6243  3295042    0.62%
  38529 25984      303.7049   131      303.7269      305.6209  3310822    0.62%
  38727 26113      305.0782   136      303.7269      305.6172  3326153    0.62%
Elapsed time = 2650.10 sec. (824081.06 ticks, tree = 636.58 MB, solutions = 12)
  38913 26228      304.1045   107      303.7269      305.6144  3342034    0.62%
  39101 26351      305.1025   134      303.7269      305.6113  3358112    0.62%
  39287 26468      304.3730   123      303.7269      305.6089  3374532    0.62%
  39489 26603      304.3218   118      303.7269      305.6064  3389960    0.62%
  39660 26715      304.8535   127      303.7269      305.6038  3406299    0.62%
  39840 26839      303.8132   123      303.7269      305.6022  3422124    0.62%
  40057 26984      303.7824   122      303.7269      305.5992  3438600    0.62%
  40241 27101      304.4821   123      303.7269      305.5966  3455245    0.62%

Performing restart 2

Repeating presolve.
Tried aggregator 1 time.
Reduced MIP has 536 rows, 1188 columns, and 3978 nonzeros.
Reduced MIP has 388 binaries, 0 generals, 0 SOSs, and 0 indicators.
Presolve time = 0.00 sec. (1.10 ticks)
Tried aggregator 1 time.
Reduced MIP has 536 rows, 1188 columns, and 3978 nonzeros.
Reduced MIP has 388 binaries, 0 generals, 0 SOSs, and 0 indicators.
Presolve time = 0.00 sec. (1.10 ticks)
Represolve time = 0.11 sec. (19.72 ticks)
  40350     6      308.1043   158      303.7269      305.5957  3469160    0.62%
  41236   850      306.0434   132      303.7269      305.5957  3487144    0.62%
Elapsed time = 2809.82 sec. (862395.77 ticks, tree = 1.85 MB, solutions = 12)
  42132  1687      304.9192   126      303.7269      305.5957  3514097    0.62%
  42711  2168      307.0587   155      303.7269      305.5957  3542607    0.62%
  43688  3032      305.4556   118      303.7269      305.5957  3573322    0.62%
  44602  3845      305.6621   126      303.7269      305.5957  3601090    0.62%
  45486  4642      305.9470   129      303.7269      305.5957  3627482    0.62%
  46346  5419      306.5659   143      303.7269      305.5957  3653604    0.62%
  47140  6122      306.0215   140      303.7269      305.5957  3680452    0.62%
  48074  6968      306.5680   140      303.7269      305.5957  3706874    0.62%
  48925  7725      304.1286    78      303.7269      305.5957  3732585    0.62%
  49734  8455      304.5537    88      303.7269      305.5957  3756623    0.62%
Elapsed time = 3305.28 sec. (900665.41 ticks, tree = 66.86 MB, solutions = 12)
  50507  9151      304.5008    96      303.7269      305.5957  3779510    0.62%
  51254  9822      305.7922   132      303.7269      305.5957  3800836    0.62%
  51871 10374      305.6216   131      303.7269      305.5957  3820934    0.62%
  52465 10901      306.2510   143      303.7269      305.5957  3841490    0.62%
  53146 11508      304.4321    95      303.7269      305.5957  3862774    0.62%
  53837 12131      305.8066   144      303.7269      305.5957  3883295    0.62%
  54511 12708      306.1067   146      303.7269      305.5957  3907870    0.62%

Flow cuts applied:  7
Mixed integer rounding cuts applied:  66
Gomory fractional cuts applied:  1
User cuts applied:  1877

Root node processing (before b&c):
  Real time             =    4.85 sec. (1730.79 ticks)
Sequential b&c:
  Real time             = 3595.15 sec. (927220.45 ticks)
                          ------------
Total (root+branch&cut) = 3600.00 sec. (928951.24 ticks)
|V|                                     400
K                                       133
theta                                   0.20
r                                       1
R                                       20
prob_func                               facility_mixture
mixture_low_share                       0.500000
mixture_low_interval                    [0.001000, 0.010000]
mixture_high_interval                   [0.100000, 0.500000]
mixture_seed                            1
#C1                                     456
#CP                                     4474

@Parameters: 
am_callback_heuristic                   false
am_local_search                         true
am_start_heuristic                      false
colocation                              false
comp                                    false
cutC                                    true
cutC_init                               false
cutF                                    true
cutF_init                               false
cutF_stable                             false
cutF_wrong                              false
cutLocal                                false
cutM                                    true
cutM_init                               true
cutM_stable                             false
cutP                                    true
cutP_init                               false
cutP_stable                             false
init                                    true
init_cutF_zero                          false
init_val_greedy                         true
is_Euclidean                            false
is_local_search                         true
is_right_cutP                           true
is_root                                 false
is_silent                               false
is_start                                false
mycut                                   false
pmed                                    false
pre                                     true
stable_root                             false
str                                     false
two_phase                               false
ubstr                                   false
mode                                    Bin

am_callback_node_space                  50
init                                    0
mixture_seed                            1
node_space                              5
nodelimit                               -1
nsepa                                   1
strF                                    0
type_delta                              0

EPS                                     0.001000
EPS_FRAC                                0.00
gap                                     0.00
mixture_high_max                        0.50
mixture_high_min                        0.10
mixture_low_max                         0.01
mixture_low_min                         0.00
mixture_low_share                       0.50
timelimit                               3600.00

Number of Closed Sites: 12 / 1596 
Number of Confined Sites-1: 24 / 3168 
Number of Confined Sites-k: 364 / 13308 
Preprocess Time: 1.13 + 0.00 sec

Solve Time: 3600.00
Number of Nodes: 54679
Termination Status: TIME_LIMIT

CutInfo: [phase] num / time (sec) / aver. num_nonzero
max              [LP]     0 / 0.00 / 0.00 [init]   268 / 0.08 / 1.27 [rLC]   246 / 0.07 / 3.00 [rUC]  2118 / 0.81 / 2.93 [sLC]   453 / 0.30 / 2.73 [sUC]   805 / 3.91 / 3.79 
prod_oa          [LP]     0 / 0.00 / 0.00 [init]     0 / 0.00 / 0.00 [rLC]     0 / 0.00 / 0.00 [rUC]     0 / 0.00 / 0.00 [sLC]     0 / 0.00 / 0.00 [sUC]     0 / 0.00 / 0.00 
prod_sm_fixed    [LP]     0 / 0.00 / 0.00 [init]     0 / 0.00 / 0.00 [rLC]     0 / 0.00 / 0.00 [rUC]     0 / 0.00 / 0.00 [sLC]     0 / 0.00 / 0.00 [sUC]     0 / 0.00 / 0.00 
prod_bin         [LP]     0 / 0.00 / 0.00 [init]   267 / 0.03 / 0.00 [rLC]   570 / 0.10 / 0.00 [rUC]  3864 / 0.58 / 0.00 [sLC]  1343 / 0.23 / 0.00 [sUC]  4443 / 0.93 / 0.00 
prod_local       [LP]     0 / 0.00 / 0.00 [init]     0 / 0.00 / 0.00 [rLC]     0 / 0.00 / 0.00 [rUC]     0 / 0.00 / 0.00 [sLC]     0 / 0.00 / 0.00 [sUC]     0 / 0.00 / 0.00 
prod_sm_C        [LP]     0 / 0.00 / 0.00 [init]     0 / 0.00 / 0.00 [rLC]     0 / 0.00 / 0.00 [rUC]     0 / 0.00 / 0.00 [sLC]     0 / 0.00 / 0.00 [sUC]     0 / 0.00 / 0.00 
facet            [LP]     0 / 0.00 / 0.00 [init]     0 / 0.00 / 0.00 [rLC]     0 / 0.00 / 0.00 [rUC]     0 / 0.00 / 0.00 [sLC]     0 / 0.00 / 0.00 [sUC]     0 / 0.00 / 0.00 
Separation Round:   [LP] 0  [init] 1  [rLC] 4  [rUC] 51  [sLC] 34  [sUC] 98635  
Root Best Bound 308.694306
Root Best Integer: 289.769250
Best Bound: 305.595675
Best Integer: 303.726903
1: 2, 13, 14, 30, 31, 32, 34, 36, 39, 41, 43, 47, 50, 51, 56, 57, 60, 64, 65, 67, 72, 73, 76, 77, 83, 85, 87, 90, 91, 92, 94, 95, 100, 101, 102, 107, 108, 109, 110, 112, 117, 118, 121, 122, 125, 130, 132, 133, 134, 135, 137, 141, 142, 153, 163, 168, 169, 172, 174, 177, 178, 181, 184, 185, 188, 192, 196, 204, 206, 209, 212, 226, 227, 229, 235, 237, 239, 240, 242, 244, 246, 252, 253, 264, 265, 267, 270, 271, 277, 278, 280, 284, 293, 295, 298, 301, 303, 314, 315, 316, 319, 323, 324, 325, 327, 329, 331, 332, 333, 338, 339, 341, 343, 356, 358, 362, 364, 367, 368, 370, 371, 373, 374, 376, 379, 383, 384, 386, 389, 390, 397, 399, 400
Objective Value (calc): 303.726903
sum_etaM = 252.058556 / 252.058556
sum_etaP = 316.643990 / 316.643990
nL: 133
nCL: 0
mCL: 1
