Version identifier: 20.1.0.0 | 2020-11-10 | 9bedb6d68
CPXPARAM_Threads                                 1
CPXPARAM_TimeLimit                               3600
CPXPARAM_MIP_Tolerances_MIPGap                   0
Generic callback                                 0x60
1 of 1 MIP starts provided solutions.
MIP start 'm1' defined initial solution with objective 752.1631.
Tried aggregator 2 times.
MIP Presolve eliminated 9 rows and 8 columns.
MIP Presolve modified 577 coefficients.
Aggregator did 1 substitutions.
Reduced MIP has 2728 rows, 3191 columns, and 33096 nonzeros.
Reduced MIP has 796 binaries, 795 generals, 0 SOSs, and 0 indicators.
Presolve time = 0.01 sec. (10.25 ticks)
Probing time = 0.00 sec. (1.66 ticks)
Tried aggregator 1 time.
Reduced MIP has 2728 rows, 3191 columns, and 33096 nonzeros.
Reduced MIP has 796 binaries, 795 generals, 0 SOSs, and 0 indicators.
Presolve time = 0.01 sec. (5.93 ticks)
Probing time = 0.00 sec. (1.66 ticks)
MIP emphasis: balance optimality and feasibility.
MIP search method: dynamic search.
Parallel mode: none, using 1 thread.
Root relaxation solution time = 0.09 sec. (103.11 ticks)

        Nodes                                         Cuts/
   Node  Left     Objective  IInf  Best Integer    Best Bound    ItCnt     Gap

*     0+    0                          752.1631      800.0000             6.36%
      0     0      776.5892   101      752.1631      776.5892     2334    3.25%
      0     0      757.2805   401      752.1631     Cuts: 570     3033    0.68%
      0     0      756.4493   426      752.1631     Cuts: 286     3538    0.57%
      0     0      755.9647   414      752.1631     Cuts: 265     3954    0.51%
      0     0      755.7225   450      752.1631     Cuts: 203     4357    0.47%
      0     0      755.5513   433      752.1631     Cuts: 153     4666    0.45%
      0     0      755.4302   473      752.1631     Cuts: 169     4967    0.43%
      0     0      755.3650   460      752.1631     Cuts: 141     5157    0.43%
      0     0      755.2875   448      752.1631     Cuts: 110     5439    0.42%
      0     0      755.2410   445      752.1631      Cuts: 99     5633    0.41%
      0     0      755.2022   445      752.1631     Cuts: 101     5806    0.40%
      0     0      755.1979   461      752.1631 UserPurge2: 19     5877    0.40%
      0     0      755.1966   460      752.1631 UserPurge2: 6     5915    0.40%
      0     0      755.1953   462      752.1631 UserPurge2: 12     5955    0.40%
      0     0      755.1940   474      752.1631 UserPurge2: 12     5985    0.40%
      0     0      755.1937   470      752.1631 UserPurge2: 5     6009    0.40%
      0     0      755.1932   474      752.1631 UserPurge2: 6     6023    0.40%
      0     0      755.1925   474      752.1631 UserPurge2: 3     6043    0.40%
      0     0      755.1923   468      752.1631 UserPurge2: 7     6061    0.40%
      0     0      755.1920   468      752.1631 UserPurge2: 7     6074    0.40%
      0     0      755.1920   472      752.1631 UserPurge2: 1     6076    0.40%
      0     2      755.1920   472      752.1631      755.1920     6076    0.40%
Elapsed time = 5.56 sec. (5133.99 ticks, tree = 0.01 MB, solutions = 1)
      4     6      755.0469   409      752.1631      755.1920     7018    0.40%
      5     7      754.8054   470      752.1631      755.1920     7864    0.40%
      8    10      754.9019   447      752.1631      755.1920     8891    0.40%
     10    12      754.7038   498      752.1631      755.1920    10432    0.40%
     12    14      754.7883   483      752.1631      755.1920    11271    0.40%
     15    17      754.6930   509      752.1631      755.1920    13011    0.40%
     16    18      754.6777   520      752.1631      755.1920    13810    0.40%
     17    19      754.5963   513      752.1631      755.1920    14557    0.40%
     19    21      754.6466   512      752.1631      755.1920    14952    0.40%
     28    30      754.5161   511      752.1631      755.1920    17436    0.40%
Elapsed time = 10.53 sec. (9574.43 ticks, tree = 0.24 MB, solutions = 1)
     34    36      754.4500   496      752.1631      755.1920    18699    0.40%
     40    42      754.1295   490      752.1631      755.1920    21397    0.40%
     50    52      754.1243   451      752.1631      755.1920    23592    0.40%
     65    67      753.5796   430      752.1631      755.1920    26187    0.40%
     80    82      753.1593   409      752.1631      755.1920    28457    0.40%
    110   110      752.2584   397      752.1631      755.1920    31656    0.40%
*   117+  109                          752.2043      755.1920             0.40%
    120   114      754.6219   557      752.2043      755.1401    35043    0.39%
    125   119      754.5038   570      752.2043      755.1401    37865    0.39%
    130   124      754.4507   552      752.2043      755.1401    40322    0.39%
    138   132      754.2746   556      752.2043      755.1401    43144    0.39%
Elapsed time = 25.32 sec. (21815.17 ticks, tree = 0.74 MB, solutions = 2)
    145   139      754.2633   538      752.2043      755.1401    45280    0.39%
    154   148      754.1347   498      752.2043      755.1401    47389    0.39%
    160   154      753.9486   482      752.2043      755.1401    49504    0.39%
    169   163      753.6237   465      752.2043      755.1401    52266    0.39%
    175   169      753.1980   460      752.2043      755.1401    54726    0.39%
    180   174      753.0729   460      752.2043      755.1401    57197    0.39%
    191   185      752.8360   439      752.2043      755.1401    59666    0.39%
    210   204      752.3328   371      752.2043      755.1401    62110    0.39%
    220   209      754.7956   597      752.2043      755.1399    64117    0.39%
    230   219      754.4337   581      752.2043      755.1399    66061    0.39%
Elapsed time = 37.70 sec. (32846.93 ticks, tree = 1.60 MB, solutions = 2)
    238   227      753.7035   527      752.2043      755.1399    68612    0.39%
    240   229      753.6514   524      752.2043      755.1399    69285    0.39%
    253   242      753.3791   496      752.2043      755.1399    71999    0.39%
    264   253      752.6911   472      752.2043      755.1399    74183    0.39%
    280   265      754.9560   590      752.2043      755.0764    77231    0.38%
    286   271      754.6423   575      752.2043      755.0764    79913    0.38%
    293   278      753.9327   550      752.2043      755.0764    82075    0.38%
    300   285      753.7088   551      752.2043      755.0764    84650    0.38%
    314   299      753.4211   489      752.2043      755.0764    86828    0.38%
    331   316      752.6036   462      752.2043      755.0764    88965    0.38%
Elapsed time = 48.81 sec. (43509.96 ticks, tree = 2.16 MB, solutions = 2)
    347   328      754.5382   570      752.2043      754.9560    90915    0.37%
    356   337      753.9989   538      752.2043      754.9560    92936    0.37%
    368   349      753.6760   508      752.2043      754.9560    94594    0.37%
    384   365      752.7983   494      752.2043      754.9560    96538    0.37%
    404   379      754.7819   611      752.2043      754.9470    98953    0.36%
    409   384      754.6053   581      752.2043      754.9470   100759    0.36%
    412   387      754.4435   581      752.2043      754.9470   103051    0.36%
    418   393      754.4096   565      752.2043      754.9470   104602    0.36%
    423   398      754.1738   580      752.2043      754.9470   106892    0.36%
    430   405      754.2140   526      752.2043      754.9470   108756    0.36%
Elapsed time = 60.16 sec. (54479.07 ticks, tree = 3.02 MB, solutions = 2)
    438   413      753.9230   518      752.2043      754.9470   111207    0.36%
    442   417      753.7556   536      752.2043      754.9470   112695    0.36%
    452   427      753.5521   514      752.2043      754.9470   114590    0.36%

Performing restart 1

Repeating presolve.
Tried aggregator 1 time.
MIP Presolve modified 624 coefficients.
Reduced MIP has 2728 rows, 3191 columns, and 33096 nonzeros.
Reduced MIP has 796 binaries, 795 generals, 0 SOSs, and 0 indicators.
Presolve time = 0.01 sec. (6.12 ticks)
Tried aggregator 1 time.
Reduced MIP has 2728 rows, 3191 columns, and 33096 nonzeros.
Reduced MIP has 796 binaries, 795 generals, 0 SOSs, and 0 indicators.
Presolve time = 0.01 sec. (6.04 ticks)
Represolve time = 0.05 sec. (39.95 ticks)
    458     0      754.2603   265      752.2043     Cuts: 156   119981    0.27%
    458     0      754.1744   259      752.2043      Cuts: 98   120182    0.26%
    458     0      754.1344   240      752.2043     Cuts: 116   120376    0.26%
    458     0      754.1166   243      752.2043     Cuts: 109   120502    0.25%
    458     0      754.1004   265      752.2043      Cuts: 51   120620    0.25%
    458     0      754.0903   220      752.2043      Cuts: 38   120699    0.25%
    458     0      754.0794   226      752.2043      Cuts: 26   120770    0.25%
    458     0      754.0713   217      752.2043   MIRcuts: 22   120852    0.25%
    458     0      754.0682   231      752.2043      Cuts: 16   120905    0.25%
    458     0      754.0647   224      752.2043      Cuts: 87   120961    0.25%
    458     0      754.0490   243      752.2043      Cuts: 31   121067    0.25%
    458     0      754.0392   224      752.2043      Cuts: 41   121154    0.24%
    458     0      754.0349   222      752.2043      Cuts: 28   121221    0.24%
    458     0      754.0313   209      752.2043      Cuts: 18   121277    0.24%
    458     0      754.0289   210      752.2043      Cuts: 11   121312    0.24%
    458     0      754.0273   206      752.2043      Cuts: 12   121341    0.24%
    458     2      754.0108   259      752.2043      754.0108   121341    0.24%
    459     3      753.9693   250      752.2043      754.0107   121702    0.24%
    460     4      753.8605   277      752.2043      753.9692   123448    0.23%
    461     5      753.9003   283      752.2043      753.9685   124034    0.23%
    462     6      753.8963   276      752.2043      753.8948   124363    0.22%
    463     7      753.8689   284      752.2043      753.8948   124742    0.22%
    464     8      753.7942   298      752.2043      753.8948   126041    0.22%
Elapsed time = 88.46 sec. (84499.43 ticks, tree = 0.08 MB, solutions = 2)
    465     9      753.7939   296      752.2043      753.8948   126080    0.22%
    467    11      753.3243   283      752.2043      753.8948   126965    0.22%
    470    14      753.6862   340      752.2043      753.8948   128879    0.22%
    471    15      753.6858   333      752.2043      753.8948   128926    0.22%
    475    18      752.8149   324      752.2043      753.8948   129831    0.22%
    480    21      752.8026   338      752.2043      753.8948   130769    0.22%
    485    24      752.7224   308      752.2043      753.8948   132393    0.22%
    494    30      752.6864   300      752.2043      753.8948   133142    0.22%
    510    36      753.8546   289      752.2043      753.8689   134989    0.22%
    514    40      753.3452   303      752.2043      753.8689   136157    0.22%
Elapsed time = 103.41 sec. (99766.48 ticks, tree = 0.38 MB, solutions = 2)
    519    43      752.2897   293      752.2043      753.8689   137769    0.22%
    530    45      752.7372   308      752.2043      753.8685   140184    0.22%
    548    58      752.6634   272      752.2043      753.8685   141040    0.22%
    570    71      752.5702   249      752.2043      753.8685   142607    0.22%
    589    86      752.4456   206      752.2043      753.8685   143966    0.22%
    614    96      753.8029   331      752.2043      753.8670   145489    0.22%
    628   103      753.0715   321      752.2043      753.8670   146729    0.22%
    650   116      752.3436   281      752.2043      753.8670   148034    0.22%
    681   133      753.7410   327      752.2043      753.8605   150951    0.22%
    701   149      752.6469   293      752.2043      753.8605   152879    0.22%
Elapsed time = 115.68 sec. (111470.87 ticks, tree = 2.49 MB, solutions = 2)
    727   161      753.7914   318      752.2043      753.8603   154592    0.22%
    734   168      753.7245   341      752.2043      753.8603   155838    0.22%
    744   177      752.8031   323      752.2043      753.8603   156843    0.22%
    761   188      752.4164   282      752.2043      753.8603   158033    0.22%
    783   191      752.3766   269      752.2043      753.8603   158701    0.22%
    829   206      752.3035   194      752.2043      753.8603   160612    0.22%
    863   209      753.7916   320      752.2043      753.8546   162552    0.22%
    890   230      752.6819   300      752.2043      753.8546   164422    0.22%
    906   238      752.2159   258      752.2043      753.8546   166555    0.22%
    918   241      752.9393   324      752.2043      753.8331   167816    0.22%
Elapsed time = 127.07 sec. (121855.04 ticks, tree = 4.13 MB, solutions = 2)
    938   255      752.2944   308      752.2043      753.8331   168874    0.22%
    954   261      752.3190   301      752.2043      753.8240   170725    0.22%
    987   274        cutoff            752.2043      753.8240   172376    0.22%
   1010   284      753.8081   336      752.2043      753.8204   174500    0.21%
   1034   295      752.3822   304      752.2043      753.8204   176473    0.21%
   1078   317        cutoff            752.2043      753.8204   178832    0.21%
   1088   326      753.0278   327      752.2043      753.8184   181299    0.21%
   1108   335      752.4972   280      752.2043      753.8184   182937    0.21%
   1138   342      752.4135   244      752.2043      753.8184   184388    0.21%
   1276   418      752.3745   294      752.2043      753.8072   191860    0.21%
Elapsed time = 141.16 sec. (134966.58 ticks, tree = 5.91 MB, solutions = 2)
   1392   493      752.2606   171      752.2043      753.8066   198752    0.21%
   1508   539      752.4279   339      752.2043      753.8046   207179    0.21%
   1641   642      753.5246   213      752.2043      753.8039   213408    0.21%
   1808   796      753.6963   351      752.2043      753.8028   218167    0.21%
   1938   871      752.4873   299      752.2043      753.7985   224299    0.21%
   2066   935      752.2460   215      752.2043      753.7952   231868    0.21%
   2178   984      752.8757   331      752.2043      753.7914   239129    0.21%
   2304  1048      752.8351   327      752.2043      753.7907   247249    0.21%
   2470  1162      752.2357   187      752.2043      753.7906   255557    0.21%
   2603  1227        cutoff            752.2043      753.7865   263254    0.21%
Elapsed time = 184.09 sec. (173798.22 ticks, tree = 21.79 MB, solutions = 2)
   2776  1325      752.7427   312      752.2043      753.7800   272367    0.21%
   2943  1418      753.0146   306      752.2043      753.7776   281005    0.21%
   3125  1547      752.3649   155      752.2043      753.7762   290035    0.21%
   3294  1652      752.9598   369      752.2043      753.7730   298280    0.21%
   3440  1724      752.2116   236      752.2043      753.7672   306930    0.21%
   3558  1787      752.4325   346      752.2043      753.7636   315404    0.21%
   3714  1853        cutoff            752.2043      753.7628   322845    0.21%
   3895  1946      752.3497   191      752.2043      753.7616   332235    0.21%
   4022  2011      753.2322   340      752.2043      753.7599   340634    0.21%
   4139  2076      752.2537   200      752.2043      753.7586   348175    0.21%
Elapsed time = 226.93 sec. (212561.69 ticks, tree = 37.97 MB, solutions = 2)
   4260  2126      752.2733   151      752.2043      753.7585   357875    0.21%
   4524  2314      753.7464   309      752.2043      753.7573   367071    0.21%
   4668  2392      752.2231   300      752.2043      753.7573   374858    0.21%
   4835  2486      752.3774   210      752.2043      753.7554   384697    0.21%
   4922  2531      753.2844   326      752.2043      753.7509   393447    0.21%
   5086  2585      752.8710   344      752.2043      753.7488   402538    0.21%
   5241  2668      752.2589   283      752.2043      753.7483   411534    0.21%
   5545  2823      752.2069   174      752.2043      753.7465   421012    0.21%
   5679  2908      752.6233   309      752.2043      753.7458   429987    0.20%
   5974  3067      752.3011   246      752.2043      753.7431   438767    0.20%
Elapsed time = 270.55 sec. (251078.63 ticks, tree = 67.63 MB, solutions = 2)
   6132  3143      752.6006   298      752.2043      753.7425   446908    0.20%
   6347  3269      752.8308   305      752.2043      753.7408   455905    0.20%
   6476  3332        cutoff            752.2043      753.7403   464773    0.20%
   6672  3434      752.2818   306      752.2043      753.7388   473848    0.20%
   6809  3541      752.4356   279      752.2043      753.7387   483399    0.20%
   7009  3634      752.4465   331      752.2043      753.7380   492631    0.20%
   7277  3778      752.5033   202      752.2043      753.7361   501706    0.20%
   7476  3866      752.4682   297      752.2043      753.7340   512439    0.20%
   7683  3983      752.2681   282      752.2043      753.7330   522054    0.20%
   7878  4072      752.3097   231      752.2043      753.7306   533005    0.20%
Elapsed time = 314.46 sec. (289888.02 ticks, tree = 99.90 MB, solutions = 2)
   8088  4192      752.2253   210      752.2043      753.7279   544289    0.20%
   8190  4262      752.7623   301      752.2043      753.7264   553099    0.20%
   8357  4339      752.4298   162      752.2043      753.7259   562693    0.20%
   8555  4481      752.8267   168      752.2043      753.7254   571224    0.20%
   8705  4573      752.4854   194      752.2043      753.7245   580994    0.20%
   8899  4690      752.2105   172      752.2043      753.7243   589004    0.20%
   9121  4820      752.5811   344      752.2043      753.7160   597956    0.20%
   9298  4888      752.5665   249      752.2043      753.7156   605977    0.20%
   9450  4964      752.5172   337      752.2043      753.7095   615416    0.20%
   9618  5041      752.6348   272      752.2043      753.7090   624186    0.20%
Elapsed time = 363.39 sec. (334541.01 ticks, tree = 116.46 MB, solutions = 2)
   9619  5042      752.7918   334      752.2043      753.7090   624463    0.20%
   9620  5043      753.6648   321      752.2043      753.7090   624785    0.20%
   9810  5124      752.6244   311      752.2043      753.7078   633655    0.20%
  10058  5295      752.2406   177      752.2043      753.7040   643998    0.20%
  10262  5373      753.0113   359      752.2043      753.7028   653336    0.20%
  10458  5477      752.8566   301      752.2043      753.7018   662639    0.20%
  10600  5561        cutoff            752.2043      753.6980   671974    0.20%
  10821  5666      752.2637   334      752.2043      753.6956   681300    0.20%
  11030  5761      752.4874   293      752.2043      753.6952   690871    0.20%
  11218  5855      752.9416   321      752.2043      753.6949   701301    0.20%
Elapsed time = 420.40 sec. (387241.87 ticks, tree = 133.99 MB, solutions = 2)
  11369  5939      753.6662   253      752.2043      753.6938   710363    0.20%
  11553  6122      752.4239    43      752.2043      753.6938   717314    0.20%
  11718  6216      752.5136   211      752.2043      753.6930   725686    0.20%
  11869  6279      752.5276   242      752.2043      753.6928   735283    0.20%
  12044  6357      752.4777   247      752.2043      753.6916   744734    0.20%
  12191  6440        cutoff            752.2043      753.6914   755900    0.20%
  12318  6509      752.6746   291      752.2043      753.6914   765333    0.20%
  12530  6587      752.9398   342      752.2043      753.6908   774345    0.20%
  12757  6680      752.7101   322      752.2043      753.6901   783518    0.20%
  12968  6812      752.6980   309      752.2043      753.6895   792959    0.20%
Elapsed time = 463.19 sec. (425608.69 ticks, tree = 145.49 MB, solutions = 2)
  13104  6895        cutoff            752.2043      753.6886   801808    0.20%
  13359  7031      752.2977   297      752.2043      753.6883   810767    0.20%
  13599  7125      752.3487   244      752.2043      753.6852   819573    0.20%
  13800  7238      752.6292   299      752.2043      753.6845   827598    0.20%
  14018  7352      752.2883   201      752.2043      753.6839   836805    0.20%
  14237  7432      752.2621   322      752.2043      753.6815   846545    0.20%
  14503  7630      753.2667   126      752.2043      753.6797   854499    0.20%
  14723  7760        cutoff            752.2043      753.6785   863786    0.20%
  14878  7849      752.4947   243      752.2043      753.6781   871964    0.20%
  15036  7939      752.8906   315      752.2043      753.6758   881985    0.20%
Elapsed time = 507.55 sec. (463977.29 ticks, tree = 180.35 MB, solutions = 2)
  15258  8055      752.2916   225      752.2043      753.6744   891042    0.20%
  15426  8148      753.2262   321      752.2043      753.6736   899804    0.20%
  15600  8253      752.8175   325      752.2043      753.6733   909601    0.20%
  15818  8378      752.6678   246      752.2043      753.6730   918292    0.20%
  15994  8449      752.5032   264      752.2043      753.6723   927992    0.20%
  16173  8556      753.4780   272      752.2043      753.6716   937452    0.20%
  16424  8758      753.5210   318      752.2043      753.6713   946425    0.20%
  16603  8830      752.2487   146      752.2043      753.6712   956076    0.20%
  16809  8932      752.3347   221      752.2043      753.6709   965004    0.19%
  17031  9031      752.3349   254      752.2043      753.6708   973692    0.19%
Elapsed time = 551.74 sec. (502557.95 ticks, tree = 204.05 MB, solutions = 2)
  17223  9147      752.2066   231      752.2043      753.6706   983468    0.19%
  17379  9202      753.5491   344      752.2043      753.6700   992371    0.19%
  17601  9317      752.4110   257      752.2043      753.6695  1002020    0.19%
  17760  9397      753.2761   273      752.2043      753.6693  1010790    0.19%
  17992  9586      752.2371   220      752.2043      753.6690  1019784    0.19%
  18114  9648        cutoff            752.2043      753.6688  1029077    0.19%
  18276  9740      752.3352   229      752.2043      753.6687  1039127    0.19%
  18467  9829      752.2651   273      752.2043      753.6678  1049179    0.19%
  18674  9910      752.8319   313      752.2043      753.6672  1057878    0.19%

Performing restart 2

Repeating presolve.
Tried aggregator 1 time.
MIP Presolve eliminated 114 rows and 57 columns.
MIP Presolve modified 121 coefficients.
Reduced MIP has 2614 rows, 3134 columns, and 32868 nonzeros.
Reduced MIP has 796 binaries, 738 generals, 0 SOSs, and 0 indicators.
Presolve time = 0.01 sec. (7.66 ticks)
Tried aggregator 1 time.
Reduced MIP has 2614 rows, 3134 columns, and 32868 nonzeros.
Reduced MIP has 796 binaries, 738 generals, 0 SOSs, and 0 indicators.
Presolve time = 0.01 sec. (6.64 ticks)
Represolve time = 0.13 sec. (65.21 ticks)
  18782     0      753.9058   275      752.2043      Cuts: 66  1070365    0.19%
  18782     0      753.8996   253      752.2043      Cuts: 25  1070484    0.19%
  18782     0      753.8974   253      752.2043      Cuts: 13  1070552    0.19%
  18782     0      753.8936   260      752.2043      Cuts: 19  1070610    0.19%
  18782     0      753.8921   261      752.2043    MIRcuts: 9  1070645    0.19%
  18782     0      753.8907   264      752.2043      Cuts: 34  1070697    0.19%
  18782     0      753.8902   248      752.2043    MIRcuts: 9  1070728    0.19%
  18782     0      753.8892   259      752.2043      Cuts: 10  1070764    0.19%
  18782     0      753.8888   245      752.2043    MIRcuts: 4  1070787    0.19%
  18782     0      753.8888   253      752.2043       Cuts: 2  1070798    0.19%
  18782     2      753.8865   261      752.2043      753.6672  1070798    0.19%
Elapsed time = 601.47 sec. (547067.76 ticks, tree = 0.01 MB, solutions = 2)
  18784     4      753.7915   260      752.2043      753.6672  1071471    0.19%
  18789     9      753.6901   266      752.2043      753.6672  1072869    0.19%
  18794    14      753.6991   243      752.2043      753.6672  1073290    0.19%
  18801    21      753.6981   251      752.2043      753.6672  1074588    0.19%
  18808    28      753.6859   233      752.2043      753.6672  1074780    0.19%
  18819    39      753.6814   214      752.2043      753.6672  1075687    0.19%
  18830    50      752.8112   222      752.2043      753.6672  1077308    0.19%
  18840    58      752.3941   206      752.2043      753.6672  1078723    0.19%
  18861    64      753.8704   263      752.2043      753.6672  1079794    0.19%
  18872    75      753.7035   248      752.2043      753.6672  1080912    0.19%
Elapsed time = 635.97 sec. (588327.38 ticks, tree = 0.77 MB, solutions = 2)
  18892    94      752.5836   210      752.2043      753.6672  1081711    0.19%
  18928   118      753.6422   221      752.2043      753.6672  1083033    0.19%
  18972   156      753.7315   237      752.2043      753.6672  1084810    0.19%
  19052   208      752.8663   238      752.2043      753.6672  1087497    0.19%
  19118   256      753.0409   248      752.2043      753.6672  1090300    0.19%
  19216   317      752.5117   191      752.2043      753.6672  1094426    0.19%
  19350   414      752.3177   151      752.2043      753.6672  1099929    0.19%
  19506   524      752.3127   195      752.2043      753.6672  1105926    0.19%
  19657   640        cutoff            752.2043      753.6672  1112161    0.19%
  19853   759      752.3767   185      752.2043      753.6672  1120562    0.19%
Elapsed time = 674.01 sec. (627203.77 ticks, tree = 14.41 MB, solutions = 2)
  20060   935      753.0779    64      752.2043      753.6672  1127394    0.19%
  20137   987      752.4842   229      752.2043      753.6672  1132529    0.19%
  20288  1058      752.2205   154      752.2043      753.6672  1139432    0.19%
  20421  1134      753.2374   227      752.2043      753.6672  1146068    0.19%
  20561  1200      752.3540   185      752.2043      753.6672  1153147    0.19%
  20748  1323      752.2583   117      752.2043      753.6672  1160186    0.19%
  20846  1372      752.5044   203      752.2043      753.6672  1165658    0.19%
  21000  1465      752.5711   194      752.2043      753.6672  1174071    0.19%
  21189  1560      753.6059   266      752.2043      753.6672  1181719    0.19%
  21374  1736      752.4642   250      752.2043      753.6672  1187386    0.19%
Elapsed time = 716.19 sec. (665806.47 ticks, tree = 32.97 MB, solutions = 2)
  21490  1816      752.5652   185      752.2043      753.6672  1193009    0.19%
  21624  1880      752.4036   180      752.2043      753.6672  1200098    0.19%
  21831  2034      753.2894   241      752.2043      753.6672  1207933    0.19%
  22042  2178      753.0977   224      752.2043      753.6672  1218274    0.19%
  22193  2266      752.2156   119      752.2043      753.6672  1226315    0.19%
  22437  2436      752.2332   184      752.2043      753.6672  1235807    0.19%
  22675  2610      753.5082   227      752.2043      753.6672  1244661    0.19%
  22849  2724      752.2294   168      752.2043      753.6672  1253647    0.19%
  23068  2857      752.2561   218      752.2043      753.6672  1263126    0.19%
  23278  2955      752.2919   128      752.2043      753.6672  1271518    0.19%
Elapsed time = 759.82 sec. (704163.70 ticks, tree = 60.97 MB, solutions = 2)
  23432  3049      753.0218   251      752.2043      753.6672  1280067    0.19%
  23641  3155      752.2759   170      752.2043      753.6672  1287186    0.19%
  23862  3291      753.5104   227      752.2043      753.6672  1296817    0.19%
  24016  3383      752.3677   124      752.2043      753.6672  1303391    0.19%
  24263  3537      752.2963   234      752.2043      753.6672  1313460    0.19%
  24475  3674      752.9048   198      752.2043      753.6672  1323063    0.19%
  24712  3784      752.6708   197      752.2043      753.6672  1332259    0.19%
  24918  3912      752.3635   126      752.2043      753.6672  1341161    0.19%
  25142  4083      753.2564   268      752.2043      753.6672  1350617    0.19%
  25324  4193      752.6958   242      752.2043      753.6672  1359210    0.19%
Elapsed time = 803.49 sec. (742710.28 ticks, tree = 86.43 MB, solutions = 2)
  25567  4333      753.5440   253      752.2043      753.6672  1367978    0.19%
  25752  4436      752.5552   175      752.2043      753.6668  1377259    0.19%
  25934  4549        cutoff            752.2043      753.6663  1386362    0.19%
  26116  4696      752.4323    72      752.2043      753.6654  1394258    0.19%
  26294  4798      752.2084   177      752.2043      753.6646  1402080    0.19%
  26445  4892      752.2683   128      752.2043      753.6635  1407966    0.19%
  26566  4953      752.3218   171      752.2043      753.6623  1414776    0.19%
  26679  5019      752.2063   139      752.2043      753.6611  1421087    0.19%
  26798  5074      752.2184   131      752.2043      753.6589  1427232    0.19%
  26980  5168      752.4952   178      752.2043      753.6577  1432889    0.19%
Elapsed time = 846.40 sec. (781595.32 ticks, tree = 101.33 MB, solutions = 2)
  27122  5261      753.4996   204      752.2043      753.6566  1440778    0.19%
  27285  5415      753.0019   202      752.2043      753.6552  1445086    0.19%
  27410  5482      752.3860   171      752.2043      753.6543  1450682    0.19%
  27562  5562      753.2679   234      752.2043      753.6536  1458892    0.19%
  27706  5658      753.4396   220      752.2043      753.6528  1466650    0.19%
  27862  5762      752.6162   197      752.2043      753.6514  1474765    0.19%
  28012  5827      753.6342   283      752.2043      753.6507  1481656    0.19%
  28207  5949      753.0548   233      752.2043      753.6486  1489856    0.19%
  28382  6080      753.2289   121      752.2043      753.6485  1495913    0.19%
  28576  6224      752.6102   218      752.2043      753.6483  1505281    0.19%
Elapsed time = 888.23 sec. (820108.17 ticks, tree = 124.98 MB, solutions = 2)
  28765  6335      752.7719   237      752.2043      753.6473  1514129    0.19%
  28944  6450      752.2565   177      752.2043      753.6466  1523448    0.19%
  29155  6564      752.2365   158      752.2043      753.6426  1531654    0.19%
  29287  6637      752.2229   128      752.2043      753.6418  1539923    0.19%
  29448  6733      752.2354   170      752.2043      753.6413  1548766    0.19%
  29618  6834      752.9018   219      752.2043      753.6396  1557869    0.19%
  29818  6948      752.2752   218      752.2043      753.6384  1566708    0.19%
  30008  7051      753.2150   247      752.2043      753.6376  1575161    0.19%
  30179  7149      752.7403   218      752.2043      753.6372  1583545    0.19%
  30351  7248      752.9266   250      752.2043      753.6355  1592976    0.19%
Elapsed time = 930.04 sec. (858767.98 ticks, tree = 142.20 MB, solutions = 2)
  30528  7336      753.4857   246      752.2043      753.6347  1601708    0.19%
  30772  7543      752.4511    31      752.2043      753.6345  1609292    0.19%
  30958  7646      752.2211   222      752.2043      753.6332  1618666    0.19%
  31166  7776      753.0445   237      752.2043      753.6323  1628004    0.19%
  31362  7886      753.6222   194      752.2043      753.6316  1635897    0.19%
  31536  7984      752.4134   202      752.2043      753.6308  1644477    0.19%
  31740  8138      752.7515   128      752.2043      753.6306  1650991    0.19%
  31932  8267      752.5224   180      752.2043      753.6300  1660646    0.19%
  32142  8397      753.1509   232      752.2043      753.6281  1671376    0.19%
  32312  8486      752.2834   238      752.2043      753.6278  1681354    0.19%
Elapsed time = 972.63 sec. (897323.18 ticks, tree = 176.38 MB, solutions = 2)
  32488  8568      753.6120   233      752.2043      753.6266  1689260    0.19%
  32682  8692      752.4538   175      752.2043      753.6261  1697512    0.19%
  32907  8828      752.2181   110      752.2043      753.6258  1706079    0.19%
  33128  9013      752.7781   243      752.2043      753.6254  1714161    0.19%
  33300  9089        cutoff            752.2043      753.6245  1722318    0.19%
  33499  9227      752.4228   216      752.2043      753.6238  1730289    0.19%
  33698  9343      752.3892   213      752.2043      753.6231  1739542    0.19%
  33872  9437      752.2109   145      752.2043      753.6219  1748437    0.19%
  34051  9536        cutoff            752.2043      753.6195  1757056    0.19%
  34287  9694      753.0950   255      752.2043      753.6188  1767544    0.19%
Elapsed time = 1015.04 sec. (935953.19 ticks, tree = 201.11 MB, solutions = 2)
  34451  9819      752.7904   175      752.2043      753.6182  1777136    0.19%
  34656  9956      752.2725   207      752.2043      753.6179  1786158    0.19%
  34867 10069      752.7353   194      752.2043      753.6173  1794308    0.19%
  35076 10197      752.2242   139      752.2043      753.6166  1803632    0.19%
  35232 10275      752.6214   228      752.2043      753.6152  1812359    0.19%
  35379 10350        cutoff            752.2043      753.6143  1818750    0.19%
  35583 10471      752.2144   170      752.2043      753.6140  1825309    0.19%
  35764 10581      752.2534   126      752.2043      753.6132  1833380    0.19%
  35926 10682      752.3370   230      752.2043      753.6121  1840674    0.19%
  36150 10811      752.2085    67      752.2043      753.6119  1848111    0.19%
Elapsed time = 1057.89 sec. (975208.68 ticks, tree = 229.03 MB, solutions = 2)
  36359 10920      752.3853   158      752.2043      753.6111  1854888    0.19%
  36564 11061      752.2761   140      752.2043      753.6105  1862324    0.19%
  36730 11161      752.2506   141      752.2043      753.6101  1870323    0.19%
  36935 11276        cutoff            752.2043      753.6093  1878051    0.19%
  37124 11397      752.5279   196      752.2043      753.6085  1886539    0.19%
  37305 11493      752.9744   261      752.2043      753.6077  1895141    0.19%
  37536 11598      752.7990   249      752.2043      753.6066  1903134    0.19%
  37742 11776      752.7864   104      752.2043      753.6066  1911417    0.19%
  37968 11913      752.3291   211      752.2043      753.6060  1921145    0.19%
  38212 12067      752.6436   193      752.2043      753.6051  1930603    0.19%
Elapsed time = 1100.48 sec. (1013551.29 ticks, tree = 263.82 MB, solutions = 2)
  38380 12156      752.3253   155      752.2043      753.6044  1939301    0.19%
  38598 12301        cutoff            752.2043      753.6036  1948722    0.19%
  38744 12380      752.6961   257      752.2043      753.6033  1958208    0.19%
  38989 12582        cutoff            752.2043      753.6028  1967384    0.19%
  39138 12635      752.2832   147      752.2043      753.6023  1975038    0.19%
  39258 12716      752.2235   193      752.2043      753.6009  1981962    0.19%
  39420 12814      753.1353   195      752.2043      753.6000  1990913    0.19%
  39621 12955      752.3280    92      752.2043      753.5996  1998068    0.19%
  39725 13024      752.2227   169      752.2043      753.5992  2005556    0.19%
  39925 13141      753.0924   229      752.2043      753.5984  2013673    0.19%
Elapsed time = 1142.39 sec. (1052027.33 ticks, tree = 294.27 MB, solutions = 2)
  40073 13233      753.2737   197      752.2043      753.5976  2021526    0.19%
  40274 13390      752.5517   209      752.2043      753.5966  2028667    0.19%
  40434 13476      753.4648   154      752.2043      753.5960  2036052    0.19%
  40589 13566      753.2481   259      752.2043      753.5950  2045367    0.18%
  40778 13679      752.3447   137      752.2043      753.5946  2054075    0.18%
  40976 13783      752.2397   119      752.2043      753.5942  2062358    0.18%
  41146 13885      752.4397   191      752.2043      753.5924  2070621    0.18%
  41354 14012        cutoff            752.2043      753.5920  2078520    0.18%
  41587 14139      752.2554   226      752.2043      753.5912  2088047    0.18%
  41781 14230      752.3574   173      752.2043      753.5904  2097102    0.18%
Elapsed time = 1184.45 sec. (1090688.15 ticks, tree = 312.39 MB, solutions = 2)
  42076 14412        cutoff            752.2043      753.5902  2105889    0.18%
  42270 14533      752.3455   147      752.2043      753.5898  2114902    0.18%
  42495 14721      752.6222   218      752.2043      753.5894  2123927    0.18%
  42682 14829      753.4500   209      752.2043      753.5885  2133615    0.18%
  42865 14934      752.6615   241      752.2043      753.5876  2142440    0.18%
  43065 15058        cutoff            752.2043      753.5867  2151866    0.18%
  43272 15171      752.4556   204      752.2043      753.5857  2159185    0.18%
  43466 15296      752.2892   130      752.2043      753.5854  2166980    0.18%
  43667 15452      752.6644    83      752.2043      753.5851  2173402    0.18%
  43822 15547        cutoff            752.2043      753.5848  2183062    0.18%
Elapsed time = 1227.89 sec. (1129122.34 ticks, tree = 341.15 MB, solutions = 2)
  43999 15649      752.3611   115      752.2043      753.5838  2189912    0.18%
  44148 15728      752.6787   206      752.2043      753.5837  2197410    0.18%
  44337 15824        cutoff            752.2043      753.5833  2204353    0.18%
  44482 15885      752.4362   173      752.2043      753.5821  2211203    0.18%
  44714 16074      752.2087   141      752.2043      753.5811  2219472    0.18%
  44874 16171      752.3997   226      752.2043      753.5806  2227894    0.18%
  45114 16318      753.1557   193      752.2043      753.5787  2236663    0.18%
  45305 16424      753.1458   261      752.2043      753.5778  2244236    0.18%
  45495 16552      752.9663   210      752.2043      753.5775  2253656    0.18%
  45740 16724      752.2785   157      752.2043      753.5766  2262794    0.18%
Elapsed time = 1270.24 sec. (1167579.10 ticks, tree = 365.81 MB, solutions = 2)
  45922 16815      752.2131   108      752.2043      753.5757  2271005    0.18%
  46099 16917      752.6348   186      752.2043      753.5753  2280398    0.18%
  46285 17041      752.4753   234      752.2043      753.5746  2290050    0.18%
  46477 17143      752.4345   191      752.2043      753.5738  2300162    0.18%
  46658 17256      753.5735   149      752.2043      753.5736  2309685    0.18%
  46887 17383      752.7237   275      752.2043      753.5734  2318169    0.18%
  47069 17482      753.5308   213      752.2043      753.5732  2328084    0.18%
  47254 17590      752.2233    77      752.2043      753.5732  2336766    0.18%
  47452 17711      752.5223   215      752.2043      753.5724  2345372    0.18%
  47684 17854      752.4574   188      752.2043      753.5719  2353592    0.18%
Elapsed time = 1312.62 sec. (1205861.64 ticks, tree = 390.26 MB, solutions = 2)
  47912 18030      752.3533    76      752.2043      753.5714  2361409    0.18%
  48090 18129      752.2489   121      752.2043      753.5711  2368531    0.18%
  48267 18223      752.2981   172      752.2043      753.5708  2376779    0.18%
  48478 18324      753.4584   248      752.2043      753.5704  2383966    0.18%
  48635 18409      752.9323   180      752.2043      753.5701  2391540    0.18%
  48788 18474      752.6827   251      752.2043      753.5693  2398569    0.18%
  49049 18694      752.2504    21      752.2043      753.5693  2406419    0.18%
  49204 18771      752.2917   194      752.2043      753.5689  2412836    0.18%
  49396 18895      752.6619   200      752.2043      753.5688  2421316    0.18%
  49556 18985      752.5720   204      752.2043      753.5684  2429321    0.18%
Elapsed time = 1355.22 sec. (1244241.65 ticks, tree = 411.03 MB, solutions = 2)
  49725 19085      752.3197   128      752.2043      753.5683  2437536    0.18%
  49906 19191      752.3200   247      752.2043      753.5672  2446226    0.18%
  50115 19304      752.7182   244      752.2043      753.5669  2455287    0.18%
  50301 19436      752.2849   221      752.2043      753.5665  2464074    0.18%
  50492 19533      753.0678   228      752.2043      753.5658  2471800    0.18%
  50668 19634      752.3623   187      752.2043      753.5654  2482019    0.18%
  50861 19753      752.4712   160      752.2043      753.5652  2490603    0.18%
  51075 19879      753.5538   264      752.2043      753.5638  2499884    0.18%
  51321 20071        cutoff            752.2043      753.5632  2508934    0.18%
  51582 20220      752.7590   138      752.2043      753.5618  2517615    0.18%
Elapsed time = 1399.08 sec. (1282602.48 ticks, tree = 438.46 MB, solutions = 2)
  51787 20342      752.6363   237      752.2043      753.5608  2526695    0.18%
  52007 20460      752.2712   139      752.2043      753.5602  2535399    0.18%
  52259 20611      753.1410   202      752.2043      753.5595  2544185    0.18%
  52461 20759      752.5847   192      752.2043      753.5589  2553715    0.18%
  52659 20882      752.3006   118      752.2043      753.5576  2563803    0.18%
  52802 20968      752.2100   126      752.2043      753.5571  2570504    0.18%
  53048 21092      752.2542   119      752.2043      753.5561  2578001    0.18%
  53206 21177        cutoff            752.2043      753.5554  2584904    0.18%
  53462 21371      752.2930   204      752.2043      753.5546  2592805    0.18%
  53690 21512      752.3122   120      752.2043      753.5542  2599637    0.18%
Elapsed time = 1443.32 sec. (1321120.84 ticks, tree = 471.86 MB, solutions = 2)
  53850 21599      752.3516   187      752.2043      753.5532  2607796    0.18%
  54041 21710      752.4195   166      752.2043      753.5527  2615396    0.18%
  54178 21801      752.9663   207      752.2043      753.5521  2623337    0.18%
  54350 21904      752.2388   133      752.2043      753.5521  2631779    0.18%
  54555 22049      752.5704   134      752.2043      753.5519  2638976    0.18%
  54810 22207      752.4300   143      752.2043      753.5516  2647814    0.18%
  55020 22342      752.2348   108      752.2043      753.5508  2656918    0.18%
  55182 22437      752.5979   188      752.2043      753.5498  2665354    0.18%
  55402 22579      753.2333   239      752.2043      753.5494  2674793    0.18%
  55698 22770      752.4252    73      752.2043      753.5488  2683939    0.18%
Elapsed time = 1487.38 sec. (1359721.58 ticks, tree = 502.97 MB, solutions = 2)
  55875 22884      752.2113   129      752.2043      753.5487  2692798    0.18%
  56065 22991      753.2514   205      752.2043      753.5484  2702579    0.18%
  56273 23106      752.5143   148      752.2043      753.5482  2710593    0.18%
  56487 23257      752.3242   160      752.2043      753.5479  2720419    0.18%
  56729 23408      752.3287   156      752.2043      753.5475  2729615    0.18%
  56941 23540      752.2650   132      752.2043      753.5474  2738116    0.18%
  57169 23654      752.7276   153      752.2043      753.5470  2746259    0.18%
  57394 23820        cutoff            752.2043      753.5469  2755603    0.18%
  57603 23933      753.0743   228      752.2043      753.5461  2764665    0.18%
  57789 24022      752.4104   200      752.2043      753.5459  2773703    0.18%
Elapsed time = 1531.36 sec. (1398276.64 ticks, tree = 534.10 MB, solutions = 2)
  58047 24182      752.2298   122      752.2043      753.5456  2782714    0.18%
  58287 24325      752.2121   146      752.2043      753.5451  2791685    0.18%
  58490 24444      752.3249   145      752.2043      753.5448  2800619    0.18%
  58655 24550      752.6006   168      752.2043      753.5439  2809038    0.18%
  58853 24643      753.4914   228      752.2043      753.5436  2815803    0.18%
  59103 24819      752.2498    48      752.2043      753.5434  2824547    0.18%
  59249 24897        cutoff            752.2043      753.5433  2832509    0.18%
  59443 25008      753.4137   186      752.2043      753.5431  2840019    0.18%
  59593 25089        cutoff            752.2043      753.5429  2847399    0.18%
  59702 25147      752.2153   220      752.2043      753.5427  2854529    0.18%
Elapsed time = 1576.15 sec. (1436666.03 ticks, tree = 566.17 MB, solutions = 2)
  59914 25254      752.9219   226      752.2043      753.5422  2863562    0.18%
  60100 25371      752.3335   211      752.2043      753.5418  2870757    0.18%
  60315 25503      752.9593   264      752.2043      753.5414  2878566    0.18%
  60472 25581      753.1690   219      752.2043      753.5411  2886072    0.18%
  60668 25701      752.8360   247      752.2043      753.5407  2893582    0.18%
  60853 25794      752.7206   213      752.2043      753.5406  2901699    0.18%
  61061 25897      753.5257   172      752.2043      753.5405  2909138    0.18%
  61303 26089      752.4671   136      752.2043      753.5403  2916703    0.18%
  61474 26176      752.2070   212      752.2043      753.5397  2925666    0.18%
  61699 26304      752.4334   181      752.2043      753.5393  2934422    0.18%
Elapsed time = 1619.91 sec. (1475278.02 ticks, tree = 600.85 MB, solutions = 2)
  61879 26405      752.5109   117      752.2043      753.5392  2943557    0.18%
  62122 26548      752.6569   201      752.2043      753.5388  2951983    0.18%
  62321 26701      752.9082    91      752.2043      753.5387  2960497    0.18%
  62591 26869      752.2078   117      752.2043      753.5384  2969343    0.18%
  62799 27001      752.2425   260      752.2043      753.5380  2978062    0.18%
  63022 27103      753.2115   223      752.2043      753.5377  2986954    0.18%
  63221 27207      752.2357   114      752.2043      753.5375  2996396    0.18%
  63402 27298      753.3157   158      752.2043      753.5370  3005718    0.18%
  63617 27434      753.0084   210      752.2043      753.5367  3015309    0.18%
  63859 27568      752.3204   172      752.2043      753.5365  3023951    0.18%
Elapsed time = 1664.05 sec. (1513650.20 ticks, tree = 628.34 MB, solutions = 2)
  64022 27676      752.8226   256      752.2043      753.5357  3032529    0.18%
  64184 27780      752.3582   226      752.2043      753.5355  3042441    0.18%
  64394 27916      753.5229   201      752.2043      753.5350  3050099    0.18%
  64658 28117      752.6801   167      752.2043      753.5350  3058762    0.18%
  64867 28240      752.7677   231      752.2043      753.5342  3067966    0.18%
  65051 28334      752.3345   164      752.2043      753.5331  3076793    0.18%
  65245 28456      752.2795    91      752.2043      753.5326  3086011    0.18%
  65475 28633      752.6808   174      752.2043      753.5325  3093992    0.18%
  65656 28757      752.4920   230      752.2043      753.5325  3102200    0.18%
  65820 28852      753.0228   211      752.2043      753.5325  3109282    0.18%
Elapsed time = 1708.20 sec. (1552163.11 ticks, tree = 655.22 MB, solutions = 2)
  66008 28969      752.2314   152      752.2043      753.5325  3119281    0.18%
  66174 29062      753.1233   240      752.2043      753.5325  3128756    0.18%
  66337 29167      753.0496   243      752.2043      753.5325  3136691    0.18%
  66500 29274      752.2493   191      752.2043      753.5325  3145619    0.18%
  66701 29412      752.2167    56      752.2043      753.5322  3153352    0.18%
  66891 29516      752.6679   162      752.2043      753.5318  3160283    0.18%
  67072 29623      752.2559   126      752.2043      753.5316  3169203    0.18%
  67235 29711      752.7320   180      752.2043      753.5311  3176689    0.18%
  67420 29815      753.5274   201      752.2043      753.5306  3184968    0.18%
  67643 29937      752.6685   211      752.2043      753.5302  3193138    0.18%
Elapsed time = 1751.80 sec. (1591292.84 ticks, tree = 676.29 MB, solutions = 2)
  67844 30091      752.9560   131      752.2043      753.5299  3201631    0.18%
  68075 30243      753.1000   186      752.2043      753.5295  3210700    0.18%
  68302 30404      752.2674    87      752.2043      753.5294  3219816    0.18%
  68456 30497      752.2604   132      752.2043      753.5291  3227454    0.18%
  68681 30619      753.1386   196      752.2043      753.5287  3235761    0.18%
  68876 30753      752.3124   138      752.2043      753.5285  3244782    0.18%
  69054 30866      752.4158   165      752.2043      753.5283  3254328    0.18%
  69219 30967      752.8052   173      752.2043      753.5279  3263712    0.18%
  69423 31093      752.4683   124      752.2043      753.5275  3273357    0.18%
  69654 31222        cutoff            752.2043      753.5272  3282830    0.18%
Elapsed time = 1795.62 sec. (1629669.82 ticks, tree = 707.67 MB, solutions = 2)
  69876 31350      752.3818   120      752.2043      753.5269  3291447    0.18%
  70068 31488      753.1911   183      752.2043      753.5267  3298738    0.18%
  70194 31554      753.5021   182      752.2043      753.5265  3305116    0.18%
  70321 31612      752.2179   122      752.2043      753.5264  3311271    0.18%
  70457 31673      753.4397   164      752.2043      753.5260  3316305    0.18%
  70612 31751      752.3386   129      752.2043      753.5253  3322809    0.18%
  70755 31824        cutoff            752.2043      753.5249  3328717    0.18%
  70936 31933      752.7700   132      752.2043      753.5246  3334677    0.18%
  71122 32037      752.4069   164      752.2043      753.5245  3343664    0.18%
  71268 32114      752.2204   154      752.2043      753.5244  3351087    0.18%
Elapsed time = 1837.51 sec. (1668529.49 ticks, tree = 720.34 MB, solutions = 2)
  71435 32196      752.3509   141      752.2043      753.5243  3358578    0.18%
  71613 32306      752.8002   183      752.2043      753.5239  3365938    0.18%
  71762 32385      752.2698   216      752.2043      753.5236  3374549    0.18%
  71923 32474      752.2409   159      752.2043      753.5236  3383076    0.18%
  72074 32552      753.0910   236      752.2043      753.5234  3390567    0.18%
  72295 32719      752.8196   232      752.2043      753.5233  3399701    0.18%
  72522 32855      752.5336   195      752.2043      753.5232  3408563    0.18%
  72707 32960      752.2884   116      752.2043      753.5231  3417998    0.18%
  72871 33054        cutoff            752.2043      753.5229  3427210    0.18%
  73049 33138      752.5726   219      752.2043      753.5225  3435324    0.18%
Elapsed time = 1879.88 sec. (1707145.95 ticks, tree = 742.98 MB, solutions = 2)
  73263 33297      752.3576    56      752.2043      753.5220  3443155    0.18%
  73451 33412      752.6254   199      752.2043      753.5215  3452233    0.18%
  73622 33489      752.2819   148      752.2043      753.5215  3460212    0.18%
  73791 33578      752.3475   122      752.2043      753.5213  3469313    0.18%
  73982 33686      752.2854   148      752.2043      753.5209  3477759    0.18%
  74175 33794      752.2675   205      752.2043      753.5203  3486614    0.17%
  74361 33898      752.2246   162      752.2043      753.5202  3495189    0.17%
  74523 33983      753.1530   216      752.2043      753.5196  3502818    0.17%
  74705 34071      752.5068   175      752.2043      753.5192  3510507    0.17%
  74884 34187      752.3934   109      752.2043      753.5190  3520439    0.17%
Elapsed time = 1922.51 sec. (1745734.62 ticks, tree = 764.24 MB, solutions = 2)
  75075 34304      752.3922   190      752.2043      753.5188  3528922    0.17%
  75267 34428      752.8642   213      752.2043      753.5185  3536745    0.17%
  75430 34534        cutoff            752.2043      753.5179  3544778    0.17%
  75592 34623      752.8921   202      752.2043      753.5177  3552215    0.17%
  75760 34719      752.2085   189      752.2043      753.5174  3559440    0.17%
  75926 34811      752.2430   125      752.2043      753.5172  3567969    0.17%
  76073 34888      752.2397   168      752.2043      753.5165  3575170    0.17%
  76267 35000      752.5031   217      752.2043      753.5161  3583474    0.17%
  76441 35097      752.6602   276      752.2043      753.5159  3591513    0.17%
  76626 35222      752.6416   208      752.2043      753.5157  3599001    0.17%
Elapsed time = 1965.37 sec. (1784813.39 ticks, tree = 788.61 MB, solutions = 2)
  76804 35311      752.4184   244      752.2043      753.5154  3606197    0.17%
  76969 35408      752.3029   216      752.2043      753.5154  3614318    0.17%
  77155 35529      753.1194   263      752.2043      753.5147  3622466    0.17%
  77328 35626      752.3009   185      752.2043      753.5146  3630958    0.17%
  77562 35770      752.4018    63      752.2043      753.5143  3638342    0.17%
  77764 35874      752.3657   143      752.2043      753.5139  3646745    0.17%
  78010 36027      753.0321   252      752.2043      753.5135  3655289    0.17%
  78240 36140        cutoff            752.2043      753.5129  3663239    0.17%
  78429 36225      752.7314   220      752.2043      753.5124  3671661    0.17%
  78616 36339      752.8208   153      752.2043      753.5119  3680014    0.17%
Elapsed time = 2008.71 sec. (1823334.73 ticks, tree = 813.83 MB, solutions = 2)
  78852 36497      752.3694    75      752.2043      753.5118  3688034    0.17%
  79076 36632      752.4762   137      752.2043      753.5108  3697119    0.17%
  79244 36710      752.3247   158      752.2043      753.5102  3705572    0.17%
  79449 36829      752.4646   142      752.2043      753.5098  3713884    0.17%
  79646 36947      752.2114   213      752.2043      753.5094  3722913    0.17%
  79782 37024      752.2188   153      752.2043      753.5089  3732346    0.17%
  79972 37146      753.2957   238      752.2043      753.5084  3742127    0.17%
  80142 37263      752.3134   123      752.2043      753.5084  3751071    0.17%
  80342 37370      753.3843   222      752.2043      753.5079  3759767    0.17%
  80615 37524      752.3810   131      752.2043      753.5070  3767965    0.17%
Elapsed time = 2052.19 sec. (1861675.27 ticks, tree = 840.60 MB, solutions = 2)
  80834 37662      752.4002   131      752.2043      753.5067  3775800    0.17%
  81082 37806        cutoff            752.2043      753.5065  3784676    0.17%
  81228 37883        cutoff            752.2043      753.5065  3792043    0.17%
  81418 38016      753.1179   182      752.2043      753.5062  3800592    0.17%
  81592 38143      752.4779   193      752.2043      753.5061  3809640    0.17%
  81837 38290      752.4961   162      752.2043      753.5060  3819028    0.17%
  81982 38359      752.2598   201      752.2043      753.5057  3827795    0.17%
  82171 38465      752.9104   226      752.2043      753.5053  3836769    0.17%
  82300 38546      752.4168   166      752.2043      753.5053  3843678    0.17%
  82472 38641      752.7185   223      752.2043      753.5051  3852809    0.17%
Elapsed time = 2095.40 sec. (1900177.98 ticks, tree = 858.77 MB, solutions = 2)
  82690 38788      752.9114   123      752.2043      753.5046  3859639    0.17%
  82882 38922      752.3316   217      752.2043      753.5041  3868045    0.17%
  83066 39035      752.3439   144      752.2043      753.5041  3875108    0.17%
  83239 39118      752.4790   166      752.2043      753.5037  3883331    0.17%
  83414 39207      752.4782   150      752.2043      753.5033  3891360    0.17%
  83608 39337      752.2615   140      752.2043      753.5031  3898680    0.17%
  83822 39487      752.9307   127      752.2043      753.5029  3906361    0.17%
  84018 39612      752.5951   179      752.2043      753.5027  3914650    0.17%
  84248 39736      753.4894   241      752.2043      753.5023  3922955    0.17%
  84357 39787      752.6509   248      752.2043      753.5022  3930316    0.17%
Elapsed time = 2138.76 sec. (1938514.17 ticks, tree = 890.45 MB, solutions = 2)
  84526 39901      752.2931   154      752.2043      753.5022  3937646    0.17%
  84651 39963      752.2049   155      752.2043      753.5021  3945159    0.17%
  84858 40109      752.2227   108      752.2043      753.5020  3953661    0.17%
  85022 40227      752.7259    64      752.2043      753.5018  3961293    0.17%
  85224 40339        cutoff            752.2043      753.5012  3969009    0.17%
  85371 40407      752.4142   179      752.2043      753.5010  3976137    0.17%
  85563 40519      752.2766   180      752.2043      753.5006  3985645    0.17%
  85741 40605      752.3939   181      752.2043      753.5005  3995226    0.17%
  85959 40710      752.4409   182      752.2043      753.5000  4003215    0.17%
  86145 40828      752.5409   187      752.2043      753.4998  4011353    0.17%
Elapsed time = 2180.94 sec. (1976860.75 ticks, tree = 912.59 MB, solutions = 2)
  86342 40943      752.2066   210      752.2043      753.4995  4019948    0.17%
  86507 41023      752.3836   129      752.2043      753.4993  4027453    0.17%
  86737 41165      752.4855   202      752.2043      753.4991  4035348    0.17%
  86908 41254      752.2729   135      752.2043      753.4990  4044487    0.17%
  87130 41384      752.9898   186      752.2043      753.4989  4052136    0.17%
  87302 41511      752.4616   209      752.2043      753.4988  4061303    0.17%
  87510 41635      752.5076   259      752.2043      753.4986  4070899    0.17%
  87671 41724      752.5554   169      752.2043      753.4985  4079652    0.17%
  87890 41845      752.4168   224      752.2043      753.4982  4088125    0.17%
  88090 41951      752.2060   134      752.2043      753.4980  4095949    0.17%
Elapsed time = 2229.80 sec. (2015183.04 ticks, tree = 932.75 MB, solutions = 2)
  88370 42112      752.6198   240      752.2043      753.4977  4104281    0.17%
  88589 42274      753.2900   217      752.2043      753.4973  4112794    0.17%
  88792 42398      752.4233   128      752.2043      753.4972  4121675    0.17%
  89029 42542      753.0965   228      752.2043      753.4966  4130408    0.17%
  89235 42662      752.2191   134      752.2043      753.4964  4138596    0.17%
  89425 42780      753.4108   205      752.2043      753.4959  4147304    0.17%
  89627 42897      752.4235   178      752.2043      753.4957  4155598    0.17%
  89888 43089      752.5483   239      752.2043      753.4955  4163813    0.17%
  90112 43208      752.7544   252      752.2043      753.4954  4171985    0.17%
  90336 43308      752.4895   272      752.2043      753.4952  4180466    0.17%
Elapsed time = 2274.50 sec. (2053548.34 ticks, tree = 972.23 MB, solutions = 2)
  90449 43383      752.3391   172      752.2043      753.4951  4186011    0.17%
  90607 43479      752.9774   234      752.2043      753.4949  4195818    0.17%
  90759 43573      752.2596   130      752.2043      753.4949  4202855    0.17%
  91021 43761      753.1242   214      752.2043      753.4944  4212141    0.17%
  91165 43845      752.2657   226      752.2043      753.4941  4218391    0.17%
  91357 43958      752.2327    79      752.2043      753.4940  4227525    0.17%
  91569 44067      752.4768   186      752.2043      753.4937  4236456    0.17%
  91744 44178      752.9341   246      752.2043      753.4932  4243990    0.17%
  91971 44290      752.4101   129      752.2043      753.4932  4250759    0.17%
  92162 44403      752.8143   202      752.2043      753.4932  4257950    0.17%
Elapsed time = 2318.04 sec. (2092521.09 ticks, tree = 997.61 MB, solutions = 2)
  92303 44480      752.5086   212      752.2043      753.4930  4265187    0.17%
  92470 44573      752.4478   169      752.2043      753.4928  4273130    0.17%
  92652 44660      752.7977   196      752.2043      753.4924  4282101    0.17%
  92815 44752      752.5456   244      752.2043      753.4922  4290598    0.17%
  92967 44835      752.6671   194      752.2043      753.4919  4298930    0.17%
  93182 44950      753.4526   268      752.2043      753.4915  4306300    0.17%
  93431 45154      752.3774   141      752.2043      753.4914  4313693    0.17%
  93651 45284      752.2500   124      752.2043      753.4911  4322359    0.17%
  93863 45395      752.4650   144      752.2043      753.4908  4329764    0.17%
  94079 45513      752.5797   163      752.2043      753.4904  4338547    0.17%
Elapsed time = 2361.76 sec. (2131206.54 ticks, tree = 1017.94 MB, solutions = 2)
  94271 45613      752.2286   206      752.2043      753.4901  4347585    0.17%
  94473 45750      752.3843   144      752.2043      753.4899  4356785    0.17%
  94649 45852      752.5760   189      752.2043      753.4899  4366468    0.17%
  94875 45991      753.2928   238      752.2043      753.4898  4374896    0.17%
  95055 46089      752.4372   180      752.2043      753.4896  4384133    0.17%
  95281 46222      752.5527   219      752.2043      753.4890  4392681    0.17%
  95449 46318      752.4800   229      752.2043      753.4887  4401943    0.17%
  95665 46490      752.2491   121      752.2043      753.4884  4411085    0.17%
  95876 46591      752.5502   193      752.2043      753.4880  4419820    0.17%
  96053 46696      752.3745   158      752.2043      753.4878  4428530    0.17%
Elapsed time = 2405.61 sec. (2169726.20 ticks, tree = 1040.37 MB, solutions = 2)
  96257 46823      752.2401   139      752.2043      753.4877  4438028    0.17%
  96389 46902      752.2095   159      752.2043      753.4874  4446957    0.17%
  96621 47060        cutoff            752.2043      753.4872  4456086    0.17%
  96787 47155      752.7615   235      752.2043      753.4871  4465595    0.17%
  96964 47283      752.3631   147      752.2043      753.4867  4474471    0.17%
  97169 47396      752.2896   113      752.2043      753.4864  4483560    0.17%
  97369 47514      752.6820   163      752.2043      753.4858  4494571    0.17%
  97553 47634      752.3818   205      752.2043      753.4857  4503895    0.17%
  97734 47746      752.4443   146      752.2043      753.4853  4513082    0.17%
  97951 47885      752.2240   110      752.2043      753.4853  4521763    0.17%
Elapsed time = 2448.67 sec. (2208138.27 ticks, tree = 1053.71 MB, solutions = 2)
  98164 48019      752.7047   204      752.2043      753.4852  4529869    0.17%
  98341 48111      752.5789   252      752.2043      753.4848  4538334    0.17%
  98440 48144      752.4744   254      752.2043      753.4848  4544167    0.17%
  98619 48262      752.5433   201      752.2043      753.4846  4552915    0.17%
  98782 48351      753.4670   215      752.2043      753.4839  4561554    0.17%
  98927 48427      752.2365   214      752.2043      753.4835  4569417    0.17%
  99100 48530      752.3516   194      752.2043      753.4833  4577145    0.17%
  99301 48653        cutoff            752.2043      753.4832  4585156    0.17%
  99492 48756      752.2748   125      752.2043      753.4830  4594607    0.17%
  99644 48831      753.4828   189      752.2043      753.4827  4603369    0.17%
Elapsed time = 2492.01 sec. (2247558.04 ticks, tree = 1066.86 MB, solutions = 2)
  99832 48956      752.3262   102      752.2043      753.4825  4611376    0.17%
  99982 49033      752.4859   164      752.2043      753.4824  4619538    0.17%
 100181 49183      752.2594   185      752.2043      753.4821  4627936    0.17%
 100419 49307      752.2485   141      752.2043      753.4821  4635109    0.17%
 100605 49412      752.3428   133      752.2043      753.4819  4641884    0.17%
 100776 49518      752.6767   110      752.2043      753.4816  4650466    0.17%
 100971 49652      752.3650   190      752.2043      753.4813  4659966    0.17%
 101172 49764      752.3091   173      752.2043      753.4812  4668493    0.17%
 101388 49915      752.9842   256      752.2043      753.4808  4677056    0.17%
 101562 50007      752.3447   171      752.2043      753.4807  4685836    0.17%
Elapsed time = 2536.07 sec. (2286330.22 ticks, tree = 1090.45 MB, solutions = 2)
 101724 50097      752.7748   193      752.2043      753.4804  4695742    0.17%
 101904 50199      753.0946   234      752.2043      753.4803  4704814    0.17%
 102104 50302        cutoff            752.2043      753.4800  4714740    0.17%
 102268 50397      752.2249   166      752.2043      753.4798  4723933    0.17%
 102538 50597      753.1142   251      752.2043      753.4794  4733543    0.17%
 102781 50747      752.7199   186      752.2043      753.4793  4741318    0.17%
 103017 50890      752.5600   244      752.2043      753.4786  4750479    0.17%
 103196 50992      753.1665   290      752.2043      753.4781  4759258    0.17%
 103402 51082      752.5525   213      752.2043      753.4779  4767137    0.17%
 103617 51230      752.2752   124      752.2043      753.4778  4776033    0.17%
Elapsed time = 2580.35 sec. (2324827.99 ticks, tree = 1114.62 MB, solutions = 2)
 103794 51346      752.7340   242      752.2043      753.4773  4785317    0.17%
 103997 51458      752.3533   169      752.2043      753.4772  4794062    0.17%
 104232 51578      753.2406   227      752.2043      753.4766  4802764    0.17%
 104396 51684      752.4004   181      752.2043      753.4765  4810272    0.17%
 104608 51805      752.2724   130      752.2043      753.4763  4819412    0.17%
 104819 51981      753.1274   301      752.2043      753.4761  4827094    0.17%
 104985 52084      752.2464   125      752.2043      753.4760  4835843    0.17%
 105184 52198      752.2967   216      752.2043      753.4756  4844105    0.17%
 105383 52295      752.2183   208      752.2043      753.4753  4852555    0.17%
 105612 52418      752.2360   148      752.2043      753.4751  4861620    0.17%
Elapsed time = 2623.69 sec. (2363174.68 ticks, tree = 1147.13 MB, solutions = 2)
 105808 52547      752.6497   108      752.2043      753.4748  4870102    0.17%
 105976 52657      752.2743   130      752.2043      753.4744  4877799    0.17%
 106163 52763      752.3315   119      752.2043      753.4736  4885698    0.17%
 106357 52862      752.4364   241      752.2043      753.4734  4894802    0.17%
 106572 52953      752.8910   209      752.2043      753.4732  4901506    0.17%
 106731 53052      752.5658   239      752.2043      753.4732  4908365    0.17%
 106934 53175      753.2440   156      752.2043      753.4729  4916760    0.17%
 107179 53367      752.9091   244      752.2043      753.4727  4925777    0.17%
 107395 53478      753.0770   172      752.2043      753.4724  4933280    0.17%
 107582 53585      753.4428   206      752.2043      753.4722  4941624    0.17%
Elapsed time = 2666.94 sec. (2401737.55 ticks, tree = 1175.66 MB, solutions = 2)
 107744 53698      752.3411   166      752.2043      753.4719  4949839    0.17%
 107958 53822      752.2099   121      752.2043      753.4718  4957999    0.17%
 108096 53906      752.4674   136      752.2043      753.4717  4965305    0.17%
 108263 53989      753.0322   235      752.2043      753.4714  4973569    0.17%
 108413 54050      753.4476   273      752.2043      753.4712  4981641    0.17%
 108593 54138        cutoff            752.2043      753.4711  4989204    0.17%
 108797 54252      752.3222   139      752.2043      753.4709  4997745    0.17%
 108952 54325      752.5679   182      752.2043      753.4705  5006252    0.17%
 109134 54429        cutoff            752.2043      753.4704  5014701    0.17%
 109324 54526      752.4180   164      752.2043      753.4703  5022890    0.17%
Elapsed time = 2709.03 sec. (2440257.02 ticks, tree = 1194.34 MB, solutions = 2)
 109494 54632      752.7467   197      752.2043      753.4700  5030941    0.17%
 109705 54758      752.3905   152      752.2043      753.4697  5038887    0.17%
 109917 54861      752.2747   144      752.2043      753.4696  5048555    0.17%
 110142 55013      752.4948   137      752.2043      753.4693  5057238    0.17%
 110349 55103      752.6589   195      752.2043      753.4693  5066426    0.17%
 110558 55217      753.4502   208      752.2043      753.4690  5074602    0.17%
 110742 55332      752.8160   159      752.2043      753.4685  5084036    0.17%
 110982 55466      752.5449   223      752.2043      753.4684  5092361    0.17%
 111170 55565      752.2082   144      752.2043      753.4683  5101233    0.17%
 111370 55708      752.2178   213      752.2043      753.4681  5108667    0.17%
Elapsed time = 2751.99 sec. (2478542.10 ticks, tree = 1220.94 MB, solutions = 2)
 111587 55827      752.2634   155      752.2043      753.4678  5116739    0.17%
 111782 55929      752.7956   230      752.2043      753.4673  5126304    0.17%
 111972 56045      753.1548   207      752.2043      753.4671  5136123    0.17%
 112157 56153      752.3461   211      752.2043      753.4671  5144995    0.17%
 112444 56349      752.4498   154      752.2043      753.4669  5153918    0.17%
 112632 56458      752.2901   236      752.2043      753.4668  5163333    0.17%
 112841 56557      752.7686   207      752.2043      753.4664  5172849    0.17%
 112998 56657      753.3480   192      752.2043      753.4662  5181690    0.17%
 113222 56794      752.5262   219      752.2043      753.4659  5190482    0.17%
 113418 56913      753.3568   188      752.2043      753.4657  5200218    0.17%
Elapsed time = 2795.47 sec. (2517122.59 ticks, tree = 1245.90 MB, solutions = 2)
 113660 57121      752.2311   137      752.2043      753.4657  5208705    0.17%
 113827 57215      752.2612   130      752.2043      753.4655  5217849    0.17%
 114083 57356      753.2930   287      752.2043      753.4651  5226629    0.17%
 114270 57456      752.3830   158      752.2043      753.4650  5235556    0.17%
 114441 57555      752.3940   166      752.2043      753.4647  5244148    0.17%
 114641 57687      752.3513   140      752.2043      753.4642  5253109    0.17%
 114734 57749      752.2535   298      752.2043      753.4640  5258874    0.17%
 114961 57866      752.2429   194      752.2043      753.4637  5267343    0.17%
 115154 57965      752.2834   137      752.2043      753.4635  5275340    0.17%
 115322 58077      752.3636   155      752.2043      753.4634  5282660    0.17%
Elapsed time = 2838.36 sec. (2555634.99 ticks, tree = 1270.40 MB, solutions = 2)
 115476 58157      752.4572   135      752.2043      753.4630  5292418    0.17%
 115678 58281      752.6992   175      752.2043      753.4630  5300499    0.17%
 115847 58387      752.7751   199      752.2043      753.4629  5307550    0.17%
 116030 58479      752.3143   157      752.2043      753.4626  5316009    0.17%
 116220 58581      752.8263   155      752.2043      753.4624  5323332    0.17%
 116439 58682      752.7839   263      752.2043      753.4623  5332336    0.17%
 116612 58757      753.0629   260      752.2043      753.4621  5340474    0.17%
 116810 58923      752.7642   221      752.2043      753.4620  5347948    0.17%
 116989 59037      752.4178   157      752.2043      753.4616  5355717    0.17%
 117136 59110      752.2907   161      752.2043      753.4614  5363790    0.17%
Elapsed time = 2881.15 sec. (2594433.34 ticks, tree = 1298.12 MB, solutions = 2)
 117301 59190      753.4512   148      752.2043      753.4611  5371329    0.17%
 117447 59276      752.3321   170      752.2043      753.4610  5379940    0.17%
 117623 59376      752.3600   201      752.2043      753.4609  5388552    0.17%
 117842 59547      752.4477    54      752.2043      753.4608  5396467    0.17%
 118028 59640      752.2064   154      752.2043      753.4606  5404371    0.17%
 118196 59732      752.4649   140      752.2043      753.4605  5413191    0.17%
 118388 59833      752.3031   139      752.2043      753.4604  5421519    0.17%
 118611 59947        cutoff            752.2043      753.4600  5429770    0.17%
 118825 60050      752.4160   222      752.2043      753.4597  5438065    0.17%
 119019 60162      753.2705   271      752.2043      753.4596  5447339    0.17%
Elapsed time = 2923.77 sec. (2632719.27 ticks, tree = 1322.42 MB, solutions = 2)
 119215 60343      752.4062   214      752.2043      753.4594  5455232    0.17%
 119442 60474      752.4676   246      752.2043      753.4590  5464067    0.17%
 119637 60595      752.7765   191      752.2043      753.4590  5471506    0.17%
 119834 60698      753.1796   185      752.2043      753.4587  5481445    0.17%
 119982 60797      752.5417   205      752.2043      753.4587  5491059    0.17%
 120183 60923      752.3007   212      752.2043      753.4586  5500143    0.17%
 120352 61011      752.2307   220      752.2043      753.4584  5509129    0.17%
 120532 61115      752.2280   122      752.2043      753.4584  5518580    0.17%
 120751 61265      752.4107   175      752.2043      753.4578  5527874    0.17%
 121000 61411      752.3452   106      752.2043      753.4574  5537094    0.17%
Elapsed time = 2967.10 sec. (2671253.43 ticks, tree = 1354.06 MB, solutions = 2)
 121233 61535      752.3287   120      752.2043      753.4573  5545433    0.17%
 121474 61715      752.8615   127      752.2043      753.4571  5554687    0.17%
 121710 61861      752.2416    94      752.2043      753.4570  5563011    0.17%
 121911 61981      752.3695   140      752.2043      753.4564  5572681    0.17%
 122102 62083      752.4455   156      752.2043      753.4561  5581575    0.17%
 122348 62186      752.5745   286      752.2043      753.4559  5589636    0.17%
 122552 62326      752.6874   194      752.2043      753.4557  5598205    0.17%
 122817 62468      752.3279   143      752.2043      753.4554  5606430    0.17%
 123052 62611      752.3474   174      752.2043      753.4553  5615306    0.17%
 123289 62739      752.2737   234      752.2043      753.4551  5623839    0.17%
Elapsed time = 3011.56 sec. (2709614.32 ticks, tree = 1396.49 MB, solutions = 2)
 123522 62870      752.9018   207      752.2043      753.4547  5632757    0.17%
 123701 62951      752.4249   124      752.2043      753.4545  5641054    0.17%
 123851 63036      752.4201   127      752.2043      753.4544  5650005    0.17%
 124017 63130      752.2428   156      752.2043      753.4543  5657518    0.17%
 124195 63226      752.4598   171      752.2043      753.4541  5666405    0.17%
 124446 63353      752.3808   149      752.2043      753.4538  5674864    0.17%
 124670 63521      752.3529   118      752.2043      753.4537  5683646    0.17%
 124769 63576      752.3177   187      752.2043      753.4535  5689179    0.17%
 124934 63660      752.3508   186      752.2043      753.4532  5697554    0.17%
 125122 63755      752.3815   145      752.2043      753.4531  5706467    0.17%
Elapsed time = 3054.64 sec. (2748862.23 ticks, tree = 1418.60 MB, solutions = 2)
 125343 63842        cutoff            752.2043      753.4528  5714716    0.17%
 125519 63946      752.2359   160      752.2043      753.4526  5723230    0.17%
 125675 64031      752.7389   194      752.2043      753.4524  5730105    0.17%
 125848 64127      752.5019   161      752.2043      753.4523  5738360    0.17%
 126011 64204      753.3529   217      752.2043      753.4522  5747158    0.17%
 126190 64295      752.3301   241      752.2043      753.4521  5755741    0.17%
 126359 64384      752.4170   211      752.2043      753.4519  5763157    0.17%
 126552 64511      753.2286   153      752.2043      753.4519  5771069    0.17%
 126782 64668      752.4653   184      752.2043      753.4518  5778906    0.17%
 126965 64794      752.6779   146      752.2043      753.4516  5787045    0.17%
Elapsed time = 3097.10 sec. (2787514.06 ticks, tree = 1444.60 MB, solutions = 2)
 127126 64881      752.6005   148      752.2043      753.4515  5794925    0.17%
 127329 64998      752.6535   190      752.2043      753.4515  5803668    0.17%
 127565 65138      752.9815   216      752.2043      753.4514  5812823    0.17%
 127730 65238      752.2428   168      752.2043      753.4511  5821532    0.17%
 127925 65330      752.4973   206      752.2043      753.4509  5829486    0.17%
 128113 65419      752.2503   103      752.2043      753.4507  5838778    0.17%
 128346 65547      752.4569   187      752.2043      753.4504  5847521    0.17%
 128542 65694      752.8483   265      752.2043      753.4503  5855492    0.17%
 128718 65788      752.3550   145      752.2043      753.4501  5863983    0.17%
 128880 65883      752.7800   244      752.2043      753.4500  5872209    0.17%
Elapsed time = 3139.40 sec. (2825859.35 ticks, tree = 1470.22 MB, solutions = 2)
 129082 65972      752.3778   167      752.2043      753.4497  5880847    0.17%
 129265 66059      752.3754   176      752.2043      753.4495  5890391    0.17%
 129442 66158      752.2180   140      752.2043      753.4495  5899718    0.17%
 129645 66320      752.2713   160      752.2043      753.4493  5906991    0.17%
 129818 66419      752.9606   250      752.2043      753.4492  5916317    0.17%
 129985 66534      753.1023   160      752.2043      753.4487  5924541    0.17%
 130208 66684      752.4980   167      752.2043      753.4485  5933044    0.17%
 130456 66834      752.4419   150      752.2043      753.4483  5941731    0.17%
 130701 66963        cutoff            752.2043      753.4483  5950238    0.17%
 130912 67051      752.5135   163      752.2043      753.4480  5958381    0.17%
Elapsed time = 3182.34 sec. (2864130.87 ticks, tree = 1500.44 MB, solutions = 2)
 131110 67161      752.4898   163      752.2043      753.4478  5967638    0.17%
 131297 67267      752.9496   216      752.2043      753.4475  5975407    0.17%
 131491 67386      752.4203   142      752.2043      753.4473  5984780    0.17%
 131703 67542      752.4029   184      752.2043      753.4472  5992884    0.17%
 131922 67646      752.3945   147      752.2043      753.4469  6001629    0.17%
 132139 67765        cutoff            752.2043      753.4466  6010141    0.17%
 132333 67855      752.2059    98      752.2043      753.4464  6018752    0.17%
 132533 67959      752.8581   199      752.2043      753.4460  6028489    0.17%
 132742 68086      752.6290   180      752.2043      753.4459  6037216    0.17%
 132917 68201      752.6424   131      752.2043      753.4457  6046728    0.17%
Elapsed time = 3225.19 sec. (2902560.20 ticks, tree = 1527.10 MB, solutions = 2)
 133042 68262      752.3208   181      752.2043      753.4455  6051723    0.17%
 133246 68367      752.7509   176      752.2043      753.4453  6060357    0.16%
 133411 68449      752.2085    94      752.2043      753.4452  6069636    0.16%
Starting limited solution polishing.
 133619 68573      752.2059   257      752.2043      753.4450  6078628    0.16%
 133811 68656      752.4722   128      752.2043      753.4449  6085973    0.16%
 133999 68788        cutoff            752.2043      753.4447  6093383    0.16%
 134114 68844      752.5730   109      752.2043      753.4447  6100354    0.16%
 134240 68924      752.4615   207      752.2043      753.4446  6106605    0.16%
 134381 69020      752.4332   233      752.2043      753.4444  6113539    0.16%
 134539 69107      752.2372   116      752.2043      753.4443  6120441    0.16%
Elapsed time = 3267.17 sec. (2940917.89 ticks, tree = 1550.82 MB, solutions = 2)
 134682 69173      752.2444   151      752.2043      753.4442  6128312    0.16%
 134843 69252      753.0355   223      752.2043      753.4440  6135528    0.16%
 134982 69334      752.2716   132      752.2043      753.4440  6142590    0.16%
 135124 69425      752.5051   128      752.2043      753.4438  6149694    0.16%
 135282 69525      752.2125   149      752.2043      753.4437  6157013    0.16%
 135456 69625      753.3659   203      752.2043      753.4435  6166002    0.16%
 135582 69677      752.8759   133      752.2043      753.4433  6170944    0.16%
 135722 69746      753.4292   182      752.2043      753.4432  6177167    0.16%
 135867 69827      752.4740   125      752.2043      753.4431  6183861    0.16%
 135989 69902      752.2229   116      752.2043      753.4431  6189710    0.16%
Elapsed time = 3310.97 sec. (2981853.40 ticks, tree = 1563.69 MB, solutions = 2)
 136140 69980      752.5365   137      752.2043      753.4430  6196943    0.16%
 136282 70054      752.3285   172      752.2043      753.4428  6202301    0.16%
 136414 70109      752.2335    95      752.2043      753.4428  6208600    0.16%
 136549 70180      752.5753   204      752.2043      753.4427  6214417    0.16%
 136769 70300      752.2232    94      752.2043      753.4426  6223370    0.16%
 136879 70357      753.3139   151      752.2043      753.4426  6228666    0.16%
 137028 70472      753.2038   151      752.2043      753.4425  6234664    0.16%
 137181 70597      752.2694   155      752.2043      753.4424  6239573    0.16%
 137282 70658      752.5464   143      752.2043      753.4423  6243825    0.16%
 137429 70713      752.8648   161      752.2043      753.4421  6252407    0.16%
Elapsed time = 3354.07 sec. (3021105.77 ticks, tree = 1578.08 MB, solutions = 2)
 137626 70821      752.3849   157      752.2043      753.4418  6258949    0.16%
 137782 70927      752.5933   175      752.2043      753.4417  6266199    0.16%
 137940 71005        cutoff            752.2043      753.4417  6271609    0.16%
 138078 71083      752.2280   237      752.2043      753.4416  6279128    0.16%
 138187 71170      752.8120   109      752.2043      753.4416  6282136    0.16%
 138382 71288      752.2831   140      752.2043      753.4415  6291100    0.16%
 138482 71343      752.2518   183      752.2043      753.4414  6297174    0.16%
 138628 71412        cutoff            752.2043      753.4414  6304326    0.16%
 138756 71477      752.4176   173      752.2043      753.4413  6311866    0.16%
 138979 71601      752.3601   212      752.2043      753.4411  6319632    0.16%
Elapsed time = 3398.15 sec. (3061347.92 ticks, tree = 1603.14 MB, solutions = 2)
 139082 71649      752.5816   192      752.2043      753.4411  6323804    0.16%
 139248 71724      753.1406   218      752.2043      753.4409  6330807    0.16%
 139460 71901      752.2224   129      752.2043      753.4409  6337718    0.16%
 139582 71949      752.3395   211      752.2043      753.4406  6343347    0.16%
 139705 72040      752.3868   128      752.2043      753.4406  6350951    0.16%
 139837 72130      752.4684   249      752.2043      753.4405  6358462    0.16%
 139982 72216      752.3684   143      752.2043      753.4405  6362637    0.16%
 140102 72278      752.3735   146      752.2043      753.4404  6367787    0.16%
 140282 72375      752.2983   110      752.2043      753.4403  6373854    0.16%
 140458 72517      752.2254    60      752.2043      753.4402  6380635    0.16%
Elapsed time = 3441.85 sec. (3101715.68 ticks, tree = 1631.00 MB, solutions = 2)
 140604 72584      752.8968   208      752.2043      753.4401  6386271    0.16%
 140762 72677      752.2249   130      752.2043      753.4401  6394767    0.16%
 140924 72766      752.3713   142      752.2043      753.4399  6400305    0.16%
 141071 72834      752.2439   168      752.2043      753.4398  6406217    0.16%
 141182 72900      752.6759   187      752.2043      753.4397  6413796    0.16%
 141301 72966      752.2280   180      752.2043      753.4396  6418531    0.16%
 141462 73047      752.4938   171      752.2043      753.4396  6425116    0.16%
 141578 73122      752.3324   185      752.2043      753.4396  6431662    0.16%
 141682 73190      752.2928   147      752.2043      753.4395  6436994    0.16%
 141863 73282      752.2222   184      752.2043      753.4394  6444250    0.16%
Elapsed time = 3484.41 sec. (3141861.11 ticks, tree = 1651.08 MB, solutions = 2)
 142106 73399      752.2427   113      752.2043      753.4393  6452596    0.16%
 142256 73494      752.6441   166      752.2043      753.4392  6457990    0.16%
 142382 73560      752.4311   171      752.2043      753.4392  6463535    0.16%
 142545 73681      752.4170   166      752.2043      753.4392  6471330    0.16%
 142682 73748      752.2529   179      752.2043      753.4390  6477258    0.16%
 142782 73800      752.4747   124      752.2043      753.4389  6482162    0.16%
 142982 73919      752.2451   156      752.2043      753.4389  6488986    0.16%
 143151 74018      752.2440   153      752.2043      753.4385  6496671    0.16%
 143280 74074      752.4452   202      752.2043      753.4383  6501803    0.16%
 143382 74145      753.2827   170      752.2043      753.4382  6505345    0.16%
Elapsed time = 3528.76 sec. (3183464.96 ticks, tree = 1674.21 MB, solutions = 2)
 143541 74266      752.4185   210      752.2043      753.4382  6510952    0.16%
 143668 74329      753.3222   225      752.2043      753.4381  6517127    0.16%
 143782 74393      752.8869   235      752.2043      753.4380  6521441    0.16%
 143917 74448      752.2099   105      752.2043      753.4380  6525971    0.16%
 144027 74518      752.2907   168      752.2043      753.4379  6531712    0.16%
 144124 74570      753.0770   206      752.2043      753.4378  6537020    0.16%
 144275 74652      752.2307   117      752.2043      753.4377  6544081    0.16%
 144382 74712      752.2426   132      752.2043      753.4377  6548809    0.16%
 144503 74766      752.3056   225      752.2043      753.4376  6554780    0.16%
 144682 74865      752.4279   152      752.2043      753.4375  6562139    0.16%
Elapsed time = 3571.44 sec. (3223826.00 ticks, tree = 1692.05 MB, solutions = 2)
 144875 74960      752.4586   165      752.2043      753.4372  6570315    0.16%
 144995 75019      752.4718   180      752.2043      753.4371  6576264    0.16%
 145102 75076      753.4353   254      752.2043      753.4370  6581441    0.16%
 145243 75150      752.4214   123      752.2043      753.4369  6586628    0.16%
 145383 75254      753.0596   118      752.2043      753.4369  6593229    0.16%
 145571 75386      752.3857   158      752.2043      753.4369  6599850    0.16%

Flow cuts applied:  21
Mixed integer rounding cuts applied:  169
Lift and project cuts applied:  5
Gomory fractional cuts applied:  8
User cuts applied:  1362

Root node processing (before b&c):
  Real time             =    5.56 sec. (5132.78 ticks)
Sequential b&c:
  Real time             = 3594.44 sec. (3245613.47 ticks)
                          ------------
Total (root+branch&cut) = 3600.00 sec. (3250746.24 ticks)
|V|                                     800
K                                       80
theta                                   0.01
r                                       2
R                                       20
prob_func                               facility_mixture
mixture_low_share                       0.500000
mixture_low_interval                    [0.001000, 0.010000]
mixture_high_interval                   [0.100000, 0.500000]
mixture_seed                            1
#C1                                     1306
#CP                                     73298

@Parameters: 
am_callback_heuristic                   false
am_local_search                         true
am_start_heuristic                      false
colocation                              true
comp                                    false
cutC                                    true
cutC_init                               false
cutF                                    false
cutF_init                               false
cutF_stable                             false
cutF_wrong                              false
cutLocal                                false
cutM                                    true
cutM_init                               true
cutM_stable                             false
cutP                                    true
cutP_init                               false
cutP_stable                             false
init                                    true
init_cutF_zero                          false
init_val_greedy                         true
is_Euclidean                            false
is_local_search                         false
is_right_cutP                           true
is_root                                 false
is_silent                               false
is_start                                false
mycut                                   false
pmed                                    false
pre                                     true
stable_root                             false
str                                     false
two_phase                               false
ubstr                                   false
mode                                    Int

am_callback_node_space                  50
init                                    0
mixture_seed                            1
node_space                              5
nodelimit                               -1
nsepa                                   1
strF                                    0
type_delta                              0

EPS                                     0.001000
EPS_FRAC                                0.00
gap                                     0.00
mixture_high_max                        0.50
mixture_high_min                        0.10
mixture_low_max                         0.01
mixture_low_min                         0.00
mixture_low_share                       0.50
timelimit                               3600.00

Number of Closed Sites: 4 / 320 
Number of Confined Sites-1: 1 / 79 
Number of Confined Sites-k: 795 / 5781 
Preprocess Time: 2.04 + 0.00 sec

Solve Time: 3600.00
Number of Nodes: 145692
Termination Status: TIME_LIMIT

CutInfo: [phase] num / time (sec) / aver. num_nonzero
max              [LP]     0 / 0.00 / 0.00 [init]   689 / 0.02 / 2.15 [rLC]   477 / 0.02 / 5.81 [rUC]   500 / 0.13 / 4.18 [sLC]   150 / 0.09 / 4.11 [sUC]   761 / 2.44 / 5.04 
prod_oa          [LP]     0 / 0.00 / 0.00 [init]   448 / 0.02 / 59.19 [rLC]   465 / 0.05 / 72.19 [rUC]   897 / 0.43 / 63.23 [sLC]   824 / 0.23 / 60.80 [sUC]  1201 / 7.62 / 55.52 
prod_sm_fixed    [LP]     0 / 0.00 / 0.00 [init]     0 / 0.00 / 0.00 [rLC]     0 / 0.00 / 0.00 [rUC]     0 / 0.00 / 0.00 [sLC]     0 / 0.00 / 0.00 [sUC]     0 / 0.00 / 0.00 
prod_bin         [LP]     0 / 0.00 / 0.00 [init]     0 / 0.00 / 0.00 [rLC]     0 / 0.00 / 0.00 [rUC]     0 / 0.00 / 0.00 [sLC]     0 / 0.00 / 0.00 [sUC]     0 / 0.00 / 0.00 
prod_local       [LP]     0 / 0.00 / 0.00 [init]     0 / 0.00 / 0.00 [rLC]     0 / 0.00 / 0.00 [rUC]     0 / 0.00 / 0.00 [sLC]     0 / 0.00 / 0.00 [sUC]     0 / 0.00 / 0.00 
prod_sm_C        [LP]     0 / 0.00 / 0.00 [init]     0 / 0.00 / 0.00 [rLC]     0 / 0.00 / 0.00 [rUC]     0 / 0.00 / 0.00 [sLC]     0 / 0.00 / 0.00 [sUC]     0 / 0.00 / 0.00 
facet            [LP]     0 / 0.00 / 0.00 [init]     0 / 0.00 / 0.00 [rLC]     0 / 0.00 / 0.00 [rUC]     0 / 0.00 / 0.00 [sLC]     0 / 0.00 / 0.00 [sUC]     0 / 0.00 / 0.00 
Separation Round:   [LP] 0  [init] 1  [rLC] 2  [rUC] 20  [sLC] 11  [sUC] 245220  
Root Best Bound 755.192000
Root Best Integer: 752.163054
Best Bound: 753.436746
Best Integer: 752.204258
1: 24, 81, 97, 165, 168, 173, 186, 199, 205, 206, 213, 215, 233, 239, 242, 257, 264, 269, 324, 361, 406, 421, 430, 484, 490, 519, 558, 564, 600, 604, 622, 624, 643, 645, 663, 665, 667, 702, 731, 748, 775, 776, 778, 783, 797
2: 10, 43, 85, 130, 290, 302, 343, 349, 351, 362, 427, 448, 459, 565, 749, 769
3: 721
Objective Value (calc): 752.163054
sum_etaM = 435.372825 / 435.372825
sum_etaP = 755.404575 / 755.362955
nL: 62
nCL: 17
mCL: 3
