Version identifier: 20.1.0.0 | 2020-11-10 | 9bedb6d68
CPXPARAM_Threads                                 1
CPXPARAM_TimeLimit                               3600
CPXPARAM_MIP_Tolerances_MIPGap                   0
Generic callback                                 0x60
1 of 1 MIP starts provided solutions.
MIP start 'm1' defined initial solution with objective 170.6556.
Tried aggregator 2 times.
MIP Presolve eliminated 25 rows and 14 columns.
Aggregator did 11 substitutions.
Reduced MIP has 1937 rows, 1975 columns, and 16439 nonzeros.
Reduced MIP has 493 binaries, 482 generals, 0 SOSs, and 0 indicators.
Presolve time = 0.01 sec. (6.71 ticks)
Probing time = 0.00 sec. (0.83 ticks)
Tried aggregator 1 time.
Reduced MIP has 1937 rows, 1975 columns, and 16439 nonzeros.
Reduced MIP has 493 binaries, 482 generals, 0 SOSs, and 0 indicators.
Presolve time = 0.01 sec. (3.89 ticks)
Probing time = 0.00 sec. (0.83 ticks)
MIP emphasis: balance optimality and feasibility.
MIP search method: dynamic search.
Parallel mode: none, using 1 thread.
Root relaxation solution time = 0.14 sec. (146.43 ticks)

        Nodes                                         Cuts/
   Node  Left     Objective  IInf  Best Integer    Best Bound    ItCnt     Gap

*     0+    0                          170.6556      500.0000           192.99%
      0     0      184.4622    19      170.6556      184.4622     2352    8.09%
      0     0      173.9570    27      170.6556     Cuts: 259     2603    1.93%
      0     0      173.6049    30      170.6556     Cuts: 102     2699    1.73%

Repeating presolve.
Tried aggregator 1 time.
MIP Presolve eliminated 842 rows and 754 columns.
MIP Presolve modified 193 coefficients.
Reduced MIP has 1095 rows, 1221 columns, and 4700 nonzeros.
Reduced MIP has 128 binaries, 113 generals, 0 SOSs, and 0 indicators.
Presolve time = 0.00 sec. (3.10 ticks)
Probing time = 0.00 sec. (0.25 ticks)
Tried aggregator 1 time.
Reduced MIP has 1095 rows, 1221 columns, and 4700 nonzeros.
Reduced MIP has 128 binaries, 113 generals, 0 SOSs, and 0 indicators.
Presolve time = 0.00 sec. (1.26 ticks)
Represolve time = 0.01 sec. (9.04 ticks)
Probing time = 0.00 sec. (0.24 ticks)
MIP emphasis: balance optimality and feasibility.
MIP search method: dynamic search.
Parallel mode: none, using 1 thread.
Root relaxation solution time = 0.06 sec. (75.19 ticks)

        Nodes                                         Cuts/
   Node  Left     Objective  IInf  Best Integer    Best Bound    ItCnt     Gap

*     0+    0                          170.6556      173.6049             1.73%
      0     0      173.3300    28      170.6556      173.3300     4217    1.57%
      0     0      172.4435    29      170.6556     Cuts: 102     4368    1.05%
      0     0      172.3785    28      170.6556      Cuts: 30     4417    1.01%
      0     0      172.2762    29      170.6556      Cuts: 17     4463    0.95%
*     0+    0                          171.0178      172.2762             0.74%
      0     0      172.2343    33      171.0178       Cuts: 9     4498    0.71%
      0     0      172.2186    32      171.0178      Cuts: 22     4531    0.70%
      0     0      172.2168    29      171.0178 UserPurge2: 6     4539    0.70%
      0     0      172.2165    29      171.0178    MIRcuts: 1     4541    0.70%
*     0+    0                          171.4267      172.2165             0.46%
      0     2      172.2165    29      171.4267      172.2138     4541    0.46%
Elapsed time = 0.82 sec. (598.56 ticks, tree = 0.01 MB, solutions = 3)

Flow cuts applied:  28
Mixed integer rounding cuts applied:  148
Lift and project cuts applied:  2
Gomory fractional cuts applied:  7
User cuts applied:  450

Root node processing (before b&c):
  Real time             =    0.82 sec. (598.61 ticks)
Sequential b&c:
  Real time             =    0.19 sec. (142.69 ticks)
                          ------------
Total (root+branch&cut) =    1.01 sec. (741.31 ticks)
|V|                                     500
K                                       10
theta                                   0.01
r                                       1
R                                       20
prob_func                               facility_mixture
mixture_low_share                       0.500000
mixture_low_interval                    [0.001000, 0.010000]
mixture_high_interval                   [0.100000, 0.500000]
mixture_seed                            1
#C1                                     576
#CP                                     10474

@Parameters: 
am_callback_heuristic                   false
am_local_search                         true
am_start_heuristic                      false
colocation                              true
comp                                    false
cutC                                    true
cutC_init                               false
cutF                                    false
cutF_init                               false
cutF_stable                             false
cutF_wrong                              false
cutLocal                                false
cutM                                    true
cutM_init                               true
cutM_stable                             false
cutP                                    true
cutP_init                               false
cutP_stable                             false
init                                    true
init_cutF_zero                          false
init_val_greedy                         true
is_Euclidean                            false
is_local_search                         false
is_right_cutP                           true
is_root                                 false
is_silent                               false
is_start                                false
mycut                                   false
pmed                                    false
pre                                     true
stable_root                             false
str                                     true
two_phase                               false
ubstr                                   false
mode                                    Int

am_callback_node_space                  50
init                                    0
mixture_seed                            1
node_space                              5
nodelimit                               -1
nsepa                                   1
strF                                    0
type_delta                              0

EPS                                     0.001000
EPS_FRAC                                0.00
gap                                     0.00
mixture_high_max                        0.50
mixture_high_min                        0.10
mixture_low_max                         0.01
mixture_low_min                         0.00
mixture_low_share                       0.50
timelimit                               3600.00

Number of Closed Sites: 7 / 70 
Number of Confined Sites-1: 11 / 99 
Number of Confined Sites-k: 482 / 2622 
Preprocess Time: 1.01 + 0.00 sec

Solve Time: 1.01
Number of Nodes: 37
Termination Status: OPTIMAL

CutInfo: [phase] num / time (sec) / aver. num_nonzero
max              [LP]     0 / 0.00 / 0.00 [init]   486 / 0.01 / 5.98 [rLC]   135 / 0.04 / 13.83 [rUC]   106 / 0.03 / 10.58 [sLC]     0 / 0.00 / 0.00 [sUC]    83 / 0.01 / 10.99 
prod_oa          [LP]     0 / 0.00 / 0.00 [init]   486 / 0.00 / 21.01 [rLC]   541 / 0.04 / 33.01 [rUC]   114 / 0.04 / 36.72 [sLC]     0 / 0.00 / 0.00 [sUC]   148 / 0.01 / 37.87 
prod_sm_fixed    [LP]     0 / 0.00 / 0.00 [init]     0 / 0.00 / 0.00 [rLC]     0 / 0.00 / 0.00 [rUC]     0 / 0.00 / 0.00 [sLC]     0 / 0.00 / 0.00 [sUC]     0 / 0.00 / 0.00 
prod_bin         [LP]     0 / 0.00 / 0.00 [init]     0 / 0.00 / 0.00 [rLC]     0 / 0.00 / 0.00 [rUC]     0 / 0.00 / 0.00 [sLC]     0 / 0.00 / 0.00 [sUC]     0 / 0.00 / 0.00 
prod_local       [LP]     0 / 0.00 / 0.00 [init]     0 / 0.00 / 0.00 [rLC]     0 / 0.00 / 0.00 [rUC]     0 / 0.00 / 0.00 [sLC]     0 / 0.00 / 0.00 [sUC]     0 / 0.00 / 0.00 
prod_sm_C        [LP]     0 / 0.00 / 0.00 [init]     0 / 0.00 / 0.00 [rLC]     0 / 0.00 / 0.00 [rUC]     0 / 0.00 / 0.00 [sLC]     0 / 0.00 / 0.00 [sUC]     0 / 0.00 / 0.00 
facet            [LP]     0 / 0.00 / 0.00 [init]     0 / 0.00 / 0.00 [rLC]     0 / 0.00 / 0.00 [rUC]     0 / 0.00 / 0.00 [sLC]     0 / 0.00 / 0.00 [sUC]     0 / 0.00 / 0.00 
Separation Round:   [LP] 0  [init] 1  [rLC] 12  [rUC] 11  [sLC] 0  [sUC] 38  
Root Best Bound 172.104652
Root Best Integer: 171.426734
Best Bound: 171.804750
Best Integer: 171.426734
1: 31, 67, 96, 134, 205, 298, 400, 405, 427, 453
Objective Value (calc): 171.409681
sum_etaM = 132.039863 / 132.039863
sum_etaP = 171.824581 / 171.807356
nL: 10
nCL: 0
mCL: 1
