Version identifier: 20.1.0.0 | 2020-11-10 | 9bedb6d68
CPXPARAM_Threads                                 1
CPXPARAM_TimeLimit                               3600
CPXPARAM_MIP_Tolerances_MIPGap                   0
Generic callback                                 0x60
1 of 1 MIP starts provided solutions.
MIP start 'm1' defined initial solution with objective 311.6773.
Tried aggregator 1 time.
Reduced MIP has 530 rows, 1200 columns, and 4512 nonzeros.
Reduced MIP has 400 binaries, 0 generals, 0 SOSs, and 0 indicators.
Presolve time = 0.00 sec. (1.17 ticks)
Probing time = 0.00 sec. (0.24 ticks)
Tried aggregator 1 time.
Reduced MIP has 530 rows, 1200 columns, and 4512 nonzeros.
Reduced MIP has 400 binaries, 0 generals, 0 SOSs, and 0 indicators.
Presolve time = 0.00 sec. (1.17 ticks)
Probing time = 0.00 sec. (0.24 ticks)
MIP emphasis: balance optimality and feasibility.
MIP search method: dynamic search.
Parallel mode: none, using 1 thread.
Root relaxation solution time = 0.01 sec. (13.64 ticks)

        Nodes                                         Cuts/
   Node  Left     Objective  IInf  Best Integer    Best Bound    ItCnt     Gap

*     0+    0                          311.6773      400.0000            28.34%
      0     0      385.9209   158      311.6773      385.9209      665   23.82%
      0     0      338.3804   151      311.6773     Cuts: 232     1031    8.57%
*     0+    0                          314.0302      338.3804             7.75%
      0     0      335.4847   170      314.0302     Cuts: 235     1397    6.83%
      0     0      334.4695   191      314.0302     Cuts: 229     1816    6.51%
      0     0      334.0721   190      314.0302     Cuts: 164     2153    6.38%
      0     0      333.8617   182      314.0302     Cuts: 113     2354    6.32%
*     0+    0                          314.2151      333.8617             6.25%
      0     0      333.7281   182      314.2151     Cuts: 118     2541    6.21%
      0     0      333.6752   169      314.2151      Cuts: 97     2681    6.19%
      0     0      333.6257   175      314.2151      Cuts: 66     2806    6.18%
*     0+    0                          314.6686      333.6257             6.02%
      0     0      333.5555   182      314.6686      Cuts: 82     2922    6.00%
      0     0      333.5417   184      314.6686      Cuts: 27     2972    6.00%
      0     0      333.5221   177      314.6686      Cuts: 44     3050    5.99%
      0     0      333.5056   187      314.6686 UserPurge2: 32     3095    5.99%
      0     0      333.4920   191      314.6686 UserPurge2: 26     3132    5.98%
      0     0      333.4889   177      314.6686 UserPurge2: 32     3157    5.98%
      0     0      333.4838   198      314.6686 UserPurge2: 27     3180    5.98%
      0     0      333.4833   190      314.6686 UserPurge2: 14     3190    5.98%
      0     0      333.4805   195      314.6686 UserPurge2: 14     3232    5.98%
      0     0      333.4796   184      314.6686 UserPurge2: 15     3255    5.98%
      0     0      333.4750   193      314.6686 UserPurge2: 20     3277    5.98%
      0     0      333.4744   193      314.6686 UserPurge2: 5     3286    5.98%
      0     0      333.4744   193      314.6686 UserPurge2: 3     3291    5.98%
*     0+    0                          315.7327      333.4744             5.62%
*     0+    0                          317.8025      333.4744             4.93%
      0     2      333.4710   189      317.8025      333.4707     3291    4.93%
Elapsed time = 2.18 sec. (1453.08 ticks, tree = 0.01 MB, solutions = 6)
     10    12      333.1124   196      317.8025      333.4147     5722    4.91%
     16    18      332.8545   196      317.8025      333.4147     7887    4.91%
     24    26      332.5704   186      317.8025      333.4147     9423    4.91%
     30    32      332.1321   171      317.8025      333.4147    11334    4.91%
     39    41      331.6989   149      317.8025      333.4147    13445    4.91%
     41    43      331.5621   169      317.8025      333.4147    14842    4.91%
     50    52      331.2257   156      317.8025      333.4147    16929    4.91%
     60    62      331.0539   133      317.8025      333.4147    18394    4.91%
     70    72      330.8714   142      317.8025      333.4147    20430    4.91%
    104   106      329.7263    39      317.8025      333.4147    27510    4.91%
Elapsed time = 7.53 sec. (5374.86 ticks, tree = 0.46 MB, solutions = 6)
*   108    92      integral     0      329.7263      333.4147    27582    1.12%
    120   104      332.8430   202      329.7263      333.4143    31173    1.12%
    140   124      332.2463   176      329.7263      333.4143    36164    1.12%
    160   144      331.1179   174      329.7263      333.4143    42212    1.12%
    185   169      330.4908   116      329.7263      333.4143    48364    1.12%
    229   213      330.0620    86      329.7263      333.4143    56547    1.12%
*   285   254      integral     0      329.8951      333.4143    64540    1.07%
    300   269      332.5118   197      329.8951      333.4087    69496    1.07%
    320   289      331.5370   158      329.8951      333.4087    75295    1.07%
    348   317      331.2281    92      329.8951      333.4087    81254    1.07%
Elapsed time = 19.06 sec. (14694.84 ticks, tree = 1.57 MB, solutions = 8)
*   353   159      integral     0      331.2279      333.4087    81583    0.66%
    367   172      332.3313   187      331.2279      333.4084    83864    0.66%
    387   192      331.5044   164      331.2279      333.4084    88312    0.66%
    400   201      333.0451   191      331.2279      333.2617    91999    0.61%
    420   221      331.7911   191      331.2279      333.2617    97159    0.61%
    440   237      333.0243   197      331.2279      333.2151   101806    0.60%
    455   252      332.3105   175      331.2279      333.2151   106236    0.60%
    473   270      331.3718   153      331.2279      333.2151   111265    0.60%
    480   273      333.0216   194      331.2279      333.2081   113570    0.60%
    501   294      331.8558   175      331.2279      333.2081   118337    0.60%

Performing restart 1

Repeating presolve.
Tried aggregator 1 time.
Reduced MIP has 530 rows, 1200 columns, and 4512 nonzeros.
Reduced MIP has 400 binaries, 0 generals, 0 SOSs, and 0 indicators.
Presolve time = 0.00 sec. (1.19 ticks)
Tried aggregator 1 time.
Reduced MIP has 530 rows, 1200 columns, and 4512 nonzeros.
Reduced MIP has 400 binaries, 0 generals, 0 SOSs, and 0 indicators.
Presolve time = 0.00 sec. (1.19 ticks)
Represolve time = 0.02 sec. (12.73 ticks)
    504     2      333.3497   197      331.2279      333.2081   124414    0.60%
Elapsed time = 31.32 sec. (25841.66 ticks, tree = 0.01 MB, solutions = 9)
    505     3      333.2819   191      331.2279      333.2081   124503    0.60%
    511     9      332.9656   178      331.2279      333.2081   126141    0.60%
    535    33      332.3251   162      331.2279      333.2081   131157    0.60%
    560    58      331.6588   161      331.2279      333.2081   136469    0.60%
    593    84      332.8090   198      331.2279      333.2081   142971    0.60%
    620   111      331.8612   156      331.2279      333.2081   149875    0.60%
    644   125      332.7703   189      331.2279      333.2081   154080    0.60%
    682   162      331.3760   140      331.2279      333.2081   161445    0.60%
    719   193      331.9598   162      331.2279      333.2081   167878    0.60%
*   799   223      integral     0      331.4235      333.2081   171903    0.54%
    801   224      333.1015   200      331.4235      333.2081   172250    0.54%
Elapsed time = 42.92 sec. (35847.47 ticks, tree = 0.77 MB, solutions = 10)
    824   247      331.9168   182      331.4235      333.2081   175623    0.54%
    862   280      332.5750   194      331.4235      333.1831   180478    0.53%
    896   314      331.6346   156      331.4235      333.1831   185270    0.53%
    948   354      332.0715   186      331.4235      333.1686   190245    0.53%
    979   381      332.1568   181      331.4235      333.1431   194796    0.52%
   1000   398      332.7826   198      331.4235      333.1346   197688    0.52%
   1054   452      331.5598   123      331.4235      333.1346   202342    0.52%
*  1098   416      integral     0      331.5232      333.1346   203061    0.49%
   1130   447      332.0136   141      331.5232      333.1334   206596    0.49%
*  1203   401      integral     0      331.6819      333.1334   208696    0.44%
   1218   415      332.5053   172      331.6819      333.1242   210872    0.43%
   1260   449      332.8405   197      331.6819      333.1226   215428    0.43%
Elapsed time = 54.37 sec. (45566.75 ticks, tree = 6.22 MB, solutions = 12)
   1309   493      332.6405   187      331.6819      333.0999   219874    0.43%
*  1399   553      integral     0      331.6872      333.0999   224324    0.43%
   1400   554      332.9051   199      331.6872      333.0802   225013    0.42%
   1454   608      331.7225   116      331.6872      333.0802   229962    0.42%
   1521   669      331.9221   122      331.6872      333.0431   234454    0.41%
*  1580   579      integral     0      331.7919      333.0431   235663    0.38%
   1601   600      332.0652   174      331.7919      333.0223   240645    0.37%
   1649   635      331.8268   175      331.7919      332.9982   245705    0.36%
   1692   670      332.1774   158      331.7919      332.9896   250317    0.36%
   1744   714      332.9098   182      331.7919      332.9646   254960    0.35%
   1769   737      331.8184   169      331.7919      332.9646   259467    0.35%
Elapsed time = 64.21 sec. (54703.51 ticks, tree = 10.72 MB, solutions = 14)
   1803   763      331.8276   146      331.7919      332.9541   263993    0.35%
   1840   792      332.4789   183      331.7919      332.9450   268489    0.35%
   1885   833      332.0366   184      331.7919      332.9445   273239    0.35%
   1917   860      331.8010   160      331.7919      332.9437   277618    0.35%
   1952   885      332.2806   165      331.7919      332.9379   281532    0.35%
   2001   929      331.9930   150      331.7919      332.9264   286481    0.34%
   2034   953      332.2595   181      331.7919      332.9107   291724    0.34%
   2068   977      332.4084   170      331.7919      332.9039   296829    0.34%
   2104  1009      332.3741   170      331.7919      332.9028   301030    0.33%
   2130  1031      331.9479   164      331.7919      332.8982   306182    0.33%
Elapsed time = 73.64 sec. (64623.61 ticks, tree = 15.03 MB, solutions = 14)
   2165  1062      331.8390   157      331.7919      332.8951   310807    0.33%
   2191  1083      332.0260   155      331.7919      332.8820   315257    0.33%
   2236  1118      331.8024   169      331.7919      332.8820   320206    0.33%
   2266  1140      332.3550   184      331.7919      332.8739   325213    0.33%
   2318  1184      332.6737   186      331.7919      332.8662   330108    0.32%
   2345  1211      331.8813   150      331.7919      332.8662   334449    0.32%
   2398  1256      332.1072   141      331.7919      332.8594   339095    0.32%
*  2467  1209      integral     0      331.8342      332.8594   341128    0.31%
   2504  1242      332.1227   158      331.8342      332.8585   345983    0.31%
   2542  1272      332.4993   189      331.8342      332.8557   350553    0.31%
Elapsed time = 82.32 sec. (74004.58 ticks, tree = 17.88 MB, solutions = 15)
   2583  1307      332.4159   186      331.8342      332.8502   355224    0.31%
   2629  1348      331.9420   131      331.8342      332.8437   359963    0.30%
   2682  1393      332.2824   189      331.8342      332.8384   364681    0.30%
   2725  1430      331.9651   169      331.8342      332.8365   369239    0.30%
   2776  1473      332.0789   153      331.8342      332.8348   374067    0.30%
   2853  1541      332.3405   186      331.8342      332.8317   378903    0.30%
   2904  1588      332.0632   148      331.8342      332.8314   383373    0.30%
   2970  1645      332.0784   175      331.8342      332.8313   388216    0.30%
   3020  1688      331.8353   130      331.8342      332.8286   392913    0.30%
   3056  1714      332.6985   175      331.8342      332.8176   397622    0.30%
Elapsed time = 91.70 sec. (83811.57 ticks, tree = 26.05 MB, solutions = 15)
   3093  1747      332.4519   162      331.8342      332.8153   402464    0.30%
   3129  1777      332.7140   199      331.8342      332.8128   407405    0.29%
   3194  1831      331.8541   157      331.8342      332.8124   412279    0.29%
   3231  1859      332.2460   176      331.8342      332.8091   417160    0.29%
   3263  1887      332.0130   157      331.8342      332.8069   422151    0.29%
   3297  1911      332.3769   174      331.8342      332.8048   427159    0.29%
   3350  1960      331.8928   140      331.8342      332.8043   431304    0.29%
   3413  2018      331.9872   115      331.8342      332.8040   435761    0.29%
*  3455  1849      integral     0      331.8806      332.8040   436707    0.28%
   3655  2022      332.3962   193      331.8806      332.7928   455291    0.27%
Elapsed time = 102.89 sec. (95604.76 ticks, tree = 30.46 MB, solutions = 16)
   3799  2138      332.2190   166      331.8806      332.7773   473646    0.27%
   4004  2306      332.1196   157      331.8806      332.7700   492370    0.27%
   4133  2407      332.2561   177      331.8806      332.7657   510419    0.27%
   4285  2532      331.9035   168      331.8806      332.7521   529077    0.26%
   4495  2704      331.9034    97      331.8806      332.7393   548170    0.26%
   4665  2831      332.5888   192      331.8806      332.7307   566822    0.26%
   4894  3031      331.8856   123      331.8806      332.7229   586161    0.25%
   5048  3141      332.3280   158      331.8806      332.7156   604824    0.25%
   5209  3263      332.5723   169      331.8806      332.7120   623997    0.25%
   5377  3397      332.1210   194      331.8806      332.7068   641941    0.25%
Elapsed time = 138.53 sec. (133885.72 ticks, tree = 50.45 MB, solutions = 16)
   5551  3531      332.1639   176      331.8806      332.7017   661318    0.25%
   5710  3648      332.4999   183      331.8806      332.6956   680004    0.25%
   5890  3782      332.5022   162      331.8806      332.6915   698799    0.24%
   6085  3939      332.2970   155      331.8806      332.6849   717934    0.24%
   6262  4074      332.2476   191      331.8806      332.6715   736988    0.24%
   6433  4210      332.3678   171      331.8806      332.6692   756328    0.24%
   6607  4340      332.0636   180      331.8806      332.6632   774575    0.24%
   6793  4475      332.2920   181      331.8806      332.6600   793406    0.23%
   6985  4621      332.2723   169      331.8806      332.6542   812132    0.23%
   7152  4752      332.4034   183      331.8806      332.6493   831344    0.23%
Elapsed time = 174.18 sec. (172214.68 ticks, tree = 72.57 MB, solutions = 16)
   7298  4865      332.2914   168      331.8806      332.6451   850266    0.23%
   7469  4992      332.4090   178      331.8806      332.6401   868919    0.23%
   7658  5141      332.4789   167      331.8806      332.6351   887666    0.23%
   7842  5276      332.3033   182      331.8806      332.6304   906805    0.23%
   8013  5403      332.3275   196      331.8806      332.6208   925975    0.22%
   8174  5528      332.5797   188      331.8806      332.6171   943832    0.22%
   8371  5685      332.1452   170      331.8806      332.6154   963115    0.22%
   8549  5815      332.4393   155      331.8806      332.6116   982403    0.22%
   8738  5955      332.4380   161      331.8806      332.6079  1001189    0.22%
   8936  6098      332.3786   185      331.8806      332.6040  1020293    0.22%
Elapsed time = 209.55 sec. (210554.80 ticks, tree = 94.25 MB, solutions = 16)
   9099  6220      332.2155   178      331.8806      332.6010  1038981    0.22%
   9308  6371      332.2766   182      331.8806      332.5965  1058282    0.22%
   9470  6491      331.8859   173      331.8806      332.5928  1077352    0.21%
   9622  6590      332.2208   189      331.8806      332.5891  1095848    0.21%
   9778  6700        cutoff            331.8806      332.5874  1114243    0.21%
   9975  6851      332.0883   147      331.8806      332.5856  1133592    0.21%
  10140  6963      332.1012   173      331.8806      332.5826  1152636    0.21%
  10328  7110      331.9319   140      331.8806      332.5805  1171865    0.21%
  10478  7218      332.1960   157      331.8806      332.5789  1190615    0.21%
  10584  7289        cutoff            331.8806      332.5770  1202182    0.21%
Elapsed time = 246.62 sec. (250085.70 ticks, tree = 117.54 MB, solutions = 16)
  10585  7290      332.2431   187      331.8806      332.5770  1202446    0.21%
  10586  7291      332.3882   178      331.8806      332.5768  1202732    0.21%
  10737  7392      332.2555   166      331.8806      332.5722  1221749    0.21%
  10898  7500      332.3597   186      331.8806      332.5681  1241161    0.21%
  11090  7652      331.9826   181      331.8806      332.5664  1259799    0.21%
  11288  7810      331.8913   166      331.8806      332.5646  1278471    0.21%
  11452  7928      331.9044   139      331.8806      332.5613  1297270    0.21%
  11631  8048      331.9652   139      331.8806      332.5577  1316110    0.20%
  11814  8179      332.2748   153      331.8806      332.5555  1335148    0.20%
  11994  8304      332.2702   175      331.8806      332.5534  1353900    0.20%
Elapsed time = 295.89 sec. (299499.23 ticks, tree = 138.46 MB, solutions = 16)
  12154  8428      332.3745   177      331.8806      332.5514  1370926    0.20%
  12308  8528      332.1894   171      331.8806      332.5490  1390141    0.20%
  12463  8631      332.2658   182      331.8806      332.5456  1408719    0.20%
  12638  8760      332.2646   172      331.8806      332.5430  1427292    0.20%
  12807  8888      331.8969   146      331.8806      332.5401  1446710    0.20%
  12989  9018      332.4558   182      331.8806      332.5369  1465863    0.20%
  13146  9129      331.9661   172      331.8806      332.5339  1485062    0.20%
  13323  9241      332.3216   183      331.8806      332.5313  1504125    0.20%
  13473  9338      332.1744   172      331.8806      332.5294  1523118    0.20%
  13660  9466      332.1059   177      331.8806      332.5268  1542167    0.19%
Elapsed time = 330.71 sec. (337822.56 ticks, tree = 155.41 MB, solutions = 16)
  13816  9573      332.3343   192      331.8806      332.5248  1560949    0.19%
  14039  9743      332.2237   174      331.8806      332.5233  1579927    0.19%
  14194  9851      331.9731   173      331.8806      332.5219  1597148    0.19%
  14363  9960      332.0855   185      331.8806      332.5183  1616336    0.19%
  14527 10078      332.1855   169      331.8806      332.5170  1634814    0.19%
  14707 10192      332.3087   171      331.8806      332.5141  1653974    0.19%
  14883 10316      332.2552   172      331.8806      332.5115  1673490    0.19%
  15071 10441      332.3218   182      331.8806      332.5085  1692504    0.19%
  15247 10573      332.0304   150      331.8806      332.5057  1711074    0.19%
  15421 10699      332.0208   157      331.8806      332.5045  1729089    0.19%
Elapsed time = 365.92 sec. (376199.50 ticks, tree = 174.59 MB, solutions = 16)
  15612 10836      332.0528   162      331.8806      332.5015  1748529    0.19%
  15758 10934      332.0254   170      331.8806      332.5005  1767244    0.19%
  15939 11067      332.3167   172      331.8806      332.4986  1786061    0.19%
  16124 11198      332.2141   170      331.8806      332.4974  1803726    0.19%
  16288 11313      331.8890   192      331.8806      332.4957  1822758    0.19%
  16459 11422        cutoff            331.8806      332.4922  1842003    0.18%
  16634 11537      332.0750   156      331.8806      332.4895  1860715    0.18%
  16811 11659      331.9223   174      331.8806      332.4872  1879950    0.18%
  16975 11762      332.1868   180      331.8806      332.4837  1899046    0.18%
  17149 11879      332.0907   172      331.8806      332.4816  1918494    0.18%
Elapsed time = 401.38 sec. (414601.24 ticks, tree = 194.82 MB, solutions = 16)
  17312 11998      332.1750   180      331.8806      332.4810  1937591    0.18%
  17524 12159      332.0576   174      331.8806      332.4799  1956596    0.18%
  17722 12299      332.1369   168      331.8806      332.4773  1975969    0.18%
  17873 12385        cutoff            331.8806      332.4754  1995024    0.18%
  18032 12488      331.9136   171      331.8806      332.4739  2014343    0.18%
  18200 12603      332.2633   154      331.8806      332.4720  2033114    0.18%
  18379 12729      331.9771   163      331.8806      332.4708  2052063    0.18%
  18539 12826      332.3867   175      331.8806      332.4689  2070513    0.18%
  18743 12973      332.0853   169      331.8806      332.4678  2089359    0.18%
  18924 13105      332.3267   171      331.8806      332.4668  2108315    0.18%
Elapsed time = 436.89 sec. (452865.31 ticks, tree = 213.89 MB, solutions = 16)
  19082 13195      332.1904   167      331.8806      332.4645  2127757    0.18%
  19253 13312      331.9049   163      331.8806      332.4633  2146654    0.18%
  19404 13412      331.9876   164      331.8806      332.4618  2165016    0.18%
  19583 13524      332.2792   190      331.8806      332.4582  2184261    0.17%
  19753 13622        cutoff            331.8806      332.4567  2203408    0.17%
  19925 13723      332.3162   169      331.8806      332.4551  2221557    0.17%
  20095 13842      332.0752   161      331.8806      332.4535  2240897    0.17%
  20259 13947      332.2610   158      331.8806      332.4503  2259647    0.17%
  20428 14062      332.1020   173      331.8806      332.4491  2278265    0.17%
  20611 14184      332.0726   168      331.8806      332.4482  2297437    0.17%
Elapsed time = 472.29 sec. (491202.42 ticks, tree = 232.59 MB, solutions = 16)

Performing restart 2

Repeating presolve.
Tried aggregator 1 time.
Reduced MIP has 530 rows, 1200 columns, and 4512 nonzeros.
Reduced MIP has 400 binaries, 0 generals, 0 SOSs, and 0 indicators.
Presolve time = 0.00 sec. (1.19 ticks)
Tried aggregator 1 time.
Reduced MIP has 530 rows, 1200 columns, and 4512 nonzeros.
Reduced MIP has 400 binaries, 0 generals, 0 SOSs, and 0 indicators.
Presolve time = 0.00 sec. (1.19 ticks)
Represolve time = 0.07 sec. (15.16 ticks)
  20671     5      333.2501   191      331.8806      332.4469  2308307    0.17%
  20859   182      332.8099   144      331.8806      332.4469  2316245    0.17%
  21764  1030      332.6439   119      331.8806      332.4469  2354037    0.17%
  22732  1924      332.8488   175      331.8806      332.4469  2396207    0.17%
  23836  2953      332.5266   151      331.8806      332.4469  2440415    0.17%
  24698  3732      331.9299    63      331.8806      332.4469  2482213    0.17%
  25622  4572      332.4056   137      331.8806      332.4469  2523166    0.17%
  26611  5458      332.7454   151      331.8806      332.4469  2565355    0.17%
  27601  6358      332.5558   138      331.8806      332.4469  2608589    0.17%
  28518  7184      332.6179   140      331.8806      332.4469  2650888    0.17%
Elapsed time = 528.87 sec. (529462.56 ticks, tree = 4.90 MB, solutions = 16)
  29397  7978      332.3740   114      331.8806      332.4469  2694223    0.17%
  30345  8844      332.3866   124      331.8806      332.4469  2736200    0.17%
  31168  9588      332.3053   121      331.8806      332.4469  2779031    0.17%
  31992 10334      332.6309   140      331.8806      332.4469  2822541    0.17%
  32828 11096      332.3778   124      331.8806      332.4469  2864870    0.17%
  33608 11807      332.2055   107      331.8806      332.4469  2908233    0.17%
  34488 12602      332.0655   120      331.8806      332.4469  2951030    0.17%
  35294 13323      332.5493   136      331.8806      332.4469  2994054    0.17%
  36156 14097      332.1945   124      331.8806      332.4469  3037346    0.17%
  36965 14820      332.8192   146      331.8806      332.4469  3079455    0.17%
Elapsed time = 587.30 sec. (567639.68 ticks, tree = 10.03 MB, solutions = 16)
  37744 15531      332.5780   136      331.8806      332.4469  3121057    0.17%
  38660 16361      332.8183   145      331.8806      332.4469  3164433    0.17%
  39555 17184      332.5232   132      331.8806      332.4469  3207444    0.17%
  40377 17913      332.7712   142      331.8806      332.4469  3250336    0.17%
  41280 18724      332.2843   110      331.8806      332.4469  3293191    0.17%
  42138 19494      332.2029   119      331.8806      332.4469  3335416    0.17%
  43010 20292      332.3621   138      331.8806      332.4469  3379247    0.17%
  43874 21074      332.7479   170      331.8806      332.4469  3421861    0.17%
  44703 21807      332.0865    90      331.8806      332.4469  3464364    0.17%
  45573 22580      332.6986   145      331.8806      332.4469  3508382    0.17%
Elapsed time = 646.46 sec. (605828.79 ticks, tree = 15.58 MB, solutions = 16)
  46396 23320      332.6329   136      331.8806      332.4469  3551887    0.17%
  47162 24004      332.3933   133      331.8806      332.4469  3594917    0.17%
  47999 24756      332.0884    83      331.8806      332.4469  3639139    0.17%
  48712 25398      332.4448   121      331.8806      332.4469  3681528    0.17%
  49609 26214      332.5489   133      331.8806      332.4469  3725126    0.17%
  50498 27015      332.6716   159      331.8806      332.4469  3768289    0.17%
  51369 27786      332.6247   142      331.8806      332.4469  3812059    0.17%
  52283 28618      332.0914   104      331.8806      332.4469  3855967    0.17%
  53184 29421      332.7411   168      331.8806      332.4469  3899452    0.17%
  53949 30103      332.6510   145      331.8806      332.4469  3943273    0.17%
Elapsed time = 704.88 sec. (644023.42 ticks, tree = 20.32 MB, solutions = 16)
  54812 30897      331.9019   111      331.8806      332.4469  3986054    0.17%
  55720 31709      331.9076    74      331.8806      332.4469  4029985    0.17%
  56550 32459      332.3237   124      331.8806      332.4469  4072474    0.17%
  57438 33256      332.1040   121      331.8806      332.4469  4117181    0.17%
  58375 34095      332.3259   116      331.8806      332.4469  4160811    0.17%
  59203 34831      332.6240   125      331.8806      332.4469  4204456    0.17%
  60074 35617      332.4283   136      331.8806      332.4469  4247376    0.17%
  60870 36322      332.0244    88      331.8806      332.4469  4291546    0.17%
  61608 36974      332.6646   148      331.8806      332.4469  4333679    0.17%
  62338 37615      331.9736   100      331.8806      332.4469  4375569    0.17%
Elapsed time = 762.57 sec. (682216.11 ticks, tree = 26.55 MB, solutions = 16)
  63068 38267      332.6189   128      331.8806      332.4469  4418948    0.17%
  63856 38972      332.0674   107      331.8806      332.4469  4462015    0.17%
  64738 39761      332.4836   130      331.8806      332.4469  4505623    0.17%
  65618 40559      332.0831   106      331.8806      332.4469  4549262    0.17%
  66504 41343      332.6250   136      331.8806      332.4469  4593267    0.17%
  67251 42004      332.4662   130      331.8806      332.4469  4636667    0.17%
  68127 42786      332.0603   104      331.8806      332.4469  4680776    0.17%
  68943 43496      332.7331   151      331.8806      332.4469  4724158    0.17%
  69782 44241      332.5923   151      331.8806      332.4469  4766235    0.17%
  70682 45028      332.7160   160      331.8806      332.4469  4809756    0.17%
Elapsed time = 819.60 sec. (720460.31 ticks, tree = 31.24 MB, solutions = 16)
  71518 45770      332.3034   125      331.8806      332.4469  4852977    0.17%
  72397 46555      332.0709    93      331.8806      332.4469  4896219    0.17%
  73284 47341      332.3485   124      331.8806      332.4469  4939899    0.17%
  74181 48144      332.0987   119      331.8806      332.4469  4983129    0.17%
  75060 48936        cutoff            331.8806      332.4469  5026865    0.17%
  75849 49647      332.0192   116      331.8806      332.4469  5068741    0.17%
  76727 50429      332.3413   112      331.8806      332.4469  5111953    0.17%
  77622 51228      332.1437   147      331.8806      332.4469  5155368    0.17%
  78496 52007      332.4536   119      331.8806      332.4469  5198599    0.17%
  79398 52802      332.6085   142      331.8806      332.4469  5241542    0.17%
Elapsed time = 877.41 sec. (758635.38 ticks, tree = 36.18 MB, solutions = 16)
  80173 53481      332.6011   138      331.8806      332.4469  5285762    0.17%
  81038 54265      332.4691   128      331.8806      332.4469  5329682    0.17%
  81900 55025      332.5191   131      331.8806      332.4469  5373267    0.17%
  82789 55818      332.3136   123      331.8806      332.4469  5417063    0.17%
  83583 56514      332.0416   102      331.8806      332.4469  5458689    0.17%
  84398 57237      332.0986   125      331.8806      332.4469  5502557    0.17%
  85168 57908      332.4070   131      331.8806      332.4469  5546005    0.17%
  86005 58655      331.9745   107      331.8806      332.4469  5589092    0.17%
  86903 59443      332.3046   135      331.8806      332.4469  5632524    0.17%
  87808 60259      331.9865   125      331.8806      332.4469  5676306    0.17%
Elapsed time = 933.95 sec. (796829.68 ticks, tree = 40.91 MB, solutions = 16)
  88753 61088      332.1936   121      331.8806      332.4469  5720258    0.17%
  89554 61809      331.8988    66      331.8806      332.4469  5764165    0.17%
  90340 62486      332.0642   129      331.8806      332.4469  5807517    0.17%
  91138 63203      331.9285   103      331.8806      332.4469  5851111    0.17%
  92019 63989      332.0226    26      331.8806      332.4469  5894007    0.17%
  92864 64718      332.4117   136      331.8806      332.4469  5937689    0.17%
  93594 65368      331.9913   108      331.8806      332.4469  5981651    0.17%
  94423 66098      331.9575   122      331.8806      332.4469  6025952    0.17%
  95286 66856      332.5263   135      331.8806      332.4469  6070128    0.17%
  96203 67685      332.1122   128      331.8806      332.4469  6113533    0.17%
Elapsed time = 990.50 sec. (835000.04 ticks, tree = 48.45 MB, solutions = 16)
  96989 68373      332.0325   106      331.8806      332.4469  6155856    0.17%
  97809 69104      332.3460   126      331.8806      332.4469  6199952    0.17%
  98573 69779      332.0295    33      331.8806      332.4469  6243172    0.17%
  99353 70457      332.1217    98      331.8806      332.4469  6287628    0.17%
 100241 71252      332.4614   153      331.8806      332.4469  6330924    0.17%
 101012 71927      332.4319   116      331.8806      332.4469  6373870    0.17%
 101868 72681      332.3685   136      331.8806      332.4469  6417008    0.17%
 102726 73462      331.9398   121      331.8806      332.4469  6459983    0.17%
 103566 74216      332.5266   137      331.8806      332.4469  6504753    0.17%
 104421 74971      332.4644   135      331.8806      332.4469  6549017    0.17%
Elapsed time = 1048.42 sec. (873194.03 ticks, tree = 53.09 MB, solutions = 16)
 105108 75581      331.9649    82      331.8806      332.4469  6592571    0.17%
 105946 76316      332.1772   120      331.8806      332.4469  6636586    0.17%
 106746 77007      332.2134   129      331.8806      332.4469  6680096    0.17%
 107643 77809      332.2512   121      331.8806      332.4469  6724465    0.17%
 108475 78550      331.9968   107      331.8806      332.4469  6768878    0.17%
 109374 79347      332.2666   126      331.8806      332.4469  6812600    0.17%
 110233 80116        cutoff            331.8806      332.4469  6856702    0.17%
 111104 80891      332.0625    95      331.8806      332.4469  6899955    0.17%
 112001 81696      332.5832   159      331.8806      332.4469  6943776    0.17%
 112722 82327      332.3629   127      331.8806      332.4469  6987714    0.17%
Elapsed time = 1104.79 sec. (911362.13 ticks, tree = 57.76 MB, solutions = 16)
 113622 83135      332.6438   143      331.8806      332.4469  7032286    0.17%
 114406 83811      332.4207   129      331.8806      332.4469  7076206    0.17%
 115308 84615      332.6857   154      331.8806      332.4469  7120348    0.17%
 116116 85334      332.5401   150      331.8806      332.4469  7165190    0.17%
 117050 86170      332.4060   140      331.8806      332.4469  7208603    0.17%
 117804 86834      332.3761   150      331.8806      332.4469  7252243    0.17%
 118670 87605      332.0243   114      331.8806      332.4469  7296010    0.17%
 119422 88251      332.5855   139      331.8806      332.4469  7339929    0.17%
 120295 89035      332.1290   102      331.8806      332.4469  7384513    0.17%
 121141 89781      332.1386   110      331.8806      332.4469  7428685    0.17%
Elapsed time = 1161.30 sec. (949550.40 ticks, tree = 62.46 MB, solutions = 16)
 121978 90504      332.5384   141      331.8806      332.4469  7472533    0.17%
 122881 91293      332.5265   141      331.8806      332.4469  7516941    0.17%
 123767 92072      332.3488   122      331.8806      332.4469  7561199    0.17%
 124503 92718      332.5382   146      331.8806      332.4469  7604932    0.17%
 125404 93509      332.3966   136      331.8806      332.4469  7648944    0.17%
 126238 94248      332.1280   128      331.8806      332.4469  7692197    0.17%
 126985 94890      332.3533   119      331.8806      332.4469  7735535    0.17%
 127941 95734      332.4490   137      331.8806      332.4469  7778097    0.17%
 128728 96414      332.2889   108      331.8806      332.4469  7822537    0.17%
 129628 97212      332.4770   129      331.8806      332.4469  7865652    0.17%
Elapsed time = 1217.58 sec. (987765.26 ticks, tree = 67.14 MB, solutions = 16)
 130474 97945      332.6476   147      331.8806      332.4469  7909389    0.17%
 131287 98655      332.3283   142      331.8806      332.4469  7951889    0.17%
 132072 99340      332.3309   118      331.8806      332.4469  7995838    0.17%
 132816 99985      332.3732   123      331.8806      332.4469  8039260    0.17%
 133660 100723      332.1700   125      331.8806      332.4469  8082844    0.17%
 134468 101433      332.1024   114      331.8806      332.4469  8127448    0.17%
 135318 102176      332.4123   133      331.8806      332.4469  8172147    0.17%
 136166 102905      332.6808   148      331.8806      332.4469  8216605    0.17%
 137028 103671      332.3588   141      331.8806      332.4469  8260489    0.17%
 137805 104343      332.4393   131      331.8806      332.4469  8302025    0.17%
Elapsed time = 1272.76 sec. (1025968.66 ticks, tree = 71.67 MB, solutions = 16)
 138643 105068      332.6166   144      331.8806      332.4469  8346259    0.17%
 139474 105804      331.9731   110      331.8806      332.4469  8390029    0.17%
 140296 106522      332.5272   154      331.8806      332.4469  8434732    0.17%
 141040 107167      332.0438   125      331.8806      332.4469  8478981    0.17%
 141892 107917      332.1877   111      331.8806      332.4469  8523702    0.17%
 142668 108592      332.3840   137      331.8806      332.4469  8568051    0.17%
 143601 109415      332.3177   129      331.8806      332.4469  8612686    0.17%
 144434 110148      332.1258   109      331.8806      332.4469  8657718    0.17%
 145258 110874      332.2979   129      331.8806      332.4469  8701611    0.17%
 146163 111673      332.0011    98      331.8806      332.4469  8746087    0.17%
Elapsed time = 1328.44 sec. (1064153.85 ticks, tree = 76.34 MB, solutions = 16)
 146971 112376      332.5299   127      331.8806      332.4469  8789574    0.17%
 147752 113058      332.1394    98      331.8806      332.4469  8832821    0.17%
 148587 113776      332.5925   148      331.8806      332.4469  8877123    0.17%
 149355 114459      332.1748   129      331.8806      332.4469  8921263    0.17%
 150216 115212      332.0001   105      331.8806      332.4469  8965437    0.17%
 151123 116008      332.4192   147      331.8806      332.4469  9009058    0.17%
 152023 116795      332.4451   121      331.8806      332.4469  9052936    0.17%
 152844 117509      332.5197   139      331.8806      332.4469  9095969    0.17%
 153646 118217      332.5993   143      331.8806      332.4469  9139779    0.17%
 154646 119097      332.0232   113      331.8806      332.4469  9184120    0.17%
Elapsed time = 1384.59 sec. (1102323.32 ticks, tree = 81.03 MB, solutions = 16)
 155516 119855      332.1058    90      331.8806      332.4469  9229302    0.17%
 156444 120656      332.3549   136      331.8806      332.4469  9273557    0.17%
 157233 121345      332.4929   131      331.8806      332.4469  9318136    0.17%
 158098 122109      332.5047   144      331.8806      332.4469  9361300    0.17%
 158923 122838      332.1072    88      331.8806      332.4469  9403883    0.17%
 159856 123671        cutoff            331.8806      332.4469  9448486    0.17%
 160671 124387      332.5215   140      331.8806      332.4469  9490551    0.17%
 161539 125142      332.2960   127      331.8806      332.4469  9534289    0.17%
 162306 125806      332.5621   146      331.8806      332.4469  9578688    0.17%
 163183 126564      332.2818   123      331.8806      332.4469  9622475    0.17%
Elapsed time = 1440.89 sec. (1140504.84 ticks, tree = 85.91 MB, solutions = 16)
 164095 127384      332.2232   138      331.8806      332.4469  9665355    0.17%
 164970 128155      332.3596   105      331.8806      332.4469  9709231    0.17%
 165750 128825      332.2735   130      331.8806      332.4469  9752616    0.17%
 166732 129693      332.3949   120      331.8806      332.4469  9796540    0.17%
 167516 130382      332.0607   121      331.8806      332.4469  9840966    0.17%
 168397 131160      332.5072   147      331.8806      332.4469  9884860    0.17%
 169300 131960      332.1847   124      331.8806      332.4469  9928530    0.17%
 170158 132709      332.6380   135      331.8806      332.4469  9972071    0.17%
 170929 133378      331.9347   109      331.8806      332.4469 10016067    0.17%
 171807 134156      332.2036   123      331.8806      332.4469 10060673    0.17%
Elapsed time = 1497.46 sec. (1178669.23 ticks, tree = 93.71 MB, solutions = 16)
 172784 135002      332.4649   143      331.8806      332.4469 10105084    0.17%
 173659 135762      332.5140   134      331.8806      332.4469 10148795    0.17%
 174595 136595      332.0290   121      331.8806      332.4469 10193225    0.17%
 175464 137341      332.5783   134      331.8806      332.4469 10237906    0.17%
 176238 138016      332.1494   133      331.8806      332.4469 10281604    0.17%
 177185 138844      332.0701   116      331.8806      332.4469 10324758    0.17%
 178091 139636      331.9024    78      331.8806      332.4469 10368642    0.17%
 178991 140437      332.2909   106      331.8806      332.4469 10412779    0.17%
 179903 141234      332.3487   116      331.8806      332.4469 10457203    0.17%
 180766 141987      332.6620   132      331.8806      332.4469 10501992    0.17%
Elapsed time = 1554.86 sec. (1216855.49 ticks, tree = 98.63 MB, solutions = 16)
 181618 142727      332.4924   132      331.8806      332.4469 10546386    0.17%
 182546 143535      332.5809   166      331.8806      332.4469 10590335    0.17%
 183377 144269      332.6501   152      331.8806      332.4469 10635156    0.17%
 184268 145053      332.5500   126      331.8806      332.4469 10678063    0.17%
 185160 145835      332.6389   139      331.8806      332.4469 10722981    0.17%
 186027 146585      332.6482   162      331.8806      332.4469 10767495    0.17%
 186825 147281      332.3909   136      331.8806      332.4469 10812461    0.17%
 187740 148093      332.6005   136      331.8806      332.4469 10856106    0.17%
 188706 148943      331.9667    68      331.8806      332.4469 10899966    0.17%
 189548 149684      332.0546   112      331.8806      332.4469 10944159    0.17%
Elapsed time = 1611.88 sec. (1255101.19 ticks, tree = 103.49 MB, solutions = 16)
 190364 150396      332.5937   151      331.8806      332.4469 10988300    0.17%
 191290 151202      332.1893   123      331.8806      332.4469 11032763    0.17%
 192168 151971      332.0731   110      331.8806      332.4469 11077054    0.17%
 192970 152656      332.4566   133      331.8806      332.4469 11121072    0.17%
 193891 153470      332.2547   139      331.8806      332.4469 11166143    0.17%
 194662 154145      332.1107   107      331.8806      332.4469 11211010    0.17%
 195588 154960      332.4690   148      331.8806      332.4469 11255392    0.17%
 196478 155744      332.2882   106      331.8806      332.4469 11298988    0.17%
 197516 156656      332.6191   162      331.8806      332.4469 11344053    0.17%
 198315 157359      332.2548   112      331.8806      332.4469 11388585    0.17%
Elapsed time = 1668.73 sec. (1293288.92 ticks, tree = 110.05 MB, solutions = 16)
 199165 158105      332.3639   135      331.8806      332.4469 11433685    0.17%
 199963 158810      331.9255   120      331.8806      332.4469 11478058    0.17%
 200771 159527      332.4309   137      331.8806      332.4469 11522531    0.17%
 201622 160260      332.1800   105      331.8806      332.4469 11566911    0.17%
 202431 160961      332.0226   109      331.8806      332.4469 11610838    0.17%
 203255 161674      332.4739   131      331.8806      332.4469 11656095    0.17%
 204129 162454      332.2994   124      331.8806      332.4469 11700452    0.17%
 205008 163212      332.4353   133      331.8806      332.4469 11745339    0.17%
 205927 164025      331.9918   115      331.8806      332.4469 11789449    0.17%
 206755 164745      331.9865    84      331.8806      332.4469 11834195    0.17%
Elapsed time = 1724.75 sec. (1331486.17 ticks, tree = 114.71 MB, solutions = 16)
 207502 165388      332.4892   141      331.8806      332.4469 11876991    0.17%
 208274 166056      332.4214   122      331.8806      332.4469 11919795    0.17%
 209117 166789      332.2941   142      331.8806      332.4469 11964249    0.17%
 209958 167524      332.2101   112      331.8806      332.4469 12008495    0.17%
 210958 168400      332.6064   157      331.8806      332.4469 12053126    0.17%
 211780 169131      332.0945   105      331.8806      332.4469 12097721    0.17%
 212576 169815      331.9590    97      331.8806      332.4469 12142180    0.17%
 213410 170543      332.1737   122      331.8806      332.4469 12186611    0.17%
 214157 171181      332.0136    82      331.8806      332.4469 12230907    0.17%
 214904 171816      332.1393   132      331.8806      332.4469 12275167    0.17%
Elapsed time = 1779.79 sec. (1369681.93 ticks, tree = 119.18 MB, solutions = 16)
 215751 172558      332.1519   107      331.8806      332.4469 12318848    0.17%
 216544 173253      332.1222   124      331.8806      332.4469 12363293    0.17%
 217377 173973      332.3344   135      331.8806      332.4469 12407523    0.17%
 218182 174662      332.4070   149      331.8806      332.4469 12451433    0.17%
 219158 175520      332.1833   118      331.8806      332.4469 12496184    0.17%
 220048 176306      332.3129   121      331.8806      332.4469 12540970    0.17%
 220868 177024      332.0325    59      331.8806      332.4469 12585620    0.17%
 221673 177726      331.9802    90      331.8806      332.4469 12629488    0.17%
 222448 178405      332.1519   141      331.8806      332.4469 12673616    0.17%
 223246 179091      332.4271   133      331.8806      332.4469 12717916    0.17%
Elapsed time = 1835.43 sec. (1407858.09 ticks, tree = 123.80 MB, solutions = 16)
 224052 179786      332.5398   132      331.8806      332.4469 12762441    0.17%
 224851 180471      332.5985   136      331.8806      332.4469 12806035    0.17%
 225659 181176      332.0695   124      331.8806      332.4469 12850044    0.17%
 226498 181906      332.0326    83      331.8806      332.4469 12894735    0.17%
 227349 182634      332.6204   134      331.8806      332.4469 12939218    0.17%
 228237 183427      332.4497   145      331.8806      332.4469 12984428    0.17%
 229120 184199      332.4735   139      331.8806      332.4469 13026854    0.17%
 229922 184901      332.3217   113      331.8806      332.4469 13071333    0.17%
 230826 185677      331.8885    92      331.8806      332.4469 13115743    0.17%
 231680 186422      332.0061    95      331.8806      332.4469 13159765    0.17%
Elapsed time = 1891.14 sec. (1446048.49 ticks, tree = 128.45 MB, solutions = 16)
 232481 187111      332.2012   126      331.8806      332.4469 13203978    0.17%
 233363 187866      332.2727   123      331.8806      332.4469 13248489    0.17%
 234172 188568      332.3335   116      331.8806      332.4469 13292874    0.17%
 234996 189281      332.5665   134      331.8806      332.4469 13336829    0.17%
 235760 189959      332.1858   110      331.8806      332.4469 13381819    0.17%
 236661 190745      332.5223   130      331.8806      332.4469 13426394    0.17%
 237472 191458      332.3460   115      331.8806      332.4469 13469455    0.17%
 238268 192149      332.6596   164      331.8806      332.4469 13513356    0.17%
 239108 192877      332.4191   133      331.8806      332.4469 13557791    0.17%
 239979 193648      332.2008   123      331.8806      332.4469 13601203    0.17%
Elapsed time = 1946.93 sec. (1484294.20 ticks, tree = 135.05 MB, solutions = 16)
 240841 194399      332.5372   148      331.8806      332.4469 13646280    0.17%
 241679 195131      332.4751   150      331.8806      332.4469 13690653    0.17%
 242441 195794      332.4877   140      331.8806      332.4469 13734974    0.17%
 243344 196568      332.4121   127      331.8806      332.4469 13779854    0.17%
 244201 197310      332.5017   142      331.8806      332.4469 13824608    0.17%
 245104 198089      332.0327    78      331.8806      332.4469 13868071    0.17%
 245963 198829      332.1260   120      331.8806      332.4469 13912882    0.17%
 246848 199595      332.3957   126      331.8806      332.4469 13957693    0.17%
 247761 200386      332.3975   129      331.8806      332.4469 14002278    0.17%
 248501 201035      332.0987   127      331.8806      332.4469 14046909    0.17%
Elapsed time = 2003.18 sec. (1522500.67 ticks, tree = 140.09 MB, solutions = 16)
 249380 201799      332.3972   155      331.8806      332.4469 14091527    0.17%
 250283 202587      332.5176   148      331.8806      332.4469 14137329    0.17%
 251079 203270      332.4902   140      331.8806      332.4469 14182260    0.17%
 252066 204137      332.3489   140      331.8806      332.4469 14226592    0.17%
 253034 204998      332.6225   151      331.8806      332.4469 14269982    0.17%
 253992 205833      332.2072   131      331.8806      332.4469 14313927    0.17%
 254797 206537      332.2571   126      331.8806      332.4469 14359308    0.17%
 255712 207336      331.9780    88      331.8806      332.4469 14404405    0.17%
 256638 208139      332.4029   133      331.8806      332.4469 14448331    0.17%
 257559 208937      332.1082   126      331.8806      332.4469 14491475    0.17%
Elapsed time = 2060.79 sec. (1560693.52 ticks, tree = 145.08 MB, solutions = 16)
 258531 209774      332.1590   126      331.8806      332.4469 14536872    0.17%
 259368 210489      332.3229   119      331.8806      332.4469 14581653    0.17%
 260252 211254      331.9564   122      331.8806      332.4469 14625503    0.17%
 261002 211909      331.9671    69      331.8806      332.4469 14670244    0.17%
 261976 212752      332.4947   142      331.8806      332.4469 14714819    0.17%
 262856 213516      332.4709   140      331.8806      332.4469 14759645    0.17%
 263728 214270      332.3718   134      331.8806      332.4469 14803887    0.17%
 264462 214896      332.0228   105      331.8806      332.4469 14847532    0.17%
 265332 215655      332.0285   129      331.8806      332.4469 14892204    0.17%
 266198 216392      332.3125   108      331.8806      332.4469 14937198    0.17%
Elapsed time = 2117.06 sec. (1598873.41 ticks, tree = 149.96 MB, solutions = 16)
 267153 217233      332.3799   138      331.8806      332.4469 14982165    0.17%
 267991 217968      331.9647    99      331.8806      332.4469 15027141    0.17%
 268882 218738      332.4254   138      331.8806      332.4469 15071988    0.17%
 269807 219526      332.5521   135      331.8806      332.4469 15115663    0.17%
 270716 220326      332.4215   147      331.8806      332.4469 15160498    0.17%
 271522 221022      332.6224   147      331.8806      332.4469 15205194    0.17%
 272395 221781      331.9878   125      331.8806      332.4469 15250060    0.17%
 273250 222518      332.4668   150      331.8806      332.4469 15294669    0.17%
 274152 223311      332.5069   152      331.8806      332.4469 15339332    0.17%
 275007 224070      331.9079    85      331.8806      332.4469 15384180    0.17%
Elapsed time = 2174.53 sec. (1637084.97 ticks, tree = 154.81 MB, solutions = 16)
 275943 224886      331.9106    46      331.8806      332.4469 15427922    0.17%
 276807 225632      331.9109   101      331.8806      332.4469 15472898    0.17%
 277652 226376      331.9775   106      331.8806      332.4469 15517323    0.17%
 278489 227102      332.3541   134      331.8806      332.4469 15562037    0.17%
 279359 227863      332.2421   123      331.8806      332.4469 15606880    0.17%
 280140 228539      332.3340   129      331.8806      332.4469 15649583    0.17%
 281028 229295      332.4719   133      331.8806      332.4469 15695049    0.17%
 281792 229961      332.1008   118      331.8806      332.4469 15739175    0.17%
 282668 230723      332.4710   120      331.8806      332.4469 15784168    0.17%
 283492 231438      332.3897   129      331.8806      332.4469 15828950    0.17%
Elapsed time = 2231.06 sec. (1675299.68 ticks, tree = 161.95 MB, solutions = 16)
 284437 232265      331.9127    91      331.8806      332.4469 15873174    0.17%
 285280 233003      332.5041   131      331.8806      332.4469 15918553    0.17%
 286191 233818      331.9929    88      331.8806      332.4469 15963199    0.17%
 287068 234578      332.0317    94      331.8806      332.4469 16008124    0.17%
 287953 235342      332.3370   140      331.8806      332.4469 16053545    0.17%
 288750 236015      332.4425   143      331.8806      332.4469 16098849    0.17%
 289554 236707      332.1392   109      331.8806      332.4469 16143705    0.17%
 290431 237462      331.9655    53      331.8806      332.4469 16188441    0.17%
 291289 238203      332.3839   130      331.8806      332.4469 16233086    0.17%
 292102 238897      332.3749   126      331.8806      332.4469 16278596    0.17%
Elapsed time = 2287.91 sec. (1713514.30 ticks, tree = 166.68 MB, solutions = 16)
 292938 239622      331.9217    87      331.8806      332.4469 16323397    0.17%
 293747 240312      331.9675   114      331.8806      332.4469 16367945    0.17%
 294678 241130      332.1637   110      331.8806      332.4469 16412187    0.17%
 295500 241847      332.2283   112      331.8806      332.4469 16457694    0.17%
 296339 242561      332.0638   144      331.8806      332.4469 16501928    0.17%
 297093 243196      332.1672   106      331.8806      332.4469 16545702    0.17%
 297943 243926      332.4821   153      331.8806      332.4469 16591328    0.17%
 298920 244789      332.1407   114      331.8806      332.4469 16636252    0.17%
 299846 245604      332.2232   122      331.8806      332.4469 16680416    0.17%
 300650 246299      332.1265   117      331.8806      332.4469 16725626    0.17%
Elapsed time = 2344.71 sec. (1751714.55 ticks, tree = 171.34 MB, solutions = 16)
 301504 247043      332.0398   103      331.8806      332.4469 16770867    0.17%
 302446 247835      332.6015   137      331.8806      332.4469 16815515    0.17%
 303309 248584      332.5639   147      331.8806      332.4469 16859496    0.17%
 304107 249268      332.5459   145      331.8806      332.4469 16904636    0.17%
 305034 250075      332.3745   117      331.8806      332.4469 16949905    0.17%
 305929 250841      332.6059   142      331.8806      332.4469 16995134    0.17%
 306892 251687      332.3711   145      331.8806      332.4469 17040605    0.17%
 307774 252451      332.3261   135      331.8806      332.4469 17086427    0.17%
 308646 253192      332.0914   104      331.8806      332.4469 17131293    0.17%
 309520 253946      332.4648   144      331.8806      332.4469 17174479    0.17%
Elapsed time = 2402.46 sec. (1789919.67 ticks, tree = 176.17 MB, solutions = 16)
 310356 254671      332.4943   129      331.8806      332.4469 17219963    0.17%
 311168 255380      332.3219   148      331.8806      332.4469 17264039    0.17%
 312040 256120      332.3103   152      331.8806      332.4469 17309071    0.17%
 312803 256785      332.1101   114      331.8806      332.4469 17353030    0.17%
 313602 257468      332.4135   123      331.8806      332.4469 17397654    0.17%
 314514 258247      332.5076   136      331.8806      332.4469 17442027    0.17%
 315292 258911      332.5068   146      331.8806      332.4469 17485491    0.17%
 316124 259622      332.4524   157      331.8806      332.4469 17529676    0.17%
 316882 260279      331.9184   118      331.8806      332.4469 17573237    0.17%
 317708 260984      332.1900   109      331.8806      332.4469 17616500    0.17%
Elapsed time = 2458.27 sec. (1828113.40 ticks, tree = 180.64 MB, solutions = 16)
 318588 261731      332.3061   101      331.8806      332.4469 17661046    0.17%
 319511 262538        cutoff            331.8806      332.4469 17706039    0.17%
 320346 263265      331.9527   115      331.8806      332.4469 17749565    0.17%
 321152 263973      332.2823   127      331.8806      332.4469 17794428    0.17%
 322031 264746      332.4552   153      331.8806      332.4469 17839020    0.17%
 322878 265462      332.4466   130      331.8806      332.4469 17883442    0.17%
 323801 266275      332.2306   111      331.8806      332.4469 17928400    0.17%
 324556 266928      332.1314   104      331.8806      332.4469 17973737    0.17%
 325388 267645      332.5771   157      331.8806      332.4469 18017652    0.17%
 326208 268358      332.5355   157      331.8806      332.4469 18061747    0.17%
Elapsed time = 2514.49 sec. (1866309.61 ticks, tree = 185.31 MB, solutions = 16)
 327045 269095      332.1100   118      331.8806      332.4469 18106696    0.17%
 327857 269786      331.8988    92      331.8806      332.4469 18151250    0.17%
 328652 270467      332.3927   127      331.8806      332.4469 18196070    0.17%
 329468 271173      332.5492   168      331.8806      332.4469 18239178    0.17%
 330262 271858      332.2542   120      331.8806      332.4469 18284187    0.17%
 331132 272602      332.4645   136      331.8806      332.4469 18327839    0.17%
 331970 273327      332.2556   135      331.8806      332.4469 18373145    0.17%
 332764 274005      332.2630   122      331.8806      332.4469 18417670    0.17%
 333593 274701      332.3755   128      331.8806      332.4469 18462657    0.17%
 334401 275394      332.4624   149      331.8806      332.4469 18507395    0.17%
Elapsed time = 2569.73 sec. (1904575.34 ticks, tree = 192.69 MB, solutions = 16)
 335402 276257      332.1007   109      331.8806      332.4469 18551139    0.17%
 336257 276999      332.5089   134      331.8806      332.4469 18596070    0.17%
 337072 277715      332.1738   153      331.8806      332.4469 18639279    0.17%
 337886 278408      332.4064   143      331.8806      332.4469 18684879    0.17%
 338679 279097      331.8859    85      331.8806      332.4469 18729751    0.17%
 339507 279814      332.3270   134      331.8806      332.4469 18774329    0.17%
 340317 280505      332.3541   139      331.8806      332.4469 18818794    0.17%
 341247 281320      332.1390   108      331.8806      332.4469 18863737    0.17%
 342065 282031      331.9661   103      331.8806      332.4469 18908402    0.17%
 342880 282711      332.3534   109      331.8806      332.4469 18952660    0.17%
Elapsed time = 2625.42 sec. (1942780.27 ticks, tree = 197.31 MB, solutions = 16)
 343716 283436      332.0949   101      331.8806      332.4469 18997846    0.17%
 344638 284239      332.3063   140      331.8806      332.4469 19042587    0.17%
 345487 284960      332.3683   140      331.8806      332.4469 19088009    0.17%
 346282 285631      332.1349   129      331.8806      332.4469 19132939    0.17%
 347171 286396      332.5621   121      331.8806      332.4469 19178044    0.17%
 348068 287173      331.8991    57      331.8806      332.4469 19222191    0.17%
 348874 287859      332.4355   122      331.8806      332.4469 19267689    0.17%
 349757 288635      332.1473    97      331.8806      332.4469 19312624    0.17%
 350618 289367      332.3808   149      331.8806      332.4469 19357350    0.17%
 351439 290061      332.1431   120      331.8806      332.4469 19400228    0.17%
Elapsed time = 2680.38 sec. (1980983.77 ticks, tree = 202.27 MB, solutions = 16)
 352228 290741      332.0287   117      331.8806      332.4469 19445671    0.17%
 353035 291412      332.4008   160      331.8806      332.4469 19491354    0.17%
 353943 292197      332.4063   133      331.8806      332.4469 19536283    0.17%
 354825 292969      331.9662    97      331.8806      332.4469 19580328    0.17%
 355758 293756      332.4369   123      331.8806      332.4469 19625650    0.17%
 356570 294456      332.1392   115      331.8806      332.4469 19669537    0.17%
 357457 295211      332.4951   143      331.8806      332.4469 19713467    0.17%
 358313 295951      332.3968   141      331.8806      332.4469 19758310    0.17%
 359205 296728      332.1663   104      331.8806      332.4469 19802481    0.17%
 360110 297502      332.2702   119      331.8806      332.4469 19847060    0.17%
Elapsed time = 2736.19 sec. (2019174.81 ticks, tree = 207.00 MB, solutions = 16)
 361044 298310      332.5514   144      331.8806      332.4469 19891788    0.17%
 361813 298955      332.5200   143      331.8806      332.4469 19935784    0.17%
 362668 299693      332.1553   132      331.8806      332.4469 19980072    0.17%
 363556 300459      332.3849   143      331.8806      332.4469 20024750    0.17%
 364345 301132      332.4675   138      331.8806      332.4469 20070116    0.17%
 365181 301862      331.9545   100      331.8806      332.4469 20114783    0.17%
 366165 302724      332.2677   132      331.8806      332.4469 20159203    0.17%
 367025 303466      332.3452   121      331.8806      332.4469 20204249    0.17%
 367839 304155      332.1085   113      331.8806      332.4469 20248006    0.17%
 368647 304834      332.2161   126      331.8806      332.4469 20292514    0.17%
Elapsed time = 2791.90 sec. (2057413.93 ticks, tree = 211.65 MB, solutions = 16)
 369444 305520      332.5701   148      331.8806      332.4469 20337942    0.17%
 370268 306235      332.3096   116      331.8806      332.4469 20382676    0.17%
 371166 307005      332.5193   143      331.8806      332.4469 20427837    0.17%
 371890 307609      332.2649   139      331.8806      332.4469 20472290    0.17%
 372670 308267      332.2577   118      331.8806      332.4469 20517815    0.17%
 373558 309033      332.5295   139      331.8806      332.4469 20562715    0.17%
 374367 309733      332.2135   125      331.8806      332.4469 20607100    0.17%
 375178 310409      332.1718   137      331.8806      332.4469 20651131    0.17%
 375940 311052      332.0470   101      331.8806      332.4469 20696355    0.17%
 376765 311744      332.1659   105      331.8806      332.4469 20741360    0.17%
Elapsed time = 2846.73 sec. (2095652.31 ticks, tree = 216.00 MB, solutions = 16)
 377682 312547        cutoff            331.8806      332.4469 20786069    0.17%
 378603 313327      332.3912   155      331.8806      332.4469 20831422    0.17%
 379498 314083      332.3741   138      331.8806      332.4469 20876149    0.17%
 380370 314836      332.2813   129      331.8806      332.4469 20921215    0.17%
 381119 315476      332.0955   117      331.8806      332.4469 20965325    0.17%
 381862 316100      332.0076   129      331.8806      332.4469 21010548    0.17%
 382718 316825      331.8986   117      331.8806      332.4469 21055403    0.17%
 383568 317538      332.5075   138      331.8806      332.4469 21100428    0.17%
 384290 318151      332.1965   124      331.8806      332.4469 21144977    0.17%
 385140 318870      332.2853   126      331.8806      332.4469 21189241    0.17%
Elapsed time = 2902.23 sec. (2133844.52 ticks, tree = 220.48 MB, solutions = 16)
 386000 319605      332.2067   121      331.8806      332.4469 21233617    0.17%
 386848 320337      332.1589    96      331.8806      332.4469 21277909    0.17%
 387739 321087      332.3090   114      331.8806      332.4469 21322014    0.17%
 388508 321740      332.1698   148      331.8806      332.4469 21366833    0.17%
 389450 322543      331.9834    86      331.8806      332.4469 21411844    0.17%
 390249 323227      332.2124   103      331.8806      332.4469 21455087    0.17%
 391086 323937      332.4097   143      331.8806      332.4469 21499350    0.17%
 391898 324633      332.1860   119      331.8806      332.4469 21543531    0.17%
 392734 325357      332.3655   132      331.8806      332.4469 21588164    0.17%
 393631 326122      332.2939   136      331.8806      332.4469 21632354    0.17%
Elapsed time = 2957.90 sec. (2172045.13 ticks, tree = 225.16 MB, solutions = 16)
 394440 326812      331.9002    92      331.8806      332.4469 21676965    0.17%
 395412 327654      332.5743   142      331.8806      332.4469 21721548    0.17%
 396355 328474      332.5374   144      331.8806      332.4469 21766334    0.17%
 397308 329288      332.0529   101      331.8806      332.4469 21811463    0.17%
 398196 330053      331.9800    81      331.8806      332.4469 21855916    0.17%
 399049 330785      332.1330   115      331.8806      332.4469 21900386    0.17%
 399828 331449      332.4933   129      331.8806      332.4469 21944551    0.17%
 400639 332150      331.8910    80      331.8806      332.4469 21989304    0.17%
 401492 332877      332.0801   138      331.8806      332.4469 22034056    0.17%
 402418 333679      331.9600    96      331.8806      332.4469 22078181    0.17%
Elapsed time = 3014.31 sec. (2210228.61 ticks, tree = 233.50 MB, solutions = 16)
 403242 334372      332.4226   128      331.8806      332.4469 22123035    0.17%
 404127 335140      332.2996   136      331.8806      332.4469 22167469    0.17%
 405022 335902      332.2467   128      331.8806      332.4469 22212984    0.17%
 405825 336581      332.2135   137      331.8806      332.4469 22257423    0.17%
 406687 337321      332.0594   101      331.8806      332.4469 22301963    0.17%
 407613 338103      332.2551   131      331.8806      332.4469 22346808    0.17%
 408458 338797      332.3964   123      331.8806      332.4469 22392287    0.17%
 409218 339440      332.4535   155      331.8806      332.4469 22436790    0.17%
 410151 340247      332.1585    92      331.8806      332.4469 22481766    0.17%
 410921 340905      332.0841   124      331.8806      332.4469 22526247    0.17%
Elapsed time = 3069.77 sec. (2248450.29 ticks, tree = 238.11 MB, solutions = 16)
 411755 341608      332.4514   154      331.8806      332.4469 22571355    0.17%
 412657 342380      332.1720   110      331.8806      332.4469 22615988    0.17%
 413502 343101      332.3814   142      331.8806      332.4469 22660157    0.17%
 414331 343799      332.3177   146      331.8806      332.4469 22704704    0.17%
 415152 344490      332.4238   130      331.8806      332.4469 22749312    0.17%
 416163 345360      332.4452   129      331.8806      332.4469 22783948    0.17%
 417058 346122      332.0395   137      331.8806      332.4469 22817675    0.17%
 418002 346925      332.1852   122      331.8806      332.4469 22851814    0.17%
 419064 347847      331.8928    71      331.8806      332.4469 22885984    0.17%
 420098 348731      332.5059   129      331.8806      332.4469 22919532    0.17%
Elapsed time = 3127.13 sec. (2286639.40 ticks, tree = 266.32 MB, solutions = 16)
 421090 349569      332.0457   105      331.8806      332.4469 22953128    0.17%
 422098 350437      332.1084    99      331.8806      332.4469 22987238    0.17%
 423141 351321      332.5010   135      331.8806      332.4469 23020595    0.17%
 424133 352175      332.3463   143      331.8806      332.4469 23054535    0.17%
 425139 353045      332.4377   147      331.8806      332.4469 23087890    0.17%
 426083 353851      332.3843   139      331.8806      332.4469 23122178    0.17%
 427038 354669      331.9733   113      331.8806      332.4469 23155306    0.17%
 427998 355487      332.3709   161      331.8806      332.4469 23188354    0.17%
 428978 356312      331.9739   102      331.8806      332.4469 23221836    0.17%
 429903 357088      332.4181   146      331.8806      332.4469 23255084    0.17%
Elapsed time = 3186.37 sec. (2324851.43 ticks, tree = 322.79 MB, solutions = 16)
 430895 357920      331.9038    52      331.8806      332.4469 23288513    0.17%
 431860 358747      332.1101   141      331.8806      332.4469 23322558    0.17%
 432804 359553      332.0096    95      331.8806      332.4469 23355897    0.17%
 433699 360303      331.9105    80      331.8806      332.4469 23389178    0.17%
 434608 361055      332.4074   111      331.8806      332.4469 23423178    0.17%
 435521 361832      332.3912   150      331.8806      332.4469 23457069    0.17%
 436388 362569      331.9650    84      331.8806      332.4469 23490917    0.17%
 437336 363387      332.3052   146      331.8806      332.4469 23523937    0.17%
 438280 364184      332.4400   154      331.8806      332.4469 23557354    0.17%
 439189 364972      332.1126   112      331.8806      332.4469 23588457    0.17%
Elapsed time = 3244.20 sec. (2363029.61 ticks, tree = 373.96 MB, solutions = 16)
 439568 365297      332.3231   142      331.8806      332.4469 23601209    0.17%
 439981 365651      332.2248   155      331.8806      332.4469 23616527    0.17%
 440268 365901      332.1099   111      331.8806      332.4469 23627999    0.17%
 440868 366408      332.0583    90      331.8806      332.4469 23648170    0.17%
 441268 366740      331.9035    71      331.8806      332.4469 23662867    0.17%
 441668 367080      332.0925   133      331.8806      332.4469 23677510    0.17%
 442013 367372        cutoff            331.8806      332.4469 23688919    0.17%
 442344 367658      332.1545   144      331.8806      332.4469 23700828    0.17%
 442668 367939      331.9325   114      331.8806      332.4469 23712474    0.17%
 442968 368185      332.2879   134      331.8806      332.4469 23723724    0.17%
Elapsed time = 3297.52 sec. (2404504.36 ticks, tree = 395.30 MB, solutions = 16)
 443368 368539      332.1047   132      331.8806      332.4469 23736848    0.17%
 443668 368785      332.0041    98      331.8806      332.4469 23750606    0.17%
 444120 369149      332.4571   138      331.8806      332.4469 23766185    0.17%
 444468 369436      332.0454    95      331.8806      332.4469 23777885    0.17%
 444786 369703      332.4424   126      331.8806      332.4469 23789523    0.17%
 445068 369935      332.5674   129      331.8806      332.4469 23800583    0.17%
 445468 370283      332.0781   107      331.8806      332.4469 23815484    0.17%
 445868 370627      332.2915   126      331.8806      332.4469 23830531    0.17%
 446068 370803      331.9249    97      331.8806      332.4469 23837834    0.17%
 446418 371091      332.2754   139      331.8806      332.4469 23850466    0.17%
Elapsed time = 3350.61 sec. (2446471.49 ticks, tree = 413.68 MB, solutions = 16)
 446768 371390      332.3357   138      331.8806      332.4469 23863993    0.17%
 447157 371723      332.0624   121      331.8806      332.4469 23878941    0.17%
 447477 371988      332.3202   140      331.8806      332.4469 23887424    0.17%
 447868 372330      331.9360    72      331.8806      332.4469 23899680    0.17%
 448168 372576      332.1367   114      331.8806      332.4469 23912250    0.17%
 448668 372996      331.9296   100      331.8806      332.4469 23930482    0.17%
 448968 373257      332.1810   139      331.8806      332.4469 23940825    0.17%
 449285 373520      332.5521   135      331.8806      332.4469 23951159    0.17%
 449660 373842      332.3994   130      331.8806      332.4469 23963088    0.17%
 449968 374105      332.3469   139      331.8806      332.4469 23972445    0.17%
Elapsed time = 3403.60 sec. (2487772.75 ticks, tree = 433.45 MB, solutions = 16)
 450368 374450      331.9588   116      331.8806      332.4469 23988329    0.17%
 450668 374701      332.0988   105      331.8806      332.4469 24000648    0.17%
 450968 374959      332.1826   115      331.8806      332.4469 24011300    0.17%
 451368 375297      332.2304   136      331.8806      332.4469 24025694    0.17%
 451796 375671      332.1788   128      331.8806      332.4469 24040345    0.17%
 452068 375893      332.2998   137      331.8806      332.4469 24050816    0.17%
 452448 376212      332.0483   112      331.8806      332.4469 24064067    0.17%
 452769 376473      332.4691   154      331.8806      332.4469 24075960    0.17%
 453168 376819      332.1310   128      331.8806      332.4469 24089983    0.17%
 453468 377078      332.2359   126      331.8806      332.4469 24099786    0.17%
Elapsed time = 3455.96 sec. (2529388.30 ticks, tree = 453.14 MB, solutions = 16)
 453697 377279      332.2949   112      331.8806      332.4469 24107157    0.17%
 454062 377580      332.4391   128      331.8806      332.4469 24121021    0.17%
 454318 377803      332.0557   103      331.8806      332.4469 24131480    0.17%
 454568 378019      332.3894   141      331.8806      332.4469 24140146    0.17%
 454868 378282      332.3799   141      331.8806      332.4469 24150299    0.17%
 455243 378610      332.0819   129      331.8806      332.4469 24161757    0.17%
 455668 378955      331.9287    85      331.8806      332.4469 24177033    0.17%
 455968 379201      332.2598   124      331.8806      332.4469 24187607    0.17%
 456324 379498      332.2447   129      331.8806      332.4469 24200593    0.17%
 456668 379788      331.9031   118      331.8806      332.4469 24212829    0.17%
Elapsed time = 3506.57 sec. (2569379.19 ticks, tree = 471.51 MB, solutions = 16)
 457088 380144      332.2714   144      331.8806      332.4469 24226304    0.17%
 457426 380431      332.4949   147      331.8806      332.4469 24238979    0.17%
 457868 380801      332.4170   144      331.8806      332.4469 24253415    0.17%
 458268 381140      331.9535   104      331.8806      332.4469 24268958    0.17%
 458574 381401      331.9206   118      331.8806      332.4469 24280217    0.17%
 459007 381765      332.4483   123      331.8806      332.4469 24296041    0.17%
 459268 381993      332.1497   125      331.8806      332.4469 24304884    0.17%
 459668 382332      332.2516   128      331.8806      332.4469 24319895    0.17%
 460068 382664      332.1832    99      331.8806      332.4469 24334234    0.17%
 460468 383007      332.5063   138      331.8806      332.4469 24347695    0.17%
Elapsed time = 3559.35 sec. (2610013.37 ticks, tree = 492.66 MB, solutions = 16)
 460768 383258      332.3932   138      331.8806      332.4469 24357973    0.17%
 461068 383521      332.3618   135      331.8806      332.4469 24367928    0.17%
 461478 383875      332.3359   145      331.8806      332.4469 24384198    0.17%
 462448 384709      331.9985    78      331.8806      332.4469 24417930    0.17%
 463336 385454      332.1579   121      331.8806      332.4469 24450030    0.17%
 464416 386381      331.9825   117      331.8806      332.4469 24484339    0.17%
 465364 387177      332.1299   115      331.8806      332.4469 24517539    0.17%
Advanced basis not built.

Implied bound cuts applied:  8
Flow cuts applied:  9
Mixed integer rounding cuts applied:  97
Lift and project cuts applied:  3
Gomory fractional cuts applied:  5
User cuts applied:  863

Root node processing (before b&c):
  Real time             =    2.18 sec. (1452.98 ticks)
Sequential b&c:
  Real time             = 3597.82 sec. (2637791.53 ticks)
                          ------------
Total (root+branch&cut) = 3600.00 sec. (2639244.51 ticks)
|V|                                     400
K                                       133
theta                                   0.10
r                                       1
R                                       20
prob_func                               facility_mixture
mixture_low_share                       0.100000
mixture_low_interval                    [0.001000, 0.010000]
mixture_high_interval                   [0.100000, 0.500000]
mixture_seed                            1
#C1                                     456
#CP                                     4474

@Parameters: 
am_callback_heuristic                   false
am_local_search                         true
am_start_heuristic                      false
colocation                              false
comp                                    false
cutC                                    true
cutC_init                               false
cutF                                    true
cutF_init                               false
cutF_stable                             false
cutF_wrong                              false
cutLocal                                false
cutM                                    true
cutM_init                               true
cutM_stable                             false
cutP                                    true
cutP_init                               false
cutP_stable                             false
init                                    true
init_cutF_zero                          false
init_val_greedy                         true
is_Euclidean                            false
is_local_search                         true
is_right_cutP                           true
is_root                                 false
is_silent                               false
is_start                                false
mycut                                   false
pmed                                    false
pre                                     true
stable_root                             false
str                                     true
two_phase                               false
ubstr                                   false
mode                                    Int

am_callback_node_space                  50
init                                    0
mixture_seed                            1
node_space                              5
nodelimit                               -1
nsepa                                   1
strF                                    0
type_delta                              0

EPS                                     0.001000
EPS_FRAC                                0.00
gap                                     0.00
mixture_high_max                        0.50
mixture_high_min                        0.10
mixture_low_max                         0.01
mixture_low_min                         0.00
mixture_low_share                       0.10
timelimit                               3600.00

Number of Closed Sites: 10 / 1330 
Number of Confined Sites-1: 24 / 3168 
Number of Confined Sites-k: 366 / 12501 
Preprocess Time: 1.12 + 0.00 sec

Solve Time: 3600.00
Number of Nodes: 465732
Termination Status: TIME_LIMIT

CutInfo: [phase] num / time (sec) / aver. num_nonzero
max              [LP]     0 / 0.00 / 0.00 [init]   267 / 0.00 / 1.41 [rLC]   225 / 0.07 / 2.37 [rUC]   582 / 0.05 / 2.37 [sLC]     6 / 0.03 / 3.83 [sUC]   404 / 1.72 / 2.93 
prod_oa          [LP]     0 / 0.00 / 0.00 [init]   262 / 0.00 / 12.24 [rLC]  1736 / 0.05 / 15.69 [rUC]   534 / 0.06 / 14.00 [sLC]   178 / 0.03 / 15.83 [sUC]   736 / 2.12 / 14.11 
prod_sm_fixed    [LP]     0 / 0.00 / 0.00 [init]     0 / 0.00 / 0.00 [rLC]     0 / 0.00 / 0.00 [rUC]     0 / 0.00 / 0.00 [sLC]     0 / 0.00 / 0.00 [sUC]     0 / 0.00 / 0.00 
prod_bin         [LP]     0 / 0.00 / 0.00 [init]     0 / 0.00 / 0.00 [rLC]     0 / 0.00 / 0.00 [rUC]     0 / 0.00 / 0.00 [sLC]     0 / 0.00 / 0.00 [sUC]     0 / 0.00 / 0.00 
prod_local       [LP]     0 / 0.00 / 0.00 [init]     0 / 0.00 / 0.00 [rLC]     0 / 0.00 / 0.00 [rUC]     0 / 0.00 / 0.00 [sLC]     0 / 0.00 / 0.00 [sUC]     0 / 0.00 / 0.00 
prod_sm_C        [LP]     0 / 0.00 / 0.00 [init]     0 / 0.01 / 0.00 [rLC]     0 / 0.15 / 0.00 [rUC]  1449 / 0.24 / 24.16 [sLC]     0 / 0.08 / 0.00 [sUC]  3413 / 8.22 / 27.44 
facet            [LP]     0 / 0.00 / 0.00 [init]     0 / 0.00 / 0.00 [rLC]     0 / 0.00 / 0.00 [rUC]  1449 / 0.00 / 0.00 [sLC]     0 / 0.00 / 0.00 [sUC]  3413 / 0.00 / 0.00 
Separation Round:   [LP] 0  [init] 1  [rLC] 25  [rUC] 22  [sLC] 13  [sUC] 879208  
Root Best Bound 333.421509
Root Best Integer: 317.802511
Best Bound: 332.446911
Best Integer: 331.880609
1: 1, 4, 6, 13, 17, 20, 21, 22, 26, 28, 30, 31, 33, 34, 35, 39, 41, 50, 51, 54, 56, 60, 64, 65, 69, 72, 73, 76, 77, 83, 87, 88, 90, 91, 93, 94, 100, 102, 106, 107, 109, 116, 117, 121, 125, 130, 132, 137, 149, 153, 157, 163, 167, 168, 169, 170, 172, 178, 183, 185, 188, 189, 192, 193, 196, 197, 199, 200, 201, 204, 206, 212, 213, 217, 223, 225, 226, 233, 238, 241, 243, 244, 246, 247, 253, 258, 264, 265, 268, 271, 272, 278, 279, 280, 282, 284, 287, 290, 293, 294, 297, 298, 301, 303, 314, 315, 317, 320, 325, 329, 332, 334, 335, 338, 339, 343, 348, 351, 356, 358, 362, 364, 367, 368, 369, 370, 371, 376, 379, 384, 390, 397, 400
Objective Value (calc): 331.877254
sum_etaM = 261.196490 / 261.196490
sum_etaP = 339.734400 / 339.730672
nL: 133
nCL: 0
mCL: 1
