Version identifier: 20.1.0.0 | 2020-11-10 | 9bedb6d68
CPXPARAM_Threads                                 1
CPXPARAM_TimeLimit                               3600
CPXPARAM_MIP_Tolerances_MIPGap                   0
Generic callback                                 0x60
1 of 1 MIP starts provided solutions.
MIP start 'm1' defined initial solution with objective 639.9666.
Tried aggregator 2 times.
MIP Presolve eliminated 8 rows and 4 columns.
MIP Presolve modified 1494 coefficients.
Aggregator did 4 substitutions.
Reduced MIP has 3557 rows, 3592 columns, and 239060 nonzeros.
Reduced MIP has 898 binaries, 894 generals, 0 SOSs, and 0 indicators.
Presolve time = 0.06 sec. (67.94 ticks)
Probing time = 0.00 sec. (5.44 ticks)
Tried aggregator 1 time.
Reduced MIP has 3557 rows, 3592 columns, and 239060 nonzeros.
Reduced MIP has 898 binaries, 894 generals, 0 SOSs, and 0 indicators.
Presolve time = 0.04 sec. (37.64 ticks)
Probing time = 0.00 sec. (5.44 ticks)
MIP emphasis: balance optimality and feasibility.
MIP search method: dynamic search.
Parallel mode: none, using 1 thread.
Root relaxation solution time = 0.38 sec. (521.65 ticks)

        Nodes                                         Cuts/
   Node  Left     Objective  IInf  Best Integer    Best Bound    ItCnt     Gap

*     0+    0                          639.9666      900.0000            40.63%
      0     0      668.2528     9      639.9666      668.2528     3231    4.42%
      0     0      647.8416    27      639.9666     Cuts: 673     3984    1.23%
      0     0      647.6686    31      639.9666     Cuts: 126     4096    1.20%

Repeating presolve.
Tried aggregator 1 time.
MIP Presolve eliminated 1769 rows and 1717 columns.
MIP Presolve modified 88 coefficients.
Reduced MIP has 1788 rows, 1875 columns, and 29216 nonzeros.
Reduced MIP has 59 binaries, 42 generals, 0 SOSs, and 0 indicators.
Presolve time = 0.03 sec. (26.00 ticks)
Probing time = 0.00 sec. (1.57 ticks)
Tried aggregator 1 time.
Reduced MIP has 1788 rows, 1875 columns, and 29216 nonzeros.
Reduced MIP has 59 binaries, 42 generals, 0 SOSs, and 0 indicators.
Presolve time = 0.01 sec. (6.20 ticks)
Represolve time = 0.05 sec. (52.92 ticks)
Probing time = 0.00 sec. (1.56 ticks)
MIP emphasis: balance optimality and feasibility.
MIP search method: dynamic search.
Parallel mode: none, using 1 thread.
Root relaxation solution time = 0.27 sec. (360.92 ticks)

        Nodes                                         Cuts/
   Node  Left     Objective  IInf  Best Integer    Best Bound    ItCnt     Gap

*     0+    0                          639.9666      647.6686             1.20%
      0     0      647.6686    31      639.9666      647.6686     6688    1.20%
      0     0      646.8756    23      639.9666     Cuts: 125     6910    1.08%
      0     0      646.6740    23      639.9666      Cuts: 85     6992    1.05%
      0     0      646.2949    27      639.9666     Cuts: 198     7210    0.99%
      0     0      645.4107    27      639.9666     Cuts: 179     7637    0.85%
      0     0      645.3067    29      639.9666      Cuts: 56     7728    0.83%
      0     0      645.2603    29      639.9666     Cuts: 166     7832    0.83%
      0     0      645.2476    27      639.9666      Cuts: 38     7869    0.83%
      0     0      645.2172    29      639.9666     Cuts: 107     7947    0.82%
      0     0      645.2142    29      639.9666 UserPurge2: 21     7983    0.82%
      0     0      645.2125    29      639.9666 UserPurge2: 5     7996    0.82%
      0     0      645.2113    29      639.9666 UserPurge2: 10     8016    0.82%
      0     0      645.2106    29      639.9666 UserPurge2: 11     8043    0.82%
      0     0      645.2097    29      639.9666 UserPurge2: 5     8053    0.82%
      0     0      645.2093    29      639.9666 UserPurge2: 2     8060    0.82%
      0     0      645.2091    29      639.9666 UserPurge2: 1     8063    0.82%
      0     2      644.6014    25      639.9666      644.6004     8063    0.72%
Elapsed time = 6.49 sec. (3162.93 ticks, tree = 0.01 MB, solutions = 1)
      3     5      643.1456    16      639.9666      644.0627     9750    0.64%
     11     9      640.3707    10      639.9666      644.0627    11294    0.64%
     18     8      642.9112    19      639.9666      644.0616    13111    0.64%
     21     9      640.7543     5      639.9666      644.0616    15502    0.64%
     27    11      641.5030    13      639.9666      643.5243    16972    0.56%
     32    12      642.0883    25      639.9666      643.4898    18764    0.55%
     37    13      642.3783    14      639.9666      643.4787    20268    0.55%
     43    15      641.8643    18      639.9666      642.9094    21703    0.46%
     47    15      641.1674    19      639.9666      642.9061    23587    0.46%
     81    14      641.0143    14      639.9666      641.4004    29621    0.22%
Elapsed time = 10.46 sec. (6579.76 ticks, tree = 0.02 MB, solutions = 1)

Flow cuts applied:  8
Mixed integer rounding cuts applied:  263
Gomory fractional cuts applied:  3
User cuts applied:  2147

Root node processing (before b&c):
  Real time             =    5.03 sec. (3162.13 ticks)
Sequential b&c:
  Real time             =    5.61 sec. (3677.34 ticks)
                          ------------
Total (root+branch&cut) =   10.64 sec. (6839.47 ticks)
|V|                                     900
K                                       5
theta                                   0.10
r                                       2
R                                       20
prob_func                               facility_mixture
mixture_low_share                       0.500000
mixture_low_interval                    [0.001000, 0.010000]
mixture_high_interval                   [0.100000, 0.500000]
mixture_seed                            1
#C1                                     1686
#CP                                     227272

@Parameters: 
am_callback_heuristic                   false
am_local_search                         true
am_start_heuristic                      false
colocation                              true
comp                                    false
cutC                                    true
cutC_init                               false
cutF                                    false
cutF_init                               false
cutF_stable                             false
cutF_wrong                              false
cutLocal                                false
cutM                                    true
cutM_init                               true
cutM_stable                             false
cutP                                    true
cutP_init                               false
cutP_stable                             false
init                                    true
init_cutF_zero                          false
init_val_greedy                         true
is_Euclidean                            false
is_local_search                         false
is_right_cutP                           true
is_root                                 false
is_silent                               false
is_start                                false
mycut                                   false
pmed                                    false
pre                                     true
stable_root                             false
str                                     false
two_phase                               false
ubstr                                   false
mode                                    Int

am_callback_node_space                  50
init                                    0
mixture_seed                            1
node_space                              5
nodelimit                               -1
nsepa                                   1
strF                                    0
type_delta                              0

EPS                                     0.001000
EPS_FRAC                                0.00
gap                                     0.00
mixture_high_max                        0.50
mixture_high_min                        0.10
mixture_low_max                         0.01
mixture_low_min                         0.00
mixture_low_share                       0.50
timelimit                               3600.00

Number of Closed Sites: 2 / 10 
Number of Confined Sites-1: 4 / 16 
Number of Confined Sites-k: 894 / 1250 
Preprocess Time: 1.56 + 0.00 sec

Solve Time: 10.64
Number of Nodes: 100
Termination Status: OPTIMAL

CutInfo: [phase] num / time (sec) / aver. num_nonzero
max              [LP]     0 / 0.00 / 0.00 [init]   884 / 0.24 / 15.56 [rLC]   726 / 0.09 / 20.76 [rUC]   887 / 0.24 / 23.23 [sLC]     0 / 0.00 / 0.00 [sUC]   210 / 0.16 / 39.53 
prod_oa          [LP]     0 / 0.00 / 0.00 [init]   884 / 0.07 / 247.83 [rLC]  1107 / 0.34 / 232.53 [rUC]   461 / 1.29 / 206.31 [sLC]     0 / 0.00 / 0.00 [sUC]   284 / 0.87 / 178.37 
prod_sm_fixed    [LP]     0 / 0.00 / 0.00 [init]     0 / 0.00 / 0.00 [rLC]     0 / 0.00 / 0.00 [rUC]     0 / 0.00 / 0.00 [sLC]     0 / 0.00 / 0.00 [sUC]     0 / 0.00 / 0.00 
prod_bin         [LP]     0 / 0.00 / 0.00 [init]     0 / 0.00 / 0.00 [rLC]     0 / 0.00 / 0.00 [rUC]     0 / 0.00 / 0.00 [sLC]     0 / 0.00 / 0.00 [sUC]     0 / 0.00 / 0.00 
prod_local       [LP]     0 / 0.00 / 0.00 [init]     0 / 0.00 / 0.00 [rLC]     0 / 0.00 / 0.00 [rUC]     0 / 0.00 / 0.00 [sLC]     0 / 0.00 / 0.00 [sUC]     0 / 0.00 / 0.00 
prod_sm_C        [LP]     0 / 0.00 / 0.00 [init]     0 / 0.00 / 0.00 [rLC]     0 / 0.00 / 0.00 [rUC]     0 / 0.00 / 0.00 [sLC]     0 / 0.00 / 0.00 [sUC]     0 / 0.00 / 0.00 
facet            [LP]     0 / 0.00 / 0.00 [init]     0 / 0.00 / 0.00 [rLC]     0 / 0.00 / 0.00 [rUC]     0 / 0.00 / 0.00 [sLC]     0 / 0.00 / 0.00 [sUC]     0 / 0.00 / 0.00 
Separation Round:   [LP] 0  [init] 1  [rLC] 5  [rUC] 19  [sLC] 0  [sUC] 108  
Root Best Bound 644.062721
Root Best Integer: 639.966630
Best Bound: 641.369865
Best Integer: 639.966630
1: 152, 215, 473
2: 360
Objective Value (calc): 639.966630
sum_etaM = 381.247721 / 381.247721
sum_etaP = 668.713176 / 668.713176
nL: 4
nCL: 1
mCL: 2
