Version identifier: 20.1.0.0 | 2020-11-10 | 9bedb6d68
CPXPARAM_Threads                                 1
CPXPARAM_TimeLimit                               3600
CPXPARAM_MIP_Tolerances_MIPGap                   0
Generic callback                                 0x60
1 of 1 MIP starts provided solutions.
MIP start 'm1' defined initial solution with objective 323.3472.
Tried aggregator 1 time.
MIP Presolve eliminated 16 rows and 16 columns.
Reduced MIP has 851 rows, 1484 columns, and 9634 nonzeros.
Reduced MIP has 484 binaries, 0 generals, 0 SOSs, and 0 indicators.
Presolve time = 0.00 sec. (2.27 ticks)
Probing time = 0.00 sec. (0.49 ticks)
Tried aggregator 1 time.
Reduced MIP has 851 rows, 1484 columns, and 9634 nonzeros.
Reduced MIP has 484 binaries, 0 generals, 0 SOSs, and 0 indicators.
Presolve time = 0.00 sec. (2.14 ticks)
Probing time = 0.00 sec. (0.49 ticks)
MIP emphasis: balance optimality and feasibility.
MIP search method: dynamic search.
Parallel mode: none, using 1 thread.
Root relaxation solution time = 0.01 sec. (5.00 ticks)

        Nodes                                         Cuts/
   Node  Left     Objective  IInf  Best Integer    Best Bound    ItCnt     Gap

*     0+    0                          323.3472      500.0000            54.63%
      0     0      413.0887    28      323.3472      413.0887      861   27.75%
      0     0      368.0190    90      323.3472     Cuts: 312     1465   13.82%
      0     0      363.3385   104      323.3472     Cuts: 312     2028   12.37%
      0     0      360.9472   105      323.3472     Cuts: 312     2566   11.63%
      0     0      360.2175   104      323.3472     Cuts: 258     2868   11.40%
      0     0      359.3869   107      323.3472     Cuts: 191     3157   11.15%
      0     0      359.0928   109      323.3472     Cuts: 141     3348   11.05%
      0     0      358.8211   108      323.3472     Cuts: 131     3519   10.97%
      0     0      358.6395   105      323.3472      Cuts: 72     3650   10.91%
      0     0      358.4741   107      323.3472     Cuts: 116     3797   10.86%
      0     0      358.4083   108      323.3472      Cuts: 23     3874   10.84%
      0     0      358.3962   106      323.3472   MIRcuts: 15     3903   10.84%
      0     0      358.3382   106      323.3472      Cuts: 53     4008   10.82%
      0     0      358.2578   109      323.3472      Cuts: 56     4112   10.80%
      0     0      358.1979   106      323.3472      Cuts: 43     4213   10.78%
      0     0      358.1109   106      323.3472      Cuts: 56     4323   10.75%
      0     0      358.0458   107      323.3472      Cuts: 56     4433   10.73%
      0     0      358.0089   108      323.3472      Cuts: 48     4510   10.72%
      0     0      357.9753   105      323.3472 UserPurge2: 40     4561   10.71%
      0     0      357.9160   106      323.3472 UserPurge2: 48     4656   10.69%
      0     0      357.9050   108      323.3472 UserPurge2: 34     4706   10.69%
      0     0      357.8896   107      323.3472 UserPurge2: 21     4757   10.68%
      0     0      357.8768   107      323.3472 UserPurge2: 16     4795   10.68%
      0     0      357.8596   107      323.3472 UserPurge2: 27     4854   10.67%
      0     0      357.8479   106      323.3472 UserPurge2: 9     4887   10.67%
      0     0      357.8414   107      323.3472 UserPurge2: 10     4919   10.67%
      0     0      357.8207   106      323.3472 UserPurge2: 29     4961   10.66%
      0     0      357.8175   106      323.3472 UserPurge2: 15     4995   10.66%
      0     0      357.8099   106      323.3472 UserPurge2: 8     5033   10.66%
      0     0      357.8037   106      323.3472 UserPurge2: 19     5058   10.66%
      0     0      357.8031   106      323.3472 UserPurge2: 12     5076   10.66%
      0     0      357.8011   106      323.3472 UserPurge2: 7     5102   10.66%
      0     0      357.7987   106      323.3472 UserPurge2: 18     5135   10.65%
      0     0      357.7954   107      323.3472 UserPurge2: 18     5175   10.65%
      0     0      357.7942   105      323.3472 UserPurge2: 7     5196   10.65%
      0     0      357.7899   106      323.3472 UserPurge2: 8     5226   10.65%
      0     0      357.7866   107      323.3472 UserPurge2: 6     5252   10.65%
      0     0      357.7862   107      323.3472 UserPurge2: 2     5256   10.65%
      0     2      357.7849   106      323.3472      357.7815     5256   10.65%
Elapsed time = 9.94 sec. (2625.83 ticks, tree = 0.01 MB, solutions = 1)
      7     9      357.1920   105      323.3472      357.7119     7620   10.63%
     10    12      356.7850   104      323.3472      357.7119     8980   10.63%
     15    17      355.4566   104      323.3472      357.7119    11476   10.63%
     20    22      354.6869    96      323.3472      357.7119    13456   10.63%
     30    32      353.4691    85      323.3472      357.7119    15717   10.63%
     38    40      352.7515    77      323.3472      357.7119    17568   10.63%
     40    42      351.8412    77      323.3472      357.7119    18935   10.63%
     45    47      351.1661    72      323.3472      357.7119    20455   10.63%
     50    52      350.1915    66      323.3472      357.7119    21542   10.63%
     71    73      345.8425    46      323.3472      357.7119    25522   10.63%
Elapsed time = 18.22 sec. (6851.32 ticks, tree = 0.72 MB, solutions = 1)
*   125   123      integral     0      335.6005      357.7119    30071    6.59%
*   128   124      integral     0      335.8895      357.7119    30155    6.50%
*   130   124      integral     0      336.0022      357.7119    30218    6.46%
    140   128      356.0370   106      336.0022      357.7106    33913    6.46%
    150   138      353.7346    95      336.0022      357.7106    39202    6.46%
    160   148      351.5373    81      336.0022      357.7106    43379    6.46%
    200   188      345.6393    40      336.0022      357.7106    48659    6.46%
*   255   231      integral     0      337.2277      357.7106    50862    6.07%
    264   238      354.5476   101      337.2277      357.6573    55801    6.06%
    274   248      350.7196    89      337.2277      357.6573    60576    6.06%
Elapsed time = 34.68 sec. (14763.02 ticks, tree = 1.21 MB, solutions = 5)
    295   269      346.1324    61      337.2277      357.6573    65093    6.06%
*   341   270      integral     0      339.8091      357.6573    67089    5.25%
    347   276      354.8162   101      339.8091      357.2782    71909    5.14%
    357   286      351.8065    89      339.8091      357.2782    75864    5.14%
    376   305      346.2938    62      339.8091      357.2782    80462    5.14%
*   420   318      integral     0      341.7869      357.2782    82683    4.53%
    428   324      354.1205   100      341.7869      357.1896    87506    4.51%
    439   335      350.2587    77      341.7869      357.1896    91976    4.51%
    456   352      346.3700    54      341.7869      357.1896    95164    4.51%
*   488   331      integral     0      343.3986      357.1896    97117    4.02%
Elapsed time = 51.45 sec. (22938.32 ticks, tree = 1.57 MB, solutions = 8)
    494   337      354.6855   102      343.3986      357.1865   101398    4.02%
    505   348      350.8745    82      343.3986      357.1865   105790    4.02%
    522   365      347.2690    41      343.3986      357.1865   110008    4.02%
*   561   376      integral     0      344.1293      357.1865   111397    3.79%
    569   382      353.9321    97      344.1293      357.1789   116263    3.79%
    580   393      349.9373    81      344.1293      357.1789   120635    3.79%
    605   418      344.8233    52      344.1293      357.1789   124863    3.79%
    619   426      354.6847   100      344.1293      357.1724   129425    3.79%
    629   436      350.6467    85      344.1293      357.1724   133841    3.79%
    659   466      344.6769    37      344.1293      357.1724   138692    3.79%
Elapsed time = 65.69 sec. (32088.11 ticks, tree = 1.98 MB, solutions = 9)

Performing restart 1

Repeating presolve.
Tried aggregator 1 time.
Reduced MIP has 851 rows, 1484 columns, and 9634 nonzeros.
Reduced MIP has 484 binaries, 0 generals, 0 SOSs, and 0 indicators.
Presolve time = 0.00 sec. (2.17 ticks)
Tried aggregator 1 time.
Reduced MIP has 851 rows, 1484 columns, and 9634 nonzeros.
Reduced MIP has 484 binaries, 0 generals, 0 SOSs, and 0 indicators.
Presolve time = 0.00 sec. (2.16 ticks)
Represolve time = 0.06 sec. (35.66 ticks)
    671     2      357.1640   111      344.1293      356.9003   147370    3.71%
    681    12      353.7414    96      344.1293      356.9003   151486    3.71%
    691    22      352.3699    87      344.1293      356.9003   158371    3.71%
    710    41      346.4697    75      344.1293      356.9003   165568    3.71%
    731    58      356.2900   105      344.1293      356.9003   170751    3.71%
    740    67      351.8668    94      344.1293      356.9003   177167    3.71%
    748    75      349.7694    89      344.1293      356.9003   181031    3.71%
    760    87      347.1172    80      344.1293      356.9003   184190    3.71%
    780   105        cutoff            344.1293      356.9003   187944    3.71%
    791   110      353.5886   100      344.1293      356.9003   191929    3.71%
Elapsed time = 82.57 sec. (44591.88 ticks, tree = 1.23 MB, solutions = 9)
    801   120      347.5337    86      344.1293      356.9003   197283    3.71%
    829   144      352.4399    93      344.1293      356.8702   201235    3.70%
    860   175      344.7514    44      344.1293      356.8702   204889    3.70%
    881   193      348.5548    72      344.1293      356.7552   208476    3.67%
    921   229      353.1301    85      344.1293      356.7343   212163    3.66%
    941   249      349.1962    69      344.1293      356.7343   215555    3.66%
    974   278      351.7397    96      344.1293      356.7133   219287    3.66%
    990   294      344.3185    78      344.1293      356.7133   222832    3.66%
   1011   311      349.4499    68      344.1293      356.4215   226343    3.57%
   1063   358      355.4819   104      344.1293      356.2793   229677    3.53%
Elapsed time = 102.34 sec. (54632.88 ticks, tree = 3.41 MB, solutions = 9)
   1075   370      349.9013    75      344.1293      356.2793   232986    3.53%
   1127   414      354.9165   106      344.1293      356.0768   236247    3.47%
   1131   418      352.0785   100      344.1293      356.0768   237536    3.47%
   1156   443      344.3722    55      344.1293      356.0768   241010    3.47%
   1169   452      351.7756    95      344.1293      356.0073   244756    3.45%
   1176   459      347.8773    80      344.1293      356.0073   247922    3.45%
   1199   482      344.8783    67      344.1293      356.0073   251393    3.45%
   1209   488      351.9168    96      344.1293      355.8920   255168    3.42%
   1219   498      348.0592    78      344.1293      355.8920   258335    3.42%
   1236   511      353.7418   106      344.1293      355.8279   261409    3.40%
Elapsed time = 117.58 sec. (64962.68 ticks, tree = 5.84 MB, solutions = 9)
   1245   520      348.9730    86      344.1293      355.8279   264698    3.40%
   1252   523      354.4852    99      344.1293      355.6636   268001    3.35%
   1263   534      349.8415    72      344.1293      355.6636   271168    3.35%
   1281   552      346.1587    42      344.1293      355.6636   273057    3.35%
   1311   576      351.3837    84      344.1293      355.6213   275252    3.34%
   1357   622      344.1916     2      344.1293      355.6213   278208    3.34%
*  1359   619      integral     0      344.1855      355.6213   278219    3.32%
   1368   626      351.7293    96      344.1855      355.4820   281125    3.28%
   1385   643      347.9323    68      344.1855      355.4820   284114    3.28%
   1427   681      354.6738    98      344.1855      355.4808   287200    3.28%
Elapsed time = 132.21 sec. (74259.97 ticks, tree = 9.16 MB, solutions = 10)
   1431   685      352.5521    87      344.1855      355.4808   288113    3.28%
   1471   725      344.8118    28      344.1855      355.4808   291234    3.28%
   1492   742      348.4289    84      344.1855      355.4735   294072    3.28%
   1506   753      353.6337   102      344.1855      355.3667   297328    3.25%
   1511   758      350.7973    89      344.1855      355.3667   298863    3.25%
   1535   782      344.7816    52      344.1855      355.3667   301863    3.25%
   1548   791      349.3785    91      344.1855      355.2729   304630    3.22%
   1551   794      347.9891    88      344.1855      355.2729   305853    3.22%
   1570   809      352.8083   101      344.1855      355.1578   309055    3.19%
   1581   820      349.3788    87      344.1855      355.1578   312144    3.19%
Elapsed time = 146.29 sec. (84469.45 ticks, tree = 15.58 MB, solutions = 10)
   1599   838      346.2712    73      344.1855      355.1578   315148    3.19%
   1620   853      352.2474    92      344.1855      355.0975   318104    3.17%
   1631   864      348.2759    71      344.1855      355.0975   319815    3.17%
   1652   881      351.4728   104      344.1855      355.0859   323093    3.17%
   1661   890      347.3437    88      344.1855      355.0859   325990    3.17%
   1676   901      351.3758   105      344.1855      355.0830   329587    3.17%
   1686   911      347.2657    86      344.1855      355.0830   332566    3.17%
   1701   922      351.4515    97      344.1855      355.0066   335391    3.14%
   1721   942      344.9782    57      344.1855      355.0066   337790    3.14%
   1791  1008      344.8253    30      344.1855      354.9778   348967    3.14%
Elapsed time = 164.47 sec. (97684.04 ticks, tree = 24.38 MB, solutions = 10)
*  1906  1096      integral     0      344.2050      354.9109   357699    3.11%
   1951  1137      348.2737    76      344.2050      354.7949   367351    3.08%
   2014  1192      351.0171    91      344.2050      354.7069   377969    3.05%
   2100  1268      348.1956    84      344.2050      354.6885   389223    3.05%
   2155  1316      349.9430    76      344.2050      354.6414   400169    3.03%
   2232  1385      350.5671    88      344.2050      354.5179   411206    3.00%
   2284  1429      353.3755    99      344.2050      354.4895   419390    2.99%
   2384  1521      345.8036    65      344.2050      354.4250   430818    2.97%
   2458  1587      345.8906    65      344.2050      354.3673   442022    2.95%
   2564  1685      345.3686     5      344.2050      354.2907   453344    2.93%
Elapsed time = 221.46 sec. (135567.17 ticks, tree = 52.56 MB, solutions = 11)
*  2575  1530      integral     0      344.7752      354.2907   453575    2.76%
   2669  1612      352.7331    95      344.7752      354.2123   465135    2.74%
   2703  1642      352.5801    95      344.7752      354.1672   469484    2.72%
   2785  1712      352.5816    87      344.7752      354.1298   480558    2.71%
   2862  1780      345.1897    66      344.7752      354.0886   491882    2.70%
   2921  1830      349.4200    75      344.7752      354.0703   503038    2.70%
   2978  1879      348.3436    88      344.7752      353.9428   514398    2.66%
   3042  1935      347.1498    70      344.7752      353.8957   525472    2.65%
   3101  1984      348.4415    77      344.7752      353.8732   536678    2.64%
*  3165  1687      integral     0      345.6758      353.8570   541305    2.37%
Elapsed time = 268.23 sec. (168127.86 ticks, tree = 56.16 MB, solutions = 13)
   3244  1756      348.1199    74      345.6758      353.7834   552326    2.35%
   3322  1822      348.1685    69      345.6758      353.7401   563241    2.33%
   3403  1890      351.4870    86      345.6758      353.7275   573991    2.33%
   3479  1954      349.5319    86      345.6758      353.6647   585172    2.31%
   3541  2000      352.9764    92      345.6758      353.5876   596305    2.29%
   3631  2078      351.9113    96      345.6758      353.5431   607767    2.28%
   3696  2131      352.2469    97      345.6758      353.4514   618877    2.25%
   3752  2179      350.1348    80      345.6758      353.4479   629712    2.25%
   3817  2232      352.0081   100      345.6758      353.4073   641303    2.24%
   3871  2276      352.0505    92      345.6758      353.4021   649815    2.24%
Elapsed time = 322.94 sec. (207091.25 ticks, tree = 82.30 MB, solutions = 13)
   3951  2344      349.4356    76      345.6758      353.3508   660860    2.22%
   4034  2411      350.5877    86      345.6758      353.3129   671788    2.21%
   4104  2469      350.4267    96      345.6758      353.2812   683284    2.20%
   4174  2527      351.0806    82      345.6758      353.2404   694293    2.19%
   4247  2592      346.6421    66      345.6758      353.2192   705417    2.18%
   4302  2635      350.2274    86      345.6758      353.2028   715266    2.18%
   4378  2703      346.3650    45      345.6758      353.1736   726678    2.17%
   4471  2776      350.8546    80      345.6758      353.1261   737632    2.16%
   4560  2851      350.4514    93      345.6758      353.1152   748979    2.15%
   4625  2904      350.1208    85      345.6758      353.0946   760072    2.15%
Elapsed time = 378.52 sec. (245656.08 ticks, tree = 110.63 MB, solutions = 13)
   4686  2955        cutoff            345.6758      353.0502   771075    2.13%
   4746  3004      347.4403    70      345.6758      353.0410   782051    2.13%
   4831  3077      347.8992    76      345.6758      353.0024   793188    2.12%
   4907  3138      349.0509    76      345.6758      352.9700   804291    2.11%
   4992  3209      351.1437    97      345.6758      352.9410   815426    2.10%
   5064  3267      351.9957    94      345.6758      352.9193   826601    2.10%
   5133  3328      347.6325    62      345.6758      352.8976   835656    2.09%
   5214  3395      346.3383    55      345.6758      352.8429   847036    2.07%
   5291  3455      345.6773    62      345.6758      352.8136   858270    2.06%
   5353  3505      350.6494    85      345.6758      352.7730   869590    2.05%
Elapsed time = 433.17 sec. (284116.48 ticks, tree = 140.92 MB, solutions = 13)
   5434  3573      349.2182    78      345.6758      352.7484   880852    2.05%
   5471  3602      349.7863    88      345.6758      352.7369   887636    2.04%
   5544  3664      348.6662    83      345.6758      352.7065   898914    2.03%
   5626  3734      351.7648    94      345.6758      352.7036   910034    2.03%
   5693  3789      350.6167    75      345.6758      352.6485   921056    2.02%
   5786  3870      348.8041    87      345.6758      352.6358   932125    2.01%
   5884  3948      351.2758    96      345.6758      352.6058   943627    2.00%
   5974  4021      349.8487   103      345.6758      352.5767   954667    2.00%
   6037  4072      351.0228    90      345.6758      352.5384   966229    1.99%
   6119  4141      349.0141    79      345.6758      352.5275   977408    1.98%
Elapsed time = 489.21 sec. (323060.37 ticks, tree = 170.19 MB, solutions = 13)
   6201  4207      350.3724    91      345.6758      352.5066   989004    1.98%
   6261  4255      351.4892    91      345.6758      352.4956  1000032    1.97%
   6322  4306      348.1650    77      345.6758      352.4839  1011386    1.97%
   6397  4365      350.5982    98      345.6758      352.4596  1022714    1.96%
   6485  4437      350.0926    81      345.6758      352.4476  1034114    1.96%
   6563  4503      347.5009    53      345.6758      352.4066  1045330    1.95%
   6672  4588      351.0294    90      345.6758      352.3780  1056566    1.94%
   6768  4670      346.5703    69      345.6758      352.3682  1067803    1.94%
   6839  4727      349.3178    79      345.6758      352.3622  1079157    1.93%
   6908  4782      347.4802    74      345.6758      352.3443  1091138    1.93%
Elapsed time = 545.58 sec. (361716.05 ticks, tree = 201.44 MB, solutions = 13)
   6976  4832      350.0353    84      345.6758      352.3140  1102135    1.92%
   7050  4894      347.5587    77      345.6758      352.2939  1113466    1.91%
   7115  4947      346.0667    59      345.6758      352.2889  1124619    1.91%
   7166  4986      348.8984    71      345.6758      352.2768  1135783    1.91%
   7264  5072      346.0202    53      345.6758      352.2519  1146804    1.90%
   7342  5133      347.3372    79      345.6758      352.2377  1157918    1.90%
   7414  5193      345.9924    39      345.6758      352.2175  1169180    1.89%
   7482  5249      345.9961    60      345.6758      352.2113  1179438    1.89%
   7550  5302      348.0041    89      345.6758      352.1841  1190555    1.88%
   7610  5350      349.1151    82      345.6758      352.1736  1201425    1.88%
Elapsed time = 599.26 sec. (400096.93 ticks, tree = 230.22 MB, solutions = 13)
   7684  5410      347.7673    78      345.6758      352.1590  1212428    1.88%
   7755  5466      347.5201    67      345.6758      352.1456  1223649    1.87%
   7827  5526      346.0342    64      345.6758      352.1425  1234686    1.87%
   7872  5559      348.7489    89      345.6758      352.1337  1242657    1.87%
   7927  5602      350.0876    75      345.6758      352.1242  1254048    1.87%
   8020  5679      351.1912    95      345.6758      352.1106  1265538    1.86%
   8094  5741      348.8104    77      345.6758      352.1084  1276406    1.86%
   8149  5784      348.3540   100      345.6758      352.1012  1287423    1.86%
   8217  5840      345.7935    79      345.6758      352.0776  1298416    1.85%
   8288  5895      347.4724    74      345.6758      352.0615  1309557    1.85%
Elapsed time = 652.11 sec. (438542.67 ticks, tree = 255.12 MB, solutions = 13)
   8372  5962      346.0690    67      345.6758      352.0448  1320608    1.84%
   8461  6031      350.6066    79      345.6758      352.0374  1332158    1.84%
   8572  6124      349.0251    90      345.6758      352.0101  1343509    1.83%
   8649  6185      350.7402   107      345.6758      352.0052  1355181    1.83%
   8697  6221      350.6181    81      345.6758      352.0007  1365243    1.83%
   8787  6295      350.2026    94      345.6758      351.9817  1376459    1.82%
   8873  6361      351.2666    94      345.6758      351.9692  1387990    1.82%
   8942  6418      351.0727    93      345.6758      351.9644  1399224    1.82%
   9021  6481      350.7649    98      345.6758      351.9528  1410460    1.82%
   9071  6519      351.3501    84      345.6758      351.9281  1420209    1.81%
Elapsed time = 708.23 sec. (477447.68 ticks, tree = 285.14 MB, solutions = 13)
   9129  6569      347.4578    76      345.6758      351.9262  1431494    1.81%
   9196  6620      348.6764    89      345.6758      351.9138  1442901    1.80%
   9281  6689      347.5280    71      345.6758      351.9079  1454198    1.80%
   9363  6753      349.5751    87      345.6758      351.8875  1465014    1.80%
   9439  6815      345.6980    54      345.6758      351.8812  1475995    1.80%
   9528  6887      348.9055    74      345.6758      351.8685  1486786    1.79%
   9601  6944      348.3962    85      345.6758      351.8664  1498053    1.79%
   9681  7012      346.7620    74      345.6758      351.8564  1509135    1.79%
   9774  7087      348.4432    87      345.6758      351.8512  1520250    1.79%
   9857  7154      350.6110    91      345.6758      351.8441  1531672    1.78%
Elapsed time = 764.95 sec. (516181.95 ticks, tree = 308.95 MB, solutions = 13)
   9939  7220      346.1530    59      345.6758      351.8383  1542400    1.78%
  10023  7284      349.8134   100      345.6758      351.8227  1553567    1.78%
  10115  7356      348.6489    61      345.6758      351.8055  1564661    1.77%
  10216  7439      349.7324    84      345.6758      351.7991  1575741    1.77%
  10297  7504      349.3228    81      345.6758      351.7882  1586840    1.77%
  10378  7569      349.0919    82      345.6758      351.7757  1597920    1.76%
  10451  7628      348.5672    72      345.6758      351.7752  1609408    1.76%
  10513  7672      350.5578   101      345.6758      351.7657  1620757    1.76%
  10581  7729      346.4409    67      345.6758      351.7611  1631811    1.76%
  10644  7776      349.7258    92      345.6758      351.7485  1643068    1.76%
Elapsed time = 820.78 sec. (554589.01 ticks, tree = 333.66 MB, solutions = 13)
  10732  7848      347.5643    73      345.6758      351.7240  1654165    1.75%
  10828  7924      347.2918    69      345.6758      351.7013  1665642    1.74%
  10926  8006      347.6445    69      345.6758      351.6947  1676733    1.74%
  10952  8026      350.5214   104      345.6758      351.6941  1679448    1.74%
  10982  8052      347.0882    72      345.6758      351.6907  1684468    1.74%
  11081  8133      347.8792    64      345.6758      351.6804  1693815    1.74%
  11183  8214      350.2589    92      345.6758      351.6687  1705334    1.73%
  11292  8305      347.2866    69      345.6758      351.6602  1716524    1.73%
  11375  8370        cutoff            345.6758      351.6481  1727653    1.73%
  11458  8437      345.6787    67      345.6758      351.6371  1738949    1.72%
Elapsed time = 878.00 sec. (593691.72 ticks, tree = 361.95 MB, solutions = 13)
  11526  8489      347.6335    58      345.6758      351.6234  1749980    1.72%
  11630  8567      349.8048    89      345.6758      351.6096  1761194    1.72%
  11707  8628      350.7016    90      345.6758      351.6063  1772382    1.72%
  11783  8688      348.3250    99      345.6758      351.5874  1783648    1.71%
  11867  8756      347.4741    75      345.6758      351.5797  1794702    1.71%
  11944  8813      349.4369    91      345.6758      351.5753  1805629    1.71%
  12003  8856      349.6203    78      345.6758      351.5642  1817189    1.70%
  12101  8938      348.6888    66      345.6758      351.5595  1828563    1.70%
  12177  8997      348.1020    73      345.6758      351.5524  1839713    1.70%
  12260  9060      350.0849    89      345.6758      351.5379  1851043    1.70%
Elapsed time = 934.29 sec. (632288.84 ticks, tree = 386.75 MB, solutions = 13)
  12350  9134      349.1398    87      345.6758      351.5243  1862088    1.69%
  12435  9203      348.9550    80      345.6758      351.5186  1873220    1.69%
  12521  9274      347.7490    67      345.6758      351.5031  1884451    1.69%
  12654  9387      348.8155    84      345.6758      351.4967  1895797    1.68%
  12774  9481      350.9019    87      345.6758      351.4869  1906912    1.68%
  12859  9553      345.8095    55      345.6758      351.4805  1918085    1.68%
  12947  9619      348.6054    94      345.6758      351.4710  1929453    1.68%
  13036  9690      347.7349    73      345.6758      351.4600  1940599    1.67%
  13111  9750      348.3271    76      345.6758      351.4450  1951100    1.67%
  13198  9822      347.3762    77      345.6758      351.4409  1962487    1.67%
Elapsed time = 994.94 sec. (670790.77 ticks, tree = 422.26 MB, solutions = 13)
  13276  9880      350.3471    80      345.6758      351.4358  1973689    1.67%
  13363  9955      347.0708    75      345.6758      351.4314  1985105    1.67%
  13443 10019      346.4393    71      345.6758      351.4208  1996211    1.66%
  13518 10075      350.8775    89      345.6758      351.4127  2007370    1.66%
  13599 10138      349.9313    81      345.6758      351.4093  2018765    1.66%
  13686 10208      349.0758   102      345.6758      351.4003  2029827    1.66%
  13766 10273      347.9201    76      345.6758      351.3961  2041025    1.65%
  13848 10337      350.8966    92      345.6758      351.3923  2052294    1.65%
  13928 10403      345.8907    51      345.6758      351.3850  2061843    1.65%
  14019 10473      349.2027    89      345.6758      351.3817  2073216    1.65%
Elapsed time = 1052.02 sec. (709303.69 ticks, tree = 450.32 MB, solutions = 13)
  14116 10553      345.8337    72      345.6758      351.3766  2084415    1.65%
  14190 10611      345.8154    74      345.6758      351.3732  2095462    1.65%
  14241 10644      349.9405   103      345.6758      351.3686  2106565    1.65%
  14285 10680      346.4673    76      345.6758      351.3658  2115473    1.65%
  14373 10747      350.5202    90      345.6758      351.3593  2126587    1.64%
  14464 10822      347.9695    53      345.6758      351.3499  2137772    1.64%
  14541 10883      346.5790    74      345.6758      351.3443  2148837    1.64%
  14630 10952      348.3485    84      345.6758      351.3333  2160117    1.64%
  14705 11011      348.4294    85      345.6758      351.3288  2171557    1.64%
  14786 11076      348.3766    81      345.6758      351.3215  2182637    1.63%
Elapsed time = 1107.65 sec. (747843.33 ticks, tree = 473.13 MB, solutions = 13)
  14880 11154      346.4155    71      345.6758      351.3191  2193874    1.63%
  14962 11214      348.8191    70      345.6758      351.3156  2204979    1.63%
  15054 11286      348.1012    60      345.6758      351.3112  2216242    1.63%
  15144 11358      349.2385    97      345.6758      351.3040  2228147    1.63%
  15217 11411      350.3452    79      345.6758      351.2964  2239334    1.63%
  15285 11465      346.9379    78      345.6758      351.2931  2250491    1.63%
  15365 11529      346.0064    58      345.6758      351.2783  2261732    1.62%
  15444 11588      347.7802    80      345.6758      351.2702  2272996    1.62%
  15528 11656      345.9111    68      345.6758      351.2639  2283241    1.62%
  15604 11712        cutoff            345.6758      351.2626  2294254    1.62%
Elapsed time = 1164.34 sec. (786501.50 ticks, tree = 504.11 MB, solutions = 13)
  15695 11783      348.5552    80      345.6758      351.2557  2305322    1.61%
  15779 11851      346.1727    61      345.6758      351.2496  2316458    1.61%
  15863 11913      349.8105    90      345.6758      351.2444  2327855    1.61%
  15944 11979        cutoff            345.6758      351.2396  2339156    1.61%
  16002 12021      349.3429    77      345.6758      351.2261  2350241    1.61%
  16084 12087      349.6651    85      345.6758      351.2193  2361631    1.60%
  16159 12144      349.5343    81      345.6758      351.2187  2372904    1.60%
  16252 12221      348.9301    91      345.6758      351.2132  2383832    1.60%
* 16304 12074      integral     0      345.8068      351.2090  2387029    1.56%
  16389 12141      348.0800    69      345.8068      351.1994  2398286    1.56%
Elapsed time = 1218.13 sec. (822381.17 ticks, tree = 521.36 MB, solutions = 14)
  16458 12194      348.9451    67      345.8068      351.1890  2408953    1.56%
  16553 12273      346.2963    48      345.8068      351.1847  2420292    1.56%
  16655 12359      346.4776    76      345.8068      351.1766  2431577    1.55%
  16735 12423      346.2855    72      345.8068      351.1675  2442028    1.55%
  16845 12510      348.8608    91      345.8068      351.1558  2453211    1.55%
  16924 12569        cutoff            345.8068      351.1496  2464360    1.55%
  17020 12647      347.2162    62      345.8068      351.1458  2475659    1.54%
  17112 12717      350.6137    89      345.8068      351.1396  2486878    1.54%
  17205 12795      346.9565    70      345.8068      351.1354  2498370    1.54%
  17283 12853      349.4233    94      345.8068      351.1317  2509479    1.54%
Elapsed time = 1277.25 sec. (860822.05 ticks, tree = 552.87 MB, solutions = 14)
  17357 12908      347.8902    97      345.8068      351.1219  2520768    1.54%
  17449 12978      350.2116    83      345.8068      351.1188  2531946    1.54%
  17526 13036      350.2466    98      345.8068      351.1110  2542120    1.53%
  17607 13101      348.0202    68      345.8068      351.1084  2553221    1.53%
  17693 13167      349.6208    78      345.8068      351.1022  2564696    1.53%
  17775 13231      348.6882    71      345.8068      351.0956  2575853    1.53%
  17870 13307      350.1921    87      345.8068      351.0932  2587008    1.53%
  17955 13376      347.4448    80      345.8068      351.0889  2597629    1.53%
  18035 13434      350.4265    97      345.8068      351.0835  2608632    1.53%
  18121 13503      349.9495    75      345.8068      351.0822  2619505    1.53%
Elapsed time = 1335.00 sec. (899466.95 ticks, tree = 579.39 MB, solutions = 14)
  18220 13585      345.9072    62      345.8068      351.0775  2630758    1.52%
  18295 13644      346.3002    72      345.8068      351.0671  2641495    1.52%
  18397 13724      346.9530    85      345.8068      351.0608  2652593    1.52%
  18479 13786      347.2444    74      345.8068      351.0554  2663842    1.52%
  18569 13854      349.3865    73      345.8068      351.0469  2674766    1.52%
  18640 13909      348.9598    79      345.8068      351.0405  2685947    1.51%
  18722 13971      346.7550    57      345.8068      351.0365  2697085    1.51%
  18809 14038      348.0106    79      345.8068      351.0322  2707986    1.51%
  18903 14111      348.4156    91      345.8068      351.0289  2719069    1.51%
  18973 14166      348.6863    77      345.8068      351.0202  2730292    1.51%
Elapsed time = 1392.88 sec. (937863.59 ticks, tree = 612.08 MB, solutions = 14)
  19046 14223      348.8975    80      345.8068      351.0145  2741499    1.51%
  19147 14302      348.7943    87      345.8068      351.0112  2752517    1.50%
  19224 14363      347.5794    72      345.8068      351.0097  2763684    1.50%
  19342 14458      350.3561    92      345.8068      351.0050  2774976    1.50%
  19421 14521      347.1450    65      345.8068      350.9974  2786131    1.50%
  19493 14577      345.8440    75      345.8068      350.9946  2797445    1.50%
  19590 14654      346.9855    62      345.8068      350.9878  2808440    1.50%
  19659 14706      348.5374    82      345.8068      350.9852  2819465    1.50%
  19727 14757      349.5728    78      345.8068      350.9828  2830361    1.50%
  19841 14849      349.9625    72      345.8068      350.9778  2841377    1.50%
Elapsed time = 1451.56 sec. (976324.61 ticks, tree = 647.51 MB, solutions = 14)
  19941 14933      346.7232    72      345.8068      350.9741  2852118    1.49%
  20028 14998      349.0356    71      345.8068      350.9722  2863263    1.49%
  20147 15095      349.3025    84      345.8068      350.9639  2874533    1.49%
  20228 15162      346.2597    56      345.8068      350.9622  2885571    1.49%
  20324 15236      347.3937    70      345.8068      350.9520  2896420    1.49%
  20407 15299      348.2464    63      345.8068      350.9489  2907475    1.49%
  20493 15359      348.2427    87      345.8068      350.9447  2918626    1.49%
  20561 15407      350.2158    85      345.8068      350.9370  2929924    1.48%
  20653 15481      347.3806    68      345.8068      350.9333  2941103    1.48%
  20736 15546      347.3335    76      345.8068      350.9284  2951796    1.48%
Elapsed time = 1510.50 sec. (1014784.71 ticks, tree = 674.46 MB, solutions = 14)
  20822 15612      347.9010    63      345.8068      350.9239  2962945    1.48%
  20907 15678      346.2483    61      345.8068      350.9203  2974092    1.48%
  21000 15751      347.7730    70      345.8068      350.9188  2985303    1.48%
  21075 15806      346.2141    75      345.8068      350.9129  2995725    1.48%
  21155 15866      349.5658    94      345.8068      350.9092  3006769    1.48%
  21221 15916      349.8310    85      345.8068      350.9045  3018119    1.47%
  21298 15977      346.9528    69      345.8068      350.9015  3029128    1.47%
  21381 16036      347.9651    78      345.8068      350.8965  3040358    1.47%
  21462 16097      346.5534    62      345.8068      350.8936  3051398    1.47%
  21525 16142      346.2829    71      345.8068      350.8892  3061106    1.47%
Elapsed time = 1566.13 sec. (1053354.36 ticks, tree = 697.82 MB, solutions = 14)
  21618 16214      348.6635    80      345.8068      350.8845  3072287    1.47%
  21706 16281      349.5838    70      345.8068      350.8811  3083605    1.47%
  21806 16366      346.3108    61      345.8068      350.8783  3094940    1.47%
  21898 16438      346.5193    65      345.8068      350.8752  3106257    1.47%
  22000 16518      346.7055    81      345.8068      350.8699  3117421    1.46%
  22083 16581      347.3425    73      345.8068      350.8663  3128783    1.46%
  22163 16643      347.9217    70      345.8068      350.8627  3139925    1.46%
  22249 16705      347.9844    87      345.8068      350.8581  3150932    1.46%
  22350 16784      349.6058    84      345.8068      350.8525  3161928    1.46%
  22441 16860      347.5661    78      345.8068      350.8498  3173201    1.46%
Elapsed time = 1625.96 sec. (1091782.90 ticks, tree = 729.97 MB, solutions = 14)
  22522 16920      348.9933    77      345.8068      350.8463  3184253    1.46%
  22615 16991      349.1950    90      345.8068      350.8446  3195582    1.46%
  22694 17053      347.6772   101      345.8068      350.8403  3206334    1.46%
  22784 17126      349.2359    85      345.8068      350.8341  3217609    1.45%
  22896 17218      348.9006    89      345.8068      350.8305  3228818    1.45%
  22966 17276      345.9359    58      345.8068      350.8295  3239729    1.45%
  23064 17351      347.4940    75      345.8068      350.8246  3250824    1.45%
  23139 17404      349.5119    95      345.8068      350.8222  3262101    1.45%
  23221 17466      349.7685    76      345.8068      350.8158  3273414    1.45%
  23321 17549      345.8320    53      345.8068      350.8115  3284745    1.45%
Elapsed time = 1684.26 sec. (1130210.14 ticks, tree = 769.10 MB, solutions = 14)
  23415 17619      348.4050    64      345.8068      350.8048  3295966    1.45%
  23508 17696      348.7289    71      345.8068      350.8012  3304651    1.44%
  23598 17771      345.8121    70      345.8068      350.7978  3315835    1.44%
  23680 17833      347.0400    59      345.8068      350.7952  3327123    1.44%
  23764 17896      348.0572    64      345.8068      350.7918  3338096    1.44%
  23856 17966      349.3145    97      345.8068      350.7877  3349541    1.44%
  23919 18014      350.0500    89      345.8068      350.7850  3360582    1.44%
  24005 18085      346.7655    75      345.8068      350.7747  3371873    1.44%
  24093 18153      349.6691    88      345.8068      350.7671  3383070    1.43%
  24174 18218      345.8185    71      345.8068      350.7660  3394066    1.43%
Elapsed time = 1741.71 sec. (1168726.96 ticks, tree = 799.27 MB, solutions = 14)
  24264 18288      347.3727    51      345.8068      350.7610  3405056    1.43%
  24356 18358      349.8279    92      345.8068      350.7546  3416332    1.43%
  24448 18428      349.8997    79      345.8068      350.7518  3427228    1.43%
  24531 18494      346.5718    66      345.8068      350.7470  3438250    1.43%
  24631 18572      345.9467    64      345.8068      350.7428  3449399    1.43%
  24706 18629      346.1537    75      345.8068      350.7418  3460472    1.43%
  24799 18702      345.9960    51      345.8068      350.7404  3471487    1.43%
  24878 18757      348.8517    93      345.8068      350.7349  3482853    1.43%
  24960 18823      346.2248    73      345.8068      350.7321  3493999    1.42%
  25060 18901      346.6029    59      345.8068      350.7268  3505242    1.42%
Elapsed time = 1800.04 sec. (1207160.07 ticks, tree = 827.20 MB, solutions = 14)
  25148 18966      348.7634    75      345.8068      350.7223  3516360    1.42%
  25249 19042      346.7906    62      345.8068      350.7164  3527689    1.42%
  25314 19093      346.5103    78      345.8068      350.7147  3539236    1.42%
  25397 19154      350.2492    72      345.8068      350.7119  3550254    1.42%
  25503 19242      346.0558    70      345.8068      350.7085  3560942    1.42%
  25573 19292      350.0217    77      345.8068      350.7052  3572347    1.42%
  25665 19360      349.3781    86      345.8068      350.7039  3583735    1.42%
  25759 19434      349.4427    95      345.8068      350.7028  3595024    1.42%
  25833 19491      346.6886    76      345.8068      350.7018  3606133    1.42%
  25911 19544      347.4178    75      345.8068      350.6988  3616622    1.41%
Elapsed time = 1856.81 sec. (1245701.91 ticks, tree = 848.41 MB, solutions = 14)
  26016 19629      345.9622    61      345.8068      350.6969  3627905    1.41%
  26090 19683      347.4079    67      345.8068      350.6949  3638995    1.41%
  26179 19752      346.3890    84      345.8068      350.6928  3650131    1.41%
  26265 19814      349.2439    82      345.8068      350.6852  3661125    1.41%
  26348 19879      346.1818    82      345.8068      350.6808  3671594    1.41%
  26435 19944      346.4139    63      345.8068      350.6773  3682601    1.41%
  26528 20017      347.2762    77      345.8068      350.6753  3693819    1.41%
  26596 20063      349.2669    66      345.8068      350.6727  3704992    1.41%
  26695 20140      349.3872    93      345.8068      350.6690  3716134    1.41%
  26783 20213      347.2387    65      345.8068      350.6671  3727134    1.41%
Elapsed time = 1914.36 sec. (1284097.32 ticks, tree = 884.21 MB, solutions = 14)
  26875 20285      347.9408    69      345.8068      350.6638  3738226    1.40%
  26968 20359      348.1003    68      345.8068      350.6613  3749423    1.40%
  27071 20439      347.0288    70      345.8068      350.6574  3760155    1.40%
  27177 20524      346.0796    52      345.8068      350.6534  3771414    1.40%
  27261 20586      348.6613    80      345.8068      350.6513  3782395    1.40%
  27381 20681      349.8591   100      345.8068      350.6456  3793639    1.40%
  27461 20746      346.0475    83      345.8068      350.6430  3804806    1.40%
  27526 20795      347.8970    86      345.8068      350.6394  3814713    1.40%
  27595 20842      349.3541    87      345.8068      350.6350  3825706    1.40%
  27686 20915      346.2734    80      345.8068      350.6334  3837007    1.40%
Elapsed time = 1973.02 sec. (1322579.96 ticks, tree = 918.31 MB, solutions = 14)
  27760 20969      349.1614    85      345.8068      350.6320  3848016    1.40%
  27821 21014      349.9002    92      345.8068      350.6299  3859003    1.39%
  27888 21064      347.5600    85      345.8068      350.6257  3869952    1.39%
  27967 21121      348.0232    91      345.8068      350.6231  3881453    1.39%
  28055 21189      347.5431    73      345.8068      350.6193  3892496    1.39%
  28130 21243      346.6564    73      345.8068      350.6152  3903555    1.39%
  28225 21318      346.4231    66      345.8068      350.6106  3914819    1.39%
  28317 21390      346.4515    46      345.8068      350.6080  3924343    1.39%
  28407 21457      348.1231    69      345.8068      350.6058  3935609    1.39%
  28508 21538      347.0209    75      345.8068      350.6044  3946858    1.39%
Elapsed time = 2029.11 sec. (1361031.60 ticks, tree = 951.36 MB, solutions = 14)
  28599 21605      346.5052    54      345.8068      350.6032  3957843    1.39%
  28712 21690      347.8842    71      345.8068      350.6012  3968528    1.39%
  28807 21765      347.5622    74      345.8068      350.5970  3979679    1.39%
  28872 21815      347.4507    69      345.8068      350.5945  3990664    1.38%
  28981 21900        cutoff            345.8068      350.5908  4001717    1.38%
  29059 21962      347.2057    77      345.8068      350.5860  4012816    1.38%
  29141 22024      349.7292    87      345.8068      350.5842  4023127    1.38%
  29233 22099      346.6174    61      345.8068      350.5828  4034384    1.38%
  29294 22144      346.2260    82      345.8068      350.5808  4045320    1.38%
  29399 22223      349.2530    70      345.8068      350.5772  4056461    1.38%
Elapsed time = 2087.20 sec. (1399383.85 ticks, tree = 990.64 MB, solutions = 14)
  29479 22283      349.2383    77      345.8068      350.5699  4067325    1.38%
  29587 22371      348.9037    81      345.8068      350.5674  4078572    1.38%
  29678 22442      348.3383    75      345.8068      350.5612  4090046    1.37%
  29771 22514      349.7701    85      345.8068      350.5603  4101528    1.37%
  29840 22567      348.4710    82      345.8068      350.5580  4112602    1.37%
  29901 22614        cutoff            345.8068      350.5565  4123578    1.37%
  29965 22660      349.8268    96      345.8068      350.5533  4134587    1.37%
  30051 22730      346.4059    63      345.8068      350.5523  4145584    1.37%
  30141 22800      346.9709    87      345.8068      350.5484  4156554    1.37%
  30239 22876      347.1649    69      345.8068      350.5468  4167608    1.37%
Elapsed time = 2144.88 sec. (1438005.57 ticks, tree = 1018.65 MB, solutions = 14)
  30327 22940      348.1433    64      345.8068      350.5404  4178678    1.37%
  30416 23009      349.3871    90      345.8068      350.5376  4189812    1.37%
  30505 23076      348.9038    73      345.8068      350.5329  4200852    1.37%
  30603 23152      349.3751    85      345.8068      350.5300  4212066    1.37%
  30690 23221      348.6812    77      345.8068      350.5277  4223154    1.37%
  30783 23292      347.8104    68      345.8068      350.5237  4234360    1.36%
  30876 23365      348.3498    86      345.8068      350.5184  4245811    1.36%
  30945 23418      346.2302    71      345.8068      350.5162  4256606    1.36%
  31016 23469      349.3018    80      345.8068      350.5124  4267765    1.36%
  31121 23553      348.2765    72      345.8068      350.5091  4278534    1.36%
Elapsed time = 2202.97 sec. (1476375.81 ticks, tree = 1046.16 MB, solutions = 14)
  31213 23623      347.9780    85      345.8068      350.5078  4289651    1.36%
  31341 23725      348.7413    82      345.8068      350.5063  4300885    1.36%
  31464 23831      348.5954    75      345.8068      350.5042  4312200    1.36%
  31551 23898      347.5686    92      345.8068      350.5018  4323452    1.36%
  31657 23982      346.6210    73      345.8068      350.4993  4334562    1.36%
  31782 24081      347.5906    86      345.8068      350.4973  4345668    1.36%
  31867 24142      347.0037    76      345.8068      350.4950  4356534    1.36%
  31965 24216      346.5878    63      345.8068      350.4925  4367684    1.35%
  32066 24293      349.8376    87      345.8068      350.4882  4378857    1.35%
  32136 24345      348.3033    84      345.8068      350.4873  4389984    1.35%
Elapsed time = 2265.02 sec. (1514750.52 ticks, tree = 1087.15 MB, solutions = 14)
  32235 24420      346.8735    73      345.8068      350.4843  4401137    1.35%
  32334 24497      349.4167    80      345.8068      350.4810  4411717    1.35%
  32442 24583      348.1977    70      345.8068      350.4799  4422816    1.35%
  32581 24695      349.6214    81      345.8068      350.4781  4433782    1.35%
  32679 24771      348.3596    99      345.8068      350.4769  4444897    1.35%
  32781 24849      346.1562    58      345.8068      350.4738  4456068    1.35%
  32862 24910      345.9747    74      345.8068      350.4723  4467252    1.35%
  32960 24985      349.3325    77      345.8068      350.4694  4478308    1.35%
  33041 25046      346.8902    79      345.8068      350.4679  4489459    1.35%
  33139 25120      347.2182    52      345.8068      350.4664  4500052    1.35%
Elapsed time = 2326.89 sec. (1553216.30 ticks, tree = 1127.62 MB, solutions = 14)
  33248 25207      346.0492    75      345.8068      350.4606  4511377    1.35%
  33333 25271      346.0101    79      345.8068      350.4562  4522629    1.34%
  33451 25366      345.8719    54      345.8068      350.4530  4533960    1.34%
  33553 25445      348.6665    79      345.8068      350.4510  4545215    1.34%
  33639 25509      348.6320    76      345.8068      350.4484  4556440    1.34%
  33717 25565      349.0920    73      345.8068      350.4455  4567747    1.34%
  33826 25652      348.4122    84      345.8068      350.4437  4578839    1.34%
  33921 25725      348.9524    72      345.8068      350.4390  4590021    1.34%
  34007 25792      348.6977    75      345.8068      350.4355  4601353    1.34%
  34112 25875      346.6591    75      345.8068      350.4313  4612329    1.34%
Elapsed time = 2387.71 sec. (1591660.57 ticks, tree = 1166.12 MB, solutions = 14)
  34216 25953      349.7639    76      345.8068      350.4296  4623702    1.34%
  34313 26031      349.3460    84      345.8068      350.4283  4635214    1.34%
  34397 26097      346.2355    77      345.8068      350.4265  4646347    1.34%
  34482 26163      346.9053    88      345.8068      350.4241  4657525    1.34%
  34555 26216      348.8383    84      345.8068      350.4231  4668519    1.33%
  34641 26282      348.6557    84      345.8068      350.4204  4679548    1.33%
  34718 26340      349.4424    93      345.8068      350.4176  4690605    1.33%
  34793 26395      349.4931    92      345.8068      350.4142  4701652    1.33%
  34875 26457      349.0826    82      345.8068      350.4110  4712829    1.33%
  34961 26521      348.4169    82      345.8068      350.4076  4724157    1.33%
Elapsed time = 2445.13 sec. (1630147.55 ticks, tree = 1195.30 MB, solutions = 14)
  35047 26585      348.0414    87      345.8068      350.4055  4735601    1.33%
  35154 26672      346.6177    46      345.8068      350.4042  4746850    1.33%
  35241 26735      347.8568    79      345.8068      350.4000  4758221    1.33%
  35336 26810      348.3983    85      345.8068      350.3965  4769283    1.33%
  35416 26870      349.5787    84      345.8068      350.3935  4780363    1.33%
  35503 26937      349.6754    92      345.8068      350.3914  4791873    1.33%
  35590 27004      348.1786    79      345.8068      350.3907  4802841    1.33%
  35682 27074      348.6443    79      345.8068      350.3899  4814101    1.33%
  35774 27146      347.8122    78      345.8068      350.3867  4825132    1.32%
  35872 27222      345.9827    57      345.8068      350.3835  4836291    1.32%
Elapsed time = 2504.37 sec. (1668742.00 ticks, tree = 1226.56 MB, solutions = 14)
  35975 27300      347.2545    65      345.8068      350.3811  4847504    1.32%
  36081 27385      345.9828    45      345.8068      350.3793  4858702    1.32%
  36194 27474      348.0206    71      345.8068      350.3760  4869931    1.32%
  36274 27538      346.2942    80      345.8068      350.3721  4880948    1.32%
  36358 27601      346.1925    81      345.8068      350.3709  4891971    1.32%
  36467 27684      348.7558    79      345.8068      350.3675  4903187    1.32%
  36535 27736      347.0930    80      345.8068      350.3662  4914261    1.32%
  36608 27789      348.5150    82      345.8068      350.3643  4925498    1.32%
  36692 27851      349.8848    68      345.8068      350.3630  4934981    1.32%
  36822 27958      348.4851    60      345.8068      350.3603  4946169    1.32%
Elapsed time = 2564.39 sec. (1707105.16 ticks, tree = 1258.30 MB, solutions = 14)
  36921 28038      347.2486    76      345.8068      350.3589  4957464    1.32%
  37010 28102      349.7970    92      345.8068      350.3567  4969049    1.32%
  37064 28138      346.9846    87      345.8068      350.3561  4980267    1.32%
  37175 28224      347.9731    79      345.8068      350.3534  4991294    1.31%
  37255 28284      347.9691    84      345.8068      350.3515  5002270    1.31%
  37337 28344      348.5643    85      345.8068      350.3488  5013476    1.31%
  37443 28426      347.7896    79      345.8068      350.3469  5024593    1.31%
  37513 28478      347.2859    80      345.8068      350.3443  5034546    1.31%
  37606 28549      347.1397    74      345.8068      350.3431  5045391    1.31%
  37714 28629      348.1931    68      345.8068      350.3415  5056433    1.31%
Elapsed time = 2622.70 sec. (1745802.95 ticks, tree = 1293.90 MB, solutions = 14)
  37809 28703      346.7867    81      345.8068      350.3388  5067588    1.31%
  37908 28782      346.9832    64      345.8068      350.3365  5078366    1.31%
  37980 28838      346.4275    75      345.8068      350.3344  5089397    1.31%
  38077 28916      347.4406    71      345.8068      350.3299  5100773    1.31%
  38159 28977      346.7590    66      345.8068      350.3290  5111732    1.31%
  38256 29049      348.6511    85      345.8068      350.3273  5122947    1.31%
  38338 29111      349.0008    86      345.8068      350.3249  5133621    1.31%
  38445 29199      348.0235    71      345.8068      350.3226  5144809    1.31%
  38561 29289      347.8380    71      345.8068      350.3183  5155923    1.30%
  38650 29358      346.2423    56      345.8068      350.3156  5167047    1.30%
Elapsed time = 2682.09 sec. (1784131.72 ticks, tree = 1324.38 MB, solutions = 14)
  38746 29428      347.3642    78      345.8068      350.3133  5177399    1.30%
  38850 29509      349.3901    72      345.8068      350.3112  5188514    1.30%
  38940 29579      348.4116    86      345.8068      350.3061  5199684    1.30%
  39008 29629      348.6009    84      345.8068      350.3055  5210998    1.30%
  39075 29679      349.4521    82      345.8068      350.3037  5221963    1.30%
  39166 29746      348.0535    85      345.8068      350.3014  5233047    1.30%
  39282 29837      349.2751    87      345.8068      350.2981  5244616    1.30%
  39370 29905      349.4231    84      345.8068      350.2949  5256019    1.30%
  39459 29972      348.8026    79      345.8068      350.2937  5267332    1.30%
  39554 30045      347.7831    86      345.8068      350.2901  5278006    1.30%
Elapsed time = 2740.37 sec. (1822679.61 ticks, tree = 1360.29 MB, solutions = 14)
  39659 30129      346.6012    56      345.8068      350.2888  5289183    1.30%
  39735 30181      349.7954    73      345.8068      350.2877  5300339    1.30%
  39834 30260      348.0463    89      345.8068      350.2846  5311442    1.29%
  39940 30344      346.5146    65      345.8068      350.2840  5322171    1.29%
  40015 30395      349.4819    71      345.8068      350.2818  5333672    1.29%
  40109 30473      347.5332    51      345.8068      350.2808  5349705    1.29%
  40197 30542      349.2524    90      345.8068      350.2800  5362302    1.29%
  40271 30597      349.6364    84      345.8068      350.2784  5372673    1.29%
  40352 30662      346.0778    53      345.8068      350.2771  5383664    1.29%
  40444 30728      347.8046    74      345.8068      350.2747  5394802    1.29%
Elapsed time = 2799.22 sec. (1861373.88 ticks, tree = 1386.40 MB, solutions = 14)
  40531 30788      349.1964    79      345.8068      350.2699  5405870    1.29%
  40618 30853      349.7697    95      345.8068      350.2678  5417006    1.29%
  40683 30906      346.3459    62      345.8068      350.2663  5425852    1.29%
  40781 30976      348.3775    88      345.8068      350.2621  5437201    1.29%
  40858 31037      346.0807    75      345.8068      350.2594  5448348    1.29%
  40945 31100      349.1393    73      345.8068      350.2577  5459308    1.29%
  41032 31161      349.1606    81      345.8068      350.2562  5470376    1.29%
  41105 31218      346.3769    67      345.8068      350.2543  5481763    1.29%
  41182 31276      348.8366    77      345.8068      350.2527  5492625    1.29%
  41261 31333      349.3632    76      345.8068      350.2509  5503718    1.29%
Elapsed time = 2854.92 sec. (1899827.33 ticks, tree = 1414.52 MB, solutions = 14)
  41370 31418      349.4534    75      345.8068      350.2478  5514979    1.28%
  41475 31501      349.5867    79      345.8068      350.2464  5526415    1.28%
  41556 31567      346.7325    80      345.8068      350.2447  5537377    1.28%
  41633 31624      346.1510    64      345.8068      350.2432  5548283    1.28%
  41712 31681      347.9315    85      345.8068      350.2400  5559378    1.28%
  41794 31743      345.8402    84      345.8068      350.2383  5570516    1.28%

Performing restart 2

Repeating presolve.
Tried aggregator 1 time.
Reduced MIP has 851 rows, 1484 columns, and 9634 nonzeros.
Reduced MIP has 484 binaries, 0 generals, 0 SOSs, and 0 indicators.
Presolve time = 0.00 sec. (2.17 ticks)
Tried aggregator 1 time.
Reduced MIP has 851 rows, 1484 columns, and 9634 nonzeros.
Reduced MIP has 484 binaries, 0 generals, 0 SOSs, and 0 indicators.
Presolve time = 0.00 sec. (2.16 ticks)
Represolve time = 0.19 sec. (50.25 ticks)
  42045   240      354.3162    76      345.8068      350.2379  5585895    1.28%
  42436   615      352.0273    89      345.8068      350.2379  5609604    1.28%
  42751   914      353.4054    85      345.8068      350.2379  5633502    1.28%
  43061  1212      347.8024    64      345.8068      350.2379  5654917    1.28%
Elapsed time = 2946.79 sec. (1938263.71 ticks, tree = 1.36 MB, solutions = 14)
  43320  1446      349.3883    62      345.8068      350.2379  5678759    1.28%
  43566  1673      351.1153    93      345.8068      350.2379  5703836    1.28%
  43744  1833      350.8127    90      345.8068      350.2379  5729838    1.28%
  43961  2031      353.7904    99      345.8068      350.2379  5754570    1.28%
  44135  2187      346.0609    40      345.8068      350.2379  5778050    1.28%
  44294  2325      349.2958    81      345.8068      350.2379  5801748    1.28%
* 44381  2406      integral     0      345.8083      350.2379  5809351    1.28%
  44522  2525      347.2651    79      345.8083      350.2379  5833408    1.28%
  44639  2627      348.7517    80      345.8083      350.2379  5855818    1.28%
  44787  2759      347.8204    69      345.8083      350.2379  5879327    1.28%
Elapsed time = 3033.60 sec. (1974241.46 ticks, tree = 3.15 MB, solutions = 15)
  44950  2899      347.7613    87      345.8083      350.2379  5903936    1.28%
  45079  2983      352.8805    97      345.8083      350.2379  5928773    1.28%
  45218  3100      348.0663    97      345.8083      350.2379  5953699    1.28%
  45399  3225      351.6517    90      345.8083      350.2379  5978589    1.28%
  45530  3321      348.5164    63      345.8083      350.2379  6001583    1.28%
  45697  3451      352.4735    87      345.8083      350.2379  6025969    1.28%
  45847  3571      351.5514    94      345.8083      350.2379  6049833    1.28%
  45968  3668      349.8087    85      345.8083      350.2379  6073284    1.28%
  46135  3813      347.5039    48      345.8083      350.2379  6096171    1.28%
  46356  3987      352.1772    90      345.8083      350.2379  6113471    1.28%
Elapsed time = 3114.38 sec. (2013034.48 ticks, tree = 8.84 MB, solutions = 15)
  46592  4174      350.6295    84      345.8083      350.2379  6131568    1.28%
  46841  4397      346.5731    47      345.8083      350.2379  6149228    1.28%
  47031  4559      347.2616    57      345.8083      350.2379  6166841    1.28%
  47236  4734      353.3338    97      345.8083      350.2379  6184715    1.28%
  47429  4912      350.7760    79      345.8083      350.2379  6202025    1.28%
  47726  5178      352.0892    82      345.8083      350.2379  6219932    1.28%
  47949  5380      351.5090    97      345.8083      350.2379  6236598    1.28%
  48197  5610      350.3397    89      345.8083      350.2379  6254312    1.28%
  48443  5825      351.6741    94      345.8083      350.2379  6272585    1.28%
  48721  6079      350.7751    78      345.8083      350.2379  6289885    1.28%
Elapsed time = 3223.75 sec. (2051654.51 ticks, tree = 63.43 MB, solutions = 15)
  48962  6298      349.4114    90      345.8083      350.2379  6307136    1.28%
  49156  6468      348.2795    54      345.8083      350.2379  6324260    1.28%
  49400  6693      346.7662    42      345.8083      350.2379  6341101    1.28%
  49706  6962      352.4385    73      345.8083      350.2379  6358189    1.28%
  49883  7121      350.9303    89      345.8083      350.2379  6371412    1.28%
  50138  7349      352.5107    81      345.8083      350.2379  6387686    1.28%
  50329  7525      346.1844    44      345.8083      350.2379  6402307    1.28%
  50514  7688      348.6227    76      345.8083      350.2379  6418555    1.28%
  50800  7946      346.1070    31      345.8083      350.2379  6434777    1.28%
  51029  8152      351.7811    91      345.8083      350.2379  6450873    1.28%
Elapsed time = 3331.95 sec. (2089914.99 ticks, tree = 120.34 MB, solutions = 15)
  51249  8350      352.1446    79      345.8083      350.2379  6468037    1.28%
  51464  8542      352.3940    85      345.8083      350.2379  6484532    1.28%
  51721  8776      351.0287    78      345.8083      350.2379  6500511    1.28%
  51914  8947      349.5314    85      345.8083      350.2379  6515737    1.28%
  52089  9094      352.6335   101      345.8083      350.2379  6531842    1.28%
  52287  9272      346.7646    63      345.8083      350.2379  6547679    1.28%
  52452  9413      348.5053    72      345.8083      350.2379  6563359    1.28%
  52633  9569      350.1163    83      345.8083      350.2379  6579617    1.28%
  52829  9743      350.4792    76      345.8083      350.2379  6596033    1.28%
  53046  9937      350.3264    75      345.8083      350.2379  6611680    1.28%
Elapsed time = 3429.91 sec. (2128219.73 ticks, tree = 166.70 MB, solutions = 15)
  53290 10149      352.8932    98      345.8083      350.2379  6629340    1.28%
  53499 10336      347.5322    71      345.8083      350.2379  6645978    1.28%
  53716 10524        cutoff            345.8083      350.2379  6663149    1.28%
  53904 10690      352.7423    97      345.8083      350.2379  6679787    1.28%
  54135 10901      350.9728    78      345.8083      350.2379  6696326    1.28%
  54332 11076      350.1164    78      345.8083      350.2379  6712871    1.28%
  54537 11256      352.8630    93      345.8083      350.2379  6729353    1.28%
  54819 11509      345.8171    27      345.8083      350.2379  6744856    1.28%
  55042 11708      350.8102    87      345.8083      350.2379  6760923    1.28%
  55259 11898      351.7302    89      345.8083      350.2379  6777829    1.28%
Elapsed time = 3533.99 sec. (2166626.08 ticks, tree = 213.41 MB, solutions = 15)
  55447 12068      346.8715    47      345.8083      350.2379  6793547    1.28%
  55668 12265      349.9059    86      345.8083      350.2379  6810378    1.28%
  55868 12447      348.9941    79      345.8083      350.2379  6826578    1.28%
  56058 12618      347.4044    65      345.8083      350.2379  6842786    1.28%
  56299 12832      346.7051    46      345.8083      350.2379  6859378    1.28%
  56497 12999      351.4941    87      345.8083      350.2379  6876343    1.28%

Flow cuts applied:  3
Mixed integer rounding cuts applied:  54
Gomory fractional cuts applied:  1
User cuts applied:  3609

Root node processing (before b&c):
  Real time             =    9.94 sec. (2625.82 ticks)
Sequential b&c:
  Real time             = 3590.09 sec. (2190050.52 ticks)
                          ------------
Total (root+branch&cut) = 3600.02 sec. (2192676.35 ticks)
|V|                                     500
K                                       50
theta                                   0.10
r                                       2
R                                       20
prob_func                               facility_mixture
mixture_low_share                       0.500000
mixture_low_interval                    [0.001000, 0.010000]
mixture_high_interval                   [0.100000, 0.500000]
mixture_seed                            1
#C1                                     718
#CP                                     11700

@Parameters: 
am_callback_heuristic                   false
am_local_search                         true
am_start_heuristic                      false
colocation                              false
comp                                    false
cutC                                    true
cutC_init                               false
cutF                                    true
cutF_init                               false
cutF_stable                             false
cutF_wrong                              false
cutLocal                                false
cutM                                    true
cutM_init                               true
cutM_stable                             false
cutP                                    true
cutP_init                               false
cutP_stable                             false
init                                    true
init_cutF_zero                          false
init_val_greedy                         true
is_Euclidean                            false
is_local_search                         true
is_right_cutP                           true
is_root                                 false
is_silent                               false
is_start                                false
mycut                                   false
pmed                                    false
pre                                     true
stable_root                             false
str                                     false
two_phase                               false
ubstr                                   false
mode                                    Bin

am_callback_node_space                  50
init                                    0
mixture_seed                            1
node_space                              5
nodelimit                               -1
nsepa                                   1
strF                                    0
type_delta                              0

EPS                                     0.001000
EPS_FRAC                                0.00
gap                                     0.00
mixture_high_max                        0.50
mixture_high_min                        0.10
mixture_low_max                         0.01
mixture_low_min                         0.00
mixture_low_share                       0.50
timelimit                               3600.00

Number of Closed Sites: 16 / 800 
Number of Confined Sites-1: 10 / 490 
Number of Confined Sites-k: 474 / 4905 
Preprocess Time: 0.97 + 0.00 sec

Solve Time: 3600.02
Number of Nodes: 56626
Termination Status: TIME_LIMIT

CutInfo: [phase] num / time (sec) / aver. num_nonzero
max              [LP]     0 / 0.00 / 0.00 [init]   429 / 0.16 / 1.99 [rLC]  6691 / 2.22 / 8.64 [rUC]  1570 / 0.70 / 3.62 [sLC]   377 / 0.51 / 5.60 [sUC]  1296 / 6.63 / 4.89 
prod_oa          [LP]     0 / 0.00 / 0.00 [init]     0 / 0.00 / 0.00 [rLC]     0 / 0.00 / 0.00 [rUC]     0 / 0.00 / 0.00 [sLC]     0 / 0.00 / 0.00 [sUC]     0 / 0.00 / 0.00 
prod_sm_fixed    [LP]     0 / 0.00 / 0.00 [init]     0 / 0.00 / 0.00 [rLC]     0 / 0.00 / 0.00 [rUC]     0 / 0.00 / 0.00 [sLC]     0 / 0.00 / 0.00 [sUC]     0 / 0.00 / 0.00 
prod_bin         [LP]     0 / 0.00 / 0.00 [init]   421 / 0.08 / 0.00 [rLC]  8370 / 2.59 / 0.00 [rUC]  3232 / 0.81 / 0.00 [sLC]  2572 / 0.70 / 0.00 [sUC]  8625 / 2.77 / 0.00 
prod_local       [LP]     0 / 0.00 / 0.00 [init]     0 / 0.00 / 0.00 [rLC]     0 / 0.00 / 0.00 [rUC]     0 / 0.00 / 0.00 [sLC]     0 / 0.00 / 0.00 [sUC]     0 / 0.00 / 0.00 
prod_sm_C        [LP]     0 / 0.00 / 0.00 [init]     0 / 0.00 / 0.00 [rLC]     0 / 0.00 / 0.00 [rUC]     0 / 0.00 / 0.00 [sLC]     0 / 0.00 / 0.00 [sUC]     0 / 0.00 / 0.00 
facet            [LP]     0 / 0.00 / 0.00 [init]     0 / 0.00 / 0.00 [rLC]     0 / 0.00 / 0.00 [rUC]     0 / 0.00 / 0.00 [sLC]     0 / 0.00 / 0.00 [sUC]     0 / 0.00 / 0.00 
Separation Round:   [LP] 0  [init] 1  [rLC] 29  [rUC] 37  [sLC] 43  [sUC] 103867  
Root Best Bound 357.711948
Root Best Integer: 323.347175
Best Bound: 350.237906
Best Integer: 345.808325
1: 28, 36, 47, 49, 51, 53, 58, 67, 72, 73, 77, 91, 106, 122, 137, 139, 147, 188, 193, 205, 212, 213, 219, 223, 237, 302, 315, 323, 326, 332, 344, 345, 355, 373, 386, 400, 405, 407, 408, 413, 415, 425, 427, 436, 437, 453, 458, 459, 477, 490
Objective Value (calc): 345.805468
sum_etaM = 246.808283 / 246.808283
sum_etaP = 356.808330 / 356.805156
nL: 50
nCL: 0
mCL: 1
