Version identifier: 20.1.0.0 | 2020-11-10 | 9bedb6d68
CPXPARAM_Threads                                 1
CPXPARAM_TimeLimit                               3600
CPXPARAM_MIP_Tolerances_MIPGap                   0
Generic callback                                 0x60
1 of 1 MIP starts provided solutions.
MIP start 'm1' defined initial solution with objective 687.4371.
Tried aggregator 2 times.
MIP Presolve eliminated 17 rows and 12 columns.
MIP Presolve modified 276 coefficients.
Aggregator did 5 substitutions.
Reduced MIP has 2158 rows, 2783 columns, and 15926 nonzeros.
Reduced MIP has 694 binaries, 689 generals, 0 SOSs, and 0 indicators.
Presolve time = 0.01 sec. (5.91 ticks)
Probing time = 0.00 sec. (0.85 ticks)
Tried aggregator 1 time.
Reduced MIP has 2158 rows, 2783 columns, and 15926 nonzeros.
Reduced MIP has 694 binaries, 689 generals, 0 SOSs, and 0 indicators.
Presolve time = 0.00 sec. (3.48 ticks)
Probing time = 0.00 sec. (0.85 ticks)
MIP emphasis: balance optimality and feasibility.
MIP search method: dynamic search.
Parallel mode: none, using 1 thread.
Root relaxation solution time = 0.05 sec. (57.62 ticks)

        Nodes                                         Cuts/
   Node  Left     Objective  IInf  Best Integer    Best Bound    ItCnt     Gap

*     0+    0                          687.4371      700.0000             1.83%
      0     0      698.0922   382      687.4371      698.0922     1713    1.55%
      0     0      694.9263   449      687.4371     Cuts: 405     2227    1.09%
      0     0      694.3242   482      687.4371     Cuts: 305     2577    1.00%
      0     0      694.1870   568      687.4371     Cuts: 350     2893    0.98%
      0     0      694.0586   557      687.4371     Cuts: 180     3134    0.96%
      0     0      693.9721   583      687.4371     Cuts: 192     3388    0.95%
      0     0      693.8868   543      687.4371     Cuts: 143     3680    0.94%
      0     0      693.8479   598      687.4371     Cuts: 177     3882    0.93%
      0     0      693.7730   582      687.4371     Cuts: 128     4163    0.92%
      0     0      693.7278   609      687.4371     Cuts: 182     4436    0.92%
      0     0      693.7250   617      687.4371 UserPurge2: 28     4505    0.91%
      0     0      693.7240   627      687.4371 UserPurge2: 8     4523    0.91%
      0     0      693.7237   624      687.4371 UserPurge2: 3     4560    0.91%
      0     0      693.7233   625      687.4371 UserPurge2: 7     4590    0.91%
      0     0      693.7232   630      687.4371 UserPurge2: 3     4600    0.91%
      0     0      693.7232   630      687.4371 UserPurge2: 4     4607    0.91%
      0     0      693.7231   630      687.4371 UserPurge2: 3     4615    0.91%
      0     2      693.7231   630      687.4371      693.7230     4615    0.91%
Elapsed time = 4.07 sec. (3826.25 ticks, tree = 0.01 MB, solutions = 1)
      5     7      693.4497   620      687.4371      693.7225     5994    0.91%
      7     9      693.4360   599      687.4371      693.7225     7025    0.91%
     10    12      693.1845   613      687.4371      693.7225     8471    0.91%
     13    15      693.0999   603      687.4371      693.7225     9565    0.91%
     16    18      693.0173   592      687.4371      693.7225    10722    0.91%
     20    22      692.7508   591      687.4371      693.7225    11841    0.91%
     22    24      692.7020   593      687.4371      693.7225    12449    0.91%
     24    26      692.6051   562      687.4371      693.7225    13713    0.91%
     25    27      692.5494   579      687.4371      693.7225    14552    0.91%
     37    39      692.4594   574      687.4371      693.7225    16766    0.91%
Elapsed time = 9.42 sec. (8687.77 ticks, tree = 0.20 MB, solutions = 1)
     43    45      692.1108   548      687.4371      693.7225    18472    0.91%
     51    53      691.8256   556      687.4371      693.7225    21008    0.91%
     65    67      691.2734   518      687.4371      693.7225    23587    0.91%
     80    82      690.8414   529      687.4371      693.7225    27319    0.91%
     99   101      689.9228   495      687.4371      693.7225    30074    0.91%
    120   122      689.1977   472      687.4371      693.7225    31969    0.91%
    155   157      688.5722   427      687.4371      693.7225    33697    0.91%
    195   189      693.6016   663      687.4371      693.6959    35736    0.91%
    200   194      693.5170   630      687.4371      693.6959    37416    0.91%
    209   203      692.9695   619      687.4371      693.6959    39788    0.91%
Elapsed time = 24.90 sec. (20300.91 ticks, tree = 2.63 MB, solutions = 1)
    218   212      692.6315   622      687.4371      693.6959    42033    0.91%
    230   224      691.8862   544      687.4371      693.6959    44288    0.91%
    241   235      691.5893   522      687.4371      693.6959    45709    0.91%
    267   261      690.0448   488      687.4371      693.6959    48602    0.91%
    301   295      689.0469   411      687.4371      693.6959    51054    0.91%
    352   346      687.9896   375      687.4371      693.6959    53677    0.91%
    407   398      693.5521   708      687.4371      693.6016    56501    0.90%
    419   410      693.1116   638      687.4371      693.6016    58456    0.90%
    420   411      693.0383   650      687.4371      693.6016    58712    0.90%
    440   431      692.2959   620      687.4371      693.6016    61072    0.90%
Elapsed time = 39.14 sec. (31171.38 ticks, tree = 11.02 MB, solutions = 1)
    460   451      691.4194   555      687.4371      693.6016    63061    0.90%
    480   471      690.1417   532      687.4371      693.6016    64947    0.90%

Performing restart 1

Repeating presolve.
Tried aggregator 1 time.
MIP Presolve modified 320 coefficients.
Reduced MIP has 2158 rows, 2783 columns, and 15926 nonzeros.
Reduced MIP has 694 binaries, 689 generals, 0 SOSs, and 0 indicators.
Presolve time = 0.00 sec. (3.62 ticks)
Tried aggregator 1 time.
Reduced MIP has 2158 rows, 2783 columns, and 15926 nonzeros.
Reduced MIP has 694 binaries, 689 generals, 0 SOSs, and 0 indicators.
Presolve time = 0.00 sec. (3.57 ticks)
Represolve time = 0.04 sec. (26.09 ticks)
    520     0      692.1638   362      687.4371     Cuts: 203    71494    0.69%
    520     0      692.0980   362      687.4371     Cuts: 147    71737    0.68%
    520     0      692.0310   382      687.4371     Cuts: 220    71984    0.67%
    520     0      691.9859   375      687.4371     Cuts: 114    72152    0.66%
    520     0      691.9312   393      687.4371      Cuts: 88    72342    0.65%
    520     0      691.9069   419      687.4371     Cuts: 111    72512    0.65%
    520     0      691.8649   418      687.4371     Cuts: 106    72694    0.64%
    520     0      691.8486   403      687.4371      Cuts: 82    72866    0.64%
    520     0      691.8300   421      687.4371     Cuts: 124    72999    0.64%
    520     0      691.8116   418      687.4371     Cuts: 100    73168    0.64%
    520     0      691.7910   408      687.4371      Cuts: 97    73344    0.63%
    520     0      691.7711   403      687.4371      Cuts: 96    73542    0.63%
    520     0      691.7537   391      687.4371     Cuts: 145    73711    0.63%
    520     0      691.7455   396      687.4371     Cuts: 109    73836    0.63%
    520     0      691.7388   429      687.4371      Cuts: 72    73960    0.63%
    520     0      691.7298   441      687.4371     Cuts: 102    74097    0.62%
    520     2      691.7298   442      687.4371      691.7298    74097    0.62%
    521     3      691.6858   437      687.4371      691.7298    74435    0.62%
    522     4      691.6877   416      687.4371      691.6876    74650    0.62%
    523     5      691.6678   404      687.4371      691.6873    74869    0.62%
    524     6      691.6011   404      687.4371      691.6857    75052    0.62%
    525     7      691.6153   472      687.4371      691.6857    76724    0.62%
    526     8      691.5865   446      687.4371      691.6857    77915    0.62%
    527     9      691.6026   450      687.4371      691.6857    78528    0.62%
Elapsed time = 62.72 sec. (55244.02 ticks, tree = 0.07 MB, solutions = 1)
    529    11      691.4204   434      687.4371      691.6857    79435    0.62%
    530    12      691.5763   423      687.4371      691.6857    79721    0.62%
    532    14      691.5128   413      687.4371      691.6857    80209    0.62%
    534    16      691.5002   372      687.4371      691.6857    80615    0.62%
    536    18      691.3769   376      687.4371      691.6857    81045    0.62%
    538    20      691.2776   383      687.4371      691.6857    81385    0.62%
    540    22      691.1416   371      687.4371      691.6857    81864    0.62%
    544    26      691.0556   382      687.4371      691.6857    82244    0.62%
    546    28      690.7841   387      687.4371      691.6857    82867    0.62%
    550    32      691.0283   460      687.4371      691.6857    84004    0.62%
Elapsed time = 74.94 sec. (69114.90 ticks, tree = 0.25 MB, solutions = 1)
    552    34      690.7902   457      687.4371      691.6857    84638    0.62%
    554    36      690.5277   460      687.4371      691.6857    85031    0.62%
    557    39      690.2789   432      687.4371      691.6857    85880    0.62%
    560    42      690.4043   419      687.4371      691.6857    86657    0.62%
    564    46      690.1279   410      687.4371      691.6857    87086    0.62%
    572    54      689.9970   362      687.4371      691.6857    88417    0.62%
    575    57      690.0399   422      687.4371      691.6857    89590    0.62%
    577    59      689.4715   428      687.4371      691.6857    90660    0.62%
    580    62      689.7373   402      687.4371      691.6857    91151    0.62%
    592    74      689.3311   369      687.4371      691.6857    92893    0.62%
Elapsed time = 85.66 sec. (80991.77 ticks, tree = 0.55 MB, solutions = 1)
    600    82      689.4616   380      687.4371      691.6857    94806    0.62%
    609    91      689.0427   387      687.4371      691.6857    96439    0.62%
    625   107      688.8362   371      687.4371      691.6857    98613    0.62%
    636   118      688.4191   369      687.4371      691.6857   100954    0.62%
    650   132      688.1103   358      687.4371      691.6857   104095    0.62%
    658   140      688.1305   355      687.4371      691.6857   105400    0.62%
    671   153      688.0010   324      687.4371      691.6857   106351    0.62%
    678   152      691.6439   506      687.4371      691.6845   108039    0.62%
    680   154      691.5251   514      687.4371      691.6845   109389    0.62%
    682   156      691.4179   510      687.4371      691.6845   110587    0.62%
Elapsed time = 97.50 sec. (93606.56 ticks, tree = 0.98 MB, solutions = 1)
    684   158      691.1863   571      687.4371      691.6845   112043    0.62%
    690   164      691.1340   457      687.4371      691.6845   113723    0.62%
    699   173      690.9164   466      687.4371      691.6845   116598    0.62%
    700   174      690.7299   466      687.4371      691.6845   117551    0.62%
    704   178      690.6722   466      687.4371      691.6845   119281    0.62%
    711   185      690.5949   447      687.4371      691.6845   121716    0.62%
    720   194      690.3074   429      687.4371      691.6845   124343    0.62%
    729   203      690.2376   428      687.4371      691.6845   127049    0.62%
    740   214      690.1292   407      687.4371      691.6845   129810    0.62%
    750   224      689.3144   444      687.4371      691.6845   132920    0.62%
Elapsed time = 108.50 sec. (105343.16 ticks, tree = 1.30 MB, solutions = 1)
    757   231      689.0094   425      687.4371      691.6845   135461    0.62%
    769   243      688.9291   404      687.4371      691.6845   137566    0.62%
    784   258      688.9744   366      687.4371      691.6845   139970    0.62%
    801   275      688.9320   336      687.4371      691.6845   143384    0.62%
    819   293      688.8946   304      687.4371      691.6845   147254    0.62%
    834   308      688.5567   298      687.4371      691.6845   151025    0.62%
    851   325      687.8780   284      687.4371      691.6845   153682    0.62%
    880   347      687.5944   237      687.4371      691.6845   156576    0.62%
    913   358      691.2470   501      687.4371      691.6379   160083    0.61%
    920   365      691.2135   492      687.4371      691.6379   162388    0.61%
Elapsed time = 119.04 sec. (115541.54 ticks, tree = 1.75 MB, solutions = 1)
    925   370      691.3617   526      687.4371      691.6375   164866    0.61%
    932   377      691.2517   482      687.4371      691.6375   167684    0.61%
    940   385      691.1579   465      687.4371      691.6375   169831    0.61%
    950   395      690.2487   515      687.4371      691.6375   171617    0.61%
    953   398      689.8709   511      687.4371      691.6375   172819    0.61%
    960   405      688.7275   521      687.4371      691.6375   174515    0.61%
    973   412      691.1400   544      687.4371      691.6151   177429    0.61%
    979   418      690.9080   523      687.4371      691.6151   180612    0.61%
    984   423      690.9018   519      687.4371      691.6151   182279    0.61%
   1012   451      689.9080   472      687.4371      691.6151   190890    0.61%
Elapsed time = 132.59 sec. (129596.87 ticks, tree = 2.09 MB, solutions = 1)
   1074   513      688.9168   425      687.4371      691.6151   199668    0.61%
   1154   593      687.7867   281      687.4371      691.6151   209332    0.61%
   1240   646      691.0486   512      687.4371      691.6010   217965    0.61%
   1280   686      690.7378   435      687.4371      691.6010   226195    0.61%
   1356   762      689.4979   362      687.4371      691.6010   235498    0.61%
   1461   843      690.8970   464      687.4371      691.5990   244647    0.61%
   1520   902      689.4262   427      687.4371      691.5990   253825    0.61%
   1659  1022      691.5427   504      687.4371      691.5970   265494    0.61%
   1720  1079      690.7733   490      687.4371      691.5864   274071    0.60%
   1797  1156      689.8468   391      687.4371      691.5864   284295    0.60%
Elapsed time = 172.68 sec. (169287.48 ticks, tree = 22.99 MB, solutions = 1)
   1898  1243      690.7321   499      687.4371      691.5864   294402    0.60%
   1956  1295      691.0293   462      687.4371      691.5763   303254    0.60%
   2004  1343      690.5203   397      687.4371      691.5763   312148    0.60%
   2081  1420      689.1336   302      687.4371      691.5763   322752    0.60%
   2237  1553      687.4695   478      687.4371      691.5647   334361    0.60%
   2290  1596      690.7716   458      687.4371      691.5635   342655    0.60%
   2360  1666      688.9393   419      687.4371      691.5635   353081    0.60%
   2491  1740      687.4558   464      687.4371      691.5618   363219    0.60%
   2554  1799      690.0869   457      687.4371      691.5581   373136    0.60%
   2642  1881      690.8670   529      687.4371      691.5562   384966    0.60%
Elapsed time = 212.80 sec. (208016.97 ticks, tree = 47.10 MB, solutions = 1)
   2695  1934      690.4229   423      687.4371      691.5562   393533    0.60%
   2767  2006      687.7034   383      687.4371      691.5562   404836    0.60%
   2839  2061      689.8625   449      687.4371      691.5559   414747    0.60%
   2883  2105      689.9330   420      687.4371      691.5559   423687    0.60%
   2922  2144      689.2855   381      687.4371      691.5559   433278    0.60%
   3070  2267      690.3183   496      687.4371      691.5530   445428    0.60%
   3144  2319      690.1946   470      687.4371      691.5529   454606    0.60%
   3223  2398      688.8933   327      687.4371      691.5529   465316    0.60%
   3367  2526      688.8030   511      687.4371      691.5490   477435    0.60%
   3440  2592      690.3018   407      687.4371      691.5462   487555    0.60%
Elapsed time = 252.28 sec. (246454.42 ticks, tree = 69.99 MB, solutions = 1)
   3550  2688      687.5287   310      687.4371      691.5462   499535    0.60%
   3630  2741      691.1171   512      687.4371      691.5414   508966    0.60%
   3727  2827      691.3258   517      687.4371      691.5350   519757    0.60%
   3820  2890      690.6774   443      687.4371      691.5336   529433    0.60%
   3896  2966      688.8502   409      687.4371      691.5336   539820    0.60%
   4009  3052      690.2912   505      687.4371      691.5335   550837    0.60%
   4110  3153      688.3026   401      687.4371      691.5335   561274    0.60%
   4188  3221      690.2968   446      687.4371      691.5335   571466    0.60%
   4296  3322      687.5746   338      687.4371      691.5335   583338    0.60%
   4390  3382      690.7771   480      687.4371      691.5331   593288    0.60%
Elapsed time = 292.45 sec. (285084.75 ticks, tree = 97.27 MB, solutions = 1)
   4480  3472      688.2511   411      687.4371      691.5331   603489    0.60%
   4570  3537      690.3385   437      687.4371      691.5326   614090    0.60%
   4668  3635      687.8447   436      687.4371      691.5326   625482    0.60%
   4755  3701      690.7601   482      687.4371      691.5254   636041    0.59%
   4836  3782      688.4177   430      687.4371      691.5254   646544    0.59%
   4920  3853      689.4696   494      687.4371      691.5241   655297    0.59%
   4989  3908      690.0347   441      687.4371      691.5224   665716    0.59%
   5070  3982      690.8070   442      687.4371      691.5210   676650    0.59%
   5149  4061      688.5066   438      687.4371      691.5210   686756    0.59%
   5270  4148      690.8903   523      687.4371      691.5194   698299    0.59%
Elapsed time = 332.89 sec. (324395.23 ticks, tree = 123.96 MB, solutions = 1)
   5334  4212      690.1276   446      687.4371      691.5194   708387    0.59%
   5448  4316      690.2471   373      687.4371      691.5192   719860    0.59%
*  5714  4503      integral     0      687.4868      691.5192   727891    0.59%
   5730  4519      690.4021   470      687.4868      691.5191   729742    0.59%
   5804  4567      691.0495   496      687.4868      691.5141   739688    0.59%
   5866  4629      689.1304   451      687.4868      691.5141   749769    0.59%
   5961  4718      687.6744   326      687.4868      691.5141   761684    0.59%
   6060  4766      690.9313   510      687.4868      691.5133   771405    0.59%
   6137  4821      689.5537   482      687.4868      691.5120   779881    0.59%
   6248  4882      690.1213   514      687.4868      691.5060   790281    0.58%
   6318  4952      689.0654   389      687.4868      691.5060   800756    0.58%
Elapsed time = 373.23 sec. (362945.89 ticks, tree = 152.11 MB, solutions = 2)
   6420  5031      688.3768   536      687.4868      691.5031   812331    0.58%
   6521  5092      688.8707   530      687.4868      691.4999   821070    0.58%
   6625  5154      690.6972   494      687.4868      691.4995   831230    0.58%
   6721  5223      690.8757   486      687.4868      691.4992   840601    0.58%
   6820  5281      691.3855   452      687.4868      691.4940   849690    0.58%
   6900  5337      691.1690   503      687.4868      691.4925   859055    0.58%
   6960  5397      688.8635   489      687.4868      691.4925   867153    0.58%
   7060  5467      690.7475   476      687.4868      691.4918   877551    0.58%
   7301  5708      688.0017    34      687.4868      691.4918   888425    0.58%
   7440  5812      687.8017   541      687.4868      691.4879   898277    0.58%
Elapsed time = 414.23 sec. (401576.04 ticks, tree = 182.03 MB, solutions = 2)
   7531  5882      689.5337   509      687.4868      691.4858   908151    0.58%
   7633  5963      690.0730   471      687.4868      691.4834   918855    0.58%
   7733  6016      690.8222   485      687.4868      691.4821   927090    0.58%
   7807  6068      688.9158   531      687.4868      691.4804   935730    0.58%
   7870  6107      690.0148   476      687.4868      691.4802   945222    0.58%
   7934  6171      687.5042   448      687.4868      691.4802   955402    0.58%
   8060  6229      691.1708   495      687.4868      691.4720   965480    0.58%
   8162  6283      687.6230   543      687.4868      691.4711   974920    0.58%
   8236  6340      689.5891   432      687.4868      691.4701   984793    0.58%
   8311  6405      690.2397   495      687.4868      691.4699   994873    0.58%
Elapsed time = 453.31 sec. (440189.30 ticks, tree = 193.53 MB, solutions = 2)
   8402  6462      688.4645   504      687.4868      691.4694  1004599    0.58%
   8482  6501      691.2781   511      687.4868      691.4659  1014606    0.58%
   8529  6548      690.2056   404      687.4868      691.4659  1022573    0.58%
   8649  6668      688.2504   278      687.4868      691.4659  1034271    0.58%
   8791  6765      690.7594   454      687.4868      691.4584  1044606    0.58%
   8896  6837      690.9063   480      687.4868      691.4558  1053860    0.58%
   8984  6925      687.6579   468      687.4868      691.4558  1064263    0.58%
   9109  6990      688.7229   509      687.4868      691.4535  1074530    0.58%
   9230  7049      690.7074   502      687.4868      691.4487  1084236    0.58%
   9322  7110      689.9799   452      687.4868      691.4475  1093920    0.58%
Elapsed time = 493.54 sec. (478659.13 ticks, tree = 213.99 MB, solutions = 2)
   9426  7183      688.9233   509      687.4868      691.4451  1104696    0.58%
   9531  7246      688.0855   532      687.4868      691.4439  1114106    0.58%
   9618  7291      690.6862   502      687.4868      691.4416  1124468    0.58%
   9693  7366      688.2438   431      687.4868      691.4416  1135395    0.58%
   9781  7416      690.3965   469      687.4868      691.4407  1145472    0.58%
   9914  7499      690.4326   364      687.4868      691.4406  1156092    0.58%
* 10189  7440      integral     0      687.6175      691.4406  1164085    0.56%
  10215  7466      690.6956   450      687.6175      691.4403  1167894    0.56%
  10301  7551      687.6658   442      687.6175      691.4403  1178536    0.56%
  10427  7604      690.5458   493      687.6175      691.4396  1189435    0.56%
  10525  7669      689.8941   470      687.6175      691.4392  1199073    0.56%
Elapsed time = 535.76 sec. (517220.11 ticks, tree = 232.24 MB, solutions = 3)
  10633  7754      687.6539   471      687.6175      691.4380  1209756    0.56%
  10720  7813      688.6690   489      687.6175      691.4375  1219902    0.56%
  10820  7869      689.6052   444      687.6175      691.4368  1229060    0.56%
  10920  7946      689.8260   462      687.6175      691.4366  1237828    0.56%
  10921  7947      691.4363   426      687.6175      691.4365  1237862    0.56%
  10922  7948      691.3290   468      687.6175      691.4363  1238337    0.56%
  10992  8011      690.4759   448      687.6175      691.4349  1248017    0.56%
  11110  8083      689.8659   460      687.6175      691.4349  1258779    0.56%
  11434  8402      688.3237     3      687.6175      691.4348  1270434    0.56%
* 11449  7213      integral     0      688.2043      691.4348  1270500    0.47%
  11530  7274      689.0328   457      688.2043      691.4344  1280701    0.47%
Elapsed time = 595.56 sec. (572198.84 ticks, tree = 223.35 MB, solutions = 4)
  11642  7333      688.2105   519      688.2043      691.4325  1291299    0.47%
  11761  7380      690.9033   489      688.2043      691.4315  1300778    0.47%
  11847  7464      688.5352   415      688.2043      691.4315  1311680    0.47%
  11937  7525      689.1202   536      688.2043      691.4299  1321589    0.47%
  12047  7580      689.9286   468      688.2043      691.4294  1330782    0.47%
  12145  7662      690.0139   479      688.2043      691.4291  1341320    0.47%
  12282  7721      689.0192   492      688.2043      691.4272  1351592    0.47%
  12383  7790      688.3839   475      688.2043      691.4264  1361729    0.47%
  12520  7879      690.6530   340      688.2043      691.4263  1371367    0.47%
  12827  8170      688.8895   498      688.2043      691.4241  1383159    0.47%
Elapsed time = 638.86 sec. (610602.26 ticks, tree = 254.82 MB, solutions = 4)
  12925  8228      689.7663   478      688.2043      691.4235  1391988    0.47%
  13033  8294      691.2785   461      688.2043      691.4219  1402203    0.47%
  13133  8355      688.2752   529      688.2043      691.4208  1412413    0.47%
  13211  8411      689.6794   471      688.2043      691.4205  1422306    0.47%
  13323  8479      688.4821   490      688.2043      691.4202  1433476    0.47%
  13438  8533      690.5379   485      688.2043      691.4192  1443209    0.47%
  13531  8606      691.3482   482      688.2043      691.4190  1453761    0.47%
  13620  8668      691.2631   464      688.2043      691.4190  1463334    0.47%
  13702  8711      691.1342   477      688.2043      691.4184  1473267    0.47%
  13774  8783      689.7082   460      688.2043      691.4184  1483791    0.47%
Elapsed time = 677.84 sec. (648933.11 ticks, tree = 274.72 MB, solutions = 4)
  13884  8878      690.2205   381      688.2043      691.4181  1493641    0.47%
  14116  9100      690.2260   488      688.2043      691.4179  1502961    0.47%
  14210  9155      690.4304   503      688.2043      691.4175  1512256    0.47%
  14307  9233      689.2180   432      688.2043      691.4156  1522885    0.47%
  14413  9294      688.3799   529      688.2043      691.4153  1532808    0.47%
  14523  9347      690.4093   506      688.2043      691.4147  1542620    0.47%
  14622  9416      688.2521   417      688.2043      691.4147  1552896    0.47%
  14720  9461      690.8493   510      688.2043      691.4130  1561969    0.47%
  14819  9530      690.5104   507      688.2043      691.4123  1572741    0.47%
  14900  9590      688.7220   558      688.2043      691.4122  1582624    0.47%
Elapsed time = 718.77 sec. (687762.82 ticks, tree = 299.57 MB, solutions = 4)
  15006  9637      690.7661   464      688.2043      691.4103  1592492    0.47%
  15083  9706      689.8540   433      688.2043      691.4102  1602651    0.47%
  15201  9811      690.5394   488      688.2043      691.4102  1614059    0.47%
  15321  9868      690.9581   515      688.2043      691.4085  1623055    0.47%
  15418  9910      690.9337   509      688.2043      691.4081  1633845    0.47%
  15488  9980      688.2997   469      688.2043      691.4081  1643968    0.47%
  15601 10035      688.3306   505      688.2043      691.4071  1654358    0.47%
  15726 10097      689.6164   446      688.2043      691.4066  1663490    0.47%
  15850 10159      690.4474   484      688.2043      691.4046  1673332    0.47%
  15982 10209      688.8258   549      688.2043      691.4036  1683572    0.46%
Elapsed time = 758.66 sec. (726428.99 ticks, tree = 317.35 MB, solutions = 4)
  16070 10272      689.8341   454      688.2043      691.4031  1693893    0.46%
  16190 10337      691.1195   509      688.2043      691.4018  1704247    0.46%
  16329 10452      690.4064   267      688.2043      691.4018  1713378    0.46%
  16581 10698      690.0279   465      688.2043      691.4009  1724706    0.46%
  16669 10740      690.0589   460      688.2043      691.4006  1735430    0.46%
  16763 10781      688.2614   451      688.2043      691.4003  1746368    0.46%
  16824 10830      689.6797   486      688.2043      691.4002  1755507    0.46%
  16937 10890      689.7905   499      688.2043      691.4000  1765767    0.46%
  17062 10933      691.1267   513      688.2043      691.3981  1774733    0.46%
  17138 11009      689.0235   466      688.2043      691.3981  1785259    0.46%
Elapsed time = 798.90 sec. (764940.86 ticks, tree = 332.78 MB, solutions = 4)
  17234 11084      690.6027   462      688.2043      691.3971  1795482    0.46%
  17318 11140      690.4819   477      688.2043      691.3954  1804590    0.46%
  17401 11179      691.0755   447      688.2043      691.3950  1813447    0.46%
  17500 11263      691.1488   461      688.2043      691.3950  1824500    0.46%
  17640 11376      690.7885   293      688.2043      691.3946  1834183    0.46%
* 17881 10798      integral     0      688.3778      691.3946  1840019    0.44%
  17921 10825      691.0772   468      688.3778      691.3941  1844804    0.44%
  17980 10884      689.3409   440      688.3778      691.3941  1854265    0.44%
  18098 10943      688.6689   491      688.3778      691.3934  1864850    0.44%
  18185 11010      689.5906   507      688.3778      691.3928  1874782    0.44%
  18284 11063      688.4004   478      688.3778      691.3919  1885324    0.44%
Elapsed time = 839.76 sec. (803315.68 ticks, tree = 334.38 MB, solutions = 5)
  18390 11125      690.9520   441      688.3778      691.3916  1895439    0.44%
  18501 11199      689.2590   519      688.3778      691.3905  1905659    0.44%
  18616 11252      691.1108   488      688.3778      691.3900  1915213    0.44%
  18694 11324        cutoff            688.3778      691.3900  1925471    0.44%
  18800 11397      690.9606   411      688.3778      691.3900  1934661    0.44%
  19048 11638      690.7413   512      688.3778      691.3898  1945846    0.44%
  19144 11691      690.8339   506      688.3778      691.3897  1954864    0.44%
  19236 11752      688.5578   509      688.3778      691.3894  1964751    0.44%
  19353 11808      688.4531   513      688.3778      691.3891  1975129    0.44%
  19450 11840      690.8092   462      688.3778      691.3874  1984341    0.44%
Elapsed time = 880.14 sec. (841912.92 ticks, tree = 350.42 MB, solutions = 5)
  19514 11891      688.4895   445      688.3778      691.3874  1995120    0.44%
  19613 11948      688.5066   531      688.3778      691.3872  2005719    0.44%
  19734 11995      691.1164   484      688.3778      691.3860  2013730    0.44%
  19799 12041      689.3874   489      688.3778      691.3859  2023556    0.44%
  19853 12087      688.4331   437      688.3778      691.3859  2034465    0.44%
  19993 12133      688.3782   419      688.3778      691.3854  2044267    0.44%
  20136 12200      691.2584   419      688.3778      691.3853  2054239    0.44%
  20449 12508      690.7476   482      688.3778      691.3850  2064580    0.44%
  20570 12571      690.6140   449      688.3778      691.3840  2074684    0.44%
  20696 12631      690.5331   479      688.3778      691.3835  2084832    0.44%
Elapsed time = 920.69 sec. (880313.53 ticks, tree = 374.21 MB, solutions = 5)
  20838 12686      691.2160   499      688.3778      691.3831  2094760    0.44%
  20895 12743      688.7936   447      688.3778      691.3831  2104228    0.44%
  20977 12792      690.3163   517      688.3778      691.3826  2114505    0.44%
  21067 12823      691.0379   533      688.3778      691.3824  2125017    0.44%
  21145 12888      688.8056   429      688.3778      691.3821  2135558    0.44%
  21268 12944      691.1424   506      688.3778      691.3813  2144957    0.44%
  21353 12994      688.4269   471      688.3778      691.3810  2154082    0.44%
  21439 13073      688.7595   400      688.3778      691.3804  2163321    0.44%
  21580 13145      690.4975   450      688.3778      691.3791  2173876    0.44%
  21677 13187      691.3746   441      688.3778      691.3789  2183462    0.44%
Elapsed time = 960.34 sec. (919148.70 ticks, tree = 386.12 MB, solutions = 5)
  21720 13230      689.0423   475      688.3778      691.3789  2192401    0.44%
  21824 13275      688.3817   499      688.3778      691.3782  2201848    0.44%
  21910 13304      691.1040   475      688.3778      691.3776  2210609    0.44%
  21981 13350      690.3461   483      688.3778      691.3774  2220843    0.44%
  22137 13395      688.4537   473      688.3778      691.3764  2231222    0.44%
  22261 13461      688.5950   490      688.3778      691.3763  2242014    0.44%
  22409 13500      688.3914   454      688.3778      691.3759  2252190    0.44%
  22739 13822      691.1138   510      688.3778      691.3752  2262912    0.44%
  22819 13902      689.1476   406      688.3778      691.3752  2273376    0.44%
  22944 13951      690.5206   497      688.3778      691.3749  2283535    0.44%
Elapsed time = 1002.15 sec. (958233.28 ticks, tree = 406.87 MB, solutions = 5)
  23060 14011      690.0346   437      688.3778      691.3748  2294011    0.44%
  23175 14069      688.4259   480      688.3778      691.3747  2303713    0.44%
  23300 14110      691.3727   434      688.3778      691.3742  2313441    0.44%
  23410 14179      688.7255   517      688.3778      691.3742  2323948    0.44%
  23535 14243      688.8018   496      688.3778      691.3732  2333950    0.44%
  23658 14294      691.0708   491      688.3778      691.3729  2344103    0.44%
  23745 14360      690.8187   468      688.3778      691.3726  2353569    0.44%
  23834 14413      691.0593   405      688.3778      691.3722  2363127    0.44%
  24120 14694      690.3218   423      688.3778      691.3721  2373911    0.43%
  24203 14762      688.9040   465      688.3778      691.3720  2384590    0.43%
Elapsed time = 1044.45 sec. (997418.25 ticks, tree = 431.38 MB, solutions = 5)
  24326 14814      689.2416   514      688.3778      691.3718  2394981    0.43%
  24419 14868      690.6775   453      688.3778      691.3715  2404793    0.43%
  24531 14934      688.4948   484      688.3778      691.3714  2415347    0.43%
  24693 14997      690.0696   478      688.3778      691.3708  2425537    0.43%
  24796 15072      689.2883   398      688.3778      691.3705  2437164    0.43%
  24883 15124      690.6847   501      688.3778      691.3701  2448294    0.43%
  24999 15152      691.1385   480      688.3778      691.3700  2458320    0.43%
  25060 15189      690.4779   481      688.3778      691.3699  2467842    0.43%
  25148 15265      690.1678   494      688.3778      691.3699  2479001    0.43%
  25320 15404      690.3565   205      688.3778      691.3697  2487856    0.43%
Elapsed time = 1085.25 sec. (1036181.00 ticks, tree = 451.35 MB, solutions = 5)
  25583 15626      690.3289   518      688.3778      691.3683  2498471    0.43%
  25665 15693      688.4855   480      688.3778      691.3678  2508516    0.43%
  25792 15746      691.0811   457      688.3778      691.3676  2518096    0.43%
  25902 15809      690.0123   485      688.3778      691.3675  2528628    0.43%
  25998 15882      690.1067   470      688.3778      691.3672  2539525    0.43%
  26084 15927      690.6649   426      688.3778      691.3664  2549611    0.43%
  26129 15967      690.6152   478      688.3778      691.3662  2558838    0.43%
  26200 16030      688.4573   425      688.3778      691.3662  2569300    0.43%
  26316 16087      691.1082   448      688.3778      691.3654  2579394    0.43%
  26390 16133      690.5315   452      688.3778      691.3654  2588622    0.43%
Elapsed time = 1126.67 sec. (1074699.26 ticks, tree = 474.44 MB, solutions = 5)
  26458 16187      691.3173   425      688.3778      691.3653  2598958    0.43%
  26780 16503      689.6747   442      688.3778      691.3650  2609121    0.43%
  26912 16562      690.6282   510      688.3778      691.3646  2619146    0.43%
  26969 16619      689.2161   464      688.3778      691.3646  2628016    0.43%
  27080 16668      688.4706   477      688.3778      691.3642  2638722    0.43%
  27167 16709      690.8124   440      688.3778      691.3635  2649588    0.43%
  27196 16738      690.3507   425      688.3778      691.3635  2659937    0.43%
  27279 16787      690.5628   481      688.3778      691.3619  2669484    0.43%
  27397 16834      691.2158   474      688.3778      691.3618  2679430    0.43%
  27465 16902      689.0411   447      688.3778      691.3618  2689676    0.43%
Elapsed time = 1168.40 sec. (1113330.42 ticks, tree = 496.22 MB, solutions = 5)
  27603 16958      691.0017   424      688.3778      691.3612  2699398    0.43%
  27701 17003      689.2581   518      688.3778      691.3611  2709786    0.43%
  27784 17043      690.2224   423      688.3778      691.3602  2718842    0.43%
  27913 17120      690.8055   465      688.3778      691.3596  2728976    0.43%
  28021 17168      690.5716   442      688.3778      691.3589  2739821    0.43%
  28141 17228      689.8290   494      688.3778      691.3586  2749861    0.43%
  28289 17284      690.9118   456      688.3778      691.3577  2759904    0.43%
  28391 17363      689.5572   521      688.3778      691.3575  2770171    0.43%
  28519 17423      689.5034   536      688.3778      691.3575  2780115    0.43%
  28603 17469      689.8541   484      688.3778      691.3558  2790198    0.43%
Elapsed time = 1210.23 sec. (1151886.90 ticks, tree = 508.16 MB, solutions = 5)
  28719 17535      688.4026   428      688.3778      691.3557  2800785    0.43%
  28809 17573      691.1491   412      688.3778      691.3552  2810107    0.43%
  29086 17848      688.4526    18      688.3778      691.3552  2819647    0.43%
  29174 17928      689.7091   420      688.3778      691.3547  2830499    0.43%
  29288 17997      689.4173   530      688.3778      691.3543  2841509    0.43%
  29361 18031      690.3969   482      688.3778      691.3541  2848962    0.43%
  29435 18101      689.7880   449      688.3778      691.3536  2859360    0.43%
  29534 18162      690.9031   485      688.3778      691.3528  2868724    0.43%
  29615 18194      688.4559   456      688.3778      691.3526  2878722    0.43%
  29675 18229      690.2317   477      688.3778      691.3525  2889247    0.43%
Elapsed time = 1252.09 sec. (1190545.61 ticks, tree = 523.05 MB, solutions = 5)
  29770 18290      688.5448   495      688.3778      691.3525  2899026    0.43%
  29905 18328      690.2440   468      688.3778      691.3507  2909390    0.43%
  29968 18366      689.4213   475      688.3778      691.3507  2919098    0.43%
  30069 18412      689.6902   499      688.3778      691.3495  2930360    0.43%
  30250 18588      689.5257   128      688.3778      691.3491  2939646    0.43%
  30463 18748      689.3847   541      688.3778      691.3487  2949851    0.43%
  30601 18798      690.8414   514      688.3778      691.3480  2959790    0.43%
  30713 18855      690.8086   435      688.3778      691.3478  2969792    0.43%
  30788 18923      688.5966   457      688.3778      691.3477  2980025    0.43%
  30954 18955      691.3454   468      688.3778      691.3475  2988841    0.43%
Elapsed time = 1294.83 sec. (1228877.43 ticks, tree = 546.42 MB, solutions = 5)
  31082 19007      688.3955   442      688.3778      691.3473  2998902    0.43%
  31174 19074      688.5292   496      688.3778      691.3472  3009449    0.43%
  31293 19128      689.0855   543      688.3778      691.3471  3018968    0.43%
  31400 19168      691.0592   489      688.3778      691.3469  3028222    0.43%
  31503 19237      690.6427   502      688.3778      691.3466  3038349    0.43%
  31690 19375      690.5563   242      688.3778      691.3461  3047217    0.43%
* 31908 19096      integral     0      688.4264      691.3461  3051736    0.42%
  31990 19134      690.0294   454      688.4264      691.3457  3058611    0.42%
  32108 19204      690.9091   488      688.4264      691.3452  3069042    0.42%
  32212 19249      691.1043   456      688.4264      691.3449  3078349    0.42%
  32331 19309      689.0963   538      688.4264      691.3446  3088308    0.42%
Elapsed time = 1337.64 sec. (1267458.32 ticks, tree = 555.18 MB, solutions = 6)
  32481 19363      690.3231   517      688.4264      691.3442  3098241    0.42%
  32539 19397      690.9184   448      688.4264      691.3442  3106161    0.42%
  32623 19469      690.3397   451      688.4264      691.3441  3116669    0.42%
  32762 19522      690.5454   491      688.4264      691.3439  3127122    0.42%
  32890 19638      690.7660   284      688.4264      691.3438  3137022    0.42%
* 33122 19756      integral     0      688.4381      691.3438  3142972    0.42%
  33202 19791      688.4922   471      688.4381      691.3436  3148753    0.42%
  33299 19847      689.3893   493      688.4381      691.3434  3158294    0.42%
  33410 19894      689.8302   492      688.4381      691.3431  3168046    0.42%
  33498 19929      688.5486   491      688.4381      691.3429  3178228    0.42%
  33582 19981      688.6913   455      688.4381      691.3429  3188720    0.42%
Elapsed time = 1379.58 sec. (1306032.33 ticks, tree = 576.12 MB, solutions = 7)
  33711 20038      690.6047   547      688.4381      691.3425  3198941    0.42%
  33762 20081      689.1213   423      688.4381      691.3425  3207699    0.42%
  33890 20151      690.8282   480      688.4381      691.3422  3217894    0.42%
  33991 20194      690.7294   380      688.4381      691.3419  3227910    0.42%
  34138 20280        cutoff            688.4381      691.3418  3238013    0.42%
  34293 20332      689.7758   521      688.4381      691.3415  3247524    0.42%
  34368 20372      688.8401   476      688.4381      691.3413  3257147    0.42%
  34500 20417      691.0037   448      688.4381      691.3411  3267438    0.42%
  34624 20479      689.4379   469      688.4381      691.3411  3278008    0.42%
  34740 20526      689.7979   474      688.4381      691.3408  3288759    0.42%
Elapsed time = 1420.75 sec. (1344645.38 ticks, tree = 590.87 MB, solutions = 7)
  34855 20573      690.8237   534      688.4381      691.3407  3298997    0.42%
  34896 20614      690.0703   461      688.4381      691.3407  3308427    0.42%
  34938 20656      689.8044   435      688.4381      691.3407  3317143    0.42%
  35027 20691      688.6203   462      688.4381      691.3405  3327802    0.42%
  35150 20736      688.5432   494      688.4381      691.3402  3338503    0.42%
  35360 20912      689.3910   112      688.4381      691.3400  3348327    0.42%
  35561 21080      688.4687   395      688.4381      691.3397  3359575    0.42%
  35678 21120      688.4393   486      688.4381      691.3396  3370267    0.42%
  35774 21152      690.7731   370      688.4381      691.3395  3380878    0.42%
  35851 21204      690.0670   446      688.4381      691.3394  3390930    0.42%
Elapsed time = 1460.88 sec. (1383174.30 ticks, tree = 595.28 MB, solutions = 7)
  35968 21237      691.0821   458      688.4381      691.3390  3402384    0.42%
  36024 21278      689.9868   484      688.4381      691.3390  3412552    0.42%
  36113 21330      691.1877   459      688.4381      691.3384  3423235    0.42%
  36210 21387      689.0110   502      688.4381      691.3379  3432788    0.42%
  36332 21443      689.5317   452      688.4381      691.3375  3443241    0.42%
  36446 21510      688.9452   475      688.4381      691.3371  3453371    0.42%
  36581 21636      690.3173   242      688.4381      691.3370  3461392    0.42%
  36813 21829      691.0840   516      688.4381      691.3359  3472447    0.42%
  36877 21878      688.4866   444      688.4381      691.3359  3481731    0.42%
  37016 21929      688.6041   479      688.4381      691.3352  3491871    0.42%
Elapsed time = 1501.87 sec. (1421622.83 ticks, tree = 611.74 MB, solutions = 7)
  37094 21984      689.7329   434      688.4381      691.3351  3502292    0.42%
  37237 22047      690.8724   460      688.4381      691.3348  3512865    0.42%
  37343 22107      689.2201   480      688.4381      691.3346  3523186    0.42%
  37465 22166      690.2984   459      688.4381      691.3342  3533518    0.42%
  37591 22233      689.8279   462      688.4381      691.3338  3543273    0.42%
  37720 22276      691.0937   386      688.4381      691.3336  3552515    0.42%
  38027 22573      688.4802   446      688.4381      691.3334  3563689    0.42%
  38151 22643      689.4704   462      688.4381      691.3332  3574122    0.42%
  38302 22717      690.2311   403      688.4381      691.3331  3584772    0.42%
  38418 22781      690.2465   396      688.4381      691.3329  3595005    0.42%
Elapsed time = 1543.99 sec. (1460151.92 ticks, tree = 642.04 MB, solutions = 7)
  38531 22844      691.0743   482      688.4381      691.3326  3604017    0.42%
  38631 22909      689.5507   505      688.4381      691.3323  3613812    0.42%
  38774 22969      689.4170   497      688.4381      691.3320  3623720    0.42%
  38900 23016      690.9746   502      688.4381      691.3311  3633449    0.42%
  38956 23072      689.0316   452      688.4381      691.3311  3641906    0.42%
  39230 23313      688.9066    49      688.4381      691.3311  3652966    0.42%
  39350 23411      690.7052   512      688.4381      691.3299  3662169    0.42%
  39449 23481      688.8094   466      688.4381      691.3295  3671432    0.42%
  39612 23540        cutoff            688.4381      691.3291  3681588    0.42%
  39733 23610      689.5281   448      688.4381      691.3285  3691872    0.42%
Elapsed time = 1586.37 sec. (1498707.23 ticks, tree = 671.31 MB, solutions = 7)
  39838 23664      690.5495   423      688.4381      691.3278  3702593    0.42%
  39947 23726      690.4193   466      688.4381      691.3277  3712785    0.42%
  40049 23800      689.5102   497      688.4381      691.3275  3722955    0.42%
  40122 23851      691.1057   403      688.4381      691.3269  3731936    0.42%
  40273 23932      690.9198   475      688.4381      691.3264  3741969    0.42%
  40400 24002      690.3758   434      688.4381      691.3256  3751998    0.42%
  40514 24070      689.5555   516      688.4381      691.3252  3762767    0.42%
  40644 24119      690.8127   457      688.4381      691.3240  3772800    0.42%
  40754 24209      690.7681   483      688.4381      691.3238  3783167    0.42%
  40894 24265      691.1627   463      688.4381      691.3233  3793569    0.42%
Elapsed time = 1626.40 sec. (1537224.58 ticks, tree = 692.06 MB, solutions = 7)
  40974 24333      688.5722   530      688.4381      691.3231  3802891    0.42%
  41070 24360      691.0713   443      688.4381      691.3225  3810911    0.42%
  41367 24656      688.6813    10      688.4381      691.3225  3821869    0.42%
  41513 24737      688.5031   442      688.4381      691.3220  3833207    0.42%
  41695 24792      688.5795   439      688.4381      691.3211  3843471    0.42%
  41817 24861      690.5773   480      688.4381      691.3208  3853458    0.42%
  41962 24912      691.0195   502      688.4381      691.3200  3863836    0.42%
  42047 24984      688.4959   423      688.4381      691.3200  3874326    0.42%
  42233 25032      688.4388   478      688.4381      691.3197  3884068    0.42%
  42319 25094      688.9643   487      688.4381      691.3193  3894379    0.42%
Elapsed time = 1667.60 sec. (1575834.75 ticks, tree = 721.05 MB, solutions = 7)
  42404 25149      688.5841   527      688.4381      691.3190  3903925    0.42%
  42614 25319      689.3100   161      688.4381      691.3189  3913399    0.42%
  42800 25463      688.4418   418      688.4381      691.3186  3924825    0.42%
  42924 25509      689.0746   518      688.4381      691.3184  3934039    0.42%
  43054 25572      689.9198   434      688.4381      691.3181  3944432    0.42%
  43180 25630        cutoff            688.4381      691.3181  3954620    0.42%
  43310 25689      691.0617   452      688.4381      691.3174  3965061    0.42%
  43424 25755      688.6689   523      688.4381      691.3172  3975222    0.42%
  43559 25804      690.5346   484      688.4381      691.3170  3985123    0.42%
  43709 25873      690.0378   523      688.4381      691.3169  3995278    0.42%
Elapsed time = 1709.46 sec. (1614176.21 ticks, tree = 748.79 MB, solutions = 7)
  43902 26055      689.7474   150      688.4381      691.3169  4004292    0.42%
  44168 26234      690.7959   444      688.4381      691.3166  4016009    0.42%
  44287 26327      690.6594   465      688.4381      691.3165  4026749    0.42%
  44441 26375      690.1674   446      688.4381      691.3161  4037111    0.42%
  44542 26431      690.3351   497      688.4381      691.3156  4047343    0.42%
  44676 26493      689.9673   473      688.4381      691.3155  4056926    0.42%
  44790 26569      690.3082   444      688.4381      691.3151  4066870    0.42%
  44931 26642      690.2273   415      688.4381      691.3145  4077125    0.42%
  45060 26700      690.3849   470      688.4381      691.3143  4087457    0.42%
  45181 26805      690.8602   356      688.4381      691.3142  4097280    0.42%
Elapsed time = 1751.30 sec. (1652787.20 ticks, tree = 782.01 MB, solutions = 7)
  45476 27080      690.4446   521      688.4381      691.3140  4108398    0.42%
  45580 27126      691.0258   457      688.4381      691.3134  4117780    0.42%
  45691 27190      689.1151   576      688.4381      691.3133  4128181    0.42%
  45844 27247      688.4676   517      688.4381      691.3130  4137832    0.42%
  45913 27283      690.2991   495      688.4381      691.3121  4147386    0.42%
  46020 27328      691.3099   363      688.4381      691.3121  4157967    0.42%
  46157 27372      688.7298   563      688.4381      691.3115  4167108    0.42%
  46245 27448      688.6590   462      688.4381      691.3115  4177425    0.42%
  46425 27508      688.5053   385      688.4381      691.3108  4188203    0.42%
  46523 27575      690.7013   427      688.4381      691.3105  4198479    0.42%
Elapsed time = 1792.60 sec. (1691385.80 ticks, tree = 809.30 MB, solutions = 7)
  46648 27682      688.5083   509      688.4381      691.3104  4209533    0.42%
  46787 27735        cutoff            688.4381      691.3098  4219671    0.42%
  46909 27817      688.8726   533      688.4381      691.3093  4230670    0.42%
  47010 27878      690.2220   424      688.4381      691.3092  4240893    0.42%
  47165 27943      690.9240   492      688.4381      691.3086  4251487    0.42%
  47257 27995      690.4874   445      688.4381      691.3085  4261047    0.42%
  47342 28056        cutoff            688.4381      691.3085  4270983    0.42%
  47476 28101      691.1548   505      688.4381      691.3084  4282743    0.42%
  47595 28216      690.6689   211      688.4381      691.3081  4291490    0.42%
* 47795 27446      integral     0      688.4977      691.3081  4297335    0.41%
  47841 27490      690.7543   411      688.4977      691.3080  4304286    0.41%
Elapsed time = 1834.45 sec. (1730101.68 ticks, tree = 804.25 MB, solutions = 8)
  47952 27564      688.8397   482      688.4977      691.3075  4314417    0.41%
  48087 27624      690.1448   436      688.4977      691.3072  4324517    0.41%
  48172 27683      688.5489   507      688.4977      691.3068  4333717    0.41%
  48292 27736      690.3175   473      688.4977      691.3064  4344407    0.41%
  48329 27773      688.8679   480      688.4977      691.3064  4355371    0.41%
  48460 27820      691.0154   499      688.4977      691.3059  4365490    0.41%
  48567 27858      691.3053   384      688.4977      691.3058  4376024    0.41%
  48700 27922      691.0280   435      688.4977      691.3058  4386074    0.41%
  48866 28079      690.2563   197      688.4977      691.3057  4394749    0.41%
  49097 28278      689.3836   491      688.4977      691.3053  4406399    0.41%
Elapsed time = 1875.50 sec. (1768791.20 ticks, tree = 825.71 MB, solutions = 8)
  49252 28326      690.8600   448      688.4977      691.3052  4416918    0.41%
  49366 28370      690.3536   411      688.4977      691.3046  4425803    0.41%
  49539 28430      690.8410   453      688.4977      691.3044  4437107    0.41%
  49667 28493      691.0586   453      688.4977      691.3039  4447763    0.41%
  49781 28544      688.9910   505      688.4977      691.3034  4457460    0.41%
  49868 28596      688.5130   434      688.4977      691.3033  4467300    0.41%
  50020 28691      690.4800   253      688.4977      691.3031  4476329    0.41%
  50300 28934      688.6401   477      688.4977      691.3030  4487019    0.41%
  50406 28998      689.9125   488      688.4977      691.3029  4497675    0.41%
  50502 29037      690.6000   410      688.4977      691.3027  4507803    0.41%
Elapsed time = 1917.61 sec. (1807460.69 ticks, tree = 848.97 MB, solutions = 8)
  50610 29110      690.3193   433      688.4977      691.3025  4518082    0.41%
  50746 29158      690.4669   478      688.4977      691.3018  4528797    0.41%
  50795 29205      688.8015   467      688.4977      691.3018  4538613    0.41%
  50886 29235      689.2978   527      688.4977      691.3015  4548778    0.41%
  51017 29286      689.7644   521      688.4977      691.3013  4559474    0.41%
  51054 29319      690.2670   450      688.4977      691.3012  4569516    0.41%
  51140 29373      690.4750   435      688.4977      691.3011  4579866    0.41%
  51340 29568      690.2294   483      688.4977      691.3011  4589971    0.41%
  51453 29615      690.7776   448      688.4977      691.3007  4600279    0.41%
  51497 29659      688.9891   448      688.4977      691.3007  4610006    0.41%
Elapsed time = 1957.39 sec. (1846111.99 ticks, tree = 854.81 MB, solutions = 8)
  51646 29714      690.7202   492      688.4977      691.3003  4621000    0.41%
  51721 29772      689.4504   446      688.4977      691.3001  4630268    0.41%
  51869 29827      688.9231   550      688.4977      691.2998  4640585    0.41%
  51973 29862      690.0111   410      688.4977      691.2997  4651615    0.41%
  52071 29918      690.3194   540      688.4977      691.2996  4661920    0.41%
  52171 29964      691.1414   365      688.4977      691.2990  4672261    0.41%
  52308 30058      690.4838   496      688.4977      691.2988  4683362    0.41%
  52410 30102      688.5762   440      688.4977      691.2984  4692127    0.41%
  52516 30151      690.7200   528      688.4977      691.2981  4701267    0.41%
  52630 30191      688.5029   435      688.4977      691.2979  4709940    0.41%
Elapsed time = 1997.51 sec. (1884622.22 ticks, tree = 869.35 MB, solutions = 8)
  52698 30227      690.4262   519      688.4977      691.2975  4718602    0.41%
  52801 30277      690.0427   417      688.4977      691.2974  4728640    0.41%
  52931 30330      690.5198   442      688.4977      691.2970  4738463    0.41%
  53018 30387      690.1728   441      688.4977      691.2963  4748260    0.41%
  53256 30598      689.1419    99      688.4977      691.2961  4758216    0.41%
  53437 30735      690.8486   460      688.4977      691.2954  4768628    0.41%
  53511 30786      690.6352   451      688.4977      691.2952  4778339    0.41%
  53630 30859      690.2483   403      688.4977      691.2950  4789432    0.41%
  53726 30898      689.5710   490      688.4977      691.2949  4797930    0.41%
  53815 30953      688.8440   429      688.4977      691.2948  4808315    0.41%
Elapsed time = 2038.51 sec. (1923142.43 ticks, tree = 894.58 MB, solutions = 8)
  53876 30994      690.1906   484      688.4977      691.2941  4818818    0.41%
  54010 31044      690.5355   513      688.4977      691.2937  4829086    0.41%
  54080 31104      688.6596   521      688.4977      691.2937  4839022    0.41%
  54211 31155      690.9931   386      688.4977      691.2935  4848127    0.41%
  54500 31431      689.5782   469      688.4977      691.2934  4858319    0.41%
  54621 31505      688.8481   457      688.4977      691.2934  4868500    0.41%
  54747 31554      690.3590   499      688.4977      691.2933  4879079    0.41%
  54858 31615      688.5365   409      688.4977      691.2930  4890275    0.41%
  54997 31677      688.6512   411      688.4977      691.2926  4900790    0.41%
  55131 31749      688.5104   367      688.4977      691.2923  4910894    0.41%
Elapsed time = 2079.60 sec. (1961450.31 ticks, tree = 922.37 MB, solutions = 8)
  55221 31804      690.0953   498      688.4977      691.2922  4920603    0.41%
  55323 31849      689.6728   468      688.4977      691.2921  4930385    0.41%
  55448 31943      690.4468   423      688.4977      691.2918  4941162    0.41%
  55645 32134      690.1466   434      688.4977      691.2917  4950841    0.41%
  55743 32183      690.7075   470      688.4977      691.2916  4959882    0.41%
  55797 32230      691.0654   434      688.4977      691.2915  4968766    0.41%
  55899 32278      690.6071   472      688.4977      691.2914  4978537    0.41%
  56016 32316      690.8276   455      688.4977      691.2909  4989584    0.41%
  56107 32365      688.6649   465      688.4977      691.2908  4999578    0.41%
  56190 32400      689.9646   458      688.4977      691.2902  5009954    0.41%
Elapsed time = 2119.62 sec. (2000169.99 ticks, tree = 937.00 MB, solutions = 8)
  56250 32439      689.4822   502      688.4977      691.2900  5019757    0.41%
  56360 32487      688.8171   445      688.4977      691.2897  5030512    0.41%
  56460 32523      690.8240   392      688.4977      691.2894  5041272    0.41%
  56557 32608      691.0799   372      688.4977      691.2893  5050605    0.41%
  56840 32885      688.7747   497      688.4977      691.2893  5060555    0.41%
  56985 32933      690.0169   483      688.4977      691.2890  5070948    0.41%
  57117 32980      688.5033   382      688.4977      691.2885  5082172    0.41%
  57206 33011      691.0403   459      688.4977      691.2880  5093128    0.41%
  57247 33052      690.2565   429      688.4977      691.2880  5103208    0.41%
  57350 33124      691.0329   462      688.4977      691.2878  5114524    0.41%
Elapsed time = 2160.25 sec. (2039185.29 ticks, tree = 956.66 MB, solutions = 8)
  57455 33166      691.0086   368      688.4977      691.2876  5125527    0.41%
  57567 33245      688.5319   521      688.4977      691.2874  5136809    0.41%
  57650 33287      688.6146   527      688.4977      691.2858  5146607    0.40%
  57730 33317      690.3534   409      688.4977      691.2854  5155975    0.40%
  57854 33390      688.5449   435      688.4977      691.2854  5165963    0.40%
  57947 33438      688.6912   515      688.4977      691.2850  5175808    0.40%
  58025 33471      690.1813   472      688.4977      691.2849  5185356    0.40%
  58061 33507      689.5251   444      688.4977      691.2849  5195365    0.40%
  58175 33546      690.9966   575      688.4977      691.2847  5206237    0.40%
  58281 33599      688.5981   484      688.4977      691.2844  5215829    0.40%
Elapsed time = 2199.41 sec. (2078341.42 ticks, tree = 965.88 MB, solutions = 8)
  58405 33662      691.0927   498      688.4977      691.2843  5226216    0.40%
  58525 33716      689.5448   465      688.4977      691.2841  5236273    0.40%
  58685 33788      688.5904   514      688.4977      691.2840  5246939    0.40%
  58824 33848      691.2330   472      688.4977      691.2839  5256875    0.40%
  59155 34173      690.9916   481      688.4977      691.2839  5266554    0.40%
  59267 34243      689.6097   530      688.4977      691.2838  5277007    0.40%
  59356 34287      689.3977   514      688.4977      691.2837  5287297    0.40%
  59420 34331        cutoff            688.4977      691.2837  5297114    0.40%
  59598 34378      688.6515   384      688.4977      691.2831  5307630    0.40%
  59753 34448      688.5959   355      688.4977      691.2830  5318086    0.40%
Elapsed time = 2240.99 sec. (2117027.24 ticks, tree = 981.56 MB, solutions = 8)
  59920 34497        cutoff            688.4977      691.2829  5328710    0.40%
  60019 34544      689.4979   450      688.4977      691.2824  5338869    0.40%
  60120 34593      688.5894   379      688.4977      691.2824  5348765    0.40%
  60272 34705      690.7613   299      688.4977      691.2821  5357725    0.40%
  60556 34944      691.1766   461      688.4977      691.2819  5367911    0.40%
  60600 34988      688.9875   478      688.4977      691.2819  5378026    0.40%
  60753 35034      691.1434   479      688.4977      691.2817  5389034    0.40%
  60902 35100      689.2743   440      688.4977      691.2811  5400078    0.40%
  61033 35155      689.5393   509      688.4977      691.2808  5410859    0.40%
  61141 35224      688.7807   482      688.4977      691.2807  5421351    0.40%
Elapsed time = 2282.03 sec. (2155752.88 ticks, tree = 995.01 MB, solutions = 8)
  61243 35263      690.0352   427      688.4977      691.2800  5431898    0.40%
  61367 35320      690.1660   429      688.4977      691.2797  5441466    0.40%
  61478 35401      691.1082   398      688.4977      691.2795  5451018    0.40%
  61764 35680      689.9874   479      688.4977      691.2795  5460547    0.40%
  61863 35745      688.7141   422      688.4977      691.2795  5471739    0.40%
  62042 35790        cutoff            688.4977      691.2792  5482108    0.40%
  62158 35822      690.6943   441      688.4977      691.2789  5493434    0.40%
  62247 35888      688.7103   524      688.4977      691.2789  5503612    0.40%
  62336 35925      688.5426   467      688.4977      691.2787  5513206    0.40%
  62410 35968      690.7744   442      688.4977      691.2785  5522737    0.40%
Elapsed time = 2322.37 sec. (2194144.72 ticks, tree = 1010.73 MB, solutions = 8)
  62455 36013      689.5838   416      688.4977      691.2785  5533586    0.40%
  62558 36042      688.6080   436      688.4977      691.2781  5543445    0.40%
  62638 36069      689.6772   486      688.4977      691.2778  5552714    0.40%
  62731 36109      690.6801   470      688.4977      691.2776  5562351    0.40%
  62820 36163      691.2428   415      688.4977      691.2775  5572691    0.40%
  63138 36474      690.8457   471      688.4977      691.2774  5582356    0.40%
  63263 36540      688.5264   532      688.4977      691.2773  5591806    0.40%
  63362 36603      690.0988   502      688.4977      691.2772  5601539    0.40%
  63466 36652      688.5491   475      688.4977      691.2772  5612075    0.40%
  63565 36711      688.9058   430      688.4977      691.2772  5622936    0.40%
Elapsed time = 2362.58 sec. (2232625.09 ticks, tree = 1031.43 MB, solutions = 8)
  63713 36763      688.6016   395      688.4977      691.2771  5634441    0.40%
  63775 36796      690.1010   491      688.4977      691.2769  5643721    0.40%
  63820 36841      688.7943   450      688.4977      691.2769  5653688    0.40%
  63936 36899      689.1343   520      688.4977      691.2767  5664117    0.40%
  64018 36944      691.0897   477      688.4977      691.2765  5674252    0.40%
  64120 37046      688.8115   405      688.4977      691.2765  5684496    0.40%
  64295 37106      691.0778   510      688.4977      691.2761  5695526    0.40%
  64361 37149      690.4108   428      688.4977      691.2761  5704601    0.40%
  64456 37208      688.5022   343      688.4977      691.2761  5715554    0.40%
  64560 37255      690.7453   451      688.4977      691.2758  5726232    0.40%
Elapsed time = 2404.17 sec. (2271712.19 ticks, tree = 1040.60 MB, solutions = 8)
  64639 37298      689.6913   452      688.4977      691.2755  5736478    0.40%
  64714 37345      688.7275   532      688.4977      691.2755  5746148    0.40%
  64832 37373      689.5355   515      688.4977      691.2754  5756439    0.40%
  64902 37422      688.8282   435      688.4977      691.2753  5766855    0.40%
  64978 37465      688.6003   449      688.4977      691.2753  5777962    0.40%
  65130 37576      690.5503   347      688.4977      691.2750  5786439    0.40%
  65372 37813      690.1104   522      688.4977      691.2750  5796310    0.40%
  65475 37887      688.5467   393      688.4977      691.2750  5806746    0.40%
  65625 37939      688.5645   418      688.4977      691.2749  5816981    0.40%
  65719 37976      690.3059   445      688.4977      691.2749  5827700    0.40%
Elapsed time = 2446.64 sec. (2310369.42 ticks, tree = 1059.99 MB, solutions = 8)
  65783 38023      688.5776   404      688.4977      691.2749  5835711    0.40%
  65897 38066      689.5994   442      688.4977      691.2746  5845669    0.40%
  66059 38143      688.6173   402      688.4977      691.2744  5856933    0.40%
  66192 38189      690.3473   484      688.4977      691.2741  5867261    0.40%
  66333 38251      688.6149   413      688.4977      691.2740  5877324    0.40%
  66438 38306      691.0978   427      688.4977      691.2738  5885452    0.40%
  66735 38593      690.7341   514      688.4977      691.2737  5895552    0.40%
  66792 38643      690.4341   425      688.4977      691.2737  5905315    0.40%
  66940 38709      689.7466   448      688.4977      691.2737  5915679    0.40%
  67080 38742      689.9273   463      688.4977      691.2736  5926778    0.40%
Elapsed time = 2489.48 sec. (2348796.34 ticks, tree = 1085.48 MB, solutions = 8)
  67168 38793        cutoff            688.4977      691.2736  5937108    0.40%
  67286 38835      690.1199   428      688.4977      691.2735  5948020    0.40%
  67369 38885      689.3625   427      688.4977      691.2734  5957881    0.40%
  67473 38935      688.6276   454      688.4977      691.2733  5968836    0.40%
  67586 38981      689.3149   393      688.4977      691.2731  5980426    0.40%
  67700 39030      691.0336   376      688.4977      691.2729  5990259    0.40%
  67982 39306      690.1223   484      688.4977      691.2728  5999922    0.40%
  68097 39349      690.5475   423      688.4977      691.2727  6010949    0.40%
  68158 39395      689.9677   435      688.4977      691.2727  6020044    0.40%
  68258 39436      690.1746   532      688.4977      691.2725  6030145    0.40%
Elapsed time = 2532.60 sec. (2387499.30 ticks, tree = 1095.77 MB, solutions = 8)
  68340 39479      690.4833   436      688.4977      691.2723  6038973    0.40%
  68429 39543      689.1436   460      688.4977      691.2723  6049648    0.40%
  68542 39575      691.2708   445      688.4977      691.2721  6058170    0.40%
  68665 39627      690.7285   460      688.4977      691.2721  6068040    0.40%
  68764 39679      689.8963   550      688.4977      691.2719  6077607    0.40%
  68833 39731      689.4833   470      688.4977      691.2718  6086834    0.40%
  68958 39848      690.4334   310      688.4977      691.2717  6095733    0.40%
  69217 40055      689.0852   534      688.4977      691.2716  6107309    0.40%
  69320 40093      690.3780   407      688.4977      691.2716  6117766    0.40%
  69416 40158      688.6116   527      688.4977      691.2715  6129039    0.40%
Elapsed time = 2575.05 sec. (2426024.87 ticks, tree = 1107.06 MB, solutions = 8)
  69504 40204      688.5098   539      688.4977      691.2712  6139485    0.40%
  69567 40240      690.3602   505      688.4977      691.2711  6149239    0.40%
  69694 40301      690.4836   427      688.4977      691.2708  6159950    0.40%
  69770 40330      691.2689   435      688.4977      691.2705  6170352    0.40%
  69820 40380      689.7503   432      688.4977      691.2705  6180769    0.40%
  69965 40438      688.5550   494      688.4977      691.2705  6190961    0.40%
  70058 40497      689.6324   426      688.4977      691.2703  6200983    0.40%
  70171 40562      689.0352   428      688.4977      691.2700  6211080    0.40%
  70255 40611      690.3856   472      688.4977      691.2697  6221231    0.40%
  70338 40669      691.0052   498      688.4977      691.2696  6231529    0.40%
Elapsed time = 2616.89 sec. (2464941.12 ticks, tree = 1117.64 MB, solutions = 8)
  70436 40718      688.5534   559      688.4977      691.2695  6241380    0.40%
  70506 40767      689.1156   451      688.4977      691.2694  6251493    0.40%
  70620 40813      688.5535   374      688.4977      691.2692  6262649    0.40%
  70732 40848      690.6490   495      688.4977      691.2691  6273278    0.40%
  70797 40902      688.9366   469      688.4977      691.2691  6282731    0.40%
  70930 40953      690.8556   444      688.4977      691.2690  6293235    0.40%
  71218 41232      690.5369   462      688.4977      691.2690  6304486    0.40%
  71280 41275      690.9792   372      688.4977      691.2689  6314350    0.40%
  71395 41319      688.5594   458      688.4977      691.2689  6325084    0.40%
  71467 41352      690.3526   430      688.4977      691.2688  6335725    0.40%
Elapsed time = 2659.20 sec. (2503593.74 ticks, tree = 1124.15 MB, solutions = 8)
  71583 41413      688.5497   454      688.4977      691.2688  6346269    0.40%
  71685 41467      690.6977   449      688.4977      691.2686  6356670    0.40%
  71756 41507      688.9872   417      688.4977      691.2686  6366811    0.40%
  71852 41556      690.3545   422      688.4977      691.2682  6377444    0.40%
  71927 41604      688.8044   482      688.4977      691.2681  6387500    0.40%
  72030 41663      691.1648   442      688.4977      691.2680  6397670    0.40%
  72271 41903      689.0865    43      688.4977      691.2680  6407332    0.40%
  72450 42015      689.8106   480      688.4977      691.2679  6417029    0.40%
  72571 42074      688.6816   446      688.4977      691.2678  6427394    0.40%
  72720 42130      689.4708   466      688.4977      691.2673  6437365    0.40%
Elapsed time = 2701.64 sec. (2542112.21 ticks, tree = 1145.48 MB, solutions = 8)
  72866 42175      690.7638   358      688.4977      691.2671  6448928    0.40%
  72997 42221      689.7200   500      688.4977      691.2670  6457920    0.40%
  73089 42275      689.2757   516      688.4977      691.2670  6467326    0.40%
  73187 42324      690.5899   481      688.4977      691.2668  6477921    0.40%
  73240 42377      689.0471   413      688.4977      691.2668  6487754    0.40%
  73336 42414      688.8474   452      688.4977      691.2666  6500156    0.40%
  73657 42707      690.5622   421      688.4977      691.2664  6510303    0.40%
  73802 42773      688.7563   490      688.4977      691.2663  6521299    0.40%
  73913 42814      688.6986   520      688.4977      691.2660  6531557    0.40%
  74041 42857      690.8596   426      688.4977      691.2655  6542310    0.40%
Elapsed time = 2743.24 sec. (2580910.02 ticks, tree = 1168.20 MB, solutions = 8)
  74110 42909      688.5939   412      688.4977      691.2655  6553451    0.40%
  74199 42946      688.5043   507      688.4977      691.2653  6563697    0.40%
  74335 43014      688.4996   424      688.4977      691.2650  6574671    0.40%
  74474 43071      688.5452   517      688.4977      691.2647  6585370    0.40%
  74555 43123      689.4601   462      688.4977      691.2645  6594656    0.40%
  74767 43269      690.4203   248      688.4977      691.2645  6604084    0.40%
  75031 43486      688.5217   532      688.4977      691.2643  6614151    0.40%
  75107 43546      689.7310   454      688.4977      691.2641  6624366    0.40%
  75237 43608      689.1410   527      688.4977      691.2637  6634397    0.40%
  75327 43650      690.3699   468      688.4977      691.2636  6642209    0.40%
Elapsed time = 2784.59 sec. (2619324.44 ticks, tree = 1193.25 MB, solutions = 8)
  75421 43704      688.6027   473      688.4977      691.2634  6652540    0.40%
  75546 43755      688.6420   521      688.4977      691.2628  6663218    0.40%
  75606 43801      688.5217   445      688.4977      691.2627  6672864    0.40%
  75720 43837      690.4205   528      688.4977      691.2625  6682612    0.40%
  75802 43889      690.3816   461      688.4977      691.2624  6691929    0.40%
  75916 43974      690.4380   503      688.4977      691.2623  6702813    0.40%
  76039 44028      690.3305   410      688.4977      691.2620  6712569    0.40%
  76228 44087      689.3580   418      688.4977      691.2618  6723220    0.40%
  76373 44151      690.8863   480      688.4977      691.2616  6733600    0.40%
  76492 44202      689.5114   516      688.4977      691.2614  6744029    0.40%
Elapsed time = 2825.96 sec. (2658754.55 ticks, tree = 1208.40 MB, solutions = 8)
  76601 44277      688.7887   474      688.4977      691.2613  6754802    0.40%
  76750 44342      691.2396   368      688.4977      691.2609  6765143    0.40%
* 77040 44458      integral     0      688.5042      691.2609  6773988    0.40%
  77041 44459      691.0804   443      688.5042      691.2609  6774282    0.40%
  77119 44537      688.6424   436      688.5042      691.2609  6785093    0.40%
  77216 44583      689.7764   498      688.5042      691.2608  6793820    0.40%
  77350 44636      690.1831   452      688.5042      691.2607  6803660    0.40%
  77476 44703      691.0009   429      688.5042      691.2606  6814319    0.40%
  77595 44768      690.3355   474      688.5042      691.2602  6824998    0.40%
  77683 44836        cutoff            688.5042      691.2602  6835876    0.40%
  77780 44886      688.7282   551      688.5042      691.2600  6844840    0.40%
Elapsed time = 2868.89 sec. (2697374.51 ticks, tree = 1227.98 MB, solutions = 9)
  77868 44951      689.7261   402      688.5042      691.2600  6854911    0.40%
  77975 45000      691.1701   415      688.5042      691.2598  6865561    0.40%
  78235 45259      688.9111    27      688.5042      691.2598  6874598    0.40%
  78352 45344      690.1008   511      688.5042      691.2596  6884336    0.40%
  78433 45413      690.0920   507      688.5042      691.2594  6893908    0.40%
  78520 45455      691.0110   460      688.5042      691.2594  6903104    0.40%
  78598 45509      689.6517   512      688.5042      691.2592  6913198    0.40%
  78703 45564      689.6391   464      688.5042      691.2591  6923665    0.40%
  78772 45604      690.7693   455      688.5042      691.2591  6932878    0.40%
  78811 45643      689.7018   481      688.5042      691.2591  6942364    0.40%
Elapsed time = 2910.70 sec. (2736074.96 ticks, tree = 1252.37 MB, solutions = 9)
  78881 45684      688.7622   416      688.5042      691.2591  6953293    0.40%
  79013 45731      691.1129   516      688.5042      691.2588  6962873    0.40%
  79130 45795      689.5832   509      688.5042      691.2587  6972771    0.40%
  79230 45850      691.0217   504      688.5042      691.2585  6983253    0.40%
  79439 46059      689.0861   113      688.5042      691.2585  6992303    0.40%
  79584 46155      690.7882   465      688.5042      691.2584  7004000    0.40%
  79669 46200      690.7834   490      688.5042      691.2583  7015017    0.40%
  79791 46252      690.5944   480      688.5042      691.2581  7025054    0.40%
  79845 46293      689.9858   460      688.5042      691.2578  7033100    0.40%
  79927 46343      688.9069   519      688.5042      691.2578  7043195    0.40%
Elapsed time = 2952.73 sec. (2774684.85 ticks, tree = 1262.67 MB, solutions = 9)
  80033 46392      688.8413   490      688.5042      691.2574  7053957    0.40%
  80110 46445      689.1700   461      688.5042      691.2574  7063616    0.40%
  80260 46496      690.2637   499      688.5042      691.2573  7073808    0.40%
  80371 46562      688.8638   439      688.5042      691.2573  7084506    0.40%
  80555 46728      689.8294   210      688.5042      691.2572  7094233    0.40%
  80758 46912      688.5515   548      688.5042      691.2572  7105318    0.40%
  80905 46977      689.5325   422      688.5042      691.2571  7115710    0.40%
  81030 47033      688.5299   539      688.5042      691.2569  7126055    0.40%
  81103 47097      689.2087   443      688.5042      691.2568  7135910    0.40%
  81259 47159      688.5510   477      688.5042      691.2566  7146388    0.40%
Elapsed time = 2996.01 sec. (2813079.72 ticks, tree = 1288.37 MB, solutions = 9)
  81412 47226        cutoff            688.5042      691.2562  7157652    0.40%
  81531 47275      689.3612   553      688.5042      691.2560  7167824    0.40%
  81648 47347      688.6474   547      688.5042      691.2556  7178440    0.40%
  81800 47391      690.8106   398      688.5042      691.2554  7188889    0.40%
  81910 47464      690.1597   444      688.5042      691.2552  7199653    0.40%
  82017 47507      690.5580   503      688.5042      691.2551  7209994    0.40%
  82058 47548      689.4281   422      688.5042      691.2551  7219884    0.40%
  82201 47604      688.5521   378      688.5042      691.2550  7229764    0.40%
  82350 47656      690.8783   470      688.5042      691.2548  7239898    0.40%
  82424 47730      689.7095   436      688.5042      691.2548  7250466    0.40%
Elapsed time = 3038.68 sec. (2851855.74 ticks, tree = 1305.04 MB, solutions = 9)
  82578 47782        cutoff            688.5042      691.2548  7260209    0.40%
  82730 47901      690.4738   255      688.5042      691.2546  7267459    0.40%
  82958 48123      689.2989   456      688.5042      691.2545  7278666    0.40%
  83066 48182      690.3231   411      688.5042      691.2543  7289156    0.40%
  83170 48251      689.9934   496      688.5042      691.2542  7299034    0.40%
  83300 48323      689.1456   467      688.5042      691.2542  7309718    0.40%
  83421 48403      688.7296   411      688.5042      691.2541  7320248    0.40%
  83542 48458      689.9394   520      688.5042      691.2540  7330776    0.40%
  83616 48504      690.3974   502      688.5042      691.2539  7340371    0.40%
  83709 48558        cutoff            688.5042      691.2539  7349971    0.40%
Elapsed time = 3080.66 sec. (2890388.72 ticks, tree = 1330.94 MB, solutions = 9)
  83810 48644      690.4918   318      688.5042      691.2538  7358174    0.40%
  84060 48875      690.2464   410      688.5042      691.2538  7369381    0.40%
  84173 48938      691.1102   502      688.5042      691.2538  7379398    0.40%
  84288 48980      690.7294   431      688.5042      691.2535  7390745    0.40%
  84378 49028      689.1019   559      688.5042      691.2535  7400818    0.40%
  84471 49071      690.5293   446      688.5042      691.2533  7410971    0.40%
  84538 49106      690.4018   420      688.5042      691.2532  7422213    0.40%
  84636 49156      688.5394   410      688.5042      691.2531  7432835    0.40%
  84720 49215      689.9795   371      688.5042      691.2530  7442809    0.40%
  84852 49284      690.5843   434      688.5042      691.2529  7452101    0.40%
Elapsed time = 3121.32 sec. (2929050.66 ticks, tree = 1348.23 MB, solutions = 9)
  85099 49506      690.5226   526      688.5042      691.2528  7462589    0.40%
  85160 49554      689.5852   472      688.5042      691.2528  7472582    0.40%
  85281 49604      689.8518   533      688.5042      691.2525  7483327    0.40%
  85382 49666      688.7773   512      688.5042      691.2524  7493220    0.40%
  85512 49720      690.5631   496      688.5042      691.2521  7503663    0.40%
  85645 49787      689.9451   528      688.5042      691.2519  7514681    0.40%
  85746 49832      691.2501   465      688.5042      691.2516  7524610    0.40%
  85786 49872      689.8047   479      688.5042      691.2516  7534041    0.40%
  85930 49937      690.8334   408      688.5042      691.2516  7543118    0.40%
  86178 50173      689.8630   464      688.5042      691.2515  7553761    0.40%
Elapsed time = 3163.37 sec. (2967725.72 ticks, tree = 1372.65 MB, solutions = 9)
  86298 50222      690.6316   436      688.5042      691.2514  7564422    0.40%
  86409 50292      688.8002   571      688.5042      691.2514  7574611    0.40%
  86480 50320      690.7243   514      688.5042      691.2513  7582644    0.40%
  86590 50372      689.9978   435      688.5042      691.2512  7592499    0.40%
  86720 50444      691.1408   424      688.5042      691.2512  7603327    0.40%
  86851 50493      691.0934   471      688.5042      691.2510  7614599    0.40%
  86911 50553      689.3137   424      688.5042      691.2510  7624670    0.40%
  87055 50608      688.5148   490      688.5042      691.2508  7635602    0.40%
  87144 50657      689.8071   450      688.5042      691.2508  7645493    0.40%
  87252 50727      690.5335   421      688.5042      691.2507  7656057    0.40%
Elapsed time = 3203.72 sec. (3006372.91 ticks, tree = 1389.02 MB, solutions = 9)
  87383 50769        cutoff            688.5042      691.2506  7665472    0.40%
  87422 50798      690.2952   451      688.5042      691.2505  7675238    0.40%
  87472 50841      689.4849   563      688.5042      691.2505  7686743    0.40%
  87613 50882      689.4045   457      688.5042      691.2504  7697336    0.40%
  87719 50925      688.5502   401      688.5042      691.2503  7708767    0.40%
  87841 50965        cutoff            688.5042      691.2502  7719423    0.40%
  87941 51002      690.9963   433      688.5042      691.2499  7730943    0.40%
  88041 51044      691.2217   411      688.5042      691.2498  7741752    0.40%
  88229 51232      689.4502   105      688.5042      691.2498  7750684    0.40%
Starting limited solution polishing.
  88411 51385      690.2279   510      688.5042      691.2498  7761305    0.40%
Elapsed time = 3244.43 sec. (3044778.98 ticks, tree = 1394.41 MB, solutions = 9)
  88520 51430      690.7244   479      688.5042      691.2496  7771076    0.40%
  88635 51492      688.5285   492      688.5042      691.2496  7781015    0.40%
  88720 51519      688.6538   451      688.5042      691.2495  7789924    0.40%
  88822 51549      690.8452   400      688.5042      691.2494  7799724    0.40%
  88890 51617      689.4855   368      688.5042      691.2494  7810411    0.40%
  89020 51667      690.9391   516      688.5042      691.2491  7822354    0.40%
  89116 51727      689.4144   477      688.5042      691.2491  7832663    0.40%
  89233 51785      689.6818   498      688.5042      691.2490  7842810    0.40%
  89390 51907      690.2254   243      688.5042      691.2489  7850106    0.40%
  89589 52089      691.0729   514      688.5042      691.2488  7858212    0.40%
Elapsed time = 3286.77 sec. (3084140.56 ticks, tree = 1413.44 MB, solutions = 9)
  89654 52154      689.1767   421      688.5042      691.2488  7867360    0.40%
  89742 52202      690.4634   444      688.5042      691.2486  7876425    0.40%
  89883 52260      689.9951   509      688.5042      691.2485  7886993    0.40%
  90002 52304      689.5929   457      688.5042      691.2484  7895575    0.40%
  90125 52352      688.6037   506      688.5042      691.2484  7902910    0.40%
  90275 52384        cutoff            688.5042      691.2483  7911130    0.40%
  90385 52427      690.0735   380      688.5042      691.2482  7922287    0.40%
  90520 52507      690.8745   349      688.5042      691.2481  7933004    0.40%
  90755 52741      688.5322    20      688.5042      691.2481  7941029    0.40%
  90854 52781      690.7712   442      688.5042      691.2480  7950476    0.40%
Elapsed time = 3329.39 sec. (3123154.54 ticks, tree = 1424.59 MB, solutions = 9)
  90897 52824      689.0303   468      688.5042      691.2480  7960929    0.40%
  91003 52851      690.5692   465      688.5042      691.2479  7970151    0.40%
  91120 52886      688.5089   429      688.5042      691.2477  7979854    0.40%
  91194 52930      689.7574   495      688.5042      691.2476  7990112    0.40%
  91312 52978      688.9370   537      688.5042      691.2476  7998062    0.40%
  91453 53016      690.4906   464      688.5042      691.2474  8006858    0.40%
  91551 53057      689.9431   499      688.5042      691.2474  8014609    0.40%
  91685 53116      690.9389   503      688.5042      691.2474  8024232    0.40%
  91813 53174      691.0038   359      688.5042      691.2473  8034682    0.40%
  91920 53256      690.7992   416      688.5042      691.2473  8042367    0.40%
Elapsed time = 3370.76 sec. (3162225.79 ticks, tree = 1437.38 MB, solutions = 9)
  92167 53492        cutoff            688.5042      691.2473  8050394    0.40%
  92267 53534      688.5951   411      688.5042      691.2472  8058590    0.40%
  92375 53591      690.4727   404      688.5042      691.2470  8067163    0.40%
  92464 53628      690.4239   517      688.5042      691.2469  8074930    0.40%
  92520 53672      689.4760   473      688.5042      691.2469  8081933    0.40%
  92620 53726      688.5840   458      688.5042      691.2469  8091569    0.40%
  92720 53772      688.5467   457      688.5042      691.2468  8100388    0.40%
  92850 53845      689.8015   510      688.5042      691.2468  8111282    0.40%
  92981 53889      690.3867   451      688.5042      691.2466  8120428    0.40%
  93080 53965      689.1248   446      688.5042      691.2466  8129608    0.40%
Elapsed time = 3413.36 sec. (3201683.04 ticks, tree = 1462.39 MB, solutions = 9)
  93196 54014      688.5375   531      688.5042      691.2465  8139087    0.40%
  93283 54082      688.7448   414      688.5042      691.2464  8148693    0.40%
  93444 54123      689.3285   468      688.5042      691.2463  8158565    0.40%
  93512 54175      689.6265   429      688.5042      691.2463  8168709    0.40%
  93621 54218      690.7358   496      688.5042      691.2462  8177313    0.40%
  93720 54251      691.0029   405      688.5042      691.2462  8184660    0.40%
  93832 54310      690.9773   487      688.5042      691.2461  8193699    0.40%
  93922 54371      691.1729   398      688.5042      691.2459  8202585    0.40%
  94120 54569      689.2606    67      688.5042      691.2459  8209222    0.40%
  94305 54734      688.5685   360      688.5042      691.2459  8219651    0.40%
Elapsed time = 3455.28 sec. (3240169.86 ticks, tree = 1489.22 MB, solutions = 9)
  94420 54778      689.1791   511      688.5042      691.2456  8228135    0.40%
  94510 54828      690.0691   499      688.5042      691.2455  8238061    0.40%
  94581 54879      690.4051   485      688.5042      691.2453  8245979    0.40%
  94655 54911      688.7699   437      688.5042      691.2452  8254672    0.40%
  94750 54965      688.6618   446      688.5042      691.2452  8265191    0.40%
  94863 54999      690.5478   500      688.5042      691.2451  8276724    0.40%
  94920 55019      690.7256   479      688.5042      691.2450  8283809    0.40%
  94981 55080      689.5149   461      688.5042      691.2450  8293945    0.40%
  95039 55113      688.6839   463      688.5042      691.2450  8301680    0.40%
  95149 55150      691.1824   475      688.5042      691.2449  8310625    0.40%
Elapsed time = 3495.84 sec. (3279396.18 ticks, tree = 1497.89 MB, solutions = 9)
  95320 55321      689.8196   165      688.5042      691.2449  8317882    0.40%
  95467 55440      690.9561   386      688.5042      691.2449  8326302    0.40%
  95556 55480      688.5094   444      688.5042      691.2447  8334645    0.40%
  95620 55505      691.0782   486      688.5042      691.2447  8343542    0.40%
  95697 55551      690.7929   487      688.5042      691.2446  8354033    0.40%
  95756 55589      688.5841   535      688.5042      691.2446  8360807    0.40%
  95827 55625      690.9570   476      688.5042      691.2445  8369990    0.40%
  95881 55663      688.5842   455      688.5042      691.2445  8379414    0.40%
  95990 55693      688.6920   456      688.5042      691.2445  8389565    0.40%
  96105 55733      688.5568   496      688.5042      691.2444  8400483    0.40%
Elapsed time = 3537.58 sec. (3319009.37 ticks, tree = 1499.52 MB, solutions = 9)
  96141 55759      689.4895   483      688.5042      691.2444  8408302    0.40%
  96210 55799      689.9757   437      688.5042      691.2444  8418965    0.40%
  96321 55858      690.8502   387      688.5042      691.2443  8424034    0.40%
  96535 56072      688.7955    38      688.5042      691.2443  8430612    0.40%
  96671 56141      690.5483   471      688.5042      691.2442  8440755    0.40%
  96720 56174      688.6538   432      688.5042      691.2442  8449958    0.40%
  96846 56219      689.3669   563      688.5042      691.2442  8459074    0.40%
  96921 56260      690.3038   441      688.5042      691.2441  8466886    0.40%
  97020 56328      688.5851   504      688.5042      691.2441  8475883    0.40%
  97127 56371      690.2701   452      688.5042      691.2440  8486534    0.40%
Elapsed time = 3579.05 sec. (3357726.11 ticks, tree = 1508.09 MB, solutions = 9)
  97164 56408      690.4387   433      688.5042      691.2440  8496481    0.40%
  97271 56467      689.9521   515      688.5042      691.2439  8505520    0.40%
  97341 56496      691.1259   474      688.5042      691.2438  8512368    0.40%
  97386 56541      689.6450   431      688.5042      691.2438  8522980    0.40%
  97430 56559      691.0061   440      688.5042      691.2438  8529183    0.40%

Flow cuts applied:  52
Mixed integer rounding cuts applied:  207
Lift and project cuts applied:  10
Gomory fractional cuts applied:  15
User cuts applied:  1835

Root node processing (before b&c):
  Real time             =    4.07 sec. (3825.77 ticks)
Sequential b&c:
  Real time             = 3595.93 sec. (3374438.83 ticks)
                          ------------
Total (root+branch&cut) = 3600.00 sec. (3378264.60 ticks)
|V|                                     700
K                                       140
theta                                   0.01
r                                       2
R                                       20
prob_func                               facility_mixture
mixture_low_share                       0.500000
mixture_low_interval                    [0.001000, 0.010000]
mixture_high_interval                   [0.100000, 0.500000]
mixture_seed                            1
#C1                                     1162
#CP                                     59570

@Parameters: 
am_callback_heuristic                   false
am_local_search                         true
am_start_heuristic                      false
colocation                              true
comp                                    false
cutC                                    true
cutC_init                               false
cutF                                    false
cutF_init                               false
cutF_stable                             false
cutF_wrong                              false
cutLocal                                false
cutM                                    true
cutM_init                               true
cutM_stable                             false
cutP                                    true
cutP_init                               false
cutP_stable                             false
init                                    true
init_cutF_zero                          false
init_val_greedy                         true
is_Euclidean                            false
is_local_search                         false
is_right_cutP                           true
is_root                                 false
is_silent                               false
is_start                                false
mycut                                   false
pmed                                    false
pre                                     true
stable_root                             false
str                                     false
two_phase                               false
ubstr                                   false
mode                                    Int

am_callback_node_space                  50
init                                    0
mixture_seed                            1
node_space                              5
nodelimit                               -1
nsepa                                   1
strF                                    0
type_delta                              0

EPS                                     0.001000
EPS_FRAC                                0.00
gap                                     0.00
mixture_high_max                        0.50
mixture_high_min                        0.10
mixture_low_max                         0.01
mixture_low_min                         0.00
mixture_low_share                       0.50
timelimit                               3600.00

Number of Closed Sites: 6 / 840 
Number of Confined Sites-1: 5 / 695 
Number of Confined Sites-k: 689 / 4316 
Preprocess Time: 1.90 + 0.00 sec

Solve Time: 3600.00
Number of Nodes: 97475
Termination Status: TIME_LIMIT

CutInfo: [phase] num / time (sec) / aver. num_nonzero
max              [LP]     0 / 0.00 / 0.00 [init]   539 / 0.01 / 2.24 [rLC]   295 / 0.01 / 2.77 [rUC]   695 / 0.09 / 4.37 [sLC]     1 / 0.16 / 1.00 [sUC]  1149 / 2.19 / 5.83 
prod_oa          [LP]     0 / 0.00 / 0.00 [init]   240 / 0.01 / 43.73 [rLC]   206 / 0.03 / 39.33 [rUC]   630 / 0.29 / 54.61 [sLC]   107 / 0.37 / 36.35 [sUC]  1780 / 6.67 / 45.94 
prod_sm_fixed    [LP]     0 / 0.00 / 0.00 [init]     0 / 0.00 / 0.00 [rLC]     0 / 0.00 / 0.00 [rUC]     0 / 0.00 / 0.00 [sLC]     0 / 0.00 / 0.00 [sUC]     0 / 0.00 / 0.00 
prod_bin         [LP]     0 / 0.00 / 0.00 [init]     0 / 0.00 / 0.00 [rLC]     0 / 0.00 / 0.00 [rUC]     0 / 0.00 / 0.00 [sLC]     0 / 0.00 / 0.00 [sUC]     0 / 0.00 / 0.00 
prod_local       [LP]     0 / 0.00 / 0.00 [init]     0 / 0.00 / 0.00 [rLC]     0 / 0.00 / 0.00 [rUC]     0 / 0.00 / 0.00 [sLC]     0 / 0.00 / 0.00 [sUC]     0 / 0.00 / 0.00 
prod_sm_C        [LP]     0 / 0.00 / 0.00 [init]     0 / 0.00 / 0.00 [rLC]     0 / 0.00 / 0.00 [rUC]     0 / 0.00 / 0.00 [sLC]     0 / 0.00 / 0.00 [sUC]     0 / 0.00 / 0.00 
facet            [LP]     0 / 0.00 / 0.00 [init]     0 / 0.00 / 0.00 [rLC]     0 / 0.00 / 0.00 [rUC]     0 / 0.00 / 0.00 [sLC]     0 / 0.00 / 0.00 [sUC]     0 / 0.00 / 0.00 
Separation Round:   [LP] 0  [init] 1  [rLC] 2  [rUC] 18  [sLC] 24  [sUC] 165273  
Root Best Bound 693.722512
Root Best Integer: 687.437079
Best Bound: 691.243750
Best Integer: 688.504156
1: 1, 2, 6, 23, 26, 27, 38, 49, 56, 57, 63, 77, 81, 84, 85, 124, 125, 143, 158, 171, 174, 181, 191, 193, 199, 217, 220, 233, 238, 239, 253, 255, 258, 260, 261, 263, 277, 280, 315, 317, 319, 324, 336, 337, 338, 345, 358, 363, 370, 373, 395, 414, 425, 435, 456, 457, 458, 463, 471, 476, 488, 493, 519, 539, 547, 564, 565, 574, 576, 597, 604, 616, 621, 642, 645, 650, 654, 660, 664, 668, 670, 682, 692, 694, 696, 700
2: 10, 68, 94, 108, 357, 448, 506, 598, 606
3: 45, 194, 197, 202, 218, 485
4: 503, 537, 613
6: 329
Objective Value (calc): 688.442598
sum_etaM = 411.394249 / 411.394249
sum_etaP = 691.303246 / 691.241066
nL: 105
nCL: 19
mCL: 6
