Version identifier: 20.1.0.0 | 2020-11-10 | 9bedb6d68
CPXPARAM_Threads                                 1
CPXPARAM_TimeLimit                               3600
CPXPARAM_MIP_Tolerances_MIPGap                   0
Generic callback                                 0x60
1 of 1 MIP starts provided solutions.
MIP start 'm1' defined initial solution with objective 120.0607.
Tried aggregator 1 time.
Reduced MIP has 1 rows, 600 columns, and 300 nonzeros.
Reduced MIP has 300 binaries, 0 generals, 0 SOSs, and 0 indicators.
Presolve time = 0.00 sec. (0.14 ticks)
Probing time = 0.00 sec. (0.03 ticks)
Tried aggregator 1 time.
Reduced MIP has 1 rows, 600 columns, and 300 nonzeros.
Reduced MIP has 300 binaries, 0 generals, 0 SOSs, and 0 indicators.
Presolve time = 0.00 sec. (0.14 ticks)
Probing time = 0.00 sec. (0.03 ticks)
MIP emphasis: balance optimality and feasibility.
MIP search method: dynamic search.
Parallel mode: none, using 1 thread.
Root relaxation solution time = 0.00 sec. (0.08 ticks)

        Nodes                                         Cuts/
   Node  Left     Objective  IInf  Best Integer    Best Bound    ItCnt     Gap

*     0+    0                          120.0607      300.0000           149.87%
      0     0      131.6716    54      120.0607      300.0000        0  149.87%
      0     0      120.1814    32      120.0607 UserPurge2: 100      199    0.10%
      0     0      120.0836    12      120.0607      Cuts: 58      256    0.02%
      0     0      120.0758    10      120.0607 UserPurge2: 13      273    0.01%
      0     0      120.0692    10      120.0607 UserPurge2: 7      288    0.01%
      0     0      120.0676     7      120.0607 UserPurge2: 6      295    0.01%
      0     0      120.0674     4      120.0607 UserPurge2: 4      298    0.01%
*     0+    0                          120.0634      120.0674             0.00%
      0     0      120.0673     5      120.0634 UserPurge2: 1      304    0.00%

Repeating presolve.
Tried aggregator 1 time.
MIP Presolve eliminated 0 rows and 152 columns.
Reduced MIP has 1 rows, 448 columns, and 148 nonzeros.
Reduced MIP has 148 binaries, 0 generals, 0 SOSs, and 0 indicators.
Presolve time = 0.00 sec. (0.12 ticks)
Probing time = 0.00 sec. (0.02 ticks)
Tried aggregator 1 time.
Reduced MIP has 1 rows, 448 columns, and 148 nonzeros.
Reduced MIP has 148 binaries, 0 generals, 0 SOSs, and 0 indicators.
Presolve time = 0.00 sec. (0.09 ticks)
Represolve time = 0.00 sec. (0.81 ticks)
Probing time = 0.00 sec. (0.02 ticks)
MIP emphasis: balance optimality and feasibility.
MIP search method: dynamic search.
Parallel mode: none, using 1 thread.
Root relaxation solution time = 0.00 sec. (1.17 ticks)

        Nodes                                         Cuts/
   Node  Left     Objective  IInf  Best Integer    Best Bound    ItCnt     Gap

*     0+    0                          120.0634      120.0673             0.00%
      0     0      120.0673     5      120.0634      120.0673      481    0.00%
      0     0      120.0673     5      120.0634 UserPurge2: 4      484    0.00%
      0     0      120.0669     5      120.0634 UserPurge2: 2      487    0.00%
      0     0      120.0669     4      120.0634 UserPurge2: 2      488    0.00%
      0     0      120.0657     5      120.0634 UserPurge2: 1      489    0.00%
      0     0      120.0654     4      120.0634 UserPurge2: 2      490    0.00%
      0     2      120.0654     4      120.0634      120.0654      490    0.00%
Elapsed time = 2.23 sec. (43.20 ticks, tree = 0.01 MB, solutions = 2)
*     8     6      integral     0      120.0644      120.0653      527    0.00%
*    13     0      integral     0      120.0646      120.0646      534    0.00%

User cuts applied:  386

Root node processing (before b&c):
  Real time             =    2.23 sec. (43.21 ticks)
Sequential b&c:
  Real time             =    0.02 sec. (2.58 ticks)
                          ------------
Total (root+branch&cut) =    2.25 sec. (45.79 ticks)
Version identifier: 20.1.0.0 | 2020-11-10 | 9bedb6d68
CPXPARAM_Threads                                 1
CPXPARAM_TimeLimit                               3597.7537338733673
CPXPARAM_MIP_Tolerances_MIPGap                   0
Generic callback                                 0x60
1 of 1 MIP starts provided solutions.
MIP start 'm1' defined initial solution with objective 120.0633.
Tried aggregator 1 time.
Reduced MIP has 208 rows, 600 columns, and 817 nonzeros.
Reduced MIP has 300 binaries, 0 generals, 0 SOSs, and 0 indicators.
Presolve time = 0.00 sec. (0.37 ticks)
Probing time = 0.00 sec. (0.06 ticks)
Tried aggregator 1 time.
Reduced MIP has 208 rows, 600 columns, and 817 nonzeros.
Reduced MIP has 300 binaries, 0 generals, 0 SOSs, and 0 indicators.
Presolve time = 0.00 sec. (0.37 ticks)
Probing time = 0.00 sec. (0.06 ticks)
MIP emphasis: balance optimality and feasibility.
MIP search method: dynamic search.
Parallel mode: none, using 1 thread.
Root relaxation solution time = 0.00 sec. (0.56 ticks)

        Nodes                                         Cuts/
   Node  Left     Objective  IInf  Best Integer    Best Bound    ItCnt     Gap

*     0+    0                          120.0633      300.0000           149.87%
      0     0      180.0800    11      120.0633      180.0800      215   49.99%
      0     0      120.3014    13      120.0633     Cuts: 140      313    0.20%
      0     0      120.0667    12      120.0633      Cuts: 13      329    0.00%
      0     0      120.0661    11      120.0633       Cuts: 2      330    0.00%

Repeating presolve.
Tried aggregator 1 time.
MIP Presolve eliminated 128 rows and 197 columns.
MIP Presolve modified 24 coefficients.
Reduced MIP has 80 rows, 403 columns, and 323 nonzeros.
Reduced MIP has 133 binaries, 0 generals, 0 SOSs, and 0 indicators.
Presolve time = 0.00 sec. (0.41 ticks)
Probing time = 0.00 sec. (0.02 ticks)
Tried aggregator 1 time.
Reduced MIP has 80 rows, 403 columns, and 323 nonzeros.
Reduced MIP has 133 binaries, 0 generals, 0 SOSs, and 0 indicators.
Presolve time = 0.00 sec. (0.21 ticks)
Represolve time = 0.00 sec. (1.21 ticks)
Probing time = 0.00 sec. (0.02 ticks)
MIP emphasis: balance optimality and feasibility.
MIP search method: dynamic search.
Parallel mode: none, using 1 thread.
Root relaxation solution time = 0.00 sec. (1.10 ticks)

        Nodes                                         Cuts/
   Node  Left     Objective  IInf  Best Integer    Best Bound    ItCnt     Gap

*     0+    0                          120.0633      120.0661             0.00%
      0     0      120.0648     6      120.0633      120.0648      515    0.00%
      0     0        cutoff            120.0633                    520     --- 
Elapsed time = 0.05 sec. (22.63 ticks, tree = 0.01 MB, solutions = 1)

Flow cuts applied:  1
Mixed integer rounding cuts applied:  19
Gomory fractional cuts applied:  6
User cuts applied:  148

Root node processing (before b&c):
  Real time             =    0.06 sec. (22.66 ticks)
Sequential b&c:
  Real time             =    0.00 sec. (0.00 ticks)
                          ------------
Total (root+branch&cut) =    0.06 sec. (22.66 ticks)
|V|                                     300
K                                       60
theta                                   1.00
r                                       2
R                                       20
prob_func                               facility_mixture
mixture_low_share                       0.900000
mixture_low_interval                    [0.001000, 0.010000]
mixture_high_interval                   [0.100000, 0.500000]
mixture_seed                            1
#C1                                     374
#CP                                     1714

@Parameters: 
am_callback_heuristic                   false
am_local_search                         true
am_start_heuristic                      false
colocation                              true
comp                                    false
cutC                                    true
cutC_init                               false
cutF                                    true
cutF_init                               false
cutF_stable                             false
cutF_wrong                              false
cutLocal                                false
cutM                                    true
cutM_init                               true
cutM_stable                             false
cutP                                    true
cutP_init                               false
cutP_stable                             false
init                                    true
init_cutF_zero                          false
init_val_greedy                         true
is_Euclidean                            false
is_local_search                         true
is_right_cutP                           true
is_root                                 false
is_silent                               false
is_start                                false
mycut                                   false
pmed                                    true
pre                                     true
stable_root                             false
str                                     true
two_phase                               false
ubstr                                   false
mode                                    Int

am_callback_node_space                  50
init                                    0
mixture_seed                            1
node_space                              5
nodelimit                               -1
nsepa                                   1
strF                                    0
type_delta                              0

EPS                                     0.001000
EPS_FRAC                                0.00
gap                                     0.00
mixture_high_max                        0.50
mixture_high_min                        0.10
mixture_low_max                         0.01
mixture_low_min                         0.00
mixture_low_share                       0.90
timelimit                               3600.00

Number of Closed Sites: 21 / 1260 
Number of Confined Sites-1: 36 / 2124 
Number of Confined Sites-k: 243 / 8908 
Preprocess Time: 0.99 + 0.00 sec

Solve Time: 2.25
Number of Nodes: 14
Termination Status: OPTIMAL

CutInfo: [phase] num / time (sec) / aver. num_nonzero
max              [LP]     0 / 0.00 / 0.00 [init]     0 / 0.00 / 0.00 [rLC]   746 / 0.79 / 6.11 [rUC]   223 / 0.01 / 2.37 [sLC]     0 / 0.00 / 0.00 [sUC]     1 / 0.00 / 5.00 
prod_oa          [LP]     0 / 0.00 / 0.00 [init]     0 / 0.00 / 0.00 [rLC]     0 / 0.00 / 0.00 [rUC]     0 / 0.00 / 0.00 [sLC]     0 / 0.00 / 0.00 [sUC]     0 / 0.00 / 0.00 
prod_sm_fixed    [LP]     0 / 0.00 / 0.00 [init]     0 / 0.00 / 0.00 [rLC]     0 / 0.00 / 0.00 [rUC]     0 / 0.00 / 0.00 [sLC]     0 / 0.00 / 0.00 [sUC]     0 / 0.00 / 0.00 
prod_bin         [LP]     0 / 0.00 / 0.00 [init]     0 / 0.00 / 0.00 [rLC]     0 / 0.00 / 0.00 [rUC]     0 / 0.00 / 0.00 [sLC]     0 / 0.00 / 0.00 [sUC]     0 / 0.00 / 0.00 
prod_local       [LP]     0 / 0.00 / 0.00 [init]     0 / 0.00 / 0.00 [rLC]     0 / 0.00 / 0.00 [rUC]     0 / 0.00 / 0.00 [sLC]     0 / 0.00 / 0.00 [sUC]     0 / 0.00 / 0.00 
prod_sm_C        [LP]     0 / 0.00 / 0.00 [init]     0 / 0.00 / 0.00 [rLC]     0 / 0.00 / 0.00 [rUC]     0 / 0.00 / 0.00 [sLC]     0 / 0.00 / 0.00 [sUC]     0 / 0.00 / 0.00 
facet            [LP]     0 / 0.00 / 0.00 [init]     0 / 0.00 / 0.00 [rLC]     0 / 0.00 / 0.00 [rUC]     0 / 0.00 / 0.00 [sLC]     0 / 0.00 / 0.00 [sUC]     0 / 0.00 / 0.00 
Separation Round:   [LP] 0  [init] 0  [rLC] 8  [rUC] 14  [sLC] 2  [sUC] 17  
Root Best Bound 120.065334
Root Best Integer: 120.063423
Best Bound: 120.064553
Best Integer: 120.064424
1: 1, 16, 26, 27, 38, 47, 58, 72, 74, 77, 82, 91, 102, 103, 106, 112, 120, 122, 124, 126, 129, 132, 134, 136, 139, 142, 144, 152, 157, 160, 171, 174, 182, 185, 188, 197, 201, 207, 208, 215, 224, 225, 226, 234, 236, 238, 240, 244, 252, 253, 268, 270, 278, 281, 287, 288, 290, 295, 298, 300
Objective Value (calc): 120.063301
sum_etaM = 120.064553 / 120.063301
sum_etaP = 0.000000 / 123.606803
nL: 60
nCL: 0
mCL: 1
Number of Closed Sites: 21 / 1260 
Number of Confined Sites-1: 36 / 2124 
Number of Confined Sites-k: 243 / 8908 
Preprocess Time: 0.74 + 0.00 sec

Solve Time: 0.06
Number of Nodes: 0
Termination Status: OPTIMAL

CutInfo: [phase] num / time (sec) / aver. num_nonzero
max              [LP]     0 / 0.00 / 0.00 [init]   207 / 0.00 / 1.50 [rLC]   364 / 0.01 / 6.16 [rUC]   110 / 0.00 / 3.04 [sLC]     0 / 0.00 / 0.00 [sUC]     0 / 0.00 / 0.00 
prod_oa          [LP]     0 / 0.00 / 0.00 [init]     0 / 0.00 / 0.00 [rLC]     0 / 0.00 / 0.00 [rUC]     0 / 0.00 / 0.00 [sLC]     0 / 0.00 / 0.00 [sUC]     0 / 0.00 / 0.00 
prod_sm_fixed    [LP]     0 / 0.00 / 0.00 [init]     0 / 0.00 / 0.00 [rLC]     0 / 0.00 / 0.00 [rUC]     0 / 0.00 / 0.00 [sLC]     0 / 0.00 / 0.00 [sUC]     0 / 0.00 / 0.00 
prod_bin         [LP]     0 / 0.00 / 0.00 [init]     0 / 0.00 / 0.00 [rLC]     0 / 0.00 / 0.00 [rUC]     0 / 0.00 / 0.00 [sLC]     0 / 0.00 / 0.00 [sUC]     0 / 0.00 / 0.00 
prod_local       [LP]     0 / 0.00 / 0.00 [init]     0 / 0.00 / 0.00 [rLC]     0 / 0.00 / 0.00 [rUC]     0 / 0.00 / 0.00 [sLC]     0 / 0.00 / 0.00 [sUC]     0 / 0.00 / 0.00 
prod_sm_C        [LP]     0 / 0.00 / 0.00 [init]     0 / 0.00 / 0.00 [rLC]     0 / 0.00 / 0.00 [rUC]     0 / 0.00 / 0.00 [sLC]     0 / 0.00 / 0.00 [sUC]     0 / 0.00 / 0.00 
facet            [LP]     0 / 0.00 / 0.00 [init]     0 / 0.00 / 0.00 [rLC]     0 / 0.00 / 0.00 [rUC]     0 / 0.00 / 0.00 [sLC]     0 / 0.00 / 0.00 [sUC]     0 / 0.00 / 0.00 
Separation Round:   [LP] 0  [init] 1  [rLC] 3  [rUC] 4  [sLC] 0  [sUC] 0  
Root Best Bound 120.064754
Root Best Integer: 120.063301
Best Bound: 120.064754
Best Integer: 120.063301
1: 1, 16, 26, 27, 38, 47, 58, 72, 74, 77, 82, 91, 102, 103, 106, 112, 120, 122, 124, 126, 129, 132, 134, 136, 139, 142, 144, 152, 157, 160, 171, 174, 182, 185, 188, 197, 201, 207, 208, 215, 224, 225, 226, 234, 236, 238, 240, 244, 252, 253, 268, 270, 278, 281, 287, 288, 290, 295, 298, 300
Objective Value (calc): 120.063301
sum_etaM = 120.063301 / 120.063301
sum_etaP = 0.000000 / 123.606803
nL: 60
nCL: 0
mCL: 1
