Version identifier: 20.1.0.0 | 2020-11-10 | 9bedb6d68
CPXPARAM_Threads                                 1
CPXPARAM_TimeLimit                               3600
CPXPARAM_MIP_Tolerances_MIPGap                   0
Generic callback                                 0x60
1 of 1 MIP starts provided solutions.
MIP start 'm1' defined initial solution with objective 59.2576.
Tried aggregator 2 times.
MIP Presolve eliminated 62 rows and 16 columns.
MIP Presolve modified 76 coefficients.
Aggregator did 46 substitutions.
Reduced MIP has 641 rows, 738 columns, and 1906 nonzeros.
Reduced MIP has 192 binaries, 146 generals, 0 SOSs, and 0 indicators.
Presolve time = 0.00 sec. (1.31 ticks)
Probing time = 0.00 sec. (0.11 ticks)
Tried aggregator 1 time.
Reduced MIP has 641 rows, 738 columns, and 1906 nonzeros.
Reduced MIP has 192 binaries, 146 generals, 0 SOSs, and 0 indicators.
Presolve time = 0.00 sec. (0.68 ticks)
Probing time = 0.00 sec. (0.11 ticks)
MIP emphasis: balance optimality and feasibility.
MIP search method: dynamic search.
Parallel mode: none, using 1 thread.
Root relaxation solution time = 0.00 sec. (2.60 ticks)

        Nodes                                         Cuts/
   Node  Left     Objective  IInf  Best Integer    Best Bound    ItCnt     Gap

*     0+    0                           59.2576      200.0000           237.51%
      0     0       74.7645    18       59.2576       74.7645      513   26.17%
      0     0       59.9556    20       59.2576     Cuts: 191      611    1.18%
      0     0       59.5424    12       59.2576      Cuts: 60      657    0.48%

Repeating presolve.
Tried aggregator 1 time.
MIP Presolve eliminated 250 rows and 223 columns.
MIP Presolve modified 73 coefficients.
Reduced MIP has 391 rows, 515 columns, and 1045 nonzeros.
Reduced MIP has 101 binaries, 66 generals, 0 SOSs, and 0 indicators.
Presolve time = 0.00 sec. (0.75 ticks)
Probing time = 0.00 sec. (0.06 ticks)
Tried aggregator 1 time.
Reduced MIP has 391 rows, 515 columns, and 1045 nonzeros.
Reduced MIP has 101 binaries, 66 generals, 0 SOSs, and 0 indicators.
Presolve time = 0.00 sec. (0.39 ticks)
Represolve time = 0.00 sec. (1.95 ticks)
Probing time = 0.00 sec. (0.06 ticks)
MIP emphasis: balance optimality and feasibility.
MIP search method: dynamic search.
Parallel mode: none, using 1 thread.
Root relaxation solution time = 0.01 sec. (4.37 ticks)

        Nodes                                         Cuts/
   Node  Left     Objective  IInf  Best Integer    Best Bound    ItCnt     Gap

*     0+    0                           59.2576       59.5424             0.48%
      0     0       59.5424    12       59.2576       59.5424     1145    0.48%
      0     0       59.4119    15       59.2576      Cuts: 40     1169    0.26%
      0     0       59.3584    11       59.2576      Cuts: 20     1187    0.17%
      0     0       59.3340    13       59.2576 UserPurge2: 8     1199    0.13%
      0     0       59.3215    15       59.2576       Cuts: 8     1212    0.11%
      0     0       59.3199    15       59.2576 UserPurge2: 3     1215    0.11%
      0     2       59.3199    15       59.2576       59.3199     1215    0.11%
Elapsed time = 0.13 sec. (57.68 ticks, tree = 0.01 MB, solutions = 1)
*    10     6      integral     0       59.2807       59.3007     1295    0.03%

Flow cuts applied:  32
Mixed integer rounding cuts applied:  14
Lift and project cuts applied:  7
Gomory fractional cuts applied:  20
User cuts applied:  187

Root node processing (before b&c):
  Real time             =    0.13 sec. (57.69 ticks)
Sequential b&c:
  Real time             =    0.02 sec. (6.36 ticks)
                          ------------
Total (root+branch&cut) =    0.15 sec. (64.06 ticks)
|V|                                     200
K                                       20
theta                                   0.01
r                                       2
R                                       20
prob_func                               facility_mixture
mixture_low_share                       0.100000
mixture_low_interval                    [0.001000, 0.010000]
mixture_high_interval                   [0.100000, 0.500000]
mixture_seed                            1
#C1                                     222
#CP                                     474

@Parameters: 
am_callback_heuristic                   false
am_local_search                         true
am_start_heuristic                      false
colocation                              true
comp                                    false
cutC                                    true
cutC_init                               false
cutF                                    true
cutF_init                               false
cutF_stable                             false
cutF_wrong                              false
cutLocal                                false
cutM                                    true
cutM_init                               true
cutM_stable                             false
cutP                                    true
cutP_init                               false
cutP_stable                             false
init                                    true
init_cutF_zero                          false
init_val_greedy                         true
is_Euclidean                            false
is_local_search                         false
is_right_cutP                           true
is_root                                 false
is_silent                               false
is_start                                false
mycut                                   false
pmed                                    false
pre                                     true
stable_root                             false
str                                     false
two_phase                               false
ubstr                                   false
mode                                    Int

am_callback_node_space                  50
init                                    0
mixture_seed                            1
node_space                              5
nodelimit                               -1
nsepa                                   1
strF                                    0
type_delta                              0

EPS                                     0.001000
EPS_FRAC                                0.00
gap                                     0.00
mixture_high_max                        0.50
mixture_high_min                        0.10
mixture_low_max                         0.01
mixture_low_min                         0.00
mixture_low_share                       0.10
timelimit                               3600.00

Number of Closed Sites: 8 / 160 
Number of Confined Sites-1: 46 / 874 
Number of Confined Sites-k: 146 / 1308 
Preprocess Time: 0.20 + 0.00 sec

Solve Time: 0.15
Number of Nodes: 17
Termination Status: OPTIMAL

CutInfo: [phase] num / time (sec) / aver. num_nonzero
max              [LP]     0 / 0.00 / 0.00 [init]   174 / 0.00 / 1.67 [rLC]    75 / 0.00 / 3.13 [rUC]    67 / 0.01 / 4.73 [sLC]     0 / 0.00 / 0.00 [sUC]     1 / 0.00 / 4.00 
prod_oa          [LP]     0 / 0.00 / 0.00 [init]   174 / 0.00 / 2.87 [rLC]    92 / 0.00 / 4.11 [rUC]    24 / 0.00 / 6.38 [sLC]     2 / 0.00 / 9.00 [sUC]     1 / 0.00 / 7.00 
prod_sm_fixed    [LP]     0 / 0.00 / 0.00 [init]     0 / 0.00 / 0.00 [rLC]     0 / 0.00 / 0.00 [rUC]     0 / 0.00 / 0.00 [sLC]     0 / 0.00 / 0.00 [sUC]     0 / 0.00 / 0.00 
prod_bin         [LP]     0 / 0.00 / 0.00 [init]     0 / 0.00 / 0.00 [rLC]     0 / 0.00 / 0.00 [rUC]     0 / 0.00 / 0.00 [sLC]     0 / 0.00 / 0.00 [sUC]     0 / 0.00 / 0.00 
prod_local       [LP]     0 / 0.00 / 0.00 [init]     0 / 0.00 / 0.00 [rLC]     0 / 0.00 / 0.00 [rUC]     0 / 0.00 / 0.00 [sLC]     0 / 0.00 / 0.00 [sUC]     0 / 0.00 / 0.00 
prod_sm_C        [LP]     0 / 0.00 / 0.00 [init]     0 / 0.00 / 0.00 [rLC]     0 / 0.00 / 0.00 [rUC]   127 / 0.01 / 11.10 [sLC]     0 / 0.00 / 0.00 [sUC]     7 / 0.00 / 9.29 
facet            [LP]     0 / 0.00 / 0.00 [init]     0 / 0.00 / 0.00 [rLC]     0 / 0.00 / 0.00 [rUC]   127 / 0.00 / 0.00 [sLC]     0 / 0.00 / 0.00 [sUC]     7 / 0.00 / 0.00 
Separation Round:   [LP] 0  [init] 1  [rLC] 2  [rUC] 10  [sLC] 2  [sUC] 15  
Root Best Bound 59.319897
Root Best Integer: 59.257587
Best Bound: 59.300689
Best Integer: 59.280730
1: 42, 49, 50, 70, 99, 100, 104, 113, 128, 129, 133, 137, 141, 145, 159, 167, 179, 191
2: 76
Objective Value (calc): 59.280730
sum_etaM = 54.063548 / 54.063548
sum_etaP = 59.333429 / 59.333429
nL: 19
nCL: 1
mCL: 2
