Version identifier: 20.1.0.0 | 2020-11-10 | 9bedb6d68
CPXPARAM_Threads                                 1
CPXPARAM_TimeLimit                               3600
CPXPARAM_MIP_Tolerances_MIPGap                   0
Generic callback                                 0x60
1 of 1 MIP starts provided solutions.
MIP start 'm1' defined initial solution with objective 377.2535.
Tried aggregator 2 times.
MIP Presolve eliminated 10 rows and 6 columns.
MIP Presolve modified 688 coefficients.
Aggregator did 4 substitutions.
Reduced MIP has 2763 rows, 2790 columns, and 60570 nonzeros.
Reduced MIP has 697 binaries, 693 generals, 0 SOSs, and 0 indicators.
Presolve time = 0.02 sec. (19.13 ticks)
Probing time = 0.00 sec. (2.95 ticks)
Tried aggregator 1 time.
Reduced MIP has 2763 rows, 2790 columns, and 60570 nonzeros.
Reduced MIP has 697 binaries, 693 generals, 0 SOSs, and 0 indicators.
Presolve time = 0.01 sec. (10.69 ticks)
Probing time = 0.00 sec. (2.95 ticks)
MIP emphasis: balance optimality and feasibility.
MIP search method: dynamic search.
Parallel mode: none, using 1 thread.
Root relaxation solution time = 0.18 sec. (228.79 ticks)

        Nodes                                         Cuts/
   Node  Left     Objective  IInf  Best Integer    Best Bound    ItCnt     Gap

*     0+    0                          377.2535      700.0000            85.55%
      0     0      402.4176    17      377.2535      402.4176     2793    6.67%
      0     0      389.4049    34      377.2535     Cuts: 790     3205    3.22%
      0     0      384.7753    43      377.2535     Cuts: 436     3563    1.99%

Repeating presolve.
Tried aggregator 1 time.
MIP Presolve eliminated 1407 rows and 1162 columns.
MIP Presolve modified 159 coefficients.
Reduced MIP has 1356 rows, 1628 columns, and 18558 nonzeros.
Reduced MIP has 171 binaries, 91 generals, 0 SOSs, and 0 indicators.
Presolve time = 0.01 sec. (10.38 ticks)
Probing time = 0.00 sec. (0.90 ticks)
Tried aggregator 1 time.
Reduced MIP has 1356 rows, 1628 columns, and 18558 nonzeros.
Reduced MIP has 171 binaries, 91 generals, 0 SOSs, and 0 indicators.
Presolve time = 0.01 sec. (4.12 ticks)
Represolve time = 0.03 sec. (26.39 ticks)
Probing time = 0.00 sec. (0.90 ticks)
MIP emphasis: balance optimality and feasibility.
MIP search method: dynamic search.
Parallel mode: none, using 1 thread.
Root relaxation solution time = 0.15 sec. (176.24 ticks)

        Nodes                                         Cuts/
   Node  Left     Objective  IInf  Best Integer    Best Bound    ItCnt     Gap

*     0+    0                          377.2535      384.7753             1.99%
      0     0      384.7662    41      377.2535      384.7662     5615    1.99%
      0     0      382.6767    46      377.2535     Cuts: 387     5909    1.44%
      0     0      382.2783    36      377.2535     Cuts: 120     6041    1.33%
      0     0      381.9496    44      377.2535     Cuts: 137     6202    1.24%
      0     0      381.8301    44      377.2535      Cuts: 62     6269    1.21%
      0     0      381.6668    55      377.2535      Cuts: 75     6378    1.17%
      0     0      381.5573    42      377.2535     Cuts: 152     6453    1.14%
      0     0      381.5194    40      377.2535      Cuts: 53     6502    1.13%
      0     0      381.4042    46      377.2535      Cuts: 34     6577    1.10%
      0     0      381.3464    50      377.2535     Cuts: 100     6647    1.08%
      0     0      381.2840    47      377.2535      Cuts: 44     6701    1.07%
      0     0      381.2612    52      377.2535      Cuts: 84     6749    1.06%
      0     0      381.2457    42      377.2535      Cuts: 52     6775    1.06%
      0     0      381.2418    40      377.2535 UserPurge2: 13     6799    1.06%
      0     0      381.2408    42      377.2535 UserPurge2: 11     6811    1.06%
      0     0      381.2399    40      377.2535 UserPurge2: 6     6823    1.06%
      0     0      381.2397    42      377.2535 UserPurge2: 2     6829    1.06%
      0     2      381.1388    50      377.2535      381.1370     6829    1.03%
Elapsed time = 2.08 sec. (1491.38 ticks, tree = 0.01 MB, solutions = 1)
      7     9      378.9677    35      377.2535      380.8223     9130    0.95%
     11    13      377.4848    21      377.2535      380.8223    11187    0.95%
     20    16      378.5945    48      377.2535      380.5293    13108    0.87%
     29    19      379.9604    46      377.2535      380.5254    15302    0.87%
     32    22      378.9300    35      377.2535      380.5254    16393    0.87%
     45    27      379.1667    35      377.2535      380.3633    18538    0.82%
     55    33      379.9551    37      377.2535      380.3615    20240    0.82%
     67    37      379.2843    42      377.2535      379.9590    22253    0.72%
     71    41      378.2796    39      377.2535      379.9590    23499    0.72%
    109    57      377.7271    26      377.2535      379.5421    29748    0.61%
Elapsed time = 6.66 sec. (4836.43 ticks, tree = 0.23 MB, solutions = 1)
    150    70      378.3045    25      377.2535      379.2951    36148    0.54%
    190    81        cutoff            377.2535      379.0897    41844    0.49%
    224    85      378.0021    24      377.2535      378.9526    47561    0.45%
    265    90      377.8126    33      377.2535      378.7431    54364    0.39%
    310    93      377.3085    40      377.2535      378.5945    61664    0.36%
    352    95      377.2545    35      377.2535      378.5081    67981    0.33%
    401    89      377.7145    28      377.2535      378.3007    74998    0.28%
    458    81      377.4949    44      377.2535      378.0755    82236    0.22%
    553    13        cutoff            377.2535      377.5412    89194    0.08%

Flow cuts applied:  27
Mixed integer rounding cuts applied:  157
Gomory fractional cuts applied:  2
User cuts applied:  2015

Root node processing (before b&c):
  Real time             =    2.08 sec. (1489.61 ticks)
Sequential b&c:
  Real time             =   14.17 sec. (12137.70 ticks)
                          ------------
Total (root+branch&cut) =   16.25 sec. (13627.32 ticks)
|V|                                     700
K                                       10
theta                                   0.10
r                                       1
R                                       20
prob_func                               facility_mixture
mixture_low_share                       0.500000
mixture_low_interval                    [0.001000, 0.010000]
mixture_high_interval                   [0.100000, 0.500000]
mixture_seed                            1
#C1                                     904
#CP                                     51788

@Parameters: 
am_callback_heuristic                   false
am_local_search                         true
am_start_heuristic                      false
colocation                              true
comp                                    false
cutC                                    true
cutC_init                               false
cutF                                    false
cutF_init                               false
cutF_stable                             false
cutF_wrong                              false
cutLocal                                false
cutM                                    true
cutM_init                               true
cutM_stable                             false
cutP                                    true
cutP_init                               false
cutP_stable                             false
init                                    true
init_cutF_zero                          false
init_val_greedy                         true
is_Euclidean                            false
is_local_search                         false
is_right_cutP                           true
is_root                                 false
is_silent                               false
is_start                                false
mycut                                   false
pmed                                    false
pre                                     true
stable_root                             false
str                                     false
two_phase                               false
ubstr                                   false
mode                                    Int

am_callback_node_space                  50
init                                    0
mixture_seed                            1
node_space                              5
nodelimit                               -1
nsepa                                   1
strF                                    0
type_delta                              0

EPS                                     0.001000
EPS_FRAC                                0.00
gap                                     0.00
mixture_high_max                        0.50
mixture_high_min                        0.10
mixture_low_max                         0.01
mixture_low_min                         0.00
mixture_low_share                       0.50
timelimit                               3600.00

Number of Closed Sites: 3 / 30 
Number of Confined Sites-1: 4 / 36 
Number of Confined Sites-k: 693 / 2471 
Preprocess Time: 1.53 + 0.00 sec

Solve Time: 16.25
Number of Nodes: 567
Termination Status: OPTIMAL

CutInfo: [phase] num / time (sec) / aver. num_nonzero
max              [LP]     0 / 0.00 / 0.00 [init]   688 / 0.02 / 7.74 [rLC]    25 / 0.01 / 32.72 [rUC]   960 / 0.15 / 16.22 [sLC]     0 / 0.00 / 0.00 [sUC]   329 / 1.01 / 13.13 
prod_oa          [LP]     0 / 0.00 / 0.00 [init]   688 / 0.02 / 73.30 [rLC]   457 / 0.04 / 95.82 [rUC]  1068 / 0.32 / 80.85 [sLC]     0 / 0.00 / 0.00 [sUC]   768 / 2.69 / 97.01 
prod_sm_fixed    [LP]     0 / 0.00 / 0.00 [init]     0 / 0.00 / 0.00 [rLC]     0 / 0.00 / 0.00 [rUC]     0 / 0.00 / 0.00 [sLC]     0 / 0.00 / 0.00 [sUC]     0 / 0.00 / 0.00 
prod_bin         [LP]     0 / 0.00 / 0.00 [init]     0 / 0.00 / 0.00 [rLC]     0 / 0.00 / 0.00 [rUC]     0 / 0.00 / 0.00 [sLC]     0 / 0.00 / 0.00 [sUC]     0 / 0.00 / 0.00 
prod_local       [LP]     0 / 0.00 / 0.00 [init]     0 / 0.00 / 0.00 [rLC]     0 / 0.00 / 0.00 [rUC]     0 / 0.00 / 0.00 [sLC]     0 / 0.00 / 0.00 [sUC]     0 / 0.00 / 0.00 
prod_sm_C        [LP]     0 / 0.00 / 0.00 [init]     0 / 0.00 / 0.00 [rLC]     0 / 0.00 / 0.00 [rUC]     0 / 0.00 / 0.00 [sLC]     0 / 0.00 / 0.00 [sUC]     0 / 0.00 / 0.00 
facet            [LP]     0 / 0.00 / 0.00 [init]     0 / 0.00 / 0.00 [rLC]     0 / 0.00 / 0.00 [rUC]     0 / 0.00 / 0.00 [sLC]     0 / 0.00 / 0.00 [sUC]     0 / 0.00 / 0.00 
Separation Round:   [LP] 0  [init] 1  [rLC] 3  [rUC] 20  [sLC] 0  [sUC] 641  
Root Best Bound 380.882473
Root Best Integer: 377.253473
Best Bound: 377.790697
Best Integer: 377.253473
1: 94, 115, 116, 220, 266, 334, 360, 638
2: 310
Objective Value (calc): 377.253473
sum_etaM = 247.196591 / 247.196591
sum_etaP = 391.704238 / 391.704238
nL: 9
nCL: 1
mCL: 2
