Version identifier: 20.1.0.0 | 2020-11-10 | 9bedb6d68
CPXPARAM_Threads                                 1
CPXPARAM_TimeLimit                               3600
CPXPARAM_MIP_Tolerances_MIPGap                   0
Generic callback                                 0x60
1 of 1 MIP starts provided solutions.
MIP start 'm1' defined initial solution with objective 79.6438.
Tried aggregator 1 time.
Reduced MIP has 535 rows, 900 columns, and 3439 nonzeros.
Reduced MIP has 300 binaries, 0 generals, 0 SOSs, and 0 indicators.
Presolve time = 0.00 sec. (0.94 ticks)
Probing time = 0.00 sec. (0.19 ticks)
Tried aggregator 1 time.
Reduced MIP has 535 rows, 900 columns, and 3439 nonzeros.
Reduced MIP has 300 binaries, 0 generals, 0 SOSs, and 0 indicators.
Presolve time = 0.00 sec. (0.94 ticks)
Probing time = 0.00 sec. (0.19 ticks)
MIP emphasis: balance optimality and feasibility.
MIP search method: dynamic search.
Parallel mode: none, using 1 thread.
Root relaxation solution time = 0.01 sec. (4.55 ticks)

        Nodes                                         Cuts/
   Node  Left     Objective  IInf  Best Integer    Best Bound    ItCnt     Gap

*     0+    0                           79.6438      300.0000           276.68%
      0     0      113.1884    17       79.6438      113.1884      581   42.12%
*     0+    0                           91.8290      113.1884            23.26%
      0     0       96.2493    15       91.8290      Cuts: 63      655    4.81%
      0     0       95.4852     6       91.8290      Cuts: 38      690    3.98%
*     0+    0                           92.8395       95.4852             2.85%
      0     0       95.3150     4       92.8395 UserPurge2: 13      701    2.67%
      0     0       95.2660     3       92.8395 UserPurge2: 4      713    2.61%
*     0+    0                           93.2964       95.2660             2.11%
      0     0       95.2635     3       93.2964 UserPurge2: 1      714    2.11%
      0     2       95.2635     3       93.2964       95.2635      714    2.11%
Elapsed time = 0.19 sec. (60.50 ticks, tree = 0.01 MB, solutions = 4)
*     8     1      integral     0       95.2635       95.2635      737    0.00%

Flow cuts applied:  1
Mixed integer rounding cuts applied:  15
Gomory fractional cuts applied:  1
User cuts applied:  203

Root node processing (before b&c):
  Real time             =    0.19 sec. (60.53 ticks)
Sequential b&c:
  Real time             =    0.03 sec. (2.25 ticks)
                          ------------
Total (root+branch&cut) =    0.22 sec. (62.78 ticks)
|V|                                     300
K                                       30
theta                                   0.01
r                                       2
R                                       20
prob_func                               facility_mixture
mixture_low_share                       0.900000
mixture_low_interval                    [0.001000, 0.010000]
mixture_high_interval                   [0.100000, 0.500000]
mixture_seed                            1
#C1                                     374
#CP                                     2130

@Parameters: 
am_callback_heuristic                   false
am_local_search                         true
am_start_heuristic                      false
colocation                              false
comp                                    false
cutC                                    true
cutC_init                               false
cutF                                    true
cutF_init                               false
cutF_stable                             false
cutF_wrong                              false
cutLocal                                false
cutM                                    true
cutM_init                               true
cutM_stable                             false
cutP                                    true
cutP_init                               false
cutP_stable                             false
init                                    true
init_cutF_zero                          false
init_val_greedy                         true
is_Euclidean                            false
is_local_search                         true
is_right_cutP                           true
is_root                                 false
is_silent                               false
is_start                                false
mycut                                   false
pmed                                    false
pre                                     true
stable_root                             false
str                                     true
two_phase                               false
ubstr                                   false
mode                                    Int

am_callback_node_space                  50
init                                    0
mixture_seed                            1
node_space                              5
nodelimit                               -1
nsepa                                   1
strF                                    0
type_delta                              0

EPS                                     0.001000
EPS_FRAC                                0.00
gap                                     0.00
mixture_high_max                        0.50
mixture_high_min                        0.10
mixture_low_max                         0.01
mixture_low_min                         0.00
mixture_low_share                       0.90
timelimit                               3600.00

Number of Closed Sites: 20 / 600 
Number of Confined Sites-1: 35 / 1015 
Number of Confined Sites-k: 245 / 4350 
Preprocess Time: 0.44 + 0.00 sec

Solve Time: 0.22
Number of Nodes: 9
Termination Status: OPTIMAL

CutInfo: [phase] num / time (sec) / aver. num_nonzero
max              [LP]     0 / 0.00 / 0.00 [init]   267 / 0.00 / 2.55 [rLC]    71 / 0.01 / 5.41 [rUC]    22 / 0.01 / 3.59 [sLC]     0 / 0.00 / 0.00 [sUC]     0 / 0.01 / 0.00 
prod_oa          [LP]     0 / 0.00 / 0.00 [init]   267 / 0.00 / 7.20 [rLC]   264 / 0.01 / 12.50 [rUC]     4 / 0.01 / 12.00 [sLC]     0 / 0.00 / 0.00 [sUC]     0 / 0.00 / 0.00 
prod_sm_fixed    [LP]     0 / 0.00 / 0.00 [init]     0 / 0.00 / 0.00 [rLC]     0 / 0.00 / 0.00 [rUC]     0 / 0.00 / 0.00 [sLC]     0 / 0.00 / 0.00 [sUC]     0 / 0.00 / 0.00 
prod_bin         [LP]     0 / 0.00 / 0.00 [init]     0 / 0.00 / 0.00 [rLC]     0 / 0.00 / 0.00 [rUC]     0 / 0.00 / 0.00 [sLC]     0 / 0.00 / 0.00 [sUC]     0 / 0.00 / 0.00 
prod_local       [LP]     0 / 0.00 / 0.00 [init]     0 / 0.00 / 0.00 [rLC]     0 / 0.00 / 0.00 [rUC]     0 / 0.00 / 0.00 [sLC]     0 / 0.00 / 0.00 [sUC]     0 / 0.00 / 0.00 
prod_sm_C        [LP]     0 / 0.00 / 0.00 [init]     0 / 0.00 / 0.00 [rLC]     0 / 0.03 / 0.00 [rUC]    86 / 0.02 / 23.59 [sLC]     0 / 0.00 / 0.00 [sUC]     0 / 0.01 / 0.00 
facet            [LP]     0 / 0.00 / 0.00 [init]     0 / 0.00 / 0.00 [rLC]     0 / 0.00 / 0.00 [rUC]    86 / 0.00 / 0.00 [sLC]     0 / 0.00 / 0.00 [sUC]     0 / 0.00 / 0.00 
Separation Round:   [LP] 0  [init] 1  [rLC] 10  [rUC] 7  [sLC] 1  [sUC] 14  
Root Best Bound 95.263467
Root Best Integer: 93.296382
Best Bound: 95.263466
Best Integer: 93.296382
1: 10, 17, 27, 44, 47, 55, 62, 63, 77, 80, 84, 102, 103, 112, 116, 124, 126, 136, 177, 201, 208, 213, 215, 234, 240, 277, 286, 290, 295, 298
Objective Value (calc): 95.262830
sum_etaM = 86.871037 / 86.871038
sum_etaP = 95.348238 / 95.347596
nL: 30
nCL: 0
mCL: 1
