Version identifier: 20.1.0.0 | 2020-11-10 | 9bedb6d68
CPXPARAM_Threads                                 1
CPXPARAM_TimeLimit                               3600
CPXPARAM_MIP_Tolerances_MIPGap                   0
Generic callback                                 0x60
1 of 1 MIP starts provided solutions.
MIP start 'm1' defined initial solution with objective 741.1521.
Tried aggregator 2 times.
MIP Presolve eliminated 2 rows and 0 columns.
Aggregator did 2 substitutions.
Reduced MIP has 3557 rows, 3598 columns, and 234328 nonzeros.
Reduced MIP has 900 binaries, 898 generals, 0 SOSs, and 0 indicators.
Presolve time = 0.11 sec. (67.76 ticks)
Probing time = 0.00 sec. (5.26 ticks)
Tried aggregator 1 time.
Reduced MIP has 3557 rows, 3598 columns, and 234328 nonzeros.
Reduced MIP has 900 binaries, 898 generals, 0 SOSs, and 0 indicators.
Presolve time = 0.06 sec. (39.89 ticks)
Probing time = 0.00 sec. (5.26 ticks)
MIP emphasis: balance optimality and feasibility.
MIP search method: dynamic search.
Parallel mode: none, using 1 thread.
Root relaxation solution time = 0.37 sec. (494.00 ticks)

        Nodes                                         Cuts/
   Node  Left     Objective  IInf  Best Integer    Best Bound    ItCnt     Gap

*     0+    0                          741.1521      900.0000            21.43%
      0     0      757.1945    16      741.1521      757.1945     3373    2.16%
      0     0      745.4690    41      741.1521     Cuts: 377     3914    0.58%
      0     0      744.5835    35      741.1521     Cuts: 267     4242    0.46%

Repeating presolve.
Tried aggregator 1 time.
MIP Presolve eliminated 1723 rows and 1636 columns.
MIP Presolve modified 141 coefficients.
Reduced MIP has 1834 rows, 1962 columns, and 38266 nonzeros.
Reduced MIP has 94 binaries, 72 generals, 0 SOSs, and 0 indicators.
Presolve time = 0.03 sec. (27.89 ticks)
Probing time = 0.00 sec. (1.95 ticks)
Tried aggregator 1 time.
Reduced MIP has 1834 rows, 1962 columns, and 38266 nonzeros.
Reduced MIP has 94 binaries, 72 generals, 0 SOSs, and 0 indicators.
Presolve time = 0.01 sec. (7.67 ticks)
Represolve time = 0.06 sec. (58.93 ticks)
Probing time = 0.00 sec. (1.93 ticks)
MIP emphasis: balance optimality and feasibility.
MIP search method: dynamic search.
Parallel mode: none, using 1 thread.
Root relaxation solution time = 0.30 sec. (378.86 ticks)

        Nodes                                         Cuts/
   Node  Left     Objective  IInf  Best Integer    Best Bound    ItCnt     Gap

*     0+    0                          741.1521      744.5835             0.46%
      0     0      744.5835    35      741.1521      744.5835     6869    0.46%
      0     0      744.1794    39      741.1521     Cuts: 114     7029    0.41%
      0     0      744.0686    37      741.1521      Cuts: 60     7092    0.39%
      0     0      743.8779    47      741.1521     Cuts: 133     7247    0.37%
      0     0      743.7620    37      741.1521      Cuts: 35     7392    0.35%
      0     0      743.7480    45      741.1521      Cuts: 29     7447    0.35%
      0     0      743.7153    45      741.1521      Cuts: 32     7512    0.35%
      0     0      743.6507    45      741.1521 UserPurge2: 71     7611    0.34%
      0     0      743.6476    47      741.1521 UserPurge2: 7     7636    0.34%
      0     0      743.6422    47      741.1521 UserPurge2: 5     7657    0.34%
      0     0      743.6412    47      741.1521 UserPurge2: 4     7670    0.34%
      0     0      743.6412    47      741.1521 UserPurge2: 1     7671    0.34%
*     0+    0                          741.3424      743.6412             0.31%
      0     2      743.5861    43      741.3424      743.5854     7671    0.30%
Elapsed time = 13.26 sec. (3305.04 ticks, tree = 0.01 MB, solutions = 2)
      5     7      742.0148    29      741.3424      743.4927    10341    0.29%
      9    11      741.8644    20      741.3424      743.4927    12050    0.29%
     11    13      741.6949    21      741.3424      743.4927    13360    0.29%
     20    15      742.7384    35      741.3424      743.4927    14792    0.29%
     25    18        cutoff            741.3424      743.4927    16212    0.29%
     31    20      743.0716    35      741.3424      743.2042    17455    0.25%
     35    24      741.8193    32      741.3424      743.2042    18980    0.25%
     39    24        cutoff            741.3424      743.2042    20246    0.25%
     40    25      742.7339    32      741.3424      743.2035    21185    0.25%
     58    33      741.6482    23      741.3424      742.8454    26322    0.20%
Elapsed time = 33.54 sec. (7147.55 ticks, tree = 0.23 MB, solutions = 2)
     76    39      741.7797    21      741.3424      742.7314    30770    0.19%
     93    44      741.4192    24      741.3424      742.6022    35249    0.17%
    111    46      741.6354    30      741.3424      742.4250    39006    0.15%
    133    46      741.3875    20      741.3424      742.1587    43895    0.11%
    162    43      741.6736    26      741.3424      742.0125    48561    0.09%
    191    32      741.4420    30      741.3424      741.7918    53507    0.06%

Flow cuts applied:  3
Mixed integer rounding cuts applied:  94
Gomory fractional cuts applied:  2
User cuts applied:  2235

Root node processing (before b&c):
  Real time             =   13.26 sec. (3304.18 ticks)
Sequential b&c:
  Real time             =   47.37 sec. (10386.08 ticks)
                          ------------
Total (root+branch&cut) =   60.63 sec. (13690.26 ticks)
|V|                                     900
K                                       10
theta                                   0.10
r                                       1
R                                       20
prob_func                               facility_mixture
mixture_low_share                       0.500000
mixture_low_interval                    [0.001000, 0.010000]
mixture_high_interval                   [0.100000, 0.500000]
mixture_seed                            1
#C1                                     1246
#CP                                     231030

@Parameters: 
am_callback_heuristic                   false
am_local_search                         true
am_start_heuristic                      false
colocation                              true
comp                                    false
cutC                                    true
cutC_init                               false
cutF                                    true
cutF_init                               false
cutF_stable                             false
cutF_wrong                              false
cutLocal                                false
cutM                                    true
cutM_init                               true
cutM_stable                             false
cutP                                    true
cutP_init                               false
cutP_stable                             false
init                                    true
init_cutF_zero                          false
init_val_greedy                         true
is_Euclidean                            false
is_local_search                         true
is_right_cutP                           true
is_root                                 false
is_silent                               false
is_start                                false
mycut                                   false
pmed                                    false
pre                                     true
stable_root                             false
str                                     true
two_phase                               false
ubstr                                   false
mode                                    Int

am_callback_node_space                  50
init                                    0
mixture_seed                            1
node_space                              5
nodelimit                               -1
nsepa                                   1
strF                                    0
type_delta                              0

EPS                                     0.001000
EPS_FRAC                                0.00
gap                                     0.00
mixture_high_max                        0.50
mixture_high_min                        0.10
mixture_low_max                         0.01
mixture_low_min                         0.00
mixture_low_share                       0.50
timelimit                               3600.00

Number of Closed Sites: 0 / 0 
Number of Confined Sites-1: 2 / 18 
Number of Confined Sites-k: 898 / 1570 
Preprocess Time: 1.58 + 0.00 sec

Solve Time: 60.63
Number of Nodes: 230
Termination Status: OPTIMAL

CutInfo: [phase] num / time (sec) / aver. num_nonzero
max              [LP]     0 / 0.00 / 0.00 [init]   880 / 0.03 / 7.14 [rLC]   505 / 0.06 / 16.85 [rUC]   286 / 0.14 / 20.71 [sLC]     0 / 0.00 / 0.00 [sUC]   193 / 0.73 / 23.67 
prod_oa          [LP]     0 / 0.00 / 0.00 [init]   880 / 0.08 / 252.03 [rLC]  1099 / 0.47 / 220.59 [rUC]   450 / 1.23 / 184.09 [sLC]     0 / 0.00 / 0.00 [sUC]   543 / 6.85 / 190.78 
prod_sm_fixed    [LP]     0 / 0.00 / 0.00 [init]     0 / 0.00 / 0.00 [rLC]     0 / 0.00 / 0.00 [rUC]     0 / 0.00 / 0.00 [sLC]     0 / 0.00 / 0.00 [sUC]     0 / 0.00 / 0.00 
prod_bin         [LP]     0 / 0.00 / 0.00 [init]     0 / 0.00 / 0.00 [rLC]     0 / 0.00 / 0.00 [rUC]     0 / 0.00 / 0.00 [sLC]     0 / 0.00 / 0.00 [sUC]     0 / 0.00 / 0.00 
prod_local       [LP]     0 / 0.00 / 0.00 [init]     0 / 0.00 / 0.00 [rLC]     0 / 0.00 / 0.00 [rUC]     0 / 0.00 / 0.00 [sLC]     0 / 0.00 / 0.00 [sUC]     0 / 0.00 / 0.00 
prod_sm_C        [LP]     0 / 0.00 / 0.00 [init]     0 / 0.32 / 0.00 [rLC]     0 / 2.19 / 0.00 [rUC]   140 / 5.73 / 118.93 [sLC]     0 / 0.00 / 0.00 [sUC]   324 / 29.61 / 199.86 
facet            [LP]     0 / 0.00 / 0.00 [init]     0 / 0.00 / 0.00 [rLC]     0 / 0.00 / 0.00 [rUC]   140 / 0.00 / 0.00 [sLC]     0 / 0.00 / 0.00 [sUC]   324 / 0.00 / 0.00 
Separation Round:   [LP] 0  [init] 1  [rLC] 6  [rUC] 15  [sLC] 0  [sUC] 277  
Root Best Bound 743.492675
Root Best Integer: 741.342362
Best Bound: 741.646833
Best Integer: 741.342362
1: 84, 473, 737, 742, 815
2: 215
3: 360
Objective Value (calc): 741.283557
sum_etaM = 408.355012 / 408.355012
sum_etaP = 778.340956 / 778.275617
nL: 7
nCL: 2
mCL: 3
