Version identifier: 20.1.0.0 | 2020-11-10 | 9bedb6d68
CPXPARAM_Threads                                 1
CPXPARAM_TimeLimit                               3600
CPXPARAM_MIP_Tolerances_MIPGap                   0
Generic callback                                 0x60
1 of 1 MIP starts provided solutions.
MIP start 'm1' defined initial solution with objective 66.6434.
Tried aggregator 1 time.
MIP Presolve eliminated 9 rows and 9 columns.
Reduced MIP has 573 rows, 891 columns, and 3494 nonzeros.
Reduced MIP has 291 binaries, 0 generals, 0 SOSs, and 0 indicators.
Presolve time = 0.00 sec. (1.05 ticks)
Probing time = 0.00 sec. (0.18 ticks)
Tried aggregator 1 time.
Reduced MIP has 573 rows, 891 columns, and 3494 nonzeros.
Reduced MIP has 291 binaries, 0 generals, 0 SOSs, and 0 indicators.
Presolve time = 0.00 sec. (1.01 ticks)
Probing time = 0.00 sec. (0.18 ticks)
MIP emphasis: balance optimality and feasibility.
MIP search method: dynamic search.
Parallel mode: none, using 1 thread.
Root relaxation solution time = 0.00 sec. (3.80 ticks)

        Nodes                                         Cuts/
   Node  Left     Objective  IInf  Best Integer    Best Bound    ItCnt     Gap

*     0+    0                           66.6434      300.0000           350.16%
      0     0      102.6665     3       66.6434      102.6665      626   54.05%
      0     0       68.3282    11       66.6434     Cuts: 134      730    2.53%
      0     0       67.9770    20       66.6434      Cuts: 45      772    2.00%

Repeating presolve.
Tried aggregator 1 time.
MIP Presolve eliminated 173 rows and 308 columns.
MIP Presolve modified 75 coefficients.
Reduced MIP has 400 rows, 583 columns, and 1867 nonzeros.
Reduced MIP has 115 binaries, 0 generals, 0 SOSs, and 0 indicators.
Presolve time = 0.00 sec. (1.15 ticks)
Probing time = 0.00 sec. (0.10 ticks)
Tried aggregator 1 time.
Reduced MIP has 400 rows, 583 columns, and 1867 nonzeros.
Reduced MIP has 115 binaries, 0 generals, 0 SOSs, and 0 indicators.
Presolve time = 0.00 sec. (0.60 ticks)
Represolve time = 0.01 sec. (3.18 ticks)
Probing time = 0.00 sec. (0.10 ticks)
MIP emphasis: balance optimality and feasibility.
MIP search method: dynamic search.
Parallel mode: none, using 1 thread.
Root relaxation solution time = 0.02 sec. (15.29 ticks)

        Nodes                                         Cuts/
   Node  Left     Objective  IInf  Best Integer    Best Bound    ItCnt     Gap

*     0+    0                           66.6434       67.9770             2.00%
      0     0       67.9770    20       66.6434       67.9770     1415    2.00%
      0     0       67.6455    14       66.6434      Cuts: 41     1470    1.50%
      0     0       67.5339    10       66.6434      Cuts: 58     1492    1.34%
      0     0       67.4443    13       66.6434      Cuts: 29     1520    1.20%
      0     0       67.4429    13       66.6434       Cuts: 4     1523    1.20%
      0     0       67.4417    14       66.6434       Cuts: 6     1526    1.20%
      0     0       67.4403    14       66.6434 UserPurge2: 1     1529    1.20%
      0     0       67.4395    14       66.6434 UserPurge2: 2     1532    1.19%
      0     0       67.4390    14       66.6434 UserPurge2: 1     1534    1.19%
      0     2       67.4390    14       66.6434       67.4387     1534    1.19%
Elapsed time = 0.30 sec. (91.70 ticks, tree = 0.01 MB, solutions = 1)
*    15    10      integral     0       66.9042       67.4263     1937    0.78%
*    24     8      integral     0       67.1150       67.4218     2166    0.46%

Flow cuts applied:  1
Mixed integer rounding cuts applied:  22
Gomory fractional cuts applied:  2
User cuts applied:  289

Root node processing (before b&c):
  Real time             =    0.30 sec. (91.73 ticks)
Sequential b&c:
  Real time             =    0.25 sec. (30.33 ticks)
                          ------------
Total (root+branch&cut) =    0.55 sec. (122.06 ticks)
|V|                                     300
K                                       10
theta                                   0.20
r                                       1
R                                       20
prob_func                               facility_mixture
mixture_low_share                       0.100000
mixture_low_interval                    [0.001000, 0.010000]
mixture_high_interval                   [0.100000, 0.500000]
mixture_seed                            1
#C1                                     336
#CP                                     1792

@Parameters: 
am_callback_heuristic                   false
am_local_search                         true
am_start_heuristic                      false
colocation                              false
comp                                    false
cutC                                    true
cutC_init                               false
cutF                                    true
cutF_init                               false
cutF_stable                             false
cutF_wrong                              false
cutLocal                                false
cutM                                    true
cutM_init                               true
cutM_stable                             false
cutP                                    true
cutP_init                               false
cutP_stable                             false
init                                    true
init_cutF_zero                          false
init_val_greedy                         true
is_Euclidean                            false
is_local_search                         true
is_right_cutP                           true
is_root                                 false
is_silent                               false
is_start                                false
mycut                                   false
pmed                                    false
pre                                     true
stable_root                             false
str                                     false
two_phase                               false
ubstr                                   false
mode                                    Bin

am_callback_node_space                  50
init                                    0
mixture_seed                            1
node_space                              5
nodelimit                               -1
nsepa                                   1
strF                                    0
type_delta                              0

EPS                                     0.001000
EPS_FRAC                                0.00
gap                                     0.00
mixture_high_max                        0.50
mixture_high_min                        0.10
mixture_low_max                         0.01
mixture_low_min                         0.00
mixture_low_share                       0.10
timelimit                               3600.00

Number of Closed Sites: 9 / 90 
Number of Confined Sites-1: 32 / 288 
Number of Confined Sites-k: 259 / 1730 
Preprocess Time: 0.42 + 0.00 sec

Solve Time: 0.55
Number of Nodes: 33
Termination Status: OPTIMAL

CutInfo: [phase] num / time (sec) / aver. num_nonzero
max              [LP]     0 / 0.00 / 0.00 [init]   286 / 0.06 / 3.39 [rLC]   118 / 0.04 / 7.87 [rUC]   147 / 0.06 / 7.27 [sLC]     1 / 0.01 / 14.00 [sUC]    30 / 0.04 / 7.10 
prod_oa          [LP]     0 / 0.00 / 0.00 [init]     0 / 0.00 / 0.00 [rLC]     0 / 0.00 / 0.00 [rUC]     0 / 0.00 / 0.00 [sLC]     0 / 0.00 / 0.00 [sUC]     0 / 0.00 / 0.00 
prod_sm_fixed    [LP]     0 / 0.00 / 0.00 [init]     0 / 0.00 / 0.00 [rLC]     0 / 0.00 / 0.00 [rUC]     0 / 0.00 / 0.00 [sLC]     0 / 0.00 / 0.00 [sUC]     0 / 0.00 / 0.00 
prod_bin         [LP]     0 / 0.00 / 0.00 [init]   286 / 0.04 / 0.00 [rLC]   128 / 0.01 / 0.00 [rUC]    86 / 0.02 / 0.00 [sLC]     0 / 0.00 / 0.00 [sUC]    34 / 0.00 / 0.00 
prod_local       [LP]     0 / 0.00 / 0.00 [init]     0 / 0.00 / 0.00 [rLC]     0 / 0.00 / 0.00 [rUC]     0 / 0.00 / 0.00 [sLC]     0 / 0.00 / 0.00 [sUC]     0 / 0.00 / 0.00 
prod_sm_C        [LP]     0 / 0.00 / 0.00 [init]     0 / 0.00 / 0.00 [rLC]     0 / 0.00 / 0.00 [rUC]     0 / 0.00 / 0.00 [sLC]     0 / 0.00 / 0.00 [sUC]     0 / 0.00 / 0.00 
facet            [LP]     0 / 0.00 / 0.00 [init]     0 / 0.00 / 0.00 [rLC]     0 / 0.00 / 0.00 [rUC]     0 / 0.00 / 0.00 [sLC]     0 / 0.00 / 0.00 [sUC]     0 / 0.00 / 0.00 
Separation Round:   [LP] 0  [init] 1  [rLC] 2  [rUC] 12  [sLC] 3  [sUC] 43  
Root Best Bound 67.426336
Root Best Integer: 66.643366
Best Bound: 67.282258
Best Integer: 67.114994
1: 4, 5, 51, 66, 122, 139, 167, 219, 253, 293
Objective Value (calc): 67.114994
sum_etaM = 63.824179 / 63.824179
sum_etaP = 67.937698 / 67.937698
nL: 10
nCL: 0
mCL: 1
