Version identifier: 20.1.0.0 | 2020-11-10 | 9bedb6d68
CPXPARAM_Threads                                 1
CPXPARAM_TimeLimit                               3600
CPXPARAM_MIP_Tolerances_MIPGap                   0
Generic callback                                 0x60
1 of 1 MIP starts provided solutions.
MIP start 'm1' defined initial solution with objective 576.6985.
Tried aggregator 2 times.
MIP Presolve eliminated 11 rows and 10 columns.
MIP Presolve modified 487 coefficients.
Aggregator did 1 substitutions.
Reduced MIP has 2508 rows, 2789 columns, and 29603 nonzeros.
Reduced MIP has 695 binaries, 694 generals, 0 SOSs, and 0 indicators.
Presolve time = 0.01 sec. (9.42 ticks)
Probing time = 0.00 sec. (1.60 ticks)
Tried aggregator 1 time.
Reduced MIP has 2508 rows, 2789 columns, and 29603 nonzeros.
Reduced MIP has 695 binaries, 694 generals, 0 SOSs, and 0 indicators.
Presolve time = 0.01 sec. (5.43 ticks)
Probing time = 0.00 sec. (1.60 ticks)
MIP emphasis: balance optimality and feasibility.
MIP search method: dynamic search.
Parallel mode: none, using 1 thread.
Root relaxation solution time = 0.03 sec. (38.28 ticks)

        Nodes                                         Cuts/
   Node  Left     Objective  IInf  Best Integer    Best Bound    ItCnt     Gap

*     0+    0                          576.6985      700.0000            21.38%
      0     0      588.7585    51      576.6985      588.7585     1939    2.09%
      0     0      579.0847   136      576.6985     Cuts: 387     2414    0.41%
      0     0      578.5213   129      576.6985     Cuts: 186     2644    0.32%
      0     0      578.4216   106      576.6985     Cuts: 106     2754    0.30%
      0     0      578.2504   112      576.6985      Cuts: 65     2845    0.27%
      0     0      578.2110   117      576.6985      Cuts: 66     2905    0.26%
      0     0      578.1730   101      576.6985      Cuts: 27     2948    0.26%
      0     0      578.1626   106      576.6985      Cuts: 13     2974    0.25%
      0     0      578.1301    94      576.6985      Cuts: 40     3014    0.25%
      0     0      578.0987   108      576.6985      Cuts: 23     3063    0.24%
      0     0      578.0965   105      576.6985 UserPurge2: 12     3073    0.24%
      0     0      578.0964   103      576.6985 UserPurge2: 1     3077    0.24%
      0     0      578.0929   101      576.6985 UserPurge2: 5     3089    0.24%
      0     2      578.0766   113      576.6985      578.0733     3089    0.24%
Elapsed time = 1.45 sec. (1046.28 ticks, tree = 0.01 MB, solutions = 1)
     11    13      577.2791    79      576.6985      578.0729     4443    0.24%
     26    22      577.0814    96      576.6985      578.0433     5664    0.23%
     42    32      577.7801   105      576.6985      577.9507     7079    0.22%
     52    41      576.9945    86      576.6985      577.9507     8128    0.22%
     70    53      577.2770   111      576.6985      577.9505     9405    0.22%
     87    66      576.7515   102      576.6985      577.9239    10754    0.21%
*   100+   73                          576.7289      577.9239             0.21%
    108    80      577.6776   111      576.7289      577.9144    12041    0.21%
    114    86      577.0695   104      576.7289      577.9144    12865    0.21%
    134   106      576.9558    44      576.7289      577.9144    14181    0.21%
*   180+  132                          576.7784      577.9069             0.20%
    219   161      576.8641    89      576.7784      577.8202    18379    0.18%
Elapsed time = 7.77 sec. (4366.30 ticks, tree = 0.62 MB, solutions = 3)
    300   215      577.0174   123      576.7784      577.7402    22383    0.17%
    392   276      577.3091   137      576.7784      577.5828    27656    0.14%
    492   357      577.0237   109      576.7784      577.5475    32307    0.13%
    600   437      577.0594    56      576.7784      577.5154    37206    0.13%
    742   535      577.1150    65      576.7784      577.4568    42656    0.12%
    871   634      576.7894    17      576.7784      577.4414    47110    0.11%
   1000   725      577.0162   132      576.7784      577.4231    52158    0.11%

Performing restart 1

Repeating presolve.
Tried aggregator 1 time.
MIP Presolve eliminated 684 rows and 342 columns.
MIP Presolve modified 255 coefficients.
Reduced MIP has 1824 rows, 2447 columns, and 28235 nonzeros.
Reduced MIP has 695 binaries, 352 generals, 0 SOSs, and 0 indicators.
Presolve time = 0.01 sec. (6.90 ticks)
Tried aggregator 1 time.
Reduced MIP has 1824 rows, 2447 columns, and 28235 nonzeros.
Reduced MIP has 695 binaries, 352 generals, 0 SOSs, and 0 indicators.
Presolve time = 0.01 sec. (5.76 ticks)
Represolve time = 0.11 sec. (35.10 ticks)
   1032     0      577.7456   106      576.7784     Cuts: 114    56143    0.11%
   1032     0      577.6100    97      576.7784     Cuts: 100    56257    0.11%
   1032     0      577.5409    91      576.7784      Cuts: 58    56327    0.11%
   1032     0      577.5114    96      576.7784      Cuts: 28    56380    0.11%
   1032     0      577.4905    97      576.7784      Cuts: 17    56415    0.11%
   1032     0      577.4780    98      576.7784      Cuts: 34    56449    0.11%
   1032     0      577.4614    95      576.7784      Cuts: 15    56476    0.11%
   1032     0      577.4430   104      576.7784       Cuts: 9    56506    0.11%
   1032     0      577.4110   102      576.7784      Cuts: 16    56546    0.11%
   1032     0      577.3556    98      576.7784       Cuts: 9    56579    0.10%
   1032     0      577.3291   106      576.7784      Cuts: 19    56645    0.10%
   1032     0      577.3130   100      576.7784      Cuts: 11    56672    0.09%
   1032     0      577.3088    95      576.7784      Cuts: 32    56689    0.09%
   1032     0      577.3080    95      576.7784    MIRcuts: 4    56694    0.09%
   1032     0      577.2986    91      576.7784       Cuts: 5    56722    0.09%
   1032     0      577.2970    91      576.7784      Cuts: 11    56733    0.09%
*  1032+    0                          576.7970      577.2970             0.09%
   1032     2      577.2820   107      576.7970      577.2762    56733    0.08%
   1038     6      577.0849    84      576.7970      577.2512    57119    0.08%
   1072    23      577.1714    91      576.7970      577.2217    58097    0.07%
Elapsed time = 22.77 sec. (15407.64 ticks, tree = 0.16 MB, solutions = 4)
   1231   131      576.8782    50      576.7970      577.1520    62596    0.06%
   1396   236      577.0302    60      576.7970      577.1245    67560    0.06%
*  1512+  227                          576.8732      577.1049             0.04%
*  1542+  221                          576.8927      577.0963             0.04%
   1619   261      576.9529    77      576.8927      577.0809    72876    0.03%
   1832   324      576.9525    33      576.8927      577.0460    78266    0.03%
   2112   428      576.9326    32      576.8927      577.0255    84863    0.02%
   2379   526      576.9357    38      576.8927      577.0025    90713    0.02%
   2658   583      576.8635    34      576.8927      576.9849    96950    0.02%
   2895   600        cutoff            576.8927      576.9735   101910    0.01%
   3188   616      576.8931    29      576.8927      576.9590   106962    0.01%
*  3482+  555                          576.8936      576.9436             0.01%
   3505   556        cutoff            576.8936      576.9428   113041    0.01%
Elapsed time = 38.10 sec. (25053.95 ticks, tree = 0.91 MB, solutions = 7)
   3850   399        cutoff            576.8936      576.9264   118054    0.01%
   4304     8        cutoff            576.8936      576.8941   121574    0.00%

Flow cuts applied:  29
Mixed integer rounding cuts applied:  151
Lift and project cuts applied:  2
Gomory fractional cuts applied:  4
User cuts applied:  660

Root node processing (before b&c):
  Real time             =    1.45 sec. (1043.72 ticks)
Sequential b&c:
  Real time             =   39.10 sec. (25950.03 ticks)
                          ------------
Total (root+branch&cut) =   40.54 sec. (26993.75 ticks)
|V|                                     700
K                                       70
theta                                   0.01
r                                       1
R                                       20
prob_func                               facility_mixture
mixture_low_share                       0.900000
mixture_low_interval                    [0.001000, 0.010000]
mixture_high_interval                   [0.100000, 0.500000]
mixture_seed                            1
#C1                                     896
#CP                                     50622

@Parameters: 
am_callback_heuristic                   false
am_local_search                         true
am_start_heuristic                      false
colocation                              true
comp                                    false
cutC                                    true
cutC_init                               false
cutF                                    false
cutF_init                               false
cutF_stable                             false
cutF_wrong                              false
cutLocal                                false
cutM                                    true
cutM_init                               true
cutM_stable                             false
cutP                                    true
cutP_init                               false
cutP_stable                             false
init                                    true
init_cutF_zero                          false
init_val_greedy                         true
is_Euclidean                            false
is_local_search                         false
is_right_cutP                           true
is_root                                 false
is_silent                               false
is_start                                false
mycut                                   false
pmed                                    false
pre                                     true
stable_root                             false
str                                     false
two_phase                               false
ubstr                                   false
mode                                    Int

am_callback_node_space                  50
init                                    0
mixture_seed                            1
node_space                              5
nodelimit                               -1
nsepa                                   1
strF                                    0
type_delta                              0

EPS                                     0.001000
EPS_FRAC                                0.00
gap                                     0.00
mixture_high_max                        0.50
mixture_high_min                        0.10
mixture_low_max                         0.01
mixture_low_min                         0.00
mixture_low_share                       0.90
timelimit                               3600.00

Number of Closed Sites: 5 / 350 
Number of Confined Sites-1: 1 / 69 
Number of Confined Sites-k: 694 / 5661 
Preprocess Time: 1.52 + 0.00 sec

Solve Time: 40.54
Number of Nodes: 4313
Termination Status: OPTIMAL

CutInfo: [phase] num / time (sec) / aver. num_nonzero
max              [LP]     0 / 0.00 / 0.00 [init]   648 / 0.02 / 2.40 [rLC]   381 / 0.02 / 5.83 [rUC]    92 / 0.07 / 6.48 [sLC]     1 / 0.06 / 2.00 [sUC]    68 / 1.20 / 8.26 
prod_oa          [LP]     0 / 0.00 / 0.00 [init]   471 / 0.02 / 49.84 [rLC]   540 / 0.04 / 59.15 [rUC]   579 / 0.21 / 57.92 [sLC]   244 / 0.18 / 54.71 [sUC]   568 / 3.80 / 56.02 
prod_sm_fixed    [LP]     0 / 0.00 / 0.00 [init]     0 / 0.00 / 0.00 [rLC]     0 / 0.00 / 0.00 [rUC]     0 / 0.00 / 0.00 [sLC]     0 / 0.00 / 0.00 [sUC]     0 / 0.00 / 0.00 
prod_bin         [LP]     0 / 0.00 / 0.00 [init]     0 / 0.00 / 0.00 [rLC]     0 / 0.00 / 0.00 [rUC]     0 / 0.00 / 0.00 [sLC]     0 / 0.00 / 0.00 [sUC]     0 / 0.00 / 0.00 
prod_local       [LP]     0 / 0.00 / 0.00 [init]     0 / 0.00 / 0.00 [rLC]     0 / 0.00 / 0.00 [rUC]     0 / 0.00 / 0.00 [sLC]     0 / 0.00 / 0.00 [sUC]     0 / 0.00 / 0.00 
prod_sm_C        [LP]     0 / 0.00 / 0.00 [init]     0 / 0.00 / 0.00 [rLC]     0 / 0.00 / 0.00 [rUC]     0 / 0.00 / 0.00 [sLC]     0 / 0.00 / 0.00 [sUC]     0 / 0.00 / 0.00 
facet            [LP]     0 / 0.00 / 0.00 [init]     0 / 0.00 / 0.00 [rLC]     0 / 0.00 / 0.00 [rUC]     0 / 0.00 / 0.00 [sLC]     0 / 0.00 / 0.00 [sUC]     0 / 0.00 / 0.00 
Separation Round:   [LP] 0  [init] 1  [rLC] 3  [rUC] 14  [sLC] 12  [sUC] 5766  
Root Best Bound 578.072857
Root Best Integer: 576.698545
Best Bound: 576.895169
Best Integer: 576.893561
1: 18, 19, 24, 47, 69, 79, 84, 298, 328, 370, 371, 416, 588, 595, 620, 632, 667
2: 16, 85, 426, 506, 553, 584, 679
3: 27, 205, 358, 392, 543, 660
4: 5, 163, 215, 458
5: 320
Objective Value (calc): 576.839734
sum_etaM = 301.713400 / 301.713400
sum_etaP = 579.673158 / 579.618788
nL: 35
nCL: 18
mCL: 5
