Version identifier: 20.1.0.0 | 2020-11-10 | 9bedb6d68
CPXPARAM_Threads                                 1
CPXPARAM_TimeLimit                               3600
CPXPARAM_MIP_Tolerances_MIPGap                   0
Generic callback                                 0x60
1 of 1 MIP starts provided solutions.
MIP start 'm1' defined initial solution with objective 880.4996.
Tried aggregator 2 times.
MIP Presolve eliminated 8 rows and 6 columns.
MIP Presolve modified 333 coefficients.
Aggregator did 2 substitutions.
Reduced MIP has 2853 rows, 3592 columns, and 24725 nonzeros.
Reduced MIP has 897 binaries, 895 generals, 0 SOSs, and 0 indicators.
Presolve time = 0.01 sec. (8.64 ticks)
Probing time = 0.00 sec. (1.28 ticks)
Tried aggregator 1 time.
Reduced MIP has 2853 rows, 3592 columns, and 24725 nonzeros.
Reduced MIP has 897 binaries, 895 generals, 0 SOSs, and 0 indicators.
Presolve time = 0.01 sec. (5.09 ticks)
Probing time = 0.00 sec. (1.28 ticks)
MIP emphasis: balance optimality and feasibility.
MIP search method: dynamic search.
Parallel mode: none, using 1 thread.
Root relaxation solution time = 0.10 sec. (106.00 ticks)

        Nodes                                         Cuts/
   Node  Left     Objective  IInf  Best Integer    Best Bound    ItCnt     Gap

*     0+    0                          880.4996      900.0000             2.21%
      0     0      894.2223   170      880.4996      894.2223     2412    1.56%
      0     0      886.2026   470      880.4996     Cuts: 546     2973    0.65%
      0     0      885.4385   467      880.4996     Cuts: 523     3428    0.56%
      0     0      885.0611   525      880.4996     Cuts: 406     3881    0.52%
      0     0      884.7485   520      880.4996     Cuts: 345     4423    0.48%
      0     0      884.5607   569      880.4996     Cuts: 302     4915    0.46%
      0     0      884.4465   590      880.4996     Cuts: 251     5393    0.45%
      0     0      884.3230   601      880.4996     Cuts: 243     5804    0.43%
      0     0      884.2396   593      880.4996     Cuts: 222     6161    0.42%
      0     0      884.1649   583      880.4996     Cuts: 241     6515    0.42%
      0     0      884.0977   591      880.4996     Cuts: 170     6849    0.41%
      0     0      884.0478   588      880.4996     Cuts: 181     7186    0.40%
      0     0      884.0375   609      880.4996 UserPurge2: 53     7332    0.40%
      0     0      884.0317   610      880.4996 UserPurge2: 38     7445    0.40%
      0     0      884.0309   618      880.4996 UserPurge2: 15     7484    0.40%
      0     0      884.0294   619      880.4996 UserPurge2: 10     7531    0.40%
      0     0      884.0284   615      880.4996 UserPurge2: 24     7579    0.40%
      0     0      884.0274   611      880.4996 UserPurge2: 14     7614    0.40%
      0     0      884.0268   613      880.4996 UserPurge2: 7     7637    0.40%
      0     0      884.0267   610      880.4996 UserPurge2: 2     7649    0.40%
      0     0      884.0264   610      880.4996 UserPurge2: 8     7661    0.40%
      0     0      884.0264   612      880.4996 UserPurge2: 2     7666    0.40%
      0     0      884.0263   612      880.4996 UserPurge2: 3     7674    0.40%
      0     2      884.0263   612      880.4996      884.0262     7674    0.40%
Elapsed time = 15.33 sec. (7627.89 ticks, tree = 0.01 MB, solutions = 1)
      3     5      883.9010   547      880.4996      884.0262     8435    0.40%
      5     7      883.6103   695      880.4996      884.0262    10042    0.40%
      6     8      883.6101   689      880.4996      884.0262    10950    0.40%
      7     9      883.8032   659      880.4996      884.0262    11632    0.40%
      9    11      883.7775   647      880.4996      884.0262    12029    0.40%
     10    12      883.6345   663      880.4996      884.0262    13594    0.40%
     11    13      883.5983   655      880.4996      884.0262    14943    0.40%
     12    14      883.5984   609      880.4996      884.0262    15848    0.40%
     13    15      883.5647   617      880.4996      884.0262    16335    0.40%
     16    18      883.3747   644      880.4996      884.0262    19265    0.40%
Elapsed time = 30.53 sec. (13056.42 ticks, tree = 0.17 MB, solutions = 1)
     20    22      883.2758   653      880.4996      884.0262    22403    0.40%
     25    27      883.1647   644      880.4996      884.0262    25713    0.40%
     28    30      882.9796   630      880.4996      884.0262    27997    0.40%
     30    32      883.1265   616      880.4996      884.0262    28668    0.40%
     38    40      882.9586   583      880.4996      884.0262    31094    0.40%
     41    43      882.6999   587      880.4996      884.0262    32515    0.40%
     46    48      882.7000   575      880.4996      884.0262    34791    0.40%
     50    52      882.5922   595      880.4996      884.0262    36539    0.40%
     55    57      882.4609   578      880.4996      884.0262    39010    0.40%
     59    61      882.3910   531      880.4996      884.0262    41129    0.40%
Elapsed time = 57.80 sec. (26644.32 ticks, tree = 0.70 MB, solutions = 1)
     60    62      882.3106   571      880.4996      884.0262    41891    0.40%
     68    70      882.2494   560      880.4996      884.0262    44108    0.40%
     70    72      882.1661   562      880.4996      884.0262    45122    0.40%
     74    76      882.0683   556      880.4996      884.0262    47646    0.40%
     77    79      882.0406   566      880.4996      884.0262    49187    0.40%
     85    87      881.9088   570      880.4996      884.0262    51149    0.40%
     90    92      881.7102   572      880.4996      884.0262    53326    0.40%
     98   100      881.4908   541      880.4996      884.0262    55517    0.40%
    105   107      881.3683   528      880.4996      884.0262    57429    0.40%
    115   117      881.1531   529      880.4996      884.0262    59614    0.40%
Elapsed time = 90.35 sec. (38265.61 ticks, tree = 0.96 MB, solutions = 1)
    124   126      881.0366   475      880.4996      884.0262    61067    0.40%
    153   148      880.5775   433      880.4996      884.0262    63571    0.40%
    180   155      883.9478   682      880.4996      884.0221    65511    0.40%
    183   158      883.8758   658      880.4996      884.0221    67612    0.40%
    185   160      883.7132   697      880.4996      884.0221    71298    0.40%
    188   163      883.7982   675      880.4996      884.0221    73057    0.40%
    190   165      883.6307   675      880.4996      884.0221    76832    0.40%
    194   169      883.7489   644      880.4996      884.0221    78581    0.40%
    196   171      883.6921   620      880.4996      884.0221    80495    0.40%
    199   174      883.5895   590      880.4996      884.0221    82919    0.40%
Elapsed time = 128.56 sec. (51897.53 ticks, tree = 1.17 MB, solutions = 1)
    201   176      883.5295   569      880.4996      884.0221    84076    0.40%
    204   179      883.4623   544      880.4996      884.0221    85527    0.40%
    207   182      883.3206   544      880.4996      884.0221    87874    0.40%
    210   185      883.1295   540      880.4996      884.0221    89657    0.40%
    215   190      883.1059   519      880.4996      884.0221    91808    0.40%
    219   194      882.9214   496      880.4996      884.0221    93612    0.40%
    221   196      882.7728   504      880.4996      884.0221    95220    0.40%
    227   202      882.3996   480      880.4996      884.0221    97684    0.40%
    234   209      882.5437   467      880.4996      884.0221    99824    0.40%
    240   215      882.3055   465      880.4996      884.0221   102616    0.40%
Elapsed time = 154.40 sec. (64440.28 ticks, tree = 1.43 MB, solutions = 1)
    248   223      882.3534   468      880.4996      884.0221   104894    0.40%
    255   230      882.2543   451      880.4996      884.0221   106796    0.40%
    262   237      881.8146   453      880.4996      884.0221   108834    0.40%
    270   245      881.8335   432      880.4996      884.0221   110882    0.40%
    282   257      881.6097   396      880.4996      884.0221   112932    0.40%
    299   274      881.1342   361      880.4996      884.0221   115349    0.40%
    315   288      880.5945   342      880.4996      884.0221   117189    0.40%
    325   292      883.7884   701      880.4996      884.0220   119509    0.40%
    328   295      883.6993   689      880.4996      884.0220   121578    0.40%
    330   297      883.5616   703      880.4996      884.0220   124036    0.40%
Elapsed time = 181.82 sec. (75717.89 ticks, tree = 1.73 MB, solutions = 1)
    333   300      883.5757   695      880.4996      884.0220   126114    0.40%
    336   303      883.3523   700      880.4996      884.0220   128317    0.40%
    339   306      883.4390   674      880.4996      884.0220   130387    0.40%
    340   307      883.3665   657      880.4996      884.0220   131500    0.40%
    344   311      883.4061   649      880.4996      884.0220   133270    0.40%
    348   315      883.3183   629      880.4996      884.0220   135186    0.40%
    350   317      883.3566   644      880.4996      884.0220   136847    0.40%
    354   321      883.1849   614      880.4996      884.0220   138351    0.40%
    359   326      883.2282   609      880.4996      884.0220   140293    0.40%
    360   327      883.1891   625      880.4996      884.0220   140984    0.40%
Elapsed time = 200.62 sec. (88412.07 ticks, tree = 1.91 MB, solutions = 1)
    363   330      883.0488   609      880.4996      884.0220   142861    0.40%
    367   334      882.9685   589      880.4996      884.0220   144728    0.40%
    371   338      882.8634   563      880.4996      884.0220   146105    0.40%
    377   344      882.7257   551      880.4996      884.0220   148114    0.40%
    380   347      882.6757   560      880.4996      884.0220   149288    0.40%
    386   353      882.3776   526      880.4996      884.0220   151358    0.40%
    392   359      882.1687   537      880.4996      884.0220   153662    0.40%
    400   367      882.0903   539      880.4996      884.0220   155960    0.40%
    403   370      883.7793   719      880.4996      883.9367   158092    0.39%
    407   374      883.6337   677      880.4996      883.9367   159765    0.39%
Elapsed time = 218.04 sec. (99505.25 ticks, tree = 2.11 MB, solutions = 1)
    410   377      883.4844   684      880.4996      883.9367   161646    0.39%
    415   382      883.3856   656      880.4996      883.9367   163731    0.39%
    419   386      883.2648   605      880.4996      883.9367   165482    0.39%
    420   387      883.2469   622      880.4996      883.9367   166079    0.39%
    425   392      883.1157   593      880.4996      883.9367   168008    0.39%
    430   397      883.0457   607      880.4996      883.9367   170367    0.39%
    438   405      882.8595   599      880.4996      883.9367   172162    0.39%
    440   407      882.7851   586      880.4996      883.9367   173127    0.39%
    450   417      882.6546   565      880.4996      883.9367   174711    0.39%
    460   427      882.3109   593      880.4996      883.9367   176677    0.39%
Elapsed time = 246.86 sec. (112714.67 ticks, tree = 3.73 MB, solutions = 1)
    476   443      882.0577   544      880.4996      883.9367   178387    0.39%

Performing restart 1

Repeating presolve.
Tried aggregator 1 time.
MIP Presolve modified 587 coefficients.
Reduced MIP has 2853 rows, 3592 columns, and 24725 nonzeros.
Reduced MIP has 897 binaries, 895 generals, 0 SOSs, and 0 indicators.
Presolve time = 0.01 sec. (5.28 ticks)
Tried aggregator 1 time.
Reduced MIP has 2853 rows, 3592 columns, and 24725 nonzeros.
Reduced MIP has 897 binaries, 895 generals, 0 SOSs, and 0 indicators.
Presolve time = 0.01 sec. (5.20 ticks)
Represolve time = 0.08 sec. (54.64 ticks)
    479     0      883.2635   292      880.4996     Cuts: 134   185248    0.31%
    479     0      883.2117   280      880.4996      Cuts: 84   185482    0.31%
    479     0      883.1938   286      880.4996      Cuts: 81   185625    0.31%
    479     0      883.1876   275      880.4996      Cuts: 37   185727    0.31%
    479     0      883.1838   282      880.4996   MIRcuts: 44   185799    0.30%
    479     0      883.1805   296      880.4996     Cuts: 127   185847    0.30%
    479     0      883.1712   266      880.4996   MIRcuts: 23   185955    0.30%
    479     0      883.1682   295      880.4996      Cuts: 31   186022    0.30%
    479     0      883.1663   275      880.4996      Cuts: 21   186072    0.30%
    479     0      883.1638   293      880.4996      Cuts: 21   186130    0.30%
    479     0      883.1590   285      880.4996      Cuts: 29   186214    0.30%
    479     0      883.1537   289      880.4996      Cuts: 28   186280    0.30%
    479     0      883.1510   292      880.4996      Cuts: 20   186330    0.30%
    479     0      883.1501   287      880.4996      Cuts: 16   186356    0.30%
    479     2      883.1501   287      880.4996      883.1500   186356    0.30%
    480     3      883.1280   317      880.4996      883.1280   187244    0.30%
    481     4      883.1149   324      880.4996      883.1280   187450    0.30%
    482     5      883.0931   308      880.4996      883.1149   187578    0.30%
    483     6      883.1073   295      880.4996      883.1147   187676    0.30%
    484     7      882.8800   258      880.4996      883.1069   188544    0.30%
    486     9      883.0903   290      880.4996      883.0925   189369    0.29%
    488    11      882.6618   282      880.4996      883.0925   190590    0.29%
    494    17      882.8918   290      880.4996      883.0925   193987    0.29%
Elapsed time = 285.28 sec. (147258.29 ticks, tree = 0.03 MB, solutions = 1)
    500    23      882.9988   327      880.4996      883.0925   195880    0.29%
    525    48      881.4104   316      880.4996      883.0925   200201    0.29%
    550    72      880.8463   332      880.4996      883.0925   203412    0.29%
    584    84      882.3463   351      880.4996      883.0924   206445    0.29%
    609   106      880.6342   318      880.4996      883.0924   209932    0.29%
    636   119      882.5789   387      880.4996      883.0589   216833    0.29%
    660   143      882.6523   361      880.4996      883.0589   220378    0.29%
    701   184      881.6710   349      880.4996      883.0589   226653    0.29%
    780   216      883.0259   393      880.4996      883.0567   233171    0.29%
    835   263      882.1108   392      880.4996      883.0430   238759    0.29%
Elapsed time = 349.65 sec. (189854.67 ticks, tree = 6.64 MB, solutions = 1)
    894   303      882.4766   405      880.4996      883.0269   244479    0.29%
    919   328      881.9482   386      880.4996      883.0269   248599    0.29%
    959   359      882.9404   335      880.4996      883.0254   252765    0.29%
    999   399      881.5480   330      880.4996      883.0254   259631    0.29%
   1067   455      880.5954   220      880.4996      883.0254   267643    0.29%
   1136   496      882.8002   330      880.4996      883.0247   275263    0.29%
   1196   553      880.5320   271      880.4996      883.0247   283445    0.29%
   1233   582      881.1961   368      880.4996      883.0242   291758    0.29%
   1265   614      880.5838   370      880.4996      883.0242   298597    0.29%
   1349   664      882.5007   398      880.4996      883.0199   306968    0.29%
Elapsed time = 398.04 sec. (229949.30 ticks, tree = 16.10 MB, solutions = 1)
   1419   714        cutoff            880.4996      883.0199   313833    0.29%
   1459   739      882.4800   383      880.4996      883.0192   319950    0.29%
   1507   783      880.6890   354      880.4996      883.0192   328362    0.29%
   1570   822      880.7871   345      880.4996      883.0191   336526    0.29%
   1607   846      881.1741   398      880.4996      883.0191   344740    0.29%
   1677   888      880.8848   370      880.4996      883.0139   351702    0.29%
   1750   927      880.7578   357      880.4996      883.0087   358845    0.28%
   1809   954      881.1375   432      880.4996      883.0080   366204    0.28%
   1864  1000      882.4097   370      880.4996      883.0051   373214    0.28%
   1948  1061      881.9049   378      880.4996      883.0025   381169    0.28%
Elapsed time = 437.37 sec. (269124.43 ticks, tree = 27.17 MB, solutions = 1)
   2019  1117      882.5707   328      880.4996      883.0022   387887    0.28%
   2104  1202      881.2007   227      880.4996      883.0022   395447    0.28%
   2215  1303      880.7005   100      880.4996      883.0022   402459    0.28%
   2329  1371      881.6013   380      880.4996      882.9949   408565    0.28%
   2408  1417      880.7592   295      880.4996      882.9949   416937    0.28%
   2537  1494      882.0544   303      880.4996      882.9924   424125    0.28%
   2651  1563      880.8973   315      880.4996      882.9866   432134    0.28%
   2705  1611      882.0495   354      880.4996      882.9738   439249    0.28%
   2796  1678      880.9662   276      880.4996      882.9738   447918    0.28%
   2879  1731      880.6584   311      880.4996      882.9736   455404    0.28%
Elapsed time = 478.61 sec. (307891.39 ticks, tree = 54.04 MB, solutions = 1)
   2953  1800      881.0771   328      880.4996      882.9734   463440    0.28%
   3065  1878      880.5915   351      880.4996      882.9695   471456    0.28%
   3203  1966      881.0234   304      880.4996      882.9683   479858    0.28%
   3326  2031      882.5043   387      880.4996      882.9674   487483    0.28%
   3402  2094      880.9175   347      880.4996      882.9674   495813    0.28%
   3527  2176      882.3948   298      880.4996      882.9652   503920    0.28%
   3634  2249      880.7592   349      880.4996      882.9643   513147    0.28%
   3710  2289      881.4191   383      880.4996      882.9642   520860    0.28%
   3794  2328      880.5900   237      880.4996      882.9642   529237    0.28%
   3938  2458      881.8156   195      880.4996      882.9638   536348    0.28%
Elapsed time = 520.43 sec. (346566.62 ticks, tree = 83.48 MB, solutions = 1)
   4084  2592      881.5825   329      880.4996      882.9637   543776    0.28%
   4176  2650      880.5166   265      880.4996      882.9637   551812    0.28%
   4296  2715      880.7592   317      880.4996      882.9632   559652    0.28%
   4427  2786      880.6610   355      880.4996      882.9608   567920    0.28%
   4500  2835      881.0841   371      880.4996      882.9588   575335    0.28%
   4623  2893      880.7745   301      880.4996      882.9573   583907    0.28%
   4763  2968      881.3558   323      880.4996      882.9567   592191    0.28%
   4879  3027      880.5852   272      880.4996      882.9540   599996    0.28%
   5013  3101        cutoff            880.4996      882.9529   608298    0.28%
   5132  3163      880.6698   334      880.4996      882.9510   616579    0.28%
Elapsed time = 562.45 sec. (385193.38 ticks, tree = 112.02 MB, solutions = 1)
   5242  3225      881.5807   390      880.4996      882.9501   624649    0.28%
   5285  3254      881.9348   376      880.4996      882.9484   631079    0.28%
   5348  3317      880.8061   302      880.4996      882.9484   638857    0.28%
   5490  3406      882.7578   335      880.4996      882.9457   647172    0.28%
   5617  3479      882.3582   339      880.4996      882.9454   654720    0.28%
   5729  3548      880.6984   274      880.4996      882.9449   661862    0.28%
   5836  3592      882.4664   364      880.4996      882.9420   669638    0.28%
   5913  3653      880.8506   294      880.4996      882.9405   677892    0.28%
   6044  3724      882.6331   314      880.4996      882.9384   686839    0.28%
   6115  3778      882.1608   269      880.4996      882.9382   693245    0.28%
Elapsed time = 603.23 sec. (423967.77 ticks, tree = 135.40 MB, solutions = 1)
   6228  3865      880.6405   298      880.4996      882.9371   701480    0.28%
   6322  3913      880.5679   275      880.4996      882.9362   709836    0.28%
   6430  3993      881.7774   379      880.4996      882.9361   717195    0.28%
   6509  4061      880.8110   325      880.4996      882.9355   725583    0.28%
   6649  4149      881.6033   258      880.4996      882.9336   734464    0.28%
   6754  4254      881.0003   181      880.4996      882.9336   744118    0.28%
   6842  4314      880.7301   275      880.4996      882.9332   752105    0.28%
   6987  4397      880.6681   319      880.4996      882.9321   759520    0.28%
   7073  4454      880.6179   308      880.4996      882.9308   766939    0.28%
   7141  4500      881.8844   346      880.4996      882.9302   774192    0.28%
Elapsed time = 644.36 sec. (462469.32 ticks, tree = 161.25 MB, solutions = 1)
   7242  4571      880.7111   297      880.4996      882.9292   782299    0.28%
   7325  4630      880.6515   315      880.4996      882.9282   790003    0.28%
   7443  4686      880.7909   262      880.4996      882.9253   797842    0.28%
   7509  4731      880.7774   407      880.4996      882.9252   805540    0.28%
   7595  4803      881.0006   347      880.4996      882.9242   814191    0.28%
   7725  4879      882.4610   313      880.4996      882.9230   822731    0.28%
   7836  4957      881.1211   290      880.4996      882.9229   831609    0.28%
   7947  5028      880.8749   307      880.4996      882.9216   839829    0.28%
   8071  5096      880.5381   297      880.4996      882.9214   849065    0.28%
   8147  5168      881.5093   318      880.4996      882.9207   855923    0.27%
Elapsed time = 685.79 sec. (501255.30 ticks, tree = 184.99 MB, solutions = 1)
   8248  5238      880.7631   358      880.4996      882.9207   864220    0.27%
   8339  5296      880.7800   346      880.4996      882.9203   872651    0.27%
   8474  5355        cutoff            880.4996      882.9192   879960    0.27%
   8535  5403      880.8098   301      880.4996      882.9190   887620    0.27%
   8657  5468      880.5379   213      880.4996      882.9174   896032    0.27%
   8759  5517      882.3847   356      880.4996      882.9162   903679    0.27%
   8830  5574      882.5358   318      880.4996      882.9160   911302    0.27%
   8909  5647      881.0020   268      880.4996      882.9160   919132    0.27%
   9032  5721      880.5491   279      880.4996      882.9157   927900    0.27%
   9139  5779      881.9543   346      880.4996      882.9142   935738    0.27%
Elapsed time = 726.45 sec. (539799.88 ticks, tree = 201.10 MB, solutions = 1)
   9218  5830      880.5041   250      880.4996      882.9142   943933    0.27%
   9333  5887      882.7885   324      880.4996      882.9126   950950    0.27%
   9414  5962      880.5633   255      880.4996      882.9126   959987    0.27%
   9561  6041      880.8841   332      880.4996      882.9121   968213    0.27%
   9639  6105      882.2943   312      880.4996      882.9117   975414    0.27%
   9836  6286      881.7291   180      880.4996      882.9112   983843    0.27%
  10005  6441      880.9033   292      880.4996      882.9110   993268    0.27%
  10059  6465        cutoff            880.4996      882.9110   998609    0.27%
  10060  6466      882.4185   381      880.4996      882.9109   998758    0.27%
  10061  6467      882.4336   361      880.4996      882.9106   998951    0.27%
Elapsed time = 779.43 sec. (590437.75 ticks, tree = 228.86 MB, solutions = 1)
  10141  6525      881.8842   310      880.4996      882.9100  1004394    0.27%
  10253  6592      880.5212   228      880.4996      882.9098  1013192    0.27%
  10337  6635      882.6973   340      880.4996      882.9091  1020758    0.27%
  10435  6720      881.0395   334      880.4996      882.9086  1029095    0.27%
  10528  6766      880.8346   342      880.4996      882.9085  1037419    0.27%
  10639  6835      881.8583   343      880.4996      882.9073  1045200    0.27%
  10733  6886      881.3171   387      880.4996      882.9071  1053614    0.27%
  10809  6930      882.8942   348      880.4996      882.9058  1060222    0.27%
  10970  7031      881.3397   335      880.4996      882.9055  1068799    0.27%
  11113  7125      881.5995   321      880.4996      882.9048  1077191    0.27%
Elapsed time = 820.58 sec. (629151.67 ticks, tree = 254.50 MB, solutions = 1)
  11251  7205        cutoff            880.4996      882.9047  1086192    0.27%
  11348  7271      880.9868   279      880.4996      882.9043  1093735    0.27%
  11463  7353      881.8083   334      880.4996      882.9035  1102575    0.27%
  11591  7413      881.4695   312      880.4996      882.9035  1110985    0.27%
  11696  7448      882.5055   355      880.4996      882.9030  1118666    0.27%
  11792  7526      880.6571   300      880.4996      882.9030  1126828    0.27%
  11953  7608      882.1390   349      880.4996      882.9023  1135932    0.27%
  12078  7677      880.7195   331      880.4996      882.9018  1143803    0.27%
  12142  7715      880.6325   304      880.4996      882.9017  1150491    0.27%
  12247  7782      882.5223   326      880.4996      882.9010  1157747    0.27%
Elapsed time = 861.50 sec. (667892.42 ticks, tree = 276.93 MB, solutions = 1)
  12308  7837      880.5750   308      880.4996      882.9010  1165777    0.27%
  12416  7901      880.5436   320      880.4996      882.9006  1174033    0.27%
  12512  7956      881.8179   346      880.4996      882.9004  1181021    0.27%
  12571  7993      880.6602   266      880.4996      882.9004  1188920    0.27%
  12687  8053      882.8165   339      880.4996      882.8996  1196591    0.27%
  12779  8106      882.6782   341      880.4996      882.8992  1204678    0.27%
  12951  8278      881.3466   139      880.4996      882.8992  1212706    0.27%
  13095  8387      880.5316   260      880.4996      882.8976  1221656    0.27%
  13185  8438      881.0321   319      880.4996      882.8974  1228904    0.27%
  13272  8484      882.0438   361      880.4996      882.8972  1236117    0.27%
Elapsed time = 902.22 sec. (706756.88 ticks, tree = 293.02 MB, solutions = 1)
  13331  8543      881.0657   313      880.4996      882.8972  1244098    0.27%
  13438  8608      882.4265   335      880.4996      882.8962  1252314    0.27%
  13527  8667      880.7260   334      880.4996      882.8957  1260005    0.27%
  13659  8731      881.9111   326      880.4996      882.8957  1267815    0.27%
  13799  8802      880.9830   315      880.4996      882.8944  1275402    0.27%
  13895  8855      881.2132   354      880.4996      882.8938  1282003    0.27%
  14050  8928      880.5352   307      880.4996      882.8930  1289744    0.27%
  14117  8985      880.6637   333      880.4996      882.8925  1297014    0.27%
  14252  9059      882.0923   333      880.4996      882.8920  1304714    0.27%
  14373  9150      881.3539   334      880.4996      882.8916  1313457    0.27%
Elapsed time = 943.43 sec. (745393.36 ticks, tree = 319.35 MB, solutions = 1)
  14479  9217      881.2424   353      880.4996      882.8915  1321303    0.27%
  14584  9282      882.2857   264      880.4996      882.8912  1329781    0.27%
  14729  9373      881.8042   309      880.4996      882.8907  1338536    0.27%
  14856  9454      880.6515   295      880.4996      882.8901  1346751    0.27%
  14960  9534      881.2592   287      880.4996      882.8884  1354518    0.27%
  15089  9599      882.0080   319      880.4996      882.8874  1362182    0.27%
  15213  9654      880.8623   282      880.4996      882.8874  1370093    0.27%
  15309  9720      882.4358   344      880.4996      882.8863  1377672    0.27%
  15434  9809      880.7101   340      880.4996      882.8861  1386193    0.27%
  15572  9867      881.2660   320      880.4996      882.8860  1394381    0.27%
Elapsed time = 987.00 sec. (785642.09 ticks, tree = 347.75 MB, solutions = 1)
  15688  9939      881.9322   275      880.4996      882.8855  1402713    0.27%
  15819 10037      882.5416   215      880.4996      882.8851  1410743    0.27%
  16070 10265      882.3798   378      880.4996      882.8837  1419975    0.27%
  16197 10346        cutoff            880.4996      882.8833  1427005    0.27%
  16348 10408      880.5071   255      880.4996      882.8826  1435017    0.27%
  16427 10477      881.4694   276      880.4996      882.8817  1443019    0.27%
  16549 10549      880.5165   211      880.4996      882.8815  1451681    0.27%
  16665 10618      880.5190   174      880.4996      882.8815  1460215    0.27%
  16782 10681      881.1655   244      880.4996      882.8808  1467895    0.27%
  16943 10761      881.2591   348      880.4996      882.8800  1475393    0.27%
Elapsed time = 1030.34 sec. (824199.92 ticks, tree = 384.05 MB, solutions = 1)
  17074 10844      881.9461   363      880.4996      882.8799  1483521    0.27%
  17164 10925      880.5086   244      880.4996      882.8799  1492052    0.27%
  17247 10980      882.3038   363      880.4996      882.8797  1499553    0.27%
  17345 11038      881.7574   326      880.4996      882.8796  1507731    0.27%
  17455 11091      880.4997   232      880.4996      882.8796  1516436    0.27%
  17586 11163      880.5014   222      880.4996      882.8796  1522385    0.27%
  17726 11243      882.1623   243      880.4996      882.8771  1530304    0.27%
  17871 11320      882.1196   319      880.4996      882.8764  1539018    0.27%
  18019 11372      882.6358   352      880.4996      882.8758  1546633    0.27%
  18159 11423      881.2102   345      880.4996      882.8755  1554207    0.27%
Elapsed time = 1071.84 sec. (862758.31 ticks, tree = 409.50 MB, solutions = 1)
  18239 11466      880.6113   361      880.4996      882.8752  1561984    0.27%
  18374 11525      881.2046   319      880.4996      882.8750  1568646    0.27%
  18507 11608      880.5345   193      880.4996      882.8750  1577320    0.27%
  18640 11685      881.4986   282      880.4996      882.8746  1585706    0.27%
  18788 11766      880.8262   297      880.4996      882.8741  1594585    0.27%
  18945 11825      882.8734   333      880.4996      882.8739  1602533    0.27%
  19043 11901      882.0814   290      880.4996      882.8733  1610950    0.27%
  19153 11965      881.1810   326      880.4996      882.8730  1619445    0.27%
  19361 12118      881.8556   206      880.4996      882.8728  1626866    0.27%
  19559 12281      880.5512   174      880.4996      882.8726  1636227    0.27%
Elapsed time = 1114.85 sec. (901256.84 ticks, tree = 444.35 MB, solutions = 1)

Performing restart 2

Repeating presolve.
Tried aggregator 1 time.
MIP Presolve modified 107 coefficients.
Reduced MIP has 2853 rows, 3592 columns, and 24725 nonzeros.
Reduced MIP has 897 binaries, 895 generals, 0 SOSs, and 0 indicators.
Presolve time = 0.01 sec. (5.24 ticks)
Tried aggregator 1 time.
Reduced MIP has 2853 rows, 3592 columns, and 24725 nonzeros.
Reduced MIP has 897 binaries, 895 generals, 0 SOSs, and 0 indicators.
Presolve time = 0.01 sec. (5.20 ticks)
Represolve time = 0.15 sec. (68.56 ticks)
  19643     0      883.1084   298      880.4996      Cuts: 41  1645631    0.27%
  19643     0      883.1054   303      880.4996   MIRcuts: 19  1645708    0.27%
  19643     0      883.1038   298      880.4996      Cuts: 53  1645766    0.27%
  19643     0      883.1027   292      880.4996   MIRcuts: 11  1645820    0.27%
  19643     0      883.1014   308      880.4996      Cuts: 22  1645875    0.27%
  19643     0      883.1002   292      880.4996   MIRcuts: 12  1645912    0.27%
  19643     0      883.0992   293      880.4996   MIRcuts: 13  1645949    0.27%
  19643     0      883.0988   307      880.4996       Cuts: 8  1645971    0.27%
  19643     0      883.0980   296      880.4996   MIRcuts: 10  1645988    0.27%
  19643     0      883.0975   287      880.4996    MIRcuts: 9  1646021    0.27%
  19643     2      883.0975   287      880.4996      882.8725  1646021    0.27%
  19646     5      883.0704   291      880.4996      882.8725  1646691    0.27%
  19650     9      883.0253   248      880.4996      882.8725  1647184    0.27%
  19659    18      882.9830   215      880.4996      882.8725  1648171    0.27%
  19672    31      882.8469   199      880.4996      882.8725  1649220    0.27%
  19710    69      881.9866   128      880.4996      882.8725  1652331    0.27%
  19843   185      882.9386   228      880.4996      882.8725  1658967    0.27%
  19923   265      882.0896   107      880.4996      882.8725  1666449    0.27%
  20071   410      882.5689   264      880.4996      882.8725  1674455    0.27%
  20136   458      882.9388   252      880.4996      882.8725  1679124    0.27%
Elapsed time = 1158.96 sec. (947376.39 ticks, tree = 1.69 MB, solutions = 1)
  20196   510        cutoff            880.4996      882.8725  1686951    0.27%
  20277   567      881.4600   260      880.4996      882.8725  1696649    0.27%
  20423   679      882.5110   261      880.4996      882.8725  1706432    0.27%
  20546   802      881.4634   137      880.4996      882.8725  1715160    0.27%
  20713   935      882.5735   209      880.4996      882.8725  1724421    0.27%
  20955  1137      881.9167   266      880.4996      882.8725  1734443    0.27%
  21120  1275      882.4288   222      880.4996      882.8725  1743562    0.27%
  21253  1371      880.5377   151      880.4996      882.8725  1751268    0.27%
  21429  1483      880.5629   193      880.4996      882.8725  1759285    0.27%
  21557  1589      880.5172   147      880.4996      882.8725  1766833    0.27%
Elapsed time = 1202.83 sec. (985991.84 ticks, tree = 28.34 MB, solutions = 1)
  21696  1688      882.2818   223      880.4996      882.8725  1774476    0.27%
  21838  1783      880.7915   236      880.4996      882.8725  1782304    0.27%
  21993  1883      882.1660   232      880.4996      882.8725  1790522    0.27%
  22133  1989      880.6089   169      880.4996      882.8725  1798858    0.27%
  22324  2075      880.5814   229      880.4996      882.8725  1806510    0.27%
  22450  2162      880.6503   132      880.4996      882.8725  1813974    0.27%
  22605  2265      880.7358   187      880.4996      882.8725  1822449    0.27%
  22750  2331      882.9002   246      880.4996      882.8725  1830766    0.27%
  22883  2436      882.7944   258      880.4996      882.8725  1838627    0.27%
  23045  2594      880.7916   115      880.4996      882.8725  1848416    0.27%
Elapsed time = 1245.23 sec. (1024372.28 ticks, tree = 52.71 MB, solutions = 1)
  23233  2699      882.9574   227      880.4996      882.8725  1856980    0.27%
* 23489  2710      integral     0      880.5686      882.8725  1862556    0.26%
  23494  2715      881.6679   214      880.5686      882.8725  1863126    0.26%
  23636  2819      881.2993   197      880.5686      882.8725  1870975    0.26%
  23826  2937      880.5849   182      880.5686      882.8725  1879578    0.26%
  23948  3010      881.9282   278      880.5686      882.8725  1887889    0.26%
  24091  3125      882.6692   235      880.5686      882.8725  1896592    0.26%
  24284  3241      880.6269   180      880.5686      882.8725  1903200    0.26%
  24443  3365      880.9408   125      880.5686      882.8725  1911978    0.26%
  24611  3475      880.7314   221      880.5686      882.8725  1920737    0.26%
  24789  3597      880.6316   128      880.5686      882.8725  1929214    0.26%
Elapsed time = 1290.12 sec. (1062920.98 ticks, tree = 78.19 MB, solutions = 2)
  24990  3794      881.0717    24      880.5686      882.8725  1934292    0.26%
  25161  3906      880.5691   195      880.5686      882.8725  1941577    0.26%
  25271  3999      881.0069   198      880.5686      882.8725  1948728    0.26%
  25432  4088      881.7729   223      880.5686      882.8725  1955268    0.26%
  25573  4172      882.3561   243      880.5686      882.8725  1963274    0.26%
  25704  4265      881.7286   195      880.5686      882.8725  1970873    0.26%
  25871  4377      882.8506   250      880.5686      882.8725  1977686    0.26%
  26043  4509      882.4898   237      880.5686      882.8725  1984074    0.26%
  26185  4594      880.5997   174      880.5686      882.8725  1990974    0.26%
  26344  4690      880.7878   225      880.5686      882.8725  1997929    0.26%
Elapsed time = 1332.56 sec. (1101594.24 ticks, tree = 96.11 MB, solutions = 2)
  26473  4772      881.7745   197      880.5686      882.8725  2005784    0.26%
  26676  4873      881.1182   204      880.5686      882.8725  2012485    0.26%
  26821  4964      880.7232   184      880.5686      882.8725  2019754    0.26%
  26993  5057      882.8371   251      880.5686      882.8725  2026799    0.26%
  27125  5142        cutoff            880.5686      882.8725  2034497    0.26%
  27270  5245      882.7525   216      880.5686      882.8725  2041125    0.26%
  27523  5494      882.1366   272      880.5686      882.8725  2047978    0.26%
  27632  5583      880.5711   193      880.5686      882.8725  2055030    0.26%
  27728  5645      881.8558   258      880.5686      882.8725  2062014    0.26%
  27889  5724      882.0345   246      880.5686      882.8725  2069738    0.26%
Elapsed time = 1375.77 sec. (1140052.74 ticks, tree = 116.76 MB, solutions = 2)
  28014  5820      882.2136   179      880.5686      882.8725  2076692    0.26%
  28177  5967      881.2549   200      880.5686      882.8725  2084703    0.26%
  28342  6075      882.3660   268      880.5686      882.8725  2091736    0.26%
  28478  6162      882.9010   246      880.5686      882.8725  2099463    0.26%
  28798  6470      880.9117   198      880.5686      882.8725  2107372    0.26%
  28970  6569      882.4044   276      880.5686      882.8725  2113941    0.26%
  29090  6644      881.8935   249      880.5686      882.8725  2121924    0.26%
  29271  6771      880.5813   186      880.5686      882.8725  2129030    0.26%
  29401  6870      882.0271   195      880.5686      882.8725  2136613    0.26%
  29587  7004      881.6359   235      880.5686      882.8725  2144674    0.26%
Elapsed time = 1420.17 sec. (1178477.11 ticks, tree = 152.81 MB, solutions = 2)
  29725  7092      881.6778   208      880.5686      882.8725  2152628    0.26%
  29910  7241      881.8609   158      880.5686      882.8725  2159532    0.26%
  30114  7416      882.2946   223      880.5686      882.8725  2168299    0.26%
  30292  7564      881.5324   239      880.5686      882.8725  2176585    0.26%
  30445  7667      880.7105   175      880.5686      882.8725  2182598    0.26%
  30559  7730      882.5224   272      880.5686      882.8725  2190224    0.26%
  30702  7822      881.8456   250      880.5686      882.8725  2197724    0.26%
  30888  7949      880.5999   205      880.5686      882.8725  2204969    0.26%
  31068  8075      882.2964   229      880.5686      882.8725  2212137    0.26%
  31243  8229      881.4216    93      880.5686      882.8725  2220048    0.26%
Elapsed time = 1464.33 sec. (1216848.33 ticks, tree = 177.05 MB, solutions = 2)
* 31354  8295      integral     0      880.5718      882.8725  2222182    0.26%
  31469  8361      880.6657   144      880.5718      882.8725  2227106    0.26%
  31580  8431      881.7599   238      880.5718      882.8725  2234307    0.26%
  31692  8528      880.6645   142      880.5718      882.8725  2241091    0.26%
  31874  8639      881.9554   229      880.5718      882.8725  2248760    0.26%
  32004  8728      880.5825   110      880.5718      882.8725  2256859    0.26%
  32177  8817      882.8465   265      880.5718      882.8725  2264147    0.26%
  32317  8895      880.5803   172      880.5718      882.8725  2271661    0.26%
  32461  8979      880.7688   214      880.5718      882.8725  2279771    0.26%
  32570  9060      881.6086   215      880.5718      882.8725  2287193    0.26%
  32723  9157      882.6539   226      880.5718      882.8725  2294370    0.26%
Elapsed time = 1507.38 sec. (1255335.05 ticks, tree = 193.59 MB, solutions = 3)
  32870  9248      881.8212   226      880.5718      882.8725  2302254    0.26%
  33043  9343      880.6870   207      880.5718      882.8725  2309939    0.26%
  33193  9421      882.3151   220      880.5718      882.8725  2318063    0.26%
  33343  9512      881.8821   248      880.5718      882.8725  2325865    0.26%
  33462  9601      881.3700   203      880.5718      882.8725  2333677    0.26%
  33618  9685      881.9665   240      880.5718      882.8725  2340935    0.26%
  33813  9850      881.0029    90      880.5718      882.8725  2347412    0.26%
  33995  9988      882.8907   262      880.5718      882.8725  2354928    0.26%
  34151 10096      880.7975   257      880.5718      882.8725  2362008    0.26%
  34269 10145      880.7401   217      880.5718      882.8725  2370215    0.26%
Elapsed time = 1550.38 sec. (1293973.56 ticks, tree = 212.39 MB, solutions = 3)
  34456 10247      880.6055   132      880.5718      882.8725  2377287    0.26%
  34639 10341      880.7764   259      880.5718      882.8725  2384034    0.26%
  34795 10443      881.8968   255      880.5718      882.8725  2391218    0.26%
  34944 10540      880.7297   185      880.5718      882.8725  2398734    0.26%
  35180 10760      880.8774    72      880.5718      882.8725  2405776    0.26%
  35336 10880      881.0515   214      880.5718      882.8725  2413245    0.26%
  35523 10986      882.1162   226      880.5718      882.8725  2420395    0.26%
  35710 11126      880.8303   204      880.5718      882.8725  2426587    0.26%
  35869 11209      881.7853   244      880.5718      882.8725  2433800    0.26%
  36048 11316      881.7370   174      880.5718      882.8725  2439976    0.26%
Elapsed time = 1594.39 sec. (1332297.92 ticks, tree = 239.27 MB, solutions = 3)
  36212 11429      880.7785   212      880.5718      882.8725  2447636    0.26%
  36498 11681      881.3386   248      880.5718      882.8725  2455297    0.26%
  36677 11777      881.1727   224      880.5718      882.8725  2462534    0.26%
  36839 11870      881.9975   201      880.5718      882.8725  2470420    0.26%
  37001 11978      881.4203   206      880.5718      882.8725  2477367    0.26%
  37123 12069      881.4604   226      880.5718      882.8725  2484855    0.26%
  37273 12141      880.7873   189      880.5718      882.8725  2492676    0.26%
  37397 12243      881.4219   201      880.5718      882.8725  2500515    0.26%
  37584 12394      881.5754   119      880.5718      882.8725  2507966    0.26%
  37815 12565      881.4715   212      880.5718      882.8725  2516295    0.26%
Elapsed time = 1638.45 sec. (1370702.72 ticks, tree = 263.04 MB, solutions = 3)
  37963 12644      881.8398   234      880.5718      882.8725  2523639    0.26%
  38112 12715      880.6445   195      880.5718      882.8725  2532193    0.26%
  38227 12800      881.6590   227      880.5718      882.8725  2540017    0.26%
  38358 12890      880.6231   165      880.5718      882.8725  2548089    0.26%
  38493 12973      880.6991   192      880.5718      882.8725  2554892    0.26%
  38650 13060      880.6229   165      880.5718      882.8725  2562402    0.26%
  38814 13169      881.5352   241      880.5718      882.8725  2569539    0.26%
  38993 13292      880.6276   199      880.5718      882.8725  2575908    0.26%
  39143 13399        cutoff            880.5718      882.8725  2583336    0.26%
  39298 13480      880.5993   138      880.5718      882.8725  2590368    0.26%
Elapsed time = 1679.87 sec. (1409132.71 ticks, tree = 278.31 MB, solutions = 3)
  39437 13572      880.5806   222      880.5718      882.8725  2597245    0.26%
  39567 13662      880.9935   230      880.5718      882.8718  2604798    0.26%
  39713 13737      882.5730   257      880.5718      882.8714  2612680    0.26%
  39988 13983      882.2309   234      880.5718      882.8707  2620093    0.26%
  40135 14077        cutoff            880.5718      882.8706  2627697    0.26%
  40287 14175      881.8393   263      880.5718      882.8705  2634810    0.26%
  40448 14252      882.3218   263      880.5718      882.8704  2642435    0.26%
  40595 14338      882.3294   220      880.5718      882.8699  2649979    0.26%
  40816 14465      880.5782    99      880.5718      882.8698  2657223    0.26%
  40981 14578        cutoff            880.5718      882.8692  2663834    0.26%
Elapsed time = 1722.75 sec. (1447623.19 ticks, tree = 300.09 MB, solutions = 3)
  41161 14705      882.0124   131      880.5718      882.8688  2670865    0.26%
  41353 14884      880.8531   249      880.5718      882.8686  2678474    0.26%
  41532 14989      880.7147   194      880.5718      882.8677  2685898    0.26%
  41677 15067      880.6561   226      880.5718      882.8675  2693250    0.26%
  41848 15177      880.8100   237      880.5718      882.8669  2699566    0.26%
  41987 15269      882.3906   198      880.5718      882.8667  2706621    0.26%
  42187 15360      881.9842   270      880.5718      882.8660  2714383    0.26%
  42292 15432      880.6354   170      880.5718      882.8658  2722144    0.26%
  42515 15636      881.2658   255      880.5718      882.8657  2729253    0.26%
  42653 15749      880.7205   207      880.5718      882.8653  2737431    0.26%
Elapsed time = 1765.98 sec. (1486085.63 ticks, tree = 324.72 MB, solutions = 3)
  42792 15845      880.7660   188      880.5718      882.8650  2744956    0.26%
  42988 15949      880.5957   129      880.5718      882.8647  2752206    0.26%
  43174 16064      882.1693   230      880.5718      882.8642  2758734    0.26%
  43309 16160      882.0853   268      880.5718      882.8638  2766184    0.26%
  43470 16265      881.4566   198      880.5718      882.8635  2774084    0.26%
  43730 16497      880.5833   202      880.5718      882.8633  2781707    0.26%
  43884 16599      882.0305   190      880.5718      882.8625  2789254    0.26%
  44054 16696      880.7092   192      880.5718      882.8624  2797067    0.26%
  44229 16809      880.8167   173      880.5718      882.8621  2804850    0.26%
  44367 16882      881.3834   273      880.5718      882.8616  2812974    0.26%
Elapsed time = 1809.18 sec. (1524402.30 ticks, tree = 355.89 MB, solutions = 3)
  44472 16943      880.6052   185      880.5718      882.8613  2820605    0.26%
  44645 17054      881.2703   201      880.5718      882.8608  2827410    0.26%
  44803 17147      882.4017   221      880.5718      882.8606  2834819    0.26%
  44973 17256      880.9202   259      880.5718      882.8602  2842305    0.26%
  45157 17364        cutoff            880.5718      882.8596  2849821    0.26%
  45318 17462      880.6463   206      880.5718      882.8592  2857088    0.26%
  45489 17546      882.4519   225      880.5718      882.8587  2864821    0.26%
  45643 17673      880.7466   180      880.5718      882.8586  2871854    0.26%
  45836 17838      881.0747    91      880.5718      882.8583  2879418    0.26%
  46012 17975      881.0771   255      880.5718      882.8582  2888343    0.26%
Elapsed time = 1852.12 sec. (1562653.48 ticks, tree = 387.95 MB, solutions = 3)
  46190 18083      882.2641   237      880.5718      882.8578  2894951    0.26%
  46368 18223      881.8989   198      880.5718      882.8577  2902650    0.26%
  46533 18298      881.8801   260      880.5718      882.8575  2909817    0.26%
  46687 18363      881.8320   253      880.5718      882.8572  2917026    0.26%
  46860 18439      880.7038   250      880.5718      882.8571  2923685    0.26%
  47008 18527      881.8686   191      880.5718      882.8567  2930702    0.26%
  47280 18780      880.8054    34      880.5718      882.8564  2938663    0.26%
  47438 18869      882.5203   223      880.5718      882.8559  2946044    0.26%
  47623 18966      880.9537   182      880.5718      882.8555  2953969    0.26%
  47775 19056      881.6318   228      880.5718      882.8549  2961423    0.26%
Elapsed time = 1894.98 sec. (1600945.05 ticks, tree = 418.41 MB, solutions = 3)
  47959 19142      881.8690   248      880.5718      882.8545  2968872    0.26%
  48120 19228      882.0180   210      880.5718      882.8543  2976237    0.26%
  48325 19399      881.2730   106      880.5718      882.8540  2983163    0.26%
  48503 19533      882.6607   272      880.5718      882.8538  2990142    0.26%
  48646 19612      880.5774   166      880.5718      882.8537  2997812    0.26%
  48817 19731      882.3834   252      880.5718      882.8529  3004842    0.26%
  48933 19824      880.7528   254      880.5718      882.8527  3012443    0.26%
  49131 19932      881.9867   178      880.5718      882.8524  3019759    0.26%
  49314 20042      880.6151   175      880.5718      882.8519  3026848    0.26%
  49432 20134      881.2544   219      880.5718      882.8518  3035216    0.26%
Elapsed time = 1937.70 sec. (1639232.48 ticks, tree = 436.37 MB, solutions = 3)
  49720 20387      882.4369   266      880.5718      882.8517  3041938    0.26%
  49870 20466      880.7062   225      880.5718      882.8515  3049480    0.26%
  50026 20546      880.6944   159      880.5718      882.8513  3057566    0.26%
  50178 20624      880.5877   207      880.5718      882.8510  3065236    0.26%
  50314 20708      880.5952   161      880.5718      882.8508  3072821    0.26%
  50440 20779      881.8753   216      880.5718      882.8506  3079969    0.26%
  50597 20878      880.8535   236      880.5718      882.8503  3087509    0.26%
  50731 20976      881.1532   257      880.5718      882.8501  3095014    0.26%
  50859 21058      880.9343   216      880.5718      882.8500  3101922    0.26%
  51008 21136      881.9199   268      880.5718      882.8498  3109464    0.26%
Elapsed time = 1980.98 sec. (1677714.79 ticks, tree = 459.46 MB, solutions = 3)
  51178 21237      880.5808   117      880.5718      882.8498  3117856    0.26%
  51313 21333      882.3256   269      880.5718      882.8493  3125005    0.26%
  51452 21434      880.6076   163      880.5718      882.8491  3131810    0.26%
  51586 21521      881.4168   232      880.5718      882.8487  3138554    0.26%
  51748 21613      881.6469   242      880.5718      882.8481  3146039    0.26%
  51975 21829      880.7086    68      880.5718      882.8480  3152996    0.26%
  52110 21920      881.2860   202      880.5718      882.8474  3160217    0.26%
  52270 22004      882.0825   181      880.5718      882.8472  3167834    0.26%
  52437 22096      880.7441   186      880.5718      882.8467  3175435    0.26%
  52555 22166      880.7342   200      880.5718      882.8465  3183555    0.26%
Elapsed time = 2023.92 sec. (1716031.05 ticks, tree = 473.95 MB, solutions = 3)
  52713 22243      882.3104   228      880.5718      882.8459  3190819    0.26%
  52857 22354      880.7986   147      880.5718      882.8458  3199309    0.26%
  53030 22476      882.3941   192      880.5718      882.8453  3206775    0.26%
  53295 22703      880.6016   147      880.5718      882.8453  3213734    0.26%
  53422 22788      880.6251   210      880.5718      882.8450  3221752    0.26%
  53577 22883      881.7327   233      880.5718      882.8447  3228581    0.26%
  53730 22973      882.0459   262      880.5718      882.8443  3236334    0.26%
  53852 23042        cutoff            880.5718      882.8441  3244104    0.26%
  54014 23146      882.1571   216      880.5718      882.8433  3251216    0.26%
  54174 23234      881.1099   232      880.5718      882.8430  3259018    0.26%
Elapsed time = 2067.32 sec. (1754480.31 ticks, tree = 497.95 MB, solutions = 3)
  54403 23429      881.0336    83      880.5718      882.8430  3266320    0.26%
  54563 23556      882.4558   198      880.5718      882.8428  3273672    0.26%
  54713 23656      882.2865   215      880.5718      882.8426  3282256    0.26%
  54867 23738      880.5872   168      880.5718      882.8422  3290178    0.26%
  55006 23823      881.2937   228      880.5718      882.8421  3297668    0.26%
  55178 23914      882.6792   267      880.5718      882.8420  3305111    0.26%
  55275 23999      882.1384   236      880.5718      882.8419  3311876    0.26%
  55431 24098      880.6492   233      880.5718      882.8414  3319047    0.26%
  55563 24174      882.3397   250      880.5718      882.8412  3326326    0.26%
  55791 24391      880.6144   186      880.5718      882.8411  3333191    0.26%
Elapsed time = 2110.84 sec. (1792839.89 ticks, tree = 529.37 MB, solutions = 3)
  55921 24483      881.5715   173      880.5718      882.8408  3341552    0.26%
  56074 24567      880.5740   168      880.5718      882.8407  3349024    0.26%
  56191 24652      880.9536   220      880.5718      882.8405  3356991    0.26%
  56379 24780      880.9544   208      880.5718      882.8403  3364028    0.26%
  56542 24875      880.6157   178      880.5718      882.8401  3370954    0.26%
  56687 24961      882.1118   260      880.5718      882.8396  3378019    0.26%
  56815 25045      880.5923   259      880.5718      882.8392  3385471    0.26%
  56993 25128        cutoff            880.5718      882.8390  3392617    0.26%
  57175 25222      882.1083   218      880.5718      882.8389  3399554    0.26%
  57295 25309      881.5203   283      880.5718      882.8386  3407221    0.26%
Elapsed time = 2153.34 sec. (1831340.01 ticks, tree = 551.92 MB, solutions = 3)
  57449 25412      880.7246   163      880.5718      882.8385  3414691    0.26%
  57633 25519      882.5352   242      880.5718      882.8380  3421463    0.26%
  57773 25623      881.0017   182      880.5718      882.8379  3429089    0.26%
  57965 25734      880.7100   186      880.5718      882.8379  3437083    0.26%
  58137 25895      881.1631   102      880.5718      882.8378  3443454    0.26%
  58296 26031      880.6036   214      880.5718      882.8378  3451719    0.26%
  58426 26089      882.7631   255      880.5718      882.8375  3458923    0.26%
  58535 26176      880.5727   148      880.5718      882.8375  3466332    0.26%
  58706 26289      880.7588   202      880.5718      882.8371  3473767    0.26%
  58828 26369      882.7974   251      880.5718      882.8370  3481913    0.26%
Elapsed time = 2196.37 sec. (1869713.79 ticks, tree = 569.16 MB, solutions = 3)
  58964 26446      882.3089   256      880.5718      882.8368  3489788    0.26%
  59067 26519      880.5827   215      880.5718      882.8368  3497274    0.26%
  59247 26649      882.2543   146      880.5718      882.8366  3503991    0.26%
  59518 26871      882.3300   202      880.5718      882.8364  3511839    0.26%
  59673 26962      880.7810   218      880.5718      882.8360  3519571    0.26%
  59839 27051      881.6138   220      880.5718      882.8357  3527590    0.26%
  59998 27147      881.9678   290      880.5718      882.8354  3535101    0.26%
  60132 27234      880.6177   200      880.5718      882.8354  3542697    0.26%
  60263 27313      880.8483   233      880.5718      882.8352  3549551    0.26%
  60443 27435      881.9960   113      880.5718      882.8350  3556233    0.26%
Elapsed time = 2239.88 sec. (1908375.79 ticks, tree = 585.45 MB, solutions = 3)
  60693 27632      880.6739   189      880.5718      882.8348  3563746    0.26%
  60809 27700      880.8138   231      880.5718      882.8346  3572438    0.26%
  60980 27810      880.7368   182      880.5718      882.8343  3578980    0.26%
  61203 27954      882.3537   229      880.5718      882.8342  3586021    0.26%
  61331 28040      880.7152   201      880.5718      882.8339  3592039    0.26%
  61519 28162      880.5916   143      880.5718      882.8335  3599376    0.26%
  61675 28289      882.7116   209      880.5718      882.8332  3607519    0.26%
* 61920 24802      integral     0      880.6604      882.8332  3613706    0.25%
  61956 24829      880.8508   202      880.6604      882.8330  3615132    0.25%
  62124 24924      880.7561   135      880.6604      882.8327  3621819    0.25%
  62312 25031      880.6781   145      880.6604      882.8324  3629086    0.25%
Elapsed time = 2285.34 sec. (1946695.38 ticks, tree = 547.58 MB, solutions = 4)
  62487 25125      882.3497   241      880.6604      882.8320  3635921    0.25%
  62665 25231      882.4489   309      880.6604      882.8317  3642709    0.25%
  62780 25318      881.8359   248      880.6604      882.8315  3650903    0.25%
  62934 25421      880.8171   151      880.6604      882.8312  3658102    0.25%
  63092 25517      880.7089   134      880.6604      882.8311  3665805    0.25%
  63278 25626      882.3210   253      880.6604      882.8308  3672178    0.25%
  63413 25729      881.3987   211      880.6604      882.8306  3680038    0.25%
  63586 25826      882.0425   225      880.6604      882.8304  3687142    0.25%
  63769 25926      882.7453   252      880.6604      882.8301  3694604    0.25%
  63902 26022      881.3928   244      880.6604      882.8301  3702630    0.25%
Elapsed time = 2328.45 sec. (1985055.59 ticks, tree = 574.80 MB, solutions = 4)
  64065 26140      882.4530   170      880.6604      882.8300  3708496    0.25%
  64326 26391      881.7488   223      880.6604      882.8298  3715826    0.25%
  64497 26497      880.9436   231      880.6604      882.8297  3721555    0.25%
  64673 26599      880.7208   119      880.6604      882.8296  3729253    0.25%
  64843 26685      882.7543   242      880.6604      882.8295  3735489    0.25%
  65007 26776      881.3642   235      880.6604      882.8293  3742085    0.25%
  65151 26849      882.1879   207      880.6604      882.8291  3749417    0.25%
  65316 26955      880.7340   148      880.6604      882.8289  3756506    0.25%
  65584 27192      882.1501   267      880.6604      882.8284  3762996    0.25%
  65718 27271      882.0307   231      880.6604      882.8283  3770404    0.25%
Elapsed time = 2373.32 sec. (2023459.03 ticks, tree = 601.52 MB, solutions = 4)
  65872 27368      882.4641   251      880.6604      882.8279  3777888    0.25%
  66002 27445      880.7093   208      880.6604      882.8278  3785282    0.25%
  66134 27538      881.6269   222      880.6604      882.8276  3792232    0.25%
  66265 27609      881.1186   213      880.6604      882.8271  3799287    0.25%
  66408 27693      880.7889   169      880.6604      882.8268  3807807    0.25%
  66663 27875      881.6033    86      880.6604      882.8267  3813901    0.25%
  66893 28048      881.9770   261      880.6604      882.8263  3822086    0.25%
  67010 28134      880.6746   142      880.6604      882.8263  3831189    0.25%
  67123 28192      882.3023   296      880.6604      882.8259  3838682    0.25%
  67224 28260      880.7948   226      880.6604      882.8259  3846125    0.25%
Elapsed time = 2416.54 sec. (2062011.95 ticks, tree = 621.78 MB, solutions = 4)
  67377 28349      880.6799   167      880.6604      882.8255  3853924    0.25%
  67557 28462      880.6732   118      880.6604      882.8254  3861372    0.25%
  67735 28569      882.3100   261      880.6604      882.8249  3868325    0.25%
  67873 28649      880.6737   216      880.6604      882.8248  3876633    0.25%
  68043 28794      881.3943   112      880.6604      882.8248  3883679    0.25%
  68240 28941      881.9695   214      880.6604      882.8246  3891966    0.25%
  68383 29016      881.4958   248      880.6604      882.8245  3899243    0.25%
  68504 29081      880.7047   161      880.6604      882.8245  3906671    0.25%
  68654 29153      880.6940   139      880.6604      882.8244  3914873    0.25%
  68821 29243      881.0239   232      880.6604      882.8240  3921498    0.25%
Elapsed time = 2460.39 sec. (2100447.66 ticks, tree = 640.35 MB, solutions = 4)
  68925 29328      880.8105   219      880.6604      882.8240  3929198    0.25%
  69089 29418      881.1000   229      880.6604      882.8239  3936373    0.25%
  69219 29512      880.7336   200      880.6604      882.8238  3944317    0.25%
  69325 29576      880.7231   203      880.6604      882.8234  3950250    0.25%
  69480 29649      881.9111   239      880.6604      882.8228  3957886    0.25%
  69608 29725      882.3469   230      880.6604      882.8227  3965233    0.25%
  69757 29822      881.9698   199      880.6604      882.8224  3972232    0.25%
  69909 29930      880.7074   147      880.6604      882.8224  3979475    0.25%
  70045 29994      882.2868   197      880.6604      882.8222  3985868    0.25%
  70324 30252      880.6682    42      880.6604      882.8221  3993608    0.25%
Elapsed time = 2503.47 sec. (2138762.99 ticks, tree = 660.56 MB, solutions = 4)
  70510 30340      880.7691   190      880.6604      882.8219  4000698    0.25%
  70700 30445      882.3338   221      880.6604      882.8217  4007726    0.25%
  70842 30525      881.1385   214      880.6604      882.8216  4015298    0.25%
  70992 30596      882.3767   272      880.6604      882.8212  4023151    0.25%
  71136 30664      882.4099   219      880.6604      882.8211  4030973    0.25%
  71315 30775      882.0995   177      880.6604      882.8208  4037307    0.25%
  71551 30992      882.1031   209      880.6604      882.8205  4044710    0.25%
  71703 31075      881.2011   267      880.6604      882.8202  4051555    0.25%
  71860 31164      882.2469   198      880.6604      882.8199  4058040    0.25%
  72039 31277      881.8941   267      880.6604      882.8195  4065865    0.25%
Elapsed time = 2547.53 sec. (2177275.24 ticks, tree = 677.70 MB, solutions = 4)
  72178 31370      881.9303   257      880.6604      882.8194  4072250    0.25%
  72366 31502      880.7017   203      880.6604      882.8194  4078973    0.25%
  72483 31568      880.8406   226      880.6604      882.8193  4085504    0.25%
  72770 31825      882.3782   233      880.6604      882.8191  4092207    0.25%
  72887 31911      881.4964   244      880.6604      882.8188  4098731    0.25%
  73046 31994      880.8074   223      880.6604      882.8184  4105491    0.25%
  73180 32061      882.0298   273      880.6604      882.8178  4113509    0.24%
  73345 32151      881.0883   261      880.6604      882.8175  4120228    0.24%
  73503 32220      880.6976   227      880.6604      882.8172  4127270    0.24%
  73668 32307      882.0476   282      880.6604      882.8169  4134958    0.24%
Elapsed time = 2591.29 sec. (2215640.72 ticks, tree = 707.14 MB, solutions = 4)
  73806 32393      882.2588   244      880.6604      882.8169  4141765    0.24%
  74035 32576      881.7591   209      880.6604      882.8168  4148825    0.24%
  74167 32662      880.6755   232      880.6604      882.8165  4155840    0.24%
  74312 32743      880.7990   182      880.6604      882.8162  4163323    0.24%
  74456 32843      880.9517   187      880.6604      882.8161  4170545    0.24%
  74659 32956      880.6801   100      880.6604      882.8159  4177926    0.24%
  74825 33051      882.4320   212      880.6604      882.8157  4185742    0.24%
  74955 33127      880.7323   174      880.6604      882.8155  4192777    0.24%
  75103 33213      882.5273   197      880.6604      882.8153  4201317    0.24%
  75284 33335        cutoff            880.6604      882.8152  4208231    0.24%
Elapsed time = 2634.79 sec. (2253979.02 ticks, tree = 728.46 MB, solutions = 4)
  75415 33414      881.3526   255      880.6604      882.8148  4215426    0.24%
  75556 33497      882.2628   209      880.6604      882.8146  4223279    0.24%
  75719 33595      881.8491   226      880.6604      882.8144  4230748    0.24%
  75852 33671      882.0289   222      880.6604      882.8142  4237284    0.24%
  76004 33766      880.6637   212      880.6604      882.8140  4245186    0.24%
  76195 33927      881.4111   114      880.6604      882.8140  4252465    0.24%
  76389 34086      880.6740   159      880.6604      882.8138  4260354    0.24%
  76525 34184      881.3684   192      880.6604      882.8133  4266718    0.24%
  76697 34316      881.3101   214      880.6604      882.8130  4274912    0.24%
  76875 34419      880.7042   132      880.6604      882.8129  4281986    0.24%
Elapsed time = 2678.24 sec. (2292251.58 ticks, tree = 754.13 MB, solutions = 4)
  77029 34518      881.2802   223      880.6604      882.8125  4288902    0.24%
  77175 34607      882.2892   234      880.6604      882.8124  4297109    0.24%
  77284 34681      881.8924   281      880.6604      882.8123  4303750    0.24%
  77541 34909      882.5424   251      880.6604      882.8122  4311415    0.24%
  77704 35007      881.0844   191      880.6604      882.8118  4317197    0.24%
  77827 35095      880.9977   234      880.6604      882.8116  4325049    0.24%
  77993 35185      880.7995   224      880.6604      882.8114  4332682    0.24%
  78115 35256      880.7192   165      880.6604      882.8114  4338809    0.24%
  78302 35356      880.6915   207      880.6604      882.8111  4345762    0.24%
  78437 35413      882.6576   185      880.6604      882.8106  4353136    0.24%
Elapsed time = 2721.41 sec. (2330737.88 ticks, tree = 779.10 MB, solutions = 4)
  78704 35660      881.7895   219      880.6604      882.8105  4359702    0.24%
  78825 35740      881.1504   214      880.6604      882.8104  4367521    0.24%
  79018 35837      882.7649   243      880.6604      882.8102  4374970    0.24%
  79176 35943      882.4444   268      880.6604      882.8101  4382986    0.24%
  79348 36031      880.6733   209      880.6604      882.8099  4389344    0.24%
  79460 36119      881.3689   233      880.6604      882.8098  4396466    0.24%
  79616 36219      882.3356   265      880.6604      882.8096  4404089    0.24%
  79762 36299      882.5349   189      880.6604      882.8094  4410245    0.24%
  79931 36451      881.8795   117      880.6604      882.8093  4417548    0.24%
  80217 36673      882.0210   239      880.6604      882.8091  4425353    0.24%
Elapsed time = 2766.21 sec. (2369118.04 ticks, tree = 808.31 MB, solutions = 4)
  80380 36800      880.8713   234      880.6604      882.8089  4432304    0.24%
  80540 36884      880.7902   193      880.6604      882.8086  4439318    0.24%
  80689 36972      880.6818   125      880.6604      882.8084  4446465    0.24%
  80814 37048      882.7998   230      880.6604      882.8080  4453600    0.24%
  80982 37158      882.5194   237      880.6604      882.8074  4459845    0.24%
  81138 37281      881.0683   190      880.6604      882.8073  4467512    0.24%
  81331 37399      882.7764   275      880.6604      882.8071  4474699    0.24%
  81474 37485      880.6799   159      880.6604      882.8070  4483207    0.24%
  81623 37570      882.8028   175      880.6604      882.8067  4489871    0.24%
  81775 37687      881.8611   203      880.6604      882.8066  4496042    0.24%
Elapsed time = 2809.35 sec. (2407535.21 ticks, tree = 832.77 MB, solutions = 4)
  81906 37781      881.4332   220      880.6604      882.8064  4503824    0.24%
  82074 37868        cutoff            880.6604      882.8061  4511015    0.24%
  82347 38117      881.8215   282      880.6604      882.8058  4517985    0.24%
  82496 38197      882.0112   268      880.6604      882.8057  4525196    0.24%
  82652 38287      882.2719   277      880.6604      882.8056  4533223    0.24%
  82799 38376      880.6605   203      880.6604      882.8056  4540143    0.24%
  82923 38446      881.5437   240      880.6604      882.8055  4547487    0.24%
  83062 38546      882.1200   209      880.6604      882.8052  4554700    0.24%
  83243 38656      882.1418   216      880.6604      882.8049  4561353    0.24%
  83509 38877        cutoff            880.6604      882.8048  4568171    0.24%
Elapsed time = 2854.10 sec. (2446114.67 ticks, tree = 856.34 MB, solutions = 4)
  83657 38963      881.6083   237      880.6604      882.8047  4575618    0.24%
  83802 39060      880.8108   227      880.6604      882.8047  4583188    0.24%
  83972 39151      880.7354   234      880.6604      882.8043  4590562    0.24%
  84108 39237      880.8488   214      880.6604      882.8042  4598028    0.24%
  84276 39331      880.7363   200      880.6604      882.8039  4605088    0.24%
  84443 39432      882.2263   243      880.6604      882.8037  4612768    0.24%
  84650 39613      881.2662   103      880.6604      882.8037  4619997    0.24%
  84815 39740      882.2534   225      880.6604      882.8036  4627814    0.24%
  84966 39837      880.7411   230      880.6604      882.8034  4635450    0.24%
  85125 39919      881.8493   252      880.6604      882.8033  4642936    0.24%
Elapsed time = 2897.94 sec. (2484589.01 ticks, tree = 882.44 MB, solutions = 4)
  85295 40008      880.6744   132      880.6604      882.8031  4650092    0.24%
  85427 40099      881.3769   223      880.6604      882.8030  4657956    0.24%
  85569 40184        cutoff            880.6604      882.8028  4665262    0.24%
  85666 40256      881.7899   215      880.6604      882.8026  4671418    0.24%
  85848 40409      882.1433   183      880.6604      882.8026  4678409    0.24%
  86104 40636      880.7753   176      880.6604      882.8026  4685383    0.24%
  86328 40775      880.6750   120      880.6604      882.8025  4693247    0.24%
  86491 40870      882.2108   245      880.6604      882.8023  4700014    0.24%
  86632 40962      882.4924   248      880.6604      882.8022  4707982    0.24%
  86789 41047      881.6873   213      880.6604      882.8021  4715478    0.24%
Elapsed time = 2941.06 sec. (2522838.29 ticks, tree = 902.18 MB, solutions = 4)
  86919 41134      880.7750   184      880.6604      882.8019  4723267    0.24%
  87048 41210      881.8020   210      880.6604      882.8016  4731121    0.24%
  87198 41322      882.7303   209      880.6604      882.8015  4738018    0.24%
  87347 41423      881.0929   184      880.6604      882.8014  4744704    0.24%
  87530 41524      880.9108   199      880.6604      882.8010  4752136    0.24%
  87673 41593      881.9297   219      880.6604      882.8010  4759563    0.24%
  87809 41663      880.6733   191      880.6604      882.8009  4767577    0.24%
  87984 41756      882.7662   194      880.6604      882.8005  4775418    0.24%
  88151 41844      881.6662   264      880.6604      882.8004  4782598    0.24%
  88371 42048      880.8790    71      880.6604      882.8004  4788935    0.24%
Elapsed time = 2983.86 sec. (2561331.27 ticks, tree = 920.66 MB, solutions = 4)
  88493 42152      880.7315   153      880.6604      882.8004  4797749    0.24%
  88687 42246      882.3342   271      880.6604      882.8002  4804288    0.24%
  88845 42338      882.7198   215      880.6604      882.7998  4810865    0.24%
  88978 42425      881.6562   238      880.6604      882.7997  4818709    0.24%
  89128 42519      880.7505   187      880.6604      882.7996  4826418    0.24%
  89249 42603      881.3943   203      880.6604      882.7996  4833682    0.24%
  89481 42747      882.2919   162      880.6604      882.7996  4840995    0.24%
  89747 42988      880.9606   187      880.6604      882.7995  4848714    0.24%
  89900 43062      882.4978   180      880.6604      882.7994  4856920    0.24%
  90093 43175      881.2520   212      880.6604      882.7992  4863655    0.24%
Elapsed time = 3027.98 sec. (2599613.90 ticks, tree = 950.53 MB, solutions = 4)
  90311 43313      881.5675   200      880.6604      882.7991  4870282    0.24%
  90479 43407      882.2208   238      880.6604      882.7988  4877488    0.24%
  90621 43495      881.8544   250      880.6604      882.7987  4885029    0.24%
  90851 43702      880.6746    53      880.6604      882.7986  4892114    0.24%
  91000 43818      881.2500   181      880.6604      882.7984  4899306    0.24%
  91196 43910        cutoff            880.6604      882.7982  4906498    0.24%
  91384 44024      881.4515   163      880.6604      882.7980  4913911    0.24%
  91546 44102      882.2259   308      880.6604      882.7978  4920901    0.24%
  91675 44178      881.6381   182      880.6604      882.7977  4927587    0.24%
  91802 44246      882.3062   289      880.6604      882.7975  4934933    0.24%
Elapsed time = 3071.07 sec. (2638062.84 ticks, tree = 980.82 MB, solutions = 4)
  92065 44503      881.1502   239      880.6604      882.7975  4942584    0.24%
  92208 44588      882.1763   199      880.6604      882.7970  4949822    0.24%
  92356 44666      881.0599   233      880.6604      882.7970  4957610    0.24%
  92472 44753      880.6672   162      880.6604      882.7969  4964990    0.24%
  92625 44856      882.6807   254      880.6604      882.7965  4972259    0.24%
  92767 44931      880.7042   217      880.6604      882.7962  4979914    0.24%
  92943 45050      881.6053   184      880.6604      882.7960  4986233    0.24%
  93113 45154      880.7234   239      880.6604      882.7959  4993976    0.24%
  93235 45247      881.3862   226      880.6604      882.7957  5001645    0.24%
  93420 45342      881.2616   188      880.6604      882.7955  5008436    0.24%
Elapsed time = 3114.35 sec. (2676592.69 ticks, tree = 999.63 MB, solutions = 4)
  93567 45442      880.7736   176      880.6604      882.7954  5016606    0.24%
  93721 45522      881.3562   235      880.6604      882.7952  5023956    0.24%
  93863 45618      882.3223   167      880.6604      882.7952  5031612    0.24%
  94043 45739      882.3419   145      880.6604      882.7950  5038335    0.24%
  94334 45980      880.7971   208      880.6604      882.7950  5046608    0.24%
  94513 46065      882.7938   216      880.6604      882.7948  5053708    0.24%
  94635 46153      880.7798   180      880.6604      882.7948  5061769    0.24%
  94803 46244      880.6932   164      880.6604      882.7946  5069547    0.24%
  94945 46315        cutoff            880.6604      882.7946  5076703    0.24%
  95048 46378      881.9755   197      880.6604      882.7944  5084750    0.24%
Elapsed time = 3157.73 sec. (2715324.93 ticks, tree = 1013.12 MB, solutions = 4)
  95227 46476      882.7848   247      880.6604      882.7944  5091463    0.24%
  95503 46749      880.6641    16      880.6604      882.7944  5098468    0.24%
  95688 46847      880.9633   162      880.6604      882.7942  5105703    0.24%
  95840 46920      882.2233   266      880.6604      882.7941  5112905    0.24%
  95944 47007      880.6882   221      880.6604      882.7940  5120437    0.24%
  96069 47082      881.6910   248      880.6604      882.7938  5127892    0.24%
  96236 47180      881.3599   243      880.6604      882.7936  5134980    0.24%
  96433 47294      882.6890   266      880.6604      882.7935  5142472    0.24%
  96740 47593      882.3383   241      880.6604      882.7935  5149902    0.24%
  96867 47685      881.2903   252      880.6604      882.7934  5157118    0.24%
Elapsed time = 3202.78 sec. (2753632.95 ticks, tree = 1034.26 MB, solutions = 4)
  96982 47756      881.0140   250      880.6604      882.7932  5165464    0.24%
  97140 47832      880.7071   166      880.6604      882.7930  5172889    0.24%
  97250 47883      880.7916   201      880.6604      882.7928  5179806    0.24%
  97408 47988      880.7448   182      880.6604      882.7927  5186433    0.24%
  97555 48077      882.5165   174      880.6604      882.7925  5193726    0.24%
  97831 48324      880.6918   235      880.6604      882.7925  5201166    0.24%
  97979 48434      880.6935   169      880.6604      882.7921  5208495    0.24%
  98135 48529      880.7077   211      880.6604      882.7920  5215694    0.24%
Starting limited solution polishing.
  98281 48610      880.6696   143      880.6604      882.7919  5223117    0.24%
  98413 48698      882.3709   255      880.6604      882.7917  5231079    0.24%
Elapsed time = 3245.87 sec. (2792126.91 ticks, tree = 1057.19 MB, solutions = 4)
  98540 48788      881.1574   260      880.6604      882.7915  5238096    0.24%
  98650 48856      881.0093   261      880.6604      882.7914  5244435    0.24%
  98797 48939      880.6973   172      880.6604      882.7914  5250280    0.24%
  98871 48981      881.8858   175      880.6604      882.7913  5254059    0.24%
  99020 49059      880.9867   238      880.6604      882.7912  5262407    0.24%
  99151 49131      882.2066   208      880.6604      882.7911  5269205    0.24%
  99304 49206      880.6690   177      880.6604      882.7910  5276870    0.24%
  99380 49244      882.7171   243      880.6604      882.7908  5280926    0.24%
  99499 49328      881.0842   194      880.6604      882.7908  5289035    0.24%
  99653 49403      881.9025   295      880.6604      882.7907  5294766    0.24%
Elapsed time = 3287.52 sec. (2830521.73 ticks, tree = 1072.26 MB, solutions = 4)
  99766 49479      882.5617   201      880.6604      882.7906  5299805    0.24%
  99943 49656      881.2853    67      880.6604      882.7906  5303884    0.24%
 100062 49768      881.5042   241      880.6604      882.7906  5310315    0.24%
 100143 49808      880.6760   197      880.6604      882.7906  5315774    0.24%
 100305 49879      882.4782   246      880.6604      882.7901  5323194    0.24%
 100343 49917      881.6215   201      880.6604      882.7901  5328552    0.24%
 100466 49999      881.9059   206      880.6604      882.7894  5334166    0.24%
 100557 50071      880.9469   197      880.6604      882.7892  5340047    0.24%
 100743 50180      880.7105   155      880.6604      882.7887  5346321    0.24%
 100858 50249      882.3878   222      880.6604      882.7887  5351232    0.24%
Elapsed time = 3332.05 sec. (2871742.69 ticks, tree = 1092.37 MB, solutions = 4)
 101043 50364      881.3866   178      880.6604      882.7886  5357497    0.24%
 101243 50537      881.4673    83      880.6604      882.7886  5363318    0.24%
 101411 50680      882.1815   245      880.6604      882.7884  5369730    0.24%
 101515 50741      880.6958   189      880.6604      882.7884  5376656    0.24%
 101683 50847      881.6852   294      880.6604      882.7882  5383160    0.24%
 101770 50896      880.6781   197      880.6604      882.7882  5388613    0.24%
 101927 50981      882.1857   197      880.6604      882.7878  5395802    0.24%
 102138 51102      882.0121   245      880.6604      882.7876  5403090    0.24%
 102243 51176      881.7343   179      880.6604      882.7876  5408546    0.24%
 102358 51234      880.7580   182      880.6604      882.7876  5412736    0.24%
Elapsed time = 3379.66 sec. (2914711.40 ticks, tree = 1121.49 MB, solutions = 4)
 102543 51389      881.5684   119      880.6604      882.7875  5417056    0.24%
 102743 51553      880.7879   132      880.6604      882.7874  5422649    0.24%
 102845 51610      882.7789   276      880.6604      882.7871  5428277    0.24%
 102963 51672      880.7369   191      880.6604      882.7870  5432979    0.24%
 103062 51736      882.7703   201      880.6604      882.7869  5437988    0.24%
 103230 51837      882.6476   259      880.6604      882.7867  5445367    0.24%
 103298 51894      881.2358   233      880.6604      882.7865  5449990    0.24%
 103396 51945      882.4822   233      880.6604      882.7862  5456285    0.24%
 103543 52034      882.0778   255      880.6604      882.7861  5463027    0.24%
 103643 52118      882.2166   174      880.6604      882.7861  5468166    0.24%
Elapsed time = 3423.34 sec. (2954374.13 ticks, tree = 1142.34 MB, solutions = 4)
 103843 52311      881.8561   251      880.6604      882.7861  5472921    0.24%
 103943 52382      881.9179   224      880.6604      882.7861  5479786    0.24%
 104043 52452      880.9222   166      880.6604      882.7860  5484366    0.24%
 104170 52533      882.3747   228      880.6604      882.7859  5490116    0.24%
 104343 52594      880.6735   188      880.6604      882.7858  5496084    0.24%
 104494 52689        cutoff            880.6604      882.7857  5502213    0.24%
 104643 52756      882.4741   298      880.6604      882.7856  5508118    0.24%
 104793 52844      880.7054   192      880.6604      882.7852  5515855    0.24%
 104879 52892      881.9012   246      880.6604      882.7849  5520941    0.24%
 104986 52973      880.7571   181      880.6604      882.7848  5526486    0.24%
Elapsed time = 3469.31 sec. (2996405.03 ticks, tree = 1164.05 MB, solutions = 4)
 105107 53049      880.7592   235      880.6604      882.7846  5533052    0.24%
 105159 53082      881.3979   195      880.6604      882.7844  5536847    0.24%
 105278 53147      880.8657   208      880.6604      882.7844  5541930    0.24%
 105385 53191      880.6874   224      880.6604      882.7844  5549370    0.24%
 105510 53264      880.6784   163      880.6604      882.7841  5557712    0.24%
 105626 53329      881.9174   261      880.6604      882.7840  5563272    0.24%
 105743 53392      881.6081   275      880.6604      882.7838  5569675    0.24%
 105843 53447      880.7603   233      880.6604      882.7837  5575776    0.24%
 105943 53513      882.0636   204      880.6604      882.7835  5581166    0.24%
 106110 53673        cutoff            880.6604      882.7835  5586159    0.24%
Elapsed time = 3512.16 sec. (3037166.69 ticks, tree = 1171.79 MB, solutions = 4)
 106224 53750      880.9828   222      880.6604      882.7834  5592647    0.24%
 106315 53802      881.3694   214      880.6604      882.7832  5597098    0.24%
 106398 53858      881.3550   246      880.6604      882.7830  5601165    0.24%
 106535 53929      882.5288   254      880.6604      882.7829  5607137    0.24%
 106633 53989      881.1999   258      880.6604      882.7828  5614574    0.24%
 106751 54054      881.9945   259      880.6604      882.7826  5621384    0.24%
 106843 54109      881.9022   209      880.6604      882.7825  5626347    0.24%
 106944 54165      881.1982   288      880.6604      882.7824  5631968    0.24%
 107124 54275      880.8192   131      880.6604      882.7823  5639607    0.24%
 107243 54353      882.2066   224      880.6604      882.7822  5642774    0.24%
Elapsed time = 3554.01 sec. (3076876.71 ticks, tree = 1187.33 MB, solutions = 4)
 107383 54493      880.8934    87      880.6604      882.7822  5646957    0.24%
 107503 54573      880.7338   194      880.6604      882.7820  5652871    0.24%
 107614 54621        cutoff            880.6604      882.7819  5659828    0.24%
 107690 54674      881.9749   225      880.6604      882.7819  5664545    0.24%
 107753 54705      882.2213   212      880.6604      882.7818  5668240    0.24%
 107869 54783      880.8985   202      880.6604      882.7817  5674017    0.24%
 107955 54833      881.0845   303      880.6604      882.7816  5679109    0.24%
 108070 54878      880.7926   233      880.6604      882.7815  5685236    0.24%
 108187 54941      881.1908   221      880.6604      882.7814  5689067    0.24%
 108307 55009      881.6502   202      880.6604      882.7813  5693788    0.24%
Elapsed time = 3594.60 sec. (3115368.45 ticks, tree = 1205.83 MB, solutions = 4)
 108403 55062      880.6898   201      880.6604      882.7813  5699026    0.24%
Advanced basis not built.

Flow cuts applied:  8
Mixed integer rounding cuts applied:  128
Lift and project cuts applied:  15
Gomory fractional cuts applied:  4
User cuts applied:  1114

Root node processing (before b&c):
  Real time             =   15.33 sec. (7626.94 ticks)
Sequential b&c:
  Real time             = 3584.68 sec. (3113182.55 ticks)
                          ------------
Total (root+branch&cut) = 3600.01 sec. (3120809.49 ticks)
|V|                                     900
K                                       90
theta                                   0.01
r                                       2
R                                       20
prob_func                               facility_mixture
mixture_low_share                       0.500000
mixture_low_interval                    [0.001000, 0.010000]
mixture_high_interval                   [0.100000, 0.500000]
mixture_seed                            1
#C1                                     1534
#CP                                     142974

@Parameters: 
am_callback_heuristic                   false
am_local_search                         true
am_start_heuristic                      false
colocation                              true
comp                                    false
cutC                                    true
cutC_init                               false
cutF                                    true
cutF_init                               false
cutF_stable                             false
cutF_wrong                              false
cutLocal                                false
cutM                                    true
cutM_init                               true
cutM_stable                             false
cutP                                    true
cutP_init                               false
cutP_stable                             false
init                                    true
init_cutF_zero                          false
init_val_greedy                         true
is_Euclidean                            false
is_local_search                         false
is_right_cutP                           true
is_root                                 false
is_silent                               false
is_start                                false
mycut                                   false
pmed                                    false
pre                                     true
stable_root                             false
str                                     false
two_phase                               false
ubstr                                   false
mode                                    Int

am_callback_node_space                  50
init                                    0
mixture_seed                            1
node_space                              5
nodelimit                               -1
nsepa                                   1
strF                                    0
type_delta                              0

EPS                                     0.001000
EPS_FRAC                                0.00
gap                                     0.00
mixture_high_max                        0.50
mixture_high_min                        0.10
mixture_low_max                         0.01
mixture_low_min                         0.00
mixture_low_share                       0.50
timelimit                               3600.00

Number of Closed Sites: 3 / 270 
Number of Confined Sites-1: 2 / 178 
Number of Confined Sites-k: 895 / 3198 
Preprocess Time: 1.73 + 0.00 sec

Solve Time: 3600.01
Number of Nodes: 108443
Termination Status: TIME_LIMIT

CutInfo: [phase] num / time (sec) / aver. num_nonzero
max              [LP]     0 / 0.00 / 0.00 [init]   782 / 0.02 / 2.43 [rLC]   330 / 0.02 / 4.03 [rUC]   662 / 0.18 / 5.54 [sLC]    10 / 0.09 / 4.90 [sUC]  1201 / 3.97 / 5.94 
prod_oa          [LP]     0 / 0.00 / 0.00 [init]   280 / 0.04 / 61.76 [rLC]   211 / 0.08 / 61.10 [rUC]   834 / 0.91 / 75.68 [sLC]   300 / 0.54 / 63.45 [sUC]  1333 / 22.36 / 67.29 
prod_sm_fixed    [LP]     0 / 0.00 / 0.00 [init]     0 / 0.00 / 0.00 [rLC]     0 / 0.00 / 0.00 [rUC]     0 / 0.00 / 0.00 [sLC]     0 / 0.00 / 0.00 [sUC]     0 / 0.00 / 0.00 
prod_bin         [LP]     0 / 0.00 / 0.00 [init]     0 / 0.00 / 0.00 [rLC]     0 / 0.00 / 0.00 [rUC]     0 / 0.00 / 0.00 [sLC]     0 / 0.00 / 0.00 [sUC]     0 / 0.00 / 0.00 
prod_local       [LP]     0 / 0.00 / 0.00 [init]     0 / 0.00 / 0.00 [rLC]     0 / 0.00 / 0.00 [rUC]     0 / 0.00 / 0.00 [sLC]     0 / 0.00 / 0.00 [sUC]     0 / 0.00 / 0.00 
prod_sm_C        [LP]     0 / 0.00 / 0.00 [init]     0 / 0.22 / 0.00 [rLC]     0 / 0.48 / 0.00 [rUC]   653 / 6.38 / 69.10 [sLC]     0 / 2.91 / 0.00 [sUC]  1411 / 146.70 / 69.20 
facet            [LP]     0 / 0.00 / 0.00 [init]     0 / 0.00 / 0.00 [rLC]     0 / 0.00 / 0.00 [rUC]   602 / 0.00 / 0.00 [sLC]     0 / 0.00 / 0.00 [sUC]  1409 / 0.00 / 0.00 
Separation Round:   [LP] 0  [init] 1  [rLC] 2  [rUC] 22  [sLC] 13  [sUC] 189688  
Root Best Bound 884.026177
Root Best Integer: 880.499622
Best Bound: 882.781267
Best Integer: 880.660351
1: 34, 53, 56, 68, 92, 128, 209, 210, 211, 215, 216, 222, 284, 289, 292, 364, 378, 395, 408, 447, 461, 464, 491, 521, 523, 630, 635, 661, 676, 745, 784, 791, 808, 838, 862, 870, 874, 885
2: 29, 36, 80, 124, 271, 368, 382, 383, 430, 435, 436, 636, 767, 803, 871
3: 37, 152, 308, 669, 750, 789
4: 150
Objective Value (calc): 880.598301
sum_etaM = 497.676813 / 497.676813
sum_etaP = 884.528872 / 884.466195
nL: 60
nCL: 22
mCL: 4
