Version identifier: 20.1.0.0 | 2020-11-10 | 9bedb6d68
CPXPARAM_Threads                                 1
CPXPARAM_TimeLimit                               3600
CPXPARAM_MIP_Tolerances_MIPGap                   0
Generic callback                                 0x60
1 of 1 MIP starts provided solutions.
MIP start 'm1' defined initial solution with objective 473.7932.
Tried aggregator 2 times.
MIP Presolve eliminated 21 rows and 12 columns.
Aggregator did 9 substitutions.
Reduced MIP has 2063 rows, 2379 columns, and 22493 nonzeros.
Reduced MIP has 594 binaries, 585 generals, 0 SOSs, and 0 indicators.
Presolve time = 0.01 sec. (8.13 ticks)
Probing time = 0.00 sec. (1.15 ticks)
Tried aggregator 1 time.
Reduced MIP has 2063 rows, 2379 columns, and 22493 nonzeros.
Reduced MIP has 594 binaries, 585 generals, 0 SOSs, and 0 indicators.
Presolve time = 0.01 sec. (4.78 ticks)
Probing time = 0.00 sec. (1.15 ticks)
MIP emphasis: balance optimality and feasibility.
MIP search method: dynamic search.
Parallel mode: none, using 1 thread.
Root relaxation solution time = 0.05 sec. (63.27 ticks)

        Nodes                                         Cuts/
   Node  Left     Objective  IInf  Best Integer    Best Bound    ItCnt     Gap

*     0+    0                          473.7932      600.0000            26.64%
      0     0      538.2592    85      473.7932      538.2592     1594   13.61%
      0     0      476.7869   184      473.7932     Cuts: 440     2029    0.63%
      0     0      475.7749   210      473.7932     Cuts: 275     2328    0.42%
      0     0      475.6139   201      473.7932     Cuts: 114     2479    0.38%
      0     0      475.5731   220      473.7932      Cuts: 71     2605    0.38%
      0     0      475.5516   219      473.7932      Cuts: 41     2669    0.37%
      0     0      475.5333   239      473.7932      Cuts: 21     2703    0.37%
      0     0      475.5321   235      473.7932 UserPurge2: 10     2723    0.37%
      0     0      475.5130   229      473.7932 UserPurge2: 13     2769    0.36%
      0     0      475.4907   238      473.7932 UserPurge2: 26     2787    0.36%
      0     0      475.4780   238      473.7932 UserPurge2: 21     2809    0.36%
      0     0      475.4741   239      473.7932 UserPurge2: 10     2827    0.35%
      0     0      475.4734   238      473.7932 UserPurge2: 7     2836    0.35%
      0     0      475.4712   234      473.7932 UserPurge2: 9     2849    0.35%
      0     0      475.4709   235      473.7932 UserPurge2: 2     2854    0.35%
      0     0      475.4699   239      473.7932 UserPurge2: 2     2867    0.35%
      0     0      475.4697   235      473.7932 UserPurge2: 2     2871    0.35%
      0     2      475.4619   238      473.7932      475.4619     2871    0.35%
Elapsed time = 3.12 sec. (1569.54 ticks, tree = 0.01 MB, solutions = 1)
     10    12      474.9414   194      473.7932      475.4619     3963    0.35%
     20    22      474.5170   201      473.7932      475.4619     5148    0.35%
     30    32      474.2385   172      473.7932      475.4619     6327    0.35%
     38    40      473.8307   178      473.7932      475.4619     7661    0.35%
     50    49      475.0394   200      473.7932      475.2662     9056    0.31%
     58    57      474.6818   195      473.7932      475.2662    10280    0.31%
     70    69      474.3465   189      473.7932      475.2662    11113    0.31%
     88    81      475.0605   246      473.7932      475.2335    12172    0.30%
     98    91      474.4981   176      473.7932      475.2335    13269    0.30%
*   100+   89                          473.8073      475.2335             0.30%
    180   160      475.0294   240      473.8073      475.2305    16165    0.30%
Elapsed time = 16.26 sec. (5276.78 ticks, tree = 1.06 MB, solutions = 2)
*   230+  207                          473.8182      475.2305             0.30%
    240   215      475.1376   210      473.8182      475.1874    18093    0.29%
    280   255      474.0535   143      473.8182      475.1874    20261    0.29%
*   290+  253                          473.9146      475.1874             0.27%
    335   296      474.2414   137      473.9146      475.1787    22082    0.27%
*   380+  310                          474.0444      475.1355             0.23%
    398   330      474.1299   144      474.0444      475.1355    23858    0.23%
    450   370      474.7136   181      474.0444      475.0278    26365    0.21%
    490   404      474.2453   208      474.0444      475.0257    28697    0.21%
    540   440      474.4596   216      474.0444      474.9576    31438    0.19%
*   560+  389                          474.0574      474.9574             0.19%
    572   401      474.1878   144      474.0574      474.9574    33974    0.19%
*   590+  388                          474.0819      474.9574             0.18%
    640   430      474.7014   208      474.0819      474.9553    35288    0.18%
    691   473      474.2830   148      474.0819      474.9491    38336    0.18%
Elapsed time = 36.25 sec. (15279.56 ticks, tree = 3.92 MB, solutions = 7)
    769   541      474.6642   195      474.0819      474.9408    40752    0.18%
    811   575      474.5669   190      474.0819      474.9394    43668    0.18%
    863   619      474.1680   154      474.0819      474.9142    46645    0.18%
    940   686      474.1034    96      474.0819      474.8879    49855    0.17%

Performing restart 1

Repeating presolve.
Tried aggregator 1 time.
MIP Presolve eliminated 182 rows and 91 columns.
MIP Presolve modified 296 coefficients.
Reduced MIP has 1881 rows, 2288 columns, and 22129 nonzeros.
Reduced MIP has 594 binaries, 494 generals, 0 SOSs, and 0 indicators.
Presolve time = 0.01 sec. (5.56 ticks)
Tried aggregator 1 time.
Reduced MIP has 1881 rows, 2288 columns, and 22129 nonzeros.
Reduced MIP has 594 binaries, 494 generals, 0 SOSs, and 0 indicators.
Presolve time = 0.01 sec. (4.80 ticks)
Represolve time = 0.04 sec. (29.78 ticks)
    976     0      475.1259   239      474.0819      Cuts: 62    54376    0.17%
    976     0      475.1059   254      474.0819      Cuts: 24    54456    0.17%
    976     0      475.0710   233      474.0819   MIRcuts: 21    54539    0.17%
    976     0      475.0442   221      474.0819      Cuts: 12    54609    0.17%
    976     0      475.0422   243      474.0819      Cuts: 13    54639    0.17%
    976     0      475.0321   229      474.0819      Cuts: 13    54668    0.17%
    976     0      475.0211   216      474.0819       Cuts: 8    54710    0.17%
    976     0      475.0179   217      474.0819    MIRcuts: 6    54726    0.17%
    976     0      475.0165   233      474.0819    MIRcuts: 5    54740    0.17%
    976     2      475.0165   233      474.0819      474.8866    54740    0.17%
    981     7      474.9218   185      474.0819      474.8866    54981    0.17%
    991    17      474.8414   181      474.0819      474.8866    55394    0.17%
   1015    34      474.2390   208      474.0819      474.8866    57051    0.17%
   1156   153      474.1713    84      474.0819      474.8866    59954    0.17%
   1244   224      474.3406   165      474.0819      474.8866    63466    0.17%
Elapsed time = 51.23 sec. (26904.93 ticks, tree = 0.62 MB, solutions = 7)
   1326   284      474.7294   199      474.0819      474.8680    66796    0.17%
   1396   327      474.4713   173      474.0819      474.8378    70339    0.16%
   1505   409      474.1827   196      474.0819      474.7977    74188    0.15%
   1604   478      474.1080   127      474.0819      474.7844    79014    0.15%
   1703   545      474.3107   174      474.0819      474.7645    83391    0.14%
   1820   622      474.2820   178      474.0819      474.7372    87536    0.14%
*  1876+  622                          474.1066      474.7306             0.13%
   1926   666      474.4975   202      474.1066      474.7289    91258    0.13%
   2027   738      474.3398   156      474.1066      474.7263    95244    0.13%
   2138   815        cutoff            474.1066      474.7155   100330    0.13%
   2201   855      474.1945   111      474.1066      474.6977   104270    0.12%
Elapsed time = 63.66 sec. (36528.90 ticks, tree = 2.27 MB, solutions = 8)
   2296   914      474.3080   189      474.1066      474.6498   108123    0.11%
   2406   988      474.4677   207      474.1066      474.6336   112323    0.11%
   2488  1037      474.4092   224      474.1066      474.6308   115895    0.11%
   2597  1115      474.3070   180      474.1066      474.6231   120885    0.11%
   2701  1183      474.3315   165      474.1066      474.6216   125122    0.11%
   2789  1234      474.1236   166      474.1066      474.6072   128563    0.11%
   2864  1286      474.2909   168      474.1066      474.6000   132224    0.10%
   2961  1318      474.1843   214      474.1066      474.5833   136847    0.10%
   3042  1354        cutoff            474.1066      474.5719   140437    0.10%
   3164  1433      474.2569   190      474.1066      474.5535   145130    0.09%
Elapsed time = 75.71 sec. (46189.56 ticks, tree = 3.80 MB, solutions = 8)
   3277  1495      474.1598   159      474.1066      474.5427   149964    0.09%
   3389  1568      474.2405   134      474.1066      474.5370   154502    0.09%
   3503  1634      474.3435   175      474.1066      474.5283   159153    0.09%
   3648  1720      474.1207   145      474.1066      474.5220   163699    0.09%
   3760  1793      474.3279   155      474.1066      474.5135   167706    0.09%
   3892  1881      474.1203   150      474.1066      474.5070   172530    0.08%
   4002  1938      474.1846   162      474.1066      474.5022   176440    0.08%
   4117  2014      474.2428   145      474.1066      474.4944   180306    0.08%
   4257  2115      474.1136   131      474.1066      474.4919   184114    0.08%
   4340  2144      474.1865   124      474.1066      474.4840   187804    0.08%
Elapsed time = 88.50 sec. (55770.70 ticks, tree = 5.72 MB, solutions = 8)
   4463  2216      474.2055   120      474.1066      474.4802   191313    0.08%
   4547  2252      474.2944   165      474.1066      474.4727   195323    0.08%
   4700  2346      474.1761   194      474.1066      474.4696   199366    0.08%
   4833  2412      474.1879    91      474.1066      474.4655   203863    0.08%
   5000  2493      474.2649   150      474.1066      474.4567   209529    0.07%
   5136  2579      474.2563   205      474.1066      474.4549   213546    0.07%
   5260  2652      474.1142   166      474.1066      474.4514   218071    0.07%
   5394  2730      474.2367   207      474.1066      474.4474   222554    0.07%
   5528  2804      474.3647   158      474.1066      474.4434   227111    0.07%
   5652  2862      474.1804   194      474.1066      474.4376   231790    0.07%
Elapsed time = 101.81 sec. (65414.97 ticks, tree = 7.59 MB, solutions = 8)
   5774  2908        cutoff            474.1066      474.4323   236333    0.07%
   5912  2979        cutoff            474.1066      474.4271   240832    0.07%
   6026  3032      474.1368   186      474.1066      474.4234   244582    0.07%
   6132  3079      474.2231   182      474.1066      474.4206   248901    0.07%
   6287  3167      474.1670   182      474.1066      474.4175   252968    0.07%
   6418  3239      474.3690   135      474.1066      474.4146   256913    0.06%
   6526  3308      474.1415   138      474.1066      474.4113   260394    0.06%
   6656  3381      474.2211   162      474.1066      474.4104   263952    0.06%
   6784  3455      474.3483   176      474.1066      474.4093   268012    0.06%
   6936  3552      474.1354   162      474.1066      474.4081   271790    0.06%
Elapsed time = 115.02 sec. (75119.52 ticks, tree = 9.38 MB, solutions = 8)
   7055  3601      474.1480   111      474.1066      474.4048   275937    0.06%
   7176  3658      474.1101   174      474.1066      474.4011   280206    0.06%
   7316  3744      474.3478   177      474.1066      474.4001   283779    0.06%
   7458  3837      474.2429   139      474.1066      474.3968   287409    0.06%
   7595  3917      474.3093   134      474.1066      474.3953   291773    0.06%
   7748  4002      474.2425   171      474.1066      474.3920   295836    0.06%
   7900  4089        cutoff            474.1066      474.3899   299997    0.06%
   8036  4143        cutoff            474.1066      474.3874   304561    0.06%
   8174  4196        cutoff            474.1066      474.3846   308698    0.06%
   8341  4295      474.2025   145      474.1066      474.3814   313145    0.06%
Elapsed time = 128.95 sec. (84715.59 ticks, tree = 11.46 MB, solutions = 8)
   8475  4364      474.1341    97      474.1066      474.3782   317616    0.06%
   8628  4436      474.1096   145      474.1066      474.3757   321501    0.06%
   8770  4516      474.1615    93      474.1066      474.3746   325304    0.06%
   8882  4572      474.1430   158      474.1066      474.3729   328823    0.06%
   9017  4641      474.1976   145      474.1066      474.3714   333099    0.06%
   9155  4715      474.3056   155      474.1066      474.3686   336885    0.06%
   9274  4772      474.1963   150      474.1066      474.3677   340441    0.06%
   9419  4852      474.2688    98      474.1066      474.3660   344014    0.05%
   9592  4946      474.1130    74      474.1066      474.3642   347969    0.05%
  10126  5210      474.1938   173      474.1066      474.3587   364265    0.05%
Elapsed time = 146.73 sec. (97157.68 ticks, tree = 13.85 MB, solutions = 8)
  10696  5478      474.2767   141      474.1066      474.3529   381251    0.05%
  11327  5761      474.2669   141      474.1066      474.3470   399478    0.05%
  12008  6092      474.2622   125      474.1066      474.3417   417884    0.05%
  12629  6376      474.2191   114      474.1066      474.3369   435422    0.05%
  13226  6642      474.2289   103      474.1066      474.3328   452036    0.05%
  13877  6946      474.1550   113      474.1066      474.3284   469472    0.05%
  14568  7283      474.1703   113      474.1066      474.3236   487492    0.05%
  15284  7652      474.2180   124      474.1066      474.3198   505346    0.04%
  15956  7957      474.1565   187      474.1066      474.3160   523247    0.04%
  16613  8280      474.2354   122      474.1066      474.3122   540709    0.04%
Elapsed time = 206.45 sec. (137389.19 ticks, tree = 22.24 MB, solutions = 8)
  17195  8509      474.0775   158      474.1066      474.3088   557005    0.04%
  17821  8795      474.1938   126      474.1066      474.3059   574344    0.04%
  18477  9088      474.2135   137      474.1066      474.3022   592267    0.04%
  19134  9360      474.2283   120      474.1066      474.2992   609698    0.04%
  19835  9641      474.1670   120      474.1066      474.2955   627579    0.04%
  20531  9904      474.2345   191      474.1066      474.2925   645220    0.04%
  21196 10165        cutoff            474.1066      474.2895   662956    0.04%
* 21735  9636      integral     0      474.1169      474.2867   676068    0.04%
  22357  9846      474.1432   159      474.1169      474.2834   691550    0.04%
  22985 10022      474.1300   115      474.1169      474.2802   708565    0.03%
Elapsed time = 262.98 sec. (175050.20 ticks, tree = 26.83 MB, solutions = 9)
  23647 10277      474.2543   153      474.1169      474.2778   725649    0.03%
  24293 10476      474.2735   215      474.1169      474.2747   744295    0.03%
  24988 10692      474.2023   131      474.1169      474.2719   761813    0.03%
  25713 10906      474.1790   122      474.1169      474.2688   779206    0.03%
  26445 11122      474.2095   103      474.1169      474.2654   796086    0.03%
  27105 11294        cutoff            474.1169      474.2632   811699    0.03%
  27838 11523      474.1548   159      474.1169      474.2602   828046    0.03%
  28531 11752      474.1769   129      474.1169      474.2579   844106    0.03%
  29189 11925      474.1478    85      474.1169      474.2555   860400    0.03%
  29905 12121      474.1364    88      474.1169      474.2532   877559    0.03%
Elapsed time = 321.18 sec. (213261.43 ticks, tree = 32.45 MB, solutions = 9)
  30597 12271      474.1270   121      474.1169      474.2510   894768    0.03%
  31356 12462      474.1525    93      474.1169      474.2487   910861    0.03%
  32031 12613      474.1655   154      474.1169      474.2466   927773    0.03%
  32735 12771      474.1539    98      474.1169      474.2442   945102    0.03%
  33393 12944        cutoff            474.1169      474.2425   961026    0.03%
  34101 13124      474.1355   130      474.1169      474.2403   977342    0.03%
  34820 13263      474.1867   208      474.1169      474.2383   993574    0.03%
  35496 13380      474.1479   191      474.1169      474.2361  1009422    0.03%
  36216 13518      474.2314   182      474.1169      474.2338  1025145    0.02%
* 36816+12672                          474.1239      474.2321             0.02%
* 36826+10981                          474.1355      474.2321             0.02%
  36947 10994      474.1491   168      474.1355      474.2316  1040719    0.02%
Elapsed time = 379.08 sec. (251512.77 ticks, tree = 29.47 MB, solutions = 11)
  37626 11031      474.1404    83      474.1355      474.2297  1054644    0.02%
  38328 11043      474.1653   128      474.1355      474.2269  1070863    0.02%
  39026 11025      474.1882   131      474.1355      474.2247  1087271    0.02%
  39767 11039      474.1710   163      474.1355      474.2220  1103077    0.02%

Performing restart 2

Repeating presolve.
Tried aggregator 1 time.
MIP Presolve eliminated 444 rows and 247 columns.
MIP Presolve modified 198 coefficients.
Reduced MIP has 1437 rows, 2041 columns, and 19374 nonzeros.
Reduced MIP has 555 binaries, 286 generals, 0 SOSs, and 0 indicators.
Presolve time = 0.01 sec. (6.19 ticks)
Tried aggregator 1 time.
Reduced MIP has 1437 rows, 2041 columns, and 19374 nonzeros.
Reduced MIP has 555 binaries, 286 generals, 0 SOSs, and 0 indicators.
Presolve time = 0.01 sec. (4.06 ticks)
Represolve time = 0.07 sec. (43.50 ticks)
  39864     0      474.9882   253      474.1355      Cuts: 15  1108057    0.02%
  39864     0      474.9867   250      474.1355    MIRcuts: 7  1108085    0.02%
  39864     0      474.9836   251      474.1355   MIRcuts: 11  1108107    0.02%
  39864     0      474.9832   253      474.1355    MIRcuts: 3  1108116    0.02%
  39864     0      474.9824   259      474.1355       Cuts: 5  1108123    0.02%
  39864     0      474.9823   263      474.1355    MIRcuts: 2  1108124    0.02%
  39864     0      474.9809   230      474.1355    MIRcuts: 2  1108142    0.02%
  39864     0      474.9804   245      474.1355    MIRcuts: 6  1108162    0.02%

Repeating presolve.
Tried aggregator 1 time.
MIP Presolve eliminated 54 rows and 59 columns.
MIP Presolve modified 45 coefficients.
Reduced MIP has 1383 rows, 1982 columns, and 16993 nonzeros.
Reduced MIP has 514 binaries, 268 generals, 0 SOSs, and 0 indicators.
Presolve time = 0.01 sec. (5.30 ticks)
Tried aggregator 1 time.
Reduced MIP has 1383 rows, 1982 columns, and 16993 nonzeros.
Reduced MIP has 514 binaries, 268 generals, 0 SOSs, and 0 indicators.
Presolve time = 0.00 sec. (3.64 ticks)
Represolve time = 0.05 sec. (36.51 ticks)
  39864     0      474.9804   237      474.1355       Cuts: 3  1110846    0.02%
  39864     0      474.9802   238      474.1355    MIRcuts: 3  1110857    0.02%
  39864     0      474.9795   231      474.1355    MIRcuts: 1  1110861    0.02%
  39865     3      474.9549   239      474.1355      474.2217  1110879    0.02%
  39978    86      474.5051   144      474.1355      474.2217  1113702    0.02%
  40167   212      474.5586   215      474.1355      474.2217  1120041    0.02%
  40546   474      474.2047   117      474.1355      474.2217  1133633    0.02%
  40891   700      474.1649   149      474.1355      474.2217  1151108    0.02%
  41375  1026      474.5216   132      474.1355      474.2217  1169156    0.02%
Elapsed time = 428.93 sec. (289838.10 ticks, tree = 2.71 MB, solutions = 11)
  41918  1408      474.4055   163      474.1355      474.2217  1185830    0.02%
  42439  1738      474.2976   157      474.1355      474.2217  1206958    0.02%
  43007  2123      474.1516   169      474.1355      474.2217  1226219    0.02%
  43601  2495      474.3938   143      474.1355      474.2217  1246572    0.02%
  44141  2841      474.1858   117      474.1355      474.2217  1263485    0.02%
  44674  3169      474.3753   134      474.1355      474.2217  1282381    0.02%
  45187  3491      474.2213   116      474.1355      474.2217  1298992    0.02%
  45718  3808      474.1908   125      474.1355      474.2217  1317509    0.02%
  46228  4113      474.2675   210      474.1355      474.2217  1334173    0.02%
  46780  4436      474.1827   102      474.1355      474.2217  1351485    0.02%
Elapsed time = 484.90 sec. (328061.20 ticks, tree = 7.87 MB, solutions = 11)
  47267  4755      474.2103   141      474.1355      474.2217  1366226    0.02%
  47693  4979        cutoff            474.1355      474.2217  1380533    0.02%
  48158  5214      474.2969   135      474.1355      474.2217  1398245    0.02%
  48672  5506        cutoff            474.1355      474.2217  1414238    0.02%
  49132  5756      474.1708   157      474.1355      474.2217  1428711    0.02%
  49666  6020      474.1575   113      474.1355      474.2217  1445670    0.02%
  50185  6299      474.2822   134      474.1355      474.2217  1461713    0.02%
  50624  6517      474.1384    77      474.1355      474.2217  1477275    0.02%
  51121  6757      474.1417   170      474.1355      474.2217  1494733    0.02%
  51647  7011        cutoff            474.1355      474.2217  1512196    0.02%
Elapsed time = 538.52 sec. (366253.54 ticks, tree = 11.75 MB, solutions = 11)
  52114  7230      474.3076   153      474.1355      474.2217  1527620    0.02%
  52637  7497      474.2181   106      474.1355      474.2217  1543314    0.02%
  53185  7744      474.2821   132      474.1355      474.2217  1560965    0.02%
  53740  7989      474.2298   132      474.1355      474.2217  1577298    0.02%
  54266  8201      474.2753   168      474.1355      474.2217  1593587    0.02%
  54869  8450      474.2418   131      474.1355      474.2217  1611963    0.02%
  55435  8675      474.1811   114      474.1355      474.2217  1630055    0.02%
  55992  8908      474.1529   176      474.1355      474.2217  1646165    0.02%
  56592  9149      474.1943   146      474.1355      474.2217  1663391    0.02%
  57219  9417        cutoff            474.1355      474.2217  1680887    0.02%
Elapsed time = 594.06 sec. (404444.80 ticks, tree = 15.71 MB, solutions = 11)
  57813  9643      474.2113   119      474.1355      474.2217  1697480    0.02%
  58370  9887      474.2380   123      474.1355      474.2217  1713394    0.02%
  59021 10173        cutoff            474.1355      474.2217  1730972    0.02%
  59616 10346        cutoff            474.1355      474.2217  1750764    0.02%
  60214 10570      474.2274   116      474.1355      474.2217  1768117    0.02%
  60822 10785      474.2298   187      474.1355      474.2217  1783819    0.02%
  61451 10972      474.1998   145      474.1355      474.2217  1802499    0.02%
  62081 11204      474.1916   169      474.1355      474.2217  1821068    0.02%
  62709 11448      474.1366   135      474.1355      474.2217  1837519    0.02%
  63298 11641      474.2286   132      474.1355      474.2217  1853958    0.02%
Elapsed time = 650.52 sec. (442630.37 ticks, tree = 19.21 MB, solutions = 11)
  63977 11876        cutoff            474.1355      474.2217  1871822    0.02%
  64632 12117      474.1955    94      474.1355      474.2217  1889456    0.02%
  65231 12291        cutoff            474.1355      474.2217  1906440    0.02%
  65859 12525      474.1433   182      474.1355      474.2217  1921654    0.02%
  66501 12692      474.1475   141      474.1355      474.2217  1940368    0.02%
  67205 12920      474.1424   144      474.1355      474.2217  1957416    0.02%
  67887 13120      474.1586   151      474.1355      474.2217  1974428    0.02%
  68571 13332      474.2369   162      474.1355      474.2217  1989976    0.02%
  69244 13524      474.2251   121      474.1355      474.2217  2005271    0.02%
  69967 13704      474.1689    84      474.1355      474.2217  2021378    0.02%
Elapsed time = 708.26 sec. (480897.78 ticks, tree = 22.50 MB, solutions = 11)
  70712 13904      474.2121   105      474.1355      474.2217  2037675    0.02%
  71411 14050      474.2507   143      474.1355      474.2217  2054177    0.02%
  72069 14170      474.1698   143      474.1355      474.2217  2070625    0.02%
  72753 14316      474.1929   128      474.1355      474.2217  2086878    0.02%
  73507 14417      474.1837   185      474.1355      474.2217  2104092    0.02%
  74252 14525      474.1828   142      474.1355      474.2217  2121966    0.02%
  74955 14622      474.1388   113      474.1355      474.2217  2138141    0.02%
  75610 14717      474.1422   127      474.1355      474.2217  2154067    0.02%
  76371 14780      474.2007   104      474.1355      474.2217  2171826    0.02%
  77137 14856      474.1659   126      474.1355      474.2217  2189246    0.02%
Elapsed time = 766.39 sec. (519150.92 ticks, tree = 24.33 MB, solutions = 11)
  77892 14920      474.1822   137      474.1355      474.2217  2206608    0.02%
  78608 14956      474.1993   133      474.1355      474.2217  2223780    0.02%
  79354 15048        cutoff            474.1355      474.2217  2239098    0.02%
  80126 15150      474.1896   134      474.1355      474.2217  2255159    0.02%
  80920 15229      474.1636   102      474.1355      474.2217  2272392    0.02%
  81721 15232      474.1682   134      474.1355      474.2217  2290562    0.02%
  82453 15302      474.1806   114      474.1355      474.2217  2306270    0.02%
  83196 15344      474.1482   114      474.1355      474.2217  2321901    0.02%
  83995 15335        cutoff            474.1355      474.2217  2339198    0.02%
  84840 15375      474.1651   133      474.1355      474.2217  2356341    0.02%
Elapsed time = 825.29 sec. (557381.33 ticks, tree = 25.15 MB, solutions = 11)
  85667 15354      474.1710   102      474.1355      474.2217  2373606    0.02%
  86451 15360      474.1749   122      474.1355      474.2217  2389703    0.02%
  87206 15363      474.1591   169      474.1355      474.2217  2405246    0.02%
  88015 15317      474.1504    56      474.1355      474.2217  2421739    0.02%
  88815 15278      474.1765   179      474.1355      474.2214  2439130    0.02%
  89655 15257        cutoff            474.1355      474.2195  2456247    0.02%
* 89839 13202      integral     0      474.1478      474.2191  2459679    0.02%
  90703 13045      474.1657   121      474.1478      474.2168  2475691    0.01%
  91552 12876      474.1659   129      474.1478      474.2144  2492302    0.01%
  92388 12773      474.1754    64      474.1478      474.2122  2507826    0.01%
Elapsed time = 878.53 sec. (592485.52 ticks, tree = 20.99 MB, solutions = 12)
  93330 12619        cutoff            474.1478      474.2099  2524839    0.01%
  94265 12406        cutoff            474.1478      474.2076  2541614    0.01%
  95217 12226      474.1660    90      474.1478      474.2053  2557840    0.01%
  96136 12028      474.1537   115      474.1478      474.2028  2572410    0.01%
  97098 11730      474.1822   195      474.1478      474.2000  2588454    0.01%
  98152 11359      474.1657   115      474.1478      474.1973  2605239    0.01%
  99249 10989        cutoff            474.1478      474.1949  2621698    0.01%
 100344 10597      474.1574   112      474.1478      474.1925  2638454    0.01%
 101471 10251      474.1535    74      474.1478      474.1901  2653871    0.01%
 102570  9848        cutoff            474.1478      474.1876  2668568    0.01%
Elapsed time = 936.19 sec. (630677.18 ticks, tree = 16.39 MB, solutions = 12)
 103672  9461        cutoff            474.1478      474.1852  2682295    0.01%
 104825  9026      474.1509   100      474.1478      474.1829  2696224    0.01%
 106083  8395      474.1788    69      474.1478      474.1797  2711329    0.01%
 107387  7677      474.1684    62      474.1478      474.1764  2726588    0.01%
 108756  6897        cutoff            474.1478      474.1731  2739984    0.01%
 110144  6016        cutoff            474.1478      474.1695  2752199    0.00%
 111658  5047        cutoff            474.1478      474.1658  2763706    0.00%
 113154  4012        cutoff            474.1478      474.1619  2773859    0.00%
 114827  2731        cutoff            474.1478      474.1574  2783202    0.00%
 116693  1152        cutoff            474.1478      474.1521  2791460    0.00%
Elapsed time = 991.07 sec. (668830.85 ticks, tree = 2.49 MB, solutions = 12)
*117466   354      integral     0      474.1481      474.1495  2793808    0.00%

Flow cuts applied:  3
Mixed integer rounding cuts applied:  108
Lift and project cuts applied:  3
Gomory fractional cuts applied:  4
User cuts applied:  788

Root node processing (before b&c):
  Real time             =    3.12 sec. (1568.23 ticks)
Sequential b&c:
  Real time             =  990.36 sec. (669721.60 ticks)
                          ------------
Total (root+branch&cut) =  993.49 sec. (671289.83 ticks)
|V|                                     600
K                                       120
theta                                   0.10
r                                       2
R                                       20
prob_func                               facility_mixture
mixture_low_share                       0.900000
mixture_low_interval                    [0.001000, 0.010000]
mixture_high_interval                   [0.100000, 0.500000]
mixture_seed                            1
#C1                                     914
#CP                                     29768

@Parameters: 
am_callback_heuristic                   false
am_local_search                         true
am_start_heuristic                      false
colocation                              true
comp                                    false
cutC                                    true
cutC_init                               false
cutF                                    true
cutF_init                               false
cutF_stable                             false
cutF_wrong                              false
cutLocal                                false
cutM                                    true
cutM_init                               true
cutM_stable                             false
cutP                                    true
cutP_init                               false
cutP_stable                             false
init                                    true
init_cutF_zero                          false
init_val_greedy                         true
is_Euclidean                            false
is_local_search                         true
is_right_cutP                           true
is_root                                 false
is_silent                               false
is_start                                false
mycut                                   false
pmed                                    false
pre                                     true
stable_root                             false
str                                     true
two_phase                               false
ubstr                                   false
mode                                    Int

am_callback_node_space                  50
init                                    0
mixture_seed                            1
node_space                              5
nodelimit                               -1
nsepa                                   1
strF                                    0
type_delta                              0

EPS                                     0.001000
EPS_FRAC                                0.00
gap                                     0.00
mixture_high_max                        0.50
mixture_high_min                        0.10
mixture_low_max                         0.01
mixture_low_min                         0.00
mixture_low_share                       0.90
timelimit                               3600.00

Number of Closed Sites: 6 / 720 
Number of Confined Sites-1: 9 / 1071 
Number of Confined Sites-k: 585 / 8409 
Preprocess Time: 1.58 + 0.00 sec

Solve Time: 993.49
Number of Nodes: 117826
Termination Status: OPTIMAL

CutInfo: [phase] num / time (sec) / aver. num_nonzero
max              [LP]     0 / 0.00 / 0.00 [init]   480 / 0.01 / 1.85 [rLC]   314 / 0.02 / 6.95 [rUC]   193 / 0.07 / 4.12 [sLC]    11 / 0.14 / 9.45 [sUC]    82 / 1.03 / 5.18 
prod_oa          [LP]     0 / 0.00 / 0.00 [init]   412 / 0.01 / 43.20 [rLC]   732 / 0.05 / 51.22 [rUC]   214 / 0.18 / 54.06 [sLC]   749 / 0.31 / 50.23 [sUC]   377 / 3.17 / 47.73 
prod_sm_fixed    [LP]     0 / 0.00 / 0.00 [init]     0 / 0.00 / 0.00 [rLC]     0 / 0.00 / 0.00 [rUC]     0 / 0.00 / 0.00 [sLC]     0 / 0.00 / 0.00 [sUC]     0 / 0.00 / 0.00 
prod_bin         [LP]     0 / 0.00 / 0.00 [init]     0 / 0.00 / 0.00 [rLC]     0 / 0.00 / 0.00 [rUC]     0 / 0.00 / 0.00 [sLC]     0 / 0.00 / 0.00 [sUC]     0 / 0.00 / 0.00 
prod_local       [LP]     0 / 0.00 / 0.00 [init]     0 / 0.00 / 0.00 [rLC]     0 / 0.00 / 0.00 [rUC]     0 / 0.00 / 0.00 [sLC]     0 / 0.00 / 0.00 [sUC]     0 / 0.00 / 0.00 
prod_sm_C        [LP]     0 / 0.00 / 0.00 [init]     0 / 0.04 / 0.00 [rLC]     0 / 0.22 / 0.00 [rUC]   556 / 0.93 / 45.91 [sLC]     0 / 1.30 / 0.00 [sUC]   518 / 15.39 / 53.37 
facet            [LP]     0 / 0.00 / 0.00 [init]     0 / 0.00 / 0.00 [rLC]     0 / 0.00 / 0.00 [rUC]   556 / 0.00 / 0.00 [sLC]     0 / 0.00 / 0.00 [sUC]   518 / 0.00 / 0.00 
Separation Round:   [LP] 0  [init] 1  [rLC] 5  [rUC] 18  [sLC] 30  [sUC] 155121  
Root Best Bound 475.461859
Root Best Integer: 473.793154
Best Bound: 474.148358
Best Integer: 474.148084
1: 3, 4, 16, 19, 30, 39, 69, 79, 83, 85, 103, 112, 114, 118, 121, 129, 131, 132, 133, 136, 139, 153, 179, 190, 213, 215, 218, 221, 222, 226, 229, 234, 247, 252, 260, 269, 273, 275, 288, 291, 293, 304, 309, 313, 318, 319, 325, 327, 334, 337, 339, 350, 368, 386, 388, 390, 403, 410, 411, 426, 450, 485, 486, 490, 494, 506, 525, 529, 530, 532, 535, 554, 571, 588, 589, 594, 595, 598
2: 47, 122, 371, 498, 553
3: 24, 27, 205, 298, 320, 372, 470, 597
4: 109, 416
Objective Value (calc): 474.109260
sum_etaM = 304.250816 / 304.250816
sum_etaP = 493.025558 / 492.982420
nL: 93
nCL: 15
mCL: 4
