Version identifier: 20.1.0.0 | 2020-11-10 | 9bedb6d68
CPXPARAM_Threads                                 1
CPXPARAM_TimeLimit                               3600
CPXPARAM_MIP_Tolerances_MIPGap                   0
Generic callback                                 0x60
1 of 1 MIP starts provided solutions.
MIP start 'm1' defined initial solution with objective 95.6724.
Tried aggregator 2 times.
MIP Presolve eliminated 65 rows and 18 columns.
MIP Presolve modified 91 coefficients.
Aggregator did 47 substitutions.
Reduced MIP has 587 rows, 735 columns, and 1724 nonzeros.
Reduced MIP has 191 binaries, 144 generals, 0 SOSs, and 0 indicators.
Presolve time = 0.00 sec. (1.23 ticks)
Probing time = 0.00 sec. (0.11 ticks)
Tried aggregator 1 time.
Reduced MIP has 587 rows, 735 columns, and 1724 nonzeros.
Reduced MIP has 191 binaries, 144 generals, 0 SOSs, and 0 indicators.
Presolve time = 0.00 sec. (0.64 ticks)
Probing time = 0.00 sec. (0.11 ticks)
MIP emphasis: balance optimality and feasibility.
MIP search method: dynamic search.
Parallel mode: none, using 1 thread.
Root relaxation solution time = 0.00 sec. (2.29 ticks)

        Nodes                                         Cuts/
   Node  Left     Objective  IInf  Best Integer    Best Bound    ItCnt     Gap

*     0+    0                           95.6724      200.0000           109.05%
      0     0      118.8193    66       95.6724      118.8193      440   24.19%
      0     0       97.2728    82       95.6724     Cuts: 246      581    1.67%
      0     0       96.3916    66       95.6724     Cuts: 134      670    0.75%
      0     0       95.9630    46       95.6724      Cuts: 85      719    0.30%
      0     0       95.8673    45       95.6724      Cuts: 38      764    0.20%
      0     0       95.8351    25       95.6724      Cuts: 26      789    0.17%
      0     0       95.8118    22       95.6724       Cuts: 6      801    0.15%
*     0+    0                           95.7719       95.8118             0.04%
      0     0       95.8107    22       95.7719 UserPurge2: 3      807    0.04%
      0     2       95.8107    22       95.7719       95.8103      807    0.04%
Elapsed time = 0.15 sec. (71.45 ticks, tree = 0.01 MB, solutions = 2)

Flow cuts applied:  16
Mixed integer rounding cuts applied:  35
Lift and project cuts applied:  7
Gomory fractional cuts applied:  13
User cuts applied:  267

Root node processing (before b&c):
  Real time             =    0.15 sec. (71.46 ticks)
Sequential b&c:
  Real time             =    0.01 sec. (1.98 ticks)
                          ------------
Total (root+branch&cut) =    0.15 sec. (73.44 ticks)
|V|                                     200
K                                       40
theta                                   0.10
r                                       2
R                                       20
prob_func                               facility_mixture
mixture_low_share                       0.100000
mixture_low_interval                    [0.001000, 0.010000]
mixture_high_interval                   [0.100000, 0.500000]
mixture_seed                            1
#C1                                     228
#CP                                     576

@Parameters: 
am_callback_heuristic                   false
am_local_search                         true
am_start_heuristic                      false
colocation                              true
comp                                    false
cutC                                    true
cutC_init                               false
cutF                                    true
cutF_init                               false
cutF_stable                             false
cutF_wrong                              false
cutLocal                                false
cutM                                    true
cutM_init                               true
cutM_stable                             false
cutP                                    true
cutP_init                               false
cutP_stable                             false
init                                    true
init_cutF_zero                          false
init_val_greedy                         true
is_Euclidean                            false
is_local_search                         false
is_right_cutP                           true
is_root                                 false
is_silent                               false
is_start                                false
mycut                                   false
pmed                                    false
pre                                     true
stable_root                             false
str                                     false
two_phase                               false
ubstr                                   false
mode                                    Int

am_callback_node_space                  50
init                                    0
mixture_seed                            1
node_space                              5
nodelimit                               -1
nsepa                                   1
strF                                    0
type_delta                              0

EPS                                     0.001000
EPS_FRAC                                0.00
gap                                     0.00
mixture_high_max                        0.50
mixture_high_min                        0.10
mixture_low_max                         0.01
mixture_low_min                         0.00
mixture_low_share                       0.10
timelimit                               3600.00

Number of Closed Sites: 9 / 360 
Number of Confined Sites-1: 47 / 1833 
Number of Confined Sites-k: 144 / 3155 
Preprocess Time: 0.18 + 0.00 sec

Solve Time: 0.15
Number of Nodes: 4
Termination Status: OPTIMAL

CutInfo: [phase] num / time (sec) / aver. num_nonzero
max              [LP]     0 / 0.00 / 0.00 [init]   149 / 0.00 / 1.22 [rLC]    96 / 0.00 / 3.22 [rUC]   113 / 0.00 / 2.87 [sLC]     0 / 0.00 / 0.00 [sUC]     0 / 0.00 / 0.00 
prod_oa          [LP]     0 / 0.00 / 0.00 [init]   149 / 0.00 / 3.26 [rLC]   122 / 0.00 / 4.81 [rUC]    48 / 0.00 / 5.19 [sLC]     5 / 0.00 / 7.00 [sUC]     0 / 0.00 / 0.00 
prod_sm_fixed    [LP]     0 / 0.00 / 0.00 [init]     0 / 0.00 / 0.00 [rLC]     0 / 0.00 / 0.00 [rUC]     0 / 0.00 / 0.00 [sLC]     0 / 0.00 / 0.00 [sUC]     0 / 0.00 / 0.00 
prod_bin         [LP]     0 / 0.00 / 0.00 [init]     0 / 0.00 / 0.00 [rLC]     0 / 0.00 / 0.00 [rUC]     0 / 0.00 / 0.00 [sLC]     0 / 0.00 / 0.00 [sUC]     0 / 0.00 / 0.00 
prod_local       [LP]     0 / 0.00 / 0.00 [init]     0 / 0.00 / 0.00 [rLC]     0 / 0.00 / 0.00 [rUC]     0 / 0.00 / 0.00 [sLC]     0 / 0.00 / 0.00 [sUC]     0 / 0.00 / 0.00 
prod_sm_C        [LP]     0 / 0.00 / 0.00 [init]     0 / 0.00 / 0.00 [rLC]     0 / 0.00 / 0.00 [rUC]   221 / 0.01 / 10.58 [sLC]     0 / 0.00 / 0.00 [sUC]     0 / 0.00 / 0.00 
facet            [LP]     0 / 0.00 / 0.00 [init]     0 / 0.00 / 0.00 [rLC]     0 / 0.00 / 0.00 [rUC]   221 / 0.00 / 0.00 [sLC]     0 / 0.00 / 0.00 [sUC]     0 / 0.00 / 0.00 
Separation Round:   [LP] 0  [init] 1  [rLC] 4  [rUC] 10  [sLC] 1  [sUC] 4  
Root Best Bound 95.780372
Root Best Integer: 95.771865
Best Bound: 95.780372
Best Integer: 95.771865
1: 9, 11, 15, 16, 17, 25, 27, 29, 31, 34, 38, 40, 45, 46, 47, 49, 63, 66, 67, 76, 79, 91, 99, 109, 113, 129, 134, 141, 152, 158, 159, 164, 167, 168, 182, 184, 186, 191
2: 70
Objective Value (calc): 95.771865
sum_etaM = 86.915098 / 86.915098
sum_etaP = 96.755951 / 96.755951
nL: 39
nCL: 1
mCL: 2
