Version identifier: 20.1.0.0 | 2020-11-10 | 9bedb6d68
CPXPARAM_Threads                                 1
CPXPARAM_TimeLimit                               3600
CPXPARAM_MIP_Tolerances_MIPGap                   0
Generic callback                                 0x60
1 of 1 MIP starts provided solutions.
MIP start 'm1' defined initial solution with objective 288.9730.
Tried aggregator 2 times.
MIP Presolve eliminated 40 rows and 26 columns.
MIP Presolve modified 300 coefficients.
Aggregator did 14 substitutions.
Reduced MIP has 1329 rows, 1560 columns, and 6634 nonzeros.
Reduced MIP has 387 binaries, 373 generals, 0 SOSs, and 0 indicators.
Presolve time = 0.00 sec. (2.92 ticks)
Probing time = 0.00 sec. (0.36 ticks)
Tried aggregator 1 time.
Reduced MIP has 1329 rows, 1560 columns, and 6634 nonzeros.
Reduced MIP has 387 binaries, 373 generals, 0 SOSs, and 0 indicators.
Presolve time = 0.00 sec. (1.69 ticks)
Probing time = 0.00 sec. (0.36 ticks)
MIP emphasis: balance optimality and feasibility.
MIP search method: dynamic search.
Parallel mode: none, using 1 thread.
Root relaxation solution time = 0.01 sec. (12.18 ticks)

        Nodes                                         Cuts/
   Node  Left     Objective  IInf  Best Integer    Best Bound    ItCnt     Gap

*     0+    0                          288.9730      400.0000            38.42%
      0     0      325.7384   124      288.9730      325.7384     1009   12.72%
      0     0      296.5952   314      288.9730     Cuts: 432     1531    2.64%
      0     0      294.6001   319      288.9730     Cuts: 432     1964    1.95%
      0     0      293.6509   362      288.9730     Cuts: 339     2444    1.62%
      0     0      293.2727   382      288.9730     Cuts: 286     2813    1.49%
      0     0      292.9710   396      288.9730     Cuts: 246     3097    1.38%
      0     0      292.7181   394      288.9730     Cuts: 214     3422    1.30%
      0     0      292.5631   385      288.9730     Cuts: 170     3688    1.24%
      0     0      292.4705   357      288.9730     Cuts: 130     3900    1.21%
      0     0      292.4208   377      288.9730     Cuts: 139     4058    1.19%
      0     0      292.3932   386      288.9730      Cuts: 77     4187    1.18%
      0     0      292.3653   387      288.9730      Cuts: 87     4324    1.17%
      0     0      292.3563   407      288.9730 UserPurge2: 58     4392    1.17%
      0     0      292.3504   405      288.9730 UserPurge2: 40     4451    1.17%
      0     0      292.3454   413      288.9730 UserPurge2: 31     4506    1.17%
      0     0      292.3431   409      288.9730 UserPurge2: 16     4539    1.17%
      0     0      292.3413   415      288.9730 UserPurge2: 42     4563    1.17%
      0     0      292.3411   415      288.9730 UserPurge2: 6     4568    1.17%
      0     0      292.3411   415      288.9730 UserPurge2: 1     4571    1.17%
      0     0      292.3410   415      288.9730 UserPurge2: 3     4576    1.17%
      0     2      292.3373   417      288.9730      292.3372     4576    1.16%
Elapsed time = 2.78 sec. (2469.21 ticks, tree = 0.01 MB, solutions = 1)
      5     7      291.9620   414      288.9730      292.2893     6078    1.15%
     10    12      291.8152   404      288.9730      292.2893     8864    1.15%
     14    16      291.6249   387      288.9730      292.2893    10675    1.15%
     15    17      291.2753   383      288.9730      292.2893    12459    1.15%
     19    21      291.1509   346      288.9730      292.2893    13705    1.15%
     20    22      290.9880   337      288.9730      292.2893    14523    1.15%
     25    27      290.6998   310      288.9730      292.2893    16087    1.15%
     30    32      290.4691   313      288.9730      292.2893    17698    1.15%
     40    42      289.9164   287      288.9730      292.2893    18891    1.15%
     62    62      289.0257   202      288.9730      292.2893    23121    1.15%
Elapsed time = 7.67 sec. (6711.09 ticks, tree = 0.64 MB, solutions = 1)
     73    70      291.5501   379      288.9730      292.2891    26099    1.15%
     81    78      291.1734   383      288.9730      292.2891    28734    1.15%
     90    87      290.3996   361      288.9730      292.2891    32080    1.15%
    100    97      290.0924   329      288.9730      292.2891    34280    1.15%
    120   113      292.0310   422      288.9730      292.2709    39311    1.14%
    130   123      291.0753   402      288.9730      292.2709    43178    1.14%
*   140+  127                          289.1568      292.2709             1.08%
    140   129      290.3594   360      289.1568      292.2709    45918    1.08%
    155   144      289.5584   332      289.1568      292.2709    49663    1.08%
    169   154      291.9101   417      289.1568      292.2703    53487    1.08%
    175   160      291.2332   388      289.1568      292.2703    55533    1.08%
Elapsed time = 20.06 sec. (17809.79 ticks, tree = 1.93 MB, solutions = 2)
    182   167      290.7699   374      289.1568      292.2703    57630    1.08%
    190   175      289.8597   359      289.1568      292.2703    61009    1.08%
    203   184      292.1108   423      289.1568      292.1637    64715    1.04%
    210   191      291.3451   391      289.1568      292.1637    67457    1.04%
    220   201      290.4559   364      289.1568      292.1637    70499    1.04%
    240   221      289.5776   337      289.1568      292.1637    73622    1.04%
    261   234      292.0328   414      289.1568      292.1611    76069    1.04%
    270   243      291.2323   405      289.1568      292.1611    79086    1.04%
    281   254      290.4464   383      289.1568      292.1611    81047    1.04%
    291   264      289.8948   370      289.1568      292.1611    83940    1.04%
Elapsed time = 33.62 sec. (30079.00 ticks, tree = 4.80 MB, solutions = 2)
    300   271        cutoff            289.1568      292.1611    86515    1.04%
    306   273      291.2986   402      289.1568      292.1211    89473    1.03%
    319   286      290.4754   367      289.1568      292.1211    91981    1.03%
    333   300      290.0170   333      289.1568      292.1211    93985    1.03%
    353   320      289.6227   300      289.1568      292.1211    95992    1.03%
    367   331      291.1783   380      289.1568      292.1097    98937    1.02%
    380   344      290.4693   349      289.1568      292.1097   101151    1.02%
    403   367      289.9028   317      289.1568      292.1097   103613    1.02%
    419   379      291.3823   409      289.1568      292.1058   106355    1.02%
    433   393      290.5031   366      289.1568      292.1058   108550    1.02%
Elapsed time = 45.35 sec. (40323.31 ticks, tree = 7.45 MB, solutions = 2)
    453   413      289.6810   327      289.1568      292.1058   111040    1.02%

Performing restart 1

Repeating presolve.
Tried aggregator 1 time.
MIP Presolve modified 180 coefficients.
Reduced MIP has 1329 rows, 1560 columns, and 6634 nonzeros.
Reduced MIP has 387 binaries, 373 generals, 0 SOSs, and 0 indicators.
Presolve time = 0.00 sec. (1.77 ticks)
Tried aggregator 1 time.
Reduced MIP has 1329 rows, 1560 columns, and 6634 nonzeros.
Reduced MIP has 387 binaries, 373 generals, 0 SOSs, and 0 indicators.
Presolve time = 0.00 sec. (1.74 ticks)
Represolve time = 0.04 sec. (19.90 ticks)
    478     0      291.6785   367      289.1568     Cuts: 143   118087    0.87%
    478     0      291.5537   339      289.1568      Cuts: 70   118345    0.83%
    478     0      291.5151   334      289.1568      Cuts: 41   118491    0.82%
    478     0      291.5010   359      289.1568      Cuts: 56   118592    0.81%
    478     0      291.4829   346      289.1568      Cuts: 33   118683    0.80%
    478     0      291.4748   365      289.1568      Cuts: 39   118753    0.80%
    478     0      291.4682   351      289.1568      Cuts: 33   118823    0.80%
    478     0      291.4639   351      289.1568      Cuts: 29   118870    0.80%
    478     0      291.4586   343      289.1568      Cuts: 20   118922    0.80%
    478     0      291.4556   314      289.1568      Cuts: 21   118976    0.80%
    478     0      291.4421   348      289.1568      Cuts: 49   119084    0.79%
    478     0      291.4325   344      289.1568      Cuts: 35   119188    0.79%
    478     0      291.4288   322      289.1568      Cuts: 14   119249    0.79%
    478     0      291.4267   294      289.1568      Cuts: 21   119284    0.79%
    478     0      291.4249   285      289.1568      Cuts: 10   119323    0.78%
    478     0      291.4236   295      289.1568       Cuts: 5   119353    0.78%
    478     0      291.4235   292      289.1568       Cuts: 4   119362    0.78%
    478     0      291.4230   290      289.1568    MIRcuts: 3   119373    0.78%
    478     2      291.4204   303      289.1568      291.4202   119373    0.78%
    479     3      291.3618   326      289.1568      291.4197   119612    0.78%
    480     4      291.2380   389      289.1568      291.3616   121268    0.76%
    481     5      291.2810   361      289.1568      291.3441   121720    0.76%
    482     6      291.2133   355      289.1568      291.2810   121983    0.73%
    484     8      291.2248   373      289.1568      291.2810   123059    0.73%
    485     9      290.7945   386      289.1568      291.2810   125117    0.73%
    487    11      291.0089   344      289.1568      291.2810   126033    0.73%
    490    14      290.6614   376      289.1568      291.2810   127845    0.73%
Elapsed time = 64.69 sec. (59679.80 ticks, tree = 0.06 MB, solutions = 2)
    498    22      290.5367   335      289.1568      291.2810   131018    0.73%
    512    36      290.5119   272      289.1568      291.2810   134682    0.73%
    528    44      291.0194   384      289.1568      291.2380   137494    0.72%
    539    55      290.6750   354      289.1568      291.2380   140162    0.72%
    550    66      290.3659   287      289.1568      291.2380   143915    0.72%
    566    82      289.8049   284      289.1568      291.2380   147467    0.72%
    595   107      289.3598   250      289.1568      291.2380   150748    0.72%
    618   118      291.0438   371      289.1568      291.2380   152854    0.72%
    637   137      290.3574   324      289.1568      291.2380   155823    0.72%
    666   164      289.5356   276      289.1568      291.2380   158008    0.72%
Elapsed time = 75.87 sec. (69934.23 ticks, tree = 2.67 MB, solutions = 2)
    683   176      290.3175   342      289.1568      291.2243   160266    0.72%
    712   205      289.7517   297      289.1568      291.2243   163061    0.72%
    738   223      289.2311   245      289.1568      291.2243   165313    0.72%
    758   240      290.3967   311      289.1568      291.2132   168313    0.71%
    798   276      289.2013   228      289.1568      291.2132   171603    0.71%
    819   291      290.0981   357      289.1568      291.2131   173900    0.71%
    840   307      289.4145   318      289.1568      291.2131   177265    0.71%
    871   321      290.7600   345      289.1568      291.1507   180258    0.69%
*   878+  208                          289.7053      291.1507             0.50%
    889   221      290.3091   330      289.7053      291.1507   181622    0.50%
*   898+  226                          289.7262      291.1507             0.49%
    908   236      290.0356   293      289.7262      291.1507   183035    0.49%
Elapsed time = 87.18 sec. (80048.25 ticks, tree = 4.09 MB, solutions = 4)
    966   267      290.9773   393      289.7262      291.1218   185781    0.48%
    999   295      289.7626   289      289.7262      291.1218   188577    0.48%
   1025   312      289.8550   344      289.7262      291.0888   190829    0.47%
   1044   327      289.9601   338      289.7262      291.0402   192422    0.45%
   1068   345      290.7423   371      289.7262      291.0191   195202    0.45%
   1081   352      290.7555   357      289.7262      291.0098   198120    0.44%
   1102   373      289.7722   317      289.7262      291.0098   200613    0.44%
   1121   388      290.5966   323      289.7262      291.0089   202016    0.44%
   1156   415      290.6356   321      289.7262      291.0087   205124    0.44%
   1181   438      289.8330   271      289.7262      291.0087   207454    0.44%
Elapsed time = 98.16 sec. (90247.36 ticks, tree = 9.13 MB, solutions = 4)
   1198   451      290.5406   323      289.7262      290.9780   209733    0.43%
   1218   465      290.7049   375      289.7262      290.9770   211927    0.43%
   1247   482      290.4584   386      289.7262      290.9664   215256    0.43%
   1278   505      289.9673   283      289.7262      290.9664   218338    0.43%
   1318   535      290.6483   319      289.7262      290.9596   221570    0.43%
   1368   583      289.7808   178      289.7262      290.9596   224547    0.43%
   1406   606      290.1126   332      289.7262      290.9585   227538    0.43%
   1444   635      290.0709   390      289.7262      290.9435   230988    0.42%
   1458   647      289.9178   339      289.7262      290.9435   233522    0.42%
   1496   666      290.4715   326      289.7262      290.9232   236687    0.41%
Elapsed time = 108.89 sec. (100255.15 ticks, tree = 11.49 MB, solutions = 4)
   1526   688      289.8293   284      289.7262      290.9201   239312    0.41%
   1558   711      290.8811   354      289.7262      290.9140   242037    0.41%
   1587   734      290.7027   383      289.7262      290.9124   245840    0.41%
   1598   744      290.1356   326      289.7262      290.9124   247984    0.41%
   1620   757      290.5673   370      289.7262      290.9100   251207    0.41%
   1668   796      290.0194   271      289.7262      290.9100   253861    0.41%
   1729   832        cutoff            289.7262      290.9100   255651    0.41%
   1758   857      289.8650   326      289.7262      290.9079   257949    0.41%
   1798   886      289.8951   261      289.7262      290.9067   260682    0.41%
   1927   969      290.6764   369      289.7262      290.8962   272019    0.40%
Elapsed time = 124.30 sec. (113852.64 ticks, tree = 20.46 MB, solutions = 4)
   2032  1033        cutoff            289.7262      290.8918   283219    0.40%
   2147  1110      290.2396   347      289.7262      290.8849   295226    0.40%
   2304  1214      289.9015   297      289.7262      290.8731   306601    0.40%
   2455  1319      289.7358   142      289.7262      290.8712   317016    0.40%
   2568  1379      290.4572   336      289.7262      290.8641   328454    0.39%
   2716  1471      290.0732   359      289.7262      290.8557   340182    0.39%
   2812  1526      289.7852   311      289.7262      290.8528   351504    0.39%
   2903  1586      290.6379   305      289.7262      290.8499   362617    0.39%
   3007  1662      289.7777   320      289.7262      290.8414   373406    0.38%
   3148  1750      289.8034   201      289.7262      290.8332   384814    0.38%
Elapsed time = 164.30 sec. (152290.68 ticks, tree = 36.31 MB, solutions = 4)
   3267  1825      290.6076   346      289.7262      290.8282   395716    0.38%
   3358  1892      290.2363   333      289.7262      290.8262   407276    0.38%
   3481  1964      290.2159   356      289.7262      290.8236   418730    0.38%
   3621  2061      289.9596   330      289.7262      290.8076   430616    0.37%
   3741  2153      290.5246   347      289.7262      290.7904   441929    0.37%
   3912  2257      290.0374   391      289.7262      290.7780   453588    0.36%
   4058  2346      289.9371   325      289.7262      290.7768   465067    0.36%
   4173  2415      290.0474   344      289.7262      290.7742   476620    0.36%
   4309  2491      289.7524   302      289.7262      290.7688   488865    0.36%
   4414  2556        cutoff            289.7262      290.7667   500795    0.36%
Elapsed time = 204.72 sec. (190918.20 ticks, tree = 50.94 MB, solutions = 4)
   4537  2640      290.0519   295      289.7262      290.7631   512733    0.36%
   4673  2736      289.7897   315      289.7262      290.7613   524229    0.36%
   4813  2812      290.2518   356      289.7262      290.7593   536549    0.36%
   4961  2907      289.9463   331      289.7262      290.7552   548608    0.36%
   5105  2994      289.9077   328      289.7262      290.7485   560849    0.35%
   5222  3078      289.8365   324      289.7262      290.7427   572022    0.35%
   5319  3137      290.0406   326      289.7262      290.7381   583044    0.35%
   5491  3242      289.8573   343      289.7262      290.7355   595143    0.35%
   5623  3327      290.5670   356      289.7262      290.7324   607180    0.35%
   5771  3415        cutoff            289.7262      290.7274   618276    0.35%
Elapsed time = 244.26 sec. (229413.47 ticks, tree = 70.70 MB, solutions = 4)
   5923  3519      290.0702   341      289.7262      290.7260   630966    0.35%
   6067  3610      290.4493   340      289.7262      290.7207   642830    0.34%
   6208  3693      289.9961   329      289.7262      290.7199   654846    0.34%
   6326  3762      289.9189   334      289.7262      290.7175   666985    0.34%
   6511  3885      290.3828   290      289.7262      290.7167   678166    0.34%
   6699  3979      289.8317   314      289.7262      290.7134   689936    0.34%
   6873  4090      289.7381   276      289.7262      290.7111   702259    0.34%
   7081  4233      290.2973   319      289.7262      290.7066   714198    0.34%
   7274  4347      290.1669   343      289.7262      290.7059   726033    0.34%
   7425  4448      289.9284   293      289.7262      290.7039   737351    0.34%
Elapsed time = 284.86 sec. (268040.62 ticks, tree = 89.71 MB, solutions = 4)
   7627  4570      289.8203   137      289.7262      290.7029   749017    0.34%
   7791  4670      289.9548   380      289.7262      290.7010   760304    0.34%
   7967  4801      289.9140   310      289.7262      290.6991   771861    0.34%
   8145  4903        cutoff            289.7262      290.6965   782722    0.33%
   8327  5002      290.4551   325      289.7262      290.6946   794706    0.33%
   8473  5087      289.9862   324      289.7262      290.6935   806366    0.33%
   8589  5153      289.8180   309      289.7262      290.6918   818361    0.33%
   8729  5234      289.8672   241      289.7262      290.6900   830568    0.33%
   8878  5321      290.0760   317      289.7262      290.6877   842547    0.33%
   9020  5400      289.7864   294      289.7262      290.6856   854324    0.33%
Elapsed time = 324.82 sec. (306453.98 ticks, tree = 113.35 MB, solutions = 4)
   9175  5483      290.4991   359      289.7262      290.6813   867094    0.33%
   9293  5567      289.8266   337      289.7262      290.6799   879536    0.33%
   9447  5654      289.7265   290      289.7262      290.6794   891888    0.33%
   9595  5750      290.1620   333      289.7262      290.6757   904008    0.33%
   9723  5821      290.1631   365      289.7262      290.6744   916764    0.33%
   9871  5916      290.3704   318      289.7262      290.6714   929250    0.33%
  10006  5998      289.7849   295      289.7262      290.6711   941420    0.33%
  10038  6018      290.1154   331      289.7262      290.6709   943751    0.33%
* 10039+ 5657                          289.7518      290.6709             0.32%
* 10039+ 5394                          289.7717      290.6709             0.31%
  10039  5396      289.9203   332      289.7717      290.6701   943966    0.31%
  10040  5397      290.2548   328      289.7717      290.6696   944960    0.31%
Elapsed time = 370.07 sec. (348149.68 ticks, tree = 108.13 MB, solutions = 6)
  10219  5498      289.9782   328      289.7717      290.6677   956759    0.31%
  10383  5610        cutoff            289.7717      290.6671   968462    0.31%
  10511  5672      289.7730   318      289.7717      290.6648   978822    0.31%
  10668  5772      289.8676   346      289.7717      290.6621   990522    0.31%
  10884  5918      289.8318   290      289.7717      290.6610  1001428    0.31%
  10995  5993      289.7845   343      289.7717      290.6588  1013408    0.31%
  11146  6078      289.9712   338      289.7717      290.6575  1025453    0.31%
  11259  6147        cutoff            289.7717      290.6559  1036946    0.31%
  11464  6272      290.1060   312      289.7717      290.6547  1048227    0.30%
  11643  6389      290.1233   313      289.7717      290.6545  1059688    0.30%
Elapsed time = 409.95 sec. (386760.53 ticks, tree = 131.00 MB, solutions = 6)
  11801  6479      290.3286   352      289.7717      290.6532  1071243    0.30%
  11950  6557        cutoff            289.7717      290.6516  1083266    0.30%
  12111  6654      290.4312   326      289.7717      290.6489  1094549    0.30%
  12240  6726      289.8761   305      289.7717      290.6468  1105812    0.30%
  12434  6845      289.7911   248      289.7717      290.6454  1117814    0.30%
  12594  6952      290.2078   333      289.7717      290.6426  1130089    0.30%
  12773  7049      290.1199   368      289.7717      290.6413  1141170    0.30%
  12940  7161      290.2022   338      289.7717      290.6408  1152996    0.30%
  13153  7274      289.8825   325      289.7717      290.6377  1164700    0.30%
  13304  7350      289.8748   285      289.7717      290.6353  1175796    0.30%
Elapsed time = 449.91 sec. (425196.75 ticks, tree = 155.35 MB, solutions = 6)
  13456  7433      290.1446   341      289.7717      290.6345  1188026    0.30%
  13614  7521      290.3869   343      289.7717      290.6337  1201126    0.30%
  13825  7632      289.7724   157      289.7717      290.6318  1212808    0.30%
  14004  7741      289.9197   251      289.7717      290.6287  1224989    0.30%
  14158  7829      290.1246   268      289.7717      290.6254  1236830    0.29%
  14330  7931      289.9921   252      289.7717      290.6248  1249116    0.29%
  14503  8046      290.3765   279      289.7717      290.6242  1261685    0.29%
  14685  8144      289.8204   345      289.7717      290.6237  1273350    0.29%
  14883  8270      289.7812   289      289.7717      290.6222  1284327    0.29%
  15058  8362      289.8806   288      289.7717      290.6211  1296581    0.29%
Elapsed time = 490.17 sec. (463703.84 ticks, tree = 172.05 MB, solutions = 6)
  15235  8487      289.7989   319      289.7717      290.6203  1307839    0.29%
  15437  8598      289.9131   291      289.7717      290.6196  1319815    0.29%
  15613  8693      290.5658   300      289.7717      290.6166  1332049    0.29%
  15727  8760      290.3174   323      289.7717      290.6153  1343646    0.29%
  15872  8850      290.2787   235      289.7717      290.6137  1354511    0.29%
* 15878+ 6071                          289.8988      290.6137             0.25%
* 15888+ 5590                          289.9283      290.6137             0.24%
* 15928+ 5145                          289.9622      290.6137             0.22%
  16008  5199      290.3018   279      289.9622      290.6134  1361158    0.22%
  16113  5254      290.1689   323      289.9622      290.6121  1371034    0.22%
  16300  5369      290.0191   319      289.9622      290.6109  1380992    0.22%
  16417  5437      290.0005   278      289.9622      290.6100  1390933    0.22%
  16554  5507      290.2106   324      289.9622      290.6078  1403635    0.22%
Elapsed time = 530.16 sec. (502331.40 ticks, tree = 109.73 MB, solutions = 9)
  16678  5579      290.2140   308      289.9622      290.6063  1413831    0.22%
  16792  5636      289.9822   273      289.9622      290.6058  1422492    0.22%
  16896  5698      290.2225   346      289.9622      290.6038  1432764    0.22%
  17032  5784        cutoff            289.9622      290.6018  1444122    0.22%
  17143  5844      290.2309   282      289.9622      290.6004  1455375    0.22%
  17308  5944      290.1582   309      289.9622      290.5990  1466626    0.22%
  17441  6012      290.2016   304      289.9622      290.5981  1478642    0.22%
  17607  6104      290.1754   321      289.9622      290.5970  1489530    0.22%
  17763  6186      290.4355   331      289.9622      290.5959  1501149    0.22%
  17896  6262      290.4607   311      289.9622      290.5955  1512761    0.22%
Elapsed time = 569.40 sec. (540871.38 ticks, tree = 120.37 MB, solutions = 9)
  18092  6391      290.2243   307      289.9622      290.5949  1524546    0.22%
  18257  6493      289.9997   226      289.9622      290.5939  1536966    0.22%
  18433  6592      290.1829   301      289.9622      290.5933  1548295    0.22%
  18621  6690      290.1824   272      289.9622      290.5923  1559196    0.22%
  18768  6766      290.2070   307      289.9622      290.5918  1571606    0.22%
  18920  6844      290.0884   331      289.9622      290.5895  1582948    0.22%
  19078  6932      290.2754   328      289.9622      290.5881  1595458    0.22%
  19272  7044      290.4413   338      289.9622      290.5868  1607171    0.22%
  19453  7164      290.1748   340      289.9622      290.5857  1619009    0.22%
  19608  7250      290.4119   295      289.9622      290.5852  1631420    0.21%
Elapsed time = 609.61 sec. (579507.87 ticks, tree = 133.56 MB, solutions = 9)
  19833  7396      289.9637   316      289.9622      290.5849  1642856    0.21%
  19988  7485      289.9904    55      289.9622      290.5844  1654215    0.21%
  20160  7571        cutoff            289.9622      290.5833  1666346    0.21%
  20321  7638      290.3634   353      289.9622      290.5810  1678355    0.21%
  20488  7718      290.1830   316      289.9622      290.5791  1690215    0.21%
  20608  7776      290.1680   268      289.9622      290.5782  1702247    0.21%
  20762  7863        cutoff            289.9622      290.5780  1713956    0.21%
  20956  7957      290.1946   323      289.9622      290.5758  1725252    0.21%
  21128  8038      290.1020   242      289.9622      290.5735  1737073    0.21%
  21272  8125      290.2882   296      289.9622      290.5718  1748987    0.21%
Elapsed time = 649.69 sec. (618014.66 ticks, tree = 147.81 MB, solutions = 9)
  21432  8207      290.1543   289      289.9622      290.5700  1760432    0.21%
  21608  8298      290.2468   299      289.9622      290.5673  1772792    0.21%
  21731  8371      290.0121   304      289.9622      290.5664  1784788    0.21%
  21932  8489      290.5619   327      289.9622      290.5656  1797185    0.21%
  22078  8553      290.1532   290      289.9622      290.5651  1808206    0.21%
  22240  8652      289.9760   316      289.9622      290.5644  1820384    0.21%
  22376  8695      290.3221   327      289.9622      290.5635  1833355    0.21%
  22496  8754      290.0154   294      289.9622      290.5623  1844219    0.21%
  22668  8846      290.0948   242      289.9622      290.5610  1856214    0.21%
  22858  8959        cutoff            289.9622      290.5604  1868508    0.21%
Elapsed time = 689.76 sec. (656467.92 ticks, tree = 158.25 MB, solutions = 9)
  22993  9016      290.0592   251      289.9622      290.5595  1880243    0.21%
  23156  9088      290.1717   317      289.9622      290.5585  1892075    0.21%
  23333  9190      290.0172   291      289.9622      290.5583  1904154    0.21%
  23465  9247      290.2877   332      289.9622      290.5567  1916417    0.21%
  23664  9343        cutoff            289.9622      290.5551  1928355    0.20%
  23816  9439      290.2681   330      289.9622      290.5540  1939566    0.20%
  23957  9525      290.1783   322      289.9622      290.5518  1952221    0.20%
  24130  9609      290.3722   352      289.9622      290.5515  1964228    0.20%
  24255  9676      290.0743   262      289.9622      290.5511  1976055    0.20%
  24483  9794      290.3205   336      289.9622      290.5502  1988482    0.20%
Elapsed time = 729.82 sec. (694899.84 ticks, tree = 168.96 MB, solutions = 9)
  24667  9902        cutoff            289.9622      290.5493  2000554    0.20%
  24780  9962      290.0832   311      289.9622      290.5481  2012910    0.20%
  24946 10045      290.2046   331      289.9622      290.5473  2025210    0.20%
  25088 10119      290.0391   299      289.9622      290.5464  2037323    0.20%
  25266 10221      290.0128   328      289.9622      290.5451  2049345    0.20%
  25436 10315      289.9868   311      289.9622      290.5441  2060884    0.20%
  25625 10425      290.3936   324      289.9622      290.5425  2072686    0.20%
  25797 10519      290.2706   344      289.9622      290.5415  2084767    0.20%
  26003 10616      290.1165   311      289.9622      290.5411  2096416    0.20%
  26158 10728      290.2052   253      289.9622      290.5405  2106754    0.20%
Elapsed time = 770.02 sec. (733306.56 ticks, tree = 188.11 MB, solutions = 9)
  26314 10811      290.2637   349      289.9622      290.5394  2119118    0.20%
  26476 10899      290.1088   313      289.9622      290.5382  2131392    0.20%
  26659 11000      290.1624   278      289.9622      290.5377  2143936    0.20%
  26838 11095      289.9689   215      289.9622      290.5368  2155589    0.20%
  27005 11184      290.2912   343      289.9622      290.5364  2168751    0.20%
  27169 11269      290.2359   325      289.9622      290.5350  2181069    0.20%
  27279 11326      290.2409   266      289.9622      290.5343  2193729    0.20%
  27423 11414      290.0217   266      289.9622      290.5338  2204986    0.20%
  27630 11535      290.1665   276      289.9622      290.5334  2216714    0.20%
  27812 11645      290.1322   314      289.9622      290.5323  2228160    0.20%
Elapsed time = 810.76 sec. (771893.81 ticks, tree = 205.23 MB, solutions = 9)
  27962 11723      290.2215   331      289.9622      290.5309  2240149    0.20%
  28128 11800      290.3816   314      289.9622      290.5299  2251919    0.20%
  28312 11922      290.1123   337      289.9622      290.5287  2264013    0.20%
  28522 12033      290.0548   216      289.9622      290.5280  2274955    0.20%
  28713 12129        cutoff            289.9622      290.5273  2287660    0.19%
  28904 12241      289.9909   271      289.9622      290.5271  2299975    0.19%
  29058 12322      290.1661   286      289.9622      290.5264  2312348    0.19%
  29288 12465      289.9730   227      289.9622      290.5260  2324078    0.19%
  29437 12553      290.0993   321      289.9622      290.5255  2337157    0.19%
  29604 12637      290.0633   311      289.9622      290.5243  2349459    0.19%
Elapsed time = 851.47 sec. (810433.31 ticks, tree = 222.34 MB, solutions = 9)
  29786 12742      290.0696   288      289.9622      290.5238  2361619    0.19%
  29944 12820      290.0592   299      289.9622      290.5231  2373264    0.19%
  30123 12905      290.1457   239      289.9622      290.5223  2384541    0.19%
  30312 13006      290.2414   306      289.9622      290.5219  2396507    0.19%
  30492 13086      290.2109   279      289.9622      290.5211  2407447    0.19%
  30628 13142      290.2001   287      289.9622      290.5205  2419348    0.19%
  30811 13219      289.9874   352      289.9622      290.5195  2431338    0.19%
  30992 13324      290.2709   304      289.9622      290.5180  2443767    0.19%
  31172 13424        cutoff            289.9622      290.5169  2454894    0.19%
  31321 13508        cutoff            289.9622      290.5163  2467836    0.19%
Elapsed time = 891.79 sec. (848855.34 ticks, tree = 235.28 MB, solutions = 9)
  31470 13613      290.0718   331      289.9622      290.5159  2479588    0.19%
  31635 13704      290.0629   245      289.9622      290.5153  2491126    0.19%
  31787 13804      289.9678   315      289.9622      290.5152  2503712    0.19%
  31955 13906      290.0105   119      289.9622      290.5148  2515222    0.19%
  32110 13996      290.2094   321      289.9622      290.5136  2526484    0.19%
  32276 14094      290.0126   299      289.9622      290.5131  2539596    0.19%
  32465 14188      290.0194   147      289.9622      290.5128  2551452    0.19%
  32649 14276      290.2132   295      289.9622      290.5115  2561566    0.19%
  32847 14383      289.9845   326      289.9622      290.5104  2573802    0.19%
  33009 14464      290.1105   309      289.9622      290.5102  2585096    0.19%
Elapsed time = 931.96 sec. (887177.42 ticks, tree = 251.49 MB, solutions = 9)
  33144 14534      290.1372   288      289.9622      290.5093  2597264    0.19%
  33313 14612      290.1172   334      289.9622      290.5079  2609408    0.19%
  33443 14686        cutoff            289.9622      290.5077  2621013    0.19%
  33607 14757      290.3062   288      289.9622      290.5063  2632929    0.19%
  33778 14850      290.2347   301      289.9622      290.5062  2645137    0.19%
  33966 14961      290.2735   324      289.9622      290.5059  2657112    0.19%
  34169 15051      290.3257   309      289.9622      290.5048  2669267    0.19%
  34313 15139      290.2541   283      289.9622      290.5041  2681386    0.19%
  34488 15242      290.1316   220      289.9622      290.5038  2692531    0.19%
  34636 15316      290.0461   289      289.9622      290.5032  2704946    0.19%
Elapsed time = 972.32 sec. (925695.89 ticks, tree = 261.95 MB, solutions = 9)
  34782 15383      290.1771   331      289.9622      290.5027  2717363    0.19%
  34977 15499      290.0526   332      289.9622      290.5021  2728364    0.19%
  35147 15589      290.0062   297      289.9622      290.5004  2740398    0.19%
  35299 15671      290.1467   289      289.9622      290.5003  2753616    0.19%
  35457 15739      289.9937   203      289.9622      290.5001  2767013    0.19%
  35617 15803      290.0820   347      289.9622      290.4997  2779494    0.19%
  35763 15889      289.9688   311      289.9622      290.4990  2791429    0.19%
  35937 15977      290.3179   242      289.9622      290.4984  2803393    0.18%
  36090 16067      290.0688   314      289.9622      290.4980  2814276    0.18%
  36218 16118      290.1118   318      289.9622      290.4968  2826515    0.18%
Elapsed time = 1012.79 sec. (964209.81 ticks, tree = 271.61 MB, solutions = 9)
  36372 16189      290.1688   339      289.9622      290.4956  2838844    0.18%
  36500 16236      290.0117   359      289.9622      290.4951  2851154    0.18%
  36668 16325        cutoff            289.9622      290.4938  2863283    0.18%
  36863 16440      290.1499   293      289.9622      290.4928  2874494    0.18%
  37068 16552      290.2460   348      289.9622      290.4926  2886987    0.18%
  37247 16648      290.0187   165      289.9622      290.4921  2899753    0.18%
  37481 16776      290.0730   333      289.9622      290.4911  2910263    0.18%
  37610 16833      289.9917   322      289.9622      290.4904  2923217    0.18%
  37767 16905      289.9896   320      289.9622      290.4895  2935191    0.18%
  37974 17008      290.4239   306      289.9622      290.4886  2947806    0.18%
Elapsed time = 1053.21 sec. (1002665.59 ticks, tree = 288.23 MB, solutions = 9)
  38087 17069      290.0279   349      289.9622      290.4879  2958619    0.18%
  38256 17158      290.2006   348      289.9622      290.4869  2971078    0.18%
  38407 17226      290.2341   311      289.9622      290.4864  2983379    0.18%
  38602 17340      290.0672   195      289.9622      290.4862  2995345    0.18%
  38770 17429      289.9740   161      289.9622      290.4858  3007083    0.18%
  38904 17476        cutoff            289.9622      290.4852  3019474    0.18%
  39092 17598      290.1184   323      289.9622      290.4842  3030312    0.18%

Performing restart 2

Repeating presolve.
Tried aggregator 1 time.
MIP Presolve modified 50 coefficients.
Reduced MIP has 1329 rows, 1560 columns, and 6634 nonzeros.
Reduced MIP has 387 binaries, 373 generals, 0 SOSs, and 0 indicators.
Presolve time = 0.00 sec. (1.76 ticks)
Tried aggregator 1 time.
Reduced MIP has 1329 rows, 1560 columns, and 6634 nonzeros.
Reduced MIP has 387 binaries, 373 generals, 0 SOSs, and 0 indicators.
Presolve time = 0.00 sec. (1.74 ticks)
Represolve time = 0.12 sec. (37.23 ticks)
  39162     0      291.2999   381      289.9622      Cuts: 65  3039616    0.18%
  39162     0      291.2893   367      289.9622      Cuts: 39  3039719    0.18%
  39162     0      291.2835   375      289.9622      Cuts: 30  3039812    0.18%
  39162     0      291.2767   373      289.9622      Cuts: 31  3039883    0.18%
  39162     0      291.2724   357      289.9622   MIRcuts: 21  3039931    0.18%
  39162     0      291.2696   377      289.9622      Cuts: 11  3039959    0.18%
  39162     0      291.2667   347      289.9622   MIRcuts: 15  3040009    0.18%
  39162     0      291.2658   359      289.9622      Cuts: 10  3040039    0.18%
  39162     0      291.2647   343      289.9622      Cuts: 15  3040068    0.18%
  39162     0      291.2644   355      289.9622    MIRcuts: 9  3040083    0.18%
  39162     2      291.2644   355      289.9622      290.4841  3040083    0.18%
  39166     6      291.2376   327      289.9622      290.4841  3040643    0.18%
  39180    20      291.0014   279      289.9622      290.4841  3041947    0.18%
Elapsed time = 1093.93 sec. (1043077.69 ticks, tree = 0.13 MB, solutions = 9)
  39292   105      289.9624   107      289.9622      290.4841  3047932    0.18%
  39537   294      290.8550   268      289.9622      290.4841  3061758    0.18%
  39922   597      290.3394   278      289.9622      290.4841  3078213    0.18%
* 40282+  896                          289.9663      290.4841             0.18%
  40393   971      290.0517   196      289.9663      290.4841  3095319    0.18%
  40868  1316      290.9160   283      289.9663      290.4841  3112633    0.18%
  41442  1738      291.0014   320      289.9663      290.4841  3132942    0.18%
  41981  2134      290.1056   253      289.9663      290.4841  3153699    0.18%
  42507  2519      290.4765   262      289.9663      290.4841  3174743    0.18%
  42936  2812      290.2053   237      289.9663      290.4841  3195514    0.18%
  43520  3220      289.9745   175      289.9663      290.4841  3217891    0.18%
Elapsed time = 1138.56 sec. (1081472.10 ticks, tree = 32.67 MB, solutions = 10)
  44068  3615      290.8716   315      289.9663      290.4841  3240384    0.18%
  44568  3978      290.8936   259      289.9663      290.4841  3261076    0.18%
  45065  4309      290.3607   262      289.9663      290.4841  3281588    0.18%
  45522  4629      290.0287   170      289.9663      290.4841  3303252    0.18%
  46051  4986        cutoff            289.9663      290.4841  3323987    0.18%
  46542  5342      290.2837   278      289.9663      290.4841  3344570    0.18%
  47051  5684      290.5915   253      289.9663      290.4841  3365456    0.18%
  47590  6092        cutoff            289.9663      290.4841  3386900    0.18%
  47963  6352      290.2533   235      289.9663      290.4841  3407925    0.18%
  48469  6693      290.5394   200      289.9663      290.4841  3428051    0.18%
Elapsed time = 1185.14 sec. (1119706.70 ticks, tree = 69.56 MB, solutions = 10)
  48939  7033      289.9950   205      289.9663      290.4841  3448977    0.18%
  49533  7442      290.5142   330      289.9663      290.4841  3469984    0.18%
  50004  7760      290.0677   272      289.9663      290.4841  3491433    0.18%
  50471  8082      290.7674   280      289.9663      290.4841  3513629    0.18%
  50978  8422      290.1987   260      289.9663      290.4841  3534991    0.18%
  51540  8851      290.4387   265      289.9663      290.4841  3556252    0.18%
  52035  9198      290.6727   280      289.9663      290.4841  3577444    0.18%
  52527  9505      289.9896   175      289.9663      290.4841  3598362    0.18%
  53084  9888      290.1588   260      289.9663      290.4841  3619415    0.18%
  53562 10198      290.1734   202      289.9663      290.4841  3640909    0.18%
Elapsed time = 1231.73 sec. (1158022.29 ticks, tree = 102.05 MB, solutions = 10)
  54108 10575      290.1131   205      289.9663      290.4841  3662126    0.18%
  54652 10952      290.2669   149      289.9663      290.4841  3682990    0.18%
  55142 11281      290.1211   133      289.9663      290.4841  3703051    0.18%
  55672 11638      290.0843   271      289.9663      290.4841  3723236    0.18%
  56224 12010      290.0662   185      289.9663      290.4841  3743615    0.18%
  56750 12360      290.2196   231      289.9663      290.4841  3764325    0.18%
  57401 12814      290.1826   146      289.9663      290.4841  3785120    0.18%
  57996 13204        cutoff            289.9663      290.4841  3806211    0.18%
  58481 13532      290.5142   253      289.9663      290.4841  3827641    0.18%
  59052 13939      290.4706   258      289.9663      290.4841  3848766    0.18%
Elapsed time = 1279.02 sec. (1196208.12 ticks, tree = 142.06 MB, solutions = 10)
  59602 14275      290.5004   230      289.9663      290.4841  3870711    0.18%
  60167 14622      290.6367   284      289.9663      290.4841  3892917    0.18%
  60778 15009      289.9936   251      289.9663      290.4841  3913890    0.18%
  61203 15280      290.5849   275      289.9663      290.4841  3935182    0.18%
  61793 15696      290.5175   280      289.9663      290.4841  3955654    0.18%
  62364 16079      289.9953   201      289.9663      290.4841  3977175    0.18%
  62929 16453      290.6744   267      289.9663      290.4841  3998794    0.18%
  63441 16780      290.3040   266      289.9663      290.4841  4021000    0.18%
  63926 17097      290.1036   172      289.9663      290.4841  4042085    0.18%
  64463 17448      290.2518   182      289.9663      290.4841  4064125    0.18%
Elapsed time = 1325.88 sec. (1234461.15 ticks, tree = 179.19 MB, solutions = 10)
  65046 17828      290.2247   229      289.9663      290.4841  4085569    0.18%
  65653 18207      290.2965   276      289.9663      290.4841  4107399    0.18%
  66172 18498      290.5855   259      289.9663      290.4841  4129003    0.18%
  66701 18830      290.5715   265      289.9663      290.4841  4149842    0.18%
  67184 19104      290.1362   285      289.9663      290.4841  4170588    0.18%
  67755 19491      290.0159   177      289.9663      290.4841  4191381    0.18%
  68249 19772      290.5119   273      289.9663      290.4841  4213241    0.18%
  68878 20168      290.0641   268      289.9663      290.4841  4234444    0.18%
  69434 20522      290.5555   258      289.9663      290.4841  4256306    0.18%
  69951 20857      290.3841   293      289.9663      290.4841  4278260    0.18%
Elapsed time = 1372.65 sec. (1272740.16 ticks, tree = 214.30 MB, solutions = 10)
  70462 21198      290.3953   141      289.9663      290.4841  4299507    0.18%
  71115 21626      290.0731   257      289.9663      290.4841  4320800    0.18%
  71592 21912      290.0597   201      289.9663      290.4841  4341665    0.18%
  72202 22278      290.5990   259      289.9663      290.4841  4362781    0.18%
  72774 22627      290.6871   293      289.9663      290.4841  4383944    0.18%
  73298 22962      290.1744   254      289.9663      290.4841  4406806    0.18%
  73860 23314      290.4292   259      289.9663      290.4841  4428155    0.18%
  74448 23707      290.2761   230      289.9663      290.4841  4449208    0.18%
  75026 24093      290.2988   167      289.9663      290.4841  4470400    0.18%
  75627 24467      290.1843   276      289.9663      290.4841  4492067    0.18%
Elapsed time = 1420.04 sec. (1311059.40 ticks, tree = 247.51 MB, solutions = 10)
  76253 24876      290.5740   303      289.9663      290.4841  4513640    0.18%
  76791 25221      290.4284   325      289.9663      290.4841  4535529    0.18%
  77362 25596      290.4631   230      289.9663      290.4841  4556880    0.18%
  77941 25980      290.0794   254      289.9663      290.4841  4578883    0.18%
  78500 26322      290.2727   262      289.9663      290.4841  4600870    0.18%
  79098 26697      290.1331   203      289.9663      290.4841  4621567    0.18%
  79688 27057      290.6740   270      289.9663      290.4841  4642980    0.18%
  80230 27405      290.2999   206      289.9663      290.4841  4665261    0.18%
  80778 27710      290.2049   233      289.9663      290.4841  4686528    0.18%
  81328 28053      290.3352   216      289.9663      290.4841  4707187    0.18%
Elapsed time = 1467.93 sec. (1349344.45 ticks, tree = 283.61 MB, solutions = 10)
  81798 28359      290.0954   215      289.9663      290.4841  4728301    0.18%
  82440 28758      289.9749   167      289.9663      290.4841  4749194    0.18%
  82996 29115      290.2486   258      289.9663      290.4841  4770739    0.18%
  83538 29478      290.3191   311      289.9663      290.4841  4792072    0.18%
  83993 29740      290.6032   208      289.9663      290.4841  4814225    0.18%
  84574 30078      290.6752   256      289.9663      290.4841  4836087    0.18%
  85162 30444      290.0238   154      289.9663      290.4841  4857823    0.18%
  85679 30755        cutoff            289.9663      290.4841  4879101    0.18%
  86391 31200        cutoff            289.9663      290.4841  4899499    0.18%
  87041 31580        cutoff            289.9663      290.4841  4920997    0.18%
Elapsed time = 1515.73 sec. (1387645.71 ticks, tree = 314.28 MB, solutions = 10)
  87591 31923      290.0413   164      289.9663      290.4841  4942634    0.18%
  88274 32368      290.5040   228      289.9663      290.4841  4963130    0.18%
  88859 32704      290.2493   238      289.9663      290.4841  4983716    0.18%
  89472 33063      290.3735   244      289.9663      290.4841  5005344    0.18%
  90081 33426      290.3142   296      289.9663      290.4841  5026492    0.18%
  90658 33757      290.4554   257      289.9663      290.4841  5047328    0.18%
  91311 34154      289.9681   214      289.9663      290.4841  5067607    0.18%
  91902 34537      290.0620   213      289.9663      290.4841  5087829    0.18%
  92468 34889      290.6995   292      289.9663      290.4841  5109662    0.18%
  93091 35261      290.5163   272      289.9663      290.4841  5130874    0.18%
Elapsed time = 1563.74 sec. (1425898.65 ticks, tree = 346.61 MB, solutions = 10)
  93672 35612      290.5017   223      289.9663      290.4841  5152226    0.18%
  94238 35956        cutoff            289.9663      290.4841  5173263    0.18%
  94810 36328      290.1299   235      289.9663      290.4841  5194372    0.18%
  95495 36728      290.3255   258      289.9663      290.4841  5214902    0.18%
  96060 37084        cutoff            289.9663      290.4841  5235780    0.18%
  96572 37397      290.4061   261      289.9663      290.4841  5256709    0.18%
  97211 37789      290.1335   255      289.9663      290.4841  5278040    0.18%
  97813 38154      290.4414   207      289.9663      290.4841  5299533    0.18%
  98453 38540      290.2332   113      289.9663      290.4841  5320129    0.18%
  99048 38863      290.5743   260      289.9663      290.4841  5342083    0.18%
Elapsed time = 1611.24 sec. (1464148.65 ticks, tree = 382.71 MB, solutions = 10)
  99643 39222      290.6187   257      289.9663      290.4841  5363217    0.18%
 100184 39547      290.4228   274      289.9663      290.4841  5384151    0.18%
 100813 39971      290.5297   169      289.9663      290.4841  5404532    0.18%
 101497 40416      290.1101   185      289.9663      290.4841  5425574    0.18%
 101927 40650        cutoff            289.9663      290.4841  5447117    0.18%
 102563 41040      290.5154   242      289.9663      290.4841  5468464    0.18%
 103167 41378      290.1596   251      289.9663      290.4841  5488891    0.18%
 103708 41725      290.0928   252      289.9663      290.4841  5510194    0.18%
 104251 42012      290.6454   318      289.9663      290.4841  5532019    0.18%
 104817 42334      290.0086   211      289.9663      290.4841  5554234    0.18%
Elapsed time = 1658.52 sec. (1502391.56 ticks, tree = 418.23 MB, solutions = 10)
 105441 42718      290.4119   257      289.9663      290.4841  5575063    0.18%
 106102 43112      290.2204   197      289.9663      290.4841  5596353    0.18%
 106674 43473      290.0575   202      289.9663      290.4841  5617132    0.18%
 107272 43808      290.3965   234      289.9663      290.4841  5637656    0.18%
 107967 44229      290.0549   121      289.9663      290.4841  5658796    0.18%
 108613 44593      290.0036   197      289.9663      290.4841  5680154    0.18%
 109182 44922      290.3029   257      289.9663      290.4841  5701986    0.18%
 109725 45252      290.0605   250      289.9663      290.4841  5723949    0.18%
 110252 45601      290.6896   198      289.9663      290.4841  5745107    0.18%
 110859 45971      290.1940   214      289.9663      290.4841  5766452    0.18%
Elapsed time = 1706.07 sec. (1540619.96 ticks, tree = 452.96 MB, solutions = 10)
 111557 46411      290.1018   174      289.9663      290.4841  5787477    0.18%
 112185 46802      290.6062   273      289.9663      290.4841  5808750    0.18%
 112829 47162      289.9809   217      289.9663      290.4841  5830318    0.18%
 113396 47523      289.9669   262      289.9663      290.4841  5851043    0.18%
 113940 47830      290.5065   252      289.9663      290.4841  5872956    0.18%
 114576 48225      290.6078   254      289.9663      290.4841  5893632    0.18%
 115162 48570      290.4374   260      289.9663      290.4841  5915027    0.18%
 115839 48977      289.9834   185      289.9663      290.4841  5935955    0.18%
 116429 49310      289.9981   119      289.9663      290.4841  5957593    0.18%
 117136 49763      290.3299   283      289.9663      290.4841  5978465    0.18%
Elapsed time = 1754.35 sec. (1578942.94 ticks, tree = 488.19 MB, solutions = 10)
 117588 50000      290.0571   216      289.9663      290.4841  6000459    0.18%
 118298 50425      289.9849   231      289.9663      290.4841  6022145    0.18%
 118997 50824      289.9912    95      289.9663      290.4841  6042987    0.18%
 119599 51170      289.9851   202      289.9663      290.4841  6063229    0.18%
 120224 51527      290.4901   241      289.9663      290.4841  6084369    0.18%
 120839 51904      290.3384   214      289.9663      290.4841  6106097    0.18%
 121474 52272      290.5194   268      289.9663      290.4841  6127274    0.18%
 122073 52640      290.1891   138      289.9663      290.4841  6147361    0.18%
 122653 52963        cutoff            289.9663      290.4841  6168440    0.18%
 123331 53371        cutoff            289.9663      290.4841  6189656    0.18%
Elapsed time = 1802.10 sec. (1617146.98 ticks, tree = 523.86 MB, solutions = 10)
 123945 53736      290.0064   136      289.9663      290.4841  6211415    0.18%
 124598 54168      290.4314   274      289.9663      290.4841  6231301    0.18%
 125234 54561      290.1010   200      289.9663      290.4841  6252199    0.18%
 125861 54942      290.5381   209      289.9663      290.4841  6272580    0.18%
 126524 55321      290.5610   244      289.9663      290.4841  6293884    0.18%
 127140 55676      290.4746   273      289.9663      290.4841  6315189    0.18%
 127722 56048      289.9689   110      289.9663      290.4841  6335280    0.18%
 128332 56455      290.2311    61      289.9663      290.4841  6355639    0.18%
 129021 56841      290.1427   168      289.9663      290.4841  6375293    0.18%
 129602 57161      290.5363   155      289.9663      290.4841  6395804    0.18%
Elapsed time = 1850.42 sec. (1655336.47 ticks, tree = 559.81 MB, solutions = 10)
 130319 57601      290.0448   155      289.9663      290.4841  6415592    0.18%
 130860 57882      290.1848   218      289.9663      290.4841  6435266    0.18%
 131440 58201      290.0426   266      289.9663      290.4841  6454772    0.18%
 131965 58517      290.0539   199      289.9663      290.4841  6475513    0.18%
 132453 58839        cutoff            289.9663      290.4841  6495553    0.18%
 132945 59101      290.5835   232      289.9663      290.4841  6516388    0.18%
 133531 59427      289.9702   196      289.9663      290.4841  6537486    0.18%
 134003 59695      290.4103   243      289.9663      290.4841  6557325    0.18%
 134612 60003      290.3043   280      289.9663      290.4841  6578016    0.18%
 135228 60363      290.0335   305      289.9663      290.4841  6598204    0.18%
Elapsed time = 1897.14 sec. (1693591.53 ticks, tree = 590.89 MB, solutions = 10)
 135777 60669      290.0733   175      289.9663      290.4841  6618681    0.18%
 136392 61007      290.1782   217      289.9663      290.4841  6639664    0.18%
 137086 61393      290.2966   222      289.9663      290.4841  6660151    0.18%
 137746 61748      290.0951   261      289.9663      290.4841  6680505    0.18%
 138343 62093      290.0922   153      289.9663      290.4841  6700642    0.18%
 138943 62460      289.9740   253      289.9663      290.4841  6720734    0.18%
 139560 62791      289.9822   213      289.9663      290.4841  6741115    0.18%
 140107 63090        cutoff            289.9663      290.4841  6763033    0.18%
 140682 63388      290.0293   194      289.9663      290.4841  6782808    0.18%
 141230 63697      290.4895   290      289.9663      290.4841  6802170    0.18%
Elapsed time = 1944.48 sec. (1731830.00 ticks, tree = 622.38 MB, solutions = 10)
 141743 63983      290.1127   218      289.9663      290.4841  6822361    0.18%
 142331 64312      289.9718   225      289.9663      290.4841  6841798    0.18%
 142803 64572      290.0148   279      289.9663      290.4841  6861200    0.18%
 143380 64895      290.3743   267      289.9663      290.4841  6882091    0.18%
 143893 65185      290.0393   261      289.9663      290.4841  6902667    0.18%
 144475 65517      290.4278   306      289.9663      290.4841  6922184    0.18%
 145041 65811      290.6460   234      289.9663      290.4841  6942523    0.18%
 145575 66110      290.0130   204      289.9663      290.4841  6962698    0.18%
 146159 66427      290.2341   237      289.9663      290.4841  6981709    0.18%
 146762 66797      290.0688   141      289.9663      290.4841  7001649    0.18%
Elapsed time = 1991.15 sec. (1770196.88 ticks, tree = 654.96 MB, solutions = 10)
 147260 67069      290.2163   219      289.9663      290.4841  7021989    0.18%
 147806 67371      289.9857   144      289.9663      290.4841  7042372    0.18%
 148500 67770      290.4052   275      289.9663      290.4841  7061708    0.18%
 149051 68076      290.1933   199      289.9663      290.4841  7082765    0.18%
 149576 68343      290.0702   207      289.9663      290.4841  7103547    0.18%
 150224 68681      290.0065   196      289.9663      290.4841  7124064    0.18%
 150796 69030      290.2645   236      289.9663      290.4841  7144487    0.18%
 151332 69342      290.2527   201      289.9663      290.4841  7165123    0.18%
 151962 69706      290.3855   254      289.9663      290.4841  7186058    0.18%
 152602 70103      290.2212   229      289.9663      290.4841  7206542    0.18%
Elapsed time = 2038.06 sec. (1808488.74 ticks, tree = 685.60 MB, solutions = 10)
 153120 70398        cutoff            289.9663      290.4841  7227664    0.18%
 153676 70717      290.0624   196      289.9663      290.4841  7247755    0.18%
 154308 71093      289.9944   256      289.9663      290.4841  7267818    0.18%
 154861 71407      290.3737   274      289.9663      290.4841  7288530    0.18%
 155450 71733      290.0618   272      289.9663      290.4841  7309963    0.18%
 156008 72039      290.2072   247      289.9663      290.4841  7330813    0.18%
 156537 72336      290.0607   169      289.9663      290.4841  7351112    0.18%
 157203 72736      290.1048   277      289.9663      290.4841  7371464    0.18%
 157800 73065      289.9951   280      289.9663      290.4841  7391361    0.18%
 158362 73386      290.0965   202      289.9663      290.4841  7412321    0.18%
Elapsed time = 2084.97 sec. (1846756.36 ticks, tree = 720.91 MB, solutions = 10)
 159037 73752      289.9776   254      289.9663      290.4841  7432294    0.18%
 159581 74043      290.4786   225      289.9663      290.4841  7452086    0.18%
 160186 74404      290.6398   238      289.9663      290.4841  7472017    0.18%
 160724 74709      290.2031   258      289.9663      290.4841  7493018    0.18%
 161231 75005      290.1951   278      289.9663      290.4841  7513789    0.18%
 161851 75334      290.4917   250      289.9663      290.4841  7533766    0.18%
 162402 75667      290.0276   136      289.9663      290.4841  7554158    0.18%
 163019 76035      290.2050   238      289.9663      290.4841  7574272    0.18%
 163581 76340      290.0872   307      289.9663      290.4841  7594560    0.18%
 164230 76724      289.9728   233      289.9663      290.4841  7613709    0.18%
Elapsed time = 2131.87 sec. (1885038.49 ticks, tree = 754.55 MB, solutions = 10)
 164886 77068      290.5043   244      289.9663      290.4841  7634082    0.18%
 165488 77403      290.4798   282      289.9663      290.4841  7654448    0.18%
 166202 77798      290.0730   165      289.9663      290.4841  7673861    0.18%
 166852 78171      290.4745   245      289.9663      290.4841  7694144    0.18%
 167369 78463        cutoff            289.9663      290.4841  7715639    0.18%
 167968 78777      289.9750   168      289.9663      290.4841  7735529    0.18%
 168588 79140      290.4988   218      289.9663      290.4841  7755694    0.18%
 169156 79440      290.3114   227      289.9663      290.4841  7776891    0.18%
 169715 79753      290.3527   265      289.9663      290.4841  7797266    0.18%
 170354 80114      290.4700   264      289.9663      290.4841  7817459    0.18%
Elapsed time = 2179.42 sec. (1923297.49 ticks, tree = 787.51 MB, solutions = 10)
 170867 80386      290.5686   217      289.9663      290.4841  7837449    0.18%
 171458 80720      290.1824   205      289.9663      290.4841  7857578    0.18%
 172035 81014      290.1977   210      289.9663      290.4841  7878099    0.18%
 172677 81371      290.0727   225      289.9663      290.4841  7898499    0.18%
 173208 81660      289.9722   282      289.9663      290.4841  7918657    0.18%
 173877 82027      290.1809   222      289.9663      290.4841  7938358    0.18%
 174534 82394      290.3868   269      289.9663      290.4841  7958823    0.18%
 175214 82795      290.0027   127      289.9663      290.4841  7978766    0.18%
 175772 83085      290.2389   197      289.9663      290.4841  7999473    0.18%
 176363 83398      289.9709   153      289.9663      290.4841  8019863    0.18%
Elapsed time = 2226.60 sec. (1961569.39 ticks, tree = 824.51 MB, solutions = 10)
 176918 83702      290.2811   289      289.9663      290.4841  8040245    0.18%
 177600 84100      289.9685   221      289.9663      290.4841  8059833    0.18%
 178117 84392      290.5774   213      289.9663      290.4841  8080732    0.18%
 178808 84803      290.0123   239      289.9663      290.4841  8101464    0.18%
 179421 85131      290.2983   296      289.9663      290.4841  8121448    0.18%
 180040 85424      290.2548   226      289.9663      290.4841  8141282    0.18%
 180682 85788      290.3589   296      289.9663      290.4841  8160553    0.18%
 181232 86075      290.0234   205      289.9663      290.4841  8179420    0.18%
 181835 86386      290.2296   213      289.9663      290.4841  8198511    0.18%
 182382 86668        cutoff            289.9663      290.4841  8218472    0.18%
Elapsed time = 2274.26 sec. (1999917.40 ticks, tree = 862.08 MB, solutions = 10)
 182990 86990      290.1966   219      289.9663      290.4841  8238810    0.18%
 183511 87277      290.4063   290      289.9663      290.4841  8258525    0.18%
 184004 87530        cutoff            289.9663      290.4841  8277972    0.18%
 184616 87834      289.9736   181      289.9663      290.4841  8298441    0.18%
 185196 88163      290.0386   275      289.9663      290.4841  8318389    0.18%
 185697 88417      289.9877   180      289.9663      290.4841  8340338    0.18%
 186294 88742      290.3944   207      289.9663      290.4841  8359964    0.18%
 186824 89018      290.0567   201      289.9663      290.4841  8379720    0.18%
 187344 89270      290.0551   251      289.9663      290.4841  8399836    0.18%
 187986 89649      290.0882   103      289.9663      290.4841  8419425    0.18%
Elapsed time = 2320.79 sec. (2038119.89 ticks, tree = 894.04 MB, solutions = 10)
 188712 90044      289.9873   171      289.9663      290.4841  8438655    0.18%
 189237 90329        cutoff            289.9663      290.4841  8458989    0.18%
 189796 90643      290.0285   146      289.9663      290.4841  8478325    0.18%
 190414 91021        cutoff            289.9663      290.4841  8497895    0.18%
 191027 91348      290.0988   285      289.9663      290.4841  8517934    0.18%
 191577 91656      290.5964   243      289.9663      290.4841  8537515    0.18%
 192322 92076      290.0007   218      289.9663      290.4841  8556510    0.18%
 192909 92363      290.2456   267      289.9663      290.4841  8576589    0.18%
 193396 92612      290.1586   303      289.9663      290.4841  8597057    0.18%
 193949 92923      290.1768   221      289.9663      290.4841  8617013    0.18%
Elapsed time = 2368.03 sec. (2076337.37 ticks, tree = 930.06 MB, solutions = 10)
 194484 93177      290.2132   233      289.9663      290.4841  8637272    0.18%
 195122 93548      290.3898   232      289.9663      290.4841  8657644    0.18%
 195744 93880      290.2794   289      289.9663      290.4841  8677820    0.18%
 196362 94173      290.1218   169      289.9663      290.4841  8698197    0.18%
 196941 94474      290.0072   210      289.9663      290.4841  8717688    0.18%
 197513 94770        cutoff            289.9663      290.4841  8738715    0.18%
 198069 95073      290.2098   291      289.9663      290.4841  8758961    0.18%
 198624 95375      290.0020   172      289.9663      290.4841  8779930    0.18%
 199237 95682      290.2089   220      289.9663      290.4841  8800007    0.18%
 199821 95993      290.1784   240      289.9663      290.4841  8819712    0.18%
Elapsed time = 2415.01 sec. (2114597.35 ticks, tree = 961.78 MB, solutions = 10)
 200432 96355      290.0174    58      289.9663      290.4841  8839882    0.18%
 201024 96691        cutoff            289.9663      290.4841  8860024    0.18%
 201545 96954      290.3827   195      289.9663      290.4841  8880515    0.18%
 202076 97245        cutoff            289.9663      290.4841  8901180    0.18%
 202692 97556      290.0772   220      289.9663      290.4841  8921185    0.18%
 203252 97860      290.2528   223      289.9663      290.4841  8940987    0.18%
 203879 98217      290.0175   208      289.9663      290.4841  8961454    0.18%
 204479 98553      290.0949   339      289.9663      290.4841  8981631    0.18%
 205042 98865      290.0693   174      289.9663      290.4841  9002337    0.18%
 205602 99140      289.9722   107      289.9663      290.4841  9022346    0.18%
Elapsed time = 2461.56 sec. (2152818.50 ticks, tree = 992.75 MB, solutions = 10)
 206162 99413      289.9769   116      289.9663      290.4841  9041445    0.18%
 206617 99636      290.3796   278      289.9663      290.4841  9061068    0.18%
 207151 99920      290.0603   238      289.9663      290.4841  9080673    0.18%
 207695 100215      290.4237   257      289.9663      290.4841  9100596    0.18%
 208292 100502      290.5699   264      289.9663      290.4841  9120002    0.18%
 208879 100815      290.1239   231      289.9663      290.4841  9140391    0.18%
 209491 101149      289.9852   245      289.9663      290.4841  9160402    0.18%
 210063 101454      290.4176   220      289.9663      290.4841  9179411    0.18%
 210719 101818      290.0327    95      289.9663      290.4841  9199058    0.18%
 211249 102078      290.4974   281      289.9663      290.4841  9218718    0.18%
Elapsed time = 2508.43 sec. (2191085.08 ticks, tree = 1023.00 MB, solutions = 10)
 211842 102386      290.4138   224      289.9663      290.4841  9238393    0.18%
 212485 102712        cutoff            289.9663      290.4841  9257751    0.18%
 213072 103034      289.9849   103      289.9663      290.4841  9276874    0.18%
 213608 103357      290.0353   267      289.9663      290.4841  9296823    0.18%
 214242 103695      290.1599   286      289.9663      290.4841  9317828    0.18%
 214847 104024      290.3522   245      289.9663      290.4841  9337328    0.18%
 215452 104365      290.2194   196      289.9663      290.4841  9356623    0.18%
 216018 104650      290.3210   252      289.9663      290.4841  9377180    0.18%
 216710 105043      290.0289   254      289.9663      290.4841  9397225    0.18%
 217291 105344      290.4111   228      289.9663      290.4841  9418033    0.18%
Elapsed time = 2556.40 sec. (2229385.42 ticks, tree = 1056.77 MB, solutions = 10)
 217924 105677        cutoff            289.9663      290.4841  9437895    0.18%
 218489 105973      290.2662   254      289.9663      290.4841  9458186    0.18%
 219129 106331      290.0815   315      289.9663      290.4841  9478157    0.18%
 219688 106647      289.9845   149      289.9663      290.4841  9498874    0.18%
 220205 106908      290.0805   295      289.9663      290.4841  9521855    0.18%
 220773 107205      290.3318   273      289.9663      290.4841  9542487    0.18%
 221391 107551      290.4851   230      289.9663      290.4841  9562616    0.18%
 221993 107883      290.2202   306      289.9663      290.4841  9582270    0.18%
 222642 108208      290.0677    74      289.9663      290.4841  9601666    0.18%
 223169 108490      290.3082   336      289.9663      290.4841  9621668    0.18%
Elapsed time = 2603.89 sec. (2267716.28 ticks, tree = 1081.79 MB, solutions = 10)
 223751 108787      290.3076   281      289.9663      290.4841  9641345    0.18%
 224335 109122      290.2557   281      289.9663      290.4841  9660957    0.18%
 224962 109464      290.2215   209      289.9663      290.4841  9680684    0.18%
 225592 109798      290.1017   123      289.9663      290.4841  9701082    0.18%
 226109 110064      290.2430   161      289.9663      290.4841  9720676    0.18%
 226716 110378      290.0244   186      289.9663      290.4841  9740833    0.18%
 227332 110719      290.3046   231      289.9663      290.4841  9760565    0.18%
 227856 110996      290.1498   260      289.9663      290.4841  9780179    0.18%
 228465 111334      290.3589   278      289.9663      290.4841  9799037    0.18%
 229022 111628      290.2570   138      289.9663      290.4841  9818042    0.18%
Elapsed time = 2651.21 sec. (2305948.48 ticks, tree = 1105.05 MB, solutions = 10)
 229574 111886      290.3824   241      289.9663      290.4841  9836646    0.18%
 230153 112187      290.2849   224      289.9663      290.4841  9856154    0.18%
 230672 112420      290.0580   255      289.9663      290.4841  9874893    0.18%
 231294 112794      290.5052   216      289.9663      290.4841  9893654    0.18%
 231854 113101      290.0550   286      289.9663      290.4841  9913214    0.18%
 232342 113354      290.0016   190      289.9663      290.4841  9933731    0.18%
 232892 113643      290.1006   234      289.9663      290.4841  9953322    0.18%
 233446 113937      290.2465   280      289.9663      290.4841  9973601    0.18%
 233974 114247      290.1153   109      289.9663      290.4841  9993610    0.18%
 234652 114618      290.3337   264      289.9663      290.4841 10012648    0.18%
Elapsed time = 2697.74 sec. (2344241.37 ticks, tree = 1141.70 MB, solutions = 10)
 235231 114907        cutoff            289.9663      290.4841 10031198    0.18%
 235826 115242        cutoff            289.9663      290.4841 10050470    0.18%
 236461 115586      290.5681   298      289.9663      290.4841 10070373    0.18%
 237042 115877      290.0327   195      289.9663      290.4841 10090758    0.18%
 237652 116200      290.5070   218      289.9663      290.4841 10109216    0.18%
 238190 116477        cutoff            289.9663      290.4841 10128312    0.18%
 238833 116792      290.3520   308      289.9663      290.4841 10146946    0.18%
 239375 117107      290.1038   244      289.9663      290.4841 10167211    0.18%
 239956 117388      290.3233   158      289.9663      290.4841 10186518    0.18%
 240561 117710      290.3594   238      289.9663      290.4841 10205019    0.18%
Elapsed time = 2744.53 sec. (2382532.63 ticks, tree = 1172.42 MB, solutions = 10)
 241162 118039      290.0284   243      289.9663      290.4841 10224519    0.18%
 241623 118287      290.2460   245      289.9663      290.4841 10244377    0.18%
 242190 118611      290.0295   252      289.9663      290.4841 10264228    0.18%
 242797 118939      289.9903   197      289.9663      290.4841 10283543    0.18%
 243459 119294      290.0381   294      289.9663      290.4841 10302928    0.18%
 243986 119572        cutoff            289.9663      290.4841 10323205    0.18%
 244619 119888      290.4324   197      289.9663      290.4841 10342728    0.18%
 245141 120140      290.3617   323      289.9663      290.4841 10362311    0.18%
 245722 120455      290.4782   190      289.9663      290.4841 10381436    0.18%
 246263 120769      290.1872   291      289.9663      290.4841 10400103    0.18%
Elapsed time = 2790.66 sec. (2420751.82 ticks, tree = 1204.62 MB, solutions = 10)
 246889 121099      289.9793   232      289.9663      290.4841 10419039    0.18%
 247475 121409      290.5510   281      289.9663      290.4841 10439235    0.18%
 248055 121721        cutoff            289.9663      290.4841 10458340    0.18%
 248590 122025      290.1418   300      289.9663      290.4841 10478025    0.18%
 249187 122310      290.0809   190      289.9663      290.4841 10497845    0.18%
 249917 122686        cutoff            289.9663      290.4841 10516851    0.18%
 250456 122927      289.9991   263      289.9663      290.4841 10536161    0.18%
 250970 123182      290.4351   205      289.9663      290.4841 10556487    0.18%
 251551 123533      290.2663   220      289.9663      290.4841 10574900    0.18%
 252096 123815      290.1144   244      289.9663      290.4841 10594050    0.18%
Elapsed time = 2836.94 sec. (2458949.71 ticks, tree = 1241.26 MB, solutions = 10)
 252512 124029      290.3600   266      289.9663      290.4841 10614295    0.18%
 252963 124257      290.5766   291      289.9663      290.4841 10634294    0.18%
 253404 124462      290.2434   291      289.9663      290.4841 10654586    0.18%
 253919 124747      290.5138   213      289.9663      290.4841 10675558    0.18%
 254528 125038      290.2670   301      289.9663      290.4841 10695557    0.18%
 255112 125326      290.1877   195      289.9663      290.4841 10716042    0.18%
 255710 125632      290.0693   211      289.9663      290.4841 10735916    0.18%
 256278 125929      290.0715   279      289.9663      290.4841 10756189    0.18%
 256792 126186      290.1271   251      289.9663      290.4841 10775657    0.18%
 257345 126452        cutoff            289.9663      290.4841 10794971    0.18%
Elapsed time = 2882.11 sec. (2497307.86 ticks, tree = 1266.10 MB, solutions = 10)
 257862 126688      290.5493   258      289.9663      290.4841 10815076    0.18%
 258362 126945      289.9672   121      289.9663      290.4841 10834579    0.18%
 258960 127275      290.3649   277      289.9663      290.4841 10853186    0.18%
 259514 127579      290.5484   249      289.9663      290.4841 10872456    0.18%
 260104 127883      290.1542   119      289.9663      290.4841 10891691    0.18%
 260730 128192      290.0604    81      289.9663      290.4841 10911013    0.18%
 261368 128514      290.5264   267      289.9663      290.4841 10929289    0.18%
 261974 128810      289.9784   240      289.9663      290.4841 10947933    0.18%
 262437 129062      289.9850   350      289.9663      290.4841 10966163    0.18%
 262904 129280      290.3202   278      289.9663      290.4841 10985881    0.18%
Elapsed time = 2928.06 sec. (2535540.62 ticks, tree = 1297.28 MB, solutions = 10)
 263410 129518        cutoff            289.9663      290.4841 11005136    0.18%
 263979 129837      290.1389   290      289.9663      290.4841 11024609    0.18%
 264449 130060      290.0846   265      289.9663      290.4841 11044853    0.18%
 264978 130339      289.9889   303      289.9663      290.4841 11064666    0.18%
 265500 130589      290.2554   273      289.9663      290.4841 11085130    0.18%
 266077 130893      290.4902   231      289.9663      290.4841 11104927    0.18%
 266608 131222      290.0351   171      289.9663      290.4841 11123346    0.18%
 267201 131514      290.2181   218      289.9663      290.4841 11142854    0.18%
 267763 131789      290.4931   203      289.9663      290.4841 11162741    0.18%
 268419 132143      290.0141   216      289.9663      290.4841 11181523    0.18%
Elapsed time = 2973.98 sec. (2573795.37 ticks, tree = 1326.65 MB, solutions = 10)
 268991 132480      290.0012   257      289.9663      290.4841 11200959    0.18%
 269542 132751      290.4866   245      289.9663      290.4841 11220696    0.18%
 270104 133048        cutoff            289.9663      290.4841 11240704    0.18%
 270710 133369      290.2315   199      289.9663      290.4841 11260406    0.18%
 271202 133588      290.3783   243      289.9663      290.4841 11279624    0.18%
 271712 133865      290.1313   220      289.9663      290.4841 11299085    0.18%
 272251 134115      289.9975   123      289.9663      290.4841 11318939    0.18%
 272811 134415      290.4870   255      289.9663      290.4841 11338492    0.18%
 273335 134695      290.3301   178      289.9663      290.4841 11358286    0.18%
 273844 134902      290.0322   235      289.9663      290.4841 11378536    0.18%
Elapsed time = 3019.74 sec. (2612011.91 ticks, tree = 1351.74 MB, solutions = 10)
 274422 135159      290.1402   327      289.9663      290.4841 11398762    0.18%
 275005 135453      289.9745   267      289.9663      290.4841 11419539    0.18%
 275581 135757      290.4312   244      289.9663      290.4841 11441065    0.18%
 276154 136067      290.2725   292      289.9663      290.4841 11460671    0.18%
 276846 136439      290.2076   262      289.9663      290.4841 11479424    0.18%
 277390 136682      289.9921   153      289.9663      290.4841 11499361    0.18%
 277878 136913        cutoff            289.9663      290.4841 11519344    0.18%
 278352 137134      290.2331   274      289.9663      290.4841 11541642    0.18%
 278870 137417      290.2862   182      289.9663      290.4841 11561163    0.18%
 279440 137720      290.2297   163      289.9663      290.4841 11579241    0.18%
Elapsed time = 3066.12 sec. (2650309.59 ticks, tree = 1379.89 MB, solutions = 10)
 279928 137951      290.0013   222      289.9663      290.4841 11598821    0.18%
 280469 138229      290.3656   246      289.9663      290.4841 11618550    0.18%
 280975 138476      290.0657   265      289.9663      290.4841 11637839    0.18%
 281622 138780      290.1203   262      289.9663      290.4841 11659237    0.18%
 282110 138995      290.0546   197      289.9663      290.4841 11680730    0.18%
 282733 139291      290.0922   263      289.9663      290.4841 11701976    0.18%
 283231 139512      290.1724   201      289.9663      290.4841 11723363    0.18%
 283881 139851      290.1568    95      289.9663      290.4841 11744900    0.18%
 284368 140088      290.0960   208      289.9663      290.4841 11765339    0.18%
 284923 140370      290.5455   228      289.9663      290.4841 11787000    0.18%
Elapsed time = 3111.78 sec. (2688511.36 ticks, tree = 1406.05 MB, solutions = 10)
 285477 140649      290.0674   221      289.9663      290.4841 11808562    0.18%
 286168 140978        cutoff            289.9663      290.4841 11829928    0.18%
 286823 141312      290.0038   258      289.9663      290.4841 11850820    0.18%
 287472 141655      290.5312   165      289.9663      290.4841 11871720    0.18%
 288024 141910      290.0378   241      289.9663      290.4841 11893015    0.18%
 288580 142212      290.5377   252      289.9663      290.4841 11914359    0.18%
 289195 142499      290.5519   195      289.9663      290.4841 11935699    0.18%
 289802 142798      290.4087   250      289.9663      290.4841 11957397    0.18%
 290428 143129      289.9802    74      289.9663      290.4841 11979070    0.18%
 290978 143399      290.0258   269      289.9663      290.4841 11999996    0.18%
Elapsed time = 3158.63 sec. (2726778.04 ticks, tree = 1436.65 MB, solutions = 10)
 291571 143696      290.1343   252      289.9663      290.4841 12020110    0.18%
 292120 143973      290.1768   249      289.9663      290.4841 12040923    0.18%
 292635 144196        cutoff            289.9663      290.4841 12062230    0.18%
 293212 144520      290.3416   252      289.9663      290.4841 12082741    0.18%
 293755 144800      289.9819   208      289.9663      290.4841 12103401    0.18%
 294262 145076        cutoff            289.9663      290.4841 12122708    0.18%
 294742 145315      290.0414   188      289.9663      290.4841 12142778    0.18%
 295379 145660      290.1565   228      289.9663      290.4841 12162510    0.18%
 295958 145947      290.2462   275      289.9663      290.4841 12182024    0.18%
 296405 146170      290.0099   252      289.9663      290.4841 12202036    0.18%
Elapsed time = 3204.26 sec. (2765005.13 ticks, tree = 1464.52 MB, solutions = 10)
 296952 146421      290.1392   200      289.9663      290.4841 12222031    0.18%
 297510 146673      290.0007   235      289.9663      290.4841 12242844    0.18%
 298161 146995      290.3691   324      289.9663      290.4841 12263533    0.18%
 298678 147247        cutoff            289.9663      290.4841 12284912    0.18%
 299230 147512      290.0704   104      289.9663      290.4841 12304747    0.18%
 299861 147824      290.3645   266      289.9663      290.4841 12326148    0.18%
 300350 148068      290.1783   293      289.9663      290.4841 12347640    0.18%
Starting limited solution polishing.
 300876 148311      290.2884   222      289.9663      290.4841 12369017    0.18%
 301462 148646      290.1049   104      289.9663      290.4841 12388694    0.18%
 301939 148875      290.0231   247      289.9663      290.4841 12406837    0.18%
Elapsed time = 3250.63 sec. (2803273.48 ticks, tree = 1492.03 MB, solutions = 10)
 302462 149132      290.4164   163      289.9663      290.4841 12422437    0.18%
 302862 149345      290.0768   218      289.9663      290.4841 12435711    0.18%
 303310 149555        cutoff            289.9663      290.4841 12450305    0.18%
 303662 149755      290.1333   238      289.9663      290.4841 12461422    0.18%
 304062 149956      290.3072   279      289.9663      290.4841 12473765    0.18%
 304438 150103        cutoff            289.9663      290.4841 12486900    0.18%
 304794 150273      289.9871   282      289.9663      290.4841 12500002    0.18%
 305162 150437      290.4053   154      289.9663      290.4841 12513397    0.18%
 305498 150608      290.2139   195      289.9663      290.4841 12525226    0.18%
 305929 150831      290.3811   292      289.9663      290.4841 12537354    0.18%
Elapsed time = 3298.04 sec. (2842404.62 ticks, tree = 1514.12 MB, solutions = 10)
 306259 150981      290.1548   302      289.9663      290.4841 12550115    0.18%
 306662 151147      290.5451   270      289.9663      290.4841 12565931    0.18%
 306962 151317      290.0744   222      289.9663      290.4841 12576888    0.18%
 307368 151514      289.9796   128      289.9663      290.4841 12588185    0.18%
 307862 151746      290.4539   243      289.9663      290.4841 12606063    0.18%
 308262 151929      290.2445   130      289.9663      290.4841 12620393    0.18%
 308673 152121      290.0249   218      289.9663      290.4841 12633810    0.18%
 309062 152315      290.3288   184      289.9663      290.4841 12648031    0.18%
 309502 152544      290.4362   292      289.9663      290.4841 12660955    0.18%
 309862 152745      289.9811   309      289.9663      290.4841 12675239    0.18%
Elapsed time = 3346.93 sec. (2883402.77 ticks, tree = 1534.67 MB, solutions = 10)
 310262 152932      290.1013   161      289.9663      290.4841 12690606    0.18%
 310678 153134      289.9959   171      289.9663      290.4841 12702212    0.18%
 310962 153266      290.4931   288      289.9663      290.4841 12711200    0.18%
 311332 153469      290.3710   234      289.9663      290.4841 12721920    0.18%
 311562 153569      290.2443   230      289.9663      290.4841 12727924    0.18%
 312044 153811      290.1359   244      289.9663      290.4841 12743370    0.18%
 312444 154006        cutoff            289.9663      290.4841 12756491    0.18%
 312662 154099      290.0540   291      289.9663      290.4841 12767736    0.18%
 313062 154279      290.0281   104      289.9663      290.4841 12778946    0.18%
 313481 154494      290.2180   154      289.9663      290.4841 12793879    0.18%
Elapsed time = 3395.20 sec. (2923896.52 ticks, tree = 1553.27 MB, solutions = 10)
 313762 154624      290.1206   240      289.9663      290.4841 12803832    0.18%
 314079 154767      290.3255   266      289.9663      290.4841 12813830    0.18%
 314440 154942      290.2230   224      289.9663      290.4841 12828688    0.18%
 314762 155082      289.9937   194      289.9663      290.4841 12840804    0.18%
 315246 155271      290.2923   314      289.9663      290.4841 12854553    0.18%
 315377 155332      290.4126   308      289.9663      290.4841 12861026    0.18%
 315753 155491      290.0032   186      289.9663      290.4841 12875932    0.18%
 316124 155679      290.3373   251      289.9663      290.4841 12888511    0.18%
 316408 155827      290.0793   190      289.9663      290.4841 12900537    0.18%
 316662 155937      290.1436   253      289.9663      290.4841 12910165    0.18%
Elapsed time = 3443.07 sec. (2964660.30 ticks, tree = 1564.82 MB, solutions = 10)
 317066 156165      290.0164   201      289.9663      290.4841 12922586    0.18%
 317529 156400        cutoff            289.9663      290.4841 12938667    0.18%
 317851 156573      290.1464   222      289.9663      290.4841 12949921    0.18%
 318161 156720      290.2033   218      289.9663      290.4841 12960938    0.18%
 318536 156926      289.9752   264      289.9663      290.4841 12973565    0.18%
 318845 157086      290.1339   236      289.9663      290.4841 12983166    0.18%
 319579 157448        cutoff            289.9663      290.4841 13004121    0.18%
 320177 157726      290.2303   294      289.9663      290.4841 13025637    0.18%
 320707 157966      290.1000   266      289.9663      290.4841 13046909    0.18%
 321129 158172      289.9885   221      289.9663      290.4841 13063330    0.18%
Elapsed time = 3489.51 sec. (3002854.58 ticks, tree = 1589.69 MB, solutions = 10)
 321826 158469      289.9820   224      289.9663      290.4841 13084968    0.18%
 322473 158768      289.9697   191      289.9663      290.4841 13106592    0.18%
 323037 159027      290.1097   232      289.9663      290.4841 13128028    0.18%
 323610 159308        cutoff            289.9663      290.4841 13149031    0.18%
 324180 159587        cutoff            289.9663      290.4841 13168991    0.18%
 324710 159832      290.0725   230      289.9663      290.4841 13191017    0.18%
 325012 159985      290.0758   183      289.9663      290.4841 13206579    0.18%
 325546 160259      290.0007   256      289.9663      290.4841 13227405    0.18%
 326142 160580      289.9692   222      289.9663      290.4841 13249358    0.18%
 326799 160922      290.2967   192      289.9663      290.4841 13271530    0.18%
Elapsed time = 3535.52 sec. (3041079.43 ticks, tree = 1609.31 MB, solutions = 10)
 327388 161209      290.0334   296      289.9663      290.4841 13293221    0.18%
 327956 161470        cutoff            289.9663      290.4841 13310707    0.18%
 328582 161762      290.0052   201      289.9663      290.4841 13330909    0.18%
 329260 162127      289.9964   219      289.9663      290.4841 13351720    0.18%
 329886 162426      290.1714   228      289.9663      290.4841 13372524    0.18%
 330400 162684      290.0605    53      289.9663      290.4841 13387982    0.18%
 330950 162951      290.3593   286      289.9663      290.4841 13408966    0.18%
 331592 163246      290.0242   235      289.9663      290.4841 13430424    0.18%
 332307 163605      290.0834   241      289.9663      290.4841 13452074    0.18%
 332846 163873        cutoff            289.9663      290.4841 13473374    0.18%
Elapsed time = 3582.41 sec. (3079326.84 ticks, tree = 1638.65 MB, solutions = 10)
 333292 164094      290.0939   230      289.9663      290.4841 13490803    0.18%
 334026 164451      289.9909   104      289.9663      290.4841 13511702    0.18%
 334636 164720      290.2562   259      289.9663      290.4841 13532375    0.18%

Implied bound cuts applied:  1
Flow cuts applied:  36
Mixed integer rounding cuts applied:  205
Lift and project cuts applied:  10
Gomory fractional cuts applied:  3
User cuts applied:  876

Root node processing (before b&c):
  Real time             =    2.78 sec. (2468.55 ticks)
Sequential b&c:
  Real time             = 3597.22 sec. (3092020.50 ticks)
                          ------------
Total (root+branch&cut) = 3600.00 sec. (3094489.05 ticks)
|V|                                     400
K                                       80
theta                                   0.10
r                                       2
R                                       20
prob_func                               facility_mixture
mixture_low_share                       0.100000
mixture_low_interval                    [0.001000, 0.010000]
mixture_high_interval                   [0.100000, 0.500000]
mixture_seed                            1
#C1                                     526
#CP                                     5222

@Parameters: 
am_callback_heuristic                   false
am_local_search                         true
am_start_heuristic                      false
colocation                              true
comp                                    false
cutC                                    true
cutC_init                               false
cutF                                    true
cutF_init                               false
cutF_stable                             false
cutF_wrong                              false
cutLocal                                false
cutM                                    true
cutM_init                               true
cutM_stable                             false
cutP                                    true
cutP_init                               false
cutP_stable                             false
init                                    true
init_cutF_zero                          false
init_val_greedy                         true
is_Euclidean                            false
is_local_search                         false
is_right_cutP                           true
is_root                                 false
is_silent                               false
is_start                                false
mycut                                   false
pmed                                    false
pre                                     true
stable_root                             false
str                                     false
two_phase                               false
ubstr                                   false
mode                                    Int

am_callback_node_space                  50
init                                    0
mixture_seed                            1
node_space                              5
nodelimit                               -1
nsepa                                   1
strF                                    0
type_delta                              0

EPS                                     0.001000
EPS_FRAC                                0.00
gap                                     0.00
mixture_high_max                        0.50
mixture_high_min                        0.10
mixture_low_max                         0.01
mixture_low_min                         0.00
mixture_low_share                       0.10
timelimit                               3600.00

Number of Closed Sites: 13 / 1040 
Number of Confined Sites-1: 14 / 1106 
Number of Confined Sites-k: 373 / 7842 
Preprocess Time: 0.69 + 0.00 sec

Solve Time: 3600.00
Number of Nodes: 335104
Termination Status: TIME_LIMIT

CutInfo: [phase] num / time (sec) / aver. num_nonzero
max              [LP]     0 / 0.00 / 0.00 [init]   291 / 0.00 / 1.62 [rLC]   224 / 0.01 / 4.87 [rUC]   680 / 0.04 / 3.05 [sLC]     4 / 0.05 / 3.50 [sUC]   597 / 1.67 / 3.59 
prod_oa          [LP]     0 / 0.00 / 0.00 [init]   291 / 0.00 / 12.77 [rLC]   399 / 0.00 / 15.79 [rUC]   388 / 0.04 / 17.07 [sLC]   386 / 0.04 / 18.80 [sUC]   650 / 1.58 / 16.52 
prod_sm_fixed    [LP]     0 / 0.00 / 0.00 [init]     0 / 0.00 / 0.00 [rLC]     0 / 0.00 / 0.00 [rUC]     0 / 0.00 / 0.00 [sLC]     0 / 0.00 / 0.00 [sUC]     0 / 0.00 / 0.00 
prod_bin         [LP]     0 / 0.00 / 0.00 [init]     0 / 0.00 / 0.00 [rLC]     0 / 0.00 / 0.00 [rUC]     0 / 0.00 / 0.00 [sLC]     0 / 0.00 / 0.00 [sUC]     0 / 0.00 / 0.00 
prod_local       [LP]     0 / 0.00 / 0.00 [init]     0 / 0.00 / 0.00 [rLC]     0 / 0.00 / 0.00 [rUC]     0 / 0.00 / 0.00 [sLC]     0 / 0.00 / 0.00 [sUC]     0 / 0.00 / 0.00 
prod_sm_C        [LP]     0 / 0.00 / 0.00 [init]     0 / 0.01 / 0.00 [rLC]     0 / 0.02 / 0.00 [rUC]  1277 / 0.22 / 25.46 [sLC]     0 / 0.18 / 0.00 [sUC]  3510 / 8.05 / 31.87 
facet            [LP]     0 / 0.00 / 0.00 [init]     0 / 0.00 / 0.00 [rLC]     0 / 0.00 / 0.00 [rUC]  1277 / 0.00 / 0.00 [sLC]     0 / 0.00 / 0.00 [sUC]  3510 / 0.00 / 0.00 
Separation Round:   [LP] 0  [init] 1  [rLC] 3  [rUC] 21  [sLC] 25  [sUC] 555074  
Root Best Bound 292.305655
Root Best Integer: 288.973018
Best Bound: 290.484099
Best Integer: 289.966349
1: 4, 5, 13, 15, 20, 22, 29, 32, 33, 34, 35, 39, 43, 59, 60, 72, 79, 83, 85, 109, 111, 120, 126, 132, 134, 135, 137, 143, 149, 157, 161, 163, 167, 172, 174, 178, 183, 185, 189, 197, 199, 201, 209, 227, 238, 241, 246, 265, 292, 294, 295, 298, 309, 311, 325, 332, 333, 334, 341, 345, 351, 352, 358, 362, 363, 368, 376, 379, 383, 384, 393, 398
2: 212, 284, 317, 360
Objective Value (calc): 289.958435
sum_etaM = 220.741895 / 220.741895
sum_etaP = 297.657955 / 297.649162
nL: 76
nCL: 4
mCL: 2
