Version identifier: 20.1.0.0 | 2020-11-10 | 9bedb6d68
CPXPARAM_Threads                                 1
CPXPARAM_TimeLimit                               3600
CPXPARAM_MIP_Tolerances_MIPGap                   0
Generic callback                                 0x60
1 of 1 MIP starts provided solutions.
MIP start 'm1' defined initial solution with objective 315.3641.
Tried aggregator 1 time.
Reduced MIP has 1139 rows, 1800 columns, and 34569 nonzeros.
Reduced MIP has 600 binaries, 0 generals, 0 SOSs, and 0 indicators.
Presolve time = 0.01 sec. (7.66 ticks)
Probing time = 0.00 sec. (1.66 ticks)
Tried aggregator 1 time.
Reduced MIP has 1139 rows, 1800 columns, and 34569 nonzeros.
Reduced MIP has 600 binaries, 0 generals, 0 SOSs, and 0 indicators.
Presolve time = 0.01 sec. (7.66 ticks)
Probing time = 0.00 sec. (1.66 ticks)
MIP emphasis: balance optimality and feasibility.
MIP search method: dynamic search.
Parallel mode: none, using 1 thread.
Root relaxation solution time = 0.05 sec. (65.46 ticks)

        Nodes                                         Cuts/
   Node  Left     Objective  IInf  Best Integer    Best Bound    ItCnt     Gap

*     0+    0                          315.3641      600.0000            90.26%
      0     0      349.0469     7      315.3641      349.0469     1404   10.68%
      0     0      331.9205    21      315.3641     Cuts: 265     1773    5.25%
      0     0      331.0034    12      315.3641     Cuts: 126     1913    4.96%
*     0+    0                          322.5438      331.0034             2.62%
      0     0      330.3883    19      322.5438     Cuts: 123     2082    2.43%
      0     0      330.2838    20      322.5438      Cuts: 84     2153    2.40%
      0     0      330.1891    19      322.5438      Cuts: 65     2233    2.37%
      0     0      330.1754    20      322.5438      Cuts: 35     2263    2.37%
      0     0      330.1606    20      322.5438      Cuts: 22     2304    2.36%
*     0+    0                          328.8871      330.1606             0.39%

Repeating presolve.
Tried aggregator 1 time.
MIP Presolve eliminated 195 rows and 633 columns.
MIP Presolve modified 242 coefficients.
Reduced MIP has 944 rows, 1167 columns, and 6465 nonzeros.
Reduced MIP has 63 binaries, 0 generals, 0 SOSs, and 0 indicators.
Presolve time = 0.01 sec. (4.40 ticks)
Probing time = 0.00 sec. (0.34 ticks)
Tried aggregator 1 time.
Reduced MIP has 944 rows, 1167 columns, and 6465 nonzeros.
Reduced MIP has 63 binaries, 0 generals, 0 SOSs, and 0 indicators.
Presolve time = 0.00 sec. (1.67 ticks)
Represolve time = 0.02 sec. (15.44 ticks)
Probing time = 0.00 sec. (0.34 ticks)
MIP emphasis: balance optimality and feasibility.
MIP search method: dynamic search.
Parallel mode: none, using 1 thread.
Root relaxation solution time = 0.07 sec. (94.45 ticks)

        Nodes                                         Cuts/
   Node  Left     Objective  IInf  Best Integer    Best Bound    ItCnt     Gap

*     0+    0                          328.8871      330.1606             0.39%
      0     0      330.1575    20      328.8871      330.1575     3799    0.39%
      0     0      330.0173    22      328.8871      Cuts: 60     3952    0.34%
*     0+    0                          329.5858      330.0173             0.13%
      0     0      329.9758    23      329.5858      Cuts: 63     4022    0.12%
      0     0      329.9690    23      329.5858      Cuts: 26     4054    0.12%
      0     0      329.9587    23      329.5858      Cuts: 19     4093    0.11%
      0     0      329.9568    20      329.5858 UserPurge2: 25     4105    0.11%
      0     0      329.9526    23      329.5858 UserPurge2: 24     4131    0.11%
      0     0      329.9520    22      329.5858 UserPurge2: 2     4140    0.11%
      0     0      329.9517    22      329.5858 UserPurge2: 5     4146    0.11%
*     0+    0                          329.8668      329.9517             0.03%
      0     2      329.9517    22      329.8668      329.9511     4146    0.03%
Elapsed time = 2.55 sec. (683.29 ticks, tree = 0.01 MB, solutions = 5)
*     8     5      integral     0      329.8668      329.9494     4476    0.03%

Flow cuts applied:  39
Mixed integer rounding cuts applied:  87
User cuts applied:  341

Root node processing (before b&c):
  Real time             =    2.55 sec. (683.37 ticks)
Sequential b&c:
  Real time             =    0.10 sec. (27.02 ticks)
                          ------------
Total (root+branch&cut) =    2.65 sec. (710.38 ticks)
|V|                                     600
K                                       10
theta                                   0.20
r                                       2
R                                       20
prob_func                               facility_mixture
mixture_low_share                       0.100000
mixture_low_interval                    [0.001000, 0.010000]
mixture_high_interval                   [0.100000, 0.500000]
mixture_seed                            1
#C1                                     920
#CP                                     33612

@Parameters: 
am_callback_heuristic                   false
am_local_search                         true
am_start_heuristic                      false
colocation                              false
comp                                    false
cutC                                    true
cutC_init                               false
cutF                                    true
cutF_init                               false
cutF_stable                             false
cutF_wrong                              false
cutLocal                                false
cutM                                    true
cutM_init                               true
cutM_stable                             false
cutP                                    true
cutP_init                               false
cutP_stable                             false
init                                    true
init_cutF_zero                          false
init_val_greedy                         true
is_Euclidean                            false
is_local_search                         true
is_right_cutP                           true
is_root                                 false
is_silent                               false
is_start                                false
mycut                                   false
pmed                                    false
pre                                     true
stable_root                             false
str                                     true
two_phase                               false
ubstr                                   false
mode                                    Int

am_callback_node_space                  50
init                                    0
mixture_seed                            1
node_space                              5
nodelimit                               -1
nsepa                                   1
strF                                    0
type_delta                              0

EPS                                     0.001000
EPS_FRAC                                0.00
gap                                     0.00
mixture_high_max                        0.50
mixture_high_min                        0.10
mixture_low_max                         0.01
mixture_low_min                         0.00
mixture_low_share                       0.10
timelimit                               3600.00

Number of Closed Sites: 7 / 70 
Number of Confined Sites-1: 6 / 54 
Number of Confined Sites-k: 587 / 1133 
Preprocess Time: 1.35 + 0.00 sec

Solve Time: 2.65
Number of Nodes: 14
Termination Status: OPTIMAL

CutInfo: [phase] num / time (sec) / aver. num_nonzero
max              [LP]     0 / 0.00 / 0.00 [init]   569 / 0.01 / 5.74 [rLC]   224 / 0.04 / 12.11 [rUC]   220 / 0.06 / 11.37 [sLC]     0 / 0.00 / 0.00 [sUC]     0 / 0.00 / 0.00 
prod_oa          [LP]     0 / 0.00 / 0.00 [init]   569 / 0.01 / 51.96 [rLC]   804 / 0.13 / 75.33 [rUC]    95 / 0.19 / 58.86 [sLC]     0 / 0.01 / 0.00 [sUC]     0 / 0.00 / 0.00 
prod_sm_fixed    [LP]     0 / 0.00 / 0.00 [init]     0 / 0.00 / 0.00 [rLC]     0 / 0.00 / 0.00 [rUC]     0 / 0.00 / 0.00 [sLC]     0 / 0.00 / 0.00 [sUC]     0 / 0.00 / 0.00 
prod_bin         [LP]     0 / 0.00 / 0.00 [init]     0 / 0.00 / 0.00 [rLC]     0 / 0.00 / 0.00 [rUC]     0 / 0.00 / 0.00 [sLC]     0 / 0.00 / 0.00 [sUC]     0 / 0.00 / 0.00 
prod_local       [LP]     0 / 0.00 / 0.00 [init]     0 / 0.00 / 0.00 [rLC]     0 / 0.00 / 0.00 [rUC]     0 / 0.00 / 0.00 [sLC]     0 / 0.00 / 0.00 [sUC]     0 / 0.00 / 0.00 
prod_sm_C        [LP]     0 / 0.00 / 0.00 [init]     0 / 0.04 / 0.00 [rLC]     0 / 0.51 / 0.00 [rUC]   679 / 0.76 / 116.01 [sLC]     0 / 0.04 / 0.00 [sUC]     0 / 0.00 / 0.00 
facet            [LP]     0 / 0.00 / 0.00 [init]     0 / 0.00 / 0.00 [rLC]     0 / 0.00 / 0.00 [rUC]   679 / 0.00 / 0.00 [sLC]     0 / 0.00 / 0.00 [sUC]     0 / 0.00 / 0.00 
Separation Round:   [LP] 0  [init] 1  [rLC] 12  [rUC] 17  [sLC] 1  [sUC] 13  
Root Best Bound 329.949384
Root Best Integer: 329.866768
Best Bound: 329.949384
Best Integer: 329.866768
1: 24, 88, 162, 293, 301, 302, 322, 440, 490, 534
Objective Value (calc): 329.865388
sum_etaM = 235.002195 / 235.002195
sum_etaP = 353.582912 / 353.581186
nL: 10
nCL: 0
mCL: 1
