Version identifier: 20.1.0.0 | 2020-11-10 | 9bedb6d68
CPXPARAM_Threads                                 1
CPXPARAM_TimeLimit                               3600
CPXPARAM_MIP_Tolerances_MIPGap                   0
Generic callback                                 0x60
1 of 1 MIP starts provided solutions.
MIP start 'm1' defined initial solution with objective 116.0805.
Tried aggregator 1 time.
Reduced MIP has 729 rows, 1200 columns, and 6488 nonzeros.
Reduced MIP has 400 binaries, 0 generals, 0 SOSs, and 0 indicators.
Presolve time = 0.00 sec. (1.54 ticks)
Probing time = 0.00 sec. (0.36 ticks)
Tried aggregator 1 time.
Reduced MIP has 729 rows, 1200 columns, and 6488 nonzeros.
Reduced MIP has 400 binaries, 0 generals, 0 SOSs, and 0 indicators.
Presolve time = 0.00 sec. (1.54 ticks)
Probing time = 0.00 sec. (0.36 ticks)
MIP emphasis: balance optimality and feasibility.
MIP search method: dynamic search.
Parallel mode: none, using 1 thread.
Root relaxation solution time = 0.03 sec. (30.84 ticks)

        Nodes                                         Cuts/
   Node  Left     Objective  IInf  Best Integer    Best Bound    ItCnt     Gap

*     0+    0                          116.0805      400.0000           244.59%
      0     0      160.6165    23      116.0805      160.6165      905   38.37%
*     0+    0                          119.2704      160.6165            34.67%
*     0+    0                          137.7534      160.6165            16.60%
      0     0      139.8209    11      137.7534      Cuts: 92      986    1.50%
*     0+    0                          139.4306      139.8209             0.28%
      0     0      139.5088     5      139.4306      Cuts: 30     1009    0.06%
*     0     0      integral     0      139.5074      139.5074     1009    0.00%
Elapsed time = 0.23 sec. (80.00 ticks, tree = 0.01 MB, solutions = 5)

Flow cuts applied:  2
Mixed integer rounding cuts applied:  21
Gomory fractional cuts applied:  2
User cuts applied:  256

Root node processing (before b&c):
  Real time             =    0.23 sec. (80.11 ticks)
Sequential b&c:
  Real time             =    0.00 sec. (0.00 ticks)
                          ------------
Total (root+branch&cut) =    0.23 sec. (80.11 ticks)
|V|                                     400
K                                       40
theta                                   0.10
r                                       1
R                                       20
prob_func                               facility_mixture
mixture_low_share                       0.900000
mixture_low_interval                    [0.001000, 0.010000]
mixture_high_interval                   [0.100000, 0.500000]
mixture_seed                            1
#C1                                     444
#CP                                     4364

@Parameters: 
am_callback_heuristic                   false
am_local_search                         true
am_start_heuristic                      false
colocation                              false
comp                                    false
cutC                                    true
cutC_init                               false
cutF                                    true
cutF_init                               false
cutF_stable                             false
cutF_wrong                              false
cutLocal                                false
cutM                                    true
cutM_init                               true
cutM_stable                             false
cutP                                    true
cutP_init                               false
cutP_stable                             false
init                                    true
init_cutF_zero                          false
init_val_greedy                         true
is_Euclidean                            false
is_local_search                         true
is_right_cutP                           true
is_root                                 false
is_silent                               false
is_start                                false
mycut                                   false
pmed                                    false
pre                                     true
stable_root                             false
str                                     true
two_phase                               false
ubstr                                   false
mode                                    Int

am_callback_node_space                  50
init                                    0
mixture_seed                            1
node_space                              5
nodelimit                               -1
nsepa                                   1
strF                                    0
type_delta                              0

EPS                                     0.001000
EPS_FRAC                                0.00
gap                                     0.00
mixture_high_max                        0.50
mixture_high_min                        0.10
mixture_low_max                         0.01
mixture_low_min                         0.00
mixture_low_share                       0.90
timelimit                               3600.00

Number of Closed Sites: 12 / 480 
Number of Confined Sites-1: 27 / 1053 
Number of Confined Sites-k: 361 / 8453 
Preprocess Time: 0.80 + 0.00 sec

Solve Time: 0.23
Number of Nodes: 0
Termination Status: OPTIMAL

CutInfo: [phase] num / time (sec) / aver. num_nonzero
max              [LP]     0 / 0.00 / 0.00 [init]   364 / 0.01 / 3.29 [rLC]    52 / 0.01 / 6.40 [rUC]    20 / 0.01 / 3.80 [sLC]     0 / 0.00 / 0.00 [sUC]     0 / 0.00 / 0.00 
prod_oa          [LP]     0 / 0.00 / 0.00 [init]   364 / 0.00 / 11.43 [rLC]   371 / 0.02 / 17.32 [rUC]     4 / 0.01 / 14.50 [sLC]     0 / 0.00 / 0.00 [sUC]     0 / 0.00 / 0.00 
prod_sm_fixed    [LP]     0 / 0.00 / 0.00 [init]     0 / 0.00 / 0.00 [rLC]     0 / 0.00 / 0.00 [rUC]     0 / 0.00 / 0.00 [sLC]     0 / 0.00 / 0.00 [sUC]     0 / 0.00 / 0.00 
prod_bin         [LP]     0 / 0.00 / 0.00 [init]     0 / 0.00 / 0.00 [rLC]     0 / 0.00 / 0.00 [rUC]     0 / 0.00 / 0.00 [sLC]     0 / 0.00 / 0.00 [sUC]     0 / 0.00 / 0.00 
prod_local       [LP]     0 / 0.00 / 0.00 [init]     0 / 0.00 / 0.00 [rLC]     0 / 0.00 / 0.00 [rUC]     0 / 0.00 / 0.00 [sLC]     0 / 0.00 / 0.00 [sUC]     0 / 0.00 / 0.00 
prod_sm_C        [LP]     0 / 0.00 / 0.00 [init]     0 / 0.01 / 0.00 [rLC]     7 / 0.05 / 26.14 [rUC]    85 / 0.02 / 33.11 [sLC]     0 / 0.00 / 0.00 [sUC]     0 / 0.00 / 0.00 
facet            [LP]     0 / 0.00 / 0.00 [init]     0 / 0.00 / 0.00 [rLC]     7 / 0.00 / 0.00 [rUC]    85 / 0.00 / 0.00 [sLC]     0 / 0.00 / 0.00 [sUC]     0 / 0.00 / 0.00 
Separation Round:   [LP] 0  [init] 1  [rLC] 9  [rUC] 3  [sLC] 0  [sUC] 0  
Root Best Bound 139.507443
Root Best Integer: 139.430630
Best Bound: 139.507443
Best Integer: 139.430630
1: 4, 7, 19, 27, 42, 59, 77, 82, 85, 103, 109, 112, 121, 134, 153, 174, 177, 185, 203, 213, 215, 229, 233, 234, 237, 240, 268, 275, 295, 298, 311, 320, 328, 331, 343, 349, 358, 368, 369, 379
Objective Value (calc): 139.506342
sum_etaM = 123.814786 / 123.814786
sum_etaP = 141.251071 / 141.249848
nL: 40
nCL: 0
mCL: 1
