Version identifier: 20.1.0.0 | 2020-11-10 | 9bedb6d68
CPXPARAM_Threads                                 1
CPXPARAM_TimeLimit                               3600
CPXPARAM_MIP_Tolerances_MIPGap                   0
Generic callback                                 0x60
1 of 1 MIP starts provided solutions.
MIP start 'm1' defined initial solution with objective 528.8509.
Tried aggregator 2 times.
MIP Presolve eliminated 25 rows and 22 columns.
Aggregator did 3 substitutions.
Reduced MIP has 3113 rows, 3175 columns, and 96877 nonzeros.
Reduced MIP has 789 binaries, 786 generals, 0 SOSs, and 0 indicators.
Presolve time = 0.05 sec. (30.99 ticks)
Probing time = 0.00 sec. (3.82 ticks)
Tried aggregator 1 time.
Reduced MIP has 3113 rows, 3175 columns, and 96877 nonzeros.
Reduced MIP has 789 binaries, 786 generals, 0 SOSs, and 0 indicators.
Presolve time = 0.03 sec. (18.07 ticks)
Probing time = 0.00 sec. (3.82 ticks)
MIP emphasis: balance optimality and feasibility.
MIP search method: dynamic search.
Parallel mode: none, using 1 thread.
Root relaxation solution time = 0.28 sec. (336.84 ticks)

        Nodes                                         Cuts/
   Node  Left     Objective  IInf  Best Integer    Best Bound    ItCnt     Gap

*     0+    0                          528.8509      800.0000            51.27%
      0     0      554.7732    30      528.8509      554.7732     3082    4.90%
      0     0      540.7010    39      528.8509     Cuts: 878     3716    2.24%
      0     0      537.6808    55      528.8509     Cuts: 471     4208    1.67%

Repeating presolve.
Tried aggregator 1 time.
MIP Presolve eliminated 1549 rows and 1288 columns.
MIP Presolve modified 116 coefficients.
Reduced MIP has 1564 rows, 1887 columns, and 31310 nonzeros.
Reduced MIP has 192 binaries, 99 generals, 0 SOSs, and 0 indicators.
Presolve time = 0.02 sec. (16.81 ticks)
Probing time = 0.00 sec. (1.53 ticks)
Tried aggregator 1 time.
Reduced MIP has 1564 rows, 1887 columns, and 31310 nonzeros.
Reduced MIP has 192 binaries, 99 generals, 0 SOSs, and 0 indicators.
Presolve time = 0.01 sec. (6.63 ticks)
Represolve time = 0.04 sec. (39.48 ticks)
Probing time = 0.00 sec. (1.53 ticks)
MIP emphasis: balance optimality and feasibility.
MIP search method: dynamic search.
Parallel mode: none, using 1 thread.
Root relaxation solution time = 0.25 sec. (304.40 ticks)

        Nodes                                         Cuts/
   Node  Left     Objective  IInf  Best Integer    Best Bound    ItCnt     Gap

*     0+    0                          528.8509      537.6808             1.67%
      0     0      537.6808    55      528.8509      537.6808     6890    1.67%
      0     0      536.5764    51      528.8509     Cuts: 275     7154    1.46%
      0     0      536.0048    54      528.8509     Cuts: 173     7384    1.35%
      0     0      535.5093    51      528.8509     Cuts: 207     7655    1.26%
      0     0      535.0949    47      528.8509     Cuts: 196     7853    1.18%
      0     0      535.0095    56      528.8509     Cuts: 172     7976    1.16%
      0     0      534.9085    57      528.8509      Cuts: 61     8073    1.15%
      0     0      534.8788    59      528.8509      Cuts: 77     8117    1.14%
      0     0      534.8690    55      528.8509      Cuts: 26     8157    1.14%
      0     0      534.8681    53      528.8509 UserPurge2: 19     8173    1.14%
      0     0      534.8671    57      528.8509 UserPurge2: 10     8192    1.14%
      0     0      534.8501    51      528.8509 UserPurge2: 16     8224    1.13%
      0     0      534.8204    53      528.8509 UserPurge2: 47     8276    1.13%
      0     0      534.8178    51      528.8509 UserPurge2: 3     8285    1.13%
      0     0      534.8154    55      528.8509 UserPurge2: 4     8294    1.13%
      0     0      534.8153    55      528.8509 UserPurge2: 2     8298    1.13%
      0     0      534.8143    53      528.8509 UserPurge2: 1     8305    1.13%
      0     0      534.8143    55      528.8509 UserPurge2: 1     8306    1.13%
      0     2      534.4918    48      528.8509      534.4914     8306    1.07%
Elapsed time = 4.24 sec. (2845.04 ticks, tree = 0.01 MB, solutions = 1)
      5     7      533.3093    39      528.8509      534.0402     9889    0.98%
     10    12      531.5347    29      528.8509      534.0402    11585    0.98%
     19    17        cutoff            528.8509      534.0402    13134    0.98%
     20    18      533.8239    39      528.8509      533.9735    13492    0.97%
     24    22      532.5223    26      528.8509      533.9735    14859    0.97%
     30    26        cutoff            528.8509      533.9735    16613    0.97%
     35    27      533.2802    37      528.8509      533.7644    18427    0.93%
     38    30      531.7938    31      528.8509      533.7644    20235    0.93%
*    40+   30                          528.9732      533.7644             0.91%
     42    34      530.4443    16      528.9732      533.7644    21541    0.91%
     65    45      529.0740    14      528.9732      533.5805    26976    0.87%
Elapsed time = 9.26 sec. (6490.17 ticks, tree = 0.24 MB, solutions = 2)
     76    52      530.7095    32      528.9732      533.5783    30496    0.87%
    103    62      531.8831    39      528.9732      533.2778    34812    0.81%
    120    73      529.9427    38      528.9732      533.2491    39918    0.81%
    141    84        cutoff            528.9732      533.1305    45030    0.79%
    154    91      530.9122    36      528.9732      532.8761    50125    0.74%
    161    94      531.6321    35      528.9732      532.8752    52868    0.74%
    174   103      530.8961    14      528.9732      532.7095    57465    0.71%
    193   114      530.5789    40      528.9732      532.6707    62632    0.70%
    212   121      530.2473    35      528.9732      532.6131    67680    0.69%
    226   127      529.6456    29      528.9732      532.5573    72276    0.68%
Elapsed time = 21.20 sec. (16634.68 ticks, tree = 0.90 MB, solutions = 2)
    242   133      530.6546    41      528.9732      532.5205    77341    0.67%
    256   137      531.2023    39      528.9732      532.3705    82229    0.64%
    269   144      529.5654    26      528.9732      532.3616    85791    0.64%
    285   152      529.8466    37      528.9732      532.2021    90896    0.61%
    300   157        cutoff            528.9732      532.0650    95170    0.58%
    317   164      530.2767    31      528.9732      531.9803    99874    0.57%
    333   168      529.8675    31      528.9732      531.8590   104550    0.55%
    349   176      529.6209    36      528.9732      531.8124   109419    0.54%
    370   183      529.2313    24      528.9732      531.7938   114179    0.53%
    398   191      529.1004    22      528.9732      531.6903   118785    0.51%
Elapsed time = 30.81 sec. (26531.33 ticks, tree = 0.96 MB, solutions = 2)
    417   198      529.7730    35      528.9732      531.6632   123671    0.51%
    435   200      530.1255    40      528.9732      531.6076   127940    0.50%
    453   210      529.3905    23      528.9732      531.5514   132512    0.49%
    474   219      529.2587    27      528.9732      531.4872   137340    0.48%
    494   225      530.5363    22      528.9732      531.4202   141911    0.46%
    518   233      529.9933    30      528.9732      531.3715   146520    0.45%
    537   236      530.3217    35      528.9732      531.2926   151140    0.44%
    549   240      529.4467    23      528.9732      531.2716   155566    0.43%
    570   245      529.0620    25      528.9732      531.2010   160163    0.42%
    590   251      529.2166    19      528.9732      531.0705   164781    0.40%
Elapsed time = 41.15 sec. (36581.66 ticks, tree = 0.85 MB, solutions = 2)
    604   251        cutoff            528.9732      531.0408   168634    0.39%
    624   260      529.0973    37      528.9732      530.9534   172839    0.37%
    641   259      529.5369    32      528.9732      530.9046   175741    0.37%
    657   260      529.6858    36      528.9732      530.8915   180344    0.36%
    673   262      529.0307    39      528.9732      530.8639   184718    0.36%
    692   261      530.4295    32      528.9732      530.7967   188339    0.34%
    715   260      529.6160    27      528.9732      530.7766   192614    0.34%
    734   255      529.7044    33      528.9732      530.6808   196962    0.32%
    754   259        cutoff            528.9732      530.6509   201238    0.32%
    776   255      529.8711    37      528.9732      530.6001   205567    0.31%
Elapsed time = 50.15 sec. (46455.81 ticks, tree = 0.55 MB, solutions = 2)
    792   253        cutoff            528.9732      530.5733   210589    0.30%
    812   249      529.1499    29      528.9732      530.4618   214857    0.28%
    836   247      529.1835    17      528.9732      530.4330   219414    0.28%
    861   248      529.6279    40      528.9732      530.4034   223709    0.27%
    887   250        cutoff            528.9732      530.3185   228290    0.25%
    908   249        cutoff            528.9732      530.2760   232512    0.25%
    934   239        cutoff            528.9732      530.2251   236738    0.24%
    963   226        cutoff            528.9732      530.1114   241436    0.22%
    990   217      529.0506    28      528.9732      530.0672   245983    0.21%
   1019   202      529.1308    27      528.9732      529.9644   250313    0.19%
Elapsed time = 59.26 sec. (56313.43 ticks, tree = 0.41 MB, solutions = 2)
   1058   187      529.1271    39      528.9732      529.8938   255214    0.17%
   1094   163        cutoff            528.9732      529.7722   259657    0.15%
   1140   127        cutoff            528.9732      529.6028   264377    0.12%
   1224    46        cutoff            528.9732      529.2820   269044    0.06%

Flow cuts applied:  11
Mixed integer rounding cuts applied:  112
Gomory fractional cuts applied:  2
User cuts applied:  3729

Root node processing (before b&c):
  Real time             =    4.24 sec. (2844.54 ticks)
Sequential b&c:
  Real time             =   58.74 sec. (57617.82 ticks)
                          ------------
Total (root+branch&cut) =   62.98 sec. (60462.36 ticks)
|V|                                     800
K                                       10
theta                                   0.10
r                                       2
R                                       20
prob_func                               facility_mixture
mixture_low_share                       0.500000
mixture_low_interval                    [0.001000, 0.010000]
mixture_high_interval                   [0.100000, 0.500000]
mixture_seed                            1
#C1                                     1366
#CP                                     93666

@Parameters: 
am_callback_heuristic                   false
am_local_search                         true
am_start_heuristic                      false
colocation                              true
comp                                    false
cutC                                    true
cutC_init                               false
cutF                                    false
cutF_init                               false
cutF_stable                             false
cutF_wrong                              false
cutLocal                                false
cutM                                    true
cutM_init                               true
cutM_stable                             false
cutP                                    true
cutP_init                               false
cutP_stable                             false
init                                    true
init_cutF_zero                          false
init_val_greedy                         true
is_Euclidean                            false
is_local_search                         false
is_right_cutP                           true
is_root                                 false
is_silent                               false
is_start                                false
mycut                                   false
pmed                                    false
pre                                     true
stable_root                             false
str                                     true
two_phase                               false
ubstr                                   false
mode                                    Int

am_callback_node_space                  50
init                                    0
mixture_seed                            1
node_space                              5
nodelimit                               -1
nsepa                                   1
strF                                    0
type_delta                              0

EPS                                     0.001000
EPS_FRAC                                0.00
gap                                     0.00
mixture_high_max                        0.50
mixture_high_min                        0.10
mixture_low_max                         0.01
mixture_low_min                         0.00
mixture_low_share                       0.50
timelimit                               3600.00

Number of Closed Sites: 11 / 110 
Number of Confined Sites-1: 3 / 27 
Number of Confined Sites-k: 786 / 2338 
Preprocess Time: 1.79 + 0.00 sec

Solve Time: 62.98
Number of Nodes: 1271
Termination Status: OPTIMAL

CutInfo: [phase] num / time (sec) / aver. num_nonzero
max              [LP]     0 / 0.00 / 0.00 [init]   770 / 0.02 / 7.30 [rLC]   315 / 0.06 / 14.27 [rUC]  1527 / 0.38 / 13.12 [sLC]     1 / 0.03 / 61.00 [sUC]  1192 / 1.73 / 11.73 
prod_oa          [LP]     0 / 0.00 / 0.00 [init]   770 / 0.03 / 111.49 [rLC]  1099 / 0.19 / 136.70 [rUC]   905 / 0.74 / 124.16 [sLC]    35 / 0.09 / 157.43 [sUC]  1109 / 6.61 / 119.39 
prod_sm_fixed    [LP]     0 / 0.00 / 0.00 [init]     0 / 0.00 / 0.00 [rLC]     0 / 0.00 / 0.00 [rUC]     0 / 0.00 / 0.00 [sLC]     0 / 0.00 / 0.00 [sUC]     0 / 0.00 / 0.00 
prod_bin         [LP]     0 / 0.00 / 0.00 [init]     0 / 0.00 / 0.00 [rLC]     0 / 0.00 / 0.00 [rUC]     0 / 0.00 / 0.00 [sLC]     0 / 0.00 / 0.00 [sUC]     0 / 0.00 / 0.00 
prod_local       [LP]     0 / 0.00 / 0.00 [init]     0 / 0.00 / 0.00 [rLC]     0 / 0.00 / 0.00 [rUC]     0 / 0.00 / 0.00 [sLC]     0 / 0.00 / 0.00 [sUC]     0 / 0.00 / 0.00 
prod_sm_C        [LP]     0 / 0.00 / 0.00 [init]     0 / 0.00 / 0.00 [rLC]     0 / 0.00 / 0.00 [rUC]     0 / 0.00 / 0.00 [sLC]     0 / 0.00 / 0.00 [sUC]     0 / 0.00 / 0.00 
facet            [LP]     0 / 0.00 / 0.00 [init]     0 / 0.00 / 0.00 [rLC]     0 / 0.00 / 0.00 [rUC]     0 / 0.00 / 0.00 [sLC]     0 / 0.00 / 0.00 [sUC]     0 / 0.00 / 0.00 
Separation Round:   [LP] 0  [init] 1  [rLC] 6  [rUC] 20  [sLC] 3  [sUC] 1368  
Root Best Bound 534.047772
Root Best Integer: 528.850852
Best Bound: 529.433699
Best Integer: 528.973198
1: 17, 85, 130, 229, 459, 490, 569, 667, 721, 749
Objective Value (calc): 528.957059
sum_etaM = 335.269109 / 335.269109
sum_etaP = 550.495875 / 550.477943
nL: 10
nCL: 0
mCL: 1
