Version identifier: 20.1.0.0 | 2020-11-10 | 9bedb6d68
CPXPARAM_Threads                                 1
CPXPARAM_TimeLimit                               3600
CPXPARAM_MIP_Tolerances_MIPGap                   0
Generic callback                                 0x60
1 of 1 MIP starts provided solutions.
MIP start 'm1' defined initial solution with objective 349.7539.
Tried aggregator 2 times.
MIP Presolve eliminated 36 rows and 26 columns.
MIP Presolve modified 411 coefficients.
Aggregator did 10 substitutions.
Reduced MIP has 1817 rows, 1964 columns, and 12920 nonzeros.
Reduced MIP has 487 binaries, 477 generals, 0 SOSs, and 0 indicators.
Presolve time = 0.01 sec. (4.76 ticks)
Probing time = 0.00 sec. (0.67 ticks)
Tried aggregator 1 time.
Reduced MIP has 1817 rows, 1964 columns, and 12920 nonzeros.
Reduced MIP has 487 binaries, 477 generals, 0 SOSs, and 0 indicators.
Presolve time = 0.00 sec. (2.76 ticks)
Probing time = 0.00 sec. (0.67 ticks)
MIP emphasis: balance optimality and feasibility.
MIP search method: dynamic search.
Parallel mode: none, using 1 thread.
Root relaxation solution time = 0.03 sec. (25.15 ticks)

        Nodes                                         Cuts/
   Node  Left     Objective  IInf  Best Integer    Best Bound    ItCnt     Gap

*     0+    0                          349.7539      500.0000            42.96%
      0     0      368.9780    96      349.7539      368.9780     1491    5.50%
      0     0      353.4316   189      349.7539     Cuts: 554     1951    1.05%
      0     0      352.0640   206      349.7539     Cuts: 401     2492    0.66%
      0     0      351.7816   226      349.7539     Cuts: 232     2753    0.58%
      0     0      351.5809   236      349.7539     Cuts: 174     3007    0.52%
      0     0      351.4747   236      349.7539     Cuts: 165     3180    0.49%
      0     0      351.3454   254      349.7539     Cuts: 126     3376    0.46%
      0     0      351.2804   247      349.7539      Cuts: 93     3521    0.44%
      0     0      351.2172   216      349.7539      Cuts: 82     3672    0.42%
      0     0      351.1901   255      349.7539      Cuts: 56     3774    0.41%
      0     0      351.1646   249      349.7539      Cuts: 68     3884    0.40%
      0     0      351.1571   243      349.7539 UserPurge2: 23     3928    0.40%
      0     0      351.1532   233      349.7539 UserPurge2: 43     3973    0.40%
      0     0      351.1531   229      349.7539 UserPurge2: 7     3981    0.40%
      0     0      351.1531   237      349.7539 UserPurge2: 3     3989    0.40%
      0     0      351.1530   233      349.7539 UserPurge2: 5     3993    0.40%
      0     0      351.1530   231      349.7539 UserPurge2: 2     3995    0.40%
      0     0      351.1529   241      349.7539 UserPurge2: 4     4003    0.40%
      0     0      351.1522   239      349.7539 UserPurge2: 4     4019    0.40%
      0     0      351.1510   245      349.7539 UserPurge2: 21     4034    0.40%
      0     0      351.1504   239      349.7539 UserPurge2: 3     4043    0.40%
      0     0      351.1503   243      349.7539 UserPurge2: 4     4050    0.40%
      0     0      351.1501   233      349.7539 UserPurge2: 1     4053    0.40%
      0     2      351.1501   233      349.7539      351.1498     4053    0.40%
Elapsed time = 2.67 sec. (2047.37 ticks, tree = 0.01 MB, solutions = 1)
      6     8      350.9216   236      349.7539      351.1351     5698    0.39%
     10    12      350.2555   224      349.7539      351.1351     7336    0.39%
     15    17      350.0273   206      349.7539      351.1351     8972    0.39%
     20    22      349.8388   179      349.7539      351.1351    10133    0.39%
     29    27      350.6376   246      349.7539      351.1236    11609    0.39%
     31    29      350.7097   235      349.7539      351.1236    12713    0.39%
     35    33      350.4674   217      349.7539      351.1236    13916    0.39%
     40    38      350.3994   202      349.7539      351.1236    15356    0.39%
     44    42      350.2064   190      349.7539      351.1236    17295    0.39%
     60    54      350.6520   247      349.7539      351.0786    21756    0.38%
Elapsed time = 7.44 sec. (5772.51 ticks, tree = 0.29 MB, solutions = 1)
     80    74      350.0782   186      349.7539      351.0786    26292    0.38%
     96    86      350.5458   208      349.7539      351.0713    30129    0.38%
*   100+   88                          349.7567      351.0713             0.38%
    115   105      349.7802   180      349.7567      351.0713    33616    0.38%
    130   116      350.2247   247      349.7567      351.0201    37877    0.36%
    144   126      350.7370   253      349.7567      350.9611    42616    0.34%
    158   140      350.3444   228      349.7567      350.9611    46632    0.34%
    175   154      350.5939   253      349.7567      350.9212    51120    0.33%
    185   164      350.0131   229      349.7567      350.9212    54013    0.33%
*   200+  163                          349.8141      350.9153             0.31%
*   200+  163                          349.8141      350.9153             0.31%
    200   165      350.1502   224      349.8141      350.9153    57620    0.31%
*   210+  171                          349.8141      350.9153             0.31%
    237   180      349.8142     4      349.8141      350.9153    60685    0.31%
Elapsed time = 20.09 sec. (15801.98 ticks, tree = 0.81 MB, solutions = 5)
*   240+  164                          349.9214      350.9111             0.28%
    248   174      350.4386   226      349.9214      350.9111    63843    0.28%
    264   186      350.5870   233      349.9214      350.8977    67685    0.28%
    278   196      350.7829   259      349.9214      350.8976    71717    0.28%
    287   205      350.5866   235      349.9214      350.8976    75137    0.28%
    300   218      350.1305   198      349.9214      350.8976    78691    0.28%
    310   222      350.6699   279      349.9214      350.8921    81705    0.28%
    324   236      349.9737   225      349.9214      350.8921    85312    0.28%
    340   248      350.1545   217      349.9214      350.8728    88646    0.27%
    355   257      350.3384   253      349.9214      350.8726    91307    0.27%
    368   266      350.6752   260      349.9214      350.8634    94315    0.27%
Elapsed time = 31.43 sec. (26043.93 ticks, tree = 1.26 MB, solutions = 6)
    372   270      350.4261   248      349.9214      350.8634    95821    0.27%
    386   280      350.7390   271      349.9214      350.8443    99817    0.26%
    394   288      350.5233   264      349.9214      350.8443   102151    0.26%
    405   299      350.2461   237      349.9214      350.8443   105602    0.26%
    417   307      350.3120   249      349.9214      350.8346   109017    0.26%
    428   314      350.3949   235      349.9214      350.8345   112064    0.26%
    440   322      350.5656   257      349.9214      350.8325   115790    0.26%
    455   331      350.5739   257      349.9214      350.8244   120047    0.26%
    465   341      350.1342   254      349.9214      350.8244   123058    0.26%
    479   351      350.2913   238      349.9214      350.8111   127357    0.25%
Elapsed time = 42.58 sec. (36537.90 ticks, tree = 1.68 MB, solutions = 6)
    491   359        cutoff            349.9214      350.8111   130532    0.25%
    500   366      350.5241   262      349.9214      350.8090   133125    0.25%
    510   376      350.0187   212      349.9214      350.8090   137243    0.25%
    523   385      350.0908   223      349.9214      350.8055   141092    0.25%
    539   397      350.2361   267      349.9214      350.7964   144214    0.25%
    550   405      350.5315   251      349.9214      350.7879   147039    0.25%
    563   414      350.6069   267      349.9214      350.7875   150797    0.25%
    573   424      350.4825   283      349.9214      350.7875   153981    0.25%
    582   433      350.3011   257      349.9214      350.7875   157232    0.25%
    596   441      350.3756   271      349.9214      350.7813   160938    0.25%
Elapsed time = 53.12 sec. (46672.63 ticks, tree = 2.35 MB, solutions = 6)
    601   446      350.1175   243      349.9214      350.7813   162502    0.25%
    612   453      350.2857   251      349.9214      350.7743   165335    0.24%
    629   464      350.3597   271      349.9214      350.7739   169312    0.24%
    642   473      350.5404   269      349.9214      350.7694   172856    0.24%
    657   484      350.5302   284      349.9214      350.7680   176963    0.24%
    664   491      350.2000   271      349.9214      350.7680   179298    0.24%
    679   500      350.5317   255      349.9214      350.7670   183017    0.24%
    687   508      350.2056   235      349.9214      350.7670   185378    0.24%
    704   517      350.4011   282      349.9214      350.7666   188972    0.24%
    719   528      350.5216   266      349.9214      350.7624   192644    0.24%
Elapsed time = 63.26 sec. (56609.77 ticks, tree = 2.65 MB, solutions = 6)
    737   540      350.6905   259      349.9214      350.7621   196502    0.24%
*   740+  531                          349.9540      350.7621             0.23%
    750   543      350.0844   176      349.9540      350.7621   200289    0.23%
    766   549      350.2538   221      349.9540      350.7611   203895    0.23%
    778   557      350.4340   282      349.9540      350.7521   207392    0.23%
    790   565        cutoff            349.9540      350.7521   209946    0.23%
    802   577      350.2558   206      349.9540      350.7439   212548    0.23%
    817   588      350.4823   267      349.9540      350.7426   216082    0.23%
    828   599      349.9757   214      349.9540      350.7426   218841    0.23%
    840   607      350.2484   218      349.9540      350.7395   222291    0.22%
    855   618      350.1306   221      349.9540      350.7381   225921    0.22%
Elapsed time = 73.62 sec. (66892.43 ticks, tree = 2.87 MB, solutions = 7)
    869   628      350.3572   261      349.9540      350.7366   229778    0.22%
    879   634      350.5008   275      349.9540      350.7353   232590    0.22%
    886   641      350.1518   238      349.9540      350.7353   234757    0.22%
    900   651      350.3674   225      349.9540      350.7352   238312    0.22%
    916   661      350.5222   285      349.9540      350.7352   242344    0.22%
    920   665      350.2698   275      349.9540      350.7352   243752    0.22%
    932   673      350.5833   270      349.9540      350.7252   247090    0.22%
    943   684      350.3640   251      349.9540      350.7252   250276    0.22%
    954   691      350.4895   270      349.9540      350.7247   253599    0.22%
    966   703      350.0238   226      349.9540      350.7247   257119    0.22%
Elapsed time = 83.96 sec. (77652.77 ticks, tree = 3.15 MB, solutions = 7)
    980   713      349.9650   240      349.9540      350.7222   261131    0.22%
    991   720      350.0391   236      349.9540      350.7222   264549    0.22%
   1000   725      350.1778   269      349.9540      350.7176   267574    0.22%

Performing restart 1

Repeating presolve.
Tried aggregator 1 time.
MIP Presolve eliminated 259 rows and 146 columns.
MIP Presolve modified 230 coefficients.
Reduced MIP has 1558 rows, 1818 columns, and 11642 nonzeros.
Reduced MIP has 462 binaries, 356 generals, 0 SOSs, and 0 indicators.
Presolve time = 0.01 sec. (5.65 ticks)
Tried aggregator 1 time.
Reduced MIP has 1558 rows, 1818 columns, and 11642 nonzeros.
Reduced MIP has 462 binaries, 356 generals, 0 SOSs, and 0 indicators.
Presolve time = 0.00 sec. (2.92 ticks)
Represolve time = 0.04 sec. (28.26 ticks)
   1010     0      350.7593   207      349.9540     Cuts: 146   275452    0.22%
   1010     0      350.7183   212      349.9540      Cuts: 53   275588    0.22%
   1010     0      350.7030   200      349.9540      Cuts: 29   275665    0.21%
   1010     0      350.6964   162      349.9540      Cuts: 15   275707    0.21%
   1010     0      350.6946   175      349.9540    MIRcuts: 2   275722    0.21%
   1010     0      350.6942   168      349.9540    MIRcuts: 3   275736    0.21%
   1010     0      350.6940   175      349.9540    MIRcuts: 3   275743    0.21%
   1010     0      350.6926   173      349.9540    MIRcuts: 2   275747    0.21%
   1010     0      350.6925   177      349.9540    MIRcuts: 4   275754    0.21%
   1010     0      350.6922   176      349.9540    MIRcuts: 3   275762    0.21%
   1010     0      350.6856   172      349.9540      Cuts: 15   275806    0.21%
   1010     0      350.6809   170      349.9540      Cuts: 14   275852    0.21%
   1010     0      350.6792   163      349.9540      Cuts: 12   275877    0.21%
   1010     0      350.6774   177      349.9540       Cuts: 6   275901    0.21%
   1010     0      350.6753   179      349.9540    MIRcuts: 6   275924    0.21%
   1010     2      350.6726   192      349.9540      350.6712   275924    0.20%
   1011     3      350.6524   168      349.9540      350.6524   276114    0.20%
   1012     3      350.5940   187      349.9540      350.6524   276354    0.20%
   1013     3      350.5939   184      349.9540      350.6524   276400    0.20%
   1020     9      350.5758   182      349.9540      350.6524   276601    0.20%
   1025    11      350.2871   173      349.9540      350.6524   277823    0.20%
   1044    23      350.0433   143      349.9540      350.6524   279398    0.20%
Elapsed time = 97.81 sec. (92553.16 ticks, tree = 0.16 MB, solutions = 7)
   1075    35      350.1495   193      349.9540      350.6055   281693    0.19%
   1103    54      350.3036   200      349.9540      350.6050   284090    0.19%
   1130    73      350.5644   197      349.9540      350.6048   286099    0.19%
   1158    97      350.0601   151      349.9540      350.6048   289532    0.19%
   1182   109      350.0097   178      349.9540      350.5906   292372    0.18%
   1210   129      350.1231   175      349.9540      350.5849   295462    0.18%
   1250   162      350.0932   161      349.9540      350.5849   298945    0.18%
   1292   193      350.0484   199      349.9540      350.5758   303127    0.18%
   1342   227      349.9754    90      349.9540      350.5752   306947    0.18%
   1452   295      350.1470   168      349.9540      350.5165   319292    0.16%
Elapsed time = 111.18 sec. (105421.17 ticks, tree = 3.43 MB, solutions = 7)
*  1498   315      integral     0      349.9778      350.5165   320457    0.15%
   1650   397        cutoff            349.9778      350.4550   332654    0.14%
   1791   464      350.2599   210      349.9778      350.4244   346945    0.13%
   1943   536      350.0876   175      349.9778      350.3928   359519    0.12%
   2092   614      350.2848   205      349.9778      350.3516   373236    0.11%
   2247   691        cutoff            349.9778      350.3381   385858    0.10%
   2391   735      350.2049   162      349.9778      350.3096   399949    0.09%
   2540   779      350.1959   198      349.9778      350.2861   413996    0.09%
   2730   872      350.1860   166      349.9778      350.2691   426906    0.08%
*  2820+  575                          350.0595      350.2604             0.06%
   2919   591      350.1073   178      350.0595      350.2460   439419    0.05%
   3080   608      350.0821   165      350.0595      350.2178   451570    0.05%
Elapsed time = 148.47 sec. (143838.14 ticks, tree = 7.83 MB, solutions = 9)
   3240   625      350.1482   193      350.0595      350.2022   462897    0.04%
   3389   638        cutoff            350.0595      350.1857   474920    0.04%
   3576   636      350.1178   153      350.0595      350.1730   487077    0.03%
   3768   588      350.0730   177      350.0595      350.1516   500482    0.03%
   3961   568      350.1250   178      350.0595      350.1382   512364    0.02%
   4200   503      350.0937   153      350.0595      350.1200   524826    0.02%
   4768     3        cutoff            350.0595      350.0596   537388    0.00%

Flow cuts applied:  28
Mixed integer rounding cuts applied:  166
Lift and project cuts applied:  9
Gomory fractional cuts applied:  7
User cuts applied:  1642

Root node processing (before b&c):
  Real time             =    2.68 sec. (2047.01 ticks)
Sequential b&c:
  Real time             =  170.09 sec. (168631.07 ticks)
                          ------------
Total (root+branch&cut) =  172.76 sec. (170678.08 ticks)
|V|                                     500
K                                       50
theta                                   0.20
r                                       1
R                                       20
prob_func                               facility_mixture
mixture_low_share                       0.100000
mixture_low_interval                    [0.001000, 0.010000]
mixture_high_interval                   [0.100000, 0.500000]
mixture_seed                            1
#C1                                     600
#CP                                     11818

@Parameters: 
am_callback_heuristic                   false
am_local_search                         true
am_start_heuristic                      false
colocation                              true
comp                                    false
cutC                                    true
cutC_init                               false
cutF                                    true
cutF_init                               false
cutF_stable                             false
cutF_wrong                              false
cutLocal                                false
cutM                                    true
cutM_init                               true
cutM_stable                             false
cutP                                    true
cutP_init                               false
cutP_stable                             false
init                                    true
init_cutF_zero                          false
init_val_greedy                         true
is_Euclidean                            false
is_local_search                         false
is_right_cutP                           true
is_root                                 false
is_silent                               false
is_start                                false
mycut                                   false
pmed                                    false
pre                                     true
stable_root                             false
str                                     false
two_phase                               false
ubstr                                   false
mode                                    Int

am_callback_node_space                  50
init                                    0
mixture_seed                            1
node_space                              5
nodelimit                               -1
nsepa                                   1
strF                                    0
type_delta                              0

EPS                                     0.001000
EPS_FRAC                                0.00
gap                                     0.00
mixture_high_max                        0.50
mixture_high_min                        0.10
mixture_low_max                         0.01
mixture_low_min                         0.00
mixture_low_share                       0.10
timelimit                               3600.00

Number of Closed Sites: 13 / 650 
Number of Confined Sites-1: 10 / 490 
Number of Confined Sites-k: 477 / 5097 
Preprocess Time: 0.94 + 0.00 sec

Solve Time: 172.76
Number of Nodes: 4772
Termination Status: OPTIMAL

CutInfo: [phase] num / time (sec) / aver. num_nonzero
max              [LP]     0 / 0.00 / 0.00 [init]   435 / 0.01 / 1.86 [rLC]   258 / 0.01 / 7.36 [rUC]   509 / 0.06 / 3.99 [sLC]     6 / 0.04 / 6.00 [sUC]   407 / 1.80 / 4.88 
prod_oa          [LP]     0 / 0.00 / 0.00 [init]   427 / 0.00 / 20.83 [rLC]   376 / 0.01 / 23.97 [rUC]   506 / 0.10 / 26.55 [sLC]   202 / 0.06 / 29.62 [sUC]   711 / 2.59 / 27.56 
prod_sm_fixed    [LP]     0 / 0.00 / 0.00 [init]     0 / 0.00 / 0.00 [rLC]     0 / 0.00 / 0.00 [rUC]     0 / 0.00 / 0.00 [sLC]     0 / 0.00 / 0.00 [sUC]     0 / 0.00 / 0.00 
prod_bin         [LP]     0 / 0.00 / 0.00 [init]     0 / 0.00 / 0.00 [rLC]     0 / 0.00 / 0.00 [rUC]     0 / 0.00 / 0.00 [sLC]     0 / 0.00 / 0.00 [sUC]     0 / 0.00 / 0.00 
prod_local       [LP]     0 / 0.00 / 0.00 [init]     0 / 0.00 / 0.00 [rLC]     0 / 0.00 / 0.00 [rUC]     0 / 0.00 / 0.00 [sLC]     0 / 0.00 / 0.00 [sUC]     0 / 0.00 / 0.00 
prod_sm_C        [LP]     0 / 0.00 / 0.00 [init]     0 / 0.02 / 0.00 [rLC]     0 / 0.03 / 0.00 [rUC]   672 / 0.45 / 41.23 [sLC]     0 / 0.24 / 0.00 [sUC]  1808 / 12.38 / 51.50 
facet            [LP]     0 / 0.00 / 0.00 [init]     0 / 0.00 / 0.00 [rLC]     0 / 0.00 / 0.00 [rUC]   672 / 0.00 / 0.00 [sLC]     0 / 0.00 / 0.00 [sUC]  1808 / 0.00 / 0.00 
Separation Round:   [LP] 0  [init] 1  [rLC] 2  [rUC] 22  [sLC] 15  [sUC] 6668  
Root Best Bound 351.135147
Root Best Integer: 349.753877
Best Bound: 350.073559
Best Integer: 350.059496
1: 36, 47, 53, 54, 55, 58, 81, 91, 95, 106, 107, 108, 116, 122, 137, 142, 205, 212, 217, 241, 252, 258, 269, 302, 332, 344, 355, 376, 386, 400, 406, 407, 413, 441, 453, 459, 460, 477, 481, 489, 491
2: 42, 233, 323
3: 458
Objective Value (calc): 350.054601
sum_etaM = 243.786808 / 243.786808
sum_etaP = 376.627669 / 376.621549
nL: 45
nCL: 4
mCL: 3
