Version identifier: 20.1.0.0 | 2020-11-10 | 9bedb6d68
CPXPARAM_Threads                                 1
CPXPARAM_TimeLimit                               3600
CPXPARAM_MIP_Tolerances_MIPGap                   0
Generic callback                                 0x60
1 of 1 MIP starts provided solutions.
MIP start 'm1' defined initial solution with objective 311.1058.
Tried aggregator 1 time.
Reduced MIP has 879 rows, 1500 columns, and 11480 nonzeros.
Reduced MIP has 500 binaries, 0 generals, 0 SOSs, and 0 indicators.
Presolve time = 0.00 sec. (2.46 ticks)
Probing time = 0.00 sec. (0.58 ticks)
Tried aggregator 1 time.
Reduced MIP has 879 rows, 1500 columns, and 11480 nonzeros.
Reduced MIP has 500 binaries, 0 generals, 0 SOSs, and 0 indicators.
Presolve time = 0.00 sec. (2.46 ticks)
Probing time = 0.00 sec. (0.58 ticks)
MIP emphasis: balance optimality and feasibility.
MIP search method: dynamic search.
Parallel mode: none, using 1 thread.
Root relaxation solution time = 0.01 sec. (10.85 ticks)

        Nodes                                         Cuts/
   Node  Left     Objective  IInf  Best Integer    Best Bound    ItCnt     Gap

*     0+    0                          311.1058      500.0000            60.72%
      0     0      351.2213    30      311.1058      351.2213      981   12.89%
*     0+    0                          323.1700      351.2213             8.68%
      0     0      332.9546    60      323.1700     Cuts: 312     1364    3.03%
*     0+    0                          327.7252      332.9546             1.60%
      0     0      332.2089    60      327.7252     Cuts: 208     1674    1.37%
*     0+    0                          330.6025      332.2089             0.49%
      0     0      331.9655    63      330.6025     Cuts: 129     1891    0.41%
      0     0      331.8906    47      330.6025      Cuts: 78     1990    0.39%
      0     0      331.8189    54      330.6025      Cuts: 94     2111    0.37%
*     0+    0                          331.2315      331.8189             0.18%
      0     0      331.7770    61      331.2315      Cuts: 90     2220    0.16%
      0     0      331.7653    58      331.2315      Cuts: 43     2259    0.16%
      0     0      331.7467    61      331.2315      Cuts: 52     2332    0.16%
      0     0      331.7368    62      331.2315 UserPurge2: 26     2370    0.15%
      0     0      331.7341    63      331.2315 UserPurge2: 32     2397    0.15%
      0     0      331.7329    66      331.2315 UserPurge2: 16     2413    0.15%
      0     0      331.7315    65      331.2315 UserPurge2: 8     2428    0.15%
      0     0      331.7306    65      331.2315 UserPurge2: 4     2444    0.15%
      0     0      331.7302    67      331.2315 UserPurge2: 5     2457    0.15%
      0     0      331.7272    68      331.2315 UserPurge2: 11     2472    0.15%
      0     0      331.7271    67      331.2315 UserPurge2: 9     2477    0.15%
      0     0      331.7271    68      331.2315 UserPurge2: 5     2479    0.15%
      0     0      331.7268    64      331.2315 UserPurge2: 4     2484    0.15%
      0     0      331.7267    68      331.2315 UserPurge2: 13     2490    0.15%
*     0+    0                          331.4510      331.7267             0.08%
*     0+    0                          331.4758      331.7267             0.08%
      0     2      331.7259    68      331.4758      331.7258     2490    0.08%
Elapsed time = 1.79 sec. (722.65 ticks, tree = 0.01 MB, solutions = 7)
     25    15      331.5849    66      331.4758      331.6681     5968    0.06%
     50    22      331.4784    51      331.4758      331.6143     8733    0.04%
     83    27      331.5022    53      331.4758      331.5741    11216    0.03%
    121     3        cutoff            331.4758      331.4861    14238    0.00%

Flow cuts applied:  18
Mixed integer rounding cuts applied:  94
Gomory fractional cuts applied:  1
User cuts applied:  974

Root node processing (before b&c):
  Real time             =    1.79 sec. (722.76 ticks)
Sequential b&c:
  Real time             =    2.02 sec. (985.90 ticks)
                          ------------
Total (root+branch&cut) =    3.81 sec. (1708.66 ticks)
|V|                                     500
K                                       50
theta                                   0.20
r                                       1
R                                       20
prob_func                               facility_mixture
mixture_low_share                       0.500000
mixture_low_interval                    [0.001000, 0.010000]
mixture_high_interval                   [0.100000, 0.500000]
mixture_seed                            1
#C1                                     600
#CP                                     11818

@Parameters: 
am_callback_heuristic                   false
am_local_search                         true
am_start_heuristic                      false
colocation                              false
comp                                    false
cutC                                    true
cutC_init                               false
cutF                                    true
cutF_init                               false
cutF_stable                             false
cutF_wrong                              false
cutLocal                                false
cutM                                    true
cutM_init                               true
cutM_stable                             false
cutP                                    true
cutP_init                               false
cutP_stable                             false
init                                    true
init_cutF_zero                          false
init_val_greedy                         true
is_Euclidean                            false
is_local_search                         true
is_right_cutP                           true
is_root                                 false
is_silent                               false
is_start                                false
mycut                                   false
pmed                                    false
pre                                     true
stable_root                             false
str                                     true
two_phase                               false
ubstr                                   false
mode                                    Int

am_callback_node_space                  50
init                                    0
mixture_seed                            1
node_space                              5
nodelimit                               -1
nsepa                                   1
strF                                    0
type_delta                              0

EPS                                     0.001000
EPS_FRAC                                0.00
gap                                     0.00
mixture_high_max                        0.50
mixture_high_min                        0.10
mixture_low_max                         0.01
mixture_low_min                         0.00
mixture_low_share                       0.50
timelimit                               3600.00

Number of Closed Sites: 15 / 750 
Number of Confined Sites-1: 10 / 490 
Number of Confined Sites-k: 475 / 4841 
Preprocess Time: 0.92 + 0.00 sec

Solve Time: 3.81
Number of Nodes: 125
Termination Status: OPTIMAL

CutInfo: [phase] num / time (sec) / aver. num_nonzero
max              [LP]     0 / 0.00 / 0.00 [init]   443 / 0.01 / 1.92 [rLC]   201 / 0.04 / 4.99 [rUC]   253 / 0.05 / 3.19 [sLC]     0 / 0.00 / 0.00 [sUC]    46 / 0.12 / 4.30 
prod_oa          [LP]     0 / 0.00 / 0.00 [init]   435 / 0.00 / 21.27 [rLC]  1248 / 0.07 / 27.50 [rUC]   272 / 0.09 / 28.51 [sLC]     0 / 0.00 / 0.00 [sUC]    82 / 0.17 / 24.70 
prod_sm_fixed    [LP]     0 / 0.00 / 0.00 [init]     0 / 0.00 / 0.00 [rLC]     0 / 0.00 / 0.00 [rUC]     0 / 0.00 / 0.00 [sLC]     0 / 0.00 / 0.00 [sUC]     0 / 0.00 / 0.00 
prod_bin         [LP]     0 / 0.00 / 0.00 [init]     0 / 0.00 / 0.00 [rLC]     0 / 0.00 / 0.00 [rUC]     0 / 0.00 / 0.00 [sLC]     0 / 0.00 / 0.00 [sUC]     0 / 0.00 / 0.00 
prod_local       [LP]     0 / 0.00 / 0.00 [init]     0 / 0.00 / 0.00 [rLC]     0 / 0.00 / 0.00 [rUC]     0 / 0.00 / 0.00 [sLC]     0 / 0.00 / 0.00 [sUC]     0 / 0.00 / 0.00 
prod_sm_C        [LP]     0 / 0.00 / 0.00 [init]     0 / 0.02 / 0.00 [rLC]    16 / 0.28 / 36.81 [rUC]   678 / 0.37 / 42.54 [sLC]     0 / 0.00 / 0.00 [sUC]   201 / 0.67 / 44.64 
facet            [LP]     0 / 0.00 / 0.00 [init]     0 / 0.00 / 0.00 [rLC]    16 / 0.00 / 0.00 [rUC]   678 / 0.00 / 0.00 [sLC]     0 / 0.00 / 0.00 [sUC]   201 / 0.00 / 0.00 
Separation Round:   [LP] 0  [init] 1  [rLC] 18  [rUC] 19  [sLC] 0  [sUC] 150  
Root Best Bound 331.725788
Root Best Integer: 331.475776
Best Bound: 331.523799
Best Integer: 331.475776
1: 5, 28, 36, 47, 49, 51, 53, 58, 67, 72, 73, 77, 79, 91, 106, 108, 122, 137, 139, 175, 188, 193, 205, 212, 213, 219, 223, 302, 315, 323, 326, 332, 344, 345, 355, 373, 386, 400, 407, 408, 413, 415, 416, 426, 436, 437, 453, 458, 459, 477
Objective Value (calc): 331.459188
sum_etaM = 235.322685 / 235.321899
sum_etaP = 355.514049 / 355.493510
nL: 50
nCL: 0
mCL: 1
