Version identifier: 20.1.0.0 | 2020-11-10 | 9bedb6d68
CPXPARAM_Threads                                 1
CPXPARAM_TimeLimit                               3600
CPXPARAM_MIP_Tolerances_MIPGap                   0
Generic callback                                 0x60
1 of 1 MIP starts provided solutions.
MIP start 'm1' defined initial solution with objective 93.7910.
Tried aggregator 1 time.
MIP Presolve eliminated 9 rows and 9 columns.
Reduced MIP has 299 rows, 591 columns, and 1015 nonzeros.
Reduced MIP has 191 binaries, 0 generals, 0 SOSs, and 0 indicators.
Presolve time = 0.00 sec. (0.44 ticks)
Probing time = 0.00 sec. (0.06 ticks)
Tried aggregator 1 time.
Reduced MIP has 299 rows, 591 columns, and 1015 nonzeros.
Reduced MIP has 191 binaries, 0 generals, 0 SOSs, and 0 indicators.
Presolve time = 0.00 sec. (0.42 ticks)
Probing time = 0.00 sec. (0.06 ticks)
MIP emphasis: balance optimality and feasibility.
MIP search method: dynamic search.
Parallel mode: none, using 1 thread.
Root relaxation solution time = 0.00 sec. (0.91 ticks)

        Nodes                                         Cuts/
   Node  Left     Objective  IInf  Best Integer    Best Bound    ItCnt     Gap

*     0+    0                           93.7910      200.0000           113.24%
      0     0      138.0353    10       93.7910      138.0353      307   47.17%
      0     0       98.4385    52       93.7910     Cuts: 174      504    4.96%
      0     0       97.2960    44       93.7910     Cuts: 108      603    3.74%
      0     0       96.8709    42       93.7910      Cuts: 52      655    3.28%
      0     0       96.7620    41       93.7910      Cuts: 42      689    3.17%
      0     0       96.5009    50       93.7910      Cuts: 50      746    2.89%
      0     0       96.2949    39       93.7910      Cuts: 56      785    2.67%
      0     0       96.2332    34       93.7910      Cuts: 27      808    2.60%
      0     0       96.1516    34       93.7910      Cuts: 35      834    2.52%
      0     0       96.1118    36       93.7910      Cuts: 25      857    2.47%
      0     0       96.0632    36       93.7910      Cuts: 23      882    2.42%
      0     0       96.0488    36       93.7910      Cuts: 15      898    2.41%
      0     0       96.0037    33       93.7910      Cuts: 13      911    2.36%
      0     0       95.9717    33       93.7910      Cuts: 19      928    2.33%
      0     0       95.9566    34       93.7910      Cuts: 12      944    2.31%
      0     0       95.9374    27       93.7910      Cuts: 21      952    2.29%
      0     0       95.9351    39       93.7910    MIRcuts: 2      957    2.29%
      0     0       95.9259    40       93.7910    MIRcuts: 1      962    2.28%
      0     0       95.9257    40       93.7910 UserPurge2: 1      963    2.28%
      0     0       95.9257    40       93.7910 UserPurge2: 1      964    2.28%
      0     2       95.9257    40       93.7910       95.9256      964    2.28%
Elapsed time = 0.37 sec. (100.40 ticks, tree = 0.01 MB, solutions = 1)
*    75    29      integral     0       95.3603       95.8981     2252    0.56%
*   119    57      integral     0       95.4102       95.8842     2773    0.50%
*   131    20      integral     0       95.6181       95.8071     2923    0.20%
*   161    18      integral     0       95.6371       95.6985     3374    0.06%

Flow cuts applied:  5
Mixed integer rounding cuts applied:  66
Gomory fractional cuts applied:  5
User cuts applied:  400

Root node processing (before b&c):
  Real time             =    0.37 sec. (100.41 ticks)
Sequential b&c:
  Real time             =    1.92 sec. (121.47 ticks)
                          ------------
Total (root+branch&cut) =    2.29 sec. (221.88 ticks)
|V|                                     200
K                                       40
theta                                   0.10
r                                       2
R                                       20
prob_func                               facility_mixture
mixture_low_share                       0.100000
mixture_low_interval                    [0.001000, 0.010000]
mixture_high_interval                   [0.100000, 0.500000]
mixture_seed                            1
#C1                                     228
#CP                                     576

@Parameters: 
am_callback_heuristic                   false
am_local_search                         true
am_start_heuristic                      false
colocation                              false
comp                                    false
cutC                                    true
cutC_init                               false
cutF                                    true
cutF_init                               false
cutF_stable                             false
cutF_wrong                              false
cutLocal                                false
cutM                                    true
cutM_init                               true
cutM_stable                             false
cutP                                    true
cutP_init                               false
cutP_stable                             false
init                                    true
init_cutF_zero                          false
init_val_greedy                         true
is_Euclidean                            false
is_local_search                         true
is_right_cutP                           true
is_root                                 false
is_silent                               false
is_start                                false
mycut                                   false
pmed                                    false
pre                                     true
stable_root                             false
str                                     false
two_phase                               false
ubstr                                   false
mode                                    Bin

am_callback_node_space                  50
init                                    0
mixture_seed                            1
node_space                              5
nodelimit                               -1
nsepa                                   1
strF                                    0
type_delta                              0

EPS                                     0.001000
EPS_FRAC                                0.00
gap                                     0.00
mixture_high_max                        0.50
mixture_high_min                        0.10
mixture_low_max                         0.01
mixture_low_min                         0.00
mixture_low_share                       0.10
timelimit                               3600.00

Number of Closed Sites: 9 / 360 
Number of Confined Sites-1: 47 / 1833 
Number of Confined Sites-k: 144 / 3155 
Preprocess Time: 0.17 + 0.00 sec

Solve Time: 2.29
Number of Nodes: 180
Termination Status: OPTIMAL

CutInfo: [phase] num / time (sec) / aver. num_nonzero
max              [LP]     0 / 0.00 / 0.00 [init]   149 / 0.02 / 1.22 [rLC]   127 / 0.02 / 4.31 [rUC]   190 / 0.05 / 2.69 [sLC]     0 / 0.00 / 0.00 [sUC]    65 / 0.10 / 3.58 
prod_oa          [LP]     0 / 0.00 / 0.00 [init]     0 / 0.00 / 0.00 [rLC]     0 / 0.00 / 0.00 [rUC]     0 / 0.00 / 0.00 [sLC]     0 / 0.00 / 0.00 [sUC]     0 / 0.00 / 0.00 
prod_sm_fixed    [LP]     0 / 0.00 / 0.00 [init]     0 / 0.00 / 0.00 [rLC]     0 / 0.00 / 0.00 [rUC]     0 / 0.00 / 0.00 [sLC]     0 / 0.00 / 0.00 [sUC]     0 / 0.00 / 0.00 
prod_bin         [LP]     0 / 0.00 / 0.00 [init]   149 / 0.01 / 0.00 [rLC]   149 / 0.02 / 0.00 [rUC]   229 / 0.01 / 0.00 [sLC]     1 / 0.00 / 0.00 [sUC]    77 / 0.01 / 0.00 
prod_local       [LP]     0 / 0.00 / 0.00 [init]     0 / 0.00 / 0.00 [rLC]     0 / 0.00 / 0.00 [rUC]     0 / 0.00 / 0.00 [sLC]     0 / 0.00 / 0.00 [sUC]     0 / 0.00 / 0.00 
prod_sm_C        [LP]     0 / 0.00 / 0.00 [init]     0 / 0.00 / 0.00 [rLC]     0 / 0.00 / 0.00 [rUC]     0 / 0.00 / 0.00 [sLC]     0 / 0.00 / 0.00 [sUC]     0 / 0.00 / 0.00 
facet            [LP]     0 / 0.00 / 0.00 [init]     0 / 0.00 / 0.00 [rLC]     0 / 0.00 / 0.00 [rUC]     0 / 0.00 / 0.00 [sLC]     0 / 0.00 / 0.00 [sUC]     0 / 0.00 / 0.00 
Separation Round:   [LP] 0  [init] 1  [rLC] 4  [rUC] 21  [sLC] 5  [sUC] 311  
Root Best Bound 95.922251
Root Best Integer: 93.791028
Best Bound: 95.698474
Best Integer: 95.618125
1: 9, 11, 15, 16, 17, 25, 27, 29, 31, 34, 38, 40, 45, 46, 47, 49, 63, 66, 67, 69, 70, 76, 79, 91, 99, 109, 113, 129, 134, 138, 141, 152, 158, 159, 164, 167, 168, 182, 184, 186
Objective Value (calc): 95.637076
sum_etaM = 87.355641 / 87.355641
sum_etaP = 96.557235 / 96.557235
nL: 40
nCL: 0
mCL: 1
