Version identifier: 20.1.0.0 | 2020-11-10 | 9bedb6d68
CPXPARAM_Threads                                 1
CPXPARAM_TimeLimit                               3600
CPXPARAM_MIP_Tolerances_MIPGap                   0
Generic callback                                 0x60
1 of 1 MIP starts provided solutions.
MIP start 'm1' defined initial solution with objective 175.0048.
Tried aggregator 2 times.
MIP Presolve eliminated 54 rows and 28 columns.
Aggregator did 26 substitutions.
Reduced MIP has 893 rows, 1146 columns, and 3440 nonzeros.
Reduced MIP has 286 binaries, 260 generals, 0 SOSs, and 0 indicators.
Presolve time = 0.00 sec. (1.93 ticks)
Probing time = 0.00 sec. (0.20 ticks)
Tried aggregator 1 time.
Reduced MIP has 893 rows, 1146 columns, and 3440 nonzeros.
Reduced MIP has 286 binaries, 260 generals, 0 SOSs, and 0 indicators.
Presolve time = 0.00 sec. (1.11 ticks)
Probing time = 0.00 sec. (0.20 ticks)
MIP emphasis: balance optimality and feasibility.
MIP search method: dynamic search.
Parallel mode: none, using 1 thread.
Root relaxation solution time = 0.01 sec. (7.30 ticks)

        Nodes                                         Cuts/
   Node  Left     Objective  IInf  Best Integer    Best Bound    ItCnt     Gap

*     0+    0                          175.0048      300.0000            71.42%
      0     0      255.4052    63      175.0048      255.4052      637   45.94%
      0     0      176.3208   177      175.0048     Cuts: 265      863    0.75%
      0     0      175.6454   176      175.0048     Cuts: 144     1010    0.37%
      0     0      175.4917   160      175.0048      Cuts: 94     1108    0.28%
      0     0      175.4625   166      175.0048      Cuts: 39     1145    0.26%
      0     0      175.4015   179      175.0048      Cuts: 36     1197    0.23%
      0     0      175.3736   163      175.0048      Cuts: 15     1234    0.21%
      0     0      175.3667   144      175.0048      Cuts: 32     1262    0.21%
      0     0      175.3637   136      175.0048 UserPurge2: 8     1278    0.21%
      0     0      175.3633   129      175.0048       Cuts: 3     1280    0.20%
      0     0      175.3630   135      175.0048       Cuts: 3     1284    0.20%
      0     0      175.3629   147      175.0048 UserPurge2: 2     1286    0.20%
      0     2      175.3629   147      175.0048      175.3592     1286    0.20%
Elapsed time = 0.47 sec. (289.56 ticks, tree = 0.01 MB, solutions = 1)
*    30+   14                          175.0096      175.1977             0.11%
*    50+   26                          175.0114      175.1672             0.09%
*    60+   33                          175.0184      175.1672             0.09%
    122    82      175.0191    59      175.0184      175.1557     2614    0.08%
*   220+   95                          175.0185      175.0492             0.02%
    303   137        cutoff            175.0185      175.0478     4350    0.02%
*   360+   63                          175.0194      175.0287             0.01%
*   420+   72                          175.0194      175.0287             0.01%
    543    62        cutoff            175.0194      175.0210     5617    0.00%

Flow cuts applied:  14
Mixed integer rounding cuts applied:  31
Lift and project cuts applied:  6
Gomory fractional cuts applied:  13
User cuts applied:  542

Root node processing (before b&c):
  Real time             =    0.47 sec. (289.60 ticks)
Sequential b&c:
  Real time             =    2.64 sec. (768.43 ticks)
                          ------------
Total (root+branch&cut) =    3.11 sec. (1058.03 ticks)
|V|                                     300
K                                       100
theta                                   0.20
r                                       2
R                                       20
prob_func                               facility_mixture
mixture_low_share                       0.900000
mixture_low_interval                    [0.001000, 0.010000]
mixture_high_interval                   [0.100000, 0.500000]
mixture_seed                            1
#C1                                     376
#CP                                     2142

@Parameters: 
am_callback_heuristic                   false
am_local_search                         true
am_start_heuristic                      false
colocation                              true
comp                                    false
cutC                                    true
cutC_init                               false
cutF                                    true
cutF_init                               false
cutF_stable                             false
cutF_wrong                              false
cutLocal                                false
cutM                                    true
cutM_init                               true
cutM_stable                             false
cutP                                    true
cutP_init                               false
cutP_stable                             false
init                                    true
init_cutF_zero                          false
init_val_greedy                         true
is_Euclidean                            false
is_local_search                         true
is_right_cutP                           true
is_root                                 false
is_silent                               false
is_start                                false
mycut                                   false
pmed                                    false
pre                                     true
stable_root                             false
str                                     true
two_phase                               false
ubstr                                   false
mode                                    Int

am_callback_node_space                  50
init                                    0
mixture_seed                            1
node_space                              5
nodelimit                               -1
nsepa                                   1
strF                                    0
type_delta                              0

EPS                                     0.001000
EPS_FRAC                                0.00
gap                                     0.00
mixture_high_max                        0.50
mixture_high_min                        0.10
mixture_low_max                         0.01
mixture_low_min                         0.00
mixture_low_share                       0.90
timelimit                               3600.00

Number of Closed Sites: 14 / 1400 
Number of Confined Sites-1: 26 / 2574 
Number of Confined Sites-k: 260 / 9689 
Preprocess Time: 0.46 + 0.00 sec

Solve Time: 3.11
Number of Nodes: 607
Termination Status: OPTIMAL

CutInfo: [phase] num / time (sec) / aver. num_nonzero
max              [LP]     0 / 0.00 / 0.00 [init]   186 / 0.00 / 1.26 [rLC]   160 / 0.00 / 4.08 [rUC]    90 / 0.02 / 2.74 [sLC]     0 / 0.01 / 0.00 [sUC]    14 / 0.23 / 2.50 
prod_oa          [LP]     0 / 0.00 / 0.00 [init]   186 / 0.00 / 8.23 [rLC]   195 / 0.00 / 8.84 [rUC]    55 / 0.02 / 16.36 [sLC]     0 / 0.01 / 0.00 [sUC]    56 / 0.18 / 13.71 
prod_sm_fixed    [LP]     0 / 0.00 / 0.00 [init]     0 / 0.00 / 0.00 [rLC]     0 / 0.00 / 0.00 [rUC]     0 / 0.00 / 0.00 [sLC]     0 / 0.00 / 0.00 [sUC]     0 / 0.00 / 0.00 
prod_bin         [LP]     0 / 0.00 / 0.00 [init]     0 / 0.00 / 0.00 [rLC]     0 / 0.00 / 0.00 [rUC]     0 / 0.00 / 0.00 [sLC]     0 / 0.00 / 0.00 [sUC]     0 / 0.00 / 0.00 
prod_local       [LP]     0 / 0.00 / 0.00 [init]     0 / 0.00 / 0.00 [rLC]     0 / 0.00 / 0.00 [rUC]     0 / 0.00 / 0.00 [sLC]     0 / 0.00 / 0.00 [sUC]     0 / 0.00 / 0.00 
prod_sm_C        [LP]     0 / 0.00 / 0.00 [init]     0 / 0.00 / 0.00 [rLC]     0 / 0.01 / 0.00 [rUC]   443 / 0.05 / 16.26 [sLC]     0 / 0.02 / 0.00 [sUC]   118 / 0.56 / 19.31 
facet            [LP]     0 / 0.00 / 0.00 [init]     0 / 0.00 / 0.00 [rLC]     0 / 0.00 / 0.00 [rUC]   443 / 0.00 / 0.00 [sLC]     0 / 0.00 / 0.00 [sUC]   118 / 0.00 / 0.00 
Separation Round:   [LP] 0  [init] 1  [rLC] 2  [rUC] 13  [sLC] 6  [sUC] 820  
Root Best Bound 175.304223
Root Best Integer: 175.004770
Best Bound: 175.020159
Best Integer: 175.019391
1: 8, 10, 12, 16, 27, 28, 30, 32, 33, 34, 35, 39, 42, 44, 45, 48, 51, 53, 60, 62, 65, 69, 70, 77, 79, 84, 85, 89, 90, 93, 96, 99, 100, 102, 106, 115, 118, 119, 120, 122, 129, 133, 136, 142, 144, 146, 148, 150, 164, 170, 175, 176, 180, 181, 182, 183, 185, 193, 200, 203, 212, 213, 214, 219, 222, 224, 234, 235, 238, 240, 244, 249, 251, 252, 255, 256, 258, 259, 263, 267, 268, 274, 277, 284, 286, 287, 290, 295, 298, 300
2: 124, 201
3: 103, 112
Objective Value (calc): 175.019362
sum_etaM = 154.054528 / 154.054528
sum_etaP = 180.260607 / 180.260570
nL: 94
nCL: 4
mCL: 3
