Version identifier: 20.1.0.0 | 2020-11-10 | 9bedb6d68
CPXPARAM_Threads                                 1
CPXPARAM_TimeLimit                               3600
CPXPARAM_MIP_Tolerances_MIPGap                   0
Generic callback                                 0x60
1 of 1 MIP starts provided solutions.
MIP start 'm1' defined initial solution with objective 319.1674.
Tried aggregator 1 time.
Reduced MIP has 467 rows, 1200 columns, and 3883 nonzeros.
Reduced MIP has 400 binaries, 0 generals, 0 SOSs, and 0 indicators.
Presolve time = 0.00 sec. (1.05 ticks)
Probing time = 0.00 sec. (0.21 ticks)
Tried aggregator 1 time.
Reduced MIP has 467 rows, 1200 columns, and 3883 nonzeros.
Reduced MIP has 400 binaries, 0 generals, 0 SOSs, and 0 indicators.
Presolve time = 0.00 sec. (1.05 ticks)
Probing time = 0.00 sec. (0.21 ticks)
MIP emphasis: balance optimality and feasibility.
MIP search method: dynamic search.
Parallel mode: none, using 1 thread.
Root relaxation solution time = 0.01 sec. (10.11 ticks)

        Nodes                                         Cuts/
   Node  Left     Objective  IInf  Best Integer    Best Bound    ItCnt     Gap

*     0+    0                          319.1674      400.0000            25.33%
      0     0      385.3038   149      319.1674      385.3038      549   20.72%
      0     0      334.9893   150      319.1674     Cuts: 216      892    4.96%
      0     0      333.1017   158      319.1674     Cuts: 216     1262    4.37%
      0     0      332.0119   177      319.1674     Cuts: 216     1570    4.02%
      0     0      331.3233   175      319.1674     Cuts: 217     1864    3.81%
      0     0      330.9643   190      319.1674     Cuts: 216     2103    3.70%
      0     0      330.6290   175      319.1674     Cuts: 217     2330    3.59%
      0     0      330.4223   197      319.1674     Cuts: 145     2503    3.53%
      0     0      330.2550   178      319.1674     Cuts: 160     2661    3.47%
      0     0      330.1606   188      319.1674     Cuts: 131     2788    3.44%
      0     0      330.0890   176      319.1674     Cuts: 101     2896    3.42%
      0     0      330.0571   194      319.1674      Cuts: 75     2995    3.41%
      0     0      330.0150   192      319.1674      Cuts: 68     3111    3.40%
      0     0      329.9776   180      319.1674      Cuts: 81     3197    3.39%
      0     0      329.9598   181      319.1674 UserPurge2: 36     3255    3.38%
      0     0      329.9386   193      319.1674 UserPurge2: 34     3321    3.37%
      0     0      329.9323   195      319.1674 UserPurge2: 30     3351    3.37%
      0     0      329.9200   200      319.1674 UserPurge2: 29     3409    3.37%
      0     0      329.9135   200      319.1674 UserPurge2: 12     3448    3.37%
      0     0      329.9092   195      319.1674 UserPurge2: 27     3473    3.37%
      0     0      329.9072   198      319.1674 UserPurge2: 14     3490    3.36%
      0     0      329.9011   195      319.1674 UserPurge2: 20     3511    3.36%
      0     0      329.8958   191      319.1674 UserPurge2: 17     3541    3.36%
      0     0      329.8900   186      319.1674 UserPurge2: 19     3568    3.36%
      0     0      329.8880   191      319.1674 UserPurge2: 11     3588    3.36%
      0     0      329.8801   184      319.1674 UserPurge2: 24     3625    3.36%
      0     0      329.8788   182      319.1674 UserPurge2: 10     3637    3.36%
      0     0      329.8782   186      319.1674 UserPurge2: 10     3642    3.36%
      0     0      329.8779   186      319.1674 UserPurge2: 5     3650    3.36%
      0     0      329.8779   186      319.1674 UserPurge2: 1     3651    3.36%
      0     2      329.8779   186      319.1674      329.8768     3651    3.36%
Elapsed time = 2.08 sec. (1425.41 ticks, tree = 0.01 MB, solutions = 1)
     10    12      329.3368   187      319.1674      329.8636     5710    3.35%
     20    22      328.9849   172      319.1674      329.8636     7480    3.35%
     30    32      328.5424   163      319.1674      329.8636     9532    3.35%
     40    42      328.0952   150      319.1674      329.8636    11999    3.35%
     50    52      327.5433   143      319.1674      329.8636    14390    3.35%
     60    62      327.2776   118      319.1674      329.8636    16519    3.35%
     73    75      326.9428   105      319.1674      329.8636    18803    3.35%
     80    82      326.6107   118      319.1674      329.8636    20722    3.35%
     90    92      326.3988   101      319.1674      329.8636    22798    3.35%
*   107   100      integral     0      326.3156      329.8636    24751    1.09%
    125   117      328.7632   183      326.3156      329.8544    30420    1.08%
Elapsed time = 7.97 sec. (5216.66 ticks, tree = 0.43 MB, solutions = 2)
    145   137      327.4621   163      326.3156      329.8544    37133    1.08%
    170   156      329.4570   192      326.3156      329.8511    43475    1.08%
    189   175      328.2125   197      326.3156      329.8511    48224    1.08%
    204   190      327.6250   171      326.3156      329.8511    52329    1.08%
*   216   133      integral     0      327.4731      329.8511    54398    0.73%
    222   138      329.1940   193      327.4731      329.8364    56368    0.72%
    240   156      328.0556   192      327.4731      329.8364    62000    0.72%
    260   176      327.6274   155      327.4731      329.8364    68926    0.72%
*   272   173      integral     0      327.5489      329.8364    71612    0.70%
    280   180      328.9252   193      327.5489      329.5779    73617    0.62%
    300   200      327.9312   174      327.5489      329.5779    79305    0.62%
*   327   196      integral     0      327.7474      329.5779    85132    0.56%
Elapsed time = 22.31 sec. (15400.30 ticks, tree = 0.87 MB, solutions = 5)
    345   214      328.3949   173      327.7474      329.5594    90237    0.55%
    360   225      329.1430   190      327.7474      329.5514    94143    0.55%
    380   245      327.8083   187      327.7474      329.5514   100008    0.55%
    403   264      328.2574   172      327.7474      329.5488   105439    0.55%
    421   277      329.2719   186      327.7474      329.5432   110863    0.55%
    447   303      327.8429   173      327.7474      329.5432   114555    0.55%
    479   331      327.7867   167      327.7474      329.5414   119005    0.55%
    499   347      328.4324   184      327.7474      329.5230   123881    0.54%
    520   364      329.1214   186      327.7474      329.5186   129119    0.54%
    540   384      327.9985   177      327.7474      329.5186   134523    0.54%
Elapsed time = 33.53 sec. (25565.74 ticks, tree = 2.34 MB, solutions = 5)
    563   403      328.6130   178      327.7474      329.4958   140166    0.53%
    581   421      327.8843   168      327.7474      329.4958   145297    0.53%
    605   440      328.4674   186      327.7474      329.4904   150962    0.53%
    627   462      328.0076   155      327.7474      329.4904   156210    0.53%
*   638   387      integral     0      327.9547      329.4904   159412    0.47%
    660   405      328.2744   182      327.9547      329.4879   164507    0.47%
    675   416      329.0226   183      327.9547      329.4811   169649    0.47%
    688   429      328.4183   176      327.9547      329.4811   173621    0.47%
    707   444      328.8357   168      327.9547      329.4566   178188    0.46%
    730   463      329.1492   186      327.9547      329.4565   183518    0.46%
Elapsed time = 42.82 sec. (34888.86 ticks, tree = 3.30 MB, solutions = 6)
    750   483      328.1788   171      327.9547      329.4565   189056    0.46%
*   779   419      integral     0      328.0976      329.4565   192983    0.41%
    780   419      329.3086   193      328.0976      329.4260   193506    0.40%
    809   444      329.0255   187      328.0976      329.4009   197407    0.40%
    840   469      328.9337   195      328.0976      329.3971   200928    0.40%
    879   504      328.2934   183      328.0976      329.3920   205400    0.39%
    911   530      328.1087   158      328.0976      329.3860   209159    0.39%
    941   552      329.1682   204      328.0976      329.3812   213435    0.39%
    966   573      329.0675   189      328.0976      329.3771   217534    0.39%
    984   591      328.1600   176      328.0976      329.3771   221363    0.39%
   1014   613      328.8867   192      328.0976      329.3411   225452    0.38%
Elapsed time = 53.44 sec. (44732.36 ticks, tree = 6.42 MB, solutions = 7)

Performing restart 1

Repeating presolve.
Tried aggregator 1 time.
Reduced MIP has 467 rows, 1200 columns, and 3883 nonzeros.
Reduced MIP has 400 binaries, 0 generals, 0 SOSs, and 0 indicators.
Presolve time = 0.00 sec. (1.08 ticks)
Tried aggregator 1 time.
Reduced MIP has 467 rows, 1200 columns, and 3883 nonzeros.
Reduced MIP has 400 binaries, 0 generals, 0 SOSs, and 0 indicators.
Presolve time = 0.00 sec. (1.07 ticks)
Represolve time = 0.02 sec. (11.02 ticks)
   1042     2      329.6879   200      328.0976      329.3380   234457    0.38%
   1044     4      329.6358   197      328.0976      329.3380   234665    0.38%
   1055    15      329.1682   176      328.0976      329.3380   237901    0.38%
   1090    46      328.1017   170      328.0976      329.3380   243648    0.38%
   1118    72      328.4998   187      328.0976      329.3380   249540    0.38%
   1142    91      328.6181   183      328.0976      329.3380   254585    0.38%
   1182   125      328.5596   180      328.0976      329.3380   261526    0.38%
   1215   154      328.8478   183      328.0976      329.3380   268160    0.38%
*  1267   196      integral     0      328.1242      329.3380   272840    0.37%
   1273   201      329.1933   195      328.1242      329.3380   273846    0.37%
   1303   231      328.3327   164      328.1242      329.3380   279557    0.37%
Elapsed time = 65.11 sec. (55857.13 ticks, tree = 0.57 MB, solutions = 8)
   1369   278      328.1851   173      328.1242      329.3380   284097    0.37%
   1427   331      328.1682    84      328.1242      329.3380   289212    0.37%
*  1440   300      integral     0      328.1672      329.3380   289315    0.36%
   1473   328      328.4026   187      328.1672      329.3380   294044    0.36%
   1510   361      328.3762   173      328.1672      329.3380   299372    0.36%
   1552   389      328.7301   191      328.1672      329.3380   304752    0.36%
   1602   431      328.2205   143      328.1672      329.3380   309686    0.36%
*  1626   441      integral     0      328.1735      329.3380   310276    0.35%
   1665   475      328.5241   194      328.1735      329.3380   315084    0.35%
   1688   494      328.5718   185      328.1735      329.3380   318621    0.35%
   1720   519      328.8585   193      328.1735      329.3341   324999    0.35%
   1750   545      328.1954   156      328.1735      329.3298   330792    0.35%
Elapsed time = 75.49 sec. (65569.33 ticks, tree = 4.72 MB, solutions = 10)
   1777   563      328.9005   186      328.1735      329.2879   334642    0.34%
   1804   586      328.5051   178      328.1735      329.2860   340891    0.34%
   1843   617      328.7463   188      328.1735      329.2850   345559    0.34%
   1875   645      328.4381   176      328.1735      329.2847   351204    0.34%
   1931   684      329.0229   204      328.1735      329.2841   356436    0.34%
   1970   719      328.2144   161      328.1735      329.2839   361740    0.34%
   2001   743      328.5368   171      328.1735      329.2651   367356    0.33%
   2047   783      328.3498   165      328.1735      329.2608   371996    0.33%
   2082   809      328.7205   194      328.1735      329.2469   376063    0.33%
   2111   831      328.8925   180      328.1735      329.2440   381481    0.33%
Elapsed time = 85.03 sec. (75314.97 ticks, tree = 8.90 MB, solutions = 10)
   2171   873      329.1156   192      328.1735      329.2437   386642    0.33%
   2212   908      328.2352   176      328.1735      329.2323   392082    0.32%
   2256   940      328.9344   195      328.1735      329.2250   397346    0.32%
   2280   960      328.6072   184      328.1735      329.2213   402435    0.32%
   2323   996      328.6962   191      328.1735      329.2046   407931    0.31%
   2364  1029      328.6586   169      328.1735      329.2025   413237    0.31%
   2407  1062      329.0518   199      328.1735      329.1942   418692    0.31%
   2457  1104      329.0152   178      328.1735      329.1919   424363    0.31%
   2499  1142      328.3557   154      328.1735      329.1908   429568    0.31%
   2553  1178      328.9646   191      328.1735      329.1595   435152    0.30%
Elapsed time = 94.30 sec. (85107.46 ticks, tree = 14.08 MB, solutions = 10)
   2596  1213      328.6905   191      328.1735      329.1502   440576    0.30%
   2635  1240      328.8298   186      328.1735      329.1489   445678    0.30%
   2662  1263      328.1959   183      328.1735      329.1472   449856    0.30%
   2706  1299      328.5138   191      328.1735      329.1453   455319    0.30%
   2754  1336      328.9394   180      328.1735      329.1360   461014    0.29%
   2807  1381      328.3595   168      328.1735      329.1339   466407    0.29%
   2842  1411      328.3266   154      328.1735      329.1308   471384    0.29%
   2907  1456      329.0044   195      328.1735      329.1245   476821    0.29%
   2956  1497      328.7620   198      328.1735      329.1186   482254    0.29%
   3129  1630      328.5811   183      328.1735      329.0940   502256    0.28%
Elapsed time = 106.14 sec. (97650.06 ticks, tree = 19.99 MB, solutions = 10)
   3275  1740      328.2213   177      328.1735      329.0764   523865    0.28%
   3452  1882      328.2430   165      328.1735      329.0702   544547    0.27%
   3636  2023      328.5710   186      328.1735      329.0560   566238    0.27%
   3826  2167      328.1783   167      328.1735      329.0385   587249    0.26%
   3984  2281      328.5643   196      328.1735      329.0222   608397    0.26%
   4196  2450      328.5915   191      328.1735      329.0099   629809    0.25%
   4389  2604      328.6825   187      328.1735      328.9990   650466    0.25%
   4562  2731      328.8724   197      328.1735      328.9846   671875    0.25%
   4737  2860        cutoff            328.1735      328.9772   693014    0.24%
   4915  2995      328.3982   163      328.1735      328.9653   713704    0.24%
Elapsed time = 141.94 sec. (135940.56 ticks, tree = 40.38 MB, solutions = 10)
   5092  3130      328.2081   158      328.1735      328.9608   734562    0.24%
   5280  3265      328.6095   185      328.1735      328.9504   755271    0.24%
   5450  3384      328.6308   198      328.1735      328.9431   776005    0.23%
   5626  3514      328.5152   168      328.1735      328.9337   797797    0.23%
   5794  3633      328.5797   183      328.1735      328.9252   818611    0.23%
   5998  3785      328.7719   190      328.1735      328.9214   839709    0.23%
   6178  3918      328.2859   172      328.1735      328.9130   861028    0.23%
   6375  4066      328.1738   153      328.1735      328.9066   882109    0.22%
   6576  4204      328.4390   175      328.1735      328.9020   902830    0.22%
   6786  4355      328.7754   194      328.1735      328.8985   924231    0.22%
Elapsed time = 177.99 sec. (174212.59 ticks, tree = 59.14 MB, solutions = 10)
   6996  4503      328.2057   182      328.1735      328.8925   945271    0.22%
   7174  4626      328.5257   192      328.1735      328.8874   965982    0.22%
   7376  4772      328.6478   176      328.1735      328.8793   987717    0.22%
   7564  4902      328.6878   188      328.1735      328.8733  1008182    0.21%
   7746  5031      328.2946   181      328.1735      328.8667  1029603    0.21%
   7936  5168      328.6522   184      328.1735      328.8613  1050888    0.21%
   8124  5306      328.3261   168      328.1735      328.8588  1072631    0.21%
   8299  5432        cutoff            328.1735      328.8556  1092995    0.21%
   8484  5571      328.6315   199      328.1735      328.8520  1114796    0.21%
   8684  5714      328.2420   160      328.1735      328.8468  1135649    0.21%
Elapsed time = 214.14 sec. (212470.78 ticks, tree = 79.63 MB, solutions = 10)
   8922  5888      328.7134   201      328.1735      328.8439  1156968    0.20%
   9122  6037      328.3979   184      328.1735      328.8391  1177926    0.20%
   9337  6194      328.2590   167      328.1735      328.8331  1199447    0.20%
*  9465  5661      integral     0      328.2203      328.8328  1208933    0.19%
   9575  5733        cutoff            328.2203      328.8311  1219343    0.19%
   9758  5860      328.3650   177      328.2203      328.8271  1240562    0.18%
   9946  5979      328.5264   183      328.2203      328.8229  1262008    0.18%
  10126  6103      328.4079   176      328.2203      328.8194  1283060    0.18%
  10307  6213      328.6225   188      328.2203      328.8158  1303789    0.18%
  10497  6345      328.7232   192      328.2203      328.8119  1324732    0.18%
  10669  6469      328.2989   171      328.2203      328.8083  1344966    0.18%
Elapsed time = 250.33 sec. (250782.68 ticks, tree = 90.62 MB, solutions = 11)
  10882  6610      328.4634   194      328.2203      328.8055  1365736    0.18%
  11071  6742      328.2330   160      328.2203      328.8020  1386632    0.18%
  11262  6862      328.5045   184      328.2203      328.7981  1407976    0.18%
  11452  6986      328.3806   173      328.2203      328.7944  1429526    0.17%
  11463  6993      328.6862   198      328.2203      328.7940  1430805    0.17%
  11464  6994      328.7130   175      328.2203      328.7938  1430952    0.17%
  11635  7104        cutoff            328.2203      328.7912  1452060    0.17%
  11838  7239      328.3729   171      328.2203      328.7877  1473459    0.17%
  12029  7350      328.5560   184      328.2203      328.7842  1494547    0.17%
  12234  7484      328.3916   177      328.2203      328.7810  1515562    0.17%
Elapsed time = 297.75 sec. (296163.00 ticks, tree = 104.92 MB, solutions = 11)
  12416  7601      328.6962   190      328.2203      328.7774  1537191    0.17%
  12610  7729      328.5133   169      328.2203      328.7742  1558662    0.17%
  12827  7882      328.3325   185      328.2203      328.7717  1579543    0.17%
  13033  8019      328.4812   185      328.2203      328.7684  1600508    0.17%
  13222  8136      328.6759   180      328.2203      328.7659  1621262    0.17%
  13422  8264      328.5288   186      328.2203      328.7628  1642215    0.17%
  13598  8374      328.6447   187      328.2203      328.7601  1661784    0.16%
  13790  8493      328.4114   166      328.2203      328.7571  1682602    0.16%
  14002  8634      328.5732   173      328.2203      328.7555  1704003    0.16%
  14223  8783      328.2891   181      328.2203      328.7533  1725046    0.16%
Elapsed time = 333.87 sec. (334539.50 ticks, tree = 123.21 MB, solutions = 11)
  14404  8892      328.6094   195      328.2203      328.7498  1745285    0.16%
  14587  9007      328.5421   207      328.2203      328.7476  1766184    0.16%
  14764  9115      328.4657   191      328.2203      328.7460  1784855    0.16%
  14956  9233      328.5984   189      328.2203      328.7432  1806450    0.16%
* 15126  9303      integral     0      328.2224      328.7422  1820061    0.16%
  15198  9349        cutoff            328.2224      328.7415  1827713    0.16%
  15386  9465      328.5763   168      328.2224      328.7388  1848065    0.16%
  15571  9576      328.5145   180      328.2224      328.7366  1869258    0.16%
  15760  9695      328.3610   158      328.2224      328.7328  1890423    0.16%
  15929  9797      328.3369   181      328.2224      328.7313  1910037    0.16%
  16143  9930      328.5684   183      328.2224      328.7295  1931356    0.15%
Elapsed time = 369.80 sec. (372779.79 ticks, tree = 140.26 MB, solutions = 12)
  16349 10058      328.6385   193      328.2224      328.7277  1951813    0.15%
  16552 10182      328.4488   187      328.2224      328.7246  1973008    0.15%
  16762 10313      328.4416   181      328.2224      328.7225  1994164    0.15%
  16954 10428      328.5768   180      328.2224      328.7206  2015890    0.15%
  17158 10548      328.4607   162      328.2224      328.7180  2036484    0.15%
  17339 10656      328.3350   172      328.2224      328.7160  2057397    0.15%
  17526 10766        cutoff            328.2224      328.7140  2078351    0.15%
* 17599 10753      integral     0      328.2258      328.7136  2083981    0.15%
  17768 10877      328.5614   183      328.2258      328.7121  2098776    0.15%
  17941 10981      328.2369   168      328.2258      328.7107  2119893    0.15%
  18147 11094      328.3895   192      328.2258      328.7088  2141051    0.15%
Elapsed time = 406.10 sec. (411048.26 ticks, tree = 158.66 MB, solutions = 13)
  18349 11215      328.5864   176      328.2258      328.7071  2161681    0.15%
  18572 11354      328.5022   170      328.2258      328.7053  2182952    0.15%
  18767 11470      328.4861   178      328.2258      328.7039  2204890    0.15%
  18967 11590      328.3094   185      328.2258      328.7023  2225898    0.15%
  19170 11702      328.2525   160      328.2258      328.7001  2247163    0.14%
  19354 11808      328.2505   155      328.2258      328.6986  2267908    0.14%
  19563 11930      328.5883   189      328.2258      328.6960  2289586    0.14%
  19765 12041      328.4326   189      328.2258      328.6936  2310827    0.14%
  19988 12176      328.2354   186      328.2258      328.6914  2331859    0.14%
  20178 12291      328.3125   169      328.2258      328.6898  2352559    0.14%
Elapsed time = 442.71 sec. (449388.45 ticks, tree = 176.49 MB, solutions = 13)
  20361 12387      328.4348   175      328.2258      328.6887  2373088    0.14%
  20571 12510      328.5798   181      328.2258      328.6874  2394552    0.14%
  20767 12622      328.5622   191      328.2258      328.6857  2415318    0.14%
  20953 12724      328.5702   179      328.2258      328.6839  2435870    0.14%
  21146 12834      328.4558   173      328.2258      328.6824  2456892    0.14%
  21342 12946      328.5220   196      328.2258      328.6809  2477863    0.14%
  21524 13047      328.4706   178      328.2258      328.6795  2498569    0.14%
  21724 13173      328.2550   147      328.2258      328.6782  2519572    0.14%
  21945 13304      328.5796   189      328.2258      328.6769  2540665    0.14%
  22141 13410      328.4786   185      328.2258      328.6754  2561706    0.14%
Elapsed time = 479.36 sec. (487703.18 ticks, tree = 189.66 MB, solutions = 13)
  22319 13513      328.2342   159      328.2258      328.6743  2583285    0.14%
  22533 13643      328.4311   183      328.2258      328.6723  2604350    0.14%
  22727 13761      328.4544   182      328.2258      328.6714  2624287    0.14%
  22934 13893      328.3919   198      328.2258      328.6700  2645245    0.14%
  23132 14014      328.4557   187      328.2258      328.6686  2666835    0.13%
  23319 14125        cutoff            328.2258      328.6673  2688676    0.13%
  23524 14247      328.4315   171      328.2258      328.6664  2709035    0.13%
  23711 14346      328.5667   201      328.2258      328.6651  2730064    0.13%
  23908 14460      328.3738   189      328.2258      328.6638  2750982    0.13%
  24143 14598      328.5810   176      328.2258      328.6627  2772110    0.13%
Elapsed time = 515.64 sec. (525941.71 ticks, tree = 205.77 MB, solutions = 13)
  24348 14719      328.5373   190      328.2258      328.6611  2793446    0.13%
  24545 14839      328.3047   183      328.2258      328.6594  2813885    0.13%
  24765 14970      328.4363   192      328.2258      328.6580  2835384    0.13%
  24970 15096      328.5181   173      328.2258      328.6571  2856746    0.13%
  25181 15216      328.4911   183      328.2258      328.6554  2878072    0.13%
  25419 15372      328.2701   156      328.2258      328.6542  2899493    0.13%
  25612 15483      328.2818   151      328.2258      328.6531  2920438    0.13%
  25821 15604      328.4366   192      328.2258      328.6517  2941377    0.13%
* 25877 15155      integral     0      328.2395      328.6517  2944362    0.13%
  26047 15242      328.3066   165      328.2395      328.6500  2961969    0.13%
  26251 15363      328.5240   196      328.2395      328.6488  2983284    0.12%
Elapsed time = 552.47 sec. (564290.20 ticks, tree = 214.47 MB, solutions = 14)
  26423 15458      328.5067   184      328.2395      328.6476  3004905    0.12%
  26622 15561      328.4340   180      328.2395      328.6461  3026093    0.12%
  26809 15661      328.3722   190      328.2395      328.6446  3047041    0.12%
  27000 15751      328.2598   168      328.2395      328.6426  3068080    0.12%
  27206 15869      328.5712   175      328.2395      328.6407  3087480    0.12%
  27438 16000      328.3833   184      328.2395      328.6396  3108638    0.12%
  27641 16107        cutoff            328.2395      328.6379  3130033    0.12%
  27839 16214      328.3724   180      328.2395      328.6366  3151176    0.12%
  28054 16329      328.2722   166      328.2395      328.6349  3172411    0.12%
  28242 16415      328.5445   181      328.2395      328.6331  3192963    0.12%
Elapsed time = 588.90 sec. (602660.49 ticks, tree = 229.36 MB, solutions = 14)
  28439 16517      328.4593   180      328.2395      328.6318  3213803    0.12%
  28658 16640      328.4299   188      328.2395      328.6308  3235209    0.12%
  28864 16759      328.3687   189      328.2395      328.6300  3256075    0.12%
  29071 16863      328.4853   165      328.2395      328.6287  3277330    0.12%
  29277 16978      328.3063   157      328.2395      328.6271  3298644    0.12%
  29473 17079      328.2570   162      328.2395      328.6262  3319317    0.12%
  29667 17167      328.4555   177      328.2395      328.6252  3340480    0.12%
  29847 17258      328.4652   175      328.2395      328.6244  3361546    0.12%
  30058 17376      328.2782   171      328.2395      328.6233  3382923    0.12%
  30260 17488        cutoff            328.2395      328.6226  3404033    0.12%
Elapsed time = 624.98 sec. (640900.66 ticks, tree = 243.14 MB, solutions = 14)
  30484 17623      328.2593   178      328.2395      328.6213  3424955    0.12%
  30701 17738      328.3922   174      328.2395      328.6205  3446288    0.12%
  30887 17834      328.5154   172      328.2395      328.6195  3467537    0.12%
  31074 17927      328.4608   191      328.2395      328.6182  3488086    0.12%
  31267 18037      328.3888   192      328.2395      328.6171  3509161    0.12%
  31462 18129      328.5088   184      328.2395      328.6163  3529628    0.11%
  31664 18224      328.2798   190      328.2395      328.6154  3550707    0.11%
  31862 18322      328.4555   182      328.2395      328.6143  3572114    0.11%
  32048 18400      328.4420   162      328.2395      328.6130  3593223    0.11%
  32272 18511      328.3205   171      328.2395      328.6122  3613801    0.11%
Elapsed time = 661.17 sec. (679252.90 ticks, tree = 257.56 MB, solutions = 14)
  32464 18600      328.4387   184      328.2395      328.6114  3634891    0.11%
  32666 18699        cutoff            328.2395      328.6102  3656151    0.11%
  32849 18784      328.5252   196      328.2395      328.6090  3676941    0.11%
  33045 18871      328.2435   157      328.2395      328.6078  3697894    0.11%
  33248 18978      328.5119   190      328.2395      328.6069  3719085    0.11%
  33457 19069      328.3961   185      328.2395      328.6061  3740821    0.11%
  33652 19178      328.5144   179      328.2395      328.6053  3761493    0.11%
  33843 19266      328.3300   168      328.2395      328.6045  3782429    0.11%
  34057 19387      328.3922   183      328.2395      328.6036  3803625    0.11%
  34255 19491      328.5230   179      328.2395      328.6027  3824708    0.11%
Elapsed time = 697.26 sec. (717609.17 ticks, tree = 268.43 MB, solutions = 14)
  34445 19589      328.4035   181      328.2395      328.6016  3845994    0.11%
  34637 19679      328.5184   194      328.2395      328.6011  3866690    0.11%
* 34859 19195      integral     0      328.2517      328.6006  3885997    0.11%
  34870 19201      328.2787   179      328.2517      328.6005  3887734    0.11%
  35062 19288      328.3104   179      328.2517      328.5996  3908257    0.11%
  35252 19364      328.4843   181      328.2517      328.5986  3929343    0.11%
  35445 19456      328.3295   168      328.2517      328.5975  3948656    0.11%
  35648 19543        cutoff            328.2517      328.5964  3969665    0.11%
  35852 19639      328.4804   182      328.2517      328.5954  3990687    0.10%
  36034 19726      328.3678   181      328.2517      328.5943  4010801    0.10%
  36240 19824      328.2989   167      328.2517      328.5932  4031196    0.10%
Elapsed time = 733.50 sec. (755867.46 ticks, tree = 270.69 MB, solutions = 15)
  36441 19914      328.2732   173      328.2517      328.5918  4052464    0.10%
  36625 19995      328.3815   174      328.2517      328.5909  4074088    0.10%
  36822 20080      328.2768   181      328.2517      328.5901  4095210    0.10%
  37020 20176        cutoff            328.2517      328.5895  4116141    0.10%
  37226 20277      328.2670   179      328.2517      328.5884  4135464    0.10%
  37438 20373        cutoff            328.2517      328.5873  4155991    0.10%
  37651 20472      328.3824   178      328.2517      328.5861  4176029    0.10%
  37845 20547      328.3733   169      328.2517      328.5851  4197367    0.10%
  38057 20635      328.4746   189      328.2517      328.5837  4218332    0.10%
  38245 20715      328.4391   194      328.2517      328.5830  4238466    0.10%
Elapsed time = 769.72 sec. (794139.77 ticks, tree = 280.96 MB, solutions = 15)
  38462 20809      328.4844   184      328.2517      328.5822  4259526    0.10%
  38644 20888        cutoff            328.2517      328.5816  4280106    0.10%
  38850 20978      328.4087   173      328.2517      328.5807  4301790    0.10%
  39039 21065        cutoff            328.2517      328.5799  4322303    0.10%
  39224 21155      328.3439   181      328.2517      328.5791  4342574    0.10%
  39427 21246      328.3645   181      328.2517      328.5782  4364271    0.10%
  39648 21324      328.4014   172      328.2517      328.5771  4384362    0.10%
  39849 21424      328.3451   171      328.2517      328.5763  4405500    0.10%
  40052 21515      328.3414   167      328.2517      328.5756  4426916    0.10%
  40249 21601      328.4156   191      328.2517      328.5746  4447795    0.10%
Elapsed time = 806.03 sec. (832455.42 ticks, tree = 289.27 MB, solutions = 15)
  40441 21683      328.3491   184      328.2517      328.5736  4469055    0.10%
  40651 21780      328.3852   189      328.2517      328.5729  4489847    0.10%
  40868 21880      328.4284   181      328.2517      328.5722  4510734    0.10%
  41073 21967        cutoff            328.2517      328.5711  4531273    0.10%
  41292 22075      328.4177   174      328.2517      328.5705  4552384    0.10%
  41511 22166      328.4736   185      328.2517      328.5692  4573503    0.10%
  41702 22256      328.3001   163      328.2517      328.5686  4594310    0.10%
  41931 22368      328.3237   174      328.2517      328.5677  4615228    0.10%
  42145 22464      328.4884   183      328.2517      328.5670  4636279    0.10%
  42338 22545      328.4666   183      328.2517      328.5661  4656812    0.10%
Elapsed time = 842.88 sec. (870777.51 ticks, tree = 304.22 MB, solutions = 15)
  42537 22627      328.2795   187      328.2517      328.5652  4678584    0.10%
  42747 22713      328.4509   181      328.2517      328.5643  4699332    0.10%
  42947 22796      328.2756   178      328.2517      328.5637  4720268    0.10%
  43148 22873      328.2754   191      328.2517      328.5626  4740987    0.09%
  43349 22960      328.2840   190      328.2517      328.5621  4761752    0.09%
* 43444 20279      integral     0      328.2879      328.5619  4769082    0.08%
  43580 20323      328.2889   160      328.2879      328.5614  4782221    0.08%
  43786 20384      328.4423   185      328.2879      328.5603  4803514    0.08%
  43986 20439        cutoff            328.2879      328.5593  4823968    0.08%
  44187 20500      328.4798   181      328.2879      328.5583  4845240    0.08%
  44404 20565      328.4571   195      328.2879      328.5574  4866467    0.08%
Elapsed time = 879.34 sec. (909088.58 ticks, tree = 276.37 MB, solutions = 16)
  44607 20632      328.3054   183      328.2879      328.5564  4887413    0.08%
  44806 20701      328.3331   173      328.2879      328.5556  4908610    0.08%
  45028 20774      328.3001   170      328.2879      328.5549  4929604    0.08%
  45226 20831      328.4731   170      328.2879      328.5539  4950898    0.08%
  45428 20901      328.3649   188      328.2879      328.5531  4971263    0.08%
  45634 20975      328.2928   154      328.2879      328.5523  4992064    0.08%
  45840 21034      328.4722   163      328.2879      328.5514  5013010    0.08%
  46052 21119      328.2922   175      328.2879      328.5506  5033706    0.08%
  46260 21192      328.3918   178      328.2879      328.5499  5054449    0.08%
  46457 21253      328.3770   172      328.2879      328.5491  5075375    0.08%
Elapsed time = 915.78 sec. (947385.63 ticks, tree = 286.47 MB, solutions = 16)
  46660 21313      328.4822   179      328.2879      328.5483  5096483    0.08%
  46867 21393      328.3093   188      328.2879      328.5477  5117730    0.08%
  47069 21446      328.2989   177      328.2879      328.5466  5138667    0.08%
  47268 21494      328.3673   179      328.2879      328.5459  5159271    0.08%
  47463 21546      328.3207   181      328.2879      328.5451  5179799    0.08%
  47665 21612      328.4229   190      328.2879      328.5445  5200562    0.08%
  47866 21670      328.2986   188      328.2879      328.5434  5221066    0.08%
  48082 21727      328.4196   173      328.2879      328.5426  5241527    0.08%
  48289 21783      328.4331   168      328.2879      328.5419  5263052    0.08%
  48497 21845        cutoff            328.2879      328.5411  5284675    0.08%
Elapsed time = 951.86 sec. (985671.24 ticks, tree = 292.61 MB, solutions = 16)
  48681 21900      328.4706   167      328.2879      328.5403  5305210    0.08%
  48894 21975      328.3557   155      328.2879      328.5397  5326747    0.08%
  49109 22029      328.3826   182      328.2879      328.5388  5348061    0.08%
  49310 22071      328.4548   174      328.2879      328.5380  5368510    0.08%
  49522 22138        cutoff            328.2879      328.5371  5388547    0.08%
  49721 22194      328.3420   179      328.2879      328.5363  5408888    0.08%
  49911 22245      328.3800   176      328.2879      328.5354  5428795    0.08%
  50124 22307        cutoff            328.2879      328.5344  5449659    0.08%
  50331 22361      328.3423   192      328.2879      328.5338  5470717    0.07%
  50542 22421      328.4560   165      328.2879      328.5331  5492180    0.07%
Elapsed time = 987.96 sec. (1024010.57 ticks, tree = 300.21 MB, solutions = 16)
  50746 22471      328.3326   161      328.2879      328.5325  5512347    0.07%
  50946 22527      328.3514   190      328.2879      328.5318  5532973    0.07%
  51163 22583        cutoff            328.2879      328.5309  5554018    0.07%
  51361 22637        cutoff            328.2879      328.5301  5574930    0.07%
  51562 22682        cutoff            328.2879      328.5293  5595869    0.07%
  51775 22744      328.3068   161      328.2879      328.5285  5617339    0.07%
  51985 22795      328.3999   173      328.2879      328.5279  5637702    0.07%
  52177 22839      328.4180   161      328.2879      328.5273  5659226    0.07%
  52398 22900      328.3908   184      328.2879      328.5263  5680227    0.07%
  52623 22961      328.4187   181      328.2879      328.5254  5701386    0.07%
Elapsed time = 1023.62 sec. (1062263.81 ticks, tree = 306.33 MB, solutions = 16)
  52821 23010      328.4385   177      328.2879      328.5247  5721900    0.07%
  53029 23055      328.3732   188      328.2879      328.5240  5743035    0.07%
  53239 23102      328.3967   172      328.2879      328.5232  5763941    0.07%
  53448 23143      328.4423   180      328.2879      328.5224  5785441    0.07%
  53647 23186      328.3910   176      328.2879      328.5217  5806384    0.07%
  53866 23235        cutoff            328.2879      328.5212  5827621    0.07%
  54080 23285      328.3384   172      328.2879      328.5203  5848458    0.07%
  54272 23317      328.4644   184      328.2879      328.5194  5869372    0.07%
  54491 23379      328.3664   188      328.2879      328.5185  5890455    0.07%
  54721 23440      328.3021   182      328.2879      328.5179  5910783    0.07%
Elapsed time = 1059.64 sec. (1100625.90 ticks, tree = 311.02 MB, solutions = 16)
  54945 23497        cutoff            328.2879      328.5169  5931931    0.07%
  55155 23538        cutoff            328.2879      328.5161  5952547    0.07%
  55365 23574        cutoff            328.2879      328.5152  5973489    0.07%
  55577 23617      328.3151   171      328.2879      328.5144  5993890    0.07%
  55777 23654      328.3435   185      328.2879      328.5137  6014860    0.07%
  55975 23708      328.3702   186      328.2879      328.5133  6034364    0.07%
  56182 23757      328.3103   167      328.2879      328.5125  6055174    0.07%
  56395 23809      328.2956   173      328.2879      328.5117  6075312    0.07%
  56617 23847      328.3639   188      328.2879      328.5109  6096384    0.07%
  56817 23905      328.3421   174      328.2879      328.5101  6117434    0.07%
Elapsed time = 1096.72 sec. (1138909.14 ticks, tree = 316.15 MB, solutions = 16)
  57034 23964      328.3571   174      328.2879      328.5095  6137565    0.07%
  57227 23998      328.2906   164      328.2879      328.5089  6158328    0.07%
  57440 24030      328.3484   183      328.2879      328.5082  6179057    0.07%
  57646 24067      328.4489   180      328.2879      328.5076  6199634    0.07%
  57845 24109      328.4163   192      328.2879      328.5069  6220733    0.07%
  58064 24151      328.3841   190      328.2879      328.5062  6241607    0.07%
  58261 24201        cutoff            328.2879      328.5057  6262334    0.07%
  58488 24267      328.4120   180      328.2879      328.5050  6282604    0.07%
  58699 24305      328.3399   180      328.2879      328.5043  6302884    0.07%
  58925 24350      328.3033   188      328.2879      328.5036  6323775    0.07%
Elapsed time = 1133.31 sec. (1177228.43 ticks, tree = 320.98 MB, solutions = 16)
  59134 24395      328.4118   181      328.2879      328.5029  6344473    0.07%
  59333 24432      328.3021   184      328.2879      328.5022  6365516    0.07%
  59556 24487      328.2960   170      328.2879      328.5016  6385889    0.07%
  59764 24518      328.3640   162      328.2879      328.5010  6407127    0.06%
  59978 24566      328.3266   184      328.2879      328.5004  6428073    0.06%
  60191 24601      328.3571   172      328.2879      328.4997  6449383    0.06%
  60412 24643      328.3140   170      328.2879      328.4991  6470218    0.06%
  60611 24670      328.3947   187      328.2879      328.4986  6491172    0.06%
  60828 24723      328.3916   173      328.2879      328.4978  6511947    0.06%
  61036 24755      328.3771   177      328.2879      328.4970  6533105    0.06%
Elapsed time = 1169.41 sec. (1215566.89 ticks, tree = 324.49 MB, solutions = 16)
  61252 24799        cutoff            328.2879      328.4964  6553542    0.06%
  61465 24817      328.4120   183      328.2879      328.4958  6574430    0.06%
  61673 24852      328.4285   170      328.2879      328.4951  6595070    0.06%
  61899 24891      328.3098   185      328.2879      328.4943  6616653    0.06%
  62121 24927        cutoff            328.2879      328.4936  6637716    0.06%
  62349 24963      328.3470   185      328.2879      328.4929  6658899    0.06%
  62575 24994        cutoff            328.2879      328.4921  6679533    0.06%
  62800 25036      328.3331   178      328.2879      328.4916  6699960    0.06%
  63027 25068      328.3528   177      328.2879      328.4909  6720996    0.06%
  63240 25085      328.2994   188      328.2879      328.4903  6741516    0.06%
Elapsed time = 1207.71 sec. (1253928.85 ticks, tree = 326.15 MB, solutions = 16)
  63450 25102      328.4380   190      328.2879      328.4896  6762610    0.06%
  63671 25141      328.3673   179      328.2879      328.4889  6784229    0.06%
  63890 25163      328.3823   180      328.2879      328.4883  6804774    0.06%
  64109 25184      328.4062   170      328.2879      328.4877  6825948    0.06%
  64328 25222        cutoff            328.2879      328.4872  6846769    0.06%
  64540 25258      328.3926   184      328.2879      328.4866  6867687    0.06%
  64751 25299      328.2944   178      328.2879      328.4859  6887875    0.06%
  64971 25330      328.3835   181      328.2879      328.4853  6908941    0.06%
  65195 25354        cutoff            328.2879      328.4847  6930044    0.06%
  65403 25377        cutoff            328.2879      328.4841  6950534    0.06%
Elapsed time = 1244.43 sec. (1292243.43 ticks, tree = 327.16 MB, solutions = 16)
  65619 25391      328.4243   172      328.2879      328.4834  6971259    0.06%
  65847 25424      328.3807   165      328.2879      328.4829  6992350    0.06%
  66070 25455      328.3243   171      328.2879      328.4822  7013018    0.06%
  66309 25478      328.3271   169      328.2879      328.4816  7033792    0.06%
  66532 25505      328.3723   161      328.2879      328.4807  7055058    0.06%
  66766 25522      328.3038   174      328.2879      328.4801  7075884    0.06%
  66965 25538        cutoff            328.2879      328.4794  7096146    0.06%
  67181 25557      328.4117   173      328.2879      328.4790  7117139    0.06%
  67397 25574      328.3875   185      328.2879      328.4784  7137841    0.06%
  67607 25597      328.3375   177      328.2879      328.4778  7157971    0.06%
Elapsed time = 1281.66 sec. (1330511.09 ticks, tree = 328.23 MB, solutions = 16)
  67820 25623      328.3341   180      328.2879      328.4771  7179006    0.06%
  68041 25649      328.3064   179      328.2879      328.4766  7199603    0.06%
  68269 25672      328.3321   162      328.2879      328.4759  7219820    0.06%
  68478 25699      328.3867   169      328.2879      328.4755  7240808    0.06%
  68685 25709        cutoff            328.2879      328.4748  7259291    0.06%
  68891 25724      328.3975   179      328.2879      328.4741  7280254    0.06%
  69114 25738      328.3903   183      328.2879      328.4734  7300786    0.06%
  69327 25765      328.3828   190      328.2879      328.4728  7321128    0.06%
  69559 25796      328.4556   180      328.2879      328.4722  7341654    0.06%
  69770 25804        cutoff            328.2879      328.4716  7362593    0.06%
Elapsed time = 1318.38 sec. (1368818.30 ticks, tree = 328.56 MB, solutions = 16)
  69989 25833      328.3942   186      328.2879      328.4711  7382230    0.06%
  70212 25851      328.3112   182      328.2879      328.4705  7402342    0.06%
  70437 25874        cutoff            328.2879      328.4699  7423398    0.06%
  70648 25899      328.3076   180      328.2879      328.4695  7443340    0.06%
  70883 25933      328.3518   177      328.2879      328.4690  7463779    0.06%
  71099 25932        cutoff            328.2879      328.4684  7483971    0.05%
  71314 25946        cutoff            328.2879      328.4678  7504316    0.05%
  71558 25981      328.3840   180      328.2879      328.4672  7524873    0.05%
  71774 26009      328.3376   173      328.2879      328.4667  7546274    0.05%
  71991 26015      328.3880   185      328.2879      328.4662  7566247    0.05%
Elapsed time = 1355.78 sec. (1407103.33 ticks, tree = 330.12 MB, solutions = 16)
  72214 26017      328.2908   182      328.2879      328.4656  7586133    0.05%
  72431 26033        cutoff            328.2879      328.4651  7606691    0.05%
  72647 26043      328.3756   177      328.2879      328.4645  7627679    0.05%
  72866 26040      328.3692   170      328.2879      328.4640  7647891    0.05%
  73097 26044      328.2903   178      328.2879      328.4635  7668135    0.05%
  73320 26053      328.3051   157      328.2879      328.4630  7689510    0.05%
  73552 26067      328.3377   169      328.2879      328.4625  7709507    0.05%
  73756 26072      328.3723   182      328.2879      328.4620  7729982    0.05%
  73971 26070      328.3559   172      328.2879      328.4613  7750300    0.05%
  74183 26091      328.3202   169      328.2879      328.4608  7770463    0.05%
Elapsed time = 1392.58 sec. (1445394.17 ticks, tree = 330.62 MB, solutions = 16)
  74402 26106      328.3658   186      328.2879      328.4603  7791171    0.05%
  74624 26111        cutoff            328.2879      328.4597  7812228    0.05%
  74848 26118        cutoff            328.2879      328.4593  7832008    0.05%
  75063 26128      328.3163   155      328.2879      328.4588  7852089    0.05%
  75279 26138        cutoff            328.2879      328.4584  7872825    0.05%
  75501 26142      328.3938   184      328.2879      328.4578  7892737    0.05%
  75739 26154      328.3539   161      328.2879      328.4574  7912811    0.05%
  75966 26170        cutoff            328.2879      328.4567  7933021    0.05%
  76193 26187      328.3123   171      328.2879      328.4563  7953769    0.05%
  76425 26200      328.3014   170      328.2879      328.4558  7973884    0.05%
Elapsed time = 1429.66 sec. (1483702.42 ticks, tree = 330.65 MB, solutions = 16)
  76645 26208      328.2969   170      328.2879      328.4552  7994176    0.05%
  76877 26211      328.4005   184      328.2879      328.4546  8014967    0.05%
  77074 26212      328.3030   193      328.2879      328.4542  8035182    0.05%
  77288 26215        cutoff            328.2879      328.4537  8055598    0.05%
  77493 26215      328.3426   188      328.2879      328.4532  8075272    0.05%
  77732 26227        cutoff            328.2879      328.4526  8095728    0.05%
  77947 26223      328.3795   175      328.2879      328.4521  8116297    0.05%
  78159 26221      328.3240   185      328.2879      328.4516  8136668    0.05%
  78382 26223      328.3272   180      328.2879      328.4509  8156662    0.05%
  78590 26220      328.3377   180      328.2879      328.4503  8176525    0.05%
Elapsed time = 1466.84 sec. (1522070.54 ticks, tree = 330.09 MB, solutions = 16)
  78805 26233      328.3586   177      328.2879      328.4498  8196653    0.05%
  79023 26238      328.3776   159      328.2879      328.4492  8217483    0.05%
  79253 26237      328.3541   173      328.2879      328.4486  8237833    0.05%
  79478 26241      328.2896   172      328.2879      328.4482  8257464    0.05%
  79709 26248      328.3012   180      328.2879      328.4477  8277643    0.05%
  79920 26249      328.3633   184      328.2879      328.4473  8297421    0.05%
  80147 26260      328.3653   189      328.2879      328.4468  8317815    0.05%
  80349 26245      328.2894   169      328.2879      328.4463  8337920    0.05%
  80564 26246      328.3116   175      328.2879      328.4459  8358249    0.05%
  80787 26251      328.3496   171      328.2879      328.4454  8379065    0.05%
Elapsed time = 1503.41 sec. (1560372.75 ticks, tree = 329.94 MB, solutions = 16)
  80994 26245      328.3613   183      328.2879      328.4449  8398884    0.05%
  81197 26254      328.3646   168      328.2879      328.4444  8418863    0.05%
  81407 26242      328.3107   175      328.2879      328.4438  8438785    0.05%
  81618 26247      328.3774   166      328.2879      328.4434  8458393    0.05%
  81837 26246      328.3546   182      328.2879      328.4429  8478712    0.05%
  82062 26236      328.3154   179      328.2879      328.4423  8498815    0.05%
  82276 26244      328.3640   167      328.2879      328.4418  8518426    0.05%
  82490 26240      328.3196   182      328.2879      328.4411  8537383    0.05%
  82722 26238      328.3619   186      328.2879      328.4406  8557592    0.05%
  82952 26234      328.3148   169      328.2879      328.4401  8577248    0.05%
Elapsed time = 1540.67 sec. (1598620.08 ticks, tree = 330.24 MB, solutions = 16)
  83171 26230      328.3060   181      328.2879      328.4396  8597499    0.05%
  83419 26233      328.3475   172      328.2879      328.4391  8617706    0.05%
  83634 26218      328.3258   177      328.2879      328.4385  8637566    0.05%
  83863 26210      328.3352   199      328.2879      328.4380  8658515    0.05%
  84068 26196      328.3111   183      328.2879      328.4374  8678832    0.05%
  84302 26210      328.3585   175      328.2879      328.4369  8699843    0.05%
  84520 26195      328.3155   177      328.2879      328.4364  8719641    0.05%
  84736 26175      328.3368   186      328.2879      328.4359  8738867    0.05%
  84964 26176      328.3019   173      328.2879      328.4354  8759004    0.04%
  85182 26147      328.3073   180      328.2879      328.4348  8778036    0.04%
Elapsed time = 1578.31 sec. (1637012.94 ticks, tree = 328.94 MB, solutions = 16)
  85393 26125      328.3491   191      328.2879      328.4343  8797644    0.04%
  85605 26120      328.3358   189      328.2879      328.4338  8817705    0.04%
  85825 26114        cutoff            328.2879      328.4333  8837673    0.04%
  86056 26100      328.3492   179      328.2879      328.4328  8857736    0.04%
  86288 26090      328.3261   163      328.2879      328.4322  8878004    0.04%
  86519 26074      328.3238   167      328.2879      328.4316  8897959    0.04%
  86729 26047      328.2900   172      328.2879      328.4311  8917411    0.04%
  86928 26018        cutoff            328.2879      328.4307  8937833    0.04%
  87140 25996      328.2887   175      328.2879      328.4301  8957326    0.04%
  87353 25976      328.3289   189      328.2879      328.4297  8976877    0.04%
Elapsed time = 1615.44 sec. (1675378.04 ticks, tree = 326.81 MB, solutions = 16)
  87559 25960      328.3469   173      328.2879      328.4293  8997295    0.04%
  87776 25948      328.3219   173      328.2879      328.4289  9017792    0.04%
  88004 25906      328.3416   190      328.2879      328.4284  9037199    0.04%
  88212 25874        cutoff            328.2879      328.4280  9056811    0.04%
  88441 25859      328.3271   177      328.2879      328.4275  9076949    0.04%
  88658 25835      328.3001   169      328.2879      328.4270  9095862    0.04%
  88873 25807      328.2898   181      328.2879      328.4266  9114867    0.04%
  89104 25777      328.3207   165      328.2879      328.4262  9134242    0.04%
  89320 25749      328.3329   188      328.2879      328.4255  9153940    0.04%
  89540 25727      328.3032   167      328.2879      328.4250  9173977    0.04%
Elapsed time = 1652.75 sec. (1713653.67 ticks, tree = 323.19 MB, solutions = 16)
  89757 25698      328.3609   169      328.2879      328.4245  9193352    0.04%
  89987 25680      328.3360   190      328.2879      328.4239  9213115    0.04%
  90203 25663        cutoff            328.2879      328.4234  9231632    0.04%
  90446 25627        cutoff            328.2879      328.4229  9251301    0.04%
  90664 25610      328.3321   187      328.2879      328.4225  9271284    0.04%
  90904 25593      328.3691   187      328.2879      328.4220  9292429    0.04%
  91150 25551      328.3609   183      328.2879      328.4214  9312864    0.04%
  91387 25515      328.3444   182      328.2879      328.4209  9332320    0.04%
  91603 25479        cutoff            328.2879      328.4205  9351899    0.04%
  91837 25447      328.3358   189      328.2879      328.4200  9371124    0.04%
Elapsed time = 1689.57 sec. (1751909.55 ticks, tree = 319.06 MB, solutions = 16)
  92064 25414      328.3708   169      328.2879      328.4195  9390854    0.04%
  92262 25392      328.3785   168      328.2879      328.4191  9409395    0.04%
  92485 25348      328.3549   175      328.2879      328.4186  9428833    0.04%
  92697 25317      328.3137   158      328.2879      328.4183  9449018    0.04%
  92945 25265        cutoff            328.2879      328.4177  9468508    0.04%
  93180 25230        cutoff            328.2879      328.4172  9487373    0.04%
  93390 25190      328.2992   192      328.2879      328.4168  9507752    0.04%
  93617 25150      328.3149   190      328.2879      328.4163  9526582    0.04%
  93839 25104      328.3295   169      328.2879      328.4158  9546979    0.04%
  94077 25060      328.3041   188      328.2879      328.4151  9566920    0.04%
Elapsed time = 1727.52 sec. (1790189.30 ticks, tree = 314.11 MB, solutions = 16)
  94295 25019      328.3660   170      328.2879      328.4147  9585981    0.04%
  94506 24986        cutoff            328.2879      328.4141  9605451    0.04%
  94735 24952        cutoff            328.2879      328.4136  9624427    0.04%
  94955 24925      328.2929   174      328.2879      328.4133  9644709    0.04%
  95177 24897      328.3052   172      328.2879      328.4128  9663828    0.04%
  95413 24866      328.3321   166      328.2879      328.4124  9684067    0.04%
* 95638 22662      integral     0      328.3023      328.4120  9700454    0.03%
  95670 22647        cutoff            328.3023      328.4119  9703343    0.03%
  95896 22571      328.3315   182      328.3023      328.4113  9722181    0.03%
  96132 22500      328.3563   185      328.3023      328.4107  9743086    0.03%
  96377 22420        cutoff            328.3023      328.4100  9762134    0.03%
Elapsed time = 1765.02 sec. (1828548.32 ticks, tree = 279.31 MB, solutions = 17)
  96609 22352      328.3426   178      328.3023      328.4094  9780954    0.03%
  96861 22267      328.3150   189      328.3023      328.4088  9799300    0.03%
  97102 22196        cutoff            328.3023      328.4082  9818340    0.03%
  97333 22119      328.3105   184      328.3023      328.4076  9836373    0.03%
  97577 22034      328.3220   162      328.3023      328.4070  9855431    0.03%
  97815 21957        cutoff            328.3023      328.4065  9874720    0.03%
  98061 21861      328.3155   183      328.3023      328.4058  9894716    0.03%
  98301 21796        cutoff            328.3023      328.4053  9914080    0.03%
  98533 21720      328.3469   186      328.3023      328.4047  9933158    0.03%
  98771 21639        cutoff            328.3023      328.4041  9951644    0.03%
Elapsed time = 1803.67 sec. (1866797.25 ticks, tree = 269.64 MB, solutions = 17)
  99026 21555      328.3381   176      328.3023      328.4036  9969788    0.03%
  99263 21474      328.3039   181      328.3023      328.4030  9988405    0.03%
  99499 21392      328.3351   170      328.3023      328.4024 10007211    0.03%
  99730 21320      328.3101   173      328.3023      328.4018 10026993    0.03%
  99972 21236        cutoff            328.3023      328.4012 10046124    0.03%
 100218 21151      328.3288   177      328.3023      328.4007 10064419    0.03%
 100473 21067      328.3328   181      328.3023      328.4001 10082964    0.03%
 100733 20975      328.3077   160      328.3023      328.3995 10102546    0.03%
 100969 20912      328.3029   180      328.3023      328.3990 10120663    0.03%
 101207 20819      328.3543   183      328.3023      328.3983 10138445    0.03%
Elapsed time = 1842.67 sec. (1905027.07 ticks, tree = 259.39 MB, solutions = 17)
 101453 20729      328.3137   176      328.3023      328.3978 10156406    0.03%
 101700 20647      328.3291   179      328.3023      328.3971 10177054    0.03%
 101957 20561        cutoff            328.3023      328.3965 10196379    0.03%
 102190 20476      328.3200   179      328.3023      328.3960 10215107    0.03%
 102420 20385      328.3090   186      328.3023      328.3955 10233342    0.03%
 102658 20297      328.3320   171      328.3023      328.3950 10253133    0.03%
 102905 20217      328.3133   173      328.3023      328.3946 10271131    0.03%
 103142 20118        cutoff            328.3023      328.3940 10288787    0.03%
 103381 20024        cutoff            328.3023      328.3934 10306212    0.03%
 103625 19930        cutoff            328.3023      328.3927 10324670    0.03%
Elapsed time = 1881.44 sec. (1943339.84 ticks, tree = 248.54 MB, solutions = 17)
 103875 19820      328.3117   173      328.3023      328.3921 10342912    0.03%
 104138 19724        cutoff            328.3023      328.3914 10361957    0.03%
 104366 19616      328.3537   160      328.3023      328.3908 10380420    0.03%
 104641 19494      328.3125   164      328.3023      328.3901 10398874    0.03%
 104890 19378        cutoff            328.3023      328.3895 10418046    0.03%
 105138 19284      328.3158   175      328.3023      328.3889 10436232    0.03%
 105369 19181      328.3293   162      328.3023      328.3883 10454215    0.03%
 105627 19054        cutoff            328.3023      328.3877 10473237    0.03%
 105876 18941        cutoff            328.3023      328.3870 10492341    0.03%
 106112 18826        cutoff            328.3023      328.3864 10510390    0.03%
Elapsed time = 1920.25 sec. (1981658.62 ticks, tree = 234.24 MB, solutions = 17)
 106346 18701      328.3080   167      328.3023      328.3858 10528393    0.03%
 106608 18584        cutoff            328.3023      328.3852 10546418    0.03%
 106843 18474        cutoff            328.3023      328.3846 10565030    0.03%
 107113 18343        cutoff            328.3023      328.3840 10584568    0.02%
 107365 18232      328.3150   172      328.3023      328.3834 10603512    0.02%
 107621 18081      328.3161   177      328.3023      328.3826 10620193    0.02%
 107875 17950        cutoff            328.3023      328.3819 10638164    0.02%
 108126 17835      328.3147   178      328.3023      328.3812 10656304    0.02%
 108376 17690        cutoff            328.3023      328.3805 10673986    0.02%
 108640 17540        cutoff            328.3023      328.3797 10693150    0.02%
Elapsed time = 1959.35 sec. (2019917.47 ticks, tree = 218.66 MB, solutions = 17)
 108889 17420        cutoff            328.3023      328.3790 10711055    0.02%
 109140 17273        cutoff            328.3023      328.3783 10728977    0.02%
 109369 17153        cutoff            328.3023      328.3778 10747619    0.02%
 109638 17000      328.3040   194      328.3023      328.3770 10767614    0.02%
 109890 16831        cutoff            328.3023      328.3763 10785569    0.02%
 110149 16674        cutoff            328.3023      328.3756 10803482    0.02%
 110388 16523        cutoff            328.3023      328.3748 10821441    0.02%
 110647 16356        cutoff            328.3023      328.3739 10839540    0.02%
 110908 16193      328.3038   175      328.3023      328.3731 10857548    0.02%
 111175 16009        cutoff            328.3023      328.3724 10874796    0.02%
Elapsed time = 1997.99 sec. (2058169.58 ticks, tree = 199.35 MB, solutions = 17)
 111451 15850        cutoff            328.3023      328.3715 10892797    0.02%
 111700 15690        cutoff            328.3023      328.3707 10910336    0.02%
 111959 15530        cutoff            328.3023      328.3699 10928146    0.02%
 112263 15359        cutoff            328.3023      328.3691 10946838    0.02%
 112532 15161        cutoff            328.3023      328.3683 10964062    0.02%
 112816 14956      328.3024   174      328.3023      328.3674 10982768    0.02%
 113081 14759        cutoff            328.3023      328.3665 10999693    0.02%
 113346 14526        cutoff            328.3023      328.3655 11017173    0.02%
 113612 14315        cutoff            328.3023      328.3647 11035561    0.02%
 113922 14066        cutoff            328.3023      328.3637 11053835    0.02%
Elapsed time = 2037.07 sec. (2096413.85 ticks, tree = 175.32 MB, solutions = 17)
 114196 13875        cutoff            328.3023      328.3627 11070633    0.02%
 114492 13628        cutoff            328.3023      328.3616 11089255    0.02%
 114787 13421      328.3031   167      328.3023      328.3607 11108996    0.02%
 115103 13185        cutoff            328.3023      328.3597 11125982    0.02%
 115462 12945        cutoff            328.3023      328.3587 11146722    0.02%
 115795 12677        cutoff            328.3023      328.3576 11166848    0.02%
 116138 12398        cutoff            328.3023      328.3564 11186466    0.02%
 116488 12105        cutoff            328.3023      328.3552 11208315    0.02%
 116865 11821        cutoff            328.3023      328.3542 11229909    0.02%
 117170 11541        cutoff            328.3023      328.3531 11248820    0.02%
Elapsed time = 2073.24 sec. (2134665.32 ticks, tree = 143.61 MB, solutions = 17)
 117486 11274      328.3159   179      328.3023      328.3521 11267525    0.02%
 117885 10975        cutoff            328.3023      328.3509 11289515    0.01%
 118298 10688        cutoff            328.3023      328.3497 11311307    0.01%
 118718 10332        cutoff            328.3023      328.3482 11332892    0.01%
 119134 10010        cutoff            328.3023      328.3470 11354542    0.01%
 119601  9644        cutoff            328.3023      328.3454 11375959    0.01%
 120065  9224        cutoff            328.3023      328.3437 11397173    0.01%
 120524  8824        cutoff            328.3023      328.3421 11418505    0.01%
 121049  8358        cutoff            328.3023      328.3402 11439273    0.01%
 121602  7887        cutoff            328.3023      328.3383 11459907    0.01%
Elapsed time = 2106.01 sec. (2172857.95 ticks, tree = 97.18 MB, solutions = 17)
 122208  7332        cutoff            328.3023      328.3359 11480097    0.01%
 122874  6736        cutoff            328.3023      328.3333 11499757    0.01%
 123580  6096      328.3095   144      328.3023      328.3303 11519101    0.01%
 124305  5446        cutoff            328.3023      328.3274 11538310    0.01%
 125147  4638        cutoff            328.3023      328.3240 11556283    0.01%
 126086  3746        cutoff            328.3023      328.3200 11573316    0.01%
 127123  2747        cutoff            328.3023      328.3158 11589343    0.00%
 128351  1555        cutoff            328.3023      328.3100 11603127    0.00%

Flow cuts applied:  11
Mixed integer rounding cuts applied:  88
Lift and project cuts applied:  4
Gomory fractional cuts applied:  1
User cuts applied:  2505

Root node processing (before b&c):
  Real time             =    2.09 sec. (1425.44 ticks)
Sequential b&c:
  Real time             = 2134.42 sec. (2205845.04 ticks)
                          ------------
Total (root+branch&cut) = 2136.51 sec. (2207270.48 ticks)
|V|                                     400
K                                       133
theta                                   0.20
r                                       2
R                                       20
prob_func                               facility_mixture
mixture_low_share                       0.100000
mixture_low_interval                    [0.001000, 0.010000]
mixture_high_interval                   [0.100000, 0.500000]
mixture_seed                            1
#C1                                     526
#CP                                     4404

@Parameters: 
am_callback_heuristic                   false
am_local_search                         true
am_start_heuristic                      false
colocation                              false
comp                                    false
cutC                                    true
cutC_init                               false
cutF                                    true
cutF_init                               false
cutF_stable                             false
cutF_wrong                              false
cutLocal                                false
cutM                                    true
cutM_init                               true
cutM_stable                             false
cutP                                    true
cutP_init                               false
cutP_stable                             false
init                                    true
init_cutF_zero                          false
init_val_greedy                         true
is_Euclidean                            false
is_local_search                         true
is_right_cutP                           true
is_root                                 false
is_silent                               false
is_start                                false
mycut                                   false
pmed                                    false
pre                                     true
stable_root                             false
str                                     true
two_phase                               false
ubstr                                   false
mode                                    Int

am_callback_node_space                  50
init                                    0
mixture_seed                            1
node_space                              5
nodelimit                               -1
nsepa                                   1
strF                                    0
type_delta                              0

EPS                                     0.001000
EPS_FRAC                                0.00
gap                                     0.00
mixture_high_max                        0.50
mixture_high_min                        0.10
mixture_low_max                         0.01
mixture_low_min                         0.00
mixture_low_share                       0.10
timelimit                               3600.00

Number of Closed Sites: 14 / 1862 
Number of Confined Sites-1: 24 / 3168 
Number of Confined Sites-k: 362 / 12260 
Preprocess Time: 0.75 + 0.00 sec

Solve Time: 2136.51
Number of Nodes: 129919
Termination Status: OPTIMAL

CutInfo: [phase] num / time (sec) / aver. num_nonzero
max              [LP]     0 / 0.00 / 0.00 [init]   234 / 0.00 / 1.35 [rLC]   202 / 0.01 / 3.07 [rUC]   957 / 0.07 / 2.61 [sLC]     0 / 0.06 / 0.00 [sUC]   412 / 1.57 / 2.92 
prod_oa          [LP]     0 / 0.00 / 0.00 [init]   232 / 0.00 / 11.64 [rLC]   342 / 0.01 / 14.11 [rUC]  1046 / 0.08 / 15.38 [sLC]    13 / 0.04 / 20.62 [sUC]   751 / 1.88 / 15.02 
prod_sm_fixed    [LP]     0 / 0.00 / 0.00 [init]     0 / 0.00 / 0.00 [rLC]     0 / 0.00 / 0.00 [rUC]     0 / 0.00 / 0.00 [sLC]     0 / 0.00 / 0.00 [sUC]     0 / 0.00 / 0.00 
prod_bin         [LP]     0 / 0.00 / 0.00 [init]     0 / 0.00 / 0.00 [rLC]     0 / 0.00 / 0.00 [rUC]     0 / 0.00 / 0.00 [sLC]     0 / 0.00 / 0.00 [sUC]     0 / 0.00 / 0.00 
prod_local       [LP]     0 / 0.00 / 0.00 [init]     0 / 0.00 / 0.00 [rLC]     0 / 0.00 / 0.00 [rUC]     0 / 0.00 / 0.00 [sLC]     0 / 0.00 / 0.00 [sUC]     0 / 0.00 / 0.00 
prod_sm_C        [LP]     0 / 0.00 / 0.00 [init]     0 / 0.01 / 0.00 [rLC]     0 / 0.02 / 0.00 [rUC]  2268 / 0.33 / 25.01 [sLC]     0 / 0.13 / 0.00 [sUC]  3359 / 8.03 / 27.41 
facet            [LP]     0 / 0.00 / 0.00 [init]     0 / 0.00 / 0.00 [rLC]     0 / 0.00 / 0.00 [rUC]  2268 / 0.00 / 0.00 [sLC]     0 / 0.00 / 0.00 [sUC]  3359 / 0.00 / 0.00 
Separation Round:   [LP] 0  [init] 1  [rLC] 3  [rUC] 31  [sLC] 22  [sUC] 141768  
Root Best Bound 329.863588
Root Best Integer: 319.167392
Best Bound: 328.305257
Best Integer: 328.302326
1: 1, 4, 6, 13, 17, 20, 21, 22, 28, 30, 31, 33, 34, 35, 39, 47, 50, 51, 54, 56, 59, 60, 64, 65, 69, 72, 73, 76, 77, 83, 87, 90, 91, 93, 94, 95, 100, 102, 106, 107, 109, 116, 117, 121, 125, 130, 132, 137, 141, 153, 157, 163, 167, 168, 169, 170, 172, 178, 183, 185, 188, 192, 193, 196, 197, 199, 200, 201, 204, 206, 209, 212, 213, 217, 225, 226, 227, 233, 238, 241, 243, 244, 246, 247, 253, 258, 262, 264, 265, 268, 271, 272, 278, 280, 282, 284, 287, 294, 297, 298, 301, 310, 312, 314, 316, 317, 320, 322, 325, 329, 331, 332, 334, 335, 338, 339, 343, 348, 351, 356, 358, 362, 364, 367, 368, 370, 371, 376, 379, 384, 390, 397, 400
Objective Value (calc): 328.300407
sum_etaM = 274.598638 / 274.598638
sum_etaP = 341.728247 / 341.725849
nL: 133
nCL: 0
mCL: 1
