Version identifier: 20.1.0.0 | 2020-11-10 | 9bedb6d68
CPXPARAM_Threads                                 1
CPXPARAM_TimeLimit                               3600
CPXPARAM_MIP_Tolerances_MIPGap                   0
Generic callback                                 0x60
1 of 1 MIP starts provided solutions.
MIP start 'm1' defined initial solution with objective 242.4410.
Tried aggregator 2 times.
MIP Presolve eliminated 9 rows and 2 columns.
Aggregator did 7 substitutions.
Reduced MIP has 2365 rows, 2391 columns, and 40392 nonzeros.
Reduced MIP has 599 binaries, 592 generals, 0 SOSs, and 0 indicators.
Presolve time = 0.02 sec. (13.89 ticks)
Probing time = 0.00 sec. (1.98 ticks)
Tried aggregator 1 time.
Reduced MIP has 2365 rows, 2391 columns, and 40392 nonzeros.
Reduced MIP has 599 binaries, 592 generals, 0 SOSs, and 0 indicators.
Presolve time = 0.01 sec. (8.11 ticks)
Probing time = 0.00 sec. (1.98 ticks)
MIP emphasis: balance optimality and feasibility.
MIP search method: dynamic search.
Parallel mode: none, using 1 thread.
Root relaxation solution time = 0.14 sec. (169.22 ticks)

        Nodes                                         Cuts/
   Node  Left     Objective  IInf  Best Integer    Best Bound    ItCnt     Gap

*     0+    0                          242.4410      600.0000           147.48%
      0     0      256.3859     4      242.4410      256.3859     2378    5.75%
      0     0      244.4796     3      242.4410     Cuts: 323     2620    0.84%
      0     0      243.5830     5      242.4410     Cuts: 303     2651    0.47%

Repeating presolve.
Tried aggregator 1 time.
MIP Presolve eliminated 1435 rows and 1231 columns.
MIP Presolve modified 193 coefficients.
Reduced MIP has 930 rows, 1160 columns, and 4404 nonzeros.
Reduced MIP has 45 binaries, 41 generals, 0 SOSs, and 0 indicators.
Presolve time = 0.01 sec. (4.80 ticks)
Probing time = 0.00 sec. (0.22 ticks)
Tried aggregator 1 time.
Reduced MIP has 930 rows, 1160 columns, and 4404 nonzeros.
Reduced MIP has 45 binaries, 41 generals, 0 SOSs, and 0 indicators.
Presolve time = 0.00 sec. (1.15 ticks)
Represolve time = 0.01 sec. (15.41 ticks)
Probing time = 0.00 sec. (0.22 ticks)
MIP emphasis: balance optimality and feasibility.
MIP search method: dynamic search.
Parallel mode: none, using 1 thread.
Root relaxation solution time = 0.06 sec. (82.35 ticks)

        Nodes                                         Cuts/
   Node  Left     Objective  IInf  Best Integer    Best Bound    ItCnt     Gap

*     0+    0                          242.4410      243.5830             0.47%
      0     0      243.5830     5      242.4410      243.5830     3938    0.47%
      0     0      242.9378     9      242.4410      Cuts: 84     4104    0.20%
      0     0      242.9250     3      242.4410   MIRcuts: 13     4111    0.20%
      0     0      242.8394    14      242.4410   MIRcuts: 19     4157    0.16%
      0     0      242.7962     3      242.4410     Cuts: 106     4186    0.15%
      0     0      242.7702    12      242.4410    MIRcuts: 5     4215    0.14%
      0     0      242.7699    12      242.4410    MIRcuts: 2     4216    0.14%
      0     2      242.7699    12      242.4410      242.7696     4216    0.14%
Elapsed time = 0.99 sec. (614.07 ticks, tree = 0.01 MB, solutions = 1)

Flow cuts applied:  20
Mixed integer rounding cuts applied:  228
Lift and project cuts applied:  2
Gomory fractional cuts applied:  1
User cuts applied:  234

Root node processing (before b&c):
  Real time             =    0.99 sec. (614.09 ticks)
Sequential b&c:
  Real time             =    0.05 sec. (12.83 ticks)
                          ------------
Total (root+branch&cut) =    1.04 sec. (626.92 ticks)
|V|                                     600
K                                       5
theta                                   0.10
r                                       1
R                                       20
prob_func                               facility_mixture
mixture_low_share                       0.500000
mixture_low_interval                    [0.001000, 0.010000]
mixture_high_interval                   [0.100000, 0.500000]
mixture_seed                            1
#C1                                     742
#CP                                     31124

@Parameters: 
am_callback_heuristic                   false
am_local_search                         true
am_start_heuristic                      false
colocation                              true
comp                                    false
cutC                                    true
cutC_init                               false
cutF                                    false
cutF_init                               false
cutF_stable                             false
cutF_wrong                              false
cutLocal                                false
cutM                                    true
cutM_init                               true
cutM_stable                             false
cutP                                    true
cutP_init                               false
cutP_stable                             false
init                                    true
init_cutF_zero                          false
init_val_greedy                         true
is_Euclidean                            false
is_local_search                         false
is_right_cutP                           true
is_root                                 false
is_silent                               false
is_start                                false
mycut                                   false
pmed                                    false
pre                                     true
stable_root                             false
str                                     true
two_phase                               false
ubstr                                   false
mode                                    Int

am_callback_node_space                  50
init                                    0
mixture_seed                            1
node_space                              5
nodelimit                               -1
nsepa                                   1
strF                                    0
type_delta                              0

EPS                                     0.001000
EPS_FRAC                                0.00
gap                                     0.00
mixture_high_max                        0.50
mixture_high_min                        0.10
mixture_low_max                         0.01
mixture_low_min                         0.00
mixture_low_share                       0.50
timelimit                               3600.00

Number of Closed Sites: 1 / 5 
Number of Confined Sites-1: 7 / 28 
Number of Confined Sites-k: 592 / 1474 
Preprocess Time: 1.30 + 0.00 sec

Solve Time: 1.04
Number of Nodes: 7
Termination Status: OPTIMAL

CutInfo: [phase] num / time (sec) / aver. num_nonzero
max              [LP]     0 / 0.00 / 0.00 [init]   590 / 0.02 / 10.13 [rLC]   106 / 0.05 / 27.61 [rUC]   240 / 0.07 / 30.69 [sLC]     0 / 0.00 / 0.00 [sUC]     0 / 0.00 / 0.00 
prod_oa          [LP]     0 / 0.00 / 0.00 [init]   590 / 0.01 / 51.33 [rLC]   741 / 0.07 / 74.19 [rUC]    84 / 0.10 / 73.05 [sLC]    52 / 0.01 / 76.27 [sUC]     0 / 0.00 / 0.00 
prod_sm_fixed    [LP]     0 / 0.00 / 0.00 [init]     0 / 0.00 / 0.00 [rLC]     0 / 0.00 / 0.00 [rUC]     0 / 0.00 / 0.00 [sLC]     0 / 0.00 / 0.00 [sUC]     0 / 0.00 / 0.00 
prod_bin         [LP]     0 / 0.00 / 0.00 [init]     0 / 0.00 / 0.00 [rLC]     0 / 0.00 / 0.00 [rUC]     0 / 0.00 / 0.00 [sLC]     0 / 0.00 / 0.00 [sUC]     0 / 0.00 / 0.00 
prod_local       [LP]     0 / 0.00 / 0.00 [init]     0 / 0.00 / 0.00 [rLC]     0 / 0.00 / 0.00 [rUC]     0 / 0.00 / 0.00 [sLC]     0 / 0.00 / 0.00 [sUC]     0 / 0.00 / 0.00 
prod_sm_C        [LP]     0 / 0.00 / 0.00 [init]     0 / 0.00 / 0.00 [rLC]     0 / 0.00 / 0.00 [rUC]     0 / 0.00 / 0.00 [sLC]     0 / 0.00 / 0.00 [sUC]     0 / 0.00 / 0.00 
facet            [LP]     0 / 0.00 / 0.00 [init]     0 / 0.00 / 0.00 [rLC]     0 / 0.00 / 0.00 [rUC]     0 / 0.00 / 0.00 [sLC]     0 / 0.00 / 0.00 [sUC]     0 / 0.00 / 0.00 
Separation Round:   [LP] 0  [init] 1  [rLC] 7  [rUC] 10  [sLC] 1  [sUC] 4  
Root Best Bound 242.751849
Root Best Integer: 242.441031
Best Bound: 242.751683
Best Integer: 242.441031
1: 435, 490, 534
2: 302
Objective Value (calc): 242.441031
sum_etaM = 175.314075 / 175.314075
sum_etaP = 249.899581 / 249.899581
nL: 4
nCL: 1
mCL: 2
