Version identifier: 20.1.0.0 | 2020-11-10 | 9bedb6d68
CPXPARAM_Threads                                 1
CPXPARAM_TimeLimit                               3600
CPXPARAM_MIP_Tolerances_MIPGap                   0
Generic callback                                 0x60
1 of 1 MIP starts provided solutions.
MIP start 'm1' defined initial solution with objective 433.9143.
Tried aggregator 1 time.
MIP Presolve eliminated 4 rows and 4 columns.
Reduced MIP has 1563 rows, 2396 columns, and 146303 nonzeros.
Reduced MIP has 796 binaries, 0 generals, 0 SOSs, and 0 indicators.
Presolve time = 0.05 sec. (30.67 ticks)
Probing time = 0.00 sec. (4.45 ticks)
Tried aggregator 1 time.
Reduced MIP has 1563 rows, 2396 columns, and 146303 nonzeros.
Reduced MIP has 796 binaries, 0 generals, 0 SOSs, and 0 indicators.
Presolve time = 0.05 sec. (28.93 ticks)
Probing time = 0.00 sec. (4.45 ticks)
MIP emphasis: balance optimality and feasibility.
MIP search method: dynamic search.
Parallel mode: none, using 1 thread.
Root relaxation solution time = 0.06 sec. (77.47 ticks)

        Nodes                                         Cuts/
   Node  Left     Objective  IInf  Best Integer    Best Bound    ItCnt     Gap

*     0+    0                          433.9143      800.0000            84.37%
      0     0      592.4028     6      433.9143      592.4028     1345   36.53%
      0     0      513.9440    10      433.9143     Cuts: 490     1752   18.44%
      0     0      511.8195    11      433.9143     Cuts: 476     2153   17.95%
      0     0      508.7947    12      433.9143     Cuts: 392     2478   17.26%
      0     0      508.3416    12      433.9143     Cuts: 406     2566   17.15%
      0     0      507.9978    11      433.9143     Cuts: 515     2675   17.07%
      0     0      507.6789    12      433.9143     Cuts: 372     2736   17.00%
      0     0      507.2760    12      433.9143     Cuts: 480     2843   16.91%
      0     0      507.0003    12      433.9143     Cuts: 351     2927   16.84%
      0     0      506.1036    12      433.9143     Cuts: 271     3076   16.64%
      0     0      505.9481    12      433.9143     Cuts: 214     3122   16.60%
      0     0      505.5051    12      433.9143     Cuts: 377     3261   16.50%
      0     0      505.0222    12      433.9143     Cuts: 221     3436   16.39%
      0     0      504.8861    12      433.9143     Cuts: 232     3506   16.36%
      0     0      504.6724    12      433.9143     Cuts: 323     3580   16.31%
      0     0      504.4962    12      433.9143     Cuts: 318     3632   16.27%
      0     0      504.2783    12      433.9143     Cuts: 153     3720   16.22%
      0     0      504.0123    12      433.9143     Cuts: 436     3783   16.15%
      0     0      503.8932    12      433.9143     Cuts: 158     3824   16.13%
      0     0      503.8445    12      433.9143     Cuts: 228     3841   16.12%
      0     0      503.7242    12      433.9143     Cuts: 165     3877   16.09%
      0     0      503.6437    12      433.9143     Cuts: 269     3907   16.07%
      0     0      503.6170    12      433.9143 UserPurge2: 250     3933   16.06%
      0     0      503.4641    12      433.9143 UserPurge2: 161     4021   16.03%
      0     0      503.4147    12      433.9143 UserPurge2: 140     4049   16.02%
      0     0      503.2985    12      433.9143 UserPurge2: 93     4114   15.99%
      0     0      503.2289    12      433.9143 UserPurge2: 19     4151   15.97%
      0     0      503.2246    12      433.9143 UserPurge2: 134     4173   15.97%
      0     0      503.1842    12      433.9143 UserPurge2: 89     4219   15.96%
      0     0      503.1486    12      433.9143 UserPurge2: 60     4255   15.96%
      0     0      503.1227    12      433.9143 UserPurge2: 51     4267   15.95%
      0     0      503.1080    11      433.9143 UserPurge2: 23     4289   15.95%
      0     0      503.0851    12      433.9143 UserPurge2: 38     4311   15.94%
      0     0      503.0672    12      433.9143 UserPurge2: 40     4319   15.94%
      0     0      503.0547    12      433.9143 UserPurge2: 15     4343   15.93%
      0     0      503.0535    12      433.9143 UserPurge2: 17     4354   15.93%
      0     0      503.0473    12      433.9143 UserPurge2: 21     4368   15.93%
      0     0      503.0424    12      433.9143 UserPurge2: 70     4376   15.93%
      0     0      503.0293    12      433.9143 UserPurge2: 70     4390   15.93%
      0     0      503.0268    12      433.9143 UserPurge2: 11     4400   15.93%
      0     0      503.0138    12      433.9143 UserPurge2: 11     4410   15.92%
      0     0      503.0051    12      433.9143 UserPurge2: 15     4422   15.92%
      0     0      502.9854    12      433.9143 UserPurge2: 16     4435   15.92%
      0     0      502.9685    12      433.9143 UserPurge2: 36     4458   15.91%
      0     0      502.9617    12      433.9143 UserPurge2: 85     4481   15.91%
      0     0      502.9601    12      433.9143 UserPurge2: 9     4496   15.91%
      0     0      502.9588    12      433.9143 UserPurge2: 9     4505   15.91%
      0     0      502.9585    12      433.9143 UserPurge2: 8     4510   15.91%
      0     0      502.9555    11      433.9143 UserPurge2: 24     4525   15.91%
      0     0      502.9464    12      433.9143 UserPurge2: 25     4558   15.91%
      0     0      502.9405    12      433.9143 UserPurge2: 9     4573   15.91%
      0     0      502.9272    12      433.9143 UserPurge2: 11     4583   15.90%
      0     0      502.9231    12      433.9143 UserPurge2: 30     4595   15.90%
      0     0      502.9229    12      433.9143 UserPurge2: 8     4599   15.90%
      0     0      502.9223    12      433.9143 UserPurge2: 2     4605   15.90%
      0     0      502.9217    12      433.9143 UserPurge2: 3     4609   15.90%
      0     0      502.9215    12      433.9143 UserPurge2: 1     4611   15.90%
      0     2      502.9074    12      433.9143      502.9058     4611   15.90%
Elapsed time = 57.01 sec. (7785.18 ticks, tree = 0.01 MB, solutions = 1)
      5     7      487.0316     8      433.9143      501.9959     6907   15.69%
      9    11      492.3297     7      433.9143      501.9959     8393   15.69%
     10    12      461.3920    12      433.9143      501.9959    11495   15.69%
     11    13      480.8544    10      433.9143      501.9959    12340   15.69%
     13    15      477.1406     6      433.9143      501.9959    13611   15.69%
     15    17      471.2199     4      433.9143      501.9959    14921   15.69%
     19    19        cutoff            433.9143      501.9959    15967   15.69%
     20    20      446.6973     2      433.9143      501.9959    16086   15.69%
*    22    18      integral     0      446.6971      501.9959    16544   12.38%
     23    18      494.4852     9      446.6971      501.9015    17519   12.36%
     26    21      470.4348     7      446.6971      501.9015    20434   12.36%
Elapsed time = 77.89 sec. (13120.66 ticks, tree = 0.14 MB, solutions = 2)
*    30    21      integral     0      462.6418      501.9015    21358    8.49%
     34    23      486.5123     8      462.6418      501.8976    23387    8.49%
     38    23      491.0314     9      462.6418      496.2640    25721    7.27%
     40    25      472.2169     6      462.6418      496.2640    28039    7.27%
     46    27      484.5503    10      462.6418      496.1660    30873    7.25%
     51    28        cutoff            462.6418      496.1660    34108    7.25%
     56    29        cutoff            462.6418      496.1656    36315    7.25%
     61    32      468.2292     2      462.6418      493.8123    38213    6.74%
*    62    25      integral     0      466.0758      493.8123    38259    5.95%
     66    25      467.1074     5      466.0758      492.4440    40316    5.66%
     75    24      475.1415     6      466.0758      492.3172    43698    5.63%
Elapsed time = 95.10 sec. (23221.88 ticks, tree = 0.24 MB, solutions = 4)
     82    25      477.6297     8      466.0758      491.0233    45378    5.35%
     90    25      476.8457     4      466.0758      488.7255    47449    4.86%
     97    28      473.1420     9      466.0758      488.7087    49566    4.86%
    102    29      470.3220     5      466.0758      487.0300    51503    4.50%
    111    30      482.2877     8      466.0758      484.6669    54299    3.99%
*   114    30      integral     0      468.9581      484.6669    55079    3.35%
    119    29      475.2421     8      468.9581      484.3438    56937    3.28%
    125    25        cutoff            468.9581      482.1861    59840    2.82%
    134    20        cutoff            468.9581      476.8079    61816    1.67%
*   135     7      integral     0      474.4976      476.8079    61887    0.49%

Flow cuts applied:  2
Mixed integer rounding cuts applied:  44
User cuts applied:  12882

Root node processing (before b&c):
  Real time             =   57.01 sec. (7789.23 ticks)
Sequential b&c:
  Real time             =   49.71 sec. (25030.47 ticks)
                          ------------
Total (root+branch&cut) =  106.72 sec. (32819.70 ticks)
|V|                                     800
K                                       5
theta                                   0.10
r                                       2
R                                       20
prob_func                               facility_mixture
mixture_low_share                       0.900000
mixture_low_interval                    [0.001000, 0.010000]
mixture_high_interval                   [0.100000, 0.500000]
mixture_seed                            1
#C1                                     1460
#CP                                     145386

@Parameters: 
am_callback_heuristic                   false
am_local_search                         true
am_start_heuristic                      false
colocation                              false
comp                                    false
cutC                                    true
cutC_init                               false
cutF                                    true
cutF_init                               false
cutF_stable                             false
cutF_wrong                              false
cutLocal                                false
cutM                                    true
cutM_init                               true
cutM_stable                             false
cutP                                    true
cutP_init                               false
cutP_stable                             false
init                                    true
init_cutF_zero                          false
init_val_greedy                         true
is_Euclidean                            false
is_local_search                         true
is_right_cutP                           true
is_root                                 false
is_silent                               false
is_start                                false
mycut                                   false
pmed                                    false
pre                                     true
stable_root                             false
str                                     false
two_phase                               false
ubstr                                   false
mode                                    Bin

am_callback_node_space                  50
init                                    0
mixture_seed                            1
node_space                              5
nodelimit                               -1
nsepa                                   1
strF                                    0
type_delta                              0

EPS                                     0.001000
EPS_FRAC                                0.00
gap                                     0.00
mixture_high_max                        0.50
mixture_high_min                        0.10
mixture_low_max                         0.01
mixture_low_min                         0.00
mixture_low_share                       0.90
timelimit                               3600.00

Number of Closed Sites: 4 / 20 
Number of Confined Sites-1: 3 / 12 
Number of Confined Sites-k: 793 / 1586 
Preprocess Time: 1.61 + 0.00 sec

Solve Time: 106.72
Number of Nodes: 143
Termination Status: OPTIMAL

CutInfo: [phase] num / time (sec) / aver. num_nonzero
max              [LP]     0 / 0.00 / 0.00 [init]   781 / 0.38 / 9.45 [rLC]  3224 / 2.13 / 25.17 [rUC]  3789 / 3.05 / 17.74 [sLC]    15 / 0.21 / 30.53 [sUC]  1646 / 1.61 / 15.15 
prod_oa          [LP]     0 / 0.00 / 0.00 [init]     0 / 0.00 / 0.00 [rLC]     0 / 0.00 / 0.00 [rUC]     0 / 0.00 / 0.00 [sLC]     0 / 0.00 / 0.00 [sUC]     0 / 0.00 / 0.00 
prod_sm_fixed    [LP]     0 / 0.00 / 0.00 [init]     0 / 0.00 / 0.00 [rLC]     0 / 0.00 / 0.00 [rUC]     0 / 0.00 / 0.00 [sLC]     0 / 0.00 / 0.00 [sUC]     0 / 0.00 / 0.00 
prod_bin         [LP]     0 / 0.00 / 0.00 [init]   781 / 1.78 / 0.00 [rLC]  5920 / 15.07 / 0.00 [rUC] 10865 / 28.54 / 0.00 [sLC]  1537 / 5.08 / 0.00 [sUC]  8032 / 23.78 / 0.00 
prod_local       [LP]     0 / 0.00 / 0.00 [init]     0 / 0.00 / 0.00 [rLC]     0 / 0.00 / 0.00 [rUC]     0 / 0.00 / 0.00 [sLC]     0 / 0.00 / 0.00 [sUC]     0 / 0.00 / 0.00 
prod_sm_C        [LP]     0 / 0.00 / 0.00 [init]     0 / 0.00 / 0.00 [rLC]     0 / 0.00 / 0.00 [rUC]     0 / 0.00 / 0.00 [sLC]     0 / 0.00 / 0.00 [sUC]     0 / 0.00 / 0.00 
facet            [LP]     0 / 0.00 / 0.00 [init]     0 / 0.00 / 0.00 [rLC]     0 / 0.00 / 0.00 [rUC]     0 / 0.00 / 0.00 [sLC]     0 / 0.00 / 0.00 [sUC]     0 / 0.00 / 0.00 
Separation Round:   [LP] 0  [init] 1  [rLC] 12  [rUC] 58  [sLC] 13  [sUC] 191  
Root Best Bound 502.007987
Root Best Integer: 433.914277
Best Bound: 476.807881
Best Integer: 468.958074
1: 94, 349, 485, 506, 667
Objective Value (calc): 474.497586
sum_etaM = 284.968410 / 284.968410
sum_etaP = 495.556383 / 495.556383
nL: 5
nCL: 0
mCL: 1
