Version identifier: 20.1.0.0 | 2020-11-10 | 9bedb6d68
CPXPARAM_Threads                                 1
CPXPARAM_TimeLimit                               3600
CPXPARAM_MIP_Tolerances_MIPGap                   0
Generic callback                                 0x60
1 of 1 MIP starts provided solutions.
MIP start 'm1' defined initial solution with objective 444.6851.
Tried aggregator 2 times.
MIP Presolve eliminated 14 rows and 8 columns.
Aggregator did 6 substitutions.
Reduced MIP has 2205 rows, 2386 columns, and 26819 nonzeros.
Reduced MIP has 596 binaries, 590 generals, 0 SOSs, and 0 indicators.
Presolve time = 0.01 sec. (9.52 ticks)
Probing time = 0.00 sec. (1.36 ticks)
Tried aggregator 1 time.
Reduced MIP has 2205 rows, 2386 columns, and 26819 nonzeros.
Reduced MIP has 596 binaries, 590 generals, 0 SOSs, and 0 indicators.
Presolve time = 0.01 sec. (5.59 ticks)
Probing time = 0.00 sec. (1.36 ticks)
MIP emphasis: balance optimality and feasibility.
MIP search method: dynamic search.
Parallel mode: none, using 1 thread.
Root relaxation solution time = 0.04 sec. (45.47 ticks)

        Nodes                                         Cuts/
   Node  Left     Objective  IInf  Best Integer    Best Bound    ItCnt     Gap

*     0+    0                          444.6851      600.0000            34.93%
      0     0      458.1379    39      444.6851      458.1379     1781    3.03%
      0     0      446.5524    48      444.6851     Cuts: 437     2041    0.42%
      0     0      446.0886    35      444.6851     Cuts: 199     2200    0.32%
      0     0      445.7762    55      444.6851      Cuts: 63     2345    0.25%
      0     0      445.7175    52      444.6851      Cuts: 30     2385    0.23%
      0     0      445.7171    54      444.6851       Cuts: 5     2391    0.23%
      0     0      445.7082    53      444.6851      Cuts: 13     2420    0.23%
      0     0      445.7054    48      444.6851 UserPurge2: 4     2433    0.23%
      0     0      445.7000    51      444.6851 UserPurge2: 21     2456    0.23%
      0     0      445.6937    52      444.6851 UserPurge2: 9     2470    0.23%
      0     0      445.6936    53      444.6851 UserPurge2: 3     2473    0.23%
      0     0      445.6936    56      444.6851 UserPurge2: 1     2476    0.23%
      0     2      445.6782    48      444.6851      445.6782     2476    0.22%
Elapsed time = 1.21 sec. (615.09 ticks, tree = 0.01 MB, solutions = 1)
     40    38      445.4061    38      444.6851      445.6024     4142    0.21%
     85    73        cutoff            444.6851      445.5956     6008    0.20%
*   100+   84                          444.7006      445.5953             0.20%
    118   100      444.7522    20      444.7006      445.5865     7763    0.20%
    170   129      445.4463    34      444.7006      445.5233     9817    0.19%
    219   164      445.0551    19      444.7006      445.5130    12024    0.18%
    273   204      445.0991    25      444.7006      445.5042    14054    0.18%
    323   241      445.4400    34      444.7006      445.4969    15883    0.18%
    373   279      445.1265    31      444.7006      445.4708    17938    0.17%
    420   307      445.2784    43      444.7006      445.4505    19764    0.17%
    619   440      444.9918    19      444.7006      445.4053    26880    0.16%
Elapsed time = 9.07 sec. (3811.08 ticks, tree = 1.33 MB, solutions = 2)
    840   579      444.7800    23      444.7006      445.3451    34820    0.14%

Performing restart 1

Repeating presolve.
Tried aggregator 1 time.
MIP Presolve eliminated 876 rows and 528 columns.
MIP Presolve modified 82 coefficients.
Reduced MIP has 1329 rows, 1858 columns, and 15615 nonzeros.
Reduced MIP has 443 binaries, 215 generals, 0 SOSs, and 0 indicators.
Presolve time = 0.01 sec. (6.48 ticks)
Tried aggregator 1 time.
Reduced MIP has 1329 rows, 1858 columns, and 15615 nonzeros.
Reduced MIP has 443 binaries, 215 generals, 0 SOSs, and 0 indicators.
Presolve time = 0.00 sec. (3.39 ticks)
Represolve time = 0.03 sec. (23.82 ticks)
    950     0      445.3314    56      444.7006      Cuts: 96    40424    0.14%
    950     0      445.2404    59      444.7006     Cuts: 180    40501    0.12%
    950     0      445.1612    61      444.7006      Cuts: 51    40595    0.10%
    950     0      445.1312    49      444.7006      Cuts: 81    40662    0.10%
    950     0      445.1172    58      444.7006      Cuts: 12    40697    0.09%
    950     0      445.0973    44      444.7006       Cuts: 9    40719    0.09%
    950     0      445.0908    44      444.7006       Cuts: 6    40744    0.09%
    950     0      445.0863    41      444.7006      Cuts: 11    40769    0.09%
    950     0      445.0662    61      444.7006      Cuts: 14    40804    0.08%
    950     0      445.0605    51      444.7006       Cuts: 6    40815    0.08%
    950     0      445.0522    45      444.7006      Cuts: 10    40836    0.08%
    950     0      445.0353    51      444.7006      Cuts: 14    40879    0.08%
    950     0      445.0339    52      444.7006    MIRcuts: 4    40894    0.07%
    950     0      445.0328    49      444.7006    MIRcuts: 3    40907    0.07%
    950     0      445.0194    49      444.7006      Cuts: 11    40917    0.07%
    950     0      445.0192    51      444.7006    MIRcuts: 2    40919    0.07%
    950     2      445.0165    57      444.7006      445.0164    40919    0.07%
    990    28      444.7408    33      444.7006      444.9670    42323    0.06%
   1212   164      444.7029    20      444.7006      444.8889    48720    0.04%
   1438   295      444.7272    11      444.7006      444.8608    54935    0.04%
   1715   447      444.7472    24      444.7006      444.8348    62834    0.03%
   2007   584      444.7139    19      444.7006      444.8200    71955    0.03%
   2290   712      444.7455    17      444.7006      444.8075    80121    0.02%
   2562   789        cutoff            444.7006      444.7972    87945    0.02%
   2909   883      444.7332    28      444.7006      444.7861    97167    0.02%
Elapsed time = 25.73 sec. (13962.79 ticks, tree = 1.50 MB, solutions = 2)
   3210   948      444.7160    10      444.7006      444.7787   105956    0.02%
   3568   999      444.7037    14      444.7006      444.7703   115327    0.02%
   3951  1006      444.7023    10      444.7006      444.7615   124830    0.01%
   4368   983      444.7186    23      444.7006      444.7518   133990    0.01%
   4787   870      444.7013     8      444.7006      444.7399   143118    0.01%
   5264   610      444.7072     8      444.7006      444.7263   151598    0.01%
   5860    78        cutoff            444.7006      444.7049   157131    0.00%

Flow cuts applied:  18
Mixed integer rounding cuts applied:  180
Lift and project cuts applied:  3
Gomory fractional cuts applied:  14
User cuts applied:  708

Root node processing (before b&c):
  Real time             =    1.21 sec. (615.12 ticks)
Sequential b&c:
  Real time             =   35.32 sec. (20155.94 ticks)
                          ------------
Total (root+branch&cut) =   36.53 sec. (20771.06 ticks)
|V|                                     600
K                                       60
theta                                   0.10
r                                       1
R                                       20
prob_func                               facility_mixture
mixture_low_share                       0.900000
mixture_low_interval                    [0.001000, 0.010000]
mixture_high_interval                   [0.100000, 0.500000]
mixture_seed                            1
#C1                                     760
#CP                                     34540

@Parameters: 
am_callback_heuristic                   false
am_local_search                         true
am_start_heuristic                      false
colocation                              true
comp                                    false
cutC                                    true
cutC_init                               false
cutF                                    false
cutF_init                               false
cutF_stable                             false
cutF_wrong                              false
cutLocal                                false
cutM                                    true
cutM_init                               true
cutM_stable                             false
cutP                                    true
cutP_init                               false
cutP_stable                             false
init                                    true
init_cutF_zero                          false
init_val_greedy                         true
is_Euclidean                            false
is_local_search                         false
is_right_cutP                           true
is_root                                 false
is_silent                               false
is_start                                false
mycut                                   false
pmed                                    false
pre                                     true
stable_root                             false
str                                     true
two_phase                               false
ubstr                                   false
mode                                    Int

am_callback_node_space                  50
init                                    0
mixture_seed                            1
node_space                              5
nodelimit                               -1
nsepa                                   1
strF                                    0
type_delta                              0

EPS                                     0.001000
EPS_FRAC                                0.00
gap                                     0.00
mixture_high_max                        0.50
mixture_high_min                        0.10
mixture_low_max                         0.01
mixture_low_min                         0.00
mixture_low_share                       0.90
timelimit                               3600.00

Number of Closed Sites: 4 / 240 
Number of Confined Sites-1: 6 / 354 
Number of Confined Sites-k: 590 / 4984 
Preprocess Time: 1.14 + 0.00 sec

Solve Time: 36.53
Number of Nodes: 5939
Termination Status: OPTIMAL

CutInfo: [phase] num / time (sec) / aver. num_nonzero
max              [LP]     0 / 0.00 / 0.00 [init]   553 / 0.01 / 2.57 [rLC]   305 / 0.01 / 6.39 [rUC]    63 / 0.04 / 6.43 [sLC]     2 / 0.08 / 22.00 [sUC]   220 / 1.04 / 6.41 
prod_oa          [LP]     0 / 0.00 / 0.00 [init]   471 / 0.01 / 45.52 [rLC]   693 / 0.28 / 58.08 [rUC]   483 / 0.16 / 55.95 [sLC]   531 / 0.18 / 54.01 [sUC]   454 / 2.91 / 45.79 
prod_sm_fixed    [LP]     0 / 0.00 / 0.00 [init]     0 / 0.00 / 0.00 [rLC]     0 / 0.00 / 0.00 [rUC]     0 / 0.00 / 0.00 [sLC]     0 / 0.00 / 0.00 [sUC]     0 / 0.00 / 0.00 
prod_bin         [LP]     0 / 0.00 / 0.00 [init]     0 / 0.00 / 0.00 [rLC]     0 / 0.00 / 0.00 [rUC]     0 / 0.00 / 0.00 [sLC]     0 / 0.00 / 0.00 [sUC]     0 / 0.00 / 0.00 
prod_local       [LP]     0 / 0.00 / 0.00 [init]     0 / 0.00 / 0.00 [rLC]     0 / 0.00 / 0.00 [rUC]     0 / 0.00 / 0.00 [sLC]     0 / 0.00 / 0.00 [sUC]     0 / 0.00 / 0.00 
prod_sm_C        [LP]     0 / 0.00 / 0.00 [init]     0 / 0.00 / 0.00 [rLC]     0 / 0.00 / 0.00 [rUC]     0 / 0.00 / 0.00 [sLC]     0 / 0.00 / 0.00 [sUC]     0 / 0.00 / 0.00 
facet            [LP]     0 / 0.00 / 0.00 [init]     0 / 0.00 / 0.00 [rLC]     0 / 0.00 / 0.00 [rUC]     0 / 0.00 / 0.00 [sLC]     0 / 0.00 / 0.00 [sUC]     0 / 0.00 / 0.00 
Separation Round:   [LP] 0  [init] 1  [rLC] 4  [rUC] 13  [sLC] 15  [sUC] 7173  
Root Best Bound 445.623791
Root Best Integer: 444.685067
Best Bound: 444.710421
Best Integer: 444.700588
1: 20, 103, 122, 136, 139, 186, 213, 215, 234, 260, 291, 298, 320, 343, 358, 403, 426, 470, 508, 529, 568, 571, 592
2: 24, 47, 79, 109, 339, 416, 485, 584
4: 85, 372
6: 349
7: 105
Objective Value (calc): 444.685067
sum_etaM = 245.434979 / 245.434979
sum_etaP = 466.841211 / 466.823966
nL: 35
nCL: 12
mCL: 7
