Version identifier: 20.1.0.0 | 2020-11-10 | 9bedb6d68
CPXPARAM_Threads                                 1
CPXPARAM_TimeLimit                               3600
CPXPARAM_MIP_Tolerances_MIPGap                   0
Generic callback                                 0x60
1 of 1 MIP starts provided solutions.
MIP start 'm1' defined initial solution with objective 251.4302.
Tried aggregator 2 times.
MIP Presolve eliminated 23 rows and 16 columns.
MIP Presolve modified 558 coefficients.
Aggregator did 7 substitutions.
Reduced MIP has 2333 rows, 2377 columns, and 37863 nonzeros.
Reduced MIP has 592 binaries, 585 generals, 0 SOSs, and 0 indicators.
Presolve time = 0.01 sec. (12.55 ticks)
Probing time = 0.00 sec. (1.85 ticks)
Tried aggregator 1 time.
Reduced MIP has 2333 rows, 2377 columns, and 37863 nonzeros.
Reduced MIP has 592 binaries, 585 generals, 0 SOSs, and 0 indicators.
Presolve time = 0.01 sec. (7.06 ticks)
Probing time = 0.00 sec. (1.85 ticks)
MIP emphasis: balance optimality and feasibility.
MIP search method: dynamic search.
Parallel mode: none, using 1 thread.
Root relaxation solution time = 0.12 sec. (156.41 ticks)

        Nodes                                         Cuts/
   Node  Left     Objective  IInf  Best Integer    Best Bound    ItCnt     Gap

*     0+    0                          251.4302      600.0000           138.63%
      0     0      276.7999     7      251.4302      276.7999     2223   10.09%
      0     0      254.6204    14      251.4302     Cuts: 541     2661    1.27%
      0     0      254.0873    13      251.4302     Cuts: 628     2761    1.06%

Repeating presolve.
Tried aggregator 1 time.
MIP Presolve eliminated 1309 rows and 1167 columns.
MIP Presolve modified 229 coefficients.
Reduced MIP has 1024 rows, 1210 columns, and 5854 nonzeros.
Reduced MIP has 58 binaries, 52 generals, 0 SOSs, and 0 indicators.
Presolve time = 0.01 sec. (4.94 ticks)
Probing time = 0.00 sec. (0.28 ticks)
Tried aggregator 1 time.
Reduced MIP has 1024 rows, 1210 columns, and 5854 nonzeros.
Reduced MIP has 58 binaries, 52 generals, 0 SOSs, and 0 indicators.
Presolve time = 0.00 sec. (1.38 ticks)
Represolve time = 0.02 sec. (20.20 ticks)
Probing time = 0.00 sec. (0.28 ticks)
MIP emphasis: balance optimality and feasibility.
MIP search method: dynamic search.
Parallel mode: none, using 1 thread.
Root relaxation solution time = 0.09 sec. (120.63 ticks)

        Nodes                                         Cuts/
   Node  Left     Objective  IInf  Best Integer    Best Bound    ItCnt     Gap

*     0+    0                          251.4302      254.0873             1.06%
      0     0      253.9326    13      251.4302      253.9326     4318    1.00%
      0     0      252.9784    18      251.4302     Cuts: 158     4518    0.62%
      0     0      252.4372     9      251.4302     Cuts: 135     4667    0.40%
      0     0      252.4201    15      251.4302      Cuts: 98     4696    0.39%
      0     0      252.3479    13      251.4302      Cuts: 76     4767    0.36%
      0     0      252.3305    17      251.4302       Cuts: 8     4798    0.36%
      0     0      252.3213    15      251.4302      Cuts: 15     4818    0.35%
      0     0      252.3162    13      251.4302       Cuts: 6     4829    0.35%
      0     2      252.3161    15      251.4302      252.3076     4829    0.35%
Elapsed time = 2.26 sec. (921.05 ticks, tree = 0.01 MB, solutions = 1)

Flow cuts applied:  3
Mixed integer rounding cuts applied:  242
Gomory fractional cuts applied:  2
User cuts applied:  775

Root node processing (before b&c):
  Real time             =    2.26 sec. (920.72 ticks)
Sequential b&c:
  Real time             =    0.07 sec. (66.92 ticks)
                          ------------
Total (root+branch&cut) =    2.33 sec. (987.64 ticks)
|V|                                     600
K                                       5
theta                                   0.20
r                                       2
R                                       20
prob_func                               facility_mixture
mixture_low_share                       0.100000
mixture_low_interval                    [0.001000, 0.010000]
mixture_high_interval                   [0.100000, 0.500000]
mixture_seed                            1
#C1                                     912
#CP                                     30954

@Parameters: 
am_callback_heuristic                   false
am_local_search                         true
am_start_heuristic                      false
colocation                              true
comp                                    false
cutC                                    true
cutC_init                               false
cutF                                    true
cutF_init                               false
cutF_stable                             false
cutF_wrong                              false
cutLocal                                false
cutM                                    true
cutM_init                               true
cutM_stable                             false
cutP                                    true
cutP_init                               false
cutP_stable                             false
init                                    true
init_cutF_zero                          false
init_val_greedy                         true
is_Euclidean                            false
is_local_search                         false
is_right_cutP                           true
is_root                                 false
is_silent                               false
is_start                                false
mycut                                   false
pmed                                    false
pre                                     true
stable_root                             false
str                                     false
two_phase                               false
ubstr                                   false
mode                                    Int

am_callback_node_space                  50
init                                    0
mixture_seed                            1
node_space                              5
nodelimit                               -1
nsepa                                   1
strF                                    0
type_delta                              0

EPS                                     0.001000
EPS_FRAC                                0.00
gap                                     0.00
mixture_high_max                        0.50
mixture_high_min                        0.10
mixture_low_max                         0.01
mixture_low_min                         0.00
mixture_low_share                       0.10
timelimit                               3600.00

Number of Closed Sites: 8 / 40 
Number of Confined Sites-1: 7 / 28 
Number of Confined Sites-k: 585 / 1097 
Preprocess Time: 1.30 + 0.00 sec

Solve Time: 2.33
Number of Nodes: 9
Termination Status: OPTIMAL

CutInfo: [phase] num / time (sec) / aver. num_nonzero
max              [LP]     0 / 0.00 / 0.00 [init]   581 / 0.01 / 9.11 [rLC]   264 / 0.05 / 17.20 [rUC]   358 / 0.06 / 17.44 [sLC]     0 / 0.00 / 0.00 [sUC]     0 / 0.00 / 0.00 
prod_oa          [LP]     0 / 0.00 / 0.00 [init]   581 / 0.01 / 49.13 [rLC]  1421 / 0.10 / 75.15 [rUC]    74 / 0.10 / 84.08 [sLC]     0 / 0.00 / 0.00 [sUC]     0 / 0.00 / 0.00 
prod_sm_fixed    [LP]     0 / 0.00 / 0.00 [init]     0 / 0.00 / 0.00 [rLC]     0 / 0.00 / 0.00 [rUC]     0 / 0.00 / 0.00 [sLC]     0 / 0.00 / 0.00 [sUC]     0 / 0.00 / 0.00 
prod_bin         [LP]     0 / 0.00 / 0.00 [init]     0 / 0.00 / 0.00 [rLC]     0 / 0.00 / 0.00 [rUC]     0 / 0.00 / 0.00 [sLC]     0 / 0.00 / 0.00 [sUC]     0 / 0.00 / 0.00 
prod_local       [LP]     0 / 0.00 / 0.00 [init]     0 / 0.00 / 0.00 [rLC]     0 / 0.00 / 0.00 [rUC]     0 / 0.00 / 0.00 [sLC]     0 / 0.00 / 0.00 [sUC]     0 / 0.00 / 0.00 
prod_sm_C        [LP]     0 / 0.00 / 0.00 [init]     0 / 0.04 / 0.00 [rLC]     0 / 0.44 / 0.00 [rUC]   710 / 0.43 / 127.91 [sLC]     0 / 0.00 / 0.00 [sUC]     0 / 0.00 / 0.00 
facet            [LP]     0 / 0.00 / 0.00 [init]     0 / 0.00 / 0.00 [rLC]     0 / 0.00 / 0.00 [rUC]   574 / 0.00 / 0.00 [sLC]     0 / 0.00 / 0.00 [sUC]     0 / 0.00 / 0.00 
Separation Round:   [LP] 0  [init] 1  [rLC] 12  [rUC] 11  [sLC] 0  [sUC] 6  
Root Best Bound 252.272825
Root Best Integer: 251.430186
Best Bound: 251.950102
Best Integer: 251.430186
1: 162, 301, 302, 304, 490
Objective Value (calc): 251.430186
sum_etaM = 193.716055 / 193.716055
sum_etaP = 265.858719 / 265.858719
nL: 5
nCL: 0
mCL: 1
