Version identifier: 20.1.0.0 | 2020-11-10 | 9bedb6d68
CPXPARAM_Threads                                 1
CPXPARAM_TimeLimit                               3600
CPXPARAM_MIP_Tolerances_MIPGap                   0
Generic callback                                 0x60
1 of 1 MIP starts provided solutions.
MIP start 'm1' defined initial solution with objective 223.3918.
Tried aggregator 2 times.
MIP Presolve eliminated 38 rows and 12 columns.
MIP Presolve modified 197 coefficients.
Aggregator did 26 substitutions.
Reduced MIP has 929 rows, 1162 columns, and 3699 nonzeros.
Reduced MIP has 294 binaries, 268 generals, 0 SOSs, and 0 indicators.
Presolve time = 0.00 sec. (1.87 ticks)
Probing time = 0.00 sec. (0.21 ticks)
Tried aggregator 1 time.
Reduced MIP has 929 rows, 1162 columns, and 3699 nonzeros.
Reduced MIP has 294 binaries, 268 generals, 0 SOSs, and 0 indicators.
Presolve time = 0.00 sec. (1.06 ticks)
Probing time = 0.00 sec. (0.21 ticks)
MIP emphasis: balance optimality and feasibility.
MIP search method: dynamic search.
Parallel mode: none, using 1 thread.
Root relaxation solution time = 0.02 sec. (14.06 ticks)

        Nodes                                         Cuts/
   Node  Left     Objective  IInf  Best Integer    Best Bound    ItCnt     Gap

*     0+    0                          223.3918      300.0000            34.29%
      0     0      276.7015   135      223.3918      276.7015      737   23.86%
      0     0      228.2111   262      223.3918     Cuts: 332      928    2.16%
      0     0      226.9752   258      223.3918     Cuts: 240     1110    1.60%
      0     0      226.5933   224      223.3918      Cuts: 94     1229    1.43%
      0     0      226.3547   250      223.3918      Cuts: 78     1310    1.33%
      0     0      226.2440   235      223.3918      Cuts: 51     1374    1.28%
      0     0      226.1175   245      223.3918      Cuts: 34     1430    1.22%
      0     0      226.0906   239      223.3918      Cuts: 38     1476    1.21%
      0     0      226.0418   242      223.3918      Cuts: 28     1508    1.19%
      0     0      226.0191   207      223.3918      Cuts: 26     1537    1.18%
      0     0      226.0075   231      223.3918      Cuts: 22     1563    1.17%
      0     0      226.0042   217      223.3918      Cuts: 12     1581    1.17%
      0     0      225.9935   214      223.3918      Cuts: 12     1606    1.16%
      0     0      225.9932   218      223.3918 UserPurge2: 16     1612    1.16%
      0     0      225.9931   218      223.3918 UserPurge2: 2     1614    1.16%
      0     2      225.9931   218      223.3918      225.9931     1614    1.16%
Elapsed time = 0.54 sec. (384.06 ticks, tree = 0.01 MB, solutions = 1)
     63    61      225.7906   244      223.3918      225.9430     3656    1.14%
    100    98      224.5538   249      223.3918      225.9430     5256    1.14%
    191   189      224.0244   197      223.3918      225.9430     6352    1.14%
    257   241      224.9733   224      223.3918      225.9131     8409    1.13%
    349   327      223.4175   176      223.3918      225.9050    10431    1.13%
    437   404      225.6919   298      223.3918      225.7758    12292    1.07%
    460   427      224.7331   240      223.3918      225.7758    13434    1.07%

Performing restart 1

Repeating presolve.
Tried aggregator 1 time.
MIP Presolve modified 90 coefficients.
Reduced MIP has 929 rows, 1162 columns, and 3699 nonzeros.
Reduced MIP has 294 binaries, 268 generals, 0 SOSs, and 0 indicators.
Presolve time = 0.00 sec. (1.12 ticks)
Tried aggregator 1 time.
Reduced MIP has 929 rows, 1162 columns, and 3699 nonzeros.
Reduced MIP has 294 binaries, 268 generals, 0 SOSs, and 0 indicators.
Presolve time = 0.00 sec. (1.10 ticks)
Represolve time = 0.01 sec. (5.23 ticks)
    465     0      224.9557   218      223.3918     Cuts: 169    15255    0.70%
    465     0      224.7204   258      223.3918     Cuts: 143    15443    0.59%
    465     0      224.5715   212      223.3918     Cuts: 115    15617    0.53%
    465     0      224.5283   208      223.3918      Cuts: 94    15721    0.51%
    465     0      224.4862   240      223.3918      Cuts: 95    15811    0.49%
    465     0      224.4527   263      223.3918      Cuts: 93    15899    0.47%
    465     0      224.4327   212      223.3918      Cuts: 83    15989    0.47%
    465     0      224.4200   227      223.3918      Cuts: 37    16060    0.46%
    465     0      224.3984   232      223.3918      Cuts: 54    16130    0.45%
    465     0      224.3839   241      223.3918      Cuts: 52    16186    0.44%
    465     0      224.3750   212      223.3918      Cuts: 57    16255    0.44%
    465     0      224.3657   204      223.3918      Cuts: 43    16305    0.44%
    465     0      224.3581   175      223.3918      Cuts: 27    16351    0.43%
    465     0      224.3505   220      223.3918      Cuts: 30    16392    0.43%
    465     0      224.3424   216      223.3918      Cuts: 29    16432    0.43%
    465     0      224.3380   163      223.3918      Cuts: 23    16466    0.42%
    465     0      224.3344   167      223.3918      Cuts: 22    16515    0.42%
    465     0      224.3338   175      223.3918       Cuts: 8    16534    0.42%
    465     0      224.3337   194      223.3918 UserPurge2: 2    16538    0.42%
    465     2      224.3337   196      223.3918      224.3334    16538    0.42%
    470     7      224.1993   178      223.3918      224.2702    16640    0.39%
    514    38      224.2132   205      223.3918      224.2394    18464    0.38%
Elapsed time = 6.71 sec. (4629.48 ticks, tree = 0.06 MB, solutions = 1)
    640   136      223.7248   149      223.3918      224.1986    23260    0.36%
*   819   244      integral     0      223.5134      224.1914    27753    0.30%
    895   307      224.0573   200      223.5134      224.1734    29224    0.30%
*  1018   349      integral     0      223.5933      224.1577    31553    0.25%
   1205   476      224.0559    64      223.5933      224.1478    35288    0.25%
*  1243   422      integral     0      223.6796      224.1478    35564    0.21%
   1534   617      223.7886   114      223.6796      224.1300    42053    0.20%
*  1804   724      integral     0      223.7127      224.1231    45452    0.18%
*  1874   632      integral     0      223.7590      224.1215    46391    0.16%
   1975   703      223.8754   140      223.7590      224.1128    48041    0.16%
*  2145   667      integral     0      223.8023      224.1084    50304    0.14%
   2365   815      223.9854   159      223.8023      224.0914    54491    0.13%
   2910  1123      223.8463   193      223.8023      224.0644    62531    0.12%
*  3122   874      integral     0      223.8607      224.0550    65680    0.09%
   3491  1072      223.8825    23      223.8607      224.0426    70686    0.08%
*  3926  1201      integral     0      223.8702      224.0293    76681    0.07%
   4087  1277      223.8810    50      223.8702      224.0260    79246    0.07%
   4684  1489      223.9130    73      223.8702      224.0083    87761    0.06%
Elapsed time = 23.39 sec. (14225.20 ticks, tree = 1.75 MB, solutions = 9)
   5302  1693      223.9364   133      223.8702      223.9943    95943    0.06%
*  5426   710      integral     0      223.9275      223.9928    97630    0.03%
   5920   532        cutoff            223.9275      223.9661   103764    0.02%
*  6201   261      integral     0      223.9306      223.9493   106261    0.01%

Flow cuts applied:  52
Mixed integer rounding cuts applied:  218
Lift and project cuts applied:  25
Gomory fractional cuts applied:  18
User cuts applied:  732

Root node processing (before b&c):
  Real time             =    0.54 sec. (384.14 ticks)
Sequential b&c:
  Real time             =   27.15 sec. (16461.11 ticks)
                          ------------
Total (root+branch&cut) =   27.69 sec. (16845.26 ticks)
|V|                                     300
K                                       100
theta                                   0.20
r                                       1
R                                       20
prob_func                               facility_mixture
mixture_low_share                       0.100000
mixture_low_interval                    [0.001000, 0.010000]
mixture_high_interval                   [0.100000, 0.500000]
mixture_seed                            1
#C1                                     340
#CP                                     2178

@Parameters: 
am_callback_heuristic                   false
am_local_search                         true
am_start_heuristic                      false
colocation                              true
comp                                    false
cutC                                    true
cutC_init                               false
cutF                                    false
cutF_init                               false
cutF_stable                             false
cutF_wrong                              false
cutLocal                                false
cutM                                    true
cutM_init                               true
cutM_stable                             false
cutP                                    true
cutP_init                               false
cutP_stable                             false
init                                    true
init_cutF_zero                          false
init_val_greedy                         true
is_Euclidean                            false
is_local_search                         false
is_right_cutP                           true
is_root                                 false
is_silent                               false
is_start                                false
mycut                                   false
pmed                                    false
pre                                     true
stable_root                             false
str                                     false
two_phase                               false
ubstr                                   false
mode                                    Int

am_callback_node_space                  50
init                                    0
mixture_seed                            1
node_space                              5
nodelimit                               -1
nsepa                                   1
strF                                    0
type_delta                              0

EPS                                     0.001000
EPS_FRAC                                0.00
gap                                     0.00
mixture_high_max                        0.50
mixture_high_min                        0.10
mixture_low_max                         0.01
mixture_low_min                         0.00
mixture_low_share                       0.10
timelimit                               3600.00

Number of Closed Sites: 6 / 600 
Number of Confined Sites-1: 26 / 2574 
Number of Confined Sites-k: 268 / 7949 
Preprocess Time: 0.46 + 0.00 sec

Solve Time: 27.69
Number of Nodes: 6478
Termination Status: OPTIMAL

CutInfo: [phase] num / time (sec) / aver. num_nonzero
max              [LP]     0 / 0.00 / 0.00 [init]   196 / 0.01 / 1.27 [rLC]   122 / 0.00 / 2.26 [rUC]   323 / 0.03 / 3.53 [sLC]     0 / 0.02 / 0.00 [sUC]   364 / 0.63 / 3.17 
prod_oa          [LP]     0 / 0.00 / 0.00 [init]   196 / 0.00 / 8.70 [rLC]   199 / 0.00 / 8.63 [rUC]   315 / 0.02 / 10.91 [sLC]    18 / 0.01 / 9.67 [sUC]   823 / 0.47 / 11.42 
prod_sm_fixed    [LP]     0 / 0.00 / 0.00 [init]     0 / 0.00 / 0.00 [rLC]     0 / 0.00 / 0.00 [rUC]     0 / 0.00 / 0.00 [sLC]     0 / 0.00 / 0.00 [sUC]     0 / 0.00 / 0.00 
prod_bin         [LP]     0 / 0.00 / 0.00 [init]     0 / 0.00 / 0.00 [rLC]     0 / 0.00 / 0.00 [rUC]     0 / 0.00 / 0.00 [sLC]     0 / 0.00 / 0.00 [sUC]     0 / 0.00 / 0.00 
prod_local       [LP]     0 / 0.00 / 0.00 [init]     0 / 0.00 / 0.00 [rLC]     0 / 0.00 / 0.00 [rUC]     0 / 0.00 / 0.00 [sLC]     0 / 0.00 / 0.00 [sUC]     0 / 0.00 / 0.00 
prod_sm_C        [LP]     0 / 0.00 / 0.00 [init]     0 / 0.00 / 0.00 [rLC]     0 / 0.00 / 0.00 [rUC]     0 / 0.00 / 0.00 [sLC]     0 / 0.00 / 0.00 [sUC]     0 / 0.00 / 0.00 
facet            [LP]     0 / 0.00 / 0.00 [init]     0 / 0.00 / 0.00 [rLC]     0 / 0.00 / 0.00 [rUC]     0 / 0.00 / 0.00 [sLC]     0 / 0.00 / 0.00 [sUC]     0 / 0.00 / 0.00 
Separation Round:   [LP] 0  [init] 1  [rLC] 2  [rUC] 16  [sLC] 13  [sUC] 10406  
Root Best Bound 225.943839
Root Best Integer: 223.391772
Best Bound: 223.933561
Best Integer: 223.930565
1: 2, 10, 18, 19, 22, 27, 30, 32, 37, 38, 39, 44, 45, 46, 48, 51, 59, 61, 62, 65, 66, 69, 77, 79, 83, 84, 86, 90, 93, 94, 95, 96, 99, 105, 114, 118, 120, 122, 124, 126, 133, 134, 135, 138, 141, 143, 146, 149, 153, 157, 158, 161, 164, 168, 176, 177, 181, 185, 189, 190, 192, 195, 196, 200, 202, 209, 212, 214, 221, 224, 226, 244, 249, 254, 257, 259, 275, 277, 279, 281, 282, 284, 286, 288, 293
2: 23, 88, 103, 167, 203, 253
3: 207
Objective Value (calc): 223.929614
sum_etaM = 184.942835 / 184.942835
sum_etaP = 233.677497 / 233.676308
nL: 92
nCL: 7
mCL: 3
