Version identifier: 20.1.0.0 | 2020-11-10 | 9bedb6d68
CPXPARAM_Threads                                 1
CPXPARAM_TimeLimit                               3600
CPXPARAM_MIP_Tolerances_MIPGap                   0
Generic callback                                 0x60
1 of 1 MIP starts provided solutions.
MIP start 'm1' defined initial solution with objective 40.3808.
Tried aggregator 2 times.
MIP Presolve eliminated 45 rows and 6 columns.
Aggregator did 39 substitutions.
Reduced MIP has 241 rows, 355 columns, and 642 nonzeros.
Reduced MIP has 97 binaries, 58 generals, 0 SOSs, and 0 indicators.
Presolve time = 0.00 sec. (0.59 ticks)
Probing time = 0.00 sec. (0.04 ticks)
Tried aggregator 1 time.
Reduced MIP has 241 rows, 355 columns, and 642 nonzeros.
Reduced MIP has 97 binaries, 58 generals, 0 SOSs, and 0 indicators.
Presolve time = 0.00 sec. (0.27 ticks)
Probing time = 0.00 sec. (0.04 ticks)
MIP emphasis: balance optimality and feasibility.
MIP search method: dynamic search.
Parallel mode: none, using 1 thread.
Root relaxation solution time = 0.00 sec. (0.75 ticks)

        Nodes                                         Cuts/
   Node  Left     Objective  IInf  Best Integer    Best Bound    ItCnt     Gap

*     0+    0                           40.3808      100.0000           147.64%
      0     0       71.8947    21       40.3808       71.8947      174   78.04%
      0     0       40.6710    56       40.3808      Cuts: 73      243    0.72%
      0     0       40.4331    52       40.3808      Cuts: 21      267    0.13%
      0     0       40.4308    50       40.3808       Cuts: 8      278    0.12%
      0     0       40.4307    50       40.3808    MIRcuts: 3      280    0.12%
      0     2       40.4307    50       40.3808       40.4289      280    0.12%
Elapsed time = 0.04 sec. (21.23 ticks, tree = 0.01 MB, solutions = 1)

Performing restart 1

Repeating presolve.
Tried aggregator 1 time.
MIP Presolve eliminated 32 rows and 20 columns.
MIP Presolve modified 3 coefficients.
Reduced MIP has 209 rows, 335 columns, and 564 nonzeros.
Reduced MIP has 84 binaries, 51 generals, 0 SOSs, and 0 indicators.
Presolve time = 0.00 sec. (0.26 ticks)
Tried aggregator 1 time.
Reduced MIP has 209 rows, 335 columns, and 564 nonzeros.
Reduced MIP has 84 binaries, 51 generals, 0 SOSs, and 0 indicators.
Presolve time = 0.00 sec. (0.24 ticks)
Represolve time = 0.00 sec. (0.82 ticks)
    475     0       40.3889    33       40.3808      Cuts: 24     2284    0.02%
    475     0       40.3860    21       40.3808      Fract: 1     2287    0.01%
    475     0       40.3859    19       40.3808       Cuts: 2     2289    0.01%
    475     0       40.3851    21       40.3808 UserPurge2: 1     2291    0.01%
    475     0       40.3844    23       40.3808       Cuts: 2     2297    0.01%
*   475+    0                           40.3818       40.3844             0.01%

Flow cuts applied:  11
Mixed integer rounding cuts applied:  14
Lift and project cuts applied:  4
Gomory fractional cuts applied:  18
User cuts applied:  61

Root node processing (before b&c):
  Real time             =    0.04 sec. (21.23 ticks)
Sequential b&c:
  Real time             =    0.45 sec. (146.07 ticks)
                          ------------
Total (root+branch&cut) =    0.49 sec. (167.30 ticks)
|V|                                     100
K                                       33
theta                                   0.20
r                                       2
R                                       20
prob_func                               facility_mixture
mixture_low_share                       0.900000
mixture_low_interval                    [0.001000, 0.010000]
mixture_high_interval                   [0.100000, 0.500000]
mixture_seed                            1
#C1                                     110
#CP                                     134

@Parameters: 
am_callback_heuristic                   false
am_local_search                         true
am_start_heuristic                      false
colocation                              true
comp                                    false
cutC                                    true
cutC_init                               false
cutF                                    false
cutF_init                               false
cutF_stable                             false
cutF_wrong                              false
cutLocal                                false
cutM                                    true
cutM_init                               true
cutM_stable                             false
cutP                                    true
cutP_init                               false
cutP_stable                             false
init                                    true
init_cutF_zero                          false
init_val_greedy                         true
is_Euclidean                            false
is_local_search                         false
is_right_cutP                           true
is_root                                 false
is_silent                               false
is_start                                false
mycut                                   false
pmed                                    false
pre                                     true
stable_root                             false
str                                     true
two_phase                               false
ubstr                                   false
mode                                    Int

am_callback_node_space                  50
init                                    0
mixture_seed                            1
node_space                              5
nodelimit                               -1
nsepa                                   1
strF                                    0
type_delta                              0

EPS                                     0.001000
EPS_FRAC                                0.00
gap                                     0.00
mixture_high_max                        0.50
mixture_high_min                        0.10
mixture_low_max                         0.01
mixture_low_min                         0.00
mixture_low_share                       0.90
timelimit                               3600.00

Number of Closed Sites: 3 / 99 
Number of Confined Sites-1: 39 / 1248 
Number of Confined Sites-k: 58 / 1486 
Preprocess Time: 0.02 + 0.00 sec

Solve Time: 0.49
Number of Nodes: 485
Termination Status: OPTIMAL

CutInfo: [phase] num / time (sec) / aver. num_nonzero
max              [LP]     0 / 0.00 / 0.00 [init]    62 / 0.00 / 1.05 [rLC]    58 / 0.00 / 2.55 [rUC]    24 / 0.00 / 1.38 [sLC]    10 / 0.00 / 1.40 [sUC]    11 / 0.03 / 2.27 
prod_oa          [LP]     0 / 0.00 / 0.00 [init]    62 / 0.00 / 2.02 [rLC]    44 / 0.00 / 2.91 [rUC]     0 / 0.00 / 0.00 [sLC]    10 / 0.00 / 3.20 [sUC]     3 / 0.03 / 3.33 
prod_sm_fixed    [LP]     0 / 0.00 / 0.00 [init]     0 / 0.00 / 0.00 [rLC]     0 / 0.00 / 0.00 [rUC]     0 / 0.00 / 0.00 [sLC]     0 / 0.00 / 0.00 [sUC]     0 / 0.00 / 0.00 
prod_bin         [LP]     0 / 0.00 / 0.00 [init]     0 / 0.00 / 0.00 [rLC]     0 / 0.00 / 0.00 [rUC]     0 / 0.00 / 0.00 [sLC]     0 / 0.00 / 0.00 [sUC]     0 / 0.00 / 0.00 
prod_local       [LP]     0 / 0.00 / 0.00 [init]     0 / 0.00 / 0.00 [rLC]     0 / 0.00 / 0.00 [rUC]     0 / 0.00 / 0.00 [sLC]     0 / 0.00 / 0.00 [sUC]     0 / 0.00 / 0.00 
prod_sm_C        [LP]     0 / 0.00 / 0.00 [init]     0 / 0.00 / 0.00 [rLC]     0 / 0.00 / 0.00 [rUC]     0 / 0.00 / 0.00 [sLC]     0 / 0.00 / 0.00 [sUC]     0 / 0.00 / 0.00 
facet            [LP]     0 / 0.00 / 0.00 [init]     0 / 0.00 / 0.00 [rLC]     0 / 0.00 / 0.00 [rUC]     0 / 0.00 / 0.00 [sLC]     0 / 0.00 / 0.00 [sUC]     0 / 0.00 / 0.00 
Separation Round:   [LP] 0  [init] 1  [rLC] 2  [rUC] 6  [sLC] 2  [sUC] 958  
Root Best Bound 40.428159
Root Best Integer: 40.380755
Best Bound: 40.383844
Best Integer: 40.381796
1: 2, 5, 18, 19, 20, 21, 22, 25, 29, 31, 33, 41, 50, 51, 52, 54, 55, 60, 66, 69, 71, 74, 75, 77, 81, 83, 85, 88, 91, 94, 97, 99, 100
Objective Value (calc): 40.381758
sum_etaM = 40.204090 / 40.204090
sum_etaP = 40.426223 / 40.426175
nL: 33
nCL: 0
mCL: 1
