Version identifier: 20.1.0.0 | 2020-11-10 | 9bedb6d68
CPXPARAM_Threads                                 1
CPXPARAM_TimeLimit                               3600
CPXPARAM_MIP_Tolerances_MIPGap                   0
Generic callback                                 0x60
1 of 1 MIP starts provided solutions.
MIP start 'm1' defined initial solution with objective 116.6519.
Tried aggregator 1 time.
Reduced MIP has 1 rows, 600 columns, and 300 nonzeros.
Reduced MIP has 300 binaries, 0 generals, 0 SOSs, and 0 indicators.
Presolve time = 0.00 sec. (0.14 ticks)
Probing time = 0.00 sec. (0.03 ticks)
Tried aggregator 1 time.
Reduced MIP has 1 rows, 600 columns, and 300 nonzeros.
Reduced MIP has 300 binaries, 0 generals, 0 SOSs, and 0 indicators.
Presolve time = 0.00 sec. (0.14 ticks)
Probing time = 0.00 sec. (0.03 ticks)
MIP emphasis: balance optimality and feasibility.
MIP search method: dynamic search.
Parallel mode: none, using 1 thread.
Root relaxation solution time = 0.00 sec. (0.08 ticks)

        Nodes                                         Cuts/
   Node  Left     Objective  IInf  Best Integer    Best Bound    ItCnt     Gap

*     0+    0                          116.6519      300.0000           157.18%
      0     0      154.2815    35      116.6519      300.0000        0  157.18%
      0     0      117.0355    11      116.6519 UserPurge2: 73       77    0.33%
      0     0      116.6792     5      116.6519      Cuts: 30       98    0.02%

Repeating presolve.
Tried aggregator 1 time.
MIP Presolve eliminated 0 rows and 189 columns.
Reduced MIP has 1 rows, 411 columns, and 111 nonzeros.
Reduced MIP has 111 binaries, 0 generals, 0 SOSs, and 0 indicators.
Presolve time = 0.00 sec. (0.11 ticks)
Probing time = 0.00 sec. (0.01 ticks)
Tried aggregator 1 time.
Reduced MIP has 1 rows, 411 columns, and 111 nonzeros.
Reduced MIP has 111 binaries, 0 generals, 0 SOSs, and 0 indicators.
Presolve time = 0.00 sec. (0.08 ticks)
Represolve time = 0.00 sec. (0.80 ticks)
Probing time = 0.00 sec. (0.01 ticks)
MIP emphasis: balance optimality and feasibility.
MIP search method: dynamic search.
Parallel mode: none, using 1 thread.
Root relaxation solution time = 0.00 sec. (1.29 ticks)

        Nodes                                         Cuts/
   Node  Left     Objective  IInf  Best Integer    Best Bound    ItCnt     Gap

*     0+    0                          116.6519      116.6792             0.02%
      0     0      116.6792     5      116.6519      116.6792      311    0.02%
      0     0        cutoff            116.6519                    314     --- 
Elapsed time = 2.28 sec. (20.65 ticks, tree = 0.01 MB, solutions = 1)

User cuts applied:  374

Root node processing (before b&c):
  Real time             =    2.28 sec. (20.67 ticks)
Sequential b&c:
  Real time             =    0.00 sec. (0.00 ticks)
                          ------------
Total (root+branch&cut) =    2.28 sec. (20.67 ticks)
Version identifier: 20.1.0.0 | 2020-11-10 | 9bedb6d68
CPXPARAM_Threads                                 1
CPXPARAM_TimeLimit                               3597.721431016922
CPXPARAM_MIP_Tolerances_MIPGap                   0
Generic callback                                 0x60
1 of 1 MIP starts provided solutions.
MIP start 'm1' defined initial solution with objective 116.6519.
Tried aggregator 1 time.
Reduced MIP has 244 rows, 600 columns, and 1025 nonzeros.
Reduced MIP has 300 binaries, 0 generals, 0 SOSs, and 0 indicators.
Presolve time = 0.00 sec. (0.42 ticks)
Probing time = 0.00 sec. (0.07 ticks)
Tried aggregator 1 time.
Reduced MIP has 244 rows, 600 columns, and 1025 nonzeros.
Reduced MIP has 300 binaries, 0 generals, 0 SOSs, and 0 indicators.
Presolve time = 0.00 sec. (0.42 ticks)
Probing time = 0.00 sec. (0.07 ticks)
MIP emphasis: balance optimality and feasibility.
MIP search method: dynamic search.
Parallel mode: none, using 1 thread.
Root relaxation solution time = 0.00 sec. (0.97 ticks)

        Nodes                                         Cuts/
   Node  Left     Objective  IInf  Best Integer    Best Bound    ItCnt     Gap

*     0+    0                          116.6519      300.0000           157.18%
      0     0      158.8366    21      116.6519      158.8366      275   36.16%
      0     0      117.1775     6      116.6519     Cuts: 161      374    0.45%
      0     0        cutoff            116.6519                    381     --- 
Elapsed time = 0.04 sec. (11.86 ticks, tree = 0.01 MB, solutions = 1)

Flow cuts applied:  4
Mixed integer rounding cuts applied:  30
Gomory fractional cuts applied:  5
User cuts applied:  205

Root node processing (before b&c):
  Real time             =    0.04 sec. (11.89 ticks)
Sequential b&c:
  Real time             =    0.00 sec. (0.00 ticks)
                          ------------
Total (root+branch&cut) =    0.04 sec. (11.89 ticks)
|V|                                     300
K                                       30
theta                                   1.00
r                                       2
R                                       20
prob_func                               facility_mixture
mixture_low_share                       0.100000
mixture_low_interval                    [0.001000, 0.010000]
mixture_high_interval                   [0.100000, 0.500000]
mixture_seed                            1
#C1                                     374
#CP                                     2130

@Parameters: 
am_callback_heuristic                   false
am_local_search                         true
am_start_heuristic                      false
colocation                              true
comp                                    false
cutC                                    true
cutC_init                               false
cutF                                    true
cutF_init                               false
cutF_stable                             false
cutF_wrong                              false
cutLocal                                false
cutM                                    true
cutM_init                               true
cutM_stable                             false
cutP                                    true
cutP_init                               false
cutP_stable                             false
init                                    true
init_cutF_zero                          false
init_val_greedy                         true
is_Euclidean                            false
is_local_search                         true
is_right_cutP                           true
is_root                                 false
is_silent                               false
is_start                                false
mycut                                   false
pmed                                    true
pre                                     true
stable_root                             false
str                                     true
two_phase                               false
ubstr                                   false
mode                                    Int

am_callback_node_space                  50
init                                    0
mixture_seed                            1
node_space                              5
nodelimit                               -1
nsepa                                   1
strF                                    0
type_delta                              0

EPS                                     0.001000
EPS_FRAC                                0.00
gap                                     0.00
mixture_high_max                        0.50
mixture_high_min                        0.10
mixture_low_max                         0.01
mixture_low_min                         0.00
mixture_low_share                       0.10
timelimit                               3600.00

Number of Closed Sites: 19 / 570 
Number of Confined Sites-1: 35 / 1015 
Number of Confined Sites-k: 246 / 2619 
Preprocess Time: 1.00 + 0.00 sec

Solve Time: 2.28
Number of Nodes: 0
Termination Status: OPTIMAL

CutInfo: [phase] num / time (sec) / aver. num_nonzero
max              [LP]     0 / 0.00 / 0.00 [init]     0 / 0.00 / 0.00 [rLC]   741 / 0.84 / 6.66 [rUC]   110 / 0.00 / 3.99 [sLC]     0 / 0.00 / 0.00 [sUC]     0 / 0.00 / 0.00 
prod_oa          [LP]     0 / 0.00 / 0.00 [init]     0 / 0.00 / 0.00 [rLC]     0 / 0.00 / 0.00 [rUC]     0 / 0.00 / 0.00 [sLC]     0 / 0.00 / 0.00 [sUC]     0 / 0.00 / 0.00 
prod_sm_fixed    [LP]     0 / 0.00 / 0.00 [init]     0 / 0.00 / 0.00 [rLC]     0 / 0.00 / 0.00 [rUC]     0 / 0.00 / 0.00 [sLC]     0 / 0.00 / 0.00 [sUC]     0 / 0.00 / 0.00 
prod_bin         [LP]     0 / 0.00 / 0.00 [init]     0 / 0.00 / 0.00 [rLC]     0 / 0.00 / 0.00 [rUC]     0 / 0.00 / 0.00 [sLC]     0 / 0.00 / 0.00 [sUC]     0 / 0.00 / 0.00 
prod_local       [LP]     0 / 0.00 / 0.00 [init]     0 / 0.00 / 0.00 [rLC]     0 / 0.00 / 0.00 [rUC]     0 / 0.00 / 0.00 [sLC]     0 / 0.00 / 0.00 [sUC]     0 / 0.00 / 0.00 
prod_sm_C        [LP]     0 / 0.00 / 0.00 [init]     0 / 0.00 / 0.00 [rLC]     0 / 0.00 / 0.00 [rUC]     0 / 0.00 / 0.00 [sLC]     0 / 0.00 / 0.00 [sUC]     0 / 0.00 / 0.00 
facet            [LP]     0 / 0.00 / 0.00 [init]     0 / 0.00 / 0.00 [rLC]     0 / 0.00 / 0.00 [rUC]     0 / 0.00 / 0.00 [sLC]     0 / 0.00 / 0.00 [sUC]     0 / 0.00 / 0.00 
Separation Round:   [LP] 0  [init] 0  [rLC] 6  [rUC] 3  [sLC] 0  [sUC] 0  
Root Best Bound 116.679206
Root Best Integer: 116.651924
Best Bound: 116.679206
Best Integer: 116.651924
1: 2, 17, 27, 62, 63, 77, 80, 84, 88, 93, 100, 104, 119, 124, 126, 132, 143, 179, 211, 214, 216, 230, 253, 256, 261, 277, 279, 282, 293, 295
Objective Value (calc): 116.651924
sum_etaM = 116.651924 / 116.651924
sum_etaP = 0.000000 / 130.494669
nL: 30
nCL: 0
mCL: 1
Number of Closed Sites: 19 / 570 
Number of Confined Sites-1: 35 / 1015 
Number of Confined Sites-k: 246 / 2619 
Preprocess Time: 0.79 + 0.00 sec

Solve Time: 0.04
Number of Nodes: 0
Termination Status: OPTIMAL

CutInfo: [phase] num / time (sec) / aver. num_nonzero
max              [LP]     0 / 0.00 / 0.00 [init]   243 / 0.00 / 1.98 [rLC]   172 / 0.01 / 6.45 [rUC]   126 / 0.00 / 4.26 [sLC]     0 / 0.00 / 0.00 [sUC]     0 / 0.00 / 0.00 
prod_oa          [LP]     0 / 0.00 / 0.00 [init]     0 / 0.00 / 0.00 [rLC]     0 / 0.00 / 0.00 [rUC]     0 / 0.00 / 0.00 [sLC]     0 / 0.00 / 0.00 [sUC]     0 / 0.00 / 0.00 
prod_sm_fixed    [LP]     0 / 0.00 / 0.00 [init]     0 / 0.00 / 0.00 [rLC]     0 / 0.00 / 0.00 [rUC]     0 / 0.00 / 0.00 [sLC]     0 / 0.00 / 0.00 [sUC]     0 / 0.00 / 0.00 
prod_bin         [LP]     0 / 0.00 / 0.00 [init]     0 / 0.00 / 0.00 [rLC]     0 / 0.00 / 0.00 [rUC]     0 / 0.00 / 0.00 [sLC]     0 / 0.00 / 0.00 [sUC]     0 / 0.00 / 0.00 
prod_local       [LP]     0 / 0.00 / 0.00 [init]     0 / 0.00 / 0.00 [rLC]     0 / 0.00 / 0.00 [rUC]     0 / 0.00 / 0.00 [sLC]     0 / 0.00 / 0.00 [sUC]     0 / 0.00 / 0.00 
prod_sm_C        [LP]     0 / 0.00 / 0.00 [init]     0 / 0.00 / 0.00 [rLC]     0 / 0.00 / 0.00 [rUC]     0 / 0.00 / 0.00 [sLC]     0 / 0.00 / 0.00 [sUC]     0 / 0.00 / 0.00 
facet            [LP]     0 / 0.00 / 0.00 [init]     0 / 0.00 / 0.00 [rLC]     0 / 0.00 / 0.00 [rUC]     0 / 0.00 / 0.00 [sLC]     0 / 0.00 / 0.00 [sUC]     0 / 0.00 / 0.00 
Separation Round:   [LP] 0  [init] 1  [rLC] 2  [rUC] 2  [sLC] 0  [sUC] 0  
Root Best Bound 117.177460
Root Best Integer: 116.651924
Best Bound: 117.177460
Best Integer: 116.651924
1: 2, 17, 27, 62, 63, 77, 80, 84, 88, 93, 100, 104, 119, 124, 126, 132, 143, 179, 211, 214, 216, 230, 253, 256, 261, 277, 279, 282, 293, 295
Objective Value (calc): 116.651924
sum_etaM = 116.651924 / 116.651924
sum_etaP = 0.000000 / 130.494669
nL: 30
nCL: 0
mCL: 1
