Version identifier: 20.1.0.0 | 2020-11-10 | 9bedb6d68
CPXPARAM_Threads                                 1
CPXPARAM_TimeLimit                               3600
CPXPARAM_MIP_Tolerances_MIPGap                   0
Generic callback                                 0x60
1 of 1 MIP starts provided solutions.
MIP start 'm1' defined initial solution with objective 469.6090.
Tried aggregator 2 times.
MIP Presolve eliminated 12 rows and 6 columns.
MIP Presolve modified 424 coefficients.
Aggregator did 6 substitutions.
Reduced MIP has 2117 rows, 2388 columns, and 19631 nonzeros.
Reduced MIP has 597 binaries, 591 generals, 0 SOSs, and 0 indicators.
Presolve time = 0.01 sec. (6.55 ticks)
Probing time = 0.00 sec. (1.01 ticks)
Tried aggregator 1 time.
Reduced MIP has 2117 rows, 2388 columns, and 19631 nonzeros.
Reduced MIP has 597 binaries, 591 generals, 0 SOSs, and 0 indicators.
Presolve time = 0.00 sec. (3.79 ticks)
Probing time = 0.00 sec. (1.01 ticks)
MIP emphasis: balance optimality and feasibility.
MIP search method: dynamic search.
Parallel mode: none, using 1 thread.
Root relaxation solution time = 0.03 sec. (29.51 ticks)

        Nodes                                         Cuts/
   Node  Left     Objective  IInf  Best Integer    Best Bound    ItCnt     Gap

*     0+    0                          469.6090      600.0000            27.77%
      0     0      487.3765    55      469.6090      487.3765     1692    3.78%
      0     0      473.8207   239      469.6090     Cuts: 460     2200    0.90%
      0     0      473.1866   284      469.6090     Cuts: 218     2463    0.76%
      0     0      472.9030   262      469.6090     Cuts: 156     2664    0.70%
      0     0      472.7689   258      469.6090     Cuts: 107     2820    0.67%
      0     0      472.6491   257      469.6090      Cuts: 70     2942    0.65%
      0     0      472.5731   254      469.6090      Cuts: 76     3043    0.63%
      0     0      472.5300   225      469.6090     Cuts: 167     3183    0.62%
      0     0      472.4889   268      469.6090      Cuts: 46     3273    0.61%
      0     0      472.4651   273      469.6090      Cuts: 68     3378    0.61%
      0     0      472.4466   219      469.6090      Cuts: 38     3453    0.60%
      0     0      472.4421   244      469.6090      Cuts: 20     3505    0.60%
      0     0      472.4396   225      469.6090 UserPurge2: 16     3535    0.60%
      0     0      472.4378   221      469.6090 UserPurge2: 5     3549    0.60%
      0     0      472.4357   233      469.6090 UserPurge2: 7     3561    0.60%
      0     0      472.4354   249      469.6090 UserPurge2: 4     3577    0.60%
      0     0      472.4353   240      469.6090 UserPurge2: 6     3586    0.60%
      0     2      472.4353   240      469.6090      472.4343     3586    0.60%
Elapsed time = 2.03 sec. (1704.97 ticks, tree = 0.01 MB, solutions = 1)
      8    10      472.0334   265      469.6090      472.3840     5021    0.59%
     15    17      471.6917   254      469.6090      472.3840     6105    0.59%
     21    23      471.4312   245      469.6090      472.3840     7093    0.59%
     30    32      471.0681   206      469.6090      472.3840     8141    0.59%
     40    42      470.7925   176      469.6090      472.3840     9340    0.59%
     53    55      470.5576   169      469.6090      472.3840    10090    0.59%
     70    72      469.7545   172      469.6090      472.3840    11409    0.59%
     80    74      472.1992   293      469.6090      472.3827    12473    0.59%
     85    79      472.0013   291      469.6090      472.3827    13717    0.59%
*   100+   92                          469.6280      472.3827             0.59%
    100    94      471.6596   263      469.6280      472.3827    17058    0.59%
Elapsed time = 6.79 sec. (5498.38 ticks, tree = 0.83 MB, solutions = 2)
    120   114      471.0617   240      469.6280      472.3827    20993    0.59%
    146   136      471.8498   285      469.6280      472.2696    25379    0.56%
    165   155      470.8825   234      469.6280      472.2696    28399    0.56%
    204   189      471.2658   293      469.6280      472.2692    31808    0.56%
    240   225      469.7505   180      469.6280      472.2692    35387    0.56%
    260   242      470.7653   279      469.6280      472.2133    38926    0.55%
    307   279      472.0251   305      469.6280      472.1152    42795    0.53%
*   320+  256                          470.0942      472.1152             0.43%
    320   258      471.4090   267      470.0942      472.1152    45807    0.43%
    342   280      470.9921   204      470.0942      472.1152    48629    0.43%
    373   304      471.5558   287      470.0942      472.0489    52481    0.42%
Elapsed time = 19.38 sec. (15514.61 ticks, tree = 2.86 MB, solutions = 3)
    390   321      470.7921   261      470.0942      472.0489    55196    0.42%
    420   347      471.3091   285      470.0942      472.0435    58052    0.41%
    451   378      470.4935   217      470.0942      472.0435    61206    0.41%
    477   400      470.8022   275      470.0942      472.0309    65707    0.41%

Performing restart 1

Repeating presolve.
Tried aggregator 1 time.
MIP Presolve modified 462 coefficients.
Reduced MIP has 2117 rows, 2388 columns, and 19631 nonzeros.
Reduced MIP has 597 binaries, 591 generals, 0 SOSs, and 0 indicators.
Presolve time = 0.00 sec. (3.93 ticks)
Tried aggregator 1 time.
Reduced MIP has 2117 rows, 2388 columns, and 19631 nonzeros.
Reduced MIP has 597 binaries, 591 generals, 0 SOSs, and 0 indicators.
Presolve time = 0.00 sec. (3.87 ticks)
Represolve time = 0.03 sec. (23.51 ticks)
    509     0      471.7055   218      470.0942     Cuts: 125    72389    0.34%
    509     0      471.6213   197      470.0942      Cuts: 51    72582    0.32%
    509     0      471.6015   217      470.0942      Cuts: 25    72691    0.32%
    509     0      471.5859   199      470.0942     Cuts: 101    72802    0.32%
    509     0      471.5618   228      470.0942      Cuts: 20    72926    0.31%
    509     0      471.5521   224      470.0942      Cuts: 26    73023    0.31%
    509     0      471.5377   192      470.0942      Cuts: 48    73120    0.31%
    509     0      471.5323   199      470.0942      Cuts: 15    73178    0.31%
    509     0      471.5164   198      470.0942      Cuts: 14    73258    0.30%
    509     0      471.5097   232      470.0942      Cuts: 14    73326    0.30%
    509     0      471.4926   211      470.0942      Cuts: 30    73412    0.30%
    509     0      471.4755   225      470.0942      Cuts: 21    73498    0.29%
    509     0      471.4621   208      470.0942      Cuts: 25    73581    0.29%
    509     0      471.4550   201      470.0942      Cuts: 20    73644    0.29%
    509     0      471.4507   194      470.0942      Cuts: 15    73679    0.29%
    509     0      471.4468   191      470.0942      Cuts: 11    73729    0.29%
    509     0      471.4425   206      470.0942      Cuts: 49    73779    0.29%
    509     2      471.4330   231      470.0942      471.4322    73779    0.28%
    510     3      471.3681   232      470.0942      471.4317    74015    0.28%
    512     5      471.3511   226      470.0942      471.3679    74430    0.27%
    514     7      471.3288   222      470.0942      471.3477    74835    0.27%
    516     9      471.3021   223      470.0942      471.3286    75269    0.26%
    518    11      471.2772   231      470.0942      471.3130    75847    0.26%
Elapsed time = 38.28 sec. (36053.63 ticks, tree = 0.07 MB, solutions = 3)
    519    12      471.2745   225      470.0942      471.3130    75916    0.26%
    521    14      471.1501   221      470.0942      471.3130    76368    0.26%
    524    17      471.2283   220      470.0942      471.3130    76909    0.26%
    526    19      471.1988   220      470.0942      471.3130    78292    0.26%
    528    21      471.1969   210      470.0942      471.3130    79082    0.26%
    530    23      471.1470   209      470.0942      471.3130    80349    0.26%
    534    27      471.1362   200      470.0942      471.3130    81666    0.26%
    537    30      471.0205   198      470.0942      471.3130    82719    0.26%
    543    36      470.7677   160      470.0942      471.3130    83955    0.26%
    549    42      471.0422   168      470.0942      471.3130    84516    0.26%
Elapsed time = 47.83 sec. (47935.35 ticks, tree = 0.25 MB, solutions = 3)
    557    48      470.3006   155      470.0942      471.3130    85740    0.26%
    588    66      470.0976   113      470.0942      471.3130    88552    0.26%
    597    72      471.0885   220      470.0942      471.3130    90417    0.26%
    603    77      470.3081   217      470.0942      471.3130    92163    0.26%
    623    92      470.9455   206      470.0942      471.3003    95691    0.26%
    634   102      470.4813   190      470.0942      471.3003    98059    0.26%
    676   125      471.1224   220      470.0942      471.2730   100829    0.25%
    700   146        cutoff            470.0942      471.2730   103767    0.25%
    737   169      470.4197   171      470.0942      471.2635   107187    0.25%
    769   191      470.9425   247      470.0942      471.2626   110209    0.25%
Elapsed time = 56.90 sec. (58101.76 ticks, tree = 0.56 MB, solutions = 3)
    787   204      470.9015   204      470.0942      471.2528   113754    0.25%
    817   229      470.5713   171      470.0942      471.2528   115915    0.25%
    880   274      471.0711   232      470.0942      471.2518   119089    0.25%
    905   298      470.8625   194      470.0942      471.2518   121620    0.25%
*   909+  246                          470.2257      471.2518             0.22%
    925   264      470.8128   122      470.2257      471.2518   122771    0.22%
    949   282      471.0065   226      470.2257      471.2303   125164    0.21%
    979   308      470.6487   170      470.2257      471.2303   128026    0.21%
   1012   334      471.1302   237      470.2257      471.2301   130914    0.21%
   1039   356      470.2501   165      470.2257      471.2301   133530    0.21%
   1059   369      470.9361   238      470.2257      471.2211   136096    0.21%
Elapsed time = 66.04 sec. (68520.58 ticks, tree = 0.79 MB, solutions = 4)
   1089   382      471.0674   212      470.2257      471.2211   138327    0.21%
   1129   411      471.1071   215      470.2257      471.2196   141866    0.21%
   1169   440      471.0754   245      470.2257      471.2189   145354    0.21%
   1201   467      470.2487   157      470.2257      471.2189   147946    0.21%
   1238   490      471.0815   247      470.2257      471.2123   151123    0.21%
   1251   502      470.6062   228      470.2257      471.2123   153397    0.21%
   1269   520      471.0568   212      470.2257      471.2123   156552    0.21%
   1305   549      470.3926   150      470.2257      471.2123   160898    0.21%
   1349   579      470.4725   193      470.2257      471.1985   164563    0.21%
   1389   606      470.9757   196      470.2257      471.1875   167617    0.20%
Elapsed time = 74.96 sec. (79334.28 ticks, tree = 1.19 MB, solutions = 4)
   1428   639      470.5735   171      470.2257      471.1856   171655    0.20%
   1455   666      470.4578   116      470.2257      471.1856   173285    0.20%
   1492   690      471.0735   245      470.2257      471.1776   175568    0.20%
   1543   741      470.4233   125      470.2257      471.1776   179544    0.20%
   1578   769      470.3990   193      470.2257      471.1630   183304    0.20%
   1604   783      470.6319   225      470.2257      471.1555   187197    0.20%
   1670   832      470.4287   139      470.2257      471.1497   190939    0.20%
   1712   862      470.6507   227      470.2257      471.1492   193767    0.20%
   1754   895      470.9916   236      470.2257      471.1492   196818    0.20%
   1797   920      470.3143   205      470.2257      471.1488   200087    0.20%
Elapsed time = 83.61 sec. (89225.47 ticks, tree = 1.67 MB, solutions = 4)
   1853   946      470.4682   187      470.2257      471.1469   203999    0.20%
   1899   985      471.0387   172      470.2257      471.1452   206671    0.20%
   1957  1026      470.6437   239      470.2257      471.1447   210469    0.20%
   2005  1061      470.5572   196      470.2257      471.1290   214168    0.19%
   2063  1107      470.3090   187      470.2257      471.1290   217516    0.19%
   2115  1133      470.4972   160      470.2257      471.1287   220915    0.19%
   2166  1172      470.3329   179      470.2257      471.1260   224637    0.19%
   2199  1198      470.6202   189      470.2257      471.1215   226671    0.19%
   2269  1256      471.0308   206      470.2257      471.1195   230478    0.19%
   2322  1299      470.4911   212      470.2257      471.1148   234697    0.19%
Elapsed time = 92.58 sec. (99137.02 ticks, tree = 2.34 MB, solutions = 4)
   2409  1350      470.3789   128      470.2257      471.1148   238703    0.19%
   2466  1397      470.4234   136      470.2257      471.1142   242913    0.19%
   2509  1433      470.4586   157      470.2257      471.1129   246015    0.19%
   2567  1480      470.5500   145      470.2257      471.1118   249774    0.19%
   2612  1515      470.2492   198      470.2257      471.1100   253704    0.19%
   2661  1548      470.3202   103      470.2257      471.1100   258121    0.19%
   2716  1589      470.5520   116      470.2257      471.1093   261667    0.19%
   2773  1636      470.4392   150      470.2257      471.1071   265565    0.19%
   2838  1692      470.4296   123      470.2257      471.1067   269956    0.19%
   3063  1858      470.9291   131      470.2257      471.1031   285869    0.19%
Elapsed time = 104.28 sec. (111754.41 ticks, tree = 3.39 MB, solutions = 4)
   3338  2054      470.4071   103      470.2257      471.1009   301740    0.19%
   3598  2245      470.5128   155      470.2257      471.0978   317742    0.19%
   3829  2402      470.3499   199      470.2257      471.0949   333022    0.18%
   4065  2544      470.2947   151      470.2257      471.0901   348000    0.18%
   4267  2663      470.5510   149      470.2257      471.0864   363251    0.18%
   4472  2799      470.2690   191      470.2257      471.0799   379865    0.18%
   4710  2941      470.2693   126      470.2257      471.0766   394123    0.18%
   4905  3086      470.6284   161      470.2257      471.0745   410517    0.18%
   5094  3214      470.5570   190      470.2257      471.0731   427058    0.18%
   5360  3421      470.4471   105      470.2257      471.0712   443787    0.18%
Elapsed time = 139.78 sec. (150009.23 ticks, tree = 6.41 MB, solutions = 4)
   5605  3609      470.4222   192      470.2257      471.0675   460542    0.18%
   5809  3760      470.7297   212      470.2257      471.0655   474582    0.18%
   6061  3944      470.8379   185      470.2257      471.0613   486622    0.18%
   6340  4138      470.4329   183      470.2257      471.0581   497429    0.18%
   6619  4342      470.7566   193      470.2257      471.0560   509240    0.18%
   6898  4489      470.4035   205      470.2257      471.0530   520437    0.18%
   7149  4631      470.6708   167      470.2257      471.0506   531337    0.18%
   7410  4822      470.6167   147      470.2257      471.0487   543354    0.18%
   7689  5011      470.2647   154      470.2257      471.0463   555527    0.17%
   7952  5166      470.9591   225      470.2257      471.0389   567189    0.17%
Elapsed time = 179.27 sec. (188264.96 ticks, tree = 30.13 MB, solutions = 4)
   8220  5315      470.3839   122      470.2257      471.0352   578761    0.17%
   8553  5524      470.5124   115      470.2257      471.0324   589987    0.17%
   8800  5663      470.5430   195      470.2257      471.0308   601158    0.17%
   9050  5801      470.4621   209      470.2257      471.0290   611850    0.17%
   9312  5933      470.3271    99      470.2257      471.0279   621870    0.17%
   9549  6080      470.2297   130      470.2257      471.0249   633959    0.17%
   9767  6213      470.3101   122      470.2257      471.0242   644044    0.17%
  10049  6377      470.5192   116      470.2257      471.0234   655195    0.17%
  10325  6557        cutoff            470.2257      471.0204   666460    0.17%
  10613  6717      470.6210   145      470.2257      471.0183   677351    0.17%
Elapsed time = 219.48 sec. (226486.42 ticks, tree = 53.33 MB, solutions = 4)
  10690  6757      470.9946   227      470.2257      471.0163   681182    0.17%
  10691  6758      470.7706   160      470.2257      471.0161   681403    0.17%
  10889  6853      470.4341   122      470.2257      471.0140   693274    0.17%
* 11149+ 6848                          470.2361      471.0117             0.16%
* 11159+ 5980                          470.2883      471.0116             0.15%
  11159  5982      470.8929   192      470.2883      471.0116   704441    0.15%
  11353  6098      470.4969   221      470.2883      471.0101   710795    0.15%
  11568  6207      470.2898   135      470.2883      471.0090   719039    0.15%
  11776  6297        cutoff            470.2883      471.0060   729047    0.15%
  12036  6450      470.3074   203      470.2883      471.0027   739615    0.15%
  12270  6572      470.9844   203      470.2883      470.9999   750642    0.15%
  12495  6687      470.3043   217      470.2883      470.9995   760488    0.15%
Elapsed time = 262.60 sec. (268383.88 ticks, tree = 60.90 MB, solutions = 6)
  12743  6813      470.6021   168      470.2883      470.9966   770866    0.15%
  13075  7001      470.6215   202      470.2883      470.9937   781637    0.15%
  13347  7169      470.4393    87      470.2883      470.9923   791381    0.15%
  13629  7298      470.6711   132      470.2883      470.9898   801331    0.15%
  13909  7461      470.4839   178      470.2883      470.9885   812666    0.15%
  14156  7583      470.4511   144      470.2883      470.9874   822780    0.15%
  14390  7696      470.6274   122      470.2883      470.9854   833882    0.15%
  14692  7850      470.3796   129      470.2883      470.9849   844736    0.15%
  14929  7967      470.6612   191      470.2883      470.9831   856036    0.15%
  15189  8115      470.5762    86      470.2883      470.9820   867205    0.15%
Elapsed time = 303.11 sec. (306909.74 ticks, tree = 88.21 MB, solutions = 6)
  15475  8274      470.2900   153      470.2883      470.9816   878501    0.15%
  15753  8396      470.3561   102      470.2883      470.9808   888858    0.15%
  15973  8521      470.4094   113      470.2883      470.9802   899186    0.15%
  16235  8636      470.3699   127      470.2883      470.9779   909038    0.15%
  16446  8749      470.3455   148      470.2883      470.9769   920867    0.15%
* 16459+ 8546                          470.2964      470.9769             0.14%
* 16559+ 7562                          470.3326      470.9759             0.14%
  16619  7593      470.8126   170      470.3326      470.9756   928675    0.14%
  16809  7677        cutoff            470.3326      470.9742   937193    0.14%
  17035  7806      470.4604   118      470.3326      470.9724   946021    0.14%
  17230  7919      470.3595   190      470.3326      470.9717   954929    0.14%
  17502  8039      470.4183   191      470.3326      470.9697   964888    0.14%
Elapsed time = 342.48 sec. (345457.22 ticks, tree = 92.94 MB, solutions = 8)
  17752  8165      470.4845   104      470.3326      470.9682   975573    0.14%
  17983  8286      470.6514   181      470.3326      470.9670   985932    0.13%
  18288  8485      470.3441    95      470.3326      470.9662   997816    0.13%
  18514  8620      470.4107    72      470.3326      470.9650  1008395    0.13%
  18719  8717      470.5744   219      470.3326      470.9640  1018796    0.13%
  18931  8800      470.7657   167      470.3326      470.9628  1028609    0.13%
  19197  8907      470.5876   198      470.3326      470.9614  1039919    0.13%
  19488  9054      470.4893   188      470.3326      470.9589  1051971    0.13%
  19771  9192      470.4275    95      470.3326      470.9579  1063618    0.13%
  20118  9362        cutoff            470.3326      470.9563  1075295    0.13%
Elapsed time = 382.80 sec. (383823.65 ticks, tree = 117.98 MB, solutions = 8)
  20368  9512      470.3327   104      470.3326      470.9552  1087022    0.13%
  20605  9622      470.5887   101      470.3326      470.9542  1098948    0.13%
  20881  9773      470.5763   197      470.3326      470.9532  1109755    0.13%
  21125  9887      470.4193   123      470.3326      470.9523  1120023    0.13%
  21378 10008      470.4214    81      470.3326      470.9514  1131063    0.13%
  21607 10114      470.5664   170      470.3326      470.9500  1142672    0.13%
* 21789+ 9393                          470.3572      470.9493             0.13%
  21862  9433      470.3974    61      470.3572      470.9492  1151579    0.13%
  22024  9510      470.4087   194      470.3572      470.9483  1159536    0.13%
  22214  9605      470.5457   121      470.3572      470.9470  1168901    0.13%
* 22249+ 7741                          470.4111      470.9470             0.11%
  22429  7840      470.5330   170      470.4111      470.9464  1176610    0.11%
Elapsed time = 422.09 sec. (422191.91 ticks, tree = 101.79 MB, solutions = 10)
  22652  7966      470.9064   142      470.4111      470.9456  1184362    0.11%
  22875  8075      470.5707   106      470.4111      470.9451  1193125    0.11%
  23084  8162      470.4515   106      470.4111      470.9442  1202187    0.11%
  23288  8270      470.5707    88      470.4111      470.9433  1211773    0.11%
  23522  8378      470.4913   222      470.4111      470.9425  1221987    0.11%
  23799  8511      470.7160   182      470.4111      470.9410  1233280    0.11%
  24043  8642      470.5170   208      470.4111      470.9393  1244052    0.11%
  24323  8787      470.8424   114      470.4111      470.9379  1254851    0.11%
  24579  8922      470.7389   181      470.4111      470.9370  1266302    0.11%
  24841  9058      470.5871   187      470.4111      470.9359  1278413    0.11%
Elapsed time = 461.61 sec. (460540.56 ticks, tree = 125.87 MB, solutions = 10)
  25046  9123        cutoff            470.4111      470.9353  1287620    0.11%
  25293  9253      470.5505   176      470.4111      470.9340  1299767    0.11%
  25570  9390      470.6950   135      470.4111      470.9333  1312141    0.11%
  25799  9500      470.6402   202      470.4111      470.9321  1322994    0.11%
  26048  9615      470.4650    79      470.4111      470.9307  1334329    0.11%
  26293  9732      470.4498   186      470.4111      470.9295  1345789    0.11%
  26569  9860      470.7526   163      470.4111      470.9283  1357644    0.11%
  26851  9991      470.4904    95      470.4111      470.9268  1369147    0.11%
  27109 10102      470.4167   111      470.4111      470.9255  1380078    0.11%
  27355 10227      470.4786   121      470.4111      470.9249  1391603    0.11%
Elapsed time = 501.40 sec. (498859.32 ticks, tree = 142.54 MB, solutions = 10)
  27628 10364      470.5363   191      470.4111      470.9239  1403515    0.11%
  27903 10503      470.5346    96      470.4111      470.9225  1415786    0.11%
  28125 10598        cutoff            470.4111      470.9215  1427656    0.11%
  28370 10698      470.5453   164      470.4111      470.9206  1439969    0.11%
* 28458 10401      integral     0      470.4196      470.9205  1443044    0.11%
  28634 10489      470.6868   129      470.4196      470.9192  1452128    0.11%
  28873 10607      470.5443   190      470.4196      470.9180  1463601    0.11%
  29099 10733      470.5698    99      470.4196      470.9175  1476054    0.11%
  29407 10878      470.9159   171      470.4196      470.9159  1488002    0.11%
  29696 11003        cutoff            470.4196      470.9146  1499849    0.11%
  29995 11131      470.4703   135      470.4196      470.9137  1511135    0.11%
Elapsed time = 541.75 sec. (537273.42 ticks, tree = 154.06 MB, solutions = 11)
  30251 11251      470.4406    54      470.4196      470.9125  1522683    0.10%
  30566 11392      470.5424   180      470.4196      470.9110  1534625    0.10%
  30818 11503      470.5306   150      470.4196      470.9091  1546347    0.10%
  31104 11636      470.4741   175      470.4196      470.9077  1557562    0.10%
  31363 11751      470.4633   169      470.4196      470.9068  1568759    0.10%
  31645 11898      470.4221   135      470.4196      470.9052  1580944    0.10%
  31904 12004      470.5807    91      470.4196      470.9028  1591454    0.10%
  32223 12163      470.6549   113      470.4196      470.9012  1603198    0.10%
  32492 12284      470.6179   115      470.4196      470.9000  1614485    0.10%
  32782 12419      470.4955    57      470.4196      470.8988  1626122    0.10%
Elapsed time = 582.49 sec. (575545.98 ticks, tree = 180.26 MB, solutions = 11)
  33072 12574      470.7628   162      470.4196      470.8976  1637782    0.10%
  33354 12723        cutoff            470.4196      470.8961  1650406    0.10%
  33612 12837      470.4475   145      470.4196      470.8948  1661389    0.10%
  33898 12983      470.5121    77      470.4196      470.8935  1672684    0.10%
  34214 13165      470.6271   137      470.4196      470.8922  1685259    0.10%
  34495 13298        cutoff            470.4196      470.8915  1697573    0.10%
  34769 13439        cutoff            470.4196      470.8904  1711075    0.10%
  34995 13526      470.5704   173      470.4196      470.8893  1722448    0.10%
  35243 13648      470.5481    73      470.4196      470.8877  1733755    0.10%
  35506 13789      470.5762    87      470.4196      470.8864  1745704    0.10%
Elapsed time = 623.03 sec. (613874.49 ticks, tree = 201.62 MB, solutions = 11)
  35780 13897      470.7690   108      470.4196      470.8845  1757689    0.10%
  36038 14030      470.4395   143      470.4196      470.8831  1770758    0.10%
  36283 14140      470.4780   180      470.4196      470.8824  1781779    0.10%
  36563 14262      470.6355   183      470.4196      470.8802  1794233    0.10%
  36837 14374        cutoff            470.4196      470.8786  1806275    0.10%
  37125 14499        cutoff            470.4196      470.8778  1817563    0.10%
  37378 14616      470.4736   124      470.4196      470.8767  1828432    0.10%
  37660 14756      470.4964   126      470.4196      470.8759  1840614    0.10%
  37938 14888      470.4913    70      470.4196      470.8755  1853059    0.10%
  38254 15040      470.8189   142      470.4196      470.8745  1864762    0.10%
Elapsed time = 663.45 sec. (652213.35 ticks, tree = 221.91 MB, solutions = 11)
  38500 15129      470.6433    99      470.4196      470.8737  1875236    0.10%
  38771 15277      470.5175   131      470.4196      470.8729  1887147    0.10%
  39075 15417      470.5123    80      470.4196      470.8719  1898702    0.10%
  39331 15526      470.5177   162      470.4196      470.8704  1910277    0.10%
  39630 15688      470.6365   109      470.4196      470.8699  1922466    0.10%
  39877 15791      470.6601   131      470.4196      470.8690  1934928    0.10%
  40142 15899      470.8676   139      470.4196      470.8678  1946132    0.10%
  40399 16022      470.6636   157      470.4196      470.8661  1958418    0.09%
  40646 16129      470.5193    89      470.4196      470.8649  1970186    0.09%
  40909 16232      470.4684   124      470.4196      470.8643  1981996    0.09%
Elapsed time = 703.45 sec. (690537.70 ticks, tree = 241.33 MB, solutions = 11)
  41200 16368      470.4484    55      470.4196      470.8634  1994578    0.09%

Performing restart 2

Repeating presolve.
Tried aggregator 1 time.
MIP Presolve eliminated 112 rows and 78 columns.
MIP Presolve modified 62 coefficients.
Reduced MIP has 2005 rows, 2310 columns, and 17919 nonzeros.
Reduced MIP has 565 binaries, 545 generals, 0 SOSs, and 0 indicators.
Presolve time = 0.01 sec. (4.73 ticks)
Tried aggregator 1 time.
Reduced MIP has 2005 rows, 2310 columns, and 17919 nonzeros.
Reduced MIP has 565 binaries, 545 generals, 0 SOSs, and 0 indicators.
Presolve time = 0.01 sec. (3.82 ticks)
Represolve time = 0.13 sec. (44.67 ticks)
  41237     0      471.3731   238      470.4196      Cuts: 45  1998801    0.09%
  41237     0      471.3599   236      470.4196      Cuts: 25  1998915    0.09%
  41237     0      471.3516   215      470.4196   MIRcuts: 24  1999004    0.09%
  41237     0      471.3502   211      470.4196    MIRcuts: 6  1999035    0.09%
  41237     0      471.3493   208      470.4196    MIRcuts: 9  1999075    0.09%
  41237     0      471.3489   217      470.4196       Cuts: 8  1999098    0.09%
  41237     0      471.3489   202      470.4196    MIRcuts: 1  1999115    0.09%
  41237     0      471.3487   206      470.4196    MIRcuts: 2  1999125    0.09%
  41237     0      471.3485   205      470.4196    MIRcuts: 3  1999139    0.09%

Repeating presolve.
Tried aggregator 1 time.
MIP Presolve eliminated 194 rows and 136 columns.
MIP Presolve modified 40 coefficients.
Reduced MIP has 1811 rows, 2174 columns, and 15316 nonzeros.
Reduced MIP has 504 binaries, 470 generals, 0 SOSs, and 0 indicators.
Presolve time = 0.01 sec. (4.56 ticks)
Tried aggregator 1 time.
Reduced MIP has 1811 rows, 2174 columns, and 15316 nonzeros.
Reduced MIP has 504 binaries, 470 generals, 0 SOSs, and 0 indicators.
Presolve time = 0.00 sec. (3.42 ticks)
Represolve time = 0.06 sec. (37.64 ticks)
  41237     0      471.3440   205      470.4196      Cuts: 59  2001750    0.09%
  41237     0      471.3436   210      470.4196    MIRcuts: 5  2001766    0.09%
  41237     0      471.3434   203      470.4196      Cuts: 52  2001770    0.09%
  41237     2      471.3424   214      470.4196      470.8633  2001770    0.09%
  41249    14      470.8451   167      470.4196      470.8633  2005125    0.09%
  41275    24      471.2048   219      470.4196      470.8633  2006937    0.09%
  41290    31      471.0657   204      470.4196      470.8633  2008861    0.09%
  41333    59      470.4841   106      470.4196      470.8633  2010050    0.09%
  41417   114      471.1912   187      470.4196      470.8633  2012349    0.09%
  41517   165      471.1206   178      470.4196      470.8633  2016085    0.09%
  41682   261      470.7366   148      470.4196      470.8633  2023031    0.09%
  41877   363      470.7655   150      470.4196      470.8633  2031764    0.09%
Elapsed time = 741.25 sec. (731891.65 ticks, tree = 7.19 MB, solutions = 11)
  42062   469      470.4510   184      470.4196      470.8633  2041135    0.09%
  42285   590      470.4636   114      470.4196      470.8633  2053254    0.09%
  42551   743      470.9739   166      470.4196      470.8633  2066109    0.09%
  42854   936      470.4853   135      470.4196      470.8633  2079600    0.09%
  43164  1103      470.4284    80      470.4196      470.8633  2092379    0.09%
* 43237+ 1153                          470.4273      470.8633             0.09%
  43443  1275      470.5891   169      470.4273      470.8633  2102942    0.09%
  43725  1411      470.4725   145      470.4273      470.8633  2115956    0.09%
  44037  1622      470.6599   118      470.4273      470.8633  2130443    0.09%
  44338  1797      470.8699   133      470.4273      470.8633  2142928    0.09%
  44688  2025      470.4422   116      470.4273      470.8633  2156095    0.09%
Elapsed time = 781.70 sec. (770175.27 ticks, tree = 34.07 MB, solutions = 12)
  44947  2185      470.4608    93      470.4273      470.8633  2167763    0.09%
  45189  2332      470.7031   168      470.4273      470.8633  2179385    0.09%
  45465  2480      470.4557    56      470.4273      470.8633  2192989    0.09%
  45771  2642      470.5649   130      470.4273      470.8633  2209066    0.09%
  46090  2825      470.5500   136      470.4273      470.8633  2224022    0.09%
  46437  3023      470.4798   102      470.4273      470.8633  2237971    0.09%
  46771  3204      470.7549   161      470.4273      470.8633  2253172    0.09%
  47091  3381      470.5663   113      470.4273      470.8633  2266722    0.09%
  47438  3578      470.4882    94      470.4273      470.8633  2281462    0.09%
  47721  3729      470.7086   192      470.4273      470.8633  2294991    0.09%
Elapsed time = 822.67 sec. (808476.10 ticks, tree = 54.67 MB, solutions = 12)
  48078  3957      470.5235   161      470.4273      470.8633  2309199    0.09%
  48400  4127        cutoff            470.4273      470.8633  2323811    0.09%
  48714  4307      470.6408   123      470.4273      470.8633  2337838    0.09%
  49041  4485      470.7154    81      470.4273      470.8633  2353086    0.09%
  49357  4648      470.6127   141      470.4273      470.8633  2367232    0.09%
  49635  4818      470.5587   137      470.4273      470.8633  2380009    0.09%
  49863  4946      470.4863    73      470.4273      470.8633  2392257    0.09%
  50147  5096      470.4302   119      470.4273      470.8633  2404854    0.09%
  50437  5246      470.7498   127      470.4273      470.8633  2419474    0.09%
  50734  5388      470.6194   163      470.4273      470.8633  2433560    0.09%
Elapsed time = 863.20 sec. (846815.32 ticks, tree = 77.01 MB, solutions = 12)
  50999  5525      470.6692   151      470.4273      470.8633  2447968    0.09%
  51264  5665      470.5049   100      470.4273      470.8633  2460288    0.09%
  51489  5786      470.5657   130      470.4273      470.8633  2473107    0.09%
  51787  5925      470.5503   123      470.4273      470.8633  2485752    0.09%
  52118  6095      470.7813   107      470.4273      470.8633  2499899    0.09%
  52447  6245      470.9154   150      470.4273      470.8633  2513495    0.09%
  52793  6416      470.5688   116      470.4273      470.8633  2528440    0.09%
  53040  6532      470.5132   138      470.4273      470.8633  2540848    0.09%
  53268  6624      470.4958   116      470.4273      470.8633  2553558    0.09%
  53500  6678      470.4328   161      470.4273      470.8633  2565735    0.09%
Elapsed time = 903.11 sec. (885104.74 ticks, tree = 93.45 MB, solutions = 12)
  53821  6827      470.7037   118      470.4273      470.8633  2579451    0.09%
  54211  7028      470.6344   104      470.4273      470.8633  2593126    0.09%
  54544  7181      470.7514   144      470.4273      470.8633  2606746    0.09%
  54852  7320      470.6186   163      470.4273      470.8633  2621717    0.09%
  55184  7491      470.6943    71      470.4273      470.8633  2635700    0.09%
  55480  7625        cutoff            470.4273      470.8633  2647222    0.09%
  55777  7783      470.8937   156      470.4273      470.8633  2660042    0.09%
  56071  7911      470.6543   117      470.4273      470.8633  2673299    0.09%
  56446  8118      470.6353    82      470.4273      470.8633  2687342    0.09%
  56799  8308      470.6386   110      470.4273      470.8633  2701846    0.09%
Elapsed time = 943.97 sec. (923525.47 ticks, tree = 121.77 MB, solutions = 12)
  57114  8457        cutoff            470.4273      470.8633  2716275    0.09%
  57397  8583      470.4889   183      470.4273      470.8633  2730342    0.09%
  57647  8681      470.8079   103      470.4273      470.8633  2742604    0.09%
  57925  8801      470.5931   154      470.4273      470.8633  2755153    0.09%
  58223  8920      470.8351    76      470.4273      470.8633  2768729    0.09%
  58578  9082      470.4735    97      470.4273      470.8633  2782193    0.09%
  58862  9191      470.6112   116      470.4273      470.8633  2795789    0.09%
  59175  9344      470.5811    89      470.4273      470.8633  2810241    0.09%
  59448  9472        cutoff            470.4273      470.8633  2825982    0.09%
  59756  9596      470.4702   112      470.4273      470.8633  2841537    0.09%
Elapsed time = 983.36 sec. (962020.51 ticks, tree = 134.64 MB, solutions = 12)
  60059  9712      470.7543   133      470.4273      470.8633  2854377    0.09%
  60335  9839      470.4026    35      470.4273      470.8633  2867229    0.09%
  60597  9974      470.7266   179      470.4273      470.8633  2880996    0.09%
  60902 10137      470.7610   142      470.4273      470.8633  2895630    0.09%
  61227 10253      470.5095   100      470.4273      470.8633  2909782    0.09%
  61543 10412      470.4755    85      470.4273      470.8633  2924460    0.09%
  61860 10579      470.4898    63      470.4273      470.8633  2938831    0.09%
  62142 10699      470.6183   131      470.4273      470.8633  2953638    0.09%
  62388 10812      470.4494   127      470.4273      470.8633  2967599    0.09%
  62678 10945      470.7391   114      470.4273      470.8633  2980818    0.09%
Elapsed time = 1022.98 sec. (1000569.83 ticks, tree = 148.41 MB, solutions = 12)
  62943 11065      470.7254    99      470.4273      470.8633  2993906    0.09%
  63272 11216      470.5587   103      470.4273      470.8633  3007035    0.09%
  63612 11377        cutoff            470.4273      470.8633  3021900    0.09%
  63974 11577      470.4458    81      470.4273      470.8633  3036530    0.09%
  64300 11722      470.4294    98      470.4273      470.8633  3052421    0.09%
  64674 11904      470.4521    85      470.4273      470.8633  3066745    0.09%
  64961 12046      470.5023   174      470.4273      470.8633  3080233    0.09%
  65252 12153      470.7654   112      470.4273      470.8633  3092809    0.09%
  65547 12286      470.4691   111      470.4273      470.8633  3106256    0.09%
  65876 12427      470.4568   133      470.4273      470.8622  3119083    0.09%
Elapsed time = 1063.13 sec. (1038865.17 ticks, tree = 169.06 MB, solutions = 12)
  66198 12560      470.5500    40      470.4273      470.8608  3133436    0.09%
  66558 12738      470.5047   105      470.4273      470.8595  3148260    0.09%
  66858 12875      470.6818   105      470.4273      470.8582  3163192    0.09%
  67191 13028      470.5865   113      470.4273      470.8570  3177940    0.09%
  67483 13158      470.4458   114      470.4273      470.8562  3192655    0.09%
  67739 13237        cutoff            470.4273      470.8551  3204484    0.09%
  68042 13350      470.4350   155      470.4273      470.8533  3216856    0.09%
  68340 13466      470.5820   104      470.4273      470.8516  3231154    0.09%
  68647 13596      470.4842   159      470.4273      470.8503  3244618    0.09%
  68993 13720      470.4324   120      470.4273      470.8494  3258377    0.09%
Elapsed time = 1102.84 sec. (1077218.83 ticks, tree = 185.48 MB, solutions = 12)
  69355 13861      470.5481   102      470.4273      470.8482  3272434    0.09%
  69657 13975      470.4801    63      470.4273      470.8474  3287262    0.09%
  69935 14076      470.4922    78      470.4273      470.8464  3302609    0.09%
  70240 14214      470.7266   101      470.4273      470.8455  3317221    0.09%
  70550 14337      470.4352    80      470.4273      470.8445  3330770    0.09%
  70778 14429      470.4459   106      470.4273      470.8440  3343373    0.09%
  71060 14525        cutoff            470.4273      470.8429  3356718    0.09%
  71329 14653      470.6192   124      470.4273      470.8421  3370395    0.09%
  71639 14771      470.6231    89      470.4273      470.8408  3384674    0.09%
  71981 14924      470.4316    82      470.4273      470.8401  3398935    0.09%
Elapsed time = 1142.12 sec. (1115543.56 ticks, tree = 202.21 MB, solutions = 12)
  72313 15054      470.7741   124      470.4273      470.8392  3413573    0.09%
  72691 15207      470.6061   106      470.4273      470.8380  3428102    0.09%
  73037 15354      470.4900    67      470.4273      470.8370  3443210    0.09%
  73412 15542        cutoff            470.4273      470.8362  3457403    0.09%
  73722 15663      470.4551    81      470.4273      470.8353  3472595    0.09%
  74040 15797      470.7282   103      470.4273      470.8342  3486087    0.09%
  74317 15922      470.6630    82      470.4273      470.8336  3500094    0.09%
  74634 16051        cutoff            470.4273      470.8329  3514373    0.09%
  74937 16181      470.4480    73      470.4273      470.8323  3529146    0.09%
  75276 16339      470.4908   127      470.4273      470.8317  3543388    0.09%
Elapsed time = 1182.34 sec. (1153767.48 ticks, tree = 219.03 MB, solutions = 12)
  75624 16496      470.4845   124      470.4273      470.8310  3557542    0.09%
  75908 16612      470.7499   160      470.4273      470.8304  3572493    0.09%
  76223 16758      470.6448   137      470.4273      470.8297  3587247    0.09%
  76587 16924      470.5683   142      470.4273      470.8291  3602218    0.09%
  76911 17064      470.6732   124      470.4273      470.8286  3616925    0.09%
  77207 17181      470.4566    67      470.4273      470.8279  3630979    0.09%
  77476 17290      470.5714    95      470.4273      470.8274  3643756    0.09%
  77827 17445      470.4667   117      470.4273      470.8272  3658637    0.08%
  78113 17579      470.4605    96      470.4273      470.8264  3671727    0.08%
  78461 17745      470.4640   134      470.4273      470.8257  3685545    0.08%
Elapsed time = 1223.09 sec. (1192256.86 ticks, tree = 238.02 MB, solutions = 12)
  78790 17873      470.8074   164      470.4273      470.8252  3700163    0.08%
  79117 18042      470.7735   127      470.4273      470.8247  3716402    0.08%
  79424 18149      470.6905    92      470.4273      470.8238  3731570    0.08%
  79760 18297      470.4929   154      470.4273      470.8231  3746531    0.08%
  80103 18442        cutoff            470.4273      470.8224  3761100    0.08%
  80401 18590        cutoff            470.4273      470.8220  3776782    0.08%
  80696 18741      470.7168    93      470.4273      470.8215  3789419    0.08%
  81009 18877      470.5005   109      470.4273      470.8207  3804285    0.08%
  81332 19018      470.3198   126      470.4273      470.8203  3817768    0.08%
  81656 19148      470.4906    78      470.4273      470.8197  3831015    0.08%
Elapsed time = 1265.62 sec. (1230638.70 ticks, tree = 253.21 MB, solutions = 12)
  81953 19259      470.7543   139      470.4273      470.8188  3844588    0.08%
  82284 19400      470.5587    67      470.4273      470.8182  3860030    0.08%
  82663 19554      470.5675    69      470.4273      470.8173  3873964    0.08%
  83075 19746      470.5111   143      470.4273      470.8164  3888233    0.08%
  83381 19841      470.6929   135      470.4273      470.8152  3902822    0.08%
  83681 19973      470.4747    57      470.4273      470.8147  3918456    0.08%
  84008 20121      470.5436   112      470.4273      470.8140  3933412    0.08%
  84289 20224      470.4845   132      470.4273      470.8133  3946938    0.08%
  84599 20354      470.6116   158      470.4273      470.8127  3961544    0.08%
  84867 20425      470.7961    70      470.4273      470.8111  3974406    0.08%
Elapsed time = 1305.89 sec. (1268897.04 ticks, tree = 269.17 MB, solutions = 12)
  85165 20547      470.7569   133      470.4273      470.8105  3988290    0.08%
  85482 20681      470.7380   115      470.4273      470.8095  4002912    0.08%
  85768 20796      470.5100    90      470.4273      470.8089  4017112    0.08%
  86087 20939      470.6635   105      470.4273      470.8082  4031278    0.08%
  86393 21078        cutoff            470.4273      470.8077  4046233    0.08%
  86703 21185      470.5099   145      470.4273      470.8071  4060846    0.08%
  86989 21286      470.4324    90      470.4273      470.8063  4075312    0.08%
  87324 21410      470.5632   151      470.4273      470.8056  4089158    0.08%
  87597 21520      470.4407   116      470.4273      470.8048  4102843    0.08%
  87881 21637      470.6047    43      470.4273      470.8043  4115308    0.08%
Elapsed time = 1345.56 sec. (1307208.39 ticks, tree = 283.46 MB, solutions = 12)
  88158 21750      470.4329   126      470.4273      470.8039  4128652    0.08%
  88449 21865      470.4442    53      470.4273      470.8031  4142387    0.08%
  88764 21988      470.5511   134      470.4273      470.8022  4155959    0.08%
  89077 22121      470.5296   118      470.4273      470.8019  4169845    0.08%
  89370 22235      470.5996    67      470.4273      470.8012  4182607    0.08%
  89709 22384      470.7100    89      470.4273      470.8005  4196169    0.08%
  90033 22510      470.5152    92      470.4273      470.8000  4210623    0.08%
  90367 22667      470.4761    99      470.4273      470.7993  4224460    0.08%
  90689 22785      470.5310   107      470.4273      470.7989  4238983    0.08%
  91045 22935      470.4629    80      470.4273      470.7986  4254366    0.08%
Elapsed time = 1385.64 sec. (1345489.19 ticks, tree = 297.15 MB, solutions = 12)
  91378 23062      470.4897   100      470.4273      470.7980  4269461    0.08%
  91664 23179      470.5009    71      470.4273      470.7977  4281992    0.08%
  91948 23263      470.5249   165      470.4273      470.7971  4296245    0.08%
  92228 23380      470.4953   125      470.4273      470.7965  4308554    0.08%
  92488 23475        cutoff            470.4273      470.7960  4321764    0.08%
  92756 23583      470.6184    86      470.4273      470.7956  4335113    0.08%
  93059 23707        cutoff            470.4273      470.7952  4349097    0.08%
  93360 23807      470.4661   104      470.4273      470.7945  4362492    0.08%
  93664 23949      470.5474   111      470.4273      470.7938  4376958    0.08%
  94008 24069      470.5200   127      470.4273      470.7933  4391878    0.08%
Elapsed time = 1425.02 sec. (1383858.87 ticks, tree = 309.72 MB, solutions = 12)
  94234 24145      470.7315    72      470.4273      470.7928  4405986    0.08%
  94544 24268      470.7170   149      470.4273      470.7923  4420224    0.08%
  94875 24416      470.5536   129      470.4273      470.7916  4433969    0.08%
  95226 24546      470.4273   111      470.4273      470.7909  4448930    0.08%
  95502 24647      470.5607   145      470.4273      470.7902  4461903    0.08%
  95838 24803      470.6275    50      470.4273      470.7898  4476132    0.08%
  96145 24926      470.4934    95      470.4273      470.7894  4487465    0.08%
  96452 25061      470.6387   100      470.4273      470.7890  4501515    0.08%
  96757 25181      470.4817    85      470.4273      470.7884  4515109    0.08%
  97003 25276      470.5429    94      470.4273      470.7879  4528835    0.08%
Elapsed time = 1464.51 sec. (1422063.48 ticks, tree = 323.05 MB, solutions = 12)
  97355 25419      470.7396   127      470.4273      470.7874  4543925    0.08%
  97657 25508        cutoff            470.4273      470.7867  4557755    0.08%
  97945 25620      470.5692   173      470.4273      470.7862  4572643    0.08%
  98266 25763      470.6056   102      470.4273      470.7857  4587087    0.08%
  98527 25874      470.5039   128      470.4273      470.7853  4601125    0.08%
  98907 26045      470.5013    86      470.4273      470.7848  4615904    0.08%
  99234 26154        cutoff            470.4273      470.7842  4630449    0.08%
  99520 26240        cutoff            470.4273      470.7835  4643938    0.08%
  99832 26367        cutoff            470.4273      470.7829  4656236    0.08%
 100126 26492      470.4469    96      470.4273      470.7823  4670299    0.08%
Elapsed time = 1525.79 sec. (1460338.27 ticks, tree = 335.97 MB, solutions = 12)
 100461 26638      470.5511    68      470.4273      470.7818  4683144    0.08%
 100768 26767      470.5547    56      470.4273      470.7813  4696452    0.08%
 101096 26887      470.4640    62      470.4273      470.7805  4708782    0.08%
 101381 26992      470.5995   125      470.4273      470.7799  4722944    0.07%
 101635 27098      470.7062   156      470.4273      470.7794  4736657    0.07%
 101963 27225      470.5732   107      470.4273      470.7789  4750071    0.07%
 102288 27341      470.5150    99      470.4273      470.7785  4764044    0.07%
 102639 27472        cutoff            470.4273      470.7781  4777688    0.07%
 102906 27569      470.4378    97      470.4273      470.7774  4791074    0.07%
 103153 27663        cutoff            470.4273      470.7768  4805152    0.07%
Elapsed time = 1565.63 sec. (1498609.99 ticks, tree = 350.31 MB, solutions = 12)
 103446 27774      470.6717    71      470.4273      470.7765  4818139    0.07%
 103691 27867      470.5550   164      470.4273      470.7760  4831680    0.07%
 103988 27978      470.6093   127      470.4273      470.7755  4845725    0.07%
 104294 28099      470.4886   103      470.4273      470.7750  4860166    0.07%
 104538 28173        cutoff            470.4273      470.7746  4873679    0.07%
 104812 28258      470.6318   129      470.4273      470.7743  4886969    0.07%
 105143 28382      470.5045    89      470.4273      470.7737  4900519    0.07%
 105444 28505      470.4520    45      470.4273      470.7734  4915736    0.07%
 105716 28593      470.4611   129      470.4273      470.7729  4930530    0.07%
 106027 28704      470.4399   125      470.4273      470.7722  4944349    0.07%
Elapsed time = 1605.18 sec. (1537234.98 ticks, tree = 360.79 MB, solutions = 12)
 106311 28823      470.5704    55      470.4273      470.7719  4958075    0.07%
 106621 28938      470.4526   139      470.4273      470.7713  4972013    0.07%
 106910 29039        cutoff            470.4273      470.7708  4985209    0.07%
 107224 29166        cutoff            470.4273      470.7702  4998880    0.07%
 107515 29272      470.7437    81      470.4273      470.7698  5012840    0.07%
 107750 29338      470.4593   152      470.4273      470.7692  5025314    0.07%
 108019 29436      470.4581   102      470.4273      470.7690  5038623    0.07%
 108274 29522      470.4438   103      470.4273      470.7686  5050510    0.07%
 108575 29632      470.4355    63      470.4273      470.7680  5063309    0.07%
 108881 29743      470.5780   121      470.4273      470.7676  5076597    0.07%
Elapsed time = 1644.60 sec. (1575481.83 ticks, tree = 372.23 MB, solutions = 12)
 109197 29873      470.6864   108      470.4273      470.7674  5089814    0.07%
 109475 29992      470.5230   111      470.4273      470.7670  5103495    0.07%
 109784 30090      470.4520    52      470.4273      470.7665  5116963    0.07%
 110047 30182      470.5100   135      470.4273      470.7662  5130629    0.07%
 110364 30304        cutoff            470.4273      470.7660  5144290    0.07%
 110646 30436      470.7318   109      470.4273      470.7656  5159651    0.07%
 110922 30535      470.5007    76      470.4273      470.7653  5173823    0.07%
 111197 30656      470.7630    73      470.4273      470.7648  5187625    0.07%
 111487 30778      470.4696    90      470.4273      470.7646  5201577    0.07%
 111756 30870      470.6306    85      470.4273      470.7642  5215475    0.07%
Elapsed time = 1683.83 sec. (1613684.65 ticks, tree = 382.51 MB, solutions = 12)
 111987 30925      470.4342    99      470.4273      470.7637  5226593    0.07%
 112342 31069      470.7020    86      470.4273      470.7635  5241219    0.07%
 112646 31182      470.4695    67      470.4273      470.7631  5255098    0.07%
 112940 31269      470.6142   138      470.4273      470.7625  5267745    0.07%
 113205 31363        cutoff            470.4273      470.7622  5281081    0.07%
 113535 31500      470.4948   100      470.4273      470.7618  5294763    0.07%
 113885 31648      470.5085   144      470.4273      470.7615  5309141    0.07%
 114221 31780      470.5748    97      470.4273      470.7613  5322864    0.07%
 114561 31935      470.6809    76      470.4273      470.7611  5337027    0.07%
 114878 32047      470.4569   145      470.4273      470.7607  5351733    0.07%
Elapsed time = 1724.73 sec. (1651962.45 ticks, tree = 394.61 MB, solutions = 12)
 115173 32139      470.6415    84      470.4273      470.7605  5365836    0.07%
 115475 32264        cutoff            470.4273      470.7601  5378767    0.07%
 115812 32400      470.5840   119      470.4273      470.7597  5392805    0.07%
 116131 32510      470.6282    75      470.4273      470.7593  5406995    0.07%
 116426 32621      470.5010    75      470.4273      470.7587  5420244    0.07%
 116653 32704      470.5780    68      470.4273      470.7585  5431815    0.07%
 116937 32804      470.6863    94      470.4273      470.7579  5445015    0.07%
 117214 32911      470.6989    88      470.4273      470.7574  5457855    0.07%
 117535 33029      470.4815   112      470.4273      470.7569  5471192    0.07%
 117798 33117      470.6868    82      470.4273      470.7564  5484045    0.07%
Elapsed time = 1763.72 sec. (1690232.25 ticks, tree = 406.43 MB, solutions = 12)
 118107 33209      470.7505    69      470.4273      470.7561  5497066    0.07%
 118446 33332      470.6866   136      470.4273      470.7557  5511526    0.07%
 118723 33435      470.6167   122      470.4273      470.7553  5526223    0.07%
 118960 33506      470.5026   145      470.4273      470.7551  5539654    0.07%
 119263 33604      470.5297   151      470.4273      470.7547  5554075    0.07%
 119557 33727        cutoff            470.4273      470.7543  5568452    0.07%
 119885 33850      470.4790   116      470.4273      470.7540  5581734    0.07%
 120223 33981      470.5329   126      470.4273      470.7537  5595662    0.07%
 120533 34109      470.5859   145      470.4273      470.7535  5610019    0.07%
 120844 34221      470.5068    70      470.4273      470.7532  5623675    0.07%
Elapsed time = 1803.26 sec. (1728598.27 ticks, tree = 417.32 MB, solutions = 12)
 121096 34337      470.5675    68      470.4273      470.7530  5636845    0.07%
 121446 34478        cutoff            470.4273      470.7526  5649868    0.07%
 121747 34582      470.6410    73      470.4273      470.7522  5662790    0.07%
 122080 34705      470.5636   122      470.4273      470.7519  5675884    0.07%
 122364 34794      470.5840   132      470.4273      470.7515  5689225    0.07%
 122632 34868      470.4470    84      470.4273      470.7511  5702334    0.07%
 122971 34995      470.4278   149      470.4273      470.7508  5715611    0.07%
 123252 35080      470.6513   102      470.4273      470.7503  5728396    0.07%
 123567 35198      470.6827   120      470.4273      470.7501  5742853    0.07%
 123881 35307      470.4346    55      470.4273      470.7498  5756846    0.07%
Elapsed time = 1842.57 sec. (1766842.01 ticks, tree = 429.68 MB, solutions = 12)
 124237 35431      470.5630   131      470.4273      470.7492  5769908    0.07%
 124513 35534      470.6897    95      470.4273      470.7489  5783300    0.07%
 124830 35656      470.5944    74      470.4273      470.7487  5796645    0.07%
 125105 35752      470.4925   132      470.4273      470.7484  5810561    0.07%
 125408 35874      470.4526   151      470.4273      470.7480  5827080    0.07%
 125671 35965      470.7478   130      470.4273      470.7478  5840301    0.07%
 125957 36071      470.5812    92      470.4273      470.7475  5854215    0.07%
 126246 36181      470.5957   133      470.4273      470.7472  5865887    0.07%
 126549 36288      470.5939   133      470.4273      470.7470  5879265    0.07%
 126790 36386        cutoff            470.4273      470.7468  5891708    0.07%
Elapsed time = 1881.30 sec. (1805198.05 ticks, tree = 442.68 MB, solutions = 12)
 127055 36457      470.5034   138      470.4273      470.7464  5905228    0.07%
 127353 36571      470.5861    57      470.4273      470.7462  5918372    0.07%
 127649 36688        cutoff            470.4273      470.7460  5932456    0.07%
 127963 36814      470.6106    72      470.4273      470.7458  5946440    0.07%
 128253 36919      470.5816   100      470.4273      470.7456  5960393    0.07%
 128541 37009        cutoff            470.4273      470.7453  5973622    0.07%
 128844 37136      470.4721    90      470.4273      470.7451  5987848    0.07%
 129113 37236      470.7031    95      470.4273      470.7449  6001311    0.07%
 129372 37331      470.4718    82      470.4273      470.7447  6014842    0.07%
 129710 37455      470.4402    98      470.4273      470.7443  6028666    0.07%
Elapsed time = 1920.18 sec. (1843423.82 ticks, tree = 453.44 MB, solutions = 12)
 130032 37559      470.5003    84      470.4273      470.7440  6042928    0.07%
 130310 37662      470.7350   126      470.4273      470.7437  6054554    0.07%
 130643 37815      470.4610   105      470.4273      470.7435  6069686    0.07%
 130947 37935        cutoff            470.4273      470.7432  6083257    0.07%
 131226 38035      470.4830    87      470.4273      470.7427  6096358    0.07%
 131519 38135      470.5318   106      470.4273      470.7425  6109560    0.07%
 131834 38256      470.4978    45      470.4273      470.7422  6122621    0.07%
 132205 38387        cutoff            470.4273      470.7420  6135082    0.07%
 132525 38517      470.5144    42      470.4273      470.7418  6147928    0.07%
 132812 38622      470.4288   105      470.4273      470.7414  6160980    0.07%
Elapsed time = 1959.52 sec. (1881660.25 ticks, tree = 467.86 MB, solutions = 12)
 133112 38747      470.5497    88      470.4273      470.7412  6174353    0.07%
 133408 38861      470.5484    87      470.4273      470.7409  6188254    0.07%
 133734 38951        cutoff            470.4273      470.7406  6202210    0.07%
 134070 39084      470.4429    69      470.4273      470.7403  6215586    0.07%
 134367 39170        cutoff            470.4273      470.7398  6229272    0.07%
 134689 39292      470.4809    71      470.4273      470.7394  6244154    0.07%
 134987 39413      470.4991    82      470.4273      470.7391  6258464    0.07%
 135239 39488      470.6039   103      470.4273      470.7388  6271735    0.07%
 135539 39593      470.5415    55      470.4273      470.7383  6285536    0.07%
*135777+32744                          470.4674      470.7381             0.06%
 135829 32760      470.4782   137      470.4674      470.7381  6298719    0.06%
Elapsed time = 1998.39 sec. (1919916.25 ticks, tree = 389.53 MB, solutions = 13)
 136066 32844        cutoff            470.4674      470.7380  6309106    0.06%
 136278 32908      470.4794   125      470.4674      470.7376  6320370    0.06%
 136558 33004      470.5317   102      470.4674      470.7373  6333431    0.06%
 136837 33090      470.6152   112      470.4674      470.7370  6345727    0.06%
 137090 33172        cutoff            470.4674      470.7367  6358188    0.06%
 137397 33271      470.6009    93      470.4674      470.7364  6370321    0.06%
 137712 33397      470.4818   103      470.4674      470.7361  6383789    0.06%
 138000 33489      470.5823    83      470.4674      470.7357  6397246    0.06%
 138296 33578      470.5776    82      470.4674      470.7356  6410742    0.06%
 138587 33689      470.6544   127      470.4674      470.7352  6424403    0.06%
Elapsed time = 2036.66 sec. (1958396.61 ticks, tree = 394.07 MB, solutions = 13)
 138913 33823      470.5115   100      470.4674      470.7350  6438609    0.06%
 139236 33950      470.4909    74      470.4674      470.7346  6453023    0.06%
 139542 34032      470.5890    73      470.4674      470.7343  6465570    0.06%
 139839 34110      470.5282   123      470.4674      470.7341  6479550    0.06%
 140106 34150      470.6177   125      470.4674      470.7337  6491469    0.06%
 140376 34260      470.6701    77      470.4674      470.7336  6505732    0.06%
 140670 34391      470.5012    60      470.4674      470.7334  6518198    0.06%
 140948 34470      470.6634    57      470.4674      470.7330  6530571    0.06%
 141225 34563      470.4943   102      470.4674      470.7328  6543054    0.06%
 141545 34666      470.6045   102      470.4674      470.7325  6555857    0.06%
Elapsed time = 2075.26 sec. (1996617.64 ticks, tree = 403.05 MB, solutions = 13)
 141823 34753      470.6920    95      470.4674      470.7322  6568715    0.06%
 142118 34851      470.4872    82      470.4674      470.7319  6581151    0.06%
 142398 34927      470.5151   105      470.4674      470.7316  6594100    0.06%
 142714 35040      470.5001   120      470.4674      470.7314  6606881    0.06%
 143020 35131      470.5878    95      470.4674      470.7310  6621225    0.06%
 143313 35232      470.5751   143      470.4674      470.7307  6639502    0.06%
 143644 35342      470.5146    49      470.4674      470.7303  6658001    0.06%
 143956 35463      470.5604    72      470.4674      470.7301  6676972    0.06%
 144261 35590      470.7254   107      470.4674      470.7299  6695128    0.06%
 144559 35681      470.7064   108      470.4674      470.7296  6713514    0.06%
Elapsed time = 2113.22 sec. (2034891.38 ticks, tree = 407.52 MB, solutions = 13)
 144840 35775      470.5712   132      470.4674      470.7294  6726819    0.06%
 145081 35834        cutoff            470.4674      470.7292  6739392    0.06%
 145407 35941      470.5596   113      470.4674      470.7288  6752600    0.06%
 145734 36056      470.6281   120      470.4674      470.7284  6765723    0.06%
 146024 36148      470.5250   119      470.4674      470.7280  6778305    0.06%
 146298 36249      470.4967    47      470.4674      470.7277  6791467    0.06%
 146607 36340      470.6799    82      470.4674      470.7276  6804345    0.06%
 146931 36448      470.6553    89      470.4674      470.7272  6817030    0.06%
 147204 36525      470.5514   103      470.4674      470.7268  6830113    0.06%
 147493 36626      470.5042    77      470.4674      470.7266  6842511    0.06%
Elapsed time = 2152.13 sec. (2073236.85 ticks, tree = 417.97 MB, solutions = 13)
 147812 36704      470.5065    84      470.4674      470.7263  6854715    0.06%
 148091 36811      470.4852   112      470.4674      470.7260  6867319    0.05%
 148397 36905        cutoff            470.4674      470.7256  6880540    0.05%
 148681 36988      470.6515    92      470.4674      470.7253  6893483    0.05%
 148985 37066      470.5447    52      470.4674      470.7249  6906062    0.05%
 149308 37164        cutoff            470.4674      470.7246  6919107    0.05%
 149576 37257      470.5128   103      470.4674      470.7244  6932430    0.05%
 149859 37339      470.5413   117      470.4674      470.7240  6945898    0.05%
 150164 37447      470.5905    92      470.4674      470.7237  6959901    0.05%
 150448 37525      470.6771   152      470.4674      470.7234  6973349    0.05%
Elapsed time = 2190.69 sec. (2111481.24 ticks, tree = 427.28 MB, solutions = 13)
 150770 37610      470.5443   108      470.4674      470.7230  6987735    0.05%
 151061 37717      470.6603    88      470.4674      470.7227  7000943    0.05%
 151352 37806      470.6878   109      470.4674      470.7224  7014271    0.05%
 151642 37887      470.6053   109      470.4674      470.7222  7025851    0.05%
 151881 37954      470.5836   103      470.4674      470.7217  7038359    0.05%
 152162 38024      470.5043    31      470.4674      470.7216  7049863    0.05%
 152471 38124      470.5483    93      470.4674      470.7212  7063185    0.05%
 152733 38205      470.6590    89      470.4674      470.7210  7075600    0.05%
 153033 38301      470.5222   126      470.4674      470.7208  7088061    0.05%
 153316 38410        cutoff            470.4674      470.7206  7100400    0.05%
Elapsed time = 2228.74 sec. (2149766.13 ticks, tree = 436.86 MB, solutions = 13)
 153606 38508      470.5928   102      470.4674      470.7203  7112757    0.05%
 153891 38601      470.6746   108      470.4674      470.7201  7125155    0.05%
 154249 38719      470.6508   106      470.4674      470.7197  7138013    0.05%
 154569 38841      470.4780    73      470.4674      470.7194  7152512    0.05%
 154890 38911      470.6612   128      470.4674      470.7189  7165423    0.05%
 155211 39004      470.6665    92      470.4674      470.7186  7179090    0.05%
 155503 39083      470.5191    42      470.4674      470.7183  7191709    0.05%
 155825 39175      470.6971    96      470.4674      470.7179  7205919    0.05%
 156130 39256        cutoff            470.4674      470.7176  7219201    0.05%
 156417 39342      470.5405   100      470.4674      470.7172  7232295    0.05%
Elapsed time = 2267.59 sec. (2188000.38 ticks, tree = 447.50 MB, solutions = 13)
 156736 39434      470.5449   159      470.4674      470.7169  7246307    0.05%
 157037 39527      470.6924    82      470.4674      470.7167  7260129    0.05%
 157351 39625      470.5459   102      470.4674      470.7164  7273908    0.05%
 157604 39665      470.6885    56      470.4674      470.7161  7285430    0.05%
 157920 39779      470.6662    82      470.4674      470.7157  7299274    0.05%
 158227 39880      470.6182    93      470.4674      470.7155  7312041    0.05%
 158468 39967      470.6502   118      470.4674      470.7153  7324570    0.05%
 158791 40064      470.5971    94      470.4674      470.7151  7337828    0.05%
 159050 40141      470.4853    96      470.4674      470.7146  7349715    0.05%
 159324 40218      470.6014    88      470.4674      470.7144  7361848    0.05%
Elapsed time = 2306.39 sec. (2226296.52 ticks, tree = 454.43 MB, solutions = 13)
 159605 40307      470.5843    82      470.4674      470.7141  7374079    0.05%
 159892 40402        cutoff            470.4674      470.7139  7386793    0.05%
 160193 40508      470.4754    74      470.4674      470.7138  7400633    0.05%
 160475 40584      470.5889    89      470.4674      470.7135  7412971    0.05%
 160780 40684      470.7018   113      470.4674      470.7132  7426072    0.05%
 161062 40785      470.6838    89      470.4674      470.7130  7439564    0.05%
 161339 40877      470.4811    93      470.4674      470.7127  7453344    0.05%
 161661 40969      470.6788   104      470.4674      470.7125  7466548    0.05%
 161954 41066        cutoff            470.4674      470.7122  7479175    0.05%
 162258 41152      470.6490    83      470.4674      470.7118  7493347    0.05%
Elapsed time = 2345.20 sec. (2264520.15 ticks, tree = 463.20 MB, solutions = 13)
 162544 41254      470.5366   119      470.4674      470.7117  7505889    0.05%
 162792 41331      470.4760    85      470.4674      470.7115  7518149    0.05%
 163131 41445      470.5513    97      470.4674      470.7113  7531050    0.05%
 163467 41560      470.5995    92      470.4674      470.7111  7544077    0.05%
 163789 41645      470.4751    32      470.4674      470.7107  7557624    0.05%
 164115 41770      470.5002    90      470.4674      470.7105  7570635    0.05%
 164452 41868        cutoff            470.4674      470.7101  7582528    0.05%
 164745 41964      470.6942   113      470.4674      470.7098  7595056    0.05%
 165047 42072      470.5347    98      470.4674      470.7097  7607600    0.05%
 165315 42150      470.4983   102      470.4674      470.7094  7619409    0.05%
Elapsed time = 2384.02 sec. (2302811.79 ticks, tree = 476.21 MB, solutions = 13)
 165632 42251      470.6024   118      470.4674      470.7092  7632364    0.05%
 165916 42339      470.6024    93      470.4674      470.7090  7645211    0.05%
 166215 42420      470.5441    78      470.4674      470.7087  7658230    0.05%
 166511 42513      470.4816    99      470.4674      470.7085  7670685    0.05%
 166820 42633      470.4756    82      470.4674      470.7083  7683335    0.05%
 167117 42718      470.6018    89      470.4674      470.7082  7695516    0.05%
 167476 42806      470.6143    86      470.4674      470.7079  7708644    0.05%
 167794 42902      470.6769   117      470.4674      470.7076  7722132    0.05%
 168119 43017      470.6402    92      470.4674      470.7074  7736161    0.05%
 168403 43092      470.4733    83      470.4674      470.7072  7749436    0.05%
Elapsed time = 2422.54 sec. (2341017.00 ticks, tree = 485.97 MB, solutions = 13)
 168678 43149      470.5650   109      470.4674      470.7070  7762200    0.05%
 168987 43243      470.6541    50      470.4674      470.7068  7775018    0.05%
 169309 43362        cutoff            470.4674      470.7066  7788959    0.05%
 169587 43447      470.6732    99      470.4674      470.7063  7801714    0.05%
 169889 43571      470.6533   102      470.4674      470.7061  7814316    0.05%
 170172 43648        cutoff            470.4674      470.7059  7826524    0.05%
 170475 43720      470.5580    77      470.4674      470.7057  7839841    0.05%
 170740 43804      470.5568   124      470.4674      470.7055  7851402    0.05%
 171041 43892      470.4704    66      470.4674      470.7053  7864066    0.05%
 171322 43976      470.5349   120      470.4674      470.7051  7875769    0.05%
Elapsed time = 2460.51 sec. (2379268.13 ticks, tree = 494.68 MB, solutions = 13)
 171619 44081      470.4677   129      470.4674      470.7050  7889055    0.05%
 171913 44179      470.5430   119      470.4674      470.7049  7901152    0.05%
 172181 44252      470.4781   156      470.4674      470.7047  7914545    0.05%
 172455 44322      470.5044    93      470.4674      470.7045  7926629    0.05%
 172773 44424      470.6541   129      470.4674      470.7042  7939550    0.05%
 173043 44499        cutoff            470.4674      470.7040  7952801    0.05%
 173339 44598      470.5498    76      470.4674      470.7038  7965315    0.05%
 173670 44692      470.6247    40      470.4674      470.7037  7979174    0.05%
 173952 44769      470.6801    91      470.4674      470.7034  7992716    0.05%
 174270 44843      470.5223    67      470.4674      470.7032  8005168    0.05%
Elapsed time = 2498.61 sec. (2417529.02 ticks, tree = 504.37 MB, solutions = 13)
 174577 44933      470.4818   115      470.4674      470.7030  8018040    0.05%
 174906 45043      470.5496    97      470.4674      470.7027  8030794    0.05%
 175192 45109      470.4739    81      470.4674      470.7025  8043798    0.05%
 175487 45194      470.6690   144      470.4674      470.7023  8057450    0.05%
 175780 45282      470.6020   101      470.4674      470.7021  8070330    0.05%
 176090 45357        cutoff            470.4674      470.7017  8083523    0.05%
 176396 45461      470.5105   143      470.4674      470.7016  8096650    0.05%
 176666 45533      470.5262   115      470.4674      470.7014  8108753    0.05%
 177008 45645      470.5418    67      470.4674      470.7012  8121088    0.05%
 177296 45729      470.4866    60      470.4674      470.7010  8132926    0.05%
Elapsed time = 2537.14 sec. (2455906.53 ticks, tree = 514.97 MB, solutions = 13)
 177601 45811      470.5943   100      470.4674      470.7008  8146464    0.05%
 177894 45902      470.6252    90      470.4674      470.7005  8158885    0.05%
 178149 45963      470.4925   139      470.4674      470.7003  8171030    0.05%
 178452 46082      470.4721    56      470.4674      470.7002  8183678    0.05%
 178727 46169      470.5081    43      470.4674      470.7001  8196330    0.05%
 179027 46242      470.5844    71      470.4674      470.6998  8208712    0.05%
 179334 46328      470.5478   127      470.4674      470.6997  8221268    0.05%
 179637 46430      470.5037   122      470.4674      470.6995  8234657    0.05%
 179946 46530      470.5704    94      470.4674      470.6993  8248598    0.05%
 180208 46599      470.4978   124      470.4674      470.6991  8261906    0.05%
Elapsed time = 2575.44 sec. (2494331.65 ticks, tree = 521.82 MB, solutions = 13)
 180518 46689      470.5156    81      470.4674      470.6989  8274738    0.05%
 180842 46774        cutoff            470.4674      470.6987  8287571    0.05%
 181189 46871      470.5296    95      470.4674      470.6984  8301004    0.05%
 181483 46962      470.4980    92      470.4674      470.6981  8314971    0.05%
 181806 47041      470.6074    78      470.4674      470.6978  8328176    0.05%
 182128 47150        cutoff            470.4674      470.6976  8341051    0.05%
 182419 47244      470.4828    82      470.4674      470.6974  8356373    0.05%
 182703 47339      470.6578    95      470.4674      470.6973  8369375    0.05%
 183020 47429      470.6944    86      470.4674      470.6970  8382066    0.05%
 183291 47510        cutoff            470.4674      470.6968  8393521    0.05%
Elapsed time = 2614.00 sec. (2532545.27 ticks, tree = 528.44 MB, solutions = 13)
 183583 47597      470.6686   107      470.4674      470.6966  8406672    0.05%
 183857 47707      470.4723    79      470.4674      470.6965  8419490    0.05%
 184135 47804      470.6047    88      470.4674      470.6963  8431337    0.05%
 184413 47870      470.5117    95      470.4674      470.6961  8444403    0.05%
 184662 47939        cutoff            470.4674      470.6960  8456139    0.05%
 184935 48023      470.5669   101      470.4674      470.6958  8469240    0.05%
 185248 48106      470.6503    45      470.4674      470.6956  8481685    0.05%
 185538 48200      470.6782    73      470.4674      470.6953  8494778    0.05%
 185857 48302      470.5817   132      470.4674      470.6950  8507292    0.05%
 186160 48390        cutoff            470.4674      470.6949  8519649    0.05%
Elapsed time = 2652.39 sec. (2570833.15 ticks, tree = 535.18 MB, solutions = 13)
 186468 48492        cutoff            470.4674      470.6947  8532772    0.05%
 186784 48588      470.5693   138      470.4674      470.6946  8544794    0.05%
 187113 48687      470.4939    48      470.4674      470.6944  8557865    0.05%
 187435 48791      470.5649   123      470.4674      470.6941  8570476    0.05%
 187738 48876      470.5048    76      470.4674      470.6940  8583284    0.05%
 188030 48963      470.6614   114      470.4674      470.6937  8595980    0.05%
 188315 49035      470.5060    94      470.4674      470.6934  8608601    0.05%
 188627 49132      470.5260    93      470.4674      470.6932  8621027    0.05%
 188900 49217      470.4982    93      470.4674      470.6931  8634074    0.05%
 189199 49307      470.6712    80      470.4674      470.6928  8647150    0.05%
Elapsed time = 2690.98 sec. (2609078.20 ticks, tree = 544.98 MB, solutions = 13)
 189498 49383      470.4707    90      470.4674      470.6926  8659798    0.05%
 189780 49454      470.4376    71      470.4674      470.6924  8672428    0.05%
 190070 49534      470.5699    62      470.4674      470.6922  8685767    0.05%
 190369 49627      470.6097    70      470.4674      470.6920  8698827    0.05%
 190647 49712      470.4820    95      470.4674      470.6918  8710784    0.05%
 190960 49796      470.5839   132      470.4674      470.6917  8723434    0.05%
 191249 49881      470.4776    57      470.4674      470.6915  8735613    0.05%
 191531 49954        cutoff            470.4674      470.6913  8747729    0.05%
 191805 50029        cutoff            470.4674      470.6912  8760822    0.05%
 192089 50104      470.6550    96      470.4674      470.6909  8772770    0.05%
Elapsed time = 2729.04 sec. (2647411.67 ticks, tree = 550.33 MB, solutions = 13)
 192419 50215      470.5834    73      470.4674      470.6908  8785563    0.05%
 192732 50311      470.4935    76      470.4674      470.6906  8798080    0.05%
 193058 50411      470.5919    96      470.4674      470.6904  8810936    0.05%
 193363 50485      470.5098    54      470.4674      470.6902  8823627    0.05%
 193631 50542      470.5332    69      470.4674      470.6899  8836661    0.05%
 193891 50583      470.5809   117      470.4674      470.6897  8849697    0.05%
 194192 50687      470.5525    99      470.4674      470.6895  8863286    0.05%
 194465 50778      470.5674    96      470.4674      470.6894  8875992    0.05%
 194787 50878      470.4793    85      470.4674      470.6891  8889167    0.05%
 195068 50953      470.5361    68      470.4674      470.6889  8902170    0.05%
Elapsed time = 2767.26 sec. (2685653.73 ticks, tree = 559.52 MB, solutions = 13)
 195367 51033      470.5511    88      470.4674      470.6888  8914629    0.05%
 195690 51136        cutoff            470.4674      470.6886  8927804    0.05%
 195970 51231      470.5129    93      470.4674      470.6884  8940981    0.05%
 196337 51349      470.6437    75      470.4674      470.6882  8953712    0.05%
 196617 51435      470.6826    99      470.4674      470.6880  8965377    0.05%
 196875 51502      470.5876   106      470.4674      470.6878  8976863    0.05%
 197196 51594      470.6537   103      470.4674      470.6876  8989506    0.05%
 197458 51658      470.5768    85      470.4674      470.6875  9002351    0.05%
 197757 51751      470.5205   121      470.4674      470.6873  9014580    0.05%
 198031 51825      470.4916    93      470.4674      470.6871  9026887    0.05%
Elapsed time = 2805.54 sec. (2723927.27 ticks, tree = 569.12 MB, solutions = 13)
 198322 51887      470.5192   139      470.4674      470.6869  9038952    0.05%
 198638 51983      470.6161    86      470.4674      470.6867  9052036    0.05%
 198953 52090      470.4783    94      470.4674      470.6866  9065481    0.05%
 199297 52191      470.6122   115      470.4674      470.6864  9078081    0.05%
 199556 52269      470.5913    66      470.4674      470.6862  9090528    0.05%
 199857 52349      470.6273    95      470.4674      470.6861  9103297    0.05%
 200130 52435      470.4850    76      470.4674      470.6859  9116238    0.05%
 200441 52519      470.4992    73      470.4674      470.6857  9128723    0.05%
 200786 52607      470.6063   110      470.4674      470.6855  9141557    0.05%
 201080 52683      470.6593   114      470.4674      470.6852  9154683    0.05%
Elapsed time = 2844.06 sec. (2762173.83 ticks, tree = 577.55 MB, solutions = 13)
 201363 52740      470.6190    75      470.4674      470.6851  9167318    0.05%
 201640 52850      470.5219   100      470.4674      470.6849  9180200    0.05%
 201957 52935      470.4938    80      470.4674      470.6847  9192629    0.05%
 202286 53026      470.4759    54      470.4674      470.6846  9205995    0.05%
 202580 53098      470.5072    74      470.4674      470.6844  9217967    0.05%
 202897 53162      470.6085    81      470.4674      470.6841  9230424    0.05%
 203184 53229      470.5205    66      470.4674      470.6840  9243310    0.05%
 203462 53317      470.5340    98      470.4674      470.6839  9256085    0.05%
 203729 53399      470.6264    82      470.4674      470.6837  9267780    0.05%
 204007 53459      470.5335   155      470.4674      470.6835  9280951    0.05%
Elapsed time = 2882.26 sec. (2800432.65 ticks, tree = 583.99 MB, solutions = 13)
 204316 53557      470.5370    54      470.4674      470.6835  9293703    0.05%
 204597 53639      470.5903    95      470.4674      470.6833  9305580    0.05%
 204895 53716      470.5181    98      470.4674      470.6831  9317703    0.05%
 205181 53811      470.4753    51      470.4674      470.6830  9330273    0.05%
 205459 53886      470.5260    98      470.4674      470.6829  9342676    0.05%
 205726 53957      470.4682    55      470.4674      470.6828  9354756    0.05%
 206023 54022      470.4964    93      470.4674      470.6826  9367668    0.05%
 206332 54119      470.6764   135      470.4674      470.6824  9379377    0.05%
 206638 54202      470.4747    95      470.4674      470.6822  9392455    0.05%
 206959 54295      470.4984   111      470.4674      470.6821  9405317    0.05%
Elapsed time = 2920.72 sec. (2838716.47 ticks, tree = 590.66 MB, solutions = 13)
 207299 54399      470.4991    58      470.4674      470.6819  9416564    0.05%
 207636 54493      470.5507   151      470.4674      470.6817  9429300    0.05%
 207920 54557      470.4847   120      470.4674      470.6816  9440906    0.05%
 208202 54611      470.5114   138      470.4674      470.6814  9453780    0.05%
 208527 54711      470.4995    68      470.4674      470.6812  9466552    0.05%
 208814 54773      470.5461    59      470.4674      470.6810  9479054    0.05%
 209116 54849      470.5616   142      470.4674      470.6808  9492294    0.05%
 209453 54959      470.4898    84      470.4674      470.6807  9505389    0.05%
 209758 55055      470.4877    49      470.4674      470.6805  9518236    0.05%
 210067 55143      470.5629   103      470.4674      470.6803  9531495    0.05%
Elapsed time = 2959.56 sec. (2877010.91 ticks, tree = 599.51 MB, solutions = 13)
 210365 55228      470.4980    74      470.4674      470.6801  9543917    0.05%
 210636 55313      470.5099    84      470.4674      470.6800  9555810    0.05%
 210901 55384      470.5169   118      470.4674      470.6798  9566184    0.05%
 211214 55483      470.5281   106      470.4674      470.6796  9578502    0.05%
 211500 55551      470.5145    95      470.4674      470.6795  9590692    0.05%
 211811 55660      470.4715   126      470.4674      470.6794  9603084    0.05%
 212103 55730      470.4772    67      470.4674      470.6791  9616145    0.04%
 212429 55842      470.4883   118      470.4674      470.6790  9628992    0.04%
 212743 55918      470.6132   125      470.4674      470.6787  9640839    0.04%
 213027 56004      470.5272    95      470.4674      470.6786  9653390    0.04%
Elapsed time = 2997.78 sec. (2915474.72 ticks, tree = 610.03 MB, solutions = 13)
 213327 56064        cutoff            470.4674      470.6784  9665689    0.04%
 213633 56144      470.5286    90      470.4674      470.6782  9678514    0.04%
 213932 56221        cutoff            470.4674      470.6780  9691048    0.04%
 214233 56298      470.5000    38      470.4674      470.6779  9703982    0.04%
 214526 56379      470.5528    83      470.4674      470.6777  9716371    0.04%
 214806 56459      470.6436   118      470.4674      470.6776  9728236    0.04%
 215122 56558      470.5417   105      470.4674      470.6774  9741108    0.04%
 215429 56636        cutoff            470.4674      470.6773  9754179    0.04%
 215734 56700      470.4726    81      470.4674      470.6771  9766909    0.04%
 216033 56784      470.5572    99      470.4674      470.6769  9779470    0.04%
Elapsed time = 3036.01 sec. (2953738.20 ticks, tree = 618.20 MB, solutions = 13)
 216301 56858      470.4765    66      470.4674      470.6768  9792264    0.04%
 216607 56945      470.6261   139      470.4674      470.6766  9803933    0.04%
 216880 57026      470.5509   128      470.4674      470.6765  9816551    0.04%
 217170 57112      470.5646   112      470.4674      470.6764  9829090    0.04%
 217502 57202      470.4827    80      470.4674      470.6762  9842386    0.04%
 217828 57304      470.6461   149      470.4674      470.6761  9854695    0.04%
 218124 57387      470.6220    90      470.4674      470.6759  9867656    0.04%
 218413 57456      470.4941   103      470.4674      470.6757  9879649    0.04%
 218651 57505        cutoff            470.4674      470.6756  9891331    0.04%
 218930 57568      470.4889    69      470.4674      470.6754  9902825    0.04%
Elapsed time = 3074.12 sec. (2992003.45 ticks, tree = 628.31 MB, solutions = 13)
 219192 57625      470.6663   112      470.4674      470.6752  9914704    0.04%
 219466 57693      470.4677    41      470.4674      470.6751  9925885    0.04%
 219739 57769      470.4969    88      470.4674      470.6749  9938030    0.04%
 220021 57836      470.4861    71      470.4674      470.6747  9950228    0.04%
 220305 57886      470.5914    83      470.4674      470.6745  9962858    0.04%
 220627 57967      470.5166   110      470.4674      470.6743  9974371    0.04%
 220936 58035      470.4818    68      470.4674      470.6742  9986303    0.04%
 221215 58091      470.5990    76      470.4674      470.6740  9999077    0.04%
 221484 58172      470.5142   103      470.4674      470.6739 10010825    0.04%
 221751 58227      470.4818   107      470.4674      470.6737 10023406    0.04%
Elapsed time = 3112.13 sec. (3030255.11 ticks, tree = 632.99 MB, solutions = 13)
 222045 58311      470.6215   104      470.4674      470.6736 10036034    0.04%
 222326 58392      470.5262    59      470.4674      470.6734 10048145    0.04%
 222633 58473        cutoff            470.4674      470.6733 10060868    0.04%
 222906 58552      470.6048    75      470.4674      470.6732 10073237    0.04%
 223199 58622        cutoff            470.4674      470.6730 10085806    0.04%
 223483 58697        cutoff            470.4674      470.6728 10099213    0.04%
 223785 58784      470.5087    86      470.4674      470.6726 10112160    0.04%
 224106 58870      470.5147    86      470.4674      470.6725 10125385    0.04%
 224442 58954      470.5604    91      470.4674      470.6724 10138274    0.04%
 224742 59012      470.5606    95      470.4674      470.6723 10150765    0.04%
Elapsed time = 3150.71 sec. (3068508.72 ticks, tree = 639.91 MB, solutions = 13)
 225062 59092      470.5627    66      470.4674      470.6721 10163364    0.04%
 225362 59192      470.4994   101      470.4674      470.6720 10176886    0.04%
 225675 59289      470.6016    75      470.4674      470.6719 10189402    0.04%
 225960 59374      470.5749    92      470.4674      470.6717 10202363    0.04%
 226247 59453      470.5369    82      470.4674      470.6716 10214896    0.04%
 226573 59550      470.5112    48      470.4674      470.6714 10227212    0.04%
 226845 59610      470.5783    94      470.4674      470.6713 10238388    0.04%
 227126 59705      470.4907   115      470.4674      470.6713 10250698    0.04%
 227417 59800      470.6300   105      470.4674      470.6711 10263027    0.04%
 227682 59863      470.6574    73      470.4674      470.6709 10275174    0.04%
Elapsed time = 3189.30 sec. (3106767.80 ticks, tree = 646.93 MB, solutions = 13)
 227980 59924      470.5557   120      470.4674      470.6708 10287668    0.04%
 228248 59982      470.6256    67      470.4674      470.6706 10299772    0.04%
 228526 60036      470.6033    76      470.4674      470.6705 10312251    0.04%
 228814 60105      470.5110    94      470.4674      470.6704 10324642    0.04%
 229111 60177      470.4950    57      470.4674      470.6702 10336265    0.04%
 229393 60262      470.6096    98      470.4674      470.6700 10348051    0.04%
 229695 60338        cutoff            470.4674      470.6699 10361156    0.04%
 229986 60413      470.4884   130      470.4674      470.6698 10373056    0.04%
 230305 60496      470.5380    72      470.4674      470.6697 10386470    0.04%
 230593 60589      470.5115    86      470.4674      470.6696 10399095    0.04%
Elapsed time = 3227.52 sec. (3145048.98 ticks, tree = 653.48 MB, solutions = 13)
 230904 60646      470.5984   108      470.4674      470.6693 10411769    0.04%
 231202 60726      470.5171   103      470.4674      470.6691 10424407    0.04%
 231487 60800      470.5999   104      470.4674      470.6690 10436868    0.04%
Starting limited solution polishing.
 231796 60886      470.5106   127      470.4674      470.6688 10449156    0.04%
 232085 60959      470.5224    60      470.4674      470.6687 10461192    0.04%
 232372 61038        cutoff            470.4674      470.6686 10473111    0.04%
 232693 61113      470.6651   140      470.4674      470.6685 10485538    0.04%
 232958 61191      470.5554    97      470.4674      470.6684 10496156    0.04%
 233258 61278      470.5190   133      470.4674      470.6682 10508304    0.04%
 233509 61347      470.6284   102      470.4674      470.6682 10519738    0.04%
Elapsed time = 3266.37 sec. (3183293.06 ticks, tree = 663.07 MB, solutions = 13)
 233743 61399      470.4923    78      470.4674      470.6680 10530278    0.04%
 234019 61459      470.6069   117      470.4674      470.6679 10541885    0.04%
 234269 61531      470.4719    50      470.4674      470.6677 10552876    0.04%
 234512 61592      470.5242    96      470.4674      470.6676 10563218    0.04%
 234812 61654      470.5836    89      470.4674      470.6675 10576087    0.04%
 235069 61714      470.6190    66      470.4674      470.6673 10587036    0.04%
 235289 61773      470.4893    76      470.4674      470.6672 10597379    0.04%
 235527 61828      470.5987    66      470.4674      470.6671 10607939    0.04%
 235755 61886      470.6416    39      470.4674      470.6670 10617540    0.04%
 235985 61952      470.6031   100      470.4674      470.6669 10627084    0.04%
Elapsed time = 3305.19 sec. (3221533.58 ticks, tree = 665.71 MB, solutions = 13)
 236177 61991      470.5098    63      470.4674      470.6668 10635370    0.04%
 236435 62056      470.5570    69      470.4674      470.6667 10645863    0.04%
 236631 62116      470.5477    58      470.4674      470.6666 10654159    0.04%
 236842 62163      470.4780    70      470.4674      470.6665 10663319    0.04%
 237037 62209      470.4712    67      470.4674      470.6664 10672245    0.04%
 237247 62247      470.6102    64      470.4674      470.6663 10680441    0.04%
 237475 62302      470.6088    59      470.4674      470.6661 10690053    0.04%
 237700 62350      470.5010    48      470.4674      470.6660 10698991    0.04%
 237931 62407      470.5763    33      470.4674      470.6658 10708390    0.04%
 238175 62463      470.5821   118      470.4674      470.6657 10718076    0.04%
Elapsed time = 3344.29 sec. (3260023.66 ticks, tree = 671.67 MB, solutions = 13)
 238437 62545      470.5473   103      470.4674      470.6657 10729052    0.04%
 238674 62605      470.5649    86      470.4674      470.6656 10739393    0.04%
 238923 62687        cutoff            470.4674      470.6655 10750918    0.04%
 239137 62739      470.4706   110      470.4674      470.6654 10760938    0.04%
 239437 62819      470.4699    97      470.4674      470.6652 10772842    0.04%
 239646 62884      470.5872    70      470.4674      470.6651 10781584    0.04%
 239937 62984      470.6246    98      470.4674      470.6650 10792126    0.04%
 240143 63034      470.5514    67      470.4674      470.6649 10801178    0.04%
 240402 63097      470.5193   155      470.4674      470.6648 10812547    0.04%
 240653 63160        cutoff            470.4674      470.6646 10823387    0.04%
Elapsed time = 3384.59 sec. (3299658.59 ticks, tree = 678.50 MB, solutions = 13)
 240862 63219      470.5414   102      470.4674      470.6646 10833956    0.04%
 241049 63252      470.6557    61      470.4674      470.6644 10841369    0.04%
 241302 63322        cutoff            470.4674      470.6643 10852012    0.04%
 241563 63394      470.5028    57      470.4674      470.6642 10861947    0.04%
 241774 63440      470.4934    78      470.4674      470.6642 10870888    0.04%
 242010 63489      470.6249    44      470.4674      470.6641 10879917    0.04%
 242236 63532        cutoff            470.4674      470.6640 10889465    0.04%
 242437 63590      470.4684    99      470.4674      470.6639 10898139    0.04%
 242696 63661      470.4754    95      470.4674      470.6638 10907536    0.04%
 242968 63732      470.6103    74      470.4674      470.6637 10919227    0.04%
Elapsed time = 3423.70 sec. (3338139.23 ticks, tree = 683.33 MB, solutions = 13)
 243237 63806      470.6233    93      470.4674      470.6636 10929815    0.04%
 243491 63866        cutoff            470.4674      470.6635 10939654    0.04%
 243733 63933      470.4754    50      470.4674      470.6634 10948388    0.04%
 243954 63980      470.5613    99      470.4674      470.6633 10957588    0.04%
 244235 64068      470.5449    72      470.4674      470.6632 10970782    0.04%
 244461 64149        cutoff            470.4674      470.6631 10980193    0.04%
 244646 64194      470.4791    91      470.4674      470.6630 10988945    0.04%
*244777+53426                          470.4948      470.6630             0.04%
 244912 53460      470.5522    39      470.4948      470.6629 11000291    0.04%
 245157 53516      470.5729    73      470.4948      470.6628 11010508    0.04%
 245437 53569      470.4972   116      470.4948      470.6627 11021896    0.04%
Elapsed time = 3463.49 sec. (3377072.23 ticks, tree = 563.60 MB, solutions = 14)
 245707 53634      470.5033    79      470.4948      470.6626 11032044    0.04%
 245940 53667      470.5253   111      470.4948      470.6624 11042987    0.04%
 246182 53727      470.5142    90      470.4948      470.6622 11052115    0.04%
 246441 53778      470.5251    97      470.4948      470.6621 11062545    0.04%
 246664 53835      470.5623    96      470.4948      470.6620 11072321    0.04%
 246867 53882      470.5683    68      470.4948      470.6619 11080988    0.04%
 247097 53922      470.5265   130      470.4948      470.6618 11090584    0.04%
 247374 53977      470.5530    97      470.4948      470.6617 11101038    0.04%
 247611 54029        cutoff            470.4948      470.6616 11110493    0.04%
 247893 54080      470.5414    62      470.4948      470.6614 11120983    0.04%
Elapsed time = 3502.81 sec. (3415371.67 ticks, tree = 567.89 MB, solutions = 14)
 248150 54130      470.5173   142      470.4948      470.6612 11132104    0.04%
 248401 54183      470.5013    82      470.4948      470.6611 11142742    0.04%
 248609 54211      470.5825    87      470.4948      470.6610 11151814    0.04%
 248863 54262      470.5642    62      470.4948      470.6608 11161311    0.04%
 249087 54306      470.6183    81      470.4948      470.6607 11170830    0.04%
 249337 54363      470.5784    67      470.4948      470.6606 11181485    0.04%
 249617 54409      470.4961    63      470.4948      470.6604 11192038    0.04%
 249833 54452      470.4976    49      470.4948      470.6603 11200195    0.04%
 250047 54502      470.5841   100      470.4948      470.6603 11210138    0.04%
 250277 54528      470.5153    93      470.4948      470.6602 11219273    0.04%
Elapsed time = 3542.17 sec. (3453703.97 ticks, tree = 571.34 MB, solutions = 14)
 250519 54571      470.5749   117      470.4948      470.6600 11229918    0.04%
 250781 54635      470.5260    97      470.4948      470.6599 11239914    0.04%
 251037 54680      470.5494    96      470.4948      470.6598 11249163    0.04%
 251256 54724        cutoff            470.4948      470.6597 11259594    0.04%
 251475 54760      470.5777   111      470.4948      470.6596 11270611    0.04%
 251684 54804      470.5878    99      470.4948      470.6595 11279963    0.04%
 251886 54831      470.5267    86      470.4948      470.6593 11290176    0.03%
 252110 54884      470.6049    77      470.4948      470.6592 11298256    0.03%
 252337 54923      470.5044   102      470.4948      470.6591 11307929    0.03%
 252587 54973      470.5969   101      470.4948      470.6589 11320862    0.03%
Elapsed time = 3581.28 sec. (3492297.91 ticks, tree = 575.14 MB, solutions = 14)
 252834 55042      470.5474    64      470.4948      470.6588 11331798    0.03%
 253049 55079        cutoff            470.4948      470.6588 11341099    0.03%
 253337 55155      470.6003   104      470.4948      470.6587 11353102    0.03%
 253623 55219      470.5556    91      470.4948      470.6585 11364784    0.03%

Flow cuts applied:  24
Mixed integer rounding cuts applied:  145
Lift and project cuts applied:  11
Gomory fractional cuts applied:  5
User cuts applied:  1044

Root node processing (before b&c):
  Real time             =    2.03 sec. (1704.42 ticks)
Sequential b&c:
  Real time             = 3597.98 sec. (3509789.42 ticks)
                          ------------
Total (root+branch&cut) = 3600.00 sec. (3511493.84 ticks)
|V|                                     600
K                                       60
theta                                   0.20
r                                       1
R                                       20
prob_func                               facility_mixture
mixture_low_share                       0.500000
mixture_low_interval                    [0.001000, 0.010000]
mixture_high_interval                   [0.100000, 0.500000]
mixture_seed                            1
#C1                                     760
#CP                                     34540

@Parameters: 
am_callback_heuristic                   false
am_local_search                         true
am_start_heuristic                      false
colocation                              true
comp                                    false
cutC                                    true
cutC_init                               false
cutF                                    false
cutF_init                               false
cutF_stable                             false
cutF_wrong                              false
cutLocal                                false
cutM                                    true
cutM_init                               true
cutM_stable                             false
cutP                                    true
cutP_init                               false
cutP_stable                             false
init                                    true
init_cutF_zero                          false
init_val_greedy                         true
is_Euclidean                            false
is_local_search                         false
is_right_cutP                           true
is_root                                 false
is_silent                               false
is_start                                false
mycut                                   false
pmed                                    false
pre                                     true
stable_root                             false
str                                     false
two_phase                               false
ubstr                                   false
mode                                    Int

am_callback_node_space                  50
init                                    0
mixture_seed                            1
node_space                              5
nodelimit                               -1
nsepa                                   1
strF                                    0
type_delta                              0

EPS                                     0.001000
EPS_FRAC                                0.00
gap                                     0.00
mixture_high_max                        0.50
mixture_high_min                        0.10
mixture_low_max                         0.01
mixture_low_min                         0.00
mixture_low_share                       0.50
timelimit                               3600.00

Number of Closed Sites: 3 / 180 
Number of Confined Sites-1: 6 / 354 
Number of Confined Sites-k: 591 / 4150 
Preprocess Time: 1.36 + 0.00 sec

Solve Time: 3600.00
Number of Nodes: 253776
Termination Status: TIME_LIMIT

CutInfo: [phase] num / time (sec) / aver. num_nonzero
max              [LP]     0 / 0.00 / 0.00 [init]   527 / 0.01 / 1.74 [rLC]   330 / 0.01 / 7.27 [rUC]   312 / 0.07 / 3.48 [sLC]    64 / 0.22 / 5.12 [sUC]   300 / 1.31 / 3.88 
prod_oa          [LP]     0 / 0.00 / 0.00 [init]   407 / 0.01 / 36.42 [rLC]   449 / 0.02 / 52.53 [rUC]   645 / 0.17 / 43.36 [sLC]  2019 / 0.50 / 41.77 [sUC]   879 / 3.15 / 37.60 
prod_sm_fixed    [LP]     0 / 0.00 / 0.00 [init]     0 / 0.00 / 0.00 [rLC]     0 / 0.00 / 0.00 [rUC]     0 / 0.00 / 0.00 [sLC]     0 / 0.00 / 0.00 [sUC]     0 / 0.00 / 0.00 
prod_bin         [LP]     0 / 0.00 / 0.00 [init]     0 / 0.00 / 0.00 [rLC]     0 / 0.00 / 0.00 [rUC]     0 / 0.00 / 0.00 [sLC]     0 / 0.00 / 0.00 [sUC]     0 / 0.00 / 0.00 
prod_local       [LP]     0 / 0.00 / 0.00 [init]     0 / 0.00 / 0.00 [rLC]     0 / 0.00 / 0.00 [rUC]     0 / 0.00 / 0.00 [sLC]     0 / 0.00 / 0.00 [sUC]     0 / 0.00 / 0.00 
prod_sm_C        [LP]     0 / 0.00 / 0.00 [init]     0 / 0.00 / 0.00 [rLC]     0 / 0.00 / 0.00 [rUC]     0 / 0.00 / 0.00 [sLC]     0 / 0.00 / 0.00 [sUC]     0 / 0.00 / 0.00 
facet            [LP]     0 / 0.00 / 0.00 [init]     0 / 0.00 / 0.00 [rLC]     0 / 0.00 / 0.00 [rUC]     0 / 0.00 / 0.00 [sLC]     0 / 0.00 / 0.00 [sUC]     0 / 0.00 / 0.00 
Separation Round:   [LP] 0  [init] 1  [rLC] 2  [rUC] 18  [sLC] 52  [sUC] 376540  
Root Best Bound 472.384038
Root Best Integer: 469.609049
Best Bound: 470.658476
Best Integer: 470.494771
1: 7, 13, 28, 47, 67, 68, 70, 85, 89, 109, 115, 123, 125, 130, 132, 136, 147, 180, 186, 189, 196, 209, 235, 271, 293, 300, 302, 314, 327, 337, 362, 363, 391, 416, 426, 432, 452, 470, 474, 490, 497, 500, 501, 512, 513, 534, 598
2: 55, 361, 532
3: 349
4: 105
Objective Value (calc): 470.454095
sum_etaM = 303.474196 / 303.474196
sum_etaP = 512.249915 / 512.199070
nL: 52
nCL: 5
mCL: 4
