Version identifier: 20.1.0.0 | 2020-11-10 | 9bedb6d68
CPXPARAM_Threads                                 1
CPXPARAM_TimeLimit                               3600
CPXPARAM_MIP_Tolerances_MIPGap                   0
Generic callback                                 0x60
1 of 1 MIP starts provided solutions.
MIP start 'm1' defined initial solution with objective 110.6204.
Tried aggregator 2 times.
MIP Presolve eliminated 34 rows and 20 columns.
MIP Presolve modified 193 coefficients.
Aggregator did 14 substitutions.
Reduced MIP has 1537 rows, 1566 columns, and 11086 nonzeros.
Reduced MIP has 390 binaries, 376 generals, 0 SOSs, and 0 indicators.
Presolve time = 0.01 sec. (4.58 ticks)
Probing time = 0.00 sec. (0.62 ticks)
Tried aggregator 1 time.
Reduced MIP has 1537 rows, 1566 columns, and 11086 nonzeros.
Reduced MIP has 390 binaries, 376 generals, 0 SOSs, and 0 indicators.
Presolve time = 0.00 sec. (2.61 ticks)
Probing time = 0.00 sec. (0.62 ticks)
MIP emphasis: balance optimality and feasibility.
MIP search method: dynamic search.
Parallel mode: none, using 1 thread.
Root relaxation solution time = 0.03 sec. (28.12 ticks)

        Nodes                                         Cuts/
   Node  Left     Objective  IInf  Best Integer    Best Bound    ItCnt     Gap

*     0+    0                          110.6204      400.0000           261.60%
      0     0      119.0991     5      110.6204      119.0991     1282    7.66%
      0     0      111.6657     9      110.6204     Cuts: 230     1459    0.95%
      0     0      111.2255     5      110.6204      Cuts: 45     1499    0.55%

Repeating presolve.
Tried aggregator 1 time.
MIP Presolve eliminated 896 rows and 751 columns.
MIP Presolve modified 124 coefficients.
Reduced MIP has 641 rows, 815 columns, and 2058 nonzeros.
Reduced MIP has 72 binaries, 65 generals, 0 SOSs, and 0 indicators.
Presolve time = 0.00 sec. (1.89 ticks)
Probing time = 0.00 sec. (0.13 ticks)
Tried aggregator 1 time.
Reduced MIP has 641 rows, 815 columns, and 2058 nonzeros.
Reduced MIP has 72 binaries, 65 generals, 0 SOSs, and 0 indicators.
Presolve time = 0.00 sec. (0.63 ticks)
Represolve time = 0.01 sec. (5.96 ticks)
Probing time = 0.00 sec. (0.12 ticks)
MIP emphasis: balance optimality and feasibility.
MIP search method: dynamic search.
Parallel mode: none, using 1 thread.
Root relaxation solution time = 0.02 sec. (23.20 ticks)

        Nodes                                         Cuts/
   Node  Left     Objective  IInf  Best Integer    Best Bound    ItCnt     Gap

*     0+    0                          110.6204      111.2255             0.55%
      0     0      111.0866     9      110.6204      111.0866     2321    0.42%
      0     0      110.8845     3      110.6204      Cuts: 94     2376    0.24%
      0     0      110.8107     6      110.6204   MIRcuts: 33     2432    0.17%
      0     0      110.7975     6      110.6204   MIRcuts: 11     2443    0.16%
      0     2      110.7944     6      110.6204      110.7943     2443    0.16%
Elapsed time = 0.33 sec. (179.11 ticks, tree = 0.01 MB, solutions = 1)

Flow cuts applied:  18
Mixed integer rounding cuts applied:  168
Lift and project cuts applied:  1
Gomory fractional cuts applied:  4
User cuts applied:  150

Root node processing (before b&c):
  Real time             =    0.33 sec. (178.98 ticks)
Sequential b&c:
  Real time             =    0.03 sec. (7.68 ticks)
                          ------------
Total (root+branch&cut) =    0.35 sec. (186.66 ticks)
|V|                                     400
K                                       10
theta                                   0.01
r                                       1
R                                       20
prob_func                               facility_mixture
mixture_low_share                       0.900000
mixture_low_interval                    [0.001000, 0.010000]
mixture_high_interval                   [0.100000, 0.500000]
mixture_seed                            1
#C1                                     460
#CP                                     6282

@Parameters: 
am_callback_heuristic                   false
am_local_search                         true
am_start_heuristic                      false
colocation                              true
comp                                    false
cutC                                    true
cutC_init                               false
cutF                                    false
cutF_init                               false
cutF_stable                             false
cutF_wrong                              false
cutLocal                                false
cutM                                    true
cutM_init                               true
cutM_stable                             false
cutP                                    true
cutP_init                               false
cutP_stable                             false
init                                    true
init_cutF_zero                          false
init_val_greedy                         true
is_Euclidean                            false
is_local_search                         false
is_right_cutP                           true
is_root                                 false
is_silent                               false
is_start                                false
mycut                                   false
pmed                                    false
pre                                     true
stable_root                             false
str                                     false
two_phase                               false
ubstr                                   false
mode                                    Int

am_callback_node_space                  50
init                                    0
mixture_seed                            1
node_space                              5
nodelimit                               -1
nsepa                                   1
strF                                    0
type_delta                              0

EPS                                     0.001000
EPS_FRAC                                0.00
gap                                     0.00
mixture_high_max                        0.50
mixture_high_min                        0.10
mixture_low_max                         0.01
mixture_low_min                         0.00
mixture_low_share                       0.90
timelimit                               3600.00

Number of Closed Sites: 10 / 100 
Number of Confined Sites-1: 14 / 126 
Number of Confined Sites-k: 376 / 2255 
Preprocess Time: 0.90 + 0.00 sec

Solve Time: 0.35
Number of Nodes: 10
Termination Status: OPTIMAL

CutInfo: [phase] num / time (sec) / aver. num_nonzero
max              [LP]     0 / 0.00 / 0.00 [init]   392 / 0.01 / 5.85 [rLC]    95 / 0.02 / 11.41 [rUC]    42 / 0.02 / 11.67 [sLC]     0 / 0.00 / 0.00 [sUC]     0 / 0.00 / 0.00 
prod_oa          [LP]     0 / 0.00 / 0.00 [init]   392 / 0.00 / 15.88 [rLC]   389 / 0.03 / 29.72 [rUC]   102 / 0.01 / 26.37 [sLC]     0 / 0.00 / 0.00 [sUC]     0 / 0.00 / 0.00 
prod_sm_fixed    [LP]     0 / 0.00 / 0.00 [init]     0 / 0.00 / 0.00 [rLC]     0 / 0.00 / 0.00 [rUC]     0 / 0.00 / 0.00 [sLC]     0 / 0.00 / 0.00 [sUC]     0 / 0.00 / 0.00 
prod_bin         [LP]     0 / 0.00 / 0.00 [init]     0 / 0.00 / 0.00 [rLC]     0 / 0.00 / 0.00 [rUC]     0 / 0.00 / 0.00 [sLC]     0 / 0.00 / 0.00 [sUC]     0 / 0.00 / 0.00 
prod_local       [LP]     0 / 0.00 / 0.00 [init]     0 / 0.00 / 0.00 [rLC]     0 / 0.00 / 0.00 [rUC]     0 / 0.00 / 0.00 [sLC]     0 / 0.00 / 0.00 [sUC]     0 / 0.00 / 0.00 
prod_sm_C        [LP]     0 / 0.00 / 0.00 [init]     0 / 0.00 / 0.00 [rLC]     0 / 0.00 / 0.00 [rUC]     0 / 0.00 / 0.00 [sLC]     0 / 0.00 / 0.00 [sUC]     0 / 0.00 / 0.00 
facet            [LP]     0 / 0.00 / 0.00 [init]     0 / 0.00 / 0.00 [rLC]     0 / 0.00 / 0.00 [rUC]     0 / 0.00 / 0.00 [sLC]     0 / 0.00 / 0.00 [sUC]     0 / 0.00 / 0.00 
Separation Round:   [LP] 0  [init] 1  [rLC] 8  [rUC] 7  [sLC] 0  [sUC] 10  
Root Best Bound 110.750386
Root Best Integer: 110.620356
Best Bound: 110.694825
Best Integer: 110.620356
1: 109, 121, 153, 379
2: 213, 331, 399
Objective Value (calc): 110.620356
sum_etaM = 73.504640 / 73.504640
sum_etaP = 110.995262 / 110.995262
nL: 7
nCL: 3
mCL: 2
