Version identifier: 20.1.0.0 | 2020-11-10 | 9bedb6d68
CPXPARAM_Threads                                 1
CPXPARAM_TimeLimit                               3600
CPXPARAM_MIP_Tolerances_MIPGap                   0
Generic callback                                 0x60
1 of 1 MIP starts provided solutions.
MIP start 'm1' defined initial solution with objective 173.6485.
Tried aggregator 2 times.
MIP Presolve eliminated 40 rows and 14 columns.
MIP Presolve modified 192 coefficients.
Aggregator did 26 substitutions.
Reduced MIP has 943 rows, 1160 columns, and 3738 nonzeros.
Reduced MIP has 293 binaries, 267 generals, 0 SOSs, and 0 indicators.
Presolve time = 0.00 sec. (1.93 ticks)
Probing time = 0.00 sec. (0.22 ticks)
Tried aggregator 1 time.
Reduced MIP has 943 rows, 1160 columns, and 3738 nonzeros.
Reduced MIP has 293 binaries, 267 generals, 0 SOSs, and 0 indicators.
Presolve time = 0.00 sec. (1.11 ticks)
Probing time = 0.00 sec. (0.22 ticks)
MIP emphasis: balance optimality and feasibility.
MIP search method: dynamic search.
Parallel mode: none, using 1 thread.
Root relaxation solution time = 0.01 sec. (4.84 ticks)

        Nodes                                         Cuts/
   Node  Left     Objective  IInf  Best Integer    Best Bound    ItCnt     Gap

*     0+    0                          173.6485      300.0000            72.76%
      0     0      247.0212    76      173.6485      247.0212      645   42.25%
      0     0      174.8132   202      173.6485     Cuts: 301      965    0.67%
      0     0      174.2674   267      173.6485     Cuts: 201     1182    0.36%
      0     0      174.1671   221      173.6485     Cuts: 124     1309    0.30%
      0     0      174.1066   219      173.6485      Cuts: 65     1388    0.26%
      0     0      174.0953   206      173.6485      Cuts: 32     1425    0.26%
      0     0      174.0372   196      173.6485      Cuts: 27     1468    0.22%
      0     0      174.0354   208      173.6485      Cuts: 22     1493    0.22%
      0     0      174.0313   199      173.6485      Cuts: 14     1525    0.22%
      0     0      174.0308   200      173.6485      Cuts: 18     1545    0.22%
      0     0      174.0291   210      173.6485 UserPurge2: 13     1580    0.22%
      0     0      174.0284   208      173.6485 UserPurge2: 9     1592    0.22%
      0     0      174.0283   212      173.6485 UserPurge2: 3     1598    0.22%
      0     0      174.0282   206      173.6485 UserPurge2: 5     1602    0.22%
      0     2      174.0282   206      173.6485      174.0279     1602    0.22%
Elapsed time = 0.50 sec. (289.69 ticks, tree = 0.01 MB, solutions = 1)
*    60+   58                          173.6563      174.0254             0.21%
     75    71      173.8587   200      173.6563      174.0249     3341    0.21%
    128   110      173.9881   177      173.6563      174.0157     4994    0.21%
*   170+  112                          173.6806      173.9911             0.18%
    200   144      173.7179    50      173.6806      173.9911     6246    0.18%
    290   212      173.7074   188      173.6806      173.9712     8035    0.17%
*   310+  223                          173.6890      173.9712             0.16%
    360   256      173.7599   119      173.6890      173.9451     9322    0.15%
    432   289        cutoff            173.6890      173.9380    10828    0.14%
    503   315      173.7495   135      173.6890      173.8585    12685    0.10%
    600   382      173.8414   155      173.6890      173.8503    14443    0.09%
    680   442      173.7506   155      173.6890      173.8466    15912    0.09%
*   720+  396                          173.7017      173.8462             0.08%

Performing restart 1

Repeating presolve.
Tried aggregator 1 time.
MIP Presolve eliminated 177 rows and 109 columns.
MIP Presolve modified 76 coefficients.
Reduced MIP has 766 rows, 1051 columns, and 2891 nonzeros.
Reduced MIP has 248 binaries, 203 generals, 0 SOSs, and 0 indicators.
Presolve time = 0.00 sec. (1.26 ticks)
Tried aggregator 1 time.
Reduced MIP has 766 rows, 1051 columns, and 2891 nonzeros.
Reduced MIP has 248 binaries, 203 generals, 0 SOSs, and 0 indicators.
Presolve time = 0.00 sec. (0.99 ticks)
Represolve time = 0.05 sec. (6.43 ticks)
    954     0      173.8557   206      173.7017      Cuts: 32    21635    0.07%
    954     0      173.8513   194      173.7017    MIRcuts: 4    21653    0.07%
    954     0      173.8508   192      173.7017      Fract: 1    21658    0.07%
    954     2      173.8508   195      173.7017      173.8268    21658    0.07%
Elapsed time = 8.16 sec. (3848.97 ticks, tree = 0.01 MB, solutions = 5)
*  1094+   42                          173.7021      173.7132             0.01%
*  1124+   35                          173.7034      173.7113             0.00%

Flow cuts applied:  10
Mixed integer rounding cuts applied:  56
Lift and project cuts applied:  1
Gomory fractional cuts applied:  14
User cuts applied:  534

Root node processing (before b&c):
  Real time             =    0.50 sec. (289.71 ticks)
Sequential b&c:
  Real time             =    9.02 sec. (4465.73 ticks)
                          ------------
Total (root+branch&cut) =    9.52 sec. (4755.44 ticks)
|V|                                     300
K                                       100
theta                                   0.01
r                                       1
R                                       20
prob_func                               facility_mixture
mixture_low_share                       0.900000
mixture_low_interval                    [0.001000, 0.010000]
mixture_high_interval                   [0.100000, 0.500000]
mixture_seed                            1
#C1                                     340
#CP                                     2178

@Parameters: 
am_callback_heuristic                   false
am_local_search                         true
am_start_heuristic                      false
colocation                              true
comp                                    false
cutC                                    true
cutC_init                               false
cutF                                    true
cutF_init                               false
cutF_stable                             false
cutF_wrong                              false
cutLocal                                false
cutM                                    true
cutM_init                               true
cutM_stable                             false
cutP                                    true
cutP_init                               false
cutP_stable                             false
init                                    true
init_cutF_zero                          false
init_val_greedy                         true
is_Euclidean                            false
is_local_search                         false
is_right_cutP                           true
is_root                                 false
is_silent                               false
is_start                                false
mycut                                   false
pmed                                    false
pre                                     true
stable_root                             false
str                                     false
two_phase                               false
ubstr                                   false
mode                                    Int

am_callback_node_space                  50
init                                    0
mixture_seed                            1
node_space                              5
nodelimit                               -1
nsepa                                   1
strF                                    0
type_delta                              0

EPS                                     0.001000
EPS_FRAC                                0.00
gap                                     0.00
mixture_high_max                        0.50
mixture_high_min                        0.10
mixture_low_max                         0.01
mixture_low_min                         0.00
mixture_low_share                       0.90
timelimit                               3600.00

Number of Closed Sites: 7 / 700 
Number of Confined Sites-1: 26 / 2574 
Number of Confined Sites-k: 267 / 9547 
Preprocess Time: 0.45 + 0.00 sec

Solve Time: 9.52
Number of Nodes: 1198
Termination Status: OPTIMAL

CutInfo: [phase] num / time (sec) / aver. num_nonzero
max              [LP]     0 / 0.00 / 0.00 [init]   204 / 0.00 / 1.24 [rLC]   199 / 0.00 / 5.05 [rUC]   102 / 0.01 / 2.53 [sLC]     0 / 0.01 / 0.00 [sUC]    36 / 0.57 / 4.03 
prod_oa          [LP]     0 / 0.00 / 0.00 [init]   204 / 0.00 / 8.46 [rLC]   256 / 0.00 / 11.34 [rUC]    77 / 0.01 / 14.84 [sLC]     4 / 0.01 / 19.75 [sUC]   102 / 0.34 / 16.47 
prod_sm_fixed    [LP]     0 / 0.00 / 0.00 [init]     0 / 0.00 / 0.00 [rLC]     0 / 0.00 / 0.00 [rUC]     0 / 0.00 / 0.00 [sLC]     0 / 0.00 / 0.00 [sUC]     0 / 0.00 / 0.00 
prod_bin         [LP]     0 / 0.00 / 0.00 [init]     0 / 0.00 / 0.00 [rLC]     0 / 0.00 / 0.00 [rUC]     0 / 0.00 / 0.00 [sLC]     0 / 0.00 / 0.00 [sUC]     0 / 0.00 / 0.00 
prod_local       [LP]     0 / 0.00 / 0.00 [init]     0 / 0.00 / 0.00 [rLC]     0 / 0.00 / 0.00 [rUC]     0 / 0.00 / 0.00 [sLC]     0 / 0.00 / 0.00 [sUC]     0 / 0.00 / 0.00 
prod_sm_C        [LP]     0 / 0.00 / 0.00 [init]     0 / 0.00 / 0.00 [rLC]     0 / 0.01 / 0.00 [rUC]   536 / 0.05 / 16.88 [sLC]     0 / 0.02 / 0.00 [sUC]   461 / 1.44 / 22.68 
facet            [LP]     0 / 0.00 / 0.00 [init]     0 / 0.00 / 0.00 [rLC]     0 / 0.00 / 0.00 [rUC]   536 / 0.00 / 0.00 [sLC]     0 / 0.00 / 0.00 [sUC]   461 / 0.00 / 0.00 
Separation Round:   [LP] 0  [init] 1  [rLC] 3  [rUC] 15  [sLC] 7  [sUC] 2213  
Root Best Bound 174.026374
Root Best Integer: 173.648520
Best Bound: 173.706038
Best Integer: 173.703405
1: 10, 11, 16, 27, 28, 30, 32, 33, 34, 35, 39, 42, 44, 45, 48, 51, 53, 60, 62, 70, 77, 79, 84, 85, 89, 93, 96, 99, 100, 102, 115, 116, 118, 119, 120, 133, 136, 142, 144, 148, 150, 164, 167, 170, 172, 175, 176, 179, 180, 181, 182, 185, 193, 203, 212, 213, 214, 219, 222, 224, 235, 238, 244, 249, 251, 252, 255, 256, 257, 259, 263, 267, 268, 274, 277, 284, 287, 290, 295, 298, 300
2: 122, 240, 286
3: 103, 124, 201
4: 112
Objective Value (calc): 173.702611
sum_etaM = 139.412323 / 139.412323
sum_etaP = 174.049780 / 174.048978
nL: 88
nCL: 7
mCL: 4
