Version identifier: 20.1.0.0 | 2020-11-10 | 9bedb6d68
CPXPARAM_Threads                                 1
CPXPARAM_TimeLimit                               3600
CPXPARAM_MIP_Tolerances_MIPGap                   0
Generic callback                                 0x60
1 of 1 MIP starts provided solutions.
MIP start 'm1' defined initial solution with objective 47.5366.
Tried aggregator 2 times.
MIP Presolve eliminated 64 rows and 32 columns.
MIP Presolve modified 110 coefficients.
Aggregator did 32 substitutions.
Reduced MIP has 1095 rows, 1136 columns, and 5677 nonzeros.
Reduced MIP has 284 binaries, 252 generals, 0 SOSs, and 0 indicators.
Presolve time = 0.00 sec. (2.70 ticks)
Probing time = 0.00 sec. (0.32 ticks)
Tried aggregator 1 time.
Reduced MIP has 1095 rows, 1136 columns, and 5677 nonzeros.
Reduced MIP has 284 binaries, 252 generals, 0 SOSs, and 0 indicators.
Presolve time = 0.00 sec. (1.53 ticks)
Probing time = 0.00 sec. (0.32 ticks)
MIP emphasis: balance optimality and feasibility.
MIP search method: dynamic search.
Parallel mode: none, using 1 thread.
Root relaxation solution time = 0.01 sec. (8.01 ticks)

        Nodes                                         Cuts/
   Node  Left     Objective  IInf  Best Integer    Best Bound    ItCnt     Gap

*     0+    0                           47.5366      300.0000           531.09%
      0     0       48.3916     4       47.5366       53.2746      923   12.07%
      0     0       47.6845     5       47.5366      Cuts: 48      963    0.31%
      0     0       47.5982     4       47.5366      Cuts: 15      976    0.13%

Repeating presolve.
Tried aggregator 1 time.
MIP Presolve eliminated 691 rows and 644 columns.
MIP Presolve modified 99 coefficients.
Reduced MIP has 404 rows, 492 columns, and 1119 nonzeros.
Reduced MIP has 49 binaries, 43 generals, 0 SOSs, and 0 indicators.
Presolve time = 0.00 sec. (1.13 ticks)
Probing time = 0.00 sec. (0.07 ticks)
Tried aggregator 1 time.
Reduced MIP has 404 rows, 492 columns, and 1119 nonzeros.
Reduced MIP has 49 binaries, 43 generals, 0 SOSs, and 0 indicators.
Presolve time = 0.00 sec. (0.36 ticks)
Represolve time = 0.00 sec. (2.72 ticks)
Probing time = 0.00 sec. (0.07 ticks)
MIP emphasis: balance optimality and feasibility.
MIP search method: dynamic search.
Parallel mode: none, using 1 thread.
Root relaxation solution time = 0.00 sec. (3.63 ticks)

        Nodes                                         Cuts/
   Node  Left     Objective  IInf  Best Integer    Best Bound    ItCnt     Gap

*     0+    0                           47.5366       47.5982             0.13%
      0     0       47.5982     4       47.5366       47.5982     1399    0.13%
      0     0       47.5928     4       47.5366      Fract: 2     1402    0.12%
      0     0       47.5874     4       47.5366      Fract: 2     1405    0.11%

Repeating presolve.
Tried aggregator 1 time.
MIP Presolve eliminated 160 rows and 164 columns.
MIP Presolve modified 41 coefficients.
Reduced MIP has 244 rows, 328 columns, and 627 nonzeros.
Reduced MIP has 21 binaries, 21 generals, 0 SOSs, and 0 indicators.
Presolve time = 0.00 sec. (0.39 ticks)
Probing fixed 0 vars, tightened 12 bounds.
Probing time = 0.00 sec. (0.22 ticks)
Tried aggregator 1 time.
Reduced MIP has 244 rows, 328 columns, and 627 nonzeros.
Reduced MIP has 21 binaries, 21 generals, 0 SOSs, and 0 indicators.
Presolve time = 0.00 sec. (0.21 ticks)
Represolve time = 0.00 sec. (1.30 ticks)
Probing time = 0.00 sec. (0.21 ticks)
MIP emphasis: balance optimality and feasibility.
MIP search method: dynamic search.
Parallel mode: none, using 1 thread.
Root relaxation solution time = 0.00 sec. (2.09 ticks)

        Nodes                                         Cuts/
   Node  Left     Objective  IInf  Best Integer    Best Bound    ItCnt     Gap

*     0+    0                           47.5366       47.5874             0.11%
      0     0       47.5874     4       47.5366       47.5874     1672    0.11%
      0     0       47.5820     4       47.5366      Fract: 2     1675    0.10%
      0     0       47.5767     4       47.5366      Fract: 2     1678    0.08%
      0     2       47.5767     4       47.5366       47.5765     1678    0.08%
Elapsed time = 0.18 sec. (60.59 ticks, tree = 0.01 MB, solutions = 1)

Mixed integer rounding cuts applied:  21
Gomory fractional cuts applied:  11
User cuts applied:  44

Root node processing (before b&c):
  Real time             =    0.18 sec. (60.61 ticks)
Sequential b&c:
  Real time             =    0.00 sec. (0.26 ticks)
                          ------------
Total (root+branch&cut) =    0.18 sec. (60.87 ticks)
|V|                                     300
K                                       5
theta                                   0.20
r                                       2
R                                       20
prob_func                               facility_mixture
mixture_low_share                       0.900000
mixture_low_interval                    [0.001000, 0.010000]
mixture_high_interval                   [0.100000, 0.500000]
mixture_seed                            1
#C1                                     390
#CP                                     2502

@Parameters: 
am_callback_heuristic                   false
am_local_search                         true
am_start_heuristic                      false
colocation                              true
comp                                    false
cutC                                    true
cutC_init                               false
cutF                                    true
cutF_init                               false
cutF_stable                             false
cutF_wrong                              false
cutLocal                                false
cutM                                    true
cutM_init                               true
cutM_stable                             false
cutP                                    true
cutP_init                               false
cutP_stable                             false
init                                    true
init_cutF_zero                          false
init_val_greedy                         true
is_Euclidean                            false
is_local_search                         false
is_right_cutP                           true
is_root                                 false
is_silent                               false
is_start                                false
mycut                                   false
pmed                                    false
pre                                     true
stable_root                             false
str                                     false
two_phase                               false
ubstr                                   false
mode                                    Int

am_callback_node_space                  50
init                                    0
mixture_seed                            1
node_space                              5
nodelimit                               -1
nsepa                                   1
strF                                    0
type_delta                              0

EPS                                     0.001000
EPS_FRAC                                0.00
gap                                     0.00
mixture_high_max                        0.50
mixture_high_min                        0.10
mixture_low_max                         0.01
mixture_low_min                         0.00
mixture_low_share                       0.90
timelimit                               3600.00

Number of Closed Sites: 16 / 80 
Number of Confined Sites-1: 32 / 128 
Number of Confined Sites-k: 252 / 504 
Preprocess Time: 0.43 + 0.00 sec

Solve Time: 0.18
Number of Nodes: 3
Termination Status: OPTIMAL

CutInfo: [phase] num / time (sec) / aver. num_nonzero
max              [LP]     0 / 0.00 / 0.00 [init]   295 / 0.01 / 4.48 [rLC]    22 / 0.01 / 9.41 [rUC]     0 / 0.02 / 0.00 [sLC]     0 / 0.00 / 0.00 [sUC]     0 / 0.00 / 0.00 
prod_oa          [LP]     0 / 0.00 / 0.00 [init]   295 / 0.00 / 8.84 [rLC]    87 / 0.00 / 21.57 [rUC]     0 / 0.01 / 0.00 [sLC]     0 / 0.00 / 0.00 [sUC]     0 / 0.00 / 0.00 
prod_sm_fixed    [LP]     0 / 0.00 / 0.00 [init]     0 / 0.00 / 0.00 [rLC]     0 / 0.00 / 0.00 [rUC]     0 / 0.00 / 0.00 [sLC]     0 / 0.00 / 0.00 [sUC]     0 / 0.00 / 0.00 
prod_bin         [LP]     0 / 0.00 / 0.00 [init]     0 / 0.00 / 0.00 [rLC]     0 / 0.00 / 0.00 [rUC]     0 / 0.00 / 0.00 [sLC]     0 / 0.00 / 0.00 [sUC]     0 / 0.00 / 0.00 
prod_local       [LP]     0 / 0.00 / 0.00 [init]     0 / 0.00 / 0.00 [rLC]     0 / 0.00 / 0.00 [rUC]     0 / 0.00 / 0.00 [sLC]     0 / 0.00 / 0.00 [sUC]     0 / 0.00 / 0.00 
prod_sm_C        [LP]     0 / 0.00 / 0.00 [init]     0 / 0.00 / 0.00 [rLC]     0 / 0.01 / 0.00 [rUC]    63 / 0.03 / 34.08 [sLC]     0 / 0.00 / 0.00 [sUC]     0 / 0.00 / 0.00 
facet            [LP]     0 / 0.00 / 0.00 [init]     0 / 0.00 / 0.00 [rLC]     0 / 0.00 / 0.00 [rUC]    63 / 0.00 / 0.00 [sLC]     0 / 0.00 / 0.00 [sUC]     0 / 0.00 / 0.00 
Separation Round:   [LP] 0  [init] 1  [rLC] 4  [rUC] 8  [sLC] 0  [sUC] 0  
Root Best Bound 47.576680
Root Best Integer: 47.536600
Best Bound: 47.576680
Best Integer: 47.536600
1: 102, 185, 201
2: 177
Objective Value (calc): 47.536600
sum_etaM = 38.003949 / 38.003949
sum_etaP = 49.919763 / 49.919763
nL: 4
nCL: 1
mCL: 2
