Version identifier: 20.1.0.0 | 2020-11-10 | 9bedb6d68
CPXPARAM_Threads                                 1
CPXPARAM_TimeLimit                               3600
CPXPARAM_MIP_Tolerances_MIPGap                   0
Generic callback                                 0x60
1 of 1 MIP starts provided solutions.
MIP start 'm1' defined initial solution with objective 213.9264.
Tried aggregator 2 times.
MIP Presolve eliminated 37 rows and 34 columns.
Aggregator did 3 substitutions.
Reduced MIP has 1339 rows, 1563 columns, and 11006 nonzeros.
Reduced MIP has 383 binaries, 380 generals, 0 SOSs, and 0 indicators.
Presolve time = 0.01 sec. (4.65 ticks)
Probing time = 0.00 sec. (0.56 ticks)
Tried aggregator 1 time.
Reduced MIP has 1339 rows, 1563 columns, and 11006 nonzeros.
Reduced MIP has 383 binaries, 380 generals, 0 SOSs, and 0 indicators.
Presolve time = 0.00 sec. (2.68 ticks)
Probing time = 0.00 sec. (0.56 ticks)
MIP emphasis: balance optimality and feasibility.
MIP search method: dynamic search.
Parallel mode: none, using 1 thread.
Root relaxation solution time = 0.05 sec. (53.35 ticks)

        Nodes                                         Cuts/
   Node  Left     Objective  IInf  Best Integer    Best Bound    ItCnt     Gap

*     0+    0                          213.9264      400.0000            86.98%
      0     0      266.8274    16      213.9264      266.8274     1310   24.73%
      0     0      222.2226    60      213.9264     Cuts: 434     1804    3.88%
      0     0      219.8601    56      213.9264     Cuts: 323     2100    2.77%
      0     0      219.3147    76      213.9264     Cuts: 181     2283    2.52%
      0     0      219.0021    70      213.9264     Cuts: 124     2415    2.37%
      0     0      218.8981    76      213.9264     Cuts: 119     2513    2.32%
      0     0      218.8154    68      213.9264      Cuts: 79     2591    2.29%
      0     0      218.7498    78      213.9264      Cuts: 84     2671    2.25%
      0     0      218.7253    82      213.9264      Cuts: 36     2720    2.24%
      0     0      218.7027    80      213.9264      Cuts: 32     2758    2.23%
      0     0      218.6986    80      213.9264      Cuts: 28     2779    2.23%
      0     0      218.6958    78      213.9264 UserPurge2: 16     2806    2.23%
      0     0      218.6935    82      213.9264 UserPurge2: 29     2833    2.23%
      0     0      218.6926    82      213.9264 UserPurge2: 28     2846    2.23%
      0     0      218.6919    82      213.9264 UserPurge2: 6     2853    2.23%
      0     0      218.6917    80      213.9264 UserPurge2: 11     2860    2.23%
      0     0      218.6898    82      213.9264 UserPurge2: 14     2870    2.23%
      0     0      218.6894    82      213.9264 UserPurge2: 6     2877    2.23%
      0     0      218.6891    82      213.9264 UserPurge2: 10     2885    2.23%
      0     0      218.6885    80      213.9264 UserPurge2: 4     2892    2.23%
      0     0      218.6883    80      213.9264 UserPurge2: 2     2896    2.23%
      0     0      218.6878    80      213.9264 UserPurge2: 3     2905    2.23%
      0     0      218.6877    80      213.9264 UserPurge2: 13     2913    2.23%
*     0+    0                          214.5741      218.6877             1.92%
*     0+    0                          216.3563      218.6877             1.08%

Repeating presolve.
Tried aggregator 1 time.
MIP Presolve eliminated 587 rows and 547 columns.
MIP Presolve modified 74 coefficients.
Reduced MIP has 752 rows, 1016 columns, and 5905 nonzeros.
Reduced MIP has 139 binaries, 111 generals, 0 SOSs, and 0 indicators.
Presolve time = 0.00 sec. (3.01 ticks)
Probing time = 0.00 sec. (0.29 ticks)
Tried aggregator 1 time.
Reduced MIP has 752 rows, 1016 columns, and 5905 nonzeros.
Reduced MIP has 139 binaries, 111 generals, 0 SOSs, and 0 indicators.
Presolve time = 0.00 sec. (1.48 ticks)
Represolve time = 0.02 sec. (16.69 ticks)
Probing time = 0.00 sec. (0.29 ticks)
MIP emphasis: balance optimality and feasibility.
MIP search method: dynamic search.
Parallel mode: none, using 1 thread.
Root relaxation solution time = 0.13 sec. (173.90 ticks)

        Nodes                                         Cuts/
   Node  Left     Objective  IInf  Best Integer    Best Bound    ItCnt     Gap

*     0+    0                          216.3563      218.6877             1.08%
      0     0      218.5872    76      216.3563      218.5872     4776    1.03%
      0     0      218.5173    80      216.3563      Cuts: 68     4887    1.00%
      0     0      218.5096    76      216.3563      Cuts: 10     4909    1.00%
      0     0      218.5046    82      216.3563 UserPurge2: 25     4935    0.99%
      0     0      218.5035    86      216.3563 UserPurge2: 9     4949    0.99%
      0     0      218.5030    82      216.3563 UserPurge2: 12     4965    0.99%
      0     0      218.5019    82      216.3563 UserPurge2: 23     4981    0.99%
      0     0      218.5017    84      216.3563 UserPurge2: 2     4990    0.99%
      0     0      218.5017    86      216.3563 UserPurge2: 5     4995    0.99%
      0     0      218.5016    86      216.3563 UserPurge2: 10     5002    0.99%
      0     0      218.5015    86      216.3563 UserPurge2: 2     5009    0.99%
      0     0      218.5012    82      216.3563 UserPurge2: 6     5016    0.99%
      0     0      218.5010    86      216.3563 UserPurge2: 5     5022    0.99%
      0     0      218.5010    86      216.3563 UserPurge2: 1     5024    0.99%
*     0+    0                          216.5087      218.5010             0.92%
      0     2      218.5000    82      216.5087      218.4997     5024    0.92%
Elapsed time = 3.17 sec. (1833.99 ticks, tree = 0.01 MB, solutions = 4)
*     5     5      integral     0      216.9714      218.4995     6138    0.70%
     16    10      217.3480    64      216.9714      218.1805     8617    0.56%
     26    10      217.1442    62      216.9714      218.1670    10338    0.55%
     33     9      217.0160    74      216.9714      217.5789    12436    0.28%

Flow cuts applied:  6
Mixed integer rounding cuts applied:  19
User cuts applied:  1303

Root node processing (before b&c):
  Real time             =    3.17 sec. (1833.90 ticks)
Sequential b&c:
  Real time             =    1.12 sec. (1111.00 ticks)
                          ------------
Total (root+branch&cut) =    4.29 sec. (2944.91 ticks)
|V|                                     400
K                                       10
theta                                   0.50
r                                       10
R                                       25
prob_func                               linear
#C1                                     1738
#CP                                     11266

@Parameters: 
am_callback_heuristic                   false
am_local_search                         true
am_start_heuristic                      false
colocation                              true
comp                                    false
cutC                                    true
cutC_init                               false
cutF                                    true
cutF_init                               false
cutF_stable                             false
cutF_wrong                              false
cutLocal                                false
cutM                                    true
cutM_init                               true
cutM_stable                             false
cutP                                    true
cutP_init                               false
cutP_stable                             false
init                                    true
init_cutF_zero                          false
init_val_greedy                         true
is_Euclidean                            false
is_local_search                         true
is_right_cutP                           true
is_root                                 false
is_silent                               false
is_start                                false
mycut                                   false
pmed                                    false
pre                                     true
stable_root                             false
str                                     true
two_phase                               false
ubstr                                   false
mode                                    Int

am_callback_node_space                  50
init                                    0
mixture_seed                            1
node_space                              5
nodelimit                               -1
nsepa                                   1
strF                                    0
type_delta                              0

EPS                                     0.001000
EPS_FRAC                                0.00
gap                                     0.00
mixture_high_max                        0.99
mixture_high_min                        0.90
mixture_low_max                         0.01
mixture_low_min                         0.00
mixture_low_share                       0.80
timelimit                               3600.00

Number of Closed Sites: 17 / 170 
Number of Confined Sites-1: 3 / 27 
Number of Confined Sites-k: 380 / 1129 
Preprocess Time: 0.42 + 0.00 sec

Solve Time: 4.29
Number of Nodes: 47
Termination Status: OPTIMAL

CutInfo: [phase] num / time (sec) / aver. num_nonzero
max              [LP]     0 / 0.00 / 0.00 [init]   289 / 0.01 / 8.52 [rLC]   255 / 0.03 / 23.92 [rUC]   900 / 0.09 / 17.68 [sLC]     0 / 0.01 / 0.00 [sUC]   215 / 0.03 / 20.23 
prod_oa          [LP]     0 / 0.00 / 0.00 [init]   289 / 0.00 / 22.39 [rLC]   466 / 0.02 / 44.16 [rUC]   134 / 0.16 / 38.58 [sLC]     1 / 0.01 / 38.00 [sUC]    49 / 0.03 / 42.49 
prod_sm_fixed    [LP]     0 / 0.00 / 0.00 [init]     0 / 0.00 / 0.00 [rLC]     0 / 0.00 / 0.00 [rUC]     0 / 0.00 / 0.00 [sLC]     0 / 0.00 / 0.00 [sUC]     0 / 0.00 / 0.00 
prod_bin         [LP]     0 / 0.00 / 0.00 [init]     0 / 0.00 / 0.00 [rLC]     0 / 0.00 / 0.00 [rUC]     0 / 0.00 / 0.00 [sLC]     0 / 0.00 / 0.00 [sUC]     0 / 0.00 / 0.00 
prod_local       [LP]     0 / 0.00 / 0.00 [init]     0 / 0.00 / 0.00 [rLC]     0 / 0.00 / 0.00 [rUC]     0 / 0.00 / 0.00 [sLC]     0 / 0.00 / 0.00 [sUC]     0 / 0.00 / 0.00 
prod_sm_C        [LP]     0 / 0.00 / 0.00 [init]     0 / 0.01 / 0.00 [rLC]     0 / 0.12 / 0.00 [rUC]  1065 / 0.57 / 75.29 [sLC]     0 / 0.03 / 0.00 [sUC]   414 / 0.12 / 89.79 
facet            [LP]     0 / 0.00 / 0.00 [init]     0 / 0.00 / 0.00 [rLC]     0 / 0.00 / 0.00 [rUC]  1065 / 0.00 / 0.00 [sLC]     0 / 0.00 / 0.00 [sUC]   414 / 0.00 / 0.00 
Separation Round:   [LP] 0  [init] 1  [rLC] 9  [rUC] 35  [sLC] 2  [sUC] 54  
Root Best Bound 218.499497
Root Best Integer: 216.508682
Best Bound: 217.300741
Best Integer: 216.971423
1: 92, 116, 120, 141, 173, 199, 203, 331, 360, 392
Objective Value (calc): 216.971205
sum_etaM = 210.933333 / 210.933333
sum_etaP = 223.009512 / 223.009076
nL: 10
nCL: 0
mCL: 1
