Version identifier: 20.1.0.0 | 2020-11-10 | 9bedb6d68
CPXPARAM_Threads                                 1
CPXPARAM_TimeLimit                               3600
CPXPARAM_MIP_Tolerances_MIPGap                   0
Generic callback                                 0x60
1 of 1 MIP starts provided solutions.
MIP start 'm1' defined initial solution with objective 31.5203.
Tried aggregator 2 times.
MIP Presolve eliminated 75 rows and 26 columns.
MIP Presolve modified 16 coefficients.
Aggregator did 49 substitutions.
Reduced MIP has 231 rows, 325 columns, and 604 nonzeros.
Reduced MIP has 87 binaries, 38 generals, 0 SOSs, and 0 indicators.
Presolve time = 0.00 sec. (0.59 ticks)
Probing time = 0.00 sec. (0.04 ticks)
Tried aggregator 1 time.
Reduced MIP has 231 rows, 325 columns, and 604 nonzeros.
Reduced MIP has 87 binaries, 38 generals, 0 SOSs, and 0 indicators.
Presolve time = 0.00 sec. (0.25 ticks)
Probing time = 0.00 sec. (0.04 ticks)
MIP emphasis: balance optimality and feasibility.
MIP search method: dynamic search.
Parallel mode: none, using 1 thread.
Root relaxation solution time = 0.00 sec. (0.54 ticks)

        Nodes                                         Cuts/
   Node  Left     Objective  IInf  Best Integer    Best Bound    ItCnt     Gap

*     0+    0                           31.5203      100.0000           217.26%
      0     0       49.0503     6       31.5203       49.0503      193   55.61%
      0     0       31.9622    12       31.5203      Cuts: 20      214    1.40%
      0     0       31.7420    15       31.5203      Cuts: 11      221    0.70%

Repeating presolve.
Tried aggregator 1 time.
MIP Presolve eliminated 87 rows and 107 columns.
MIP Presolve modified 25 coefficients.
Reduced MIP has 144 rows, 218 columns, and 365 nonzeros.
Reduced MIP has 48 binaries, 24 generals, 0 SOSs, and 0 indicators.
Presolve time = 0.00 sec. (0.26 ticks)
Probing time = 0.00 sec. (0.02 ticks)
Tried aggregator 1 time.
Reduced MIP has 144 rows, 218 columns, and 365 nonzeros.
Reduced MIP has 48 binaries, 24 generals, 0 SOSs, and 0 indicators.
Presolve time = 0.00 sec. (0.14 ticks)
Represolve time = 0.00 sec. (0.62 ticks)
Probing time = 0.00 sec. (0.02 ticks)
MIP emphasis: balance optimality and feasibility.
MIP search method: dynamic search.
Parallel mode: none, using 1 thread.
Root relaxation solution time = 0.01 sec. (1.27 ticks)

        Nodes                                         Cuts/
   Node  Left     Objective  IInf  Best Integer    Best Bound    ItCnt     Gap

*     0+    0                           31.5203       31.7420             0.70%
      0     0       31.7293     7       31.5203       31.7293      409    0.66%
      0     0       31.7050    13       31.5203       Cuts: 5      415    0.59%
*     0     0      integral     0       31.6975       Cuts: 4      416    0.00%
      0     0        cutoff             31.6975       31.6975      416    0.00%
Elapsed time = 0.08 sec. (14.18 ticks, tree = 0.01 MB, solutions = 2)

Flow cuts applied:  8
Mixed integer rounding cuts applied:  4
Gomory fractional cuts applied:  9
User cuts applied:  58

Root node processing (before b&c):
  Real time             =    0.08 sec. (14.20 ticks)
Sequential b&c:
  Real time             =    0.00 sec. (0.00 ticks)
                          ------------
Total (root+branch&cut) =    0.08 sec. (14.20 ticks)
|V|                                     100
K                                       10
theta                                   0.50
r                                       10
R                                       25
prob_func                               linear
#C1                                     152
#CP                                     78

@Parameters: 
am_callback_heuristic                   false
am_local_search                         true
am_start_heuristic                      false
colocation                              true
comp                                    false
cutC                                    true
cutC_init                               false
cutF                                    false
cutF_init                               false
cutF_stable                             false
cutF_wrong                              false
cutLocal                                false
cutM                                    true
cutM_init                               true
cutM_stable                             false
cutP                                    true
cutP_init                               false
cutP_stable                             false
init                                    true
init_cutF_zero                          false
init_val_greedy                         true
is_Euclidean                            false
is_local_search                         false
is_right_cutP                           true
is_root                                 false
is_silent                               false
is_start                                false
mycut                                   false
pmed                                    false
pre                                     true
stable_root                             false
str                                     false
two_phase                               false
ubstr                                   false
mode                                    Int

am_callback_node_space                  50
init                                    0
mixture_seed                            1
node_space                              5
nodelimit                               -1
nsepa                                   1
strF                                    0
type_delta                              0

EPS                                     0.001000
EPS_FRAC                                0.00
gap                                     0.00
mixture_high_max                        0.99
mixture_high_min                        0.90
mixture_low_max                         0.01
mixture_low_min                         0.00
mixture_low_share                       0.80
timelimit                               3600.00

Number of Closed Sites: 13 / 130 
Number of Confined Sites-1: 49 / 441 
Number of Confined Sites-k: 38 / 196 
Preprocess Time: 0.04 + 0.00 sec

Solve Time: 0.08
Number of Nodes: 0
Termination Status: OPTIMAL

CutInfo: [phase] num / time (sec) / aver. num_nonzero
max              [LP]     0 / 0.00 / 0.00 [init]    77 / 0.00 / 1.39 [rLC]    40 / 0.00 / 3.35 [rUC]     6 / 0.00 / 4.67 [sLC]     0 / 0.00 / 0.00 [sUC]     0 / 0.00 / 0.00 
prod_oa          [LP]     0 / 0.00 / 0.00 [init]    77 / 0.00 / 1.69 [rLC]    48 / 0.00 / 3.65 [rUC]     7 / 0.00 / 5.29 [sLC]     0 / 0.00 / 0.00 [sUC]     0 / 0.00 / 0.00 
prod_sm_fixed    [LP]     0 / 0.00 / 0.00 [init]     0 / 0.00 / 0.00 [rLC]     0 / 0.00 / 0.00 [rUC]     0 / 0.00 / 0.00 [sLC]     0 / 0.00 / 0.00 [sUC]     0 / 0.00 / 0.00 
prod_bin         [LP]     0 / 0.00 / 0.00 [init]     0 / 0.00 / 0.00 [rLC]     0 / 0.00 / 0.00 [rUC]     0 / 0.00 / 0.00 [sLC]     0 / 0.00 / 0.00 [sUC]     0 / 0.00 / 0.00 
prod_local       [LP]     0 / 0.00 / 0.00 [init]     0 / 0.00 / 0.00 [rLC]     0 / 0.00 / 0.00 [rUC]     0 / 0.00 / 0.00 [sLC]     0 / 0.00 / 0.00 [sUC]     0 / 0.00 / 0.00 
prod_sm_C        [LP]     0 / 0.00 / 0.00 [init]     0 / 0.00 / 0.00 [rLC]     0 / 0.00 / 0.00 [rUC]     0 / 0.00 / 0.00 [sLC]     0 / 0.00 / 0.00 [sUC]     0 / 0.00 / 0.00 
facet            [LP]     0 / 0.00 / 0.00 [init]     0 / 0.00 / 0.00 [rLC]     0 / 0.00 / 0.00 [rUC]     0 / 0.00 / 0.00 [sLC]     0 / 0.00 / 0.00 [sUC]     0 / 0.00 / 0.00 
Separation Round:   [LP] 0  [init] 1  [rLC] 5  [rUC] 4  [sLC] 0  [sUC] 0  
Root Best Bound 31.697481
Root Best Integer: 31.520296
Best Bound: 31.697481
Best Integer: 31.520296
1: 8, 12, 27, 36, 58, 67, 71, 87, 96, 99
Objective Value (calc): 31.697481
sum_etaM = 31.533333 / 31.533333
sum_etaP = 31.861630 / 31.861630
nL: 10
nCL: 0
mCL: 1
