Version identifier: 20.1.0.0 | 2020-11-10 | 9bedb6d68
CPXPARAM_Threads                                 1
CPXPARAM_TimeLimit                               3600
CPXPARAM_MIP_Tolerances_MIPGap                   0
Generic callback                                 0x60
1 of 1 MIP starts provided solutions.
MIP start 'm1' defined initial solution with objective 319.4341.
Tried aggregator 2 times.
MIP Presolve eliminated 36 rows and 22 columns.
Aggregator did 14 substitutions.
Reduced MIP has 1187 rows, 1564 columns, and 5081 nonzeros.
Reduced MIP has 389 binaries, 375 generals, 0 SOSs, and 0 indicators.
Presolve time = 0.00 sec. (2.67 ticks)
Probing time = 0.00 sec. (0.29 ticks)
Tried aggregator 1 time.
Reduced MIP has 1187 rows, 1564 columns, and 5081 nonzeros.
Reduced MIP has 389 binaries, 375 generals, 0 SOSs, and 0 indicators.
Presolve time = 0.00 sec. (1.57 ticks)
Probing time = 0.00 sec. (0.29 ticks)
MIP emphasis: balance optimality and feasibility.
MIP search method: dynamic search.
Parallel mode: none, using 1 thread.
Root relaxation solution time = 0.01 sec. (11.31 ticks)

        Nodes                                         Cuts/
   Node  Left     Objective  IInf  Best Integer    Best Bound    ItCnt     Gap

*     0+    0                          319.4341      400.0000            25.22%
      0     0      367.2081    95      319.4341      367.2081      817   14.96%
      0     0      329.6116   253      319.4341     Cuts: 396     1270    3.19%
      0     0      327.6880   287      319.4341     Cuts: 261     1608    2.58%
      0     0      327.4999   283      319.4341     Cuts: 106     1757    2.53%
      0     0      327.2494   297      319.4341     Cuts: 102     1909    2.45%
      0     0      327.2205   292      319.4341      Cuts: 55     1974    2.44%
      0     0      327.1940   280      319.4341      Cuts: 29     2028    2.43%
      0     0      327.1808   292      319.4341      Cuts: 29     2068    2.43%
      0     0      327.1715   289      319.4341      Cuts: 16     2104    2.42%
      0     0      327.1659   297      319.4341 UserPurge2: 22     2144    2.42%
      0     0      327.1651   303      319.4341 UserPurge2: 8     2159    2.42%
      0     0      327.1631   301      319.4341 UserPurge2: 7     2173    2.42%
      0     0      327.1631   303      319.4341 UserPurge2: 2     2176    2.42%
*     0+    0                          319.5126      327.1631             2.39%
      0     2      326.9692   287      319.5126      326.9689     2176    2.33%
Elapsed time = 1.21 sec. (1035.55 ticks, tree = 0.01 MB, solutions = 2)
     14    16      326.3444   256      319.5126      326.9689     3130    2.33%
     36    38      325.1135   213      319.5126      326.9689     4659    2.33%
*    40+   40                          320.1277      326.9689             2.14%
     60    62      323.8508   164      320.1277      326.9689     5878    2.14%
    100   102      321.9177   126      320.1277      326.9689     7400    2.14%
    132   128      326.7148   283      320.1277      326.9382     9436    2.13%
    140   136      326.0330   258      320.1277      326.9382    10419    2.13%
    160   156      324.7740   210      320.1277      326.9382    11376    2.13%
*   170+  164                          320.2055      326.9382             2.10%
    180   176      324.0766   180      320.2055      326.9382    12289    2.10%
    210   206      322.0566   121      320.2055      326.9382    13771    2.10%
    300   288      323.8201   171      320.2055      326.8820    18681    2.09%
Elapsed time = 6.13 sec. (4337.74 ticks, tree = 0.42 MB, solutions = 4)
*   400+  335                          321.1172      326.8813             1.80%
*   410+  318                          321.7138      326.8813             1.61%
    410   320      323.3887   164      321.7138      326.8813    24029    1.61%
*   450+  337                          321.9396      326.7854             1.51%
    505   390      326.1922   253      321.9396      326.7827    29331    1.50%

Performing restart 1

Repeating presolve.
Tried aggregator 1 time.
MIP Presolve modified 80 coefficients.
Reduced MIP has 1187 rows, 1564 columns, and 5081 nonzeros.
Reduced MIP has 389 binaries, 375 generals, 0 SOSs, and 0 indicators.
Presolve time = 0.00 sec. (1.63 ticks)
Tried aggregator 1 time.
Reduced MIP has 1187 rows, 1564 columns, and 5081 nonzeros.
Reduced MIP has 389 binaries, 375 generals, 0 SOSs, and 0 indicators.
Presolve time = 0.00 sec. (1.62 ticks)
Represolve time = 0.02 sec. (10.71 ticks)
    560     0      325.6578   356      321.9396     Cuts: 165    35149    1.15%
    560     0      325.4689   360      321.9396      Cuts: 88    35328    1.10%
    560     0      325.3669   388      321.9396     Cuts: 114    35501    1.06%
    560     0      325.3022   386      321.9396      Cuts: 92    35673    1.04%
    560     0      325.2710   400      321.9396      Cuts: 68    35795    1.03%
    560     0      325.2148   388      321.9396      Cuts: 80    35971    1.02%
    560     0      325.1892   398      321.9396      Cuts: 81    36099    1.01%
    560     0      325.1557   396      321.9396      Cuts: 63    36235    1.00%
    560     0      325.1142   394      321.9396      Cuts: 53    36390    0.99%
    560     0      325.0993   416      321.9396      Cuts: 82    36508    0.98%
    560     0      325.0164   382      321.9396      Cuts: 83    36685    0.96%
    560     0      324.9582   364      321.9396     Cuts: 105    36871    0.94%
    560     0      324.9213   348      321.9396      Cuts: 59    36974    0.93%
    560     0      324.8928   378      321.9396      Cuts: 83    37090    0.92%
    560     0      324.8705   388      321.9396      Cuts: 50    37180    0.91%
    560     0      324.8594   374      321.9396      Cuts: 47    37273    0.91%
    560     0      324.8420   372      321.9396      Cuts: 50    37357    0.90%
    560     0      324.8364   356      321.9396      Cuts: 40    37427    0.90%
    560     0      324.8248   356      321.9396      Cuts: 37    37514    0.90%
    560     0      324.8242   358      321.9396 UserPurge2: 8    37529    0.90%
    560     0      324.8242   358      321.9396 UserPurge2: 1    37531    0.90%
    560     2      324.8191   372      321.9396      324.8190    37531    0.89%
    563     5      324.7105   310      321.9396      324.8005    37974    0.89%
    566     8      324.5751   292      321.9396      324.8005    38216    0.89%
    577    19      324.1780   304      321.9396      324.8005    39988    0.89%
    615    57      323.4098   202      321.9396      324.8005    43289    0.89%
    690   121      324.3043   338      321.9396      324.7304    47326    0.87%
    723   154      323.6443   253      321.9396      324.7304    50588    0.87%
    852   272      324.5323   360      321.9396      324.7267    54558    0.87%
Elapsed time = 22.11 sec. (17657.76 ticks, tree = 4.31 MB, solutions = 7)
    950   365      324.0788   286      321.9396      324.7049    58449    0.86%
   1100   511      322.1275    32      321.9396      324.7049    63084    0.86%
   1147   551      323.3840   228      321.9396      324.6794    67154    0.85%
   1229   625      323.6707   246      321.9396      324.6670    71173    0.85%
   1319   710      323.0689   160      321.9396      324.6605    75375    0.85%
   1443   821      324.5784   352      321.9396      324.6353    79848    0.84%
   1510   884      324.0255   272      321.9396      324.6193    84042    0.83%
   1565   939      323.0390   122      321.9396      324.6193    88215    0.83%
   1670  1034      322.8804   123      321.9396      324.6161    92885    0.83%
   1762  1116      324.4420   330      321.9396      324.6092    97080    0.83%
Elapsed time = 33.65 sec. (27346.31 ticks, tree = 10.21 MB, solutions = 7)
   1856  1205      324.1437   308      321.9396      324.6043   101165    0.83%
*  1910+ 1237                          322.0003      324.6043             0.81%
   1936  1257      324.0808   322      322.0003      324.6042   105106    0.81%
   1970  1291      323.0593   232      322.0003      324.6042   108892    0.81%
   2040  1356      323.2625   242      322.0003      324.6030   112283    0.81%
   2127  1438      323.4856   232      322.0003      324.5994   115387    0.81%
   2205  1508      324.0822   296      322.0003      324.5971   118016    0.81%
   2300  1597      323.7121   274      322.0003      324.5784   121767    0.80%
   2410  1699      323.8575   278      322.0003      324.5498   124487    0.79%
   2490  1779      322.4543    76      322.0003      324.5498   128332    0.79%
   2607  1877      324.3754   332      322.0003      324.5463   131854    0.79%
Elapsed time = 44.67 sec. (37148.31 ticks, tree = 22.62 MB, solutions = 8)
   2705  1970      324.1319   282      322.0003      324.5393   135607    0.79%
   2800  2058      323.9485   292      322.0003      324.5311   138869    0.79%
   2912  2160      323.4559   244      322.0003      324.5242   143207    0.78%
   2996  2238      323.0938   148      322.0003      324.5185   147021    0.78%
   3081  2318      322.8442   132      322.0003      324.5155   150487    0.78%
   3192  2417      324.3469   326      322.0003      324.5037   153447    0.78%
   3280  2498      323.7789   306      322.0003      324.5025   157254    0.78%
   3330  2548      323.0716   162      322.0003      324.5025   161035    0.78%
   3490  2692      324.2379   324      322.0003      324.4930   165293    0.77%
   3594  2790      323.9686   227      322.0003      324.4930   168975    0.77%
Elapsed time = 55.69 sec. (46875.55 ticks, tree = 36.96 MB, solutions = 8)
*  3630+ 2805                          322.0160      324.4930             0.77%
*  3650+ 2430                          322.2849      324.4930             0.69%
   3694  2472      323.5710   170      322.2849      324.4914   171699    0.68%
   3760  2532      323.7927   312      322.2849      324.4830   173783    0.68%
   3818  2580      323.8311   314      322.2849      324.4821   177923    0.68%
   3880  2638      324.1999   334      322.2849      324.4795   180686    0.68%
   3964  2716      323.9511   290      322.2849      324.4778   183583    0.68%
   4040  2788      323.6299   226      322.2849      324.4771   186768    0.68%
   4095  2840      323.5041   236      322.2849      324.4765   190551    0.68%
   4184  2922      323.7257   246      322.2849      324.4757   193976    0.68%
   4265  2994      323.7565   230      322.2849      324.4737   198352    0.68%
   4360  3085      323.0550   168      322.2849      324.4707   202529    0.68%
Elapsed time = 66.15 sec. (56580.25 ticks, tree = 38.70 MB, solutions = 10)
   4480  3194      324.3146   330      322.2849      324.4677   205902    0.68%
   4531  3245      322.8863   194      322.2849      324.4677   209943    0.68%
   4652  3357      323.9544   256      322.2849      324.4596   213686    0.67%
   4800  3490      324.1680   280      322.2849      324.4584   217932    0.67%
   4877  3563      323.1398   278      322.2849      324.4583   222664    0.67%
   4983  3659      322.2993    98      322.2849      324.4563   226729    0.67%
*  5040+ 3651                          322.3226      324.4533             0.66%
   5070  3677      324.2427   346      322.3226      324.4526   230215    0.66%
   5130  3733      324.0562   316      322.3226      324.4520   233188    0.66%
   5216  3815      323.6965   232      322.3226      324.4420   238134    0.66%
   5306  3893      323.9178   250      322.3226      324.4418   241136    0.66%
Elapsed time = 77.41 sec. (66490.36 ticks, tree = 49.71 MB, solutions = 11)
   5421  4001      324.2366   336      322.3226      324.4396   244964    0.66%
   5510  4084      324.0807   292      322.3226      324.4394   248362    0.66%
   5590  4161      323.6336   240      322.3226      324.4391   252001    0.66%
   5677  4236      323.9524   302      322.3226      324.4376   255790    0.66%
   5786  4339      323.2990   169      322.3226      324.4371   259506    0.66%
   5883  4430      322.3882    74      322.3226      324.4370   262826    0.66%
   5969  4504      323.9294   308      322.3226      324.4358   266531    0.66%
   6047  4574      323.7453   264      322.3226      324.4337   270308    0.65%
   6148  4667      323.9866   326      322.3226      324.4329   274086    0.65%
   6201  4716      323.4835   302      322.3226      324.4324   277470    0.65%
Elapsed time = 88.40 sec. (76340.93 ticks, tree = 59.55 MB, solutions = 11)
   6247  4758      323.8785   300      322.3226      324.4287   281485    0.65%
   6339  4839      323.6355   272      322.3226      324.4283   286035    0.65%
   6443  4935      322.3264    75      322.3226      324.4282   289963    0.65%
   6529  5017      323.9402   244      322.3226      324.4229   293624    0.65%
   6611  5091      323.9067   326      322.3226      324.4214   296761    0.65%
   6688  5159      323.9423   290      322.3226      324.4206   300872    0.65%
   6821  5285      322.8903   155      322.3226      324.4201   304830    0.65%
   6936  5390      324.2303   316      322.3226      324.4170   309004    0.65%
   7024  5472      323.2776   230      322.3226      324.4162   312677    0.65%
   7135  5571      324.0473   302      322.3226      324.4156   316779    0.65%
Elapsed time = 99.83 sec. (86302.22 ticks, tree = 75.94 MB, solutions = 11)
   7272  5704      322.4371    84      322.3226      324.4137   320886    0.65%
   7360  5781      323.7735   216      322.3226      324.4132   324111    0.65%
   7491  5904      322.9000   116      322.3226      324.4121   328445    0.65%
   7601  6006      323.9078   290      322.3226      324.4082   332387    0.65%
   7717  6107      324.1567   296      322.3226      324.4062   336869    0.65%
   7787  6172      323.5889   220      322.3226      324.4033   341282    0.65%
   7890  6268      323.5548   250      322.3226      324.3947   345787    0.64%
   7995  6365      324.0903   236      322.3226      324.3881   350088    0.64%
   8162  6519      324.3028   288      322.3226      324.3863   354769    0.64%
   8586  6911      323.6377   276      322.3226      324.3793   371630    0.64%
Elapsed time = 115.05 sec. (98881.03 ticks, tree = 100.38 MB, solutions = 11)
   8940  7231      323.9883   312      322.3226      324.3720   386799    0.64%
   9348  7596      323.7998   260      322.3226      324.3644   402555    0.63%
   9740  7955      324.2123   322      322.3226      324.3624   418434    0.63%
  10100  8279      324.1993   336      322.3226      324.3564   433808    0.63%
  10469  8624      322.4981    46      322.3226      324.3501   449131    0.63%
  10561  8704      324.1474   340      322.3226      324.3495   454022    0.63%
  10674  8807      323.9127   340      322.3226      324.3450   460661    0.63%
  11061  9159      324.2431   328      322.3226      324.3388   477689    0.63%
  11564  9629      323.8803   246      322.3226      324.3340   495739    0.62%
  12032 10046      323.5149   282      322.3226      324.3309   513563    0.62%
Elapsed time = 162.03 sec. (138205.97 ticks, tree = 149.40 MB, solutions = 11)
  12426 10410      322.5199   144      322.3226      324.3245   530763    0.62%
* 12760+10104                          322.4301      324.3206             0.59%
  12850 10181      324.1740   286      322.4301      324.3189   545511    0.59%
  13202 10506      322.6158    83      322.4301      324.3167   557434    0.59%
  13592 10862      323.1029   194      322.4301      324.3140   572353    0.58%
  14078 11302      322.6865    51      322.4301      324.3095   587663    0.58%
  14504 11684      323.9965   318      322.4301      324.3061   602879    0.58%
  14881 12031      323.8357   230      322.4301      324.3041   618943    0.58%
  15276 12393      324.0065   312      322.4301      324.3034   635077    0.58%
  15710 12792      323.9745   344      322.4301      324.2983   653020    0.58%
  16189 13224      323.8421   214      322.4301      324.2947   670044    0.58%
Elapsed time = 207.62 sec. (176491.84 ticks, tree = 191.21 MB, solutions = 12)
  16643 13638      322.8192   168      322.4301      324.2923   687587    0.58%
* 16970+13411                          322.4938      324.2903             0.56%
* 17000+13353                          322.5018      324.2903             0.55%
  17120 13461      324.0164   332      322.5018      324.2879   703785    0.55%
  17533 13838      322.7513   145      322.5018      324.2846   718194    0.55%
  17958 14217      323.8437   272      322.5018      324.2812   735386    0.55%
  18395 14619      322.8357   170      322.5018      324.2780   752823    0.55%
  18770 14952      323.6904   234      322.5018      324.2739   767980    0.55%
  19228 15371      323.7727   238      322.5018      324.2701   784445    0.55%
  19611 15719      323.7871   160      322.5018      324.2673   800410    0.55%
  20038 16105      323.2223   268      322.5018      324.2625   815738    0.55%
  20471 16494      323.5730   188      322.5018      324.2598   831963    0.55%
Elapsed time = 253.84 sec. (214769.16 ticks, tree = 237.92 MB, solutions = 14)
  20894 16876      323.0934   198      322.5018      324.2575   847860    0.54%
  21339 17273      323.8924   324      322.5018      324.2551   864431    0.54%
  21769 17652      323.1937   216      322.5018      324.2537   880270    0.54%
  22237 18063      323.4946   204      322.5018      324.2503   896373    0.54%
  22715 18491      323.9373   314      322.5018      324.2488   913553    0.54%
  23085 18825      322.5573   238      322.5018      324.2475   930874    0.54%
  23595 19275      323.7819   232      322.5018      324.2455   949188    0.54%
  24118 19746      323.1043   138      322.5018      324.2426   967666    0.54%
* 24190 19767      integral     0      322.5055      324.2426   968436    0.54%
  24645 20174      323.7429   244      322.5055      324.2405   985247    0.54%
  25056 20542      323.5781   244      322.5055      324.2381  1002953    0.54%
Elapsed time = 301.01 sec. (253027.48 ticks, tree = 293.78 MB, solutions = 15)
  25542 20983      324.0481   284      322.5055      324.2371  1021245    0.54%
  26045 21441      324.0445   264      322.5055      324.2348  1039896    0.54%
  26485 21848      323.1255   216      322.5055      324.2333  1057512    0.54%
  26923 22246      323.7603   256      322.5055      324.2309  1074253    0.53%
  27399 22669      323.8930   258      322.5055      324.2283  1091036    0.53%
  27863 23081      323.6470   222      322.5055      324.2259  1107662    0.53%
  28248 23432      323.0833   218      322.5055      324.2236  1123815    0.53%
  28684 23826      323.4399   226      322.5055      324.2203  1140199    0.53%
  29151 24247      322.9231   136      322.5055      324.2177  1156995    0.53%
  29613 24657      323.8977   286      322.5055      324.2157  1173831    0.53%
Elapsed time = 348.21 sec. (291342.40 ticks, tree = 350.89 MB, solutions = 15)
  30063 25072      323.4487   190      322.5055      324.2130  1190169    0.53%
  30536 25493      324.0812   308      322.5055      324.2110  1206421    0.53%
  30988 25898      323.9178   288      322.5055      324.2087  1222949    0.53%
  31456 26315      323.5889   188      322.5055      324.2069  1240876    0.53%
  31961 26772      323.9889   288      322.5055      324.2037  1259191    0.53%
  32465 27230      322.5555    78      322.5055      324.2014  1277516    0.53%
  32983 27680      323.9355   254      322.5055      324.1980  1295008    0.52%
* 33150+26754                          322.5803      324.1977             0.50%
  33358 26942      323.3057   250      322.5803      324.1970  1308569    0.50%
  33805 27337      323.5678   186      322.5803      324.1954  1323118    0.50%
  34244 27727      323.8652   280      322.5803      324.1943  1339761    0.50%
Elapsed time = 395.27 sec. (329620.59 ticks, tree = 391.67 MB, solutions = 16)
  34693 28131      323.6390   230      322.5803      324.1923  1356385    0.50%
  35196 28579      323.9706   228      322.5803      324.1897  1374415    0.50%
  35677 29017      323.6970   235      322.5803      324.1879  1392835    0.50%
  36168 29462      323.8594   238      322.5803      324.1869  1410802    0.50%
  36631 29887        cutoff            322.5803      324.1862  1427815    0.50%
  37120 30316      323.7046   294      322.5803      324.1843  1444360    0.50%
  37555 30712      323.7971   276      322.5803      324.1830  1461119    0.50%
  37989 31099      323.2078   101      322.5803      324.1820  1477542    0.50%
  38472 31522      323.3862   174      322.5803      324.1807  1494097    0.50%
  38979 31977      323.6717   226      322.5803      324.1795  1511243    0.50%
Elapsed time = 442.78 sec. (367961.96 ticks, tree = 443.56 MB, solutions = 16)
  39389 32338      323.5135   242      322.5803      324.1780  1527729    0.50%
  39905 32803      323.8797   296      322.5803      324.1769  1544260    0.49%
  40320 33170      322.9660   154      322.5803      324.1758  1560709    0.49%
  40790 33594      323.7721   216      322.5803      324.1742  1577241    0.49%
  41256 34013      322.6493   116      322.5803      324.1732  1593946    0.49%
  41663 34369      323.8457   250      322.5803      324.1723  1610680    0.49%
  42076 34745      323.5406   216      322.5803      324.1718  1627821    0.49%
  42532 35152      323.3404   254      322.5803      324.1704  1645240    0.49%
  43057 35623      323.7124   224      322.5803      324.1695  1663106    0.49%
  43540 36056      323.4324   258      322.5803      324.1683  1681748    0.49%
Elapsed time = 489.62 sec. (406205.88 ticks, tree = 499.86 MB, solutions = 16)
  44089 36545      322.9626   150      322.5803      324.1670  1700741    0.49%
  44590 36991      323.3417   210      322.5803      324.1662  1718619    0.49%
  45075 37422      323.2805   238      322.5803      324.1652  1737065    0.49%
  45549 37845      323.5397   276      322.5803      324.1644  1755142    0.49%
  46015 38257      323.5763   268      322.5803      324.1635  1772910    0.49%
  46495 38681      323.7691   266      322.5803      324.1625  1791160    0.49%
  46960 39098      323.6007   252      322.5803      324.1615  1808713    0.49%
  47419 39505      322.6273    94      322.5803      324.1604  1826072    0.49%
  47803 39854      323.4281   178      322.5803      324.1596  1841969    0.49%
  48270 40268      323.8068   286      322.5803      324.1587  1858599    0.49%
Elapsed time = 537.26 sec. (444545.04 ticks, tree = 553.97 MB, solutions = 16)
  48774 40712      323.6285   218      322.5803      324.1568  1875717    0.49%
  49251 41140      323.2938   142      322.5803      324.1560  1892199    0.49%
  49758 41593      323.6163   208      322.5803      324.1553  1909304    0.49%
  50156 41945      324.0590   234      322.5803      324.1538  1925459    0.49%
  50606 42345      323.9727   282      322.5803      324.1526  1941387    0.49%
  51034 42728      322.9572   272      322.5803      324.1522  1957976    0.49%
  51558 43187      323.8793   224      322.5803      324.1513  1974854    0.49%
  51981 43574      323.5534   218      322.5803      324.1506  1990500    0.49%
  52453 44003      323.0524   212      322.5803      324.1496  2007036    0.49%
* 52640+43807                          322.5952      324.1491             0.48%
* 52647 43623      integral     0      322.6029      324.1491  2013888    0.48%
  52844 43801      323.0476   150      322.6029      324.1489  2021943    0.48%
Elapsed time = 584.38 sec. (482778.38 ticks, tree = 599.31 MB, solutions = 18)
  53285 44190      323.2811   166      322.6029      324.1484  2037534    0.48%
  53718 44570      323.8400   272      322.6029      324.1480  2053541    0.48%
  54228 45025      323.3652   166      322.6029      324.1473  2071406    0.48%
  54719 45467      323.5422   236      322.6029      324.1467  2089095    0.48%
  55206 45904      323.5430   228      322.6029      324.1459  2107267    0.48%
  55694 46336      322.6692    83      322.6029      324.1450  2124472    0.48%
  56167 46742      322.9360   138      322.6029      324.1443  2142439    0.48%
  56680 47202      323.7085   198      322.6029      324.1431  2159684    0.48%
  57197 47662      322.6255    78      322.6029      324.1425  2177612    0.48%
  57669 48090      322.9223    76      322.6029      324.1416  2195943    0.48%
Elapsed time = 632.00 sec. (520967.24 ticks, tree = 662.40 MB, solutions = 18)
  58089 48453      323.1059   240      322.6029      324.1407  2212999    0.48%
  58561 48875      323.6369   134      322.6029      324.1401  2230380    0.48%
  59057 49310      323.8892   270      322.6029      324.1394  2248303    0.48%
  59600 49788      323.5854   308      322.6029      324.1385  2265727    0.48%
  60062 50206      323.3545   172      322.6029      324.1377  2282170    0.48%
  60546 50639      323.9127   230      322.6029      324.1372  2299224    0.48%
* 60734 47745      integral     0      322.7059      324.1369  2304981    0.44%
  61013 47983      323.7817   208      322.7059      324.1362  2315016    0.44%
  61510 48427      323.2875   144      322.7059      324.1352  2332944    0.44%
  61942 48799      323.4886   218      322.7059      324.1341  2349709    0.44%
  62453 49244      323.7796   228      322.7059      324.1336  2366919    0.44%
Elapsed time = 679.58 sec. (559213.02 ticks, tree = 665.93 MB, solutions = 19)
  62907 49650      323.7194   230      322.7059      324.1328  2383362    0.44%
  63404 50082      323.8346   196      322.7059      324.1319  2400270    0.44%
  63862 50485      323.1260   147      322.7059      324.1314  2417338    0.44%
  64326 50889      323.8831   238      322.7059      324.1304  2433831    0.44%
  64830 51322      323.8950   264      322.7059      324.1300  2450173    0.44%
  65258 51710      323.7056   234      322.7059      324.1295  2466765    0.44%
  65760 52160      323.4886   166      322.7059      324.1283  2484269    0.44%
  66304 52641      323.9540   200      322.7059      324.1275  2503348    0.44%
  66830 53102      323.7654   288      322.7059      324.1263  2521578    0.44%
  67302 53520      323.7675   190      322.7059      324.1257  2539669    0.44%
Elapsed time = 727.55 sec. (597463.65 ticks, tree = 720.05 MB, solutions = 19)
  67834 53984      322.7713   244      322.7059      324.1248  2557730    0.44%
  68328 54428      323.0000   139      322.7059      324.1240  2575549    0.44%
  68834 54872      322.8345   105      322.7059      324.1236  2592814    0.44%
  69320 55305      323.4501   222      322.7059      324.1230  2610920    0.44%
  69724 55660      322.9186   194      322.7059      324.1217  2628827    0.44%
  70265 56143      323.8070   199      322.7059      324.1209  2646377    0.44%
  70762 56591      322.8740   145      322.7059      324.1201  2664356    0.44%
  71248 57009      323.6267   133      322.7059      324.1197  2681335    0.44%
  71746 57454      323.3078   236      322.7059      324.1190  2699563    0.44%
  72287 57931      323.3656   148      322.7059      324.1183  2717578    0.44%
Elapsed time = 775.81 sec. (635667.42 ticks, tree = 780.01 MB, solutions = 19)
  72814 58404      323.8260   258      322.7059      324.1178  2735644    0.44%
  73334 58870      323.1803   183      322.7059      324.1169  2752482    0.44%
  73802 59293      323.1465   192      322.7059      324.1164  2769685    0.44%
  74284 59713      323.3990   222      322.7059      324.1156  2786962    0.44%
  74728 60109      322.9208   128      322.7059      324.1149  2803827    0.44%
  75222 60540      323.7568   278      322.7059      324.1142  2822776    0.44%
  75625 60902      323.6181   196      322.7059      324.1135  2841874    0.44%
  76127 61345      323.9369   304      322.7059      324.1126  2858401    0.44%
  76670 61815      323.8117   293      322.7059      324.1119  2875358    0.44%
  77064 62169      322.9662   106      322.7059      324.1114  2891294    0.44%
Elapsed time = 823.82 sec. (673920.65 ticks, tree = 830.60 MB, solutions = 19)
  77570 62604      323.7721   230      322.7059      324.1109  2908218    0.44%
  78055 63031      323.6106   182      322.7059      324.1105  2925767    0.44%
  78560 63465      323.8941   306      322.7059      324.1092  2942888    0.43%
  78982 63827      323.9548   228      322.7059      324.1083  2959074    0.43%
  79442 64236      323.1792   125      322.7059      324.1076  2976085    0.43%
  79940 64669      323.7949   246      322.7059      324.1069  2992486    0.43%
  80380 65061      323.3209   168      322.7059      324.1062  3009636    0.43%
  80892 65512      323.8227   226      322.7059      324.1054  3026565    0.43%
  81398 65966      322.7312   108      322.7059      324.1049  3044209    0.43%
  81877 66371      322.7450   139      322.7059      324.1045  3061830    0.43%
Elapsed time = 871.01 sec. (712138.74 ticks, tree = 895.75 MB, solutions = 19)
  82416 66844      323.8889   312      322.7059      324.1036  3080172    0.43%
  82887 67260      323.5485   216      322.7059      324.1028  3098565    0.43%
  83445 67732      323.4086   250      322.7059      324.1021  3116867    0.43%
  84009 68232      323.4615   252      322.7059      324.1010  3135266    0.43%
  84541 68710      323.1179   115      322.7059      324.1004  3153305    0.43%
  84987 69106      323.0342   104      322.7059      324.0998  3170104    0.43%
  85428 69489      323.5754   258      322.7059      324.0993  3187169    0.43%
  85930 69939      323.0966   106      322.7059      324.0987  3205213    0.43%
  86499 70436      323.5835   174      322.7059      324.0981  3223194    0.43%
  87019 70897      323.7009   202      322.7059      324.0976  3241346    0.43%
Elapsed time = 919.37 sec. (750366.12 ticks, tree = 964.46 MB, solutions = 19)
  87491 71313      323.3179   230      322.7059      324.0970  3259310    0.43%
  88047 71817      322.8329   140      322.7059      324.0964  3277122    0.43%
  88553 72261      323.7529   240      322.7059      324.0958  3294840    0.43%
  88979 72638      323.8504   214      322.7059      324.0951  3311807    0.43%
  89453 73051      323.2642   236      322.7059      324.0946  3329062    0.43%
  89964 73498      323.6751   280      322.7059      324.0936  3346171    0.43%
  90431 73914      323.3956   266      322.7059      324.0932  3363150    0.43%
  90916 74351      323.8261   284      322.7059      324.0925  3380741    0.43%
  91388 74774      323.9749   262      322.7059      324.0921  3397897    0.43%
  91885 75215      323.5314   300      322.7059      324.0914  3415032    0.43%
Elapsed time = 967.03 sec. (788763.25 ticks, tree = 1026.56 MB, solutions = 19)
  92340 75615      323.3000   234      322.7059      324.0908  3432137    0.43%
  92826 76045      323.3520   160      322.7059      324.0901  3449275    0.43%
  93293 76453      323.9177   198      322.7059      324.0895  3466314    0.43%
  93790 76883      323.4912   200      322.7059      324.0890  3482545    0.43%
  94225 77268      323.4712   242      322.7059      324.0885  3499381    0.43%
  94744 77716      323.7783   183      322.7059      324.0874  3516480    0.43%
  95228 78148      323.7238   202      322.7059      324.0867  3533818    0.43%
  95799 78659      323.8202   284      322.7059      324.0858  3550394    0.43%
  96335 79133      323.6774   238      322.7059      324.0853  3568037    0.43%
  96817 79552      323.0097   174      322.7059      324.0846  3585133    0.43%
Elapsed time = 1014.88 sec. (826962.65 ticks, tree = 1082.49 MB, solutions = 19)
  97363 80030      323.5927   162      322.7059      324.0840  3602682    0.43%
  97913 80514      323.6968   201      322.7059      324.0835  3620331    0.43%
  98425 80964      322.9898   192      322.7059      324.0832  3637969    0.43%
  98960 81426      323.7078   236      322.7059      324.0826  3655639    0.43%
  99431 81844      322.7501   156      322.7059      324.0821  3673538    0.43%
  99895 82250      323.0031   136      322.7059      324.0814  3690835    0.43%
 100404 82688      323.7113   282      322.7059      324.0809  3708966    0.43%
 100960 83177      324.0427   226      322.7059      324.0805  3727015    0.43%
 101434 83589      323.7902   244      322.7059      324.0801  3744933    0.43%
 101945 84044      323.2437   214      322.7059      324.0796  3763151    0.43%
Elapsed time = 1063.03 sec. (865160.82 ticks, tree = 1143.22 MB, solutions = 19)
 102422 84456      323.1739   152      322.7059      324.0792  3780343    0.43%
 102929 84904      323.7999   252      322.7059      324.0784  3798419    0.43%
 103471 85390      323.8020   258      322.7059      324.0780  3816645    0.43%
 103959 85824      323.3213   202      322.7059      324.0775  3834407    0.43%
 104422 86236      322.7407   152      322.7059      324.0767  3852855    0.42%
 104890 86652      323.3254   264      322.7059      324.0762  3870139    0.42%
 105335 87047      323.6378   260      322.7059      324.0756  3887626    0.42%
 105778 87441      323.2678   178      322.7059      324.0750  3904877    0.42%
 106270 87878      323.4840   190      322.7059      324.0741  3922286    0.42%
 106817 88358      322.8404   198      322.7059      324.0736  3939250    0.42%
Elapsed time = 1110.55 sec. (903352.84 ticks, tree = 1207.39 MB, solutions = 19)
 107313 88788      323.8646   328      322.7059      324.0731  3956834    0.42%
 107767 89195      323.2980   198      322.7059      324.0725  3973368    0.42%
 108325 89686      323.0427   101      322.7059      324.0719  3991296    0.42%
 108807 90109      323.3342   226      322.7059      324.0714  4008268    0.42%
 109315 90555      323.8743   312      322.7059      324.0708  4025855    0.42%
 109667 90867      323.3955   200      322.7059      324.0705  4042366    0.42%
 110099 91250      322.9874   106      322.7059      324.0700  4062172    0.42%
 110530 91612      323.5327   228      322.7059      324.0696  4077905    0.42%
 111023 92041      323.6690   284      322.7059      324.0692  4095973    0.42%
 111540 92496      323.6695   230      322.7059      324.0687  4112820    0.42%
Elapsed time = 1157.82 sec. (941660.24 ticks, tree = 1265.27 MB, solutions = 19)
 111975 92890      323.3784   220      322.7059      324.0685  4130695    0.42%
 112407 93269      323.5216   183      322.7059      324.0682  4147359    0.42%
 112888 93702      323.3418   211      322.7059      324.0678  4164788    0.42%
 113316 94076      323.9396   280      322.7059      324.0675  4181391    0.42%
 113825 94523      323.6717   226      322.7059      324.0671  4199089    0.42%
 114261 94905      323.3419   118      322.7059      324.0668  4216465    0.42%
 114802 95383      323.2718   229      322.7059      324.0664  4234544    0.42%
 115304 95829      323.5813   222      322.7059      324.0658  4252250    0.42%
 115814 96273      323.6048   196      322.7059      324.0652  4269234    0.42%
 116300 96708      322.7988   206      322.7059      324.0648  4286949    0.42%
Elapsed time = 1205.49 sec. (979890.44 ticks, tree = 1326.42 MB, solutions = 19)
 116773 97121      323.8397   240      322.7059      324.0644  4304597    0.42%
 117237 97529      323.7251   292      322.7059      324.0639  4322419    0.42%
 117727 97972      323.3112   180      322.7059      324.0637  4340090    0.42%
 118194 98382      323.6724   222      322.7059      324.0633  4358362    0.42%
 118712 98837      323.1950   178      322.7059      324.0627  4376062    0.42%
 119230 99292      323.0034   130      322.7059      324.0623  4394175    0.42%
 119760 99752      323.4734   244      322.7059      324.0620  4411627    0.42%
 120224 100159      323.8430   248      322.7059      324.0616  4428962    0.42%
 120705 100578      323.0162   146      322.7059      324.0613  4447467    0.42%
 121106 100925      322.9168   178      322.7059      324.0610  4464660    0.42%
Elapsed time = 1252.92 sec. (1018113.78 ticks, tree = 1378.38 MB, solutions = 19)
 121619 101372      323.6685   192      322.7059      324.0607  4482405    0.42%
 122098 101787      323.6332   202      322.7059      324.0605  4500142    0.42%
 122596 102227      323.2702   216      322.7059      324.0599  4518176    0.42%
 123073 102659      323.3111   174      322.7059      324.0596  4535548    0.42%
 123669 103172      322.7121   112      322.7059      324.0591  4554219    0.42%
 124065 103523      323.6384   180      322.7059      324.0588  4571322    0.42%
 124626 104011      323.8974   282      322.7059      324.0582  4588747    0.42%
 125069 104402      323.0055   123      322.7059      324.0580  4605569    0.42%
 125583 104857      323.9766   266      322.7059      324.0574  4623230    0.42%
 126106 105314      323.1931   190      322.7059      324.0568  4640950    0.42%
Elapsed time = 1300.99 sec. (1056368.49 ticks, tree = 1436.99 MB, solutions = 19)
 126590 105733      322.9699   148      322.7059      324.0564  4657839    0.42%
 127086 106172        cutoff            322.7059      324.0560  4675528    0.42%
 127566 106593      323.1821   132      322.7059      324.0553  4692352    0.42%
 128010 106979      323.2402   192      322.7059      324.0550  4709035    0.42%
 128490 107402      322.9301    88      322.7059      324.0544  4725761    0.42%
 128933 107797      323.6617   207      322.7059      324.0539  4744206    0.42%
 129442 108229      323.7281   242      322.7059      324.0533  4760752    0.42%
 129926 108654      323.7612   236      322.7059      324.0530  4777407    0.42%
 130396 109059      323.6727   242      322.7059      324.0525  4795169    0.42%
 130862 109471      323.4085   176      322.7059      324.0523  4812609    0.42%
Elapsed time = 1348.56 sec. (1094604.12 ticks, tree = 1488.03 MB, solutions = 19)
 131342 109893      322.8166    90      322.7059      324.0518  4829773    0.42%
 131884 110365      323.9574   272      322.7059      324.0512  4847015    0.42%
 132345 110768      323.7568   252      322.7059      324.0510  4864083    0.42%
 132749 111125      323.7271   220      322.7059      324.0507  4880889    0.42%
 133228 111548      323.8048   260      322.7059      324.0505  4898611    0.42%
 133693 111953      323.9214   262      322.7059      324.0501  4916616    0.42%
 134210 112405      323.4956   234      322.7059      324.0497  4934563    0.42%
 134771 112890      323.7391   262      322.7059      324.0493  4952783    0.42%
 135270 113327      323.7339   236      322.7059      324.0487  4971508    0.42%
 135749 113748      322.7214    94      322.7059      324.0482  4990377    0.42%
Elapsed time = 1396.66 sec. (1132856.66 ticks, tree = 1543.94 MB, solutions = 19)
 136312 114250      322.7791    80      322.7059      324.0479  5008700    0.42%
 136770 114647      323.7652   238      322.7059      324.0476  5026116    0.42%
 137296 115096      323.6296   218      322.7059      324.0473  5043892    0.42%
 137816 115552      323.6701   242      322.7059      324.0469  5061057    0.42%
 138330 115997      323.8194   264      322.7059      324.0464  5079302    0.42%
 138833 116435      323.3835   168      322.7059      324.0458  5097145    0.42%
 139392 116930        cutoff            322.7059      324.0455  5115364    0.42%
 139884 117354      323.6986   226      322.7059      324.0452  5133584    0.42%
 140421 117822      323.4091   228      322.7059      324.0446  5152514    0.41%
 140883 118226      323.9365   210      322.7059      324.0441  5170338    0.41%
Elapsed time = 1445.16 sec. (1171114.06 ticks, tree = 1601.40 MB, solutions = 19)
 141422 118706      323.7387   219      322.7059      324.0437  5189251    0.41%
 141904 119133      323.0323   200      322.7059      324.0435  5207792    0.41%
 142357 119522      323.8139   262      322.7059      324.0432  5226232    0.41%
 142940 120032      323.4347   234      322.7059      324.0429  5244597    0.41%
 143499 120512      323.2134   150      322.7059      324.0427  5262579    0.41%
 144065 121009      323.2556   197      322.7059      324.0423  5280842    0.41%
 144567 121445      323.5224   252      322.7059      324.0420  5298122    0.41%
 145040 121862      323.0152   166      322.7059      324.0415  5316049    0.41%
 145496 122263      323.8014   266      322.7059      324.0412  5333597    0.41%
 145950 122662      323.3047   122      322.7059      324.0408  5350670    0.41%
Elapsed time = 1493.73 sec. (1209355.74 ticks, tree = 1657.62 MB, solutions = 19)
 146445 123080      323.6435   264      322.7059      324.0404  5368118    0.41%
 146915 123494      323.4335   146      322.7059      324.0401  5385166    0.41%
 147388 123913      323.8285   200      322.7059      324.0398  5402474    0.41%
 147896 124353      323.7068   214      322.7059      324.0394  5420109    0.41%
 148428 124826      323.1672   214      322.7059      324.0392  5437713    0.41%
 148942 125263      323.6973   236      322.7059      324.0388  5455120    0.41%
 149376 125639      322.9206   140      322.7059      324.0386  5472157    0.41%
 149857 126054      323.0403   150      322.7059      324.0383  5489077    0.41%
 150390 126516      323.3491   108      322.7059      324.0380  5506062    0.41%
*150727 126072      integral     0      322.7180      324.0378  5516063    0.41%
 150950 126267      323.6217   138      322.7180      324.0377  5524031    0.41%
Elapsed time = 1541.84 sec. (1247596.02 ticks, tree = 1705.40 MB, solutions = 20)
 151529 126758      323.8952   250      322.7180      324.0372  5541654    0.41%
 151968 127154      323.1536   204      322.7180      324.0369  5558518    0.41%
 152442 127568      323.0836   124      322.7180      324.0368  5575971    0.41%
 152989 128055      322.9112   100      322.7180      324.0365  5593464    0.41%
 153489 128490      323.0498   165      322.7180      324.0363  5611027    0.41%
 153941 128881      323.3300   190      322.7180      324.0359  5627958    0.41%
 154447 129323      323.6494   190      322.7180      324.0356  5645917    0.41%
 154848 129668      323.7821   288      322.7180      324.0353  5663672    0.41%
 155370 130126      323.7849   220      322.7180      324.0351  5681330    0.41%
 155932 130602      323.5876   230      322.7180      324.0348  5699371    0.41%
Elapsed time = 1589.42 sec. (1285835.08 ticks, tree = 1767.37 MB, solutions = 20)
*156050+130562                          322.7199      324.0346             0.41%
 156300 130787      322.8278   132      322.7199      324.0345  5713311    0.41%
 156797 131210      323.4091   144      322.7199      324.0341  5728968    0.41%
 157337 131684      323.6096   212      322.7199      324.0338  5746321    0.41%
 157893 132165      323.1662   174      322.7199      324.0336  5764304    0.41%
 158419 132626      323.5850   190      322.7199      324.0332  5782558    0.41%
 158902 133058      323.8661   211      322.7199      324.0330  5800092    0.41%
 159370 133475      323.1240   182      322.7199      324.0326  5817725    0.41%
 159850 133903      323.6120   184      322.7199      324.0323  5835590    0.41%
 160407 134398      323.1772   192      322.7199      324.0320  5854144    0.41%
 160905 134830      323.0503   164      322.7199      324.0317  5871829    0.41%
Elapsed time = 1637.47 sec. (1324045.12 ticks, tree = 1832.37 MB, solutions = 21)
 161422 135273      323.9233   261      322.7199      324.0314  5890013    0.41%
 161955 135738      323.5257   245      322.7199      324.0312  5908413    0.41%
 162441 136170      323.9036   204      322.7199      324.0309  5925912    0.41%
 162920 136589      323.9477   184      322.7199      324.0305  5943948    0.41%
 163430 137033      323.8221   180      322.7199      324.0303  5961476    0.41%
 163921 137465      323.3059   172      322.7199      324.0299  5980335    0.41%
 164456 137933      323.4601   240      322.7199      324.0296  5998211    0.41%
 164943 138357      323.8436   228      322.7199      324.0293  6016058    0.41%
 165462 138815      323.3786   134      322.7199      324.0291  6034518    0.41%
 165981 139268      323.5835   162      322.7199      324.0288  6051257    0.41%
Elapsed time = 1685.97 sec. (1362270.59 ticks, tree = 1891.57 MB, solutions = 21)
 166582 139788      323.6166   320      322.7199      324.0285  6069185    0.41%
 167080 140224      323.4110   224      322.7199      324.0282  6086708    0.41%
 167540 140630      322.8565   114      322.7199      324.0278  6103997    0.41%
 167991 141023      323.9314   162      322.7199      324.0276  6122109    0.41%
 168461 141439      323.8458   224      322.7199      324.0274  6138446    0.41%
 168963 141883      323.7571   184      322.7199      324.0270  6155320    0.41%
 169475 142331      323.8060   244      322.7199      324.0266  6172994    0.40%
 169958 142759      322.7980    86      322.7199      324.0264  6190801    0.40%
 170452 143189      323.4787   204      322.7199      324.0260  6207414    0.40%
 170977 143642        cutoff            322.7199      324.0257  6225155    0.40%
Elapsed time = 1734.14 sec. (1400624.94 ticks, tree = 1952.08 MB, solutions = 21)
 171456 144058      323.7979   268      322.7199      324.0253  6242893    0.40%
 171830 144380      323.4246   154      322.7199      324.0252  6259134    0.40%
 172336 144822      323.0432    70      322.7199      324.0249  6276605    0.40%
 172776 145210      323.4723   177      322.7199      324.0245  6293638    0.40%
 173270 145639      323.0687   118      322.7199      324.0242  6311512    0.40%
 173725 146023      323.5022   205      322.7199      324.0238  6328951    0.40%
 174212 146432      323.7633   156      322.7199      324.0234  6346407    0.40%
 174640 146803      323.7714   246      322.7199      324.0233  6363337    0.40%
 175169 147259      323.8813   256      322.7199      324.0231  6381293    0.40%
 175648 147669      322.8584   118      322.7199      324.0229  6398766    0.40%
Elapsed time = 1781.42 sec. (1438867.07 ticks, tree = 1999.75 MB, solutions = 21)
 176170 148121      323.7158   216      322.7199      324.0225  6416735    0.40%
 176612 148520      323.3768   216      322.7199      324.0223  6434285    0.40%
 177070 148910      323.2893   205      322.7199      324.0219  6452478    0.40%
 177615 149375      323.2475   124      322.7199      324.0215  6470992    0.40%
 178069 149758      323.6217   208      322.7199      324.0211  6488225    0.40%
 178488 150123      323.8795   254      322.7199      324.0210  6506486    0.40%
 178936 150511      323.0932   128      322.7199      324.0208  6523953    0.40%
 179453 150946      323.8827   244      322.7199      324.0203  6542265    0.40%
 180013 151430      323.6072   120      322.7199      324.0198  6560943    0.40%
 180497 151863      323.5527   198      322.7199      324.0194  6578955    0.40%
Elapsed time = 1829.35 sec. (1477146.90 ticks, tree = 2049.44 MB, solutions = 21)
Nodefile size = 1.97 MB (1.83 MB after compression)
 181028 152307      323.8717   272      322.7199      324.0193  6597761    0.40%
 181507 152731      323.5480   194      322.7199      324.0190  6615496    0.40%
 182041 153197      323.5518   224      322.7199      324.0188  6634650    0.40%
 182560 153644      323.2772   182      322.7199      324.0186  6652738    0.40%
 183074 154098      323.6539   232      322.7199      324.0183  6670901    0.40%
 183574 154547      322.9734   106      322.7199      324.0180  6689140    0.40%
 184114 155012      323.8174   256      322.7199      324.0177  6707540    0.40%
 184629 155467      323.5945   234      322.7199      324.0175  6725169    0.40%
*184860+136649                          322.9021      324.0174             0.35%
 185081 136840      323.2032   184      322.9021      324.0172  6739166    0.35%
 185482 137188      323.4943   232      322.9021      324.0169  6754669    0.35%
Elapsed time = 1879.14 sec. (1515480.51 ticks, tree = 1813.59 MB, solutions = 22)
 185966 137603      323.6219   156      322.9021      324.0165  6772234    0.35%
 186434 137995      323.6361   212      322.9021      324.0162  6789602    0.35%
 186937 138417      323.8229   216      322.9021      324.0160  6807203    0.34%
 187393 138808      323.7028   224      322.9021      324.0157  6824760    0.34%
 187838 139194      323.2569   152      322.9021      324.0154  6841265    0.34%
 188315 139601      323.4477   148      322.9021      324.0152  6858690    0.34%
 188847 140060      323.5485   232      322.9021      324.0148  6876382    0.34%
 189264 140429      323.0056   184      322.9021      324.0146  6893760    0.34%
 189734 140816      323.6632   214      322.9021      324.0143  6910746    0.34%
 190214 141217      323.4716   156      322.9021      324.0139  6928134    0.34%
Elapsed time = 1926.58 sec. (1553699.87 ticks, tree = 1860.95 MB, solutions = 22)
 190617 141568      323.6263   219      322.9021      324.0137  6945229    0.34%
 191088 141972      323.1850   128      322.9021      324.0135  6962331    0.34%
 191553 142380      323.2111   135      322.9021      324.0131  6980016    0.34%
 192026 142790      324.0127   258      322.9021      324.0127  6997126    0.34%
 192526 143227      323.2617   148      322.9021      324.0124  7014821    0.34%
 193042 143670      323.4546   182      322.9021      324.0120  7031882    0.34%
 193515 144080      322.9159   138      322.9021      324.0118  7051162    0.34%
 193938 144440      323.1134   224      322.9021      324.0114  7068510    0.34%
 194393 144835      323.6470   218      322.9021      324.0111  7085964    0.34%
 194828 145215      323.4882   250      322.9021      324.0109  7102511    0.34%
Elapsed time = 1973.20 sec. (1591940.85 ticks, tree = 1910.20 MB, solutions = 22)
 195276 145599      323.3972   224      322.9021      324.0106  7119691    0.34%
 195712 145970      323.3195   210      322.9021      324.0103  7136512    0.34%
 196122 146328      323.4796   102      322.9021      324.0100  7153709    0.34%
 196612 146748      323.6036   292      322.9021      324.0097  7171077    0.34%
 197002 147087      322.9199    98      322.9021      324.0094  7188292    0.34%
 197545 147556      323.0269   140      322.9021      324.0091  7205351    0.34%
 197984 147929      323.8785   262      322.9021      324.0089  7222308    0.34%
 198458 148342      323.4014   180      322.9021      324.0086  7240005    0.34%
 198920 148728      323.1078   136      322.9021      324.0081  7257780    0.34%
 199429 149173      323.0911   184      322.9021      324.0078  7275929    0.34%
Elapsed time = 2019.77 sec. (1630184.84 ticks, tree = 1959.17 MB, solutions = 22)
 199941 149609      323.0497   212      322.9021      324.0074  7293827    0.34%
 200390 149980      323.5135   210      322.9021      324.0071  7311643    0.34%
*200650+149989                          322.9040      324.0069             0.34%
*200660+145911                          322.9418      324.0069             0.33%
*200670+144521                          322.9545      324.0069             0.33%
 200825 144657      323.2791   237      322.9545      324.0068  7326763    0.33%
 201175 144956      323.6553   240      322.9545      324.0066  7343430    0.33%
 201597 145326      323.0837   156      322.9545      324.0064  7359615    0.33%
 202029 145690      323.7052   218      322.9545      324.0062  7375904    0.33%
 202484 146066      323.4216   128      322.9545      324.0060  7393248    0.33%
 202885 146392      323.6192   160      322.9545      324.0056  7410782    0.33%
 203324 146758      323.2956   166      322.9545      324.0052  7428865    0.33%
 203820 147177      323.8721   250      322.9545      324.0049  7446508    0.33%
Elapsed time = 2066.43 sec. (1668433.03 ticks, tree = 1922.87 MB, solutions = 25)
 204260 147549      323.7894   324      322.9545      324.0047  7463807    0.33%
 204720 147948      323.5392   250      322.9545      324.0044  7481924    0.33%
 205182 148330      323.8179   206      322.9545      324.0042  7499616    0.33%
 205641 148725      323.1395   194      322.9545      324.0039  7518038    0.32%
 206088 149108      322.9898   168      322.9545      324.0036  7536511    0.32%
 206542 149499      323.6609   312      322.9545      324.0033  7554598    0.32%
 206977 149876      323.3590   152      322.9545      324.0030  7572266    0.32%
 207467 150294      323.8199   276      322.9545      324.0027  7590495    0.32%
 207960 150712      323.3603   145      322.9545      324.0023  7608506    0.32%
 208449 151119      323.4536   256      322.9545      324.0020  7626155    0.32%
Elapsed time = 2113.16 sec. (1706652.43 ticks, tree = 1973.29 MB, solutions = 25)
 208851 151461      323.0580   190      322.9545      324.0018  7644073    0.32%
 209290 151831      323.2739   258      322.9545      324.0015  7661258    0.32%
 209731 152196      323.2036   264      322.9545      324.0012  7678674    0.32%
 210176 152577      323.9492   172      322.9545      324.0011  7695400    0.32%
 210639 152962      323.4287   162      322.9545      324.0009  7712083    0.32%
 211145 153386      323.5440   184      322.9545      324.0007  7729465    0.32%
 211610 153785      323.8903   238      322.9545      324.0005  7746955    0.32%
 212096 154205      323.6196   246      322.9545      324.0001  7764620    0.32%
 212550 154589      323.5977   298      322.9545      323.9999  7782147    0.32%
 213004 154968      323.1110   188      322.9545      323.9996  7799343    0.32%
Elapsed time = 2159.85 sec. (1744853.57 ticks, tree = 2018.49 MB, solutions = 25)
 213416 155307      323.7101   148      322.9545      323.9994  7816429    0.32%
 213845 155662      323.6460   300      322.9545      323.9991  7833474    0.32%
 214328 156082      323.7657   170      322.9545      323.9990  7850857    0.32%
 214747 156429      323.7213   196      322.9545      323.9986  7868017    0.32%
 215264 156870      323.5800   171      322.9545      323.9983  7885149    0.32%
 215696 157231      323.0191   212      322.9545      323.9982  7902224    0.32%
 216154 157613      323.8562   282      322.9545      323.9980  7919272    0.32%
 216593 157989      323.7899   196      322.9545      323.9978  7936278    0.32%
 217052 158361      323.6960   264      322.9545      323.9976  7953041    0.32%
 217552 158786      323.2985   213      322.9545      323.9974  7970232    0.32%
Elapsed time = 2207.00 sec. (1783147.01 ticks, tree = 2071.65 MB, solutions = 25)
Nodefile size = 24.54 MB (23.23 MB after compression)
 217989 159155      323.4810   234      322.9545      323.9972  7987590    0.32%
 218461 159555      323.0914   266      322.9545      323.9968  8004916    0.32%
 218916 159935      323.1710   148      322.9545      323.9966  8021777    0.32%
 219311 160271      323.4753   258      322.9545      323.9963  8038047    0.32%
 219734 160620      322.9790   142      322.9545      323.9961  8055071    0.32%
 220194 161012      322.9922   142      322.9545      323.9959  8072192    0.32%
 220694 161434      323.6334   224      322.9545      323.9957  8089403    0.32%
 221104 161780      323.1677   208      322.9545      323.9954  8106363    0.32%
 221530 162142      323.0236    74      322.9545      323.9952  8123363    0.32%
 222030 162559      323.1214   190      322.9545      323.9949  8141106    0.32%
Elapsed time = 2254.65 sec. (1821361.05 ticks, tree = 2120.02 MB, solutions = 25)
Nodefile size = 72.93 MB (69.00 MB after compression)
 222496 162951        cutoff            322.9545      323.9946  8158942    0.32%
 222950 163328      323.8868   220      322.9545      323.9944  8176230    0.32%
 223406 163707      323.6389   273      322.9545      323.9940  8193888    0.32%
 223857 164082      323.3742   206      322.9545      323.9937  8211763    0.32%
 224326 164482      323.4436   224      322.9545      323.9935  8229290    0.32%
 224764 164864      323.3759   166      322.9545      323.9933  8246659    0.32%
 225201 165238      323.4006   192      322.9545      323.9932  8264303    0.32%
 225638 165599      323.5002   220      322.9545      323.9930  8281920    0.32%
 226079 165969      323.3828   172      322.9545      323.9927  8299608    0.32%
 226512 166333      323.2154   169      322.9545      323.9925  8317025    0.32%
Elapsed time = 2301.99 sec. (1859584.92 ticks, tree = 2167.71 MB, solutions = 25)
Nodefile size = 120.31 MB (113.84 MB after compression)
 226911 166665      323.2416   270      322.9545      323.9923  8334165    0.32%
 227406 167078      323.5529   230      322.9545      323.9921  8352171    0.32%
 227877 167482      323.3752   176      322.9545      323.9918  8370318    0.32%
 228310 167841      323.5953   244      322.9545      323.9916  8387408    0.32%
 228782 168249      323.6590   270      322.9545      323.9915  8406075    0.32%
 229300 168684      323.1267   206      322.9545      323.9911  8423660    0.32%
 229760 169069      323.3787   184      322.9545      323.9910  8441318    0.32%
 230225 169462      323.3335   202      322.9545      323.9908  8458816    0.32%
 230687 169853      323.6594   176      322.9545      323.9905  8476471    0.32%
 231190 170280      323.4616   240      322.9545      323.9902  8494130    0.32%
Elapsed time = 2350.48 sec. (1897965.94 ticks, tree = 2223.76 MB, solutions = 25)
Nodefile size = 176.08 MB (166.55 MB after compression)
 231636 170645      323.7943   254      322.9545      323.9899  8511939    0.32%
 232097 171035      323.2476   124      322.9545      323.9896  8529936    0.32%
 232570 171434      323.5746   284      322.9545      323.9893  8547288    0.32%
 233019 171815      323.6333   226      322.9545      323.9891  8565325    0.32%
 233478 172208      323.6983   188      322.9545      323.9887  8582403    0.32%
 234008 172675      323.3464   142      322.9545      323.9885  8600391    0.32%
 234446 173041      323.5963   224      322.9545      323.9883  8617992    0.32%
 234904 173417      323.7369   260      322.9545      323.9881  8635220    0.32%
 235380 173809      323.0222   252      322.9545      323.9879  8652110    0.32%
 235820 174183      323.3438   228      322.9545      323.9876  8669639    0.32%
Elapsed time = 2398.55 sec. (1936271.87 ticks, tree = 2275.50 MB, solutions = 25)
Nodefile size = 227.88 MB (215.54 MB after compression)
 236290 174577      323.0071   110      322.9545      323.9874  8686286    0.32%
 236700 174922      323.4376   196      322.9545      323.9873  8703020    0.32%
 237130 175279      323.5009   174      322.9545      323.9871  8720515    0.32%
 237606 175690      323.2554   184      322.9545      323.9869  8737647    0.32%
 238088 176105      323.3793   172      322.9545      323.9867  8756308    0.32%
 238540 176479      323.4574   152      322.9545      323.9864  8773856    0.32%
 238965 176836      323.2419   122      322.9545      323.9863  8790689    0.32%
 239384 177188      323.8047   204      322.9545      323.9861  8807217    0.32%
 239788 177539        cutoff            322.9545      323.9859  8824118    0.32%
 240222 177908      323.7511   214      322.9545      323.9858  8840889    0.32%
Elapsed time = 2445.82 sec. (1974575.28 ticks, tree = 2319.35 MB, solutions = 25)
Nodefile size = 271.70 MB (256.88 MB after compression)
 240680 178290      323.6922   214      322.9545      323.9855  8857950    0.32%
 241181 178718      323.5398   180      322.9545      323.9852  8874797    0.32%
 241597 179069      323.6822   152      322.9545      323.9850  8891510    0.32%
 242069 179466      323.5519   216      322.9545      323.9848  8908951    0.32%
 242533 179862      323.5254   272      322.9545      323.9846  8926491    0.32%
 242979 180226      323.6474   208      322.9545      323.9843  8942853    0.32%
 243441 180605      323.5368   244      322.9545      323.9841  8960076    0.32%
 243884 180974      323.0365   230      322.9545      323.9839  8977531    0.32%
 244317 181335      323.4425   180      322.9545      323.9837  8994109    0.32%
 244766 181715      323.5227   164      322.9545      323.9834  9010956    0.32%
Elapsed time = 2493.40 sec. (2012823.75 ticks, tree = 2368.06 MB, solutions = 25)
Nodefile size = 320.44 MB (302.89 MB after compression)
 245222 182096      323.1972   116      322.9545      323.9831  9028739    0.32%
 245710 182508      323.6514   240      322.9545      323.9829  9046237    0.32%
 246100 182835      323.6537   165      322.9545      323.9827  9062801    0.32%
 246551 183213      323.3154   184      322.9545      323.9825  9080408    0.32%
 247028 183599      323.7054   212      322.9545      323.9822  9098438    0.32%
 247488 183986      323.8539   252      322.9545      323.9819  9115826    0.32%
 247971 184388      323.5621   228      322.9545      323.9818  9133270    0.32%
 248411 184744      323.6344   212      322.9545      323.9816  9150178    0.32%
 248907 185164      323.0336   154      322.9545      323.9814  9168238    0.32%
 249383 185575      323.3556   198      322.9545      323.9811  9185742    0.32%
Elapsed time = 2541.55 sec. (2051032.21 ticks, tree = 2419.72 MB, solutions = 25)
Nodefile size = 372.09 MB (351.61 MB after compression)
 249830 185948      322.9552   165      322.9545      323.9809  9203897    0.32%
 250309 186341      323.1997   218      322.9545      323.9806  9221852    0.32%
 250747 186705      323.8379   232      322.9545      323.9803  9239110    0.32%
 251209 187097      323.3607   120      322.9545      323.9801  9256486    0.32%
 251735 187542      323.2394   240      322.9545      323.9800  9274522    0.32%
 252220 187939      323.5887   276      322.9545      323.9797  9292544    0.32%
 252670 188314      323.8315   266      322.9545      323.9795  9309912    0.32%
 253095 188670      323.8699   252      322.9545      323.9793  9327762    0.32%
 253587 189074      323.2561   146      322.9545      323.9791  9345756    0.32%
 254013 189439      323.5697   222      322.9545      323.9789  9363562    0.32%
Elapsed time = 2589.79 sec. (2089288.05 ticks, tree = 2467.00 MB, solutions = 25)
Nodefile size = 419.63 MB (396.44 MB after compression)
 254480 189833      323.7034   210      322.9545      323.9787  9380964    0.32%
 254868 190162      323.1696   158      322.9545      323.9785  9397842    0.32%
 255313 190533      323.1947   163      322.9545      323.9783  9416166    0.32%
 255753 190895      322.9757   168      322.9545      323.9781  9433540    0.32%
 256246 191301      323.8038   248      322.9545      323.9779  9450506    0.32%
 256774 191747      323.7071   194      322.9545      323.9776  9468732    0.32%
 257242 192137      323.7088   202      322.9545      323.9774  9486753    0.32%
 257683 192504      323.6727   246      322.9545      323.9772  9504365    0.32%
 258136 192874      323.4726   150      322.9545      323.9770  9521546    0.32%
 258598 193263      323.5278   158      322.9545      323.9768  9539566    0.32%
Elapsed time = 2637.76 sec. (2127500.98 ticks, tree = 2520.07 MB, solutions = 25)
Nodefile size = 472.08 MB (445.84 MB after compression)
 259046 193626      323.0669   178      322.9545      323.9766  9556506    0.32%
 259513 194005      323.2872   166      322.9545      323.9765  9573089    0.32%
 259890 194312      323.8061   176      322.9545      323.9763  9590199    0.32%
 260357 194692      323.2890   184      322.9545      323.9761  9607350    0.32%
 260844 195094      323.1273   264      322.9545      323.9759  9624856    0.32%
 261346 195515      323.6771   228      322.9545      323.9756  9642571    0.32%
 261808 195913      323.6559   206      322.9545      323.9754  9659735    0.32%
 262203 196234      323.1767   158      322.9545      323.9752  9676334    0.32%
 262663 196610      323.9637   274      322.9545      323.9751  9693173    0.32%
 263123 196997      323.2020   184      322.9545      323.9749  9710640    0.32%
Elapsed time = 2685.68 sec. (2165738.67 ticks, tree = 2573.15 MB, solutions = 25)
Nodefile size = 525.63 MB (496.22 MB after compression)
 263505 197320      323.4881   186      322.9545      323.9748  9727014    0.32%
 263964 197705      323.2891   266      322.9545      323.9746  9744333    0.32%
 264397 198078      323.4749   190      322.9545      323.9744  9760637    0.32%
 264835 198436      323.1912   171      322.9545      323.9743  9777946    0.32%
 265271 198807      323.5504   206      322.9545      323.9741  9795483    0.32%
 265685 199149      323.1912   164      322.9545      323.9739  9812393    0.32%
 266134 199518      323.5153   268      322.9545      323.9736  9829087    0.32%
 266560 199881      323.4850   156      322.9545      323.9734  9846204    0.32%
 267015 200265      323.3847   224      322.9545      323.9732  9863477    0.32%
 267497 200675      323.4737   232      322.9545      323.9730  9881155    0.32%
Elapsed time = 2733.16 sec. (2204006.42 ticks, tree = 2622.32 MB, solutions = 25)
Nodefile size = 575.04 MB (542.81 MB after compression)
 267936 201044      323.6553   178      322.9545      323.9728  9898767    0.32%
 268428 201449      323.8257   224      322.9545      323.9726  9915436    0.32%
 268823 201779      323.3049   188      322.9545      323.9725  9932469    0.32%
 269289 202175      323.6154   268      322.9545      323.9723  9949660    0.32%
 269694 202516      323.5493   184      322.9545      323.9721  9966151    0.32%
 270164 202911      323.0999   130      322.9545      323.9719  9983692    0.32%
 270613 203273      323.8425   230      322.9545      323.9718 10000654    0.32%
 271069 203657      322.9803   142      322.9545      323.9716 10018515    0.31%
 271529 204039      323.6350   228      322.9545      323.9714 10035836    0.31%
 271989 204427      323.3289   152      322.9545      323.9712 10053081    0.31%
Elapsed time = 2781.14 sec. (2242270.16 ticks, tree = 2674.46 MB, solutions = 25)
Nodefile size = 626.97 MB (591.70 MB after compression)
 272474 204849      323.1264   208      322.9545      323.9710 10071101    0.31%
 272931 205229      322.9816   144      322.9545      323.9707 10088297    0.31%
 273424 205635      323.5201   208      322.9545      323.9705 10106178    0.31%
 273905 206037      323.2508   222      322.9545      323.9703 10124448    0.31%
 274406 206456      323.7909   188      322.9545      323.9700 10142390    0.31%
 274887 206848      323.4713   232      322.9545      323.9698 10160606    0.31%
 275327 207220      323.5414   212      322.9545      323.9695 10177646    0.31%
 275761 207581      323.2457   227      322.9545      323.9693 10194962    0.31%
 276225 207966      323.6182   176      322.9545      323.9691 10212496    0.31%
 276649 208324      323.2962   162      322.9545      323.9689 10229882    0.31%
Elapsed time = 2829.15 sec. (2280473.80 ticks, tree = 2723.59 MB, solutions = 25)
Nodefile size = 675.95 MB (637.87 MB after compression)
 277136 208727      323.5961   138      322.9545      323.9687 10247511    0.31%
 277612 209126      323.4757   209      322.9545      323.9686 10265228    0.31%
 278076 209518      323.5233   156      322.9545      323.9684 10283109    0.31%
 278580 209934      323.4105   168      322.9545      323.9682 10300268    0.31%
 279077 210346      323.7505   210      322.9545      323.9680 10317457    0.31%
 279534 210737      323.8654   274      322.9545      323.9678 10334879    0.31%
 279970 211105      323.5649   225      322.9545      323.9675 10352922    0.31%
 280476 211534      323.2796   145      322.9545      323.9673 10370855    0.31%
 280949 211924      323.4139   144      322.9545      323.9671 10388789    0.31%
 281388 212280      323.7607   304      322.9545      323.9668 10406257    0.31%
Elapsed time = 2877.72 sec. (2318699.62 ticks, tree = 2781.46 MB, solutions = 25)
Nodefile size = 733.67 MB (692.25 MB after compression)
 281830 212660      323.2491   144      322.9545      323.9666 10423482    0.31%
 282300 213048      323.9052   186      322.9545      323.9664 10441520    0.31%
 282806 213475      323.5847   272      322.9545      323.9662 10459281    0.31%
 283288 213884      323.7932   152      322.9545      323.9659 10476985    0.31%
 283817 214329      323.7574   304      322.9545      323.9657 10495110    0.31%
 284270 214720      323.7569   162      322.9545      323.9655 10512487    0.31%
 284739 215114      322.9609   148      322.9545      323.9653 10530286    0.31%
 285217 215515      323.3083   227      322.9545      323.9650 10548097    0.31%
 285643 215863      323.0703   184      322.9545      323.9649 10566010    0.31%
 286086 216234      323.5509   188      322.9545      323.9646 10583481    0.31%
Elapsed time = 2926.09 sec. (2356969.52 ticks, tree = 2825.77 MB, solutions = 25)
Nodefile size = 778.27 MB (733.99 MB after compression)
 286560 216631      323.7950   258      322.9545      323.9644 10600368    0.31%
 286991 217002      323.0734   190      322.9545      323.9641 10617228    0.31%
 287445 217376      323.7788   200      322.9545      323.9640 10634103    0.31%
 287876 217736      323.7410   230      322.9545      323.9638 10650578    0.31%
 288357 218132      323.8262   216      322.9545      323.9636 10667910    0.31%
 288796 218500      323.3690   210      322.9545      323.9634 10685313    0.31%
 289265 218874      323.2080   266      322.9545      323.9631 10702487    0.31%
 289722 219232        cutoff            322.9545      323.9629 10719861    0.31%
 290158 219588      323.7280   210      322.9545      323.9627 10737440    0.31%
 290578 219937      323.4957   204      322.9545      323.9625 10754966    0.31%
Elapsed time = 2973.87 sec. (2395358.29 ticks, tree = 2868.78 MB, solutions = 25)
Nodefile size = 821.35 MB (774.29 MB after compression)
 291047 220334      323.7153   172      322.9545      323.9623 10772209    0.31%
 291452 220675      323.7925   276      322.9545      323.9622 10789275    0.31%
 291906 221062      323.6087   220      322.9545      323.9620 10806645    0.31%
 292318 221411      323.5781   230      322.9545      323.9619 10823711    0.31%
 292778 221802      323.2122   100      322.9545      323.9617 10840944    0.31%
 293203 222154      323.5622   254      322.9545      323.9615 10858219    0.31%
 293634 222523      323.6680   214      322.9545      323.9614 10875047    0.31%
 294119 222937      323.7621   188      322.9545      323.9612 10892408    0.31%
 294547 223293      323.7068   216      322.9545      323.9610 10909841    0.31%
 295000 223677      323.7750   218      322.9545      323.9608 10926857    0.31%
Elapsed time = 3021.88 sec. (2433557.46 ticks, tree = 2918.12 MB, solutions = 25)
Nodefile size = 870.41 MB (820.44 MB after compression)
 295446 224050      323.7483   208      322.9545      323.9607 10944033    0.31%
 295839 224386      323.2565   232      322.9545      323.9605 10960904    0.31%
 296267 224743      323.0277   142      322.9545      323.9603 10977930    0.31%
 296732 225120      323.4595   143      322.9545      323.9601 10995020    0.31%
 297206 225520      323.2046   160      322.9545      323.9599 11012359    0.31%
 297647 225881      323.3103   270      322.9545      323.9597 11029864    0.31%
 298175 226321      323.0226   154      322.9545      323.9595 11047250    0.31%
 298642 226705        cutoff            322.9545      323.9593 11064856    0.31%
 299121 227100      323.3286   238      322.9545      323.9590 11082526    0.31%
 299566 227471      323.5669   232      322.9545      323.9588 11100341    0.31%
Elapsed time = 3070.25 sec. (2471748.66 ticks, tree = 2968.27 MB, solutions = 25)
Nodefile size = 920.30 MB (867.48 MB after compression)
 300059 227879      323.3371   168      322.9545      323.9586 11118025    0.31%
 300553 228277      323.1263   146      322.9545      323.9585 11136054    0.31%
 301001 228662      323.0795   112      322.9545      323.9584 11152474    0.31%
 301532 229122      323.0498   140      322.9545      323.9582 11170340    0.31%
 302001 229507      323.5580   204      322.9545      323.9580 11188200    0.31%
 302460 229876      323.6206   236      322.9545      323.9578 11205993    0.31%
 302883 230230      323.5028   168      322.9545      323.9577 11223147    0.31%
 303348 230619      323.2650   136      322.9545      323.9575 11241340    0.31%
 303776 230980      323.2428   242      322.9545      323.9573 11258964    0.31%
 304235 231365      323.1582   250      322.9545      323.9572 11276545    0.31%
Elapsed time = 3119.23 sec. (2509949.97 ticks, tree = 3013.67 MB, solutions = 25)
Nodefile size = 965.86 MB (910.21 MB after compression)
 304695 231758      323.1711   182      322.9545      323.9570 11294052    0.31%
 305126 232118      323.4071   190      322.9545      323.9568 11311602    0.31%
 305592 232504      323.5839   240      322.9545      323.9566 11329370    0.31%
 306023 232848      323.5059   234      322.9545      323.9565 11346686    0.31%
 306497 233241      323.6910   189      322.9545      323.9564 11364271    0.31%
 306868 233549      323.7307   254      322.9545      323.9562 11381713    0.31%
 307318 233914      323.0073   119      322.9545      323.9560 11399314    0.31%
 307759 234285      323.4707   216      322.9545      323.9559 11417254    0.31%
 308189 234644      323.5937   252      322.9545      323.9557 11434689    0.31%
 308659 235039      323.0594   136      322.9545      323.9556 11451563    0.31%
Elapsed time = 3167.01 sec. (2548188.18 ticks, tree = 3061.03 MB, solutions = 25)
Nodefile size = 1013.70 MB (955.19 MB after compression)
 309129 235418      323.7623   242      322.9545      323.9554 11469706    0.31%
 309619 235829      323.7734   256      322.9545      323.9553 11487943    0.31%
 310042 236188      323.6360   202      322.9545      323.9551 11505578    0.31%
 310498 236567      323.3829   172      322.9545      323.9549 11523395    0.31%
 310936 236927      323.5657   199      322.9545      323.9547 11541041    0.31%
 311361 237269      323.5554   154      322.9545      323.9545 11559023    0.31%
 311824 237645      322.9696   154      322.9545      323.9543 11576749    0.31%
 312219 237975      323.6496   205      322.9545      323.9542 11593985    0.31%
 312667 238352      323.6765   262      322.9545      323.9541 11611276    0.31%
 313144 238745      323.2986   204      322.9545      323.9539 11629290    0.31%
Elapsed time = 3214.75 sec. (2586458.95 ticks, tree = 3104.58 MB, solutions = 25)
Nodefile size = 1056.94 MB (995.73 MB after compression)
 313611 239147      323.5642   216      322.9545      323.9538 11646717    0.31%
 314084 239534      323.2502   196      322.9545      323.9536 11664011    0.31%
 314548 239910      322.9771   118      322.9545      323.9534 11681533    0.31%
 314966 240254      323.1743   210      322.9545      323.9532 11698449    0.31%
 315466 240674      323.2232   148      322.9545      323.9529 11715037    0.31%
 315900 241033      323.6581   237      322.9545      323.9528 11730952    0.31%
 316327 241392      323.2139    48      322.9545      323.9527 11747293    0.31%
 316725 241721      323.8173   160      322.9545      323.9525 11762824    0.31%
 317110 242049      323.6611   224      322.9545      323.9523 11778071    0.31%
 317495 242368      323.6421   196      322.9545      323.9522 11792608    0.31%
Elapsed time = 3262.73 sec. (2624640.89 ticks, tree = 3153.68 MB, solutions = 25)
Nodefile size = 1106.36 MB (1042.10 MB after compression)
 317875 242692      323.7611   284      322.9545      323.9521 11806833    0.31%
 318260 243024      323.4679   234      322.9545      323.9519 11821538    0.31%
 318624 243334      323.1347   185      322.9545      323.9518 11835855    0.31%
 319070 243705      323.6013   232      322.9545      323.9516 11851062    0.31%
 319446 244006      323.5465   162      322.9545      323.9515 11865486    0.31%
 319802 244297      323.6449   218      322.9545      323.9514 11878290    0.31%
 320215 244644      323.2730   240      322.9545      323.9513 11893475    0.31%
 320573 244934      323.8506   292      322.9545      323.9510 11906978    0.31%
 320869 245173      323.7853   216      322.9545      323.9509 11918615    0.31%
 321236 245471      323.4377   236      322.9545      323.9508 11932509    0.31%
Elapsed time = 3311.16 sec. (2662943.53 ticks, tree = 3199.97 MB, solutions = 25)
Nodefile size = 1152.75 MB (1085.68 MB after compression)
 321635 245800      323.5244   200      322.9545      323.9506 11947522    0.31%
 322040 246130        cutoff            322.9545      323.9505 11961810    0.31%
 322371 246401      323.0719   198      322.9545      323.9504 11975009    0.31%
 322729 246696      323.4007   146      322.9545      323.9502 11989622    0.31%
 323060 246966      323.7790   296      322.9545      323.9501 12003122    0.31%
 323436 247284      323.2078   169      322.9545      323.9500 12016789    0.31%
 323787 247572      323.3005   188      322.9545      323.9499 12029484    0.31%
 324160 247876      323.3127   234      322.9545      323.9496 12044382    0.31%
 324543 248194      323.3630   192      322.9545      323.9494 12057774    0.31%
 324895 248472      323.3309   234      322.9545      323.9492 12072178    0.31%
Elapsed time = 3359.82 sec. (2701349.48 ticks, tree = 3239.15 MB, solutions = 25)
Nodefile size = 1191.34 MB (1121.82 MB after compression)
 325260 248777      323.3044   236      322.9545      323.9491 12086740    0.31%
 325573 249039      323.4724   200      322.9545      323.9490 12099811    0.31%
 325920 249324      323.2592   172      322.9545      323.9489 12114513    0.31%
 326345 249676      323.5115   180      322.9545      323.9488 12128653    0.31%
 326760 250013      323.3099   138      322.9545      323.9486 12143099    0.31%
 327086 250273      322.9784   210      322.9545      323.9486 12157744    0.31%
 327460 250586      323.0975   137      322.9545      323.9485 12171809    0.31%
 327810 250873      323.1458   142      322.9545      323.9484 12186712    0.31%
 328211 251213      323.0902    78      322.9545      323.9482 12200705    0.31%
 328560 251506      323.1365    73      322.9545      323.9482 12214279    0.31%
Elapsed time = 3408.14 sec. (2739853.63 ticks, tree = 3282.91 MB, solutions = 25)
Nodefile size = 1235.13 MB (1162.94 MB after compression)
 329003 251868      323.4860   216      322.9545      323.9480 12229863    0.31%
 329342 252139      323.5786   178      322.9545      323.9479 12242990    0.31%
 329712 252456      323.2852   125      322.9545      323.9478 12256716    0.31%
 330023 252703      323.7296   276      322.9545      323.9476 12269421    0.31%
 330426 253033      323.7002   222      322.9545      323.9475 12284832    0.31%
 330806 253343      323.3039   148      322.9545      323.9474 12299704    0.31%
 331160 253628      323.4287   239      322.9545      323.9473 12313067    0.31%
 331552 253958      323.6346   208      322.9545      323.9472 12326947    0.31%
 331949 254298      323.4173   216      322.9545      323.9471 12340907    0.31%
 332304 254593      323.5805   268      322.9545      323.9470 12355000    0.31%
Elapsed time = 3457.04 sec. (2778159.25 ticks, tree = 3322.71 MB, solutions = 25)
Nodefile size = 1275.42 MB (1200.69 MB after compression)
 332660 254890      323.8548   212      322.9545      323.9469 12368988    0.31%
 333060 255215      323.1283   106      322.9545      323.9468 12383880    0.31%
 333431 255527      323.6475   218      322.9545      323.9466 12398260    0.31%
 333809 255847      322.9796   158      322.9545      323.9465 12413004    0.31%
 334195 256161      323.6637   204      322.9545      323.9464 12427638    0.31%
 334560 256468      323.4473   180      322.9545      323.9462 12440639    0.31%
 334935 256777      323.1366   176      322.9545      323.9461 12455826    0.31%
 335309 257086      323.1549   140      322.9545      323.9460 12469557    0.31%
 335712 257421      323.7507   144      322.9545      323.9458 12485345    0.31%
 336076 257730      322.9601   122      322.9545      323.9457 12498024    0.31%
Elapsed time = 3506.22 sec. (2817014.15 ticks, tree = 3360.29 MB, solutions = 25)
Nodefile size = 1312.75 MB (1235.64 MB after compression)
 336427 258020      323.3469   154      322.9545      323.9456 12513148    0.31%
 336760 258294      323.7843   263      322.9545      323.9455 12525638    0.31%
 337160 258615      323.5133   150      322.9545      323.9453 12541272    0.31%
 337560 258937      323.4886   192      322.9545      323.9452 12555898    0.31%
 337978 259267      323.0120    84      322.9545      323.9450 12570573    0.31%
 338361 259567      323.9448   178      322.9545      323.9449 12586711    0.31%
 338795 259927      323.1367   250      322.9545      323.9447 12602716    0.31%
 339160 260240      323.3133   138      322.9545      323.9446 12616911    0.31%
 339605 260600      323.4868   138      322.9545      323.9445 12632651    0.31%
 339985 260907      323.6649   194      322.9545      323.9443 12646103    0.31%
Elapsed time = 3555.57 sec. (2855819.22 ticks, tree = 3398.70 MB, solutions = 25)
Nodefile size = 1351.27 MB (1271.61 MB after compression)
 340360 261224      323.0893   162      322.9545      323.9442 12660414    0.31%
 340755 261557      323.7163   218      322.9545      323.9441 12674934    0.31%
 341092 261827      323.8212   190      322.9545      323.9439 12690067    0.31%
 341461 262130      323.5403   288      322.9545      323.9438 12704577    0.31%
 341838 262428      323.6098   270      322.9545      323.9437 12719190    0.31%
 342250 262762      323.7913   212      322.9545      323.9435 12734020    0.31%
 342609 263066      323.7149   278      322.9545      323.9434 12748389    0.31%
 342960 263358      323.6491   200      322.9545      323.9433 12763461    0.31%
 343310 263650      323.6176   205      322.9545      323.9432 12777715    0.31%

Flow cuts applied:  86
Mixed integer rounding cuts applied:  164
Lift and project cuts applied:  6
Gomory fractional cuts applied:  17
User cuts applied:  1638

Root node processing (before b&c):
  Real time             =    1.21 sec. (1035.48 ticks)
Sequential b&c:
  Real time             = 3598.79 sec. (2890273.44 ticks)
                          ------------
Total (root+branch&cut) = 3600.00 sec. (2891308.92 ticks)
|V|                                     400
K                                       80
theta                                   0.20
r                                       5
R                                       20
prob_func                               linear
#C1                                     816
#CP                                     4932

@Parameters: 
am_callback_heuristic                   false
am_local_search                         true
am_start_heuristic                      false
colocation                              true
comp                                    false
cutC                                    true
cutC_init                               false
cutF                                    false
cutF_init                               false
cutF_stable                             false
cutF_wrong                              false
cutLocal                                false
cutM                                    true
cutM_init                               true
cutM_stable                             false
cutP                                    true
cutP_init                               false
cutP_stable                             false
init                                    true
init_cutF_zero                          false
init_val_greedy                         true
is_Euclidean                            false
is_local_search                         false
is_right_cutP                           true
is_root                                 false
is_silent                               false
is_start                                false
mycut                                   false
pmed                                    false
pre                                     true
stable_root                             false
str                                     true
two_phase                               false
ubstr                                   false
mode                                    Int

am_callback_node_space                  50
init                                    0
mixture_seed                            1
node_space                              5
nodelimit                               -1
nsepa                                   1
strF                                    0
type_delta                              0

EPS                                     0.001000
EPS_FRAC                                0.00
gap                                     0.00
mixture_high_max                        0.99
mixture_high_min                        0.90
mixture_low_max                         0.01
mixture_low_min                         0.00
mixture_low_share                       0.80
timelimit                               3600.00

Number of Closed Sites: 11 / 880 
Number of Confined Sites-1: 14 / 1106 
Number of Confined Sites-k: 375 / 8005 
Preprocess Time: 0.73 + 0.00 sec

Solve Time: 3600.00
Number of Nodes: 343388
Termination Status: TIME_LIMIT

CutInfo: [phase] num / time (sec) / aver. num_nonzero
max              [LP]     0 / 0.00 / 0.00 [init]   218 / 0.00 / 2.06 [rLC]   328 / 0.03 / 7.75 [rUC]   542 / 0.04 / 5.29 [sLC]     1 / 0.10 / 10.00 [sUC]  1226 / 1.30 / 5.51 
prod_oa          [LP]     0 / 0.00 / 0.00 [init]   218 / 0.00 / 10.67 [rLC]   756 / 0.01 / 15.90 [rUC]   268 / 0.03 / 14.47 [sLC]   275 / 0.08 / 16.79 [sUC]  1230 / 1.21 / 15.34 
prod_sm_fixed    [LP]     0 / 0.00 / 0.00 [init]     0 / 0.00 / 0.00 [rLC]     0 / 0.00 / 0.00 [rUC]     0 / 0.00 / 0.00 [sLC]     0 / 0.00 / 0.00 [sUC]     0 / 0.00 / 0.00 
prod_bin         [LP]     0 / 0.00 / 0.00 [init]     0 / 0.00 / 0.00 [rLC]     0 / 0.00 / 0.00 [rUC]     0 / 0.00 / 0.00 [sLC]     0 / 0.00 / 0.00 [sUC]     0 / 0.00 / 0.00 
prod_local       [LP]     0 / 0.00 / 0.00 [init]     0 / 0.00 / 0.00 [rLC]     0 / 0.00 / 0.00 [rUC]     0 / 0.00 / 0.00 [sLC]     0 / 0.00 / 0.00 [sUC]     0 / 0.00 / 0.00 
prod_sm_C        [LP]     0 / 0.00 / 0.00 [init]     0 / 0.00 / 0.00 [rLC]     0 / 0.00 / 0.00 [rUC]     0 / 0.00 / 0.00 [sLC]     0 / 0.00 / 0.00 [sUC]     0 / 0.00 / 0.00 
facet            [LP]     0 / 0.00 / 0.00 [init]     0 / 0.00 / 0.00 [rLC]     0 / 0.00 / 0.00 [rUC]     0 / 0.00 / 0.00 [sLC]     0 / 0.00 / 0.00 [sUC]     0 / 0.00 / 0.00 
Separation Round:   [LP] 0  [init] 1  [rLC] 8  [rUC] 14  [sLC] 48  [sUC] 644873  
Root Best Bound 326.968909
Root Best Integer: 319.512585
Best Bound: 323.943152
Best Integer: 322.954467
1: 5, 11, 13, 14, 17, 23, 27, 28, 29, 31, 34, 38, 40, 42, 43, 49, 50, 53, 60, 70, 72, 74, 76, 80, 91, 100, 103, 105, 109, 114, 121, 128, 129, 132, 134, 137, 139, 148, 157, 161, 169, 176, 183, 185, 191, 201, 207, 231, 239, 241, 263, 265, 267, 271, 273, 284, 286, 289, 292, 294, 301, 307, 311, 316, 317, 323, 327, 335, 340, 343, 355, 358, 371, 373, 376, 385, 391, 392, 394, 398
Objective Value (calc): 322.944270
sum_etaM = 307.266667 / 307.266667
sum_etaP = 326.876417 / 326.863671
nL: 80
nCL: 0
mCL: 1
