Version identifier: 20.1.0.0 | 2020-11-10 | 9bedb6d68
CPXPARAM_Threads                                 1
CPXPARAM_TimeLimit                               3600
CPXPARAM_MIP_Tolerances_MIPGap                   0
Generic callback                                 0x60
1 of 1 MIP starts provided solutions.
MIP start 'm1' defined initial solution with objective 96.1994.
Tried aggregator 2 times.
MIP Presolve eliminated 67 rows and 50 columns.
Aggregator did 17 substitutions.
Reduced MIP has 1025 rows, 1133 columns, and 6145 nonzeros.
Reduced MIP has 275 binaries, 258 generals, 0 SOSs, and 0 indicators.
Presolve time = 0.00 sec. (2.97 ticks)
Probing time = 0.00 sec. (1.43 ticks)
Tried aggregator 1 time.
Reduced MIP has 1025 rows, 1133 columns, and 6145 nonzeros.
Reduced MIP has 275 binaries, 258 generals, 0 SOSs, and 0 indicators.
Presolve time = 0.00 sec. (1.67 ticks)
Probing time = 0.00 sec. (1.43 ticks)
MIP emphasis: balance optimality and feasibility.
MIP search method: dynamic search.
Parallel mode: none, using 1 thread.
Root relaxation solution time = 0.01 sec. (11.72 ticks)

        Nodes                                         Cuts/
   Node  Left     Objective  IInf  Best Integer    Best Bound    ItCnt     Gap

*     0+    0                           96.1994      300.0000           211.85%
      0     0       99.4404    28       96.1994      121.8695      849   26.68%
      0     0       96.4472    24       96.1994     Cuts: 225     1059    0.26%
      0     0        cutoff             96.1994                   1086     --- 
Elapsed time = 0.15 sec. (93.64 ticks, tree = 0.01 MB, solutions = 1)

Flow cuts applied:  6
Mixed integer rounding cuts applied:  18
Lift and project cuts applied:  1
User cuts applied:  273

Root node processing (before b&c):
  Real time             =    0.15 sec. (93.71 ticks)
Sequential b&c:
  Real time             =    0.00 sec. (0.00 ticks)
                          ------------
Total (root+branch&cut) =    0.15 sec. (93.71 ticks)
|V|                                     300
K                                       5
theta                                   0.20
r                                       10
R                                       25
prob_func                               linear
#C1                                     1004
#CP                                     3968

@Parameters: 
am_callback_heuristic                   false
am_local_search                         true
am_start_heuristic                      false
colocation                              true
comp                                    false
cutC                                    true
cutC_init                               false
cutF                                    true
cutF_init                               false
cutF_stable                             false
cutF_wrong                              false
cutLocal                                false
cutM                                    true
cutM_init                               true
cutM_stable                             false
cutP                                    true
cutP_init                               false
cutP_stable                             false
init                                    true
init_cutF_zero                          false
init_val_greedy                         true
is_Euclidean                            false
is_local_search                         true
is_right_cutP                           true
is_root                                 false
is_silent                               false
is_start                                false
mycut                                   false
pmed                                    false
pre                                     true
stable_root                             false
str                                     true
two_phase                               false
ubstr                                   false
mode                                    Int

am_callback_node_space                  50
init                                    0
mixture_seed                            1
node_space                              5
nodelimit                               -1
nsepa                                   1
strF                                    0
type_delta                              0

EPS                                     0.001000
EPS_FRAC                                0.00
gap                                     0.00
mixture_high_max                        0.99
mixture_high_min                        0.90
mixture_low_max                         0.01
mixture_low_min                         0.00
mixture_low_share                       0.80
timelimit                               3600.00

Number of Closed Sites: 25 / 125 
Number of Confined Sites-1: 17 / 68 
Number of Confined Sites-k: 256 / 439 
Preprocess Time: 0.32 + 0.00 sec

Solve Time: 0.15
Number of Nodes: 0
Termination Status: OPTIMAL

CutInfo: [phase] num / time (sec) / aver. num_nonzero
max              [LP]     0 / 0.00 / 0.00 [init]   254 / 0.00 / 6.41 [rLC]   110 / 0.00 / 17.74 [rUC]   114 / 0.01 / 17.58 [sLC]     0 / 0.00 / 0.00 [sUC]     0 / 0.00 / 0.00 
prod_oa          [LP]     0 / 0.00 / 0.00 [init]   254 / 0.00 / 12.15 [rLC]   148 / 0.00 / 24.40 [rUC]     7 / 0.00 / 33.43 [sLC]     0 / 0.00 / 0.00 [sUC]     0 / 0.00 / 0.00 
prod_sm_fixed    [LP]     0 / 0.00 / 0.00 [init]     0 / 0.00 / 0.00 [rLC]     0 / 0.00 / 0.00 [rUC]     0 / 0.00 / 0.00 [sLC]     0 / 0.00 / 0.00 [sUC]     0 / 0.00 / 0.00 
prod_bin         [LP]     0 / 0.00 / 0.00 [init]     0 / 0.00 / 0.00 [rLC]     0 / 0.00 / 0.00 [rUC]     0 / 0.00 / 0.00 [sLC]     0 / 0.00 / 0.00 [sUC]     0 / 0.00 / 0.00 
prod_local       [LP]     0 / 0.00 / 0.00 [init]     0 / 0.00 / 0.00 [rLC]     0 / 0.00 / 0.00 [rUC]     0 / 0.00 / 0.00 [sLC]     0 / 0.00 / 0.00 [sUC]     0 / 0.00 / 0.00 
prod_sm_C        [LP]     0 / 0.00 / 0.00 [init]     0 / 0.00 / 0.00 [rLC]     0 / 0.01 / 0.00 [rUC]   192 / 0.01 / 43.96 [sLC]     0 / 0.00 / 0.00 [sUC]     0 / 0.00 / 0.00 
facet            [LP]     0 / 0.00 / 0.00 [init]     0 / 0.00 / 0.00 [rLC]     0 / 0.00 / 0.00 [rUC]   185 / 0.00 / 0.00 [sLC]     0 / 0.00 / 0.00 [sUC]     0 / 0.00 / 0.00 
Separation Round:   [LP] 0  [init] 1  [rLC] 2  [rUC] 2  [sLC] 0  [sUC] 0  
Root Best Bound 96.447157
Root Best Integer: 96.199407
Best Bound: 96.447157
Best Integer: 96.199407
1: 14, 24, 31, 98, 167
Objective Value (calc): 96.199407
sum_etaM = 94.200000 / 94.200000
sum_etaP = 96.699259 / 96.699259
nL: 5
nCL: 0
mCL: 1
