Version identifier: 20.1.0.0 | 2020-11-10 | 9bedb6d68
CPXPARAM_Threads                                 1
CPXPARAM_TimeLimit                               3600
CPXPARAM_MIP_Tolerances_MIPGap                   0
Generic callback                                 0x60
1 of 1 MIP starts provided solutions.
MIP start 'm1' defined initial solution with objective 571.8822.
Tried aggregator 2 times.
MIP Presolve eliminated 19 rows and 16 columns.
Aggregator did 3 substitutions.
Reduced MIP has 1572 rows, 2381 columns, and 14381 nonzeros.
Reduced MIP has 592 binaries, 589 generals, 0 SOSs, and 0 indicators.
Presolve time = 0.01 sec. (5.90 ticks)
Probing time = 0.00 sec. (0.75 ticks)
Tried aggregator 1 time.
Reduced MIP has 1572 rows, 2381 columns, and 14381 nonzeros.
Reduced MIP has 592 binaries, 589 generals, 0 SOSs, and 0 indicators.
Presolve time = 0.00 sec. (3.49 ticks)
Probing time = 0.00 sec. (0.75 ticks)
MIP emphasis: balance optimality and feasibility.
MIP search method: dynamic search.
Parallel mode: none, using 1 thread.
Root relaxation solution time = 0.05 sec. (55.31 ticks)

        Nodes                                         Cuts/
   Node  Left     Objective  IInf  Best Integer    Best Bound    ItCnt     Gap

*     0+    0                          571.8822      600.0000             4.92%
      0     0      594.5977   168      571.8822      594.5977     1170    3.97%
      0     0      579.6588   258      571.8822     Cuts: 493     2115    1.36%
      0     0      578.5446   274      571.8822     Cuts: 306     2713    1.16%
      0     0      578.3077   274      571.8822     Cuts: 162     2974    1.12%
      0     0      578.2289   278      571.8822      Cuts: 99     3171    1.11%
      0     0      578.1937   296      571.8822      Cuts: 69     3327    1.10%
      0     0      578.1542   304      571.8822      Cuts: 59     3462    1.10%
      0     0      578.1430   304      571.8822      Cuts: 55     3551    1.09%
      0     0      578.1319   316      571.8822      Cuts: 47     3642    1.09%
      0     0      578.1201   312      571.8822 UserPurge2: 21     3710    1.09%
      0     0      578.0740   300      571.8822 UserPurge2: 26     3836    1.08%
      0     0      578.0590   310      571.8822 UserPurge2: 26     3878    1.08%
      0     0      578.0566   308      571.8822 UserPurge2: 19     3918    1.08%
      0     0      578.0553   302      571.8822 UserPurge2: 5     3938    1.08%
      0     0      578.0548   304      571.8822 UserPurge2: 10     3964    1.08%
      0     0      578.0546   302      571.8822 UserPurge2: 8     3974    1.08%
      0     2      577.9752   292      571.8822      577.9750     3974    1.07%
Elapsed time = 3.01 sec. (2593.75 ticks, tree = 0.01 MB, solutions = 1)
      6     8      577.8301   284      571.8822      577.9750     5446    1.07%
*    10+   10                          572.0229      577.9750             1.04%
     10    12      577.4358   280      572.0229      577.9750     6829    1.04%
     15    17      577.2544   271      572.0229      577.9750     8275    1.04%
     20    22      577.2121   266      572.0229      577.9750     8767    1.04%
     25    27      576.7741   254      572.0229      577.9750    10436    1.04%
     30    32      576.8245   245      572.0229      577.9750    11412    1.04%
     36    38      576.6597   236      572.0229      577.9750    12589    1.04%
     40    42      576.5957   236      572.0229      577.9750    13481    1.04%
     45    47      576.4769   224      572.0229      577.9750    14864    1.04%
     60    62      575.9578   192      572.0229      577.9750    17958    1.04%
Elapsed time = 8.44 sec. (7979.58 ticks, tree = 0.27 MB, solutions = 2)
     80    82      575.2286   137      572.0229      577.9750    21356    1.04%
    110   112      574.0895    78      572.0229      577.9750    26439    1.04%
    152   148      577.2364   284      572.0229      577.9236    30915    1.03%
    163   159      576.8905   272      572.0229      577.9236    34786    1.03%
    178   174      576.4461   248      572.0229      577.9236    39149    1.03%
    180   176      576.3188   240      572.0229      577.9236    40168    1.03%
    195   191      575.7586   214      572.0229      577.9236    44670    1.03%
    217   213      574.8628   138      572.0229      577.9236    49483    1.03%
    240   236      573.5882   104      572.0229      577.9236    52767    1.03%
    274   266      577.1850   278      572.0229      577.9226    57881    1.03%
Elapsed time = 21.61 sec. (18004.61 ticks, tree = 0.95 MB, solutions = 2)
    280   272      576.8065   248      572.0229      577.9226    60246    1.03%
    294   286      575.8866   256      572.0229      577.9226    64357    1.03%
    303   295      575.5277   250      572.0229      577.9226    66540    1.03%
    326   318      574.6938   227      572.0229      577.9226    69534    1.03%
    340   332      573.7303   212      572.0229      577.9226    73034    1.03%
    360   352      572.7196   188      572.0229      577.9226    75541    1.03%
    380   368      577.1094   268      572.0229      577.8820    79098    1.02%
    397   385      576.3299   252      572.0229      577.8820    82801    1.02%
    400   388      576.1653   260      572.0229      577.8820    83764    1.02%
    417   405      575.6434   254      572.0229      577.8820    87739    1.02%
Elapsed time = 31.75 sec. (28013.20 ticks, tree = 1.79 MB, solutions = 2)
    440   428      574.8765   209      572.0229      577.8820    92004    1.02%
    458   446      573.9815   178      572.0229      577.8820    96356    1.02%

Performing restart 1

Repeating presolve.
Tried aggregator 1 time.
MIP Presolve modified 246 coefficients.
Reduced MIP has 1572 rows, 2381 columns, and 14381 nonzeros.
Reduced MIP has 592 binaries, 589 generals, 0 SOSs, and 0 indicators.
Presolve time = 0.01 sec. (3.60 ticks)
Tried aggregator 1 time.
Reduced MIP has 1572 rows, 2381 columns, and 14381 nonzeros.
Reduced MIP has 592 binaries, 589 generals, 0 SOSs, and 0 indicators.
Presolve time = 0.01 sec. (3.56 ticks)
Represolve time = 0.04 sec. (22.96 ticks)
    477     0      577.3409   322      572.0229      Cuts: 44   104155    0.93%
    477     0      577.3191   324      572.0229      Cuts: 28   104290    0.93%
    477     0      577.3086   342      572.0229      Cuts: 21   104386    0.92%
    477     0      577.2750   302      572.0229      Cuts: 25   104542    0.92%
    477     0      577.2680   330      572.0229      Cuts: 36   104622    0.92%
    477     0      577.2581   328      572.0229      Cuts: 26   104735    0.92%
    477     0      577.2554   340      572.0229      Cuts: 19   104786    0.91%
    477     0      577.2481   328      572.0229      Cuts: 17   104869    0.91%
    477     0      577.2430   342      572.0229      Cuts: 19   104935    0.91%
    477     0      577.2386   342      572.0229      Cuts: 18   104990    0.91%
    477     0      577.2322   320      572.0229      Cuts: 24   105082    0.91%
    477     0      577.2257   320      572.0229      Cuts: 20   105164    0.91%
    477     0      577.2197   334      572.0229      Cuts: 28   105243    0.91%
    477     0      577.2177   330      572.0229      Cuts: 17   105309    0.91%
    477     0      577.2148   344      572.0229      Cuts: 15   105371    0.91%
    477     2      577.1977   328      572.0229      577.1976   105371    0.90%
    478     3      577.1144   342      572.0229      577.1976   105802    0.90%
    479     4      577.1107   306      572.0229      577.1143   106320    0.89%
    480     5      577.0220   342      572.0229      577.1141   107046    0.89%
    481     6      576.9216   320      572.0229      577.1106   107400    0.89%
    482     7      576.9684   338      572.0229      577.1106   108300    0.89%
    483     8      576.9256   338      572.0229      577.1106   109265    0.89%
    484     9      576.8406   330      572.0229      577.1106   110256    0.89%
Elapsed time = 54.78 sec. (53774.08 ticks, tree = 0.06 MB, solutions = 2)
    486    11      576.8206   332      572.0229      577.1106   111460    0.89%
    488    13      576.7997   334      572.0229      577.1106   112248    0.89%
    493    18      576.6919   302      572.0229      577.1106   114116    0.89%
    498    23      576.6221   290      572.0229      577.1106   115241    0.89%
    503    28      576.4436   302      572.0229      577.1106   117203    0.89%
    508    33      576.4978   298      572.0229      577.1106   118649    0.89%
    517    42      576.2832   262      572.0229      577.1106   120380    0.89%
    527    52      576.0624   242      572.0229      577.1106   124144    0.89%
    537    62      575.9386   242      572.0229      577.1106   126517    0.89%
    547    72      575.7746   230      572.0229      577.1106   128876    0.89%
Elapsed time = 64.56 sec. (65021.12 ticks, tree = 0.38 MB, solutions = 2)
    557    82      575.4531   224      572.0229      577.1106   130574    0.89%
    574    99      575.3479   206      572.0229      577.1106   132251    0.89%
    588   113      575.0994   177      572.0229      577.1106   133906    0.89%
    607   132      574.6944   149      572.0229      577.1106   135762    0.89%
    629   154      574.1495   127      572.0229      577.1106   137567    0.89%
    657   182      573.5988    75      572.0229      577.1106   139005    0.89%
    697   222      572.8263    44      572.0229      577.1106   141103    0.89%
*   753   263      integral     0      572.0730      577.1106   142733    0.88%
    757   265      576.9104   322      572.0730      577.0128   143490    0.86%
    767   275      576.5017   306      572.0730      577.0128   146134    0.86%
Elapsed time = 74.86 sec. (75107.93 ticks, tree = 5.29 MB, solutions = 3)
    784   292      575.9353   272      572.0730      577.0128   149196    0.86%
*   797+  257                          572.8859      577.0128             0.72%
    797   259      575.5473   270      572.8859      577.0128   151240    0.72%
    817   279      575.2767   226      572.8859      577.0128   154177    0.72%
    837   299      574.7516   215      572.8859      577.0128   156687    0.72%
    851   313      574.2055   194      572.8859      577.0128   158472    0.72%
    873   335      573.4749   160      572.8859      577.0128   160870    0.72%
    897   359      572.9641   109      572.8859      577.0128   162762    0.72%
    903   361      576.7535   328      572.8859      576.9887   164121    0.72%
    917   375      576.1151   296      572.8859      576.9887   166544    0.72%
    928   386      575.7759   286      572.8859      576.9887   167984    0.72%
Elapsed time = 85.28 sec. (85730.62 ticks, tree = 8.33 MB, solutions = 4)
    947   405      575.0123   258      572.8859      576.9887   170495    0.72%
    961   419      574.6990   197      572.8859      576.9887   171917    0.72%
    981   439      574.3535   155      572.8859      576.9887   173286    0.72%
   1027   485      573.4858    70      572.8859      576.9887   174963    0.72%
   1059   510      576.5730   334      572.8859      576.9500   177177    0.71%
   1077   528      575.8493   266      572.8859      576.9500   179874    0.71%
   1097   548      575.3551   200      572.8859      576.9500   181863    0.71%
   1133   584      574.6812   135      572.8859      576.9500   183549    0.71%
   1191   642      573.3114    49      572.8859      576.9500   185195    0.71%
   1218   659      576.6717   298      572.8859      576.9213   187746    0.70%
Elapsed time = 95.55 sec. (96135.60 ticks, tree = 15.81 MB, solutions = 4)
   1234   675      576.1068   280      572.8859      576.9213   190932    0.70%
   1251   692      575.7855   234      572.8859      576.9213   193579    0.70%
   1273   714      575.5259   198      572.8859      576.9213   196455    0.70%
   1300   741      575.0658   174      572.8859      576.9213   199306    0.70%
   1323   764      574.8263   152      572.8859      576.9213   201404    0.70%
   1357   798      574.2141   100      572.8859      576.9213   203963    0.70%
   1423   856      576.5697   330      572.8859      576.9202   206531    0.70%
   1443   876      575.5962   275      572.8859      576.9202   209603    0.70%
   1472   905      574.7861   220      572.8859      576.9202   212687    0.70%
   1500   933      573.7362   164      572.8859      576.9202   215193    0.70%
Elapsed time = 105.53 sec. (105928.03 ticks, tree = 23.42 MB, solutions = 4)
   1568   987      576.7237   338      572.8859      576.9186   218201    0.70%
   1592  1011      575.8494   258      572.8859      576.9186   221331    0.70%
   1623  1042      575.0960   207      572.8859      576.9186   223754    0.70%
   1675  1094      573.6197   106      572.8859      576.9186   226672    0.70%
   1715  1124      576.5009   298      572.8859      576.9100   229138    0.70%
   1737  1146      575.8494   256      572.8859      576.9100   231976    0.70%
   1762  1171      574.9501   206      572.8859      576.9100   234467    0.70%
   1814  1223      573.8666   144      572.8859      576.9100   237785    0.70%
   1850  1249      576.5876   326      572.8859      576.8798   239822    0.70%
   1997  1387      576.5001   328      572.8859      576.8797   250060    0.70%
Elapsed time = 118.91 sec. (118828.84 ticks, tree = 32.47 MB, solutions = 4)
   2056  1446      575.0488   212      572.8859      576.8797   261651    0.70%
   2188  1578      572.9236    46      572.8859      576.8797   271529    0.70%
   2355  1734      576.6369   316      572.8859      576.8564   283851    0.69%
   2540  1911      575.9907   292      572.8859      576.8389   296144    0.69%
   2698  2062      575.5005   262      572.8859      576.8231   308288    0.69%
   2831  2191      575.9965   314      572.8859      576.8227   320091    0.69%
   2954  2314      573.0365    83      572.8859      576.8227   332991    0.69%
   3139  2482      576.4067   312      572.8859      576.8143   344986    0.69%
   3297  2630      576.4581   310      572.8859      576.8136   357576    0.69%
*  3411  2553      integral     0      573.1214      576.8136   365257    0.64%
Elapsed time = 157.86 sec. (155726.79 ticks, tree = 55.84 MB, solutions = 5)
   3542  2678      576.6557   330      573.1214      576.8007   377271    0.64%
   3654  2786      576.7465   342      573.1214      576.7994   390289    0.64%
   3796  2928      573.7572    57      573.1214      576.7994   400947    0.64%
   4006  3129      576.4575   306      573.1214      576.7756   413122    0.64%
   4117  3230      576.4690   326      573.1214      576.7646   424549    0.64%
   4265  3369      576.2088   288      573.1214      576.7611   436479    0.64%
   4379  3477      576.4877   330      573.1214      576.7576   448524    0.63%
   4566  3655      575.8952   254      573.1214      576.7505   460098    0.63%
*  4678  3677      integral     0      573.1896      576.7505   465812    0.62%
   4826  3821      576.5069   330      573.1896      576.7470   477539    0.62%
Elapsed time = 196.76 sec. (192229.45 ticks, tree = 84.42 MB, solutions = 6)
   4969  3961      573.2103    62      573.1896      576.7470   488470    0.62%
   5043  4029      574.7437   188      573.1896      576.7430   500280    0.62%
   5162  4143      574.7907   204      573.1896      576.7383   512078    0.62%
   5300  4271      574.9986   229      573.1896      576.7380   523010    0.62%
   5445  4408      574.9370   193      573.1896      576.7275   534599    0.62%
   5625  4584      574.6577   179      573.1896      576.7255   546004    0.62%
   5740  4694      575.0233   200      573.1896      576.7254   557682    0.62%
   5912  4860      575.4295   262      573.1896      576.7252   569584    0.62%
   6063  5002      575.1774   221      573.1896      576.7232   581202    0.62%
   6252  5182      574.8080   187      573.1896      576.7176   592634    0.62%
Elapsed time = 237.48 sec. (230510.78 ticks, tree = 114.14 MB, solutions = 6)
   6446  5366      574.1551   150      573.1896      576.7081   604426    0.61%
   6528  5443      575.6335   256      573.1896      576.7076   615817    0.61%
   6677  5592      573.4715    16      573.1896      576.7076   628418    0.61%
   6892  5777        cutoff            573.1896      576.7074   639366    0.61%
   7032  5911      576.2999   332      573.1896      576.6978   651067    0.61%
   7157  6030      576.3767   292      573.1896      576.6952   662517    0.61%
   7299  6168      575.8982   278      573.1896      576.6921   673911    0.61%
   7431  6296      576.5226   314      573.1896      576.6882   686085    0.61%
   7559  6420      576.3160   304      573.1896      576.6813   697672    0.61%
   7677  6534      576.1399   308      573.1896      576.6797   709079    0.61%
Elapsed time = 278.73 sec. (269491.54 ticks, tree = 140.64 MB, solutions = 6)
   7811  6660      576.2141   300      573.1896      576.6787   720674    0.61%
   7920  6763      576.2784   300      573.1896      576.6783   732699    0.61%
   7997  6840      573.8581   161      573.1896      576.6783   744260    0.61%
   8109  6942      575.0141   205      573.1896      576.6778   754356    0.61%
   8265  7091      574.7358   187      573.1896      576.6766   765973    0.61%
   8444  7262      574.0653    93      573.1896      576.6765   777702    0.61%
   8583  7396      574.3355   106      573.1896      576.6730   789068    0.61%
*  8624  7247      integral     0      573.2881      576.6730   790503    0.59%
   8716  7339      574.1971   124      573.2881      576.6717   802180    0.59%
   8867  7481      576.4069   286      573.2881      576.6702   812922    0.59%
Elapsed time = 315.67 sec. (304485.40 ticks, tree = 166.85 MB, solutions = 7)
   9010  7618      576.2466   280      573.2881      576.6699   824377    0.59%
   9159  7763      575.9600   261      573.2881      576.6682   835837    0.59%
   9311  7908      575.6412   273      573.2881      576.6682   847358    0.59%
   9378  7975      573.7580   116      573.2881      576.6682   858809    0.59%
   9562  8141      576.4900   314      573.2881      576.6613   870642    0.59%
   9722  8295      576.4057   266      573.2881      576.6590   882130    0.59%
   9867  8435      575.8028   302      573.2881      576.6582   893310    0.59%
   9989  8551      576.1481   296      573.2881      576.6569   904805    0.59%
  10017  8579      575.3368   234      573.2881      576.6569   910595    0.59%
  10018  8580      576.5174   326      573.2881      576.6542   910928    0.59%
Elapsed time = 367.77 sec. (352354.23 ticks, tree = 192.80 MB, solutions = 7)
  10019  8581      576.4153   332      573.2881      576.6540   911294    0.59%
  10144  8701      575.8003   276      573.2881      576.6500   922331    0.59%
  10292  8837      576.0427   294      573.2881      576.6485   933944    0.59%
  10390  8927      576.4615   304      573.2881      576.6485   945537    0.59%
  10533  9065      575.8540   316      573.2881      576.6474   956605    0.59%
  10654  9182      575.5855   258      573.2881      576.6445   967825    0.59%
  10785  9305      575.6568   287      573.2881      576.6377   979155    0.58%
* 10889  8997      integral     0      573.4223      576.6377   984996    0.56%
  10957  9065      574.7304   194      573.4223      576.6361   996154    0.56%
  11081  9183      574.3489   155      573.4223      576.6341  1007423    0.56%
Elapsed time = 414.32 sec. (395947.04 ticks, tree = 206.81 MB, solutions = 8)
  11255  9352      573.6250    51      573.4223      576.6330  1018934    0.56%
  11383  9468      574.3097   116      573.4223      576.6330  1029944    0.56%
  11501  9577      576.4061   314      573.4223      576.6293  1041816    0.56%
  11554  9630      575.1661   232      573.4223      576.6293  1052836    0.56%
  11665  9735      575.2051   240      573.4223      576.6280  1064625    0.56%
  11768  9834      575.5743   258      573.4223      576.6278  1074403    0.56%
  11887  9945      575.1897   223      573.4223      576.6275  1085995    0.56%
  12031 10083      574.4057   122      573.4223      576.6261  1097530    0.56%
  12120 10164      575.0378   222      573.4223      576.6240  1106729    0.56%
  12217 10257      575.1662   220      573.4223      576.6239  1117885    0.56%
Elapsed time = 454.21 sec. (434515.92 ticks, tree = 229.98 MB, solutions = 8)
  12348 10384      573.9918   155      573.4223      576.6237  1129459    0.56%
  12471 10498      574.4177   165      573.4223      576.6224  1140799    0.56%
  12572 10591      574.5868   202      573.4223      576.6218  1151380    0.56%
  12646 10659      575.5421   276      573.4223      576.6215  1162575    0.56%
  12705 10718      573.5262   161      573.4223      576.6215  1172066    0.56%
  12820 10827      574.2518    99      573.4223      576.6206  1182736    0.56%
  12987 10982      576.3882   296      573.4223      576.6202  1194434    0.56%
  13135 11124      575.7833   274      573.4223      576.6199  1205536    0.56%
  13275 11258      575.7841   284      573.4223      576.6197  1216904    0.56%
  13329 11312      574.1432   174      573.4223      576.6197  1226687    0.56%
Elapsed time = 493.88 sec. (473188.86 ticks, tree = 247.00 MB, solutions = 8)
  13464 11433      574.6317   123      573.4223      576.6179  1238332    0.56%
  13612 11570      576.3049   310      573.4223      576.6138  1249703    0.56%
  13759 11709      576.2087   312      573.4223      576.6115  1259996    0.56%
  13880 11827      575.9873   274      573.4223      576.6113  1271307    0.56%
  13987 11930      576.0247   272      573.4223      576.6110  1283347    0.56%
  14128 12067      575.8932   262      573.4223      576.6108  1294317    0.56%
  14276 12205      575.4209   250      573.4223      576.6078  1305348    0.56%
  14409 12334      574.8612   195      573.4223      576.6056  1316591    0.56%
  14508 12424      575.4944   236      573.4223      576.6054  1326580    0.56%
  14609 12515      575.4704   226      573.4223      576.6001  1337739    0.55%
Elapsed time = 534.60 sec. (511644.83 ticks, tree = 278.97 MB, solutions = 8)
  14785 12683      574.9266   192      573.4223      576.5996  1349107    0.55%
  14912 12806      574.6796   189      573.4223      576.5952  1360372    0.55%
  15022 12908      574.8639   177      573.4223      576.5950  1371557    0.55%
  15123 12998      575.4621   276      573.4223      576.5943  1382325    0.55%
  15209 13074      576.1318   278      573.4223      576.5928  1393442    0.55%
  15338 13195      576.0915   250      573.4223      576.5920  1403603    0.55%
  15474 13328      575.5752   272      573.4223      576.5918  1414885    0.55%
* 15573 11728      integral     0      573.8175      576.5918  1420369    0.48%
  15692 11843      576.3824   332      573.8175      576.5914  1431203    0.48%
  15749 11900      574.1527   184      573.8175      576.5914  1441978    0.48%
Elapsed time = 572.62 sec. (547976.30 ticks, tree = 263.45 MB, solutions = 9)
  15800 11943      575.6106   220      573.8175      576.5904  1447192    0.48%
* 15894 11864      integral     0      573.8548      576.5904  1451780    0.48%
  16019 11984      576.2604   350      573.8548      576.5890  1462813    0.48%
  16112 12077      574.0174   148      573.8548      576.5890  1471942    0.48%
  16230 12181      576.2361   306      573.8548      576.5876  1482864    0.48%
  16269 12220      575.3542   225      573.8548      576.5876  1492491    0.48%
  16354 12299      576.2076   292      573.8548      576.5866  1503474    0.48%
  16467 12408      575.8219   270      573.8548      576.5865  1514695    0.48%
  16586 12519      576.0160   284      573.8548      576.5845  1523907    0.48%
  16696 12621      575.9091   256      573.8548      576.5839  1535194    0.48%
Elapsed time = 609.22 sec. (584331.28 ticks, tree = 277.37 MB, solutions = 10)
  16801 12715      576.0668   264      573.8548      576.5831  1545562    0.48%
  16884 12792      576.1556   294      573.8548      576.5806  1557057    0.47%
  17013 12915      575.9453   267      573.8548      576.5799  1567717    0.47%
  17143 13041      575.2847   227      573.8548      576.5797  1578719    0.47%
  17271 13159      574.9131   185      573.8548      576.5788  1589928    0.47%
  17357 13233      575.9756   286      573.8548      576.5769  1599277    0.47%
  17416 13292      574.9069   251      573.8548      576.5769  1610180    0.47%
  17507 13379      575.6582   273      573.8548      576.5738  1621672    0.47%
  17642 13504      575.1905   225      573.8548      576.5732  1632787    0.47%
  17776 13632      574.4884   155      573.8548      576.5724  1643875    0.47%
Elapsed time = 648.91 sec. (622717.29 ticks, tree = 300.05 MB, solutions = 10)
  17921 13768      576.2103   304      573.8548      576.5691  1655144    0.47%
  17981 13828      574.6485   203      573.8548      576.5691  1665594    0.47%
  18089 13930      574.9278   234      573.8548      576.5689  1676792    0.47%
  18237 14070      574.2153   129      573.8548      576.5677  1687938    0.47%
  18392 14210      576.3535   302      573.8548      576.5675  1699001    0.47%
  18507 14319      575.7014   292      573.8548      576.5670  1710059    0.47%
  18603 14399      576.4159   312      573.8548      576.5668  1721949    0.47%
  18737 14525      576.3133   304      573.8548      576.5663  1732578    0.47%
  18858 14643      575.4588   242      573.8548      576.5644  1743829    0.47%
  18970 14749      575.3422   223      573.8548      576.5636  1754014    0.47%
Elapsed time = 689.42 sec. (661276.51 ticks, tree = 325.91 MB, solutions = 10)
  19079 14852      574.7234   211      573.8548      576.5632  1764932    0.47%
  19201 14957      576.4173   308      573.8548      576.5624  1776244    0.47%
  19283 15039      574.2467   131      573.8548      576.5624  1785527    0.47%
  19440 15182      576.0970   310      573.8548      576.5616  1797081    0.47%
  19540 15278      576.0069   276      573.8548      576.5613  1807913    0.47%
  19627 15353      576.0659   278      573.8548      576.5611  1818919    0.47%
  19755 15477      575.5286   251      573.8548      576.5592  1829538    0.47%
  19882 15600      575.0734   210      573.8548      576.5589  1840805    0.47%
  20017 15731      574.3983   186      573.8548      576.5581  1851971    0.47%
  20087 15797      574.8163   210      573.8548      576.5551  1861948    0.47%
Elapsed time = 729.42 sec. (699820.82 ticks, tree = 337.59 MB, solutions = 10)
  20195 15897      574.7533   154      573.8548      576.5543  1873268    0.47%
  20365 16053      576.2374   298      573.8548      576.5533  1884758    0.47%
  20477 16157      576.2296   270      573.8548      576.5532  1894151    0.47%
  20617 16289      576.1760   302      573.8548      576.5521  1905557    0.47%
  20716 16384      573.9687   123      573.8548      576.5521  1917288    0.47%
  20843 16499      575.7371   296      573.8548      576.5501  1927965    0.47%
  20979 16629      575.4369   226      573.8548      576.5492  1938361    0.47%
  21097 16743      574.6064   191      573.8548      576.5480  1949890    0.47%
  21166 16806      575.5895   228      573.8548      576.5479  1959998    0.47%
  21263 16893      575.6112   256      573.8548      576.5478  1971153    0.47%
Elapsed time = 769.68 sec. (738257.67 ticks, tree = 364.74 MB, solutions = 10)
  21377 17001      575.1652   229      573.8548      576.5477  1981226    0.47%
  21511 17131      574.2009   174      573.8548      576.5469  1992412    0.47%
  21650 17259      576.2929   280      573.8548      576.5444  2003439    0.47%
  21721 17330      574.2268   160      573.8548      576.5444  2014674    0.47%
  21824 17427      574.5154   112      573.8548      576.5443  2025660    0.47%
  21941 17532      576.2273   302      573.8548      576.5435  2036957    0.47%
  22049 17636      575.8947   282      573.8548      576.5432  2047967    0.47%
  22125 17706      575.5886   222      573.8548      576.5432  2058423    0.47%
  22233 17806      575.1250   204      573.8548      576.5424  2069568    0.47%
  22380 17941        cutoff            573.8548      576.5422  2080708    0.47%
Elapsed time = 809.62 sec. (776714.44 ticks, tree = 383.55 MB, solutions = 10)
  22486 18035      575.9197   271      573.8548      576.5408  2091613    0.47%
  22589 18132      575.9078   310      573.8548      576.5407  2102066    0.47%
  22661 18204      574.0152   175      573.8548      576.5407  2113197    0.47%
  22785 18316      576.0028   282      573.8548      576.5395  2124499    0.47%
  22907 18434      575.6411   236      573.8548      576.5389  2135115    0.47%
  23050 18573      575.1175   216      573.8548      576.5383  2146238    0.47%
  23140 18655      575.6341   246      573.8548      576.5378  2157404    0.47%
  23226 18735      576.2910   306      573.8548      576.5361  2169257    0.47%
  23317 18822      576.1351   302      573.8548      576.5360  2177690    0.47%
  23463 18958      575.4207   212      573.8548      576.5348  2188990    0.47%
Elapsed time = 849.35 sec. (815220.73 ticks, tree = 408.43 MB, solutions = 10)
  23614 19103      574.1938   102      573.8548      576.5347  2200456    0.47%
  23715 19191      576.2716   290      573.8548      576.5337  2210997    0.47%
  23819 19291      575.7369   282      573.8548      576.5319  2221640    0.47%
  23929 19397      575.0501   240      573.8548      576.5306  2232803    0.47%
  24069 19531      574.0978   137      573.8548      576.5304  2244369    0.47%
  24152 19610      573.9136   152      573.8548      576.5304  2255625    0.47%
  24289 19733      575.7079   274      573.8548      576.5302  2266610    0.47%
  24421 19861      575.2948   245      573.8548      576.5301  2277852    0.47%
  24497 19931      575.3601   219      573.8548      576.5297  2286667    0.47%
  24599 20027      575.4096   216      573.8548      576.5296  2297528    0.47%
Elapsed time = 889.29 sec. (853611.80 ticks, tree = 439.14 MB, solutions = 10)
  24710 20134      574.5822   158      573.8548      576.5289  2308911    0.47%
  24858 20274      576.2812   312      573.8548      576.5286  2320310    0.47%
  24980 20392      576.1324   288      573.8548      576.5285  2329506    0.47%
  25073 20481      575.8446   268      573.8548      576.5277  2340735    0.47%
  25152 20550      575.9147   290      573.8548      576.5272  2352042    0.47%
  25277 20671      575.2652   236      573.8548      576.5269  2362719    0.47%
  25422 20810      574.5622   146      573.8548      576.5266  2374308    0.47%
  25559 20937      576.2691   302      573.8548      576.5255  2385725    0.47%
  25618 20996      574.7162   172      573.8548      576.5255  2396093    0.47%
  25708 21080      575.5316   244      573.8548      576.5255  2404592    0.47%
Elapsed time = 929.01 sec. (891944.72 ticks, tree = 455.50 MB, solutions = 10)
  25832 21200      575.1256   215      573.8548      576.5254  2415861    0.47%
  25964 21326      574.9820   208      573.8548      576.5254  2427148    0.47%
  26087 21443      574.1444   142      573.8548      576.5246  2437859    0.47%
  26171 21523      574.1562   141      573.8548      576.5234  2448955    0.47%
  26300 21640      576.1700   320      573.8548      576.5218  2460294    0.46%
  26407 21741      575.7278   268      573.8548      576.5195  2471327    0.46%
  26534 21864      575.1005   207      573.8548      576.5195  2482394    0.46%
  26648 21974      575.5095   236      573.8548      576.5194  2493422    0.46%
  26760 22078      575.2248   243      573.8548      576.5177  2504827    0.46%
  26947 22256      576.3696   344      573.8548      576.5173  2516705    0.46%
Elapsed time = 969.79 sec. (930520.82 ticks, tree = 482.70 MB, solutions = 10)
  27082 22387      576.1461   302      573.8548      576.5173  2527634    0.46%
  27198 22495      575.5360   254      573.8548      576.5170  2538907    0.46%
  27279 22570      576.2174   306      573.8548      576.5162  2550307    0.46%
  27387 22674      575.6769   230      573.8548      576.5157  2561181    0.46%
  27508 22791      574.8989   197      573.8548      576.5149  2572543    0.46%
  27646 22918      574.2213   178      573.8548      576.5148  2583824    0.46%
  27716 22983      575.2360   220      573.8548      576.5147  2594595    0.46%
  27837 23088      575.4024   250      573.8548      576.5144  2605784    0.46%
  27967 23214      574.9965   165      573.8548      576.5142  2616856    0.46%
  28126 23360      576.2383   280      573.8548      576.5139  2628217    0.46%
Elapsed time = 1010.10 sec. (968998.21 ticks, tree = 510.72 MB, solutions = 10)
  28259 23483      576.2416   306      573.8548      576.5135  2639111    0.46%
  28329 23553      574.3154   153      573.8548      576.5135  2650534    0.46%
  28469 23679      574.4577   109      573.8548      576.5135  2661695    0.46%
  28607 23807      574.0269   108      573.8548      576.5134  2672026    0.46%
  28722 23914      575.8890   256      573.8548      576.5122  2683027    0.46%
  28852 24036      575.7760   276      573.8548      576.5114  2694332    0.46%
  28915 24099      574.0347   172      573.8548      576.5114  2704536    0.46%
  29034 24209      575.8312   260      573.8548      576.5089  2715383    0.46%
  29180 24348      575.4503   251      573.8548      576.5086  2726464    0.46%
  29313 24477      574.5927   173      573.8548      576.5076  2737728    0.46%
Elapsed time = 1050.11 sec. (1007255.93 ticks, tree = 525.21 MB, solutions = 10)
  29393 24552      575.3854   284      573.8548      576.5074  2747651    0.46%
  29467 24614      576.0229   255      573.8548      576.5074  2758381    0.46%
  29585 24729      575.1832   241      573.8548      576.5069  2769659    0.46%
  29714 24850      576.1790   290      573.8548      576.5063  2780979    0.46%
  29819 24951      575.7969   272      573.8548      576.5061  2791765    0.46%
  29894 25022      575.9817   274      573.8548      576.5060  2802745    0.46%
  30018 25142      574.8044   215      573.8548      576.5057  2813357    0.46%
  30168 25287      573.9132   111      573.8548      576.5047  2824622    0.46%
  30310 25415      575.9215   274      573.8548      576.5045  2835855    0.46%
  30403 25500      575.8265   276      573.8548      576.5042  2847190    0.46%
Elapsed time = 1089.87 sec. (1045716.17 ticks, tree = 550.03 MB, solutions = 10)
  30502 25595      575.5502   262      573.8548      576.5040  2856576    0.46%
  30619 25708      575.2492   181      573.8548      576.5039  2867931    0.46%
  30776 25857      573.9209   128      573.8548      576.5038  2879188    0.46%
  30849 25924      574.4036   188      573.8548      576.5037  2890023    0.46%
  30955 26020      574.5113   151      573.8548      576.5037  2900774    0.46%
  31083 26136      576.2992   302      573.8548      576.5036  2912397    0.46%
  31199 26248      575.8128   258      573.8548      576.5032  2923488    0.46%
  31319 26364      574.9917   226      573.8548      576.5031  2934329    0.46%
  31447 26486      574.4234   128      573.8548      576.5028  2945559    0.46%
  31587 26615      575.8747   270      573.8548      576.5019  2957033    0.46%
Elapsed time = 1129.99 sec. (1084132.88 ticks, tree = 562.89 MB, solutions = 10)
  31677 26697      576.3975   294      573.8548      576.5016  2965699    0.46%
  31747 26767      574.8034   132      573.8548      576.5016  2974189    0.46%
  31851 26866      574.9085   192      573.8548      576.5015  2985137    0.46%
  31966 26971      574.4019   142      573.8548      576.5012  2996400    0.46%
  32090 27087      576.3681   316      573.8548      576.5008  3007089    0.46%
  32252 27243      575.7162   252      573.8548      576.5007  3018116    0.46%
  32378 27361      575.0131   207      573.8548      576.5005  3029379    0.46%
  32517 27491      574.3824    77      573.8548      576.5003  3040033    0.46%
  32667 27629      575.8022   250      573.8548      576.4997  3051124    0.46%
  32806 27759      575.0763   205      573.8548      576.4993  3062497    0.46%
Elapsed time = 1170.51 sec. (1123395.02 ticks, tree = 590.76 MB, solutions = 10)
  32890 27839      575.0578   230      573.8548      576.4992  3073359    0.46%
  33013 27948      574.4461   190      573.8548      576.4990  3084474    0.46%
  33152 28079      576.1295   284      573.8548      576.4988  3095841    0.46%
  33296 28218      574.9080   184      573.8548      576.4986  3106854    0.46%
  33390 28307      574.7218   234      573.8548      576.4982  3117905    0.46%
  33486 28395      574.8336   206      573.8548      576.4979  3129298    0.46%
  33651 28550      573.9004   113      573.8548      576.4974  3140466    0.46%
  33784 28675      575.9122   286      573.8548      576.4972  3150582    0.46%
  33873 28761      575.7147   268      573.8548      576.4968  3161397    0.46%
  33953 28833      576.2547   290      573.8548      576.4968  3173098    0.46%
Elapsed time = 1210.44 sec. (1161780.09 ticks, tree = 605.04 MB, solutions = 10)
  34077 28953      575.8294   229      573.8548      576.4956  3182602    0.46%
  34203 29075      575.2908   206      573.8548      576.4952  3193597    0.46%
  34377 29244      574.3869   126      573.8548      576.4948  3204958    0.46%
  34476 29337      574.5570   142      573.8548      576.4947  3216623    0.46%
  34600 29455      574.1975   116      573.8548      576.4939  3227306    0.46%
  34698 29542      574.3489   160      573.8548      576.4939  3234360    0.46%
  34825 29661      575.7784   268      573.8548      576.4923  3245595    0.46%
  34925 29756      575.7615   242      573.8548      576.4913  3255318    0.46%
  34993 29821      573.8605   160      573.8548      576.4913  3267057    0.46%
  35117 29935      575.9263   240      573.8548      576.4905  3277811    0.46%
Elapsed time = 1250.50 sec. (1200545.16 ticks, tree = 627.64 MB, solutions = 10)
  35266 30076      574.6448   172      573.8548      576.4904  3289182    0.46%
  35414 30212      576.3176   294      573.8548      576.4891  3300296    0.46%
  35484 30282      574.6189   192      573.8548      576.4891  3311620    0.46%
  35608 30398      574.5793   148      573.8548      576.4874  3322809    0.46%
  35721 30499      576.2445   296      573.8548      576.4869  3333418    0.46%
  35851 30625      575.2657   251      573.8548      576.4861  3344473    0.46%
  35927 30697      575.6054   272      573.8548      576.4861  3355333    0.46%
  35973 30743      574.7227   231      573.8548      576.4861  3365018    0.46%
  36074 30832      574.9244   190      573.8548      576.4860  3376464    0.46%
  36217 30967      574.6854   178      573.8548      576.4859  3386400    0.46%
Elapsed time = 1290.70 sec. (1239270.65 ticks, tree = 653.66 MB, solutions = 10)
  36366 31105      573.9310   126      573.8548      576.4859  3397508    0.46%
  36488 31221      574.1913   101      573.8548      576.4857  3408161    0.46%
  36560 31283      575.4684   233      573.8548      576.4856  3418795    0.46%
  36674 31389      575.0919   228      573.8548      576.4856  3430124    0.46%
  36778 31489      574.8247   199      573.8548      576.4844  3441331    0.46%
  36905 31610      574.4705   157      573.8548      576.4844  3450717    0.46%
  37043 31739      575.5664   274      573.8548      576.4837  3462051    0.46%
  37138 31822      576.2559   302      573.8548      576.4836  3473544    0.46%
  37239 31917      575.7089   244      573.8548      576.4832  3484477    0.46%
  37370 32041      575.1539   232      573.8548      576.4825  3495757    0.46%
Elapsed time = 1330.65 sec. (1277586.22 ticks, tree = 677.72 MB, solutions = 10)
  37528 32195      573.8732    64      573.8548      576.4820  3507052    0.46%
  37579 32242      575.1056   226      573.8548      576.4820  3517703    0.46%
  37678 32333      574.9115   222      573.8548      576.4816  3529174    0.46%
  37799 32442      576.3544   316      573.8548      576.4810  3540464    0.46%
  37918 32554      576.0171   252      573.8548      576.4799  3550939    0.46%
  38053 32686      575.6468   238      573.8548      576.4798  3562379    0.46%
  38106 32739      574.0547   184      573.8548      576.4798  3570590    0.46%
  38259 32874      576.1239   304      573.8548      576.4795  3581284    0.46%
  38426 33034      575.3927   216      573.8548      576.4793  3592620    0.46%
  38551 33155      574.0843   133      573.8548      576.4790  3602803    0.46%
Elapsed time = 1370.89 sec. (1316090.57 ticks, tree = 698.61 MB, solutions = 10)

Performing restart 2

Repeating presolve.
Tried aggregator 1 time.
MIP Presolve modified 57 coefficients.
Reduced MIP has 1572 rows, 2381 columns, and 14381 nonzeros.
Reduced MIP has 592 binaries, 589 generals, 0 SOSs, and 0 indicators.
Presolve time = 0.01 sec. (3.58 ticks)
Tried aggregator 1 time.
Reduced MIP has 1572 rows, 2381 columns, and 14381 nonzeros.
Reduced MIP has 592 binaries, 589 generals, 0 SOSs, and 0 indicators.
Presolve time = 0.01 sec. (3.56 ticks)
Represolve time = 0.16 sec. (37.47 ticks)
  38645     0      577.0664   382      573.8548      Cuts: 25  3619192    0.46%
  38645     0      577.0566   358      573.8548      Cuts: 26  3619307    0.46%
  38645     0      577.0514   360      573.8548      Cuts: 17  3619399    0.46%
  38645     0      577.0480   366      573.8548   MIRcuts: 15  3619454    0.46%
  38645     0      577.0435   372      573.8548   MIRcuts: 10  3619525    0.46%
  38645     0      577.0416   370      573.8548      Cuts: 12  3619577    0.46%
  38645     0      577.0405   378      573.8548      Cuts: 17  3619623    0.46%
  38645     2      577.0405   378      573.8548      576.4786  3619623    0.46%
  38648     5      577.0125   358      573.8548      576.4786  3620163    0.46%
  38654    11      576.8636   310      573.8548      576.4786  3620683    0.46%
  38665    22      576.5898   252      573.8548      576.4786  3621915    0.46%
  38722    79      575.7964   116      573.8548      576.4786  3624751    0.46%
  38807   160      576.8189   320      573.8548      576.4786  3626308    0.46%
  38849   202      575.3282   183      573.8548      576.4786  3630077    0.46%
  38963   308      576.4139   256      573.8548      576.4786  3635722    0.46%
  39117   462      576.0283   150      573.8548      576.4786  3641591    0.46%
  39405   744      574.3905    30      573.8548      576.4786  3648360    0.46%
Elapsed time = 1415.83 sec. (1363846.25 ticks, tree = 5.28 MB, solutions = 10)
  39637   959      575.9191   166      573.8548      576.4786  3660931    0.46%
  40070  1381      574.1953    29      573.8548      576.4786  3672568    0.46%
  40414  1718      574.3611    72      573.8548      576.4786  3687420    0.46%
  40828  2108      575.5639   152      573.8548      576.4786  3700939    0.46%
  41095  2367      575.8631   236      573.8548      576.4786  3714477    0.46%
  41361  2617      575.8538   203      573.8548      576.4786  3728365    0.46%
  41649  2895      575.6237   184      573.8548      576.4786  3742162    0.46%
  41814  3052      575.1410   167      573.8548      576.4786  3755108    0.46%
  42043  3267      576.3919   240      573.8548      576.4786  3766710    0.46%
  42245  3459      575.3990   192      573.8548      576.4786  3777786    0.46%
Elapsed time = 1462.97 sec. (1402525.62 ticks, tree = 40.19 MB, solutions = 10)
  42452  3656      576.6004   304      573.8548      576.4786  3789180    0.46%
  42615  3815      576.4446   266      573.8548      576.4786  3800530    0.46%
  42795  3992      575.4025   201      573.8548      576.4786  3810151    0.46%
  43069  4246      576.2630   284      573.8548      576.4786  3821760    0.46%
  43191  4363      575.8674   228      573.8548      576.4786  3832998    0.46%
  43316  4481      575.5822   186      573.8548      576.4786  3842263    0.46%
  43491  4651      574.7880   130      573.8548      576.4786  3851417    0.46%
  43677  4827      576.7005   298      573.8548      576.4786  3860632    0.46%
  43841  4985      576.0483   300      573.8548      576.4786  3869635    0.46%
  43962  5100      576.6269   324      573.8548      576.4786  3878848    0.46%
Elapsed time = 1503.49 sec. (1440943.10 ticks, tree = 64.96 MB, solutions = 10)
  44126  5241      576.2092   270      573.8548      576.4786  3887889    0.46%
  44251  5358      576.2173   268      573.8548      576.4786  3895387    0.46%
  44421  5522      575.6163   195      573.8548      576.4786  3903791    0.46%
  44565  5645      575.5005   163      573.8548      576.4786  3912740    0.46%
  44732  5809      574.2502    38      573.8548      576.4786  3921781    0.46%
  44860  5923      576.3940   252      573.8548      576.4786  3930729    0.46%
  45005  6062      575.9636   232      573.8548      576.4786  3940304    0.46%
  45131  6183      575.8414   276      573.8548      576.4786  3949894    0.46%
  45251  6293      575.5660   222      573.8548      576.4786  3959308    0.46%
  45414  6451      574.4128   111      573.8548      576.4786  3968438    0.46%
Elapsed time = 1541.69 sec. (1479287.39 ticks, tree = 84.14 MB, solutions = 10)
  45582  6602      576.3638   274      573.8548      576.4786  3977063    0.46%
  45730  6742      576.3459   252      573.8548      576.4786  3986643    0.46%
  45871  6875      576.2026   236      573.8548      576.4786  3996114    0.46%
  46022  7021      575.1648   126      573.8548      576.4786  4004905    0.46%
  46221  7208      576.5830   302      573.8548      576.4786  4013592    0.46%
  46348  7327      576.5078   304      573.8548      576.4786  4022124    0.46%
  46479  7458      574.1018    80      573.8548      576.4786  4031674    0.46%
  46635  7604      575.8583   250      573.8548      576.4786  4040800    0.46%
  46804  7762      575.6600   195      573.8548      576.4786  4049178    0.46%
  46994  7947      574.3371    66      573.8548      576.4786  4058018    0.46%
Elapsed time = 1580.40 sec. (1517609.88 ticks, tree = 103.40 MB, solutions = 10)
  47114  8063      574.1058    70      573.8548      576.4786  4067076    0.46%
  47259  8198      576.2103   284      573.8548      576.4786  4076428    0.46%
  47391  8324      575.7824   212      573.8548      576.4786  4085107    0.46%
  47585  8504      575.3370   168      573.8548      576.4786  4093601    0.46%
  47713  8625      575.5212   155      573.8548      576.4786  4102996    0.46%
  47895  8788      576.5615   284      573.8548      576.4786  4111599    0.46%
  48050  8939      575.6576   183      573.8548      576.4786  4120471    0.46%
  48249  9126      576.5678   308      573.8548      576.4786  4129738    0.46%
  48370  9240      576.5298   316      573.8548      576.4786  4139145    0.46%
  48525  9382      576.2108   260      573.8548      576.4786  4148014    0.46%
Elapsed time = 1618.95 sec. (1556138.99 ticks, tree = 117.23 MB, solutions = 10)
  48696  9543      575.5531   190      573.8548      576.4786  4156526    0.46%
  48910  9744      576.5174   284      573.8548      576.4786  4166144    0.46%
  49009  9843      574.3623   128      573.8548      576.4786  4175915    0.46%
  49191 10009      573.8601    72      573.8548      576.4786  4184370    0.46%
  49343 10152      576.2670   258      573.8548      576.4786  4193692    0.46%
  49500 10301      575.6857   217      573.8548      576.4786  4202610    0.46%
  49655 10449      575.3810   226      573.8548      576.4786  4211594    0.46%
  49802 10584      575.5541   179      573.8548      576.4786  4220450    0.46%
  49967 10743      575.0511   143      573.8548      576.4786  4228722    0.46%
  50167 10926      576.3552   318      573.8548      576.4786  4237529    0.46%
Elapsed time = 1657.91 sec. (1594479.53 ticks, tree = 144.06 MB, solutions = 10)
  50286 11039      576.2692   298      573.8548      576.4786  4246190    0.46%
  50405 11152      576.6261   322      573.8548      576.4786  4256177    0.46%
  50573 11313      576.0610   236      573.8548      576.4786  4264536    0.46%
  50765 11500      575.4302   186      573.8548      576.4786  4273425    0.46%
  50945 11672      574.7362   142      573.8548      576.4786  4283001    0.46%
  51033 11756      575.4838   225      573.8548      576.4786  4292589    0.46%
  51168 11884      574.7972   196      573.8548      576.4786  4301491    0.46%
  51318 12026      574.0818   115      573.8548      576.4786  4310316    0.46%
  51458 12154      576.1338   298      573.8548      576.4786  4318737    0.46%
  51585 12277      575.9717   242      573.8548      576.4786  4328373    0.46%
Elapsed time = 1695.97 sec. (1632947.04 ticks, tree = 161.36 MB, solutions = 10)
  51725 12405      576.4975   286      573.8548      576.4786  4338058    0.46%
  51845 12520      576.2932   282      573.8548      576.4786  4346231    0.46%
  51991 12662      575.7140   218      573.8548      576.4786  4355335    0.46%
  52158 12817      574.5570   125      573.8548      576.4786  4364208    0.46%
  52259 12910      575.4160   189      573.8548      576.4786  4373064    0.46%
  52428 13074      574.8399   139      573.8548      576.4786  4381971    0.46%
  52586 13223      576.0839   232      573.8548      576.4786  4391155    0.46%
  52756 13388      575.0164   169      573.8548      576.4786  4399604    0.46%
  52833 13457      575.4493   236      573.8548      576.4786  4409081    0.46%
  52965 13582      575.4355   188      573.8548      576.4786  4418043    0.46%
Elapsed time = 1734.18 sec. (1671562.00 ticks, tree = 180.97 MB, solutions = 10)
  53123 13732      573.9278   122      573.8548      576.4786  4427179    0.46%
  53267 13864      576.1252   254      573.8548      576.4786  4435578    0.46%
  53398 13991      574.9525   185      573.8548      576.4786  4444912    0.46%
  53570 14146      576.5185   314      573.8548      576.4786  4453531    0.46%
  53705 14275      576.3279   256      573.8548      576.4786  4462590    0.46%
  53843 14408      575.6653   216      573.8548      576.4786  4472166    0.46%
  53956 14518      575.7430   252      573.8548      576.4786  4480909    0.46%
  54100 14652      575.3115   178      573.8548      576.4786  4489699    0.46%
  54261 14807      573.9636    70      573.8548      576.4786  4498598    0.46%
  54422 14958      576.2014   262      573.8548      576.4786  4507401    0.46%
Elapsed time = 1772.45 sec. (1709958.69 ticks, tree = 200.31 MB, solutions = 10)
  54551 15081      576.2176   268      573.8548      576.4786  4516923    0.46%
  54667 15187      576.3184   276      573.8548      576.4786  4525731    0.46%
  54850 15367      575.6992   220      573.8548      576.4786  4534350    0.46%
  55045 15554      574.6480    82      573.8548      576.4786  4543395    0.46%
  55205 15698      576.1630   272      573.8548      576.4786  4552942    0.46%
  55336 15821      575.9099   242      573.8548      576.4786  4562207    0.46%
  55494 15971      575.3762   196      573.8548      576.4786  4570791    0.46%
  55648 16115      576.4931   312      573.8548      576.4786  4580302    0.46%
  55755 16216      576.4509   286      573.8548      576.4786  4589157    0.46%
  55875 16326      576.1515   276      573.8548      576.4786  4598671    0.46%
Elapsed time = 1811.36 sec. (1748648.76 ticks, tree = 211.75 MB, solutions = 10)
  55991 16438      575.1237   194      573.8548      576.4786  4607730    0.46%
  56142 16583      574.2476   104      573.8548      576.4786  4616937    0.46%
  56276 16709      576.0357   300      573.8548      576.4786  4625757    0.46%
  56376 16797      576.3878   290      573.8548      576.4786  4635875    0.46%
  56532 16945      575.6927   218      573.8548      576.4786  4644610    0.46%
  56678 17087      575.1862   163      573.8548      576.4786  4652945    0.46%
  56851 17251      573.8928    60      573.8548      576.4786  4662360    0.46%
  56969 17363      574.5627   116      573.8548      576.4786  4671828    0.46%
  57148 17528      576.1736   290      573.8548      576.4786  4680788    0.46%
  57295 17669      575.2881   182      573.8548      576.4786  4689959    0.46%
Elapsed time = 1849.76 sec. (1786982.15 ticks, tree = 232.03 MB, solutions = 10)
  57451 17814      574.1386   132      573.8548      576.4786  4698519    0.46%
  57606 17953      576.6406   308      573.8548      576.4786  4707856    0.46%
  57745 18088      575.8291   208      573.8548      576.4786  4716611    0.46%
  57866 18199      575.2853   236      573.8548      576.4786  4724236    0.46%
  58019 18345      574.8982   154      573.8548      576.4786  4733060    0.46%
  58140 18456      574.9493   188      573.8548      576.4786  4742777    0.46%
  58275 18583      574.8841   131      573.8548      576.4786  4751145    0.46%
  58452 18751      576.2633   292      573.8548      576.4786  4760081    0.46%
  58587 18881      575.8062   230      573.8548      576.4786  4769310    0.46%
  58735 19019      575.0717   179      573.8548      576.4786  4778043    0.46%
Elapsed time = 1888.04 sec. (1825295.59 ticks, tree = 256.56 MB, solutions = 10)
  58961 19225      576.5451   286      573.8548      576.4786  4786843    0.46%
  59103 19359      576.1284   270      573.8548      576.4786  4795137    0.46%
  59234 19484      575.8667   264      573.8548      576.4786  4804325    0.46%
  59347 19589      575.3769   230      573.8548      576.4786  4813874    0.46%
  59477 19707      575.2744   189      573.8548      576.4786  4823249    0.46%
  59652 19865      576.4365   320      573.8548      576.4786  4832716    0.46%
  59790 19997      575.9106   206      573.8548      576.4786  4841457    0.46%
  59927 20124      575.9449   278      573.8548      576.4786  4850977    0.46%
  60048 20238      576.2195   236      573.8548      576.4786  4860574    0.46%
  60197 20383      575.4008   208      573.8548      576.4786  4869478    0.46%
Elapsed time = 1926.56 sec. (1863789.09 ticks, tree = 268.11 MB, solutions = 10)
  60359 20541      574.1140    97      573.8548      576.4786  4878237    0.46%
  60497 20671      576.1339   274      573.8548      576.4786  4887067    0.46%
  60598 20764      575.8245   220      573.8548      576.4786  4897096    0.46%
  60754 20908      574.9912   160      573.8548      576.4786  4905564    0.46%
  60912 21058      574.6421   133      573.8548      576.4786  4914399    0.46%
  61060 21192      576.0355   276      573.8548      576.4786  4923442    0.46%
  61207 21330      575.9136   250      573.8548      576.4786  4933250    0.46%
  61378 21487      575.1645   179      573.8548      576.4786  4941490    0.46%
  61564 21664      574.3290   115      573.8548      576.4786  4950243    0.46%
  61715 21799      576.2928   298      573.8548      576.4786  4958917    0.46%
Elapsed time = 1964.93 sec. (1902100.12 ticks, tree = 297.28 MB, solutions = 10)
  61806 21890      574.3369   136      573.8548      576.4786  4968395    0.46%
  61975 22042      576.4598   254      573.8548      576.4786  4976841    0.46%
  62150 22198      575.6431   216      573.8548      576.4786  4985492    0.46%
  62308 22350      574.6940   160      573.8548      576.4786  4994502    0.46%
  62433 22466      574.8457   160      573.8548      576.4786  5003922    0.46%
  62595 22620      573.9626   100      573.8548      576.4786  5013084    0.46%
  62775 22781      576.2182   266      573.8548      576.4786  5021849    0.46%
  62951 22950      574.8946   167      573.8548      576.4786  5031018    0.46%
  63060 23055      575.3819   186      573.8548      576.4786  5040428    0.46%
  63241 23224      575.0703   137      573.8548      576.4786  5049345    0.46%
Elapsed time = 2003.51 sec. (1940469.54 ticks, tree = 329.40 MB, solutions = 10)
  63461 23425      576.4852   280      573.8548      576.4786  5058021    0.46%
  63615 23571      575.4136   194      573.8548      576.4786  5066904    0.46%
  63734 23684      575.0881   190      573.8548      576.4786  5076905    0.46%
  63898 23840      574.6074   133      573.8548      576.4786  5085003    0.46%
  64067 23991      576.5322   304      573.8548      576.4786  5093769    0.46%
  64205 24120      576.0451   288      573.8548      576.4786  5103135    0.46%
  64338 24243      575.5136   244      573.8548      576.4786  5111540    0.46%
  64482 24381      575.6561   204      573.8548      576.4786  5120674    0.46%
  64658 24551      574.6094   125      573.8548      576.4786  5128861    0.46%
  64867 24746      576.1670   316      573.8548      576.4786  5137695    0.46%
Elapsed time = 2042.45 sec. (1978810.05 ticks, tree = 351.66 MB, solutions = 10)
  64979 24847      576.2312   242      573.8548      576.4786  5146856    0.46%
  65122 24982      576.1497   244      573.8548      576.4786  5155773    0.46%
  65263 25117      575.2161   180      573.8548      576.4786  5165413    0.46%
  65411 25255      576.5125   314      573.8548      576.4786  5174340    0.46%
  65533 25373      576.5821   288      573.8548      576.4786  5182313    0.46%
  65653 25488      576.1677   248      573.8548      576.4786  5191606    0.46%
  65799 25630      575.3349   172      573.8548      576.4786  5200769    0.46%
  65968 25790      574.2878    98      573.8548      576.4786  5209622    0.46%
  66115 25921      575.7327   256      573.8548      576.4786  5219120    0.46%
  66238 26036      575.6660   210      573.8548      576.4786  5228496    0.46%
Elapsed time = 2080.46 sec. (2017264.74 ticks, tree = 378.16 MB, solutions = 10)
  66374 26169      575.5940   210      573.8548      576.4786  5236503    0.46%
  66545 26330      574.5432   166      573.8548      576.4786  5244989    0.46%
  66697 26464      576.2282   308      573.8548      576.4786  5254115    0.46%
  66771 26538      574.3165   170      573.8548      576.4786  5263382    0.46%
  66927 26675      576.5760   304      573.8548      576.4786  5272066    0.46%
  67065 26807      575.6190   204      573.8548      576.4786  5281155    0.46%
  67228 26962      574.1521   152      573.8548      576.4786  5289864    0.46%
  67332 27062      574.5410   141      573.8548      576.4786  5299555    0.46%
  67489 27205      575.9660   230      573.8548      576.4786  5308641    0.46%
  67677 27385      575.3367   210      573.8548      576.4786  5317274    0.46%
Elapsed time = 2118.73 sec. (2055513.99 ticks, tree = 397.69 MB, solutions = 10)
  67821 27515      576.3331   252      573.8548      576.4786  5326484    0.46%
  67985 27665      576.2634   290      573.8548      576.4786  5335627    0.46%
  68105 27779      575.7819   270      573.8548      576.4786  5344523    0.46%
  68251 27913      575.2542   183      573.8548      576.4786  5352882    0.46%
  68420 28078      573.8941    62      573.8548      576.4786  5361952    0.46%
  68515 28161      576.3037   338      573.8548      576.4786  5371471    0.46%
  68629 28271      575.6545   214      573.8548      576.4786  5380209    0.46%
  68766 28403      575.3837   203      573.8548      576.4786  5388472    0.46%
  68933 28566      574.0443    92      573.8548      576.4786  5397557    0.46%
  69024 28651      574.7547   176      573.8548      576.4786  5406892    0.46%
Elapsed time = 2156.72 sec. (2094049.25 ticks, tree = 426.56 MB, solutions = 10)
  69149 28768      574.6037   126      573.8548      576.4786  5415563    0.46%
  69295 28908      574.2069   123      573.8548      576.4786  5424824    0.46%
  69444 29042      576.1936   282      573.8548      576.4786  5433805    0.46%
  69564 29150      576.3312   286      573.8548      576.4786  5440757    0.46%
  69685 29260      575.9680   246      573.8548      576.4786  5450139    0.46%
  69818 29389      575.4534   206      573.8548      576.4786  5459132    0.46%
  69955 29522      573.9183   104      573.8548      576.4786  5468155    0.46%
  70075 29634      576.2238   284      573.8548      576.4786  5476861    0.46%
  70161 29720      573.9460   121      573.8548      576.4786  5485927    0.46%
  70310 29851      576.2944   250      573.8548      576.4786  5494222    0.46%
Elapsed time = 2194.16 sec. (2132483.26 ticks, tree = 448.26 MB, solutions = 10)
  70445 29982      575.6670   213      573.8548      576.4786  5503513    0.46%
  70630 30154      575.0107   145      573.8548      576.4786  5512277    0.46%
  70750 30263      574.5480   176      573.8548      576.4786  5521812    0.46%
  70890 30396      574.5208   149      573.8548      576.4786  5530759    0.46%
  71028 30520      576.2945   278      573.8548      576.4786  5539768    0.46%
  71175 30658      575.6023   268      573.8548      576.4786  5547712    0.46%
  71297 30776      575.4911   224      573.8548      576.4786  5557108    0.46%
  71441 30914      575.2883   180      573.8548      576.4786  5566581    0.46%
  71585 31046      576.4484   264      573.8548      576.4786  5575861    0.46%
  71742 31198      575.9727   258      573.8548      576.4786  5584972    0.46%
Elapsed time = 2232.52 sec. (2170966.20 ticks, tree = 464.18 MB, solutions = 10)
  71885 31337      575.2172   183      573.8548      576.4786  5594470    0.46%
  72079 31520      574.1579    73      573.8548      576.4786  5603485    0.46%
  72243 31670      576.1862   232      573.8548      576.4786  5612342    0.46%
  72385 31808      575.9519   262      573.8548      576.4786  5620063    0.46%
  72515 31933      574.8960   214      573.8548      576.4786  5629736    0.46%
  72632 32039      575.3004   189      573.8548      576.4786  5639070    0.46%
  72790 32189      573.8729   100      573.8548      576.4786  5648065    0.46%
  72919 32309      575.9081   246      573.8548      576.4786  5656843    0.46%
  73011 32397      575.7171   269      573.8548      576.4786  5666079    0.46%
  73116 32496      575.6266   264      573.8548      576.4786  5675130    0.46%
Elapsed time = 2270.69 sec. (2209285.79 ticks, tree = 485.87 MB, solutions = 10)
  73249 32621      575.4455   186      573.8548      576.4786  5683994    0.46%
  73394 32760      574.7383   162      573.8548      576.4786  5693113    0.46%
  73547 32900      576.3345   312      573.8548      576.4786  5701858    0.46%
  73662 33005      576.0075   270      573.8548      576.4786  5711177    0.46%
  73800 33133      575.4297   207      573.8548      576.4786  5719804    0.46%
  73942 33266      574.7091   161      573.8548      576.4786  5728557    0.46%
  74085 33400      576.4182   300      573.8548      576.4786  5737544    0.46%
  74180 33495      574.1661   120      573.8548      576.4786  5746883    0.46%
  74336 33641      576.2613   278      573.8548      576.4786  5756012    0.46%
  74460 33761      575.7032   220      573.8548      576.4786  5765060    0.46%
Elapsed time = 2308.61 sec. (2247678.35 ticks, tree = 503.58 MB, solutions = 10)
  74620 33916      574.4020   130      573.8548      576.4786  5774349    0.46%
  74710 33994      574.6323   186      573.8548      576.4786  5783465    0.46%
  74851 34130      574.5591   160      573.8548      576.4786  5792238    0.46%
  75005 34268      576.2145   250      573.8548      576.4786  5801545    0.46%
  75156 34413      575.5592   222      573.8548      576.4786  5810263    0.46%
  75283 34532      575.6396   236      573.8548      576.4786  5819834    0.46%
  75432 34664      575.9015   242      573.8548      576.4786  5829381    0.46%
  75569 34793      575.4530   209      573.8548      576.4786  5838008    0.46%
  75710 34930      574.7786   143      573.8548      576.4786  5846657    0.46%
  75840 35052      576.3540   314      573.8548      576.4786  5856155    0.46%
Elapsed time = 2346.69 sec. (2286085.05 ticks, tree = 515.89 MB, solutions = 10)
  75931 35143      574.7706   126      573.8548      576.4786  5864742    0.46%
  76074 35270      575.9457   242      573.8548      576.4786  5874009    0.46%
  76199 35388      575.4134   196      573.8548      576.4786  5882951    0.46%
  76336 35517      574.8842   163      573.8548      576.4786  5891978    0.46%
  76456 35625      574.9573   160      573.8548      576.4786  5901410    0.46%
  76618 35775      576.3831   270      573.8548      576.4786  5911360    0.46%
  76772 35919      575.7827   266      573.8548      576.4786  5919735    0.46%
  76895 36030      575.8991   262      573.8548      576.4786  5928773    0.46%
  77020 36144      575.3940   239      573.8548      576.4786  5938057    0.46%
  77139 36257      575.5976   196      573.8548      576.4786  5947427    0.46%
Elapsed time = 2384.38 sec. (2324489.77 ticks, tree = 535.51 MB, solutions = 10)
  77291 36405      574.7508   181      573.8548      576.4786  5956153    0.46%
  77431 36535      576.3569   304      573.8548      576.4786  5965317    0.46%
  77542 36640      576.4868   298      573.8548      576.4786  5972497    0.46%
  77626 36724      575.1837   189      573.8548      576.4786  5982202    0.46%
  77772 36862      574.5098   158      573.8548      576.4786  5990977    0.46%
  77903 36980      576.1332   320      573.8548      576.4786  5999118    0.46%
  78023 37094      575.8375   236      573.8548      576.4786  6008055    0.46%
  78165 37228      575.3069   224      573.8548      576.4786  6017421    0.46%
  78305 37364      575.0822   192      573.8548      576.4786  6026448    0.46%
  78461 37514      574.2668   116      573.8548      576.4786  6035649    0.46%
Elapsed time = 2422.32 sec. (2362873.18 ticks, tree = 548.42 MB, solutions = 10)
  78615 37660      576.0313   260      573.8548      576.4786  6044493    0.46%
  78718 37757      576.0176   258      573.8548      576.4786  6052675    0.46%
  78832 37871      574.1083    68      573.8548      576.4786  6062309    0.46%
  78963 37992      576.1211   246      573.8548      576.4786  6070963    0.46%
  79133 38149      575.7061   264      573.8548      576.4786  6079096    0.46%
  79259 38270      575.0583   192      573.8548      576.4786  6087891    0.46%
  79385 38391      575.7506   210      573.8548      576.4786  6097468    0.46%
  79511 38509      575.5659   223      573.8548      576.4786  6107054    0.46%
  79649 38643      575.0415   167      573.8548      576.4786  6116033    0.46%
  79797 38779      576.4763   280      573.8548      576.4786  6125304    0.46%
Elapsed time = 2460.25 sec. (2401300.02 ticks, tree = 565.94 MB, solutions = 10)
  79935 38905      576.0566   282      573.8548      576.4786  6134122    0.46%
  80051 39014      576.3235   290      573.8548      576.4786  6143905    0.46%
  80190 39144      575.9420   263      573.8548      576.4786  6152492    0.46%
  80340 39286      575.3804   208      573.8548      576.4786  6161257    0.46%
  80496 39436      574.7303   148      573.8548      576.4786  6170250    0.46%
  80621 39549      576.4540   304      573.8548      576.4786  6180270    0.46%
  80758 39682      576.1530   254      573.8548      576.4786  6188857    0.46%
  80895 39813      575.1853   230      573.8548      576.4786  6198276    0.46%
  81038 39952      574.2317    91      573.8548      576.4786  6207003    0.46%
  81138 40046      574.4618   144      573.8548      576.4786  6216805    0.46%
Elapsed time = 2498.32 sec. (2439882.51 ticks, tree = 575.83 MB, solutions = 10)
  81284 40185      576.4066   256      573.8548      576.4786  6225645    0.46%
  81436 40333      576.2009   272      573.8548      576.4786  6234732    0.46%
  81579 40470      575.6542   244      573.8548      576.4786  6243119    0.46%
  81707 40590      575.6842   218      573.8548      576.4786  6252370    0.46%
  81845 40719      575.3097   167      573.8548      576.4786  6261481    0.46%
  82031 40890      576.1906   266      573.8548      576.4786  6270419    0.46%
  82160 41015      575.4655   220      573.8548      576.4786  6279215    0.46%
  82245 41096      575.2597   236      573.8548      576.4786  6288552    0.46%
  82374 41216      575.8938   288      573.8548      576.4786  6298361    0.46%
  82511 41343      575.4021   234      573.8548      576.4786  6307432    0.46%
Elapsed time = 2536.59 sec. (2478628.02 ticks, tree = 590.04 MB, solutions = 10)
  82636 41464      575.0790   193      573.8548      576.4786  6316606    0.46%
  82803 41619      576.4759   288      573.8548      576.4786  6325828    0.46%
  82900 41716      574.6077   112      573.8548      576.4786  6335760    0.46%
  83035 41836      576.1575   320      573.8548      576.4786  6344787    0.46%
  83130 41927      575.7503   272      573.8548      576.4786  6352548    0.46%
  83256 42049      575.3555   190      573.8548      576.4786  6361214    0.46%
  83361 42146      575.2738   212      573.8548      576.4786  6371097    0.46%
  83487 42265      575.4864   184      573.8548      576.4786  6380475    0.46%
  83665 42429      576.0705   218      573.8548      576.4786  6389979    0.46%
  83805 42562      575.1174   221      573.8548      576.4786  6398563    0.46%
Elapsed time = 2574.09 sec. (2516950.54 ticks, tree = 607.61 MB, solutions = 10)
  83902 42656      575.3937   194      573.8548      576.4786  6408170    0.46%
  84033 42775      575.4158   191      573.8548      576.4786  6417181    0.46%
  84204 42933      576.5086   298      573.8548      576.4786  6426155    0.46%
  84343 43068      575.8465   224      573.8548      576.4786  6435138    0.46%
  84452 43174      576.0220   262      573.8548      576.4786  6444325    0.46%
  84588 43300      576.4395   264      573.8548      576.4786  6454052    0.46%
  84738 43442      575.2002   202      573.8548      576.4786  6462825    0.46%
  84875 43576      574.5462   155      573.8548      576.4786  6472102    0.46%
  84997 43688      576.1143   316      573.8548      576.4786  6481323    0.46%
  85116 43807      574.1664   110      573.8548      576.4786  6490668    0.46%
Elapsed time = 2611.89 sec. (2555310.62 ticks, tree = 620.28 MB, solutions = 10)
  85227 43909      576.2238   316      573.8548      576.4786  6499451    0.46%
  85351 44028      575.8528   266      573.8548      576.4786  6508261    0.46%
  85486 44159      575.6360   230      573.8548      576.4786  6516803    0.46%
  85606 44273      575.4887   263      573.8548      576.4786  6526198    0.46%
  85716 44373      575.6027   254      573.8548      576.4786  6535766    0.46%
  85850 44502      575.0730   206      573.8548      576.4786  6543928    0.46%
  86018 44658      576.4936   292      573.8548      576.4786  6552788    0.46%
  86145 44775      575.7755   290      573.8548      576.4786  6562031    0.46%
  86242 44864      575.4398   208      573.8548      576.4786  6571767    0.46%
  86385 45004      573.8774   115      573.8548      576.4786  6581008    0.46%
Elapsed time = 2649.35 sec. (2593598.87 ticks, tree = 631.32 MB, solutions = 10)
  86506 45115      576.1449   280      573.8548      576.4786  6590014    0.46%
  86643 45246      575.6322   252      573.8548      576.4786  6599170    0.46%
  86755 45350      575.5633   221      573.8548      576.4786  6608336    0.46%
  86923 45510      574.7053   120      573.8548      576.4786  6617034    0.46%
  87064 45641      576.1002   290      573.8548      576.4786  6626337    0.46%
  87176 45749      575.7914   212      573.8548      576.4786  6635627    0.46%
  87288 45853      575.6406   247      573.8548      576.4786  6645236    0.46%
  87426 45985      575.2108   204      573.8548      576.4786  6654038    0.46%
  87561 46114      574.6690   144      573.8548      576.4786  6662894    0.46%
  87690 46236      575.6219   252      573.8548      576.4786  6672289    0.46%
Elapsed time = 2686.98 sec. (2631945.88 ticks, tree = 652.43 MB, solutions = 10)
  87811 46353      575.4658   206      573.8548      576.4786  6681690    0.46%
  87962 46498      574.3164   140      573.8548      576.4786  6690286    0.46%
  88126 46644      576.0060   268      573.8548      576.4786  6699506    0.46%
  88245 46758      575.6998   248      573.8548      576.4786  6708377    0.46%
  88361 46868      576.1009   268      573.8548      576.4786  6717476    0.46%
  88496 46991      575.5441   223      573.8548      576.4786  6726467    0.46%
  88644 47133      574.1994   121      573.8548      576.4786  6735345    0.46%
  88787 47259      576.3141   260      573.8548      576.4786  6744018    0.46%
  88923 47387      576.1306   288      573.8548      576.4786  6753227    0.46%
  89041 47501      575.2695   208      573.8548      576.4786  6762344    0.46%
Elapsed time = 2724.86 sec. (2670278.07 ticks, tree = 671.40 MB, solutions = 10)
  89186 47640      574.3721   164      573.8548      576.4786  6771383    0.46%
  89320 47763      576.4250   312      573.8548      576.4786  6780984    0.46%
  89395 47838      575.0677   182      573.8548      576.4786  6790879    0.46%
  89549 47984      573.9324    92      573.8548      576.4786  6800177    0.46%
  89680 48105      575.6090   232      573.8548      576.4786  6809136    0.46%
  89824 48245      574.5766   160      573.8548      576.4786  6818101    0.46%
  89918 48333      574.7654   181      573.8548      576.4786  6827758    0.46%
  90074 48473      576.5062   302      573.8548      576.4786  6837103    0.46%
  90189 48584      575.9771   280      573.8548      576.4786  6846055    0.46%
  90312 48702      575.3738   213      573.8548      576.4786  6854352    0.46%
Elapsed time = 2762.42 sec. (2708716.86 ticks, tree = 687.65 MB, solutions = 10)
  90444 48827      574.6494   149      573.8548      576.4786  6863979    0.46%
  90612 48986      573.9138    80      573.8548      576.4786  6873153    0.46%
  90746 49108      576.1693   260      573.8548      576.4786  6881805    0.46%
  90869 49227      575.3500   238      573.8548      576.4786  6890811    0.46%
  90993 49338      575.4388   186      573.8548      576.4786  6900579    0.46%
  91143 49466      574.9914   168      573.8548      576.4786  6909873    0.46%
  91294 49605      576.4283   286      573.8548      576.4786  6919079    0.46%
  91418 49725      575.9071   240      573.8548      576.4786  6927862    0.46%
  91523 49825      575.8126   259      573.8548      576.4786  6936199    0.46%
  91635 49932      576.1576   278      573.8548      576.4786  6945533    0.46%
Elapsed time = 2800.27 sec. (2747114.50 ticks, tree = 707.65 MB, solutions = 10)
  91765 50050      575.3947   270      573.8548      576.4786  6954725    0.46%
  91888 50167      575.1318   195      573.8548      576.4786  6963529    0.46%
  92025 50298      573.8696   102      573.8548      576.4786  6972863    0.46%
  92124 50392      574.4253   121      573.8548      576.4786  6982500    0.46%
  92256 50514      576.2937   298      573.8548      576.4786  6991344    0.46%
  92382 50632      575.9779   260      573.8548      576.4786  7000346    0.46%
  92561 50808      574.6863   136      573.8548      576.4786  7009424    0.46%
  92665 50905      574.6639   150      573.8548      576.4786  7018096    0.46%
  92802 51028      576.2449   278      573.8548      576.4786  7027614    0.46%
  92943 51160      575.9573   246      573.8548      576.4786  7036744    0.46%
Elapsed time = 2837.69 sec. (2785461.24 ticks, tree = 720.98 MB, solutions = 10)
  93063 51273      575.6487   268      573.8548      576.4786  7044052    0.46%
  93182 51386      575.6593   250      573.8548      576.4786  7053263    0.46%
  93292 51489      575.9923   244      573.8548      576.4786  7062882    0.46%
  93434 51628      575.1003   182      573.8548      576.4786  7072024    0.46%
  93608 51793      573.8673    99      573.8548      576.4786  7081253    0.46%
  93771 51934      576.1768   278      573.8548      576.4786  7090538    0.46%
  93867 52030      574.0187   110      573.8548      576.4786  7100274    0.46%
  94041 52183      576.0769   296      573.8548      576.4786  7109203    0.46%
  94163 52301      575.6643   238      573.8548      576.4786  7117957    0.46%
  94291 52426      575.2076   175      573.8548      576.4786  7126239    0.46%
Elapsed time = 2875.04 sec. (2823865.05 ticks, tree = 732.97 MB, solutions = 10)
  94405 52527      575.5326   238      573.8548      576.4786  7135719    0.46%
  94548 52657      575.4953   201      573.8548      576.4786  7145191    0.46%
  94672 52773      574.8540   183      573.8548      576.4786  7153466    0.46%
  94827 52918      576.2508   266      573.8548      576.4786  7162225    0.46%
  94945 53032      575.9502   266      573.8548      576.4786  7171396    0.46%
  95067 53144      575.7065   248      573.8548      576.4786  7179666    0.46%
  95215 53283      575.0640   180      573.8548      576.4786  7188253    0.46%
  95369 53426      576.2233   296      573.8548      576.4786  7197593    0.46%
  95480 53531      575.8166   246      573.8548      576.4786  7206141    0.46%
  95588 53631      575.8149   264      573.8548      576.4786  7215794    0.46%
Elapsed time = 2912.09 sec. (2862197.80 ticks, tree = 751.60 MB, solutions = 10)
  95714 53753      574.6604   163      573.8548      576.4786  7225071    0.46%
  95860 53885      576.1252   258      573.8548      576.4786  7233971    0.46%
  95970 53991      574.7609   221      573.8548      576.4786  7243495    0.46%
  96111 54121      576.3831   314      573.8548      576.4786  7253026    0.46%
  96244 54246      575.8845   260      573.8548      576.4786  7261636    0.46%
  96379 54372      575.5662   198      573.8548      576.4786  7270526    0.46%
  96520 54505      575.0181   162      573.8548      576.4786  7280308    0.46%
  96651 54626      575.0832   153      573.8548      576.4786  7288318    0.46%
  96853 54818      576.4361   310      573.8548      576.4786  7297748    0.46%
  96968 54927      576.2987   274      573.8548      576.4786  7307039    0.46%
Elapsed time = 2949.38 sec. (2900608.93 ticks, tree = 772.24 MB, solutions = 10)
  97097 55047      575.8120   250      573.8548      576.4786  7316082    0.46%
  97221 55167      575.3686   244      573.8548      576.4786  7326035    0.46%
  97362 55304      575.0761   160      573.8548      576.4786  7334770    0.46%
  97497 55427      576.1581   274      573.8548      576.4786  7343122    0.46%
  97632 55551      575.7787   286      573.8548      576.4786  7352313    0.46%
  97749 55650      576.2110   302      573.8548      576.4786  7362309    0.46%
  97883 55772      575.8824   236      573.8548      576.4786  7371120    0.46%
  98011 55890      575.0809   218      573.8548      576.4786  7380479    0.46%
  98138 56005      576.3810   288      573.8548      576.4786  7389829    0.46%
  98228 56095      574.6566   174      573.8548      576.4786  7399618    0.46%
Elapsed time = 2986.19 sec. (2939005.83 ticks, tree = 800.99 MB, solutions = 10)
  98373 56224      573.8778    94      573.8548      576.4786  7408069    0.46%
  98507 56346      576.0897   246      573.8548      576.4786  7417156    0.46%
  98659 56489      574.7645   180      573.8548      576.4786  7426087    0.46%
  98775 56593      576.1545   268      573.8548      576.4786  7435839    0.46%
  98930 56736      574.9411   144      573.8548      576.4786  7444547    0.46%
  99092 56887      574.1128    96      573.8548      576.4786  7452918    0.46%
  99240 57017      576.0683   254      573.8548      576.4786  7461847    0.46%
  99364 57138      576.2487   270      573.8548      576.4786  7471749    0.46%
  99491 57257      575.0511   198      573.8548      576.4786  7480494    0.46%
  99622 57384      574.2457   152      573.8548      576.4786  7489422    0.46%
Elapsed time = 3023.33 sec. (2977313.22 ticks, tree = 817.71 MB, solutions = 10)
  99739 57489      576.0208   288      573.8548      576.4786  7498811    0.46%
  99823 57573      574.0989   163      573.8548      576.4786  7508697    0.46%
  99962 57696      575.6808   262      573.8548      576.4786  7517437    0.46%
 100107 57835      575.0572   157      573.8548      576.4786  7526131    0.46%
 100286 58001      576.3221   296      573.8548      576.4786  7534543    0.46%
 100386 58101      574.2779   134      573.8548      576.4786  7544383    0.46%
 100521 58226      575.9836   266      573.8548      576.4786  7553216    0.46%
 100654 58356      575.4351   228      573.8548      576.4786  7561914    0.46%
 100785 58482      574.6139   133      573.8548      576.4786  7570958    0.46%
 100905 58592      574.3275   151      573.8548      576.4786  7580635    0.46%
Elapsed time = 3060.18 sec. (3015724.57 ticks, tree = 844.59 MB, solutions = 10)
 101048 58722      576.1001   292      573.8548      576.4786  7588631    0.46%
 101166 58832      575.6260   202      573.8548      576.4786  7597319    0.46%
 101342 59004      574.0822    53      573.8548      576.4786  7606462    0.46%
 101445 59102      575.0134   150      573.8548      576.4786  7615700    0.46%
 101604 59249      576.3845   302      573.8548      576.4786  7624775    0.46%
 101735 59367      576.0527   276      573.8548      576.4786  7633407    0.46%
 101852 59480      575.0915   180      573.8548      576.4786  7642161    0.46%
 101972 59593      574.9934   189      573.8548      576.4786  7651815    0.46%
 102104 59712      574.1355   154      573.8548      576.4786  7661185    0.46%
 102234 59834      576.0165   250      573.8548      576.4786  7670401    0.46%
Elapsed time = 3097.07 sec. (3053996.56 ticks, tree = 859.10 MB, solutions = 10)
 102374 59967      575.8498   242      573.8548      576.4786  7678444    0.46%
 102475 60060      575.6354   251      573.8548      576.4786  7688085    0.46%
 102585 60165      575.7281   226      573.8548      576.4786  7697919    0.46%
 102747 60314      574.2250   149      573.8548      576.4786  7706818    0.46%
 102899 60451      576.0205   240      573.8548      576.4786  7715322    0.46%
 103021 60561      575.5727   220      573.8548      576.4786  7725061    0.46%
 103155 60686      575.4092   246      573.8548      576.4786  7734378    0.46%
 103308 60835      574.6121   114      573.8548      576.4786  7743248    0.46%
 103485 60990      576.4169   280      573.8548      576.4786  7751944    0.46%
 103607 61104      575.9663   288      573.8548      576.4786  7761462    0.46%
Elapsed time = 3134.37 sec. (3092570.23 ticks, tree = 878.09 MB, solutions = 10)
 103700 61189      576.3259   284      573.8548      576.4786  7771785    0.46%
 103840 61319      576.1051   302      573.8548      576.4786  7780707    0.46%
 103955 61426      575.9300   272      573.8548      576.4786  7788782    0.46%
 104075 61540      575.2046   226      573.8548      576.4786  7797698    0.46%
 104183 61644      574.9277   198      573.8548      576.4786  7807244    0.46%
 104344 61794      576.2846   238      573.8548      576.4786  7816766    0.46%
 104472 61917      575.0158   210      573.8548      576.4786  7825692    0.46%
 104602 62037      576.1748   298      573.8548      576.4786  7834859    0.46%
 104696 62131      574.1689   104      573.8548      576.4786  7843268    0.46%
 104856 62270      576.2543   284      573.8548      576.4786  7852101    0.46%
Elapsed time = 3171.01 sec. (3131032.95 ticks, tree = 895.60 MB, solutions = 10)
 104990 62397      576.0245   248      573.8548      576.4786  7861056    0.46%
 105132 62533      575.1022   186      573.8548      576.4786  7869992    0.46%
 105225 62618      575.5790   240      573.8548      576.4786  7879658    0.46%
 105345 62726      575.1504   180      573.8548      576.4786  7889145    0.46%
 105501 62868      576.3842   258      573.8548      576.4786  7898207    0.46%
 105638 63000      575.4819   244      573.8548      576.4786  7907191    0.46%
 105755 63112      575.6379   210      573.8548      576.4786  7916055    0.46%
 105895 63246      574.9507   142      573.8548      576.4786  7925530    0.46%
 106074 63417      576.0381   270      573.8548      576.4786  7934311    0.46%
 106214 63543      575.6695   250      573.8548      576.4786  7943344    0.46%
Elapsed time = 3207.98 sec. (3169375.07 ticks, tree = 911.19 MB, solutions = 10)
 106334 63655      575.4602   181      573.8548      576.4786  7952201    0.46%
 106497 63810      574.2507    94      573.8548      576.4786  7961588    0.46%
 106629 63929      576.0289   264      573.8548      576.4786  7970343    0.46%
 106760 64050      575.8902   246      573.8548      576.4786  7978650    0.46%
 106882 64166      575.4480   212      573.8548      576.4786  7988147    0.46%
 107004 64279      575.8106   202      573.8548      576.4786  7997739    0.46%
 107137 64404      574.9424   158      573.8548      576.4786  8007056    0.46%
 107311 64560      576.1800   256      573.8548      576.4786  8016165    0.46%
 107435 64673      575.9227   254      573.8548      576.4786  8025165    0.46%
 107510 64748      574.5896   151      573.8548      576.4786  8033024    0.46%
Elapsed time = 3244.85 sec. (3207832.73 ticks, tree = 936.02 MB, solutions = 10)
 107645 64871      576.3478   314      573.8548      576.4786  8041071    0.46%
 107745 64967      576.0152   278      573.8548      576.4786  8049375    0.46%
 107854 65072      575.5987   220      573.8548      576.4786  8058189    0.46%
 107948 65160      575.9892   234      573.8548      576.4786  8066242    0.46%
 108045 65253      576.3590   316      573.8548      576.4786  8074265    0.46%
 108145 65349      576.4484   322      573.8548      576.4786  8080860    0.46%
 108258 65458      576.3034   276      573.8548      576.4786  8088293    0.46%
 108375 65567      575.6967   224      573.8548      576.4786  8096766    0.46%
 108481 65660      576.2015   278      573.8548      576.4786  8103868    0.46%
 108549 65728      574.5685   167      573.8548      576.4786  8111608    0.46%
Elapsed time = 3282.42 sec. (3246642.48 ticks, tree = 947.93 MB, solutions = 10)
 108645 65818      575.0803   182      573.8548      576.4786  8118166    0.46%
 108776 65945      574.6773   148      573.8548      576.4786  8125597    0.46%
 108896 66056      574.2060   129      573.8548      576.4786  8132033    0.46%
 108991 66140      574.7401   124      573.8548      576.4786  8138006    0.46%
 109064 66209      575.0989   212      573.8548      576.4786  8144239    0.46%
 109163 66295      575.4503   238      573.8548      576.4786  8151495    0.46%
 109264 66392      575.8275   238      573.8548      576.4786  8157791    0.46%
 109362 66486      575.6530   244      573.8548      576.4786  8164848    0.46%
 109476 66594      575.4446   190      573.8548      576.4786  8172640    0.46%
 109585 66698      575.2754   208      573.8548      576.4786  8180683    0.46%
Elapsed time = 3320.33 sec. (3285153.49 ticks, tree = 963.20 MB, solutions = 10)
 109682 66787      575.6563   270      573.8548      576.4786  8186828    0.46%
 109782 66883      575.7555   212      573.8548      576.4786  8193706    0.46%
 109911 67007      575.2340   164      573.8548      576.4786  8202133    0.46%
 110036 67124      574.7662   190      573.8548      576.4786  8209312    0.46%
 110145 67229      574.4718   130      573.8548      576.4786  8218197    0.46%
 110245 67317      575.0686   190      573.8548      576.4786  8224307    0.46%
 110365 67429      576.4284   294      573.8548      576.4786  8232269    0.46%
 110481 67538      576.4181   284      573.8548      576.4786  8239257    0.46%
 110583 67636      575.9302   274      573.8548      576.4786  8247678    0.46%
 110670 67723      574.8354   144      573.8548      576.4786  8255553    0.46%
Elapsed time = 3359.15 sec. (3324649.49 ticks, tree = 979.94 MB, solutions = 10)
 110775 67816      574.9498   159      573.8548      576.4786  8263649    0.46%
 110865 67902      575.1169   180      573.8548      576.4786  8269603    0.46%
 110957 67988      574.9146   160      573.8548      576.4786  8275367    0.46%
 111071 68090      575.0109   196      573.8548      576.4786  8281450    0.46%
 111151 68164      575.5894   246      573.8548      576.4786  8289006    0.46%
 111299 68294      575.6896   234      573.8548      576.4786  8297791    0.46%
 111399 68390      575.6538   242      573.8548      576.4786  8304626    0.46%
 111501 68485      575.5488   244      573.8548      576.4786  8311209    0.46%
 111584 68563      576.1372   286      573.8548      576.4786  8317215    0.46%
 111697 68670      575.1582   242      573.8548      576.4786  8324941    0.46%
Elapsed time = 3397.05 sec. (3363045.32 ticks, tree = 996.11 MB, solutions = 10)
 111781 68744      575.7220   230      573.8548      576.4786  8331807    0.46%
 111912 68869      575.3303   186      573.8548      576.4786  8339656    0.46%
 112025 68976      575.3593   194      573.8548      576.4786  8346333    0.46%
 112139 69081      574.6255   182      573.8548      576.4786  8353853    0.46%
 112198 69134      575.6827   248      573.8548      576.4786  8360194    0.46%
 112259 69195      574.7478   138      573.8548      576.4786  8366534    0.46%
 112402 69332      574.2921   152      573.8548      576.4786  8375068    0.46%
 112513 69430      576.4021   316      573.8548      576.4786  8382155    0.46%
 112620 69533      576.1594   274      573.8548      576.4786  8389885    0.46%
 112710 69617      576.3376   288      573.8548      576.4786  8395919    0.46%
Elapsed time = 3434.66 sec. (3401449.19 ticks, tree = 1007.96 MB, solutions = 10)
 112763 69670      575.6026   204      573.8548      576.4786  8402815    0.46%
 112864 69766      576.0634   286      573.8548      576.4786  8410508    0.46%
 112993 69885      575.9556   274      573.8548      576.4786  8418517    0.46%
 113087 69971      576.0687   224      573.8548      576.4786  8424885    0.46%
 113202 70082      575.2590   164      573.8548      576.4786  8432283    0.46%
 113296 70168      575.5985   210      573.8548      576.4786  8438950    0.46%
 113417 70279      575.3602   206      573.8548      576.4786  8447354    0.46%
 113505 70359      575.4389   223      573.8548      576.4786  8453075    0.46%
 113600 70448      576.0979   242      573.8548      576.4786  8458367    0.46%
 113700 70542      576.1179   296      573.8548      576.4786  8465581    0.46%
Elapsed time = 3472.36 sec. (3439767.17 ticks, tree = 1023.94 MB, solutions = 10)
 113801 70639      575.8405   276      573.8548      576.4786  8472718    0.46%
 113872 70710      574.0601   147      573.8548      576.4786  8480602    0.46%
 113968 70793      574.5211   140      573.8548      576.4786  8487183    0.46%
 114065 70886      574.4657   127      573.8548      576.4786  8494568    0.46%
 114145 70958      575.2860   186      573.8548      576.4786  8499604    0.46%
 114245 71052      575.3053   198      573.8548      576.4786  8505540    0.46%
 114345 71136      575.7119   248      573.8548      576.4786  8511599    0.46%
 114445 71229      576.2527   266      573.8548      576.4786  8519314    0.46%
 114585 71363      575.8543   217      573.8548      576.4786  8526324    0.46%
 114695 71469      575.6908   244      573.8548      576.4786  8532718    0.46%
Elapsed time = 3511.04 sec. (3478222.68 ticks, tree = 1036.01 MB, solutions = 10)
 114791 71559      575.7142   262      573.8548      576.4786  8539183    0.46%
 114877 71639      576.0308   260      573.8548      576.4786  8546637    0.46%
 114945 71707      574.8554   144      573.8548      576.4786  8553909    0.46%
 115049 71799      575.5871   176      573.8548      576.4786  8559119    0.46%
 115201 71941      574.5208   123      573.8548      576.4786  8566691    0.46%
 115326 72054      574.4003   139      573.8548      576.4786  8574152    0.46%
 115417 72137      574.6857   176      573.8548      576.4786  8579791    0.46%
 115495 72208      575.3812   222      573.8548      576.4786  8586525    0.46%
 115585 72291      575.4152   222      573.8548      576.4786  8593737    0.46%
 115693 72395      574.8794   203      573.8548      576.4786  8600874    0.46%
Elapsed time = 3550.47 sec. (3517250.98 ticks, tree = 1045.20 MB, solutions = 10)
 115851 72539      576.1783   244      573.8548      576.4786  8610031    0.46%
 115981 72663      576.1641   238      573.8548      576.4786  8617875    0.46%
 116073 72755      574.5266   125      573.8548      576.4786  8625548    0.46%
 116196 72870      574.5669   154      573.8548      576.4786  8633055    0.46%
 116294 72957      574.6857   138      573.8548      576.4786  8638575    0.46%
 116435 73083      576.4237   282      573.8548      576.4786  8646144    0.46%
 116545 73189      573.9085    87      573.8548      576.4786  8651932    0.46%
 116645 73283      574.1302   115      573.8548      576.4786  8660667    0.46%
 116745 73373      574.4690   169      573.8548      576.4786  8666847    0.46%
 116901 73524      573.9007    43      573.8548      576.4786  8674111    0.46%
Elapsed time = 3591.13 sec. (3557104.30 ticks, tree = 1065.87 MB, solutions = 10)
 116964 73584      574.9136   185      573.8548      576.4786  8679066    0.46%
 117052 73663      575.2736   228      573.8548      576.4786  8685453    0.46%

Flow cuts applied:  26
Mixed integer rounding cuts applied:  80
Lift and project cuts applied:  5
Gomory fractional cuts applied:  3
User cuts applied:  1324

Root node processing (before b&c):
  Real time             =    3.01 sec. (2592.85 ticks)
Sequential b&c:
  Real time             = 3596.99 sec. (3563282.35 ticks)
                          ------------
Total (root+branch&cut) = 3600.00 sec. (3565875.21 ticks)
|V|                                     600
K                                       60
theta                                   0.20
r                                       10
R                                       25
prob_func                               linear
#C1                                     5338
#CP                                     78458

@Parameters: 
am_callback_heuristic                   false
am_local_search                         true
am_start_heuristic                      false
colocation                              true
comp                                    false
cutC                                    true
cutC_init                               false
cutF                                    false
cutF_init                               false
cutF_stable                             false
cutF_wrong                              false
cutLocal                                false
cutM                                    true
cutM_init                               true
cutM_stable                             false
cutP                                    true
cutP_init                               false
cutP_stable                             false
init                                    true
init_cutF_zero                          false
init_val_greedy                         true
is_Euclidean                            false
is_local_search                         false
is_right_cutP                           true
is_root                                 false
is_silent                               false
is_start                                false
mycut                                   false
pmed                                    false
pre                                     true
stable_root                             false
str                                     true
two_phase                               false
ubstr                                   false
mode                                    Int

am_callback_node_space                  50
init                                    0
mixture_seed                            1
node_space                              5
nodelimit                               -1
nsepa                                   1
strF                                    0
type_delta                              0

EPS                                     0.001000
EPS_FRAC                                0.00
gap                                     0.00
mixture_high_max                        0.99
mixture_high_min                        0.90
mixture_low_max                         0.01
mixture_low_min                         0.00
mixture_low_share                       0.80
timelimit                               3600.00

Number of Closed Sites: 8 / 480 
Number of Confined Sites-1: 3 / 177 
Number of Confined Sites-k: 589 / 1200 
Preprocess Time: 0.77 + 0.00 sec

Solve Time: 3600.00
Number of Nodes: 117094
Termination Status: TIME_LIMIT

CutInfo: [phase] num / time (sec) / aver. num_nonzero
max              [LP]     0 / 0.00 / 0.00 [init]   218 / 0.01 / 5.97 [rLC]   278 / 0.02 / 15.78 [rUC]   947 / 0.29 / 11.14 [sLC]   406 / 0.24 / 20.01 [sUC]  1268 / 1.67 / 12.03 
prod_oa          [LP]     0 / 0.00 / 0.00 [init]   175 / 0.01 / 55.79 [rLC]   367 / 0.03 / 79.41 [rUC]   220 / 0.19 / 51.33 [sLC]  1531 / 0.33 / 67.83 [sUC]   589 / 3.78 / 51.13 
prod_sm_fixed    [LP]     0 / 0.00 / 0.00 [init]     0 / 0.00 / 0.00 [rLC]     0 / 0.00 / 0.00 [rUC]     0 / 0.00 / 0.00 [sLC]     0 / 0.00 / 0.00 [sUC]     0 / 0.00 / 0.00 
prod_bin         [LP]     0 / 0.00 / 0.00 [init]     0 / 0.00 / 0.00 [rLC]     0 / 0.00 / 0.00 [rUC]     0 / 0.00 / 0.00 [sLC]     0 / 0.00 / 0.00 [sUC]     0 / 0.00 / 0.00 
prod_local       [LP]     0 / 0.00 / 0.00 [init]     0 / 0.00 / 0.00 [rLC]     0 / 0.00 / 0.00 [rUC]     0 / 0.00 / 0.00 [sLC]     0 / 0.00 / 0.00 [sUC]     0 / 0.00 / 0.00 
prod_sm_C        [LP]     0 / 0.00 / 0.00 [init]     0 / 0.00 / 0.00 [rLC]     0 / 0.00 / 0.00 [rUC]     0 / 0.00 / 0.00 [sLC]     0 / 0.00 / 0.00 [sUC]     0 / 0.00 / 0.00 
facet            [LP]     0 / 0.00 / 0.00 [init]     0 / 0.00 / 0.00 [rLC]     0 / 0.00 / 0.00 [rUC]     0 / 0.00 / 0.00 [sLC]     0 / 0.00 / 0.00 [sUC]     0 / 0.00 / 0.00 
Separation Round:   [LP] 0  [init] 1  [rLC] 3  [rUC] 17  [sLC] 45  [sUC] 228220  
Root Best Bound 577.975027
Root Best Integer: 571.882246
Best Bound: 576.478561
Best Integer: 573.854804
1: 2, 11, 17, 41, 46, 50, 64, 65, 85, 90, 103, 105, 108, 110, 116, 117, 123, 136, 148, 163, 176, 185, 187, 200, 209, 218, 235, 241, 262, 287, 295, 297, 300, 320, 322, 330, 335, 344, 356, 368, 374, 379, 393, 396, 397, 426, 436, 463, 466, 470, 472, 503, 512, 518, 521, 529, 553, 578, 584, 600
Objective Value (calc): 573.824293
sum_etaM = 545.333333 / 545.333333
sum_etaP = 580.985172 / 580.947033
nL: 60
nCL: 0
mCL: 1
