Version identifier: 20.1.0.0 | 2020-11-10 | 9bedb6d68
CPXPARAM_Threads                                 1
CPXPARAM_TimeLimit                               3600
CPXPARAM_MIP_Tolerances_MIPGap                   0
Generic callback                                 0x60
1 of 1 MIP starts provided solutions.
MIP start 'm1' defined initial solution with objective 31.4881.
Tried aggregator 2 times.
MIP Presolve eliminated 75 rows and 26 columns.
MIP Presolve modified 16 coefficients.
Aggregator did 49 substitutions.
Reduced MIP has 231 rows, 325 columns, and 604 nonzeros.
Reduced MIP has 87 binaries, 38 generals, 0 SOSs, and 0 indicators.
Presolve time = 0.00 sec. (0.59 ticks)
Probing time = 0.00 sec. (0.04 ticks)
Tried aggregator 1 time.
Reduced MIP has 231 rows, 325 columns, and 604 nonzeros.
Reduced MIP has 87 binaries, 38 generals, 0 SOSs, and 0 indicators.
Presolve time = 0.00 sec. (0.25 ticks)
Probing time = 0.00 sec. (0.04 ticks)
MIP emphasis: balance optimality and feasibility.
MIP search method: dynamic search.
Parallel mode: none, using 1 thread.
Root relaxation solution time = 0.00 sec. (0.52 ticks)

        Nodes                                         Cuts/
   Node  Left     Objective  IInf  Best Integer    Best Bound    ItCnt     Gap

*     0+    0                           31.4881      100.0000           217.58%
      0     0       49.4609    10       31.4881       49.4609      192   57.08%
      0     0       31.6850     7       31.4881      Cuts: 12      205    0.63%
      0     0       31.6047     4       31.4881       Cuts: 8      207    0.37%

Repeating presolve.
Tried aggregator 1 time.
MIP Presolve eliminated 109 rows and 127 columns.
MIP Presolve modified 29 coefficients.
Reduced MIP has 122 rows, 198 columns, and 303 nonzeros.
Reduced MIP has 39 binaries, 19 generals, 0 SOSs, and 0 indicators.
Presolve time = 0.00 sec. (0.20 ticks)
Probing time = 0.00 sec. (0.02 ticks)
Tried aggregator 1 time.
Reduced MIP has 122 rows, 198 columns, and 303 nonzeros.
Reduced MIP has 39 binaries, 19 generals, 0 SOSs, and 0 indicators.
Presolve time = 0.00 sec. (0.12 ticks)
Represolve time = 0.00 sec. (0.52 ticks)
Probing time = 0.00 sec. (0.02 ticks)
MIP emphasis: balance optimality and feasibility.
MIP search method: dynamic search.
Parallel mode: none, using 1 thread.
Root relaxation solution time = 0.00 sec. (0.76 ticks)

        Nodes                                         Cuts/
   Node  Left     Objective  IInf  Best Integer    Best Bound    ItCnt     Gap

*     0+    0                           31.4881       31.6047             0.37%
*     0     0      integral     0       31.5990       31.5990      372    0.00%
Elapsed time = 0.02 sec. (9.53 ticks, tree = 0.00 MB, solutions = 2)

Flow cuts applied:  3
Mixed integer rounding cuts applied:  2
Gomory fractional cuts applied:  4
User cuts applied:  54

Root node processing (before b&c):
  Real time             =    0.02 sec. (9.55 ticks)
Sequential b&c:
  Real time             =    0.00 sec. (0.00 ticks)
                          ------------
Total (root+branch&cut) =    0.02 sec. (9.55 ticks)
|V|                                     100
K                                       10
theta                                   0.80
r                                       10
R                                       25
prob_func                               linear
#C1                                     152
#CP                                     78

@Parameters: 
am_callback_heuristic                   false
am_local_search                         true
am_start_heuristic                      false
colocation                              true
comp                                    false
cutC                                    true
cutC_init                               false
cutF                                    false
cutF_init                               false
cutF_stable                             false
cutF_wrong                              false
cutLocal                                false
cutM                                    true
cutM_init                               true
cutM_stable                             false
cutP                                    true
cutP_init                               false
cutP_stable                             false
init                                    true
init_cutF_zero                          false
init_val_greedy                         true
is_Euclidean                            false
is_local_search                         false
is_right_cutP                           true
is_root                                 false
is_silent                               false
is_start                                false
mycut                                   false
pmed                                    false
pre                                     true
stable_root                             false
str                                     false
two_phase                               false
ubstr                                   false
mode                                    Int

am_callback_node_space                  50
init                                    0
mixture_seed                            1
node_space                              5
nodelimit                               -1
nsepa                                   1
strF                                    0
type_delta                              0

EPS                                     0.001000
EPS_FRAC                                0.00
gap                                     0.00
mixture_high_max                        0.99
mixture_high_min                        0.90
mixture_low_max                         0.01
mixture_low_min                         0.00
mixture_low_share                       0.80
timelimit                               3600.00

Number of Closed Sites: 13 / 130 
Number of Confined Sites-1: 49 / 441 
Number of Confined Sites-k: 38 / 196 
Preprocess Time: 0.03 + 0.00 sec

Solve Time: 0.02
Number of Nodes: 0
Termination Status: OPTIMAL

CutInfo: [phase] num / time (sec) / aver. num_nonzero
max              [LP]     0 / 0.00 / 0.00 [init]    77 / 0.00 / 1.39 [rLC]    34 / 0.00 / 4.03 [rUC]     4 / 0.00 / 2.75 [sLC]     0 / 0.00 / 0.00 [sUC]     0 / 0.00 / 0.00 
prod_oa          [LP]     0 / 0.00 / 0.00 [init]    77 / 0.00 / 1.69 [rLC]    40 / 0.00 / 3.83 [rUC]     5 / 0.00 / 4.80 [sLC]     0 / 0.00 / 0.00 [sUC]     0 / 0.00 / 0.00 
prod_sm_fixed    [LP]     0 / 0.00 / 0.00 [init]     0 / 0.00 / 0.00 [rLC]     0 / 0.00 / 0.00 [rUC]     0 / 0.00 / 0.00 [sLC]     0 / 0.00 / 0.00 [sUC]     0 / 0.00 / 0.00 
prod_bin         [LP]     0 / 0.00 / 0.00 [init]     0 / 0.00 / 0.00 [rLC]     0 / 0.00 / 0.00 [rUC]     0 / 0.00 / 0.00 [sLC]     0 / 0.00 / 0.00 [sUC]     0 / 0.00 / 0.00 
prod_local       [LP]     0 / 0.00 / 0.00 [init]     0 / 0.00 / 0.00 [rLC]     0 / 0.00 / 0.00 [rUC]     0 / 0.00 / 0.00 [sLC]     0 / 0.00 / 0.00 [sUC]     0 / 0.00 / 0.00 
prod_sm_C        [LP]     0 / 0.00 / 0.00 [init]     0 / 0.00 / 0.00 [rLC]     0 / 0.00 / 0.00 [rUC]     0 / 0.00 / 0.00 [sLC]     0 / 0.00 / 0.00 [sUC]     0 / 0.00 / 0.00 
facet            [LP]     0 / 0.00 / 0.00 [init]     0 / 0.00 / 0.00 [rLC]     0 / 0.00 / 0.00 [rUC]     0 / 0.00 / 0.00 [sLC]     0 / 0.00 / 0.00 [sUC]     0 / 0.00 / 0.00 
Separation Round:   [LP] 0  [init] 1  [rLC] 4  [rUC] 2  [sLC] 0  [sUC] 0  
Root Best Bound 31.598993
Root Best Integer: 31.488119
Best Bound: 31.598993
Best Integer: 31.488119
1: 12, 27, 36, 58, 67, 71, 87, 90, 96, 99
Objective Value (calc): 31.598993
sum_etaM = 31.533333 / 31.533333
sum_etaP = 31.861630 / 31.861630
nL: 10
nCL: 0
mCL: 1
