Version identifier: 20.1.0.0 | 2020-11-10 | 9bedb6d68
CPXPARAM_Threads                                 1
CPXPARAM_TimeLimit                               3600
CPXPARAM_MIP_Tolerances_MIPGap                   0
Generic callback                                 0x60
1 of 1 MIP starts provided solutions.
MIP start 'm1' defined initial solution with objective 677.6656.
Tried aggregator 1 time.
MIP Presolve eliminated 15490 rows and 7749 columns.
Reduced MIP has 90088 rows, 91651 columns, and 1740078 nonzeros.
Reduced MIP has 90251 binaries, 0 generals, 0 SOSs, and 0 indicators.
Presolve time = 1.40 sec. (565.63 ticks)
Probing time = 0.25 sec. (222.04 ticks)
Tried aggregator 1 time.
Reduced MIP has 90088 rows, 91651 columns, and 1740078 nonzeros.
Reduced MIP has 90251 binaries, 0 generals, 0 SOSs, and 0 indicators.
Presolve time = 1.07 sec. (488.77 ticks)
Probing time = 0.25 sec. (206.45 ticks)
Clique table members: 98603.
MIP emphasis: balance optimality and feasibility.
MIP search method: dynamic search.
Parallel mode: none, using 1 thread.
Root relaxation solution time = 0.34 sec. (309.81 ticks)

        Nodes                                         Cuts/
   Node  Left     Objective  IInf  Best Integer    Best Bound    ItCnt     Gap

*     0+    0                          677.6656      700.0000             3.30%
      0     0      698.8047    76      677.6656      698.8047      371    3.12%
      0     0      687.9019   541      677.6656     Cuts: 612     3350    1.51%
      0     0      687.1964   394      677.6656     Cuts: 379     4815    1.41%
      0     0      686.8915   414      677.6656     Cuts: 261     5829    1.36%
      0     0      686.7595   410      677.6656     Cuts: 161     6817    1.34%
      0     0      686.6697   420      677.6656     Cuts: 142     7443    1.33%
      0     0      686.6450   525      677.6656     Cuts: 121     7941    1.33%
      0     0      686.6274   312      677.6656      Cuts: 71     8409    1.32%
      0     0      686.6100   534      677.6656      Cuts: 63     9071    1.32%
      0     0      686.6051   461      677.6656 UserPurge2: 34     9385    1.32%
      0     0      686.6019   458      677.6656 UserPurge2: 30     9607    1.32%
      0     0      686.6013   451      677.6656 UserPurge2: 16     9787    1.32%
      0     0      686.6012   453      677.6656 UserPurge2: 10     9840    1.32%
      0     0      686.6012   411      677.6656 UserPurge2: 2     9841    1.32%
      0     2      686.5865   412      677.6656      686.5865     9841    1.32%
Elapsed time = 93.21 sec. (46273.67 ticks, tree = 0.01 MB, solutions = 1)
      1     3      686.5802   413      677.6656      686.5865     9985    1.32%
      2     4      686.5819   538      677.6656      686.5818    10326    1.32%
      4     6      686.5597   523      677.6656      686.5818    10818    1.32%
      5     7      686.5604   447      677.6656      686.5818    12011    1.32%
      6     8      686.5464   462      677.6656      686.5818    12992    1.32%
      7     9      686.5539   449      677.6656      686.5818    13273    1.32%
      8    10      686.5489   447      677.6656      686.5818    13680    1.32%
      9    11      686.5428   502      677.6656      686.5818    13941    1.32%
     10    12      686.5439   432      677.6656      686.5818    14584    1.32%
     14    16      686.5339   444      677.6656      686.5818    15312    1.32%
Elapsed time = 109.96 sec. (57539.75 ticks, tree = 3.24 MB, solutions = 1)
     15    17      686.5046   361      677.6656      686.5818    16697    1.32%
     18    20      686.4576   435      677.6656      686.5818    17946    1.32%
     19    21      686.4583   345      677.6656      686.5818    18597    1.32%
     20    22      686.4286   383      677.6656      686.5818    19322    1.32%
     21    23      686.4089   309      677.6656      686.5818    19854    1.32%
     24    26      686.3918   386      677.6656      686.5818    20353    1.32%
     25    27      686.3725   311      677.6656      686.5818    20928    1.32%
     27    29      686.3393   304      677.6656      686.5818    21530    1.32%
     29    31      686.3132   330      677.6656      686.5818    22063    1.32%
     30    32      686.2977   329      677.6656      686.5818    22792    1.32%
Elapsed time = 142.55 sec. (78898.18 ticks, tree = 8.75 MB, solutions = 1)
     31    33      686.2879   332      677.6656      686.5818    23369    1.32%
     32    34      686.2883   321      677.6656      686.5818    26628    1.32%
     34    36      686.2677   349      677.6656      686.5818    27433    1.32%
     35    37      686.1425   398      677.6656      686.5818    29615    1.32%
     36    38      686.1409   433      677.6656      686.5818    30813    1.32%
     39    41      686.1013   530      677.6656      686.5818    31504    1.32%
     40    42      686.0889   291      677.6656      686.5818    32205    1.32%
     43    45      686.0708   284      677.6656      686.5818    32761    1.32%
     45    47      685.9388   419      677.6656      686.5818    34107    1.32%
     46    48      685.9632   284      677.6656      686.5818    34640    1.32%
Elapsed time = 173.33 sec. (98628.86 ticks, tree = 12.86 MB, solutions = 1)
     48    50      685.9251   402      677.6656      686.5818    35369    1.32%
     50    52      685.8577   289      677.6656      686.5818    36452    1.32%
     53    55      685.7763   278      677.6656      686.5818    37161    1.32%
     55    57      685.6071   484      677.6656      686.5818    38829    1.32%
     56    58      685.6511   430      677.6656      686.5818    39631    1.32%
     57    59      685.6362   374      677.6656      686.5818    40591    1.32%
     60    62      685.5229   389      677.6656      686.5818    41916    1.32%
     61    63      685.4680   458      677.6656      686.5818    43061    1.32%
     62    64      685.4936   381      677.6656      686.5818    43927    1.32%
     65    67      685.4106   306      677.6656      686.5818    44788    1.32%
Elapsed time = 218.78 sec. (128166.49 ticks, tree = 19.91 MB, solutions = 1)
     66    68      685.4045   445      677.6656      686.5818    45597    1.32%
     68    70      685.3813   306      677.6656      686.5818    46092    1.32%
     70    72      685.3004   427      677.6656      686.5818    47678    1.32%
     72    74      685.3393   304      677.6656      686.5818    48190    1.32%
     75    77      685.1613   407      677.6656      686.5818    50932    1.32%
     76    78      685.1334   561      677.6656      686.5818    52370    1.32%
     78    80      685.0911   660      677.6656      686.5818    53704    1.32%
     79    81      685.0897   396      677.6656      686.5818    54683    1.32%
     80    82      685.0291   492      677.6656      686.5818    56260    1.32%
     81    83      685.0095   459      677.6656      686.5818    60329    1.32%
Elapsed time = 260.59 sec. (154180.56 ticks, tree = 31.16 MB, solutions = 1)
     85    87      684.8466   587      677.6656      686.5818    61812    1.32%
     87    89      684.7914   389      677.6656      686.5818    62531    1.32%
     89    91      684.7349   561      677.6656      686.5818    63339    1.32%
     90    92      684.6757   519      677.6656      686.5818    64481    1.32%
     93    95      684.6512   387      677.6656      686.5818    65086    1.32%
     95    97      684.4503   408      677.6656      686.5818    66537    1.32%
     99   101      684.3896   400      677.6656      686.5818    66964    1.32%
    100   102      684.1706   399      677.6656      686.5818    68571    1.32%
    101   103      684.2644   534      677.6656      686.5818    69419    1.32%
    103   105      684.2521   407      677.6656      686.5818    70086    1.32%
Elapsed time = 303.51 sec. (179334.92 ticks, tree = 45.41 MB, solutions = 1)
    105   107      684.1593   395      677.6656      686.5818    71222    1.32%
    107   109      684.0616   391      677.6656      686.5818    71736    1.32%
    110   112      683.9403   260      677.6656      686.5818    72675    1.32%
    111   113      683.8644   256      677.6656      686.5818    73476    1.32%
    114   116      683.7923   250      677.6656      686.5818    73975    1.32%
    115   117      683.4724   286      677.6656      686.5818    76700    1.32%
    116   118      683.6098   250      677.6656      686.5818    77625    1.32%
    117   119      683.5564   313      677.6656      686.5818    79126    1.32%
    119   121      683.5361   483      677.6656      686.5818    80601    1.32%
    120   122      683.5753   256      677.6656      686.5818    80886    1.32%
Elapsed time = 346.10 sec. (203140.37 ticks, tree = 52.49 MB, solutions = 1)
    122   124      683.4760   352      677.6656      686.5818    81647    1.32%
    123   125      683.4420   353      677.6656      686.5818    82305    1.32%
    125   127      683.3561   243      677.6656      686.5818    83090    1.32%
    128   130      683.2653   281      677.6656      686.5818    83737    1.32%
    130   132      683.1878   242      677.6656      686.5818    84671    1.32%
    133   135      683.1373   247      677.6656      686.5818    85596    1.32%
    135   137      682.9136   372      677.6656      686.5818    88093    1.32%
    136   138      682.8790   244      677.6656      686.5818    88974    1.32%
    139   141      682.7444   339      677.6656      686.5818    89928    1.32%
    140   142      682.7729   242      677.6656      686.5818    90671    1.32%
Elapsed time = 391.49 sec. (228446.81 ticks, tree = 67.46 MB, solutions = 1)
    141   143      682.7651   379      677.6656      686.5818    91421    1.32%
    143   145      682.7093   234      677.6656      686.5818    92089    1.32%
    145   147      682.5111   551      677.6656      686.5818    93458    1.32%
    146   148      682.5671   522      677.6656      686.5818    94499    1.32%
    147   149      682.5178   504      677.6656      686.5818    95493    1.32%
    149   151      682.4694   602      677.6656      686.5818    96124    1.32%
    150   152      682.2106   552      677.6656      686.5818    98596    1.32%
    151   153      682.1656   671      677.6656      686.5818    99855    1.32%
    153   155      682.1795   541      677.6656      686.5818   100303    1.32%
    155   157      681.8054   413      677.6656      686.5818   101583    1.32%
Elapsed time = 437.27 sec. (251116.59 ticks, tree = 75.92 MB, solutions = 1)
    157   159      681.7554   424      677.6656      686.5818   102069    1.32%
    158   160      681.7691   663      677.6656      686.5818   102773    1.32%
    160   162      681.5430   568      677.6656      686.5818   104206    1.32%
    161   163      681.4795   506      677.6656      686.5818   104773    1.32%
    163   165      681.4157   500      677.6656      686.5818   105233    1.32%
    165   167      681.2933   494      677.6656      686.5818   106515    1.32%
    168   170      681.2466   481      677.6656      686.5818   107088    1.32%
    170   172      681.1054   607      677.6656      686.5818   108234    1.32%
    172   174      681.1492   525      677.6656      686.5818   109217    1.32%
    179   181      681.0833   385      677.6656      686.5818   110826    1.32%
Elapsed time = 477.81 sec. (272305.08 ticks, tree = 84.72 MB, solutions = 1)
    180   182      680.8565   435      677.6656      686.5818   112839    1.32%
    182   184      680.9405   430      677.6656      686.5818   115885    1.32%
    186   188      680.7292   293      677.6656      686.5818   117654    1.32%
    191   193      680.5954   338      677.6656      686.5818   119465    1.32%
    199   201      680.4744   532      677.6656      686.5818   120948    1.32%
    200   202      680.3270   346      677.6656      686.5818   122183    1.32%
    203   205      680.2512   373      677.6656      686.5818   124415    1.32%
    205   207      680.0472   444      677.6656      686.5818   126397    1.32%
    210   212      679.7711   465      677.6656      686.5818   129377    1.32%
    214   216      679.7079   504      677.6656      686.5818   131510    1.32%
Elapsed time = 574.00 sec. (324239.97 ticks, tree = 104.72 MB, solutions = 1)
    215   217      679.3223   309      677.6656      686.5818   134154    1.32%
    220   222      679.2074   216      677.6656      686.5818   136222    1.32%
    225   227      678.8169   385      677.6656      686.5818   138606    1.32%
    230   232      678.7261   170      677.6656      686.5818   140301    1.32%
    235   237      678.2286   207      677.6656      686.5818   142701    1.32%
    237   239      678.1925   208      677.6656      686.5818   144880    1.32%
    243   245      678.0585   186      677.6656      686.5818   145876    1.32%
    247   249      677.8737   245      677.6656      686.5818   147651    1.32%
    259   255      686.4627   496      677.6656      686.5815   149965    1.32%
    260   256      686.4170   528      677.6656      686.5815   150731    1.32%
Elapsed time = 682.20 sec. (385257.06 ticks, tree = 135.73 MB, solutions = 1)
    263   259      686.3549   501      677.6656      686.5815   152908    1.32%
    267   263      686.3295   455      677.6656      686.5815   155111    1.32%
    271   267      686.2681   544      677.6656      686.5815   157732    1.32%
    277   273      686.1836   322      677.6656      686.5815   159694    1.32%
    280   276      686.1490   395      677.6656      686.5815   160523    1.32%
    285   281      685.9755   371      677.6656      686.5815   162486    1.32%
    290   286      685.8267   328      677.6656      686.5815   165374    1.32%
    294   290      685.7770   307      677.6656      686.5815   167229    1.32%
    300   296      685.6492   313      677.6656      686.5815   170100    1.32%
    306   302      685.5235   304      677.6656      686.5815   172014    1.32%
Elapsed time = 757.67 sec. (436283.94 ticks, tree = 162.39 MB, solutions = 1)
    310   306      685.4020   305      677.6656      686.5815   175184    1.32%
    318   314      685.3237   288      677.6656      686.5815   177076    1.32%
    321   317      685.2779   389      677.6656      686.5815   178713    1.32%
    325   321      685.2050   413      677.6656      686.5815   181467    1.32%
    329   325      685.1510   510      677.6656      686.5815   183505    1.32%
    330   326      684.9914   474      677.6656      686.5815   185900    1.32%
    335   331      684.9178   482      677.6656      686.5815   187774    1.32%
    340   336      684.9977   375      677.6656      686.5815   189256    1.32%
    348   344      684.8614   491      677.6656      686.5815   190962    1.32%
    350   346      684.7195   373      677.6656      686.5815   192870    1.32%
Elapsed time = 841.44 sec. (486614.57 ticks, tree = 190.01 MB, solutions = 1)
    355   351      684.6458   399      677.6656      686.5815   195053    1.32%
    360   356      684.3953   391      677.6656      686.5815   197020    1.32%
    365   361      684.3111   389      677.6656      686.5815   198911    1.32%
    370   366      683.9029   384      677.6656      686.5815   203484    1.32%
    377   373      683.8095   414      677.6656      686.5815   205385    1.32%
    380   376      683.7148   513      677.6656      686.5815   207337    1.32%
    390   386      683.4908   382      677.6656      686.5815   210392    1.32%
    398   394      683.2852   378      677.6656      686.5815   212078    1.32%
    400   396      682.9846   505      677.6656      686.5815   214779    1.32%
    404   400      682.9237   353      677.6656      686.5815   217491    1.32%
Elapsed time = 957.58 sec. (552063.95 ticks, tree = 230.37 MB, solutions = 1)
    408   404      682.8019   542      677.6656      686.5815   220120    1.32%
    410   406      682.7434   358      677.6656      686.5815   221807    1.32%
    416   412      682.5131   299      677.6656      686.5815   225369    1.32%
    420   416      681.9752   428      677.6656      686.5815   231593    1.32%
    421   417      682.1106   423      677.6656      686.5815   234237    1.32%
    422   418      682.0744   366      677.6656      686.5815   236567    1.32%
    424   420      681.9342   370      677.6656      686.5815   237499    1.32%
    430   426      681.5451   467      677.6656      686.5815   240617    1.32%
    432   428      681.5729   337      677.6656      686.5815   243334    1.32%
    438   434      681.4025   328      677.6656      686.5815   245161    1.32%
Elapsed time = 1071.29 sec. (612329.32 ticks, tree = 249.12 MB, solutions = 1)
    440   436      681.1648   387      677.6656      686.5815   246792    1.32%
    442   438      681.1079   324      677.6656      686.5815   248689    1.32%
    450   446      680.5795   333      677.6656      686.5815   251804    1.32%
    452   448      680.4398   324      677.6656      686.5815   254492    1.32%
    460   456      679.7922   480      677.6656      686.5815   258578    1.32%
    462   458      679.7589   402      677.6656      686.5815   262746    1.32%
    470   466      678.9576   604      677.6656      686.5815   268821    1.32%
    472   468      678.9562   675      677.6656      686.5815   271222    1.32%

Performing restart 1

Repeating presolve.
Tried aggregator 1 time.
MIP Presolve eliminated 64 rows and 64 columns.
Reduced MIP has 90024 rows, 91587 columns, and 1735662 nonzeros.
Reduced MIP has 90187 binaries, 0 generals, 0 SOSs, and 0 indicators.
Presolve time = 1.39 sec. (540.78 ticks)
Tried aggregator 1 time.
Reduced MIP has 90024 rows, 91587 columns, and 1735662 nonzeros.
Reduced MIP has 90187 binaries, 0 generals, 0 SOSs, and 0 indicators.
Presolve time = 1.07 sec. (492.65 ticks)
Represolve time = 9.62 sec. (4851.37 ticks)
    478     0      686.3186   506      677.6656      Cuts: 13   280312    1.28%
    478     0      686.3077   501      677.6656       Cuts: 5   280366    1.28%
    478     0      686.3010   497      677.6656       Cuts: 2   280520    1.27%
    478     0      686.3001   493      677.6656       Cuts: 7   280553    1.27%
    478     0      686.2998   494      677.6656    MIRcuts: 3   280572    1.27%
    478     0      686.2998   495      677.6656    MIRcuts: 1   280573    1.27%
    478     2      686.2944   349      677.6656      686.2943   280573    1.27%
    479     3      686.2597   345      677.6656      686.2595   280929    1.27%
Elapsed time = 1456.75 sec. (842359.78 ticks, tree = 0.04 MB, solutions = 1)
    480     4      686.1905   526      677.6656      686.2534   282476    1.27%
    481     5      686.1645   361      677.6656      686.2534   282781    1.27%
    482     5      686.1182   584      677.6656      686.2534   283619    1.27%
    483     5      686.1182   509      677.6656      686.2534   283620    1.27%
    484     5      686.1182   501      677.6656      686.2534   283621    1.27%
    485     5      686.1182   451      677.6656      686.2534   283622    1.27%
    487     7      686.0911   406      677.6656      686.2534   283898    1.27%
    489     9      686.0593   403      677.6656      686.2534   285087    1.27%
    490    10      686.0046   371      677.6656      686.2534   287126    1.27%
    493    13      685.9904   360      677.6656      686.2534   287669    1.27%
Elapsed time = 1789.69 sec. (1063510.69 ticks, tree = 1.05 MB, solutions = 1)
    495    15      685.9599   354      677.6656      686.2534   288744    1.27%
    497    17      685.9163   348      677.6656      686.2534   290486    1.27%
    500    20      685.8112   478      677.6656      686.2534   298180    1.27%
    501    21      685.8320   494      677.6656      686.2534   299537    1.27%
    503    22      685.8202   498      677.6656      686.2534   300687    1.27%
    507    25      685.7227   509      677.6656      686.2534   302326    1.27%
    511    29      685.6189   342      677.6656      686.2534   303209    1.27%
    515    33      685.5679   337      677.6656      686.2534   304583    1.27%
    520    38      685.5234   334      677.6656      686.2534   306063    1.27%
    525    43      685.2938   340      677.6656      686.2534   309776    1.27%
Elapsed time = 2103.87 sec. (1262159.15 ticks, tree = 7.83 MB, solutions = 1)
    526    43      685.3088   420      677.6656      686.2534   311395    1.27%
    530    47      685.2451   360      677.6656      686.2534   312118    1.27%
    533    49      685.2550   489      677.6656      686.2534   313608    1.27%
    539    55      685.1275   325      677.6656      686.2534   315429    1.27%
    542    57      685.1637   417      677.6656      686.2534   316968    1.27%
    543    57      685.1637   322      677.6656      686.2534   316970    1.27%
    547    59      685.1451   317      677.6656      686.2534   319541    1.27%
    550    62      684.7757   292      677.6656      686.2534   322933    1.27%
    551    63      684.8260   302      677.6656      686.2534   324640    1.27%
    553    65      684.7834   298      677.6656      686.2534   326746    1.27%
Elapsed time = 2404.90 sec. (1448801.14 ticks, tree = 11.55 MB, solutions = 1)
    558    70      684.6579   288      677.6656      686.2534   328673    1.27%
    565    77      684.5685   272      677.6656      686.2534   330100    1.27%
    568    80      684.5641   271      677.6656      686.2534   330778    1.27%
    575    87      684.1581   266      677.6656      686.2534   335714    1.27%
    577    89      684.0848   265      677.6656      686.2534   338223    1.27%
    578    90      684.1050   260      677.6656      686.2534   338689    1.27%
    582    94      684.0490   249      677.6656      686.2534   340043    1.27%
    588   100      684.0026   241      677.6656      686.2534   341827    1.27%
    598   110      683.9126   241      677.6656      686.2534   343616    1.27%
    600   112      683.5315   248      677.6656      686.2534   347331    1.27%
Elapsed time = 2526.69 sec. (1525712.85 ticks, tree = 36.76 MB, solutions = 1)
    602   114      683.6354   245      677.6656      686.2534   349733    1.27%
    606   118      683.5657   239      677.6656      686.2534   351062    1.27%
    610   122      683.5223   243      677.6656      686.2534   353287    1.27%
    614   126      683.4845   238      677.6656      686.2534   359253    1.27%
    617   129      683.3770   257      677.6656      686.2534   360315    1.27%
    618   130      683.4582   235      677.6656      686.2534   360554    1.27%
    622   134      683.4313   231      677.6656      686.2534   361938    1.27%
    625   137      683.2065   230      677.6656      686.2534   364332    1.27%
    628   140      683.1195   215      677.6656      686.2534   366370    1.27%
    629   140      683.1268   325      677.6656      686.2534   366693    1.27%
Elapsed time = 2655.07 sec. (1605896.20 ticks, tree = 48.65 MB, solutions = 1)
    630   140      683.1268   279      677.6656      686.2534   366694    1.27%
    634   143      683.0587   340      677.6656      686.2534   368080    1.27%
    637   145      683.0501   218      677.6656      686.2534   368211    1.27%
    638   145      682.9838   256      677.6656      686.2534   369556    1.27%
    639   146      682.9838   256      677.6656      686.2534   369556    1.27%
    647   152      682.9472   249      677.6656      686.2534   371337    1.27%
    649   153      682.9314   351      677.6656      686.2534   372422    1.27%
    650   154      682.6856   244      677.6656      686.2534   374770    1.27%
    657   159      682.6736   254      677.6656      686.2534   377504    1.27%
    658   159      682.6116   253      677.6656      686.2534   378722    1.27%
Elapsed time = 3006.25 sec. (1846413.52 ticks, tree = 49.52 MB, solutions = 1)
    665   165      679.3721   329      677.6656      686.2534   380884    1.27%
    668   167      679.3275   203      677.6656      686.2534   381204    1.27%
    674   172      679.0522   286      677.6656      686.2534   382315    1.27%
    675   173      678.3577   203      677.6656      686.2534   387446    1.27%
Starting limited solution polishing.
    678   176      678.2090   200      677.6656      686.2534   388974    1.27%
    682   180      678.1256   197      677.6656      686.2534   392157    1.27%
    683   181      678.1826   198      677.6656      686.2534   392410    1.27%
    684   182      678.1645   200      677.6656      686.2534   392640    1.27%
    685   183      678.1822   196      677.6656      686.2534   392697    1.27%
    686   184      678.1224   203      677.6656      686.2534   393084    1.27%
Elapsed time = 3303.78 sec. (2048930.02 ticks, tree = 50.57 MB, solutions = 1)
    687   185      678.0695   196      677.6656      686.2534   393278    1.27%
    689   186      678.0383   299      677.6656      686.2534   394474    1.27%
    692   189      677.9438   192      677.6656      686.2534   395279    1.27%
    700   195        cutoff            677.6656      686.2534   398763    1.27%
    703   194      686.1459   345      677.6656      686.2273   401450    1.26%
    705   195      686.1024   429      677.6656      686.2273   402207    1.26%
    706   195      686.1024   410      677.6656      686.2273   402209    1.26%
    712   201      685.8717   350      677.6656      686.2273   404283    1.26%
    715   204      685.7861   368      677.6656      686.2273   407151    1.26%
    717   205      685.7752   430      677.6656      686.2273   408665    1.26%
Elapsed time = 3510.72 sec. (2184620.77 ticks, tree = 54.35 MB, solutions = 1)
    718   206      685.7752   403      677.6656      686.2273   408666    1.26%
    722   209      685.5908   505      677.6656      686.2273   411227    1.26%

Flow cuts applied:  7
Mixed integer rounding cuts applied:  69
Gomory fractional cuts applied:  6
User cuts applied:  2403

Root node processing (before b&c):
  Real time             =   91.84 sec. (45519.34 ticks)
Sequential b&c:
  Real time             = 3508.20 sec. (2197469.86 ticks)
                          ------------
Total (root+branch&cut) = 3600.05 sec. (2242989.20 ticks)
|V|                                     700
K                                       140
theta                                   0.20
r                                       5
R                                       20
prob_func                               linear
#C1                                     2450
#CP                                     58282

@Parameters: 
am_callback_heuristic                   false
am_local_search                         true
am_start_heuristic                      false
colocation                              true
comp                                    false
cutC                                    true
cutC_init                               false
cutF                                    true
cutF_init                               false
cutF_stable                             false
cutF_wrong                              false
cutLocal                                false
cutM                                    true
cutM_init                               true
cutM_stable                             false
cutP                                    true
cutP_init                               false
cutP_stable                             false
init                                    true
init_cutF_zero                          false
init_val_greedy                         true
is_Euclidean                            false
is_local_search                         true
is_right_cutP                           true
is_root                                 false
is_silent                               false
is_start                                false
mycut                                   false
pmed                                    false
pre                                     true
stable_root                             false
str                                     false
two_phase                               false
ubstr                                   false
mode                                    Bin

am_callback_node_space                  50
init                                    0
mixture_seed                            1
node_space                              5
nodelimit                               -1
nsepa                                   1
strF                                    0
type_delta                              0

EPS                                     0.001000
EPS_FRAC                                0.00
gap                                     0.00
mixture_high_max                        0.99
mixture_high_min                        0.90
mixture_low_max                         0.01
mixture_low_min                         0.00
mixture_low_share                       0.80
timelimit                               3600.00

Number of Closed Sites: 8 / 1120 
Number of Confined Sites-1: 6 / 834 
Number of Confined Sites-k: 686 / 5795 
Preprocess Time: 1.67 + 0.00 sec

Solve Time: 3600.05
Number of Nodes: 723
Termination Status: TIME_LIMIT

CutInfo: [phase] num / time (sec) / aver. num_nonzero
max              [LP]     0 / 0.00 / 0.00 [init]   302 / 0.02 / 3.33 [rLC]   622 / 0.09 / 7.35 [rUC]  1225 / 0.15 / 5.84 [sLC]    63 / 0.01 / 7.89 [sUC]  1381 / 4.88 / 6.63 
prod_oa          [LP]     0 / 0.00 / 0.00 [init]     0 / 0.00 / 0.00 [rLC]     0 / 0.00 / 0.00 [rUC]     0 / 0.00 / 0.00 [sLC]     0 / 0.00 / 0.00 [sUC]     0 / 0.00 / 0.00 
prod_sm_fixed    [LP]     0 / 0.00 / 0.00 [init]     0 / 0.00 / 0.00 [rLC]     0 / 0.00 / 0.00 [rUC]     0 / 0.00 / 0.00 [sLC]     0 / 0.00 / 0.00 [sUC]     0 / 0.00 / 0.00 
prod_bin         [LP]     0 / 0.00 / 0.00 [init]   226 / 6.52 / 0.00 [rLC]   735 / 23.34 / 0.00 [rUC]   458 / 9.00 / 0.00 [sLC]   227 / 7.53 / 0.00 [sUC]  3161 / 84.49 / 0.00 
prod_local       [LP]     0 / 0.00 / 0.00 [init]     0 / 0.00 / 0.00 [rLC]     0 / 0.00 / 0.00 [rUC]     0 / 0.00 / 0.00 [sLC]     0 / 0.00 / 0.00 [sUC]     0 / 0.00 / 0.00 
prod_sm_C        [LP]     0 / 0.00 / 0.00 [init]     0 / 0.00 / 0.00 [rLC]     0 / 0.00 / 0.00 [rUC]     0 / 0.00 / 0.00 [sLC]     0 / 0.00 / 0.00 [sUC]     0 / 0.00 / 0.00 
facet            [LP]     0 / 0.00 / 0.00 [init]     0 / 0.00 / 0.00 [rLC]     0 / 0.00 / 0.00 [rUC]     0 / 0.00 / 0.00 [sLC]     0 / 0.00 / 0.00 [sUC]     0 / 0.00 / 0.00 
Separation Round:   [LP] 0  [init] 1  [rLC] 4  [rUC] 15  [sLC] 1  [sUC] 1794  
Root Best Bound 686.581765
Root Best Integer: 677.665551
Best Bound: 686.227324
Best Integer: 677.665551
1: 1, 2, 6, 17, 23, 26, 27, 38, 40, 41, 45, 46, 47, 49, 52, 55, 56, 57, 58, 62, 69, 77, 82, 83, 85, 87, 97, 108, 116, 119, 122, 123, 125, 137, 143, 146, 151, 155, 161, 174, 179, 181, 185, 188, 193, 202, 238, 255, 258, 263, 264, 268, 271, 274, 281, 288, 294, 302, 307, 310, 314, 317, 319, 324, 325, 326, 327, 330, 336, 338, 340, 342, 352, 353, 354, 358, 362, 363, 368, 371, 374, 375, 376, 378, 379, 393, 410, 412, 413, 414, 425, 442, 449, 453, 456, 459, 461, 463, 470, 473, 476, 478, 490, 492, 496, 500, 508, 511, 515, 516, 530, 536, 539, 555, 558, 563, 564, 567, 573, 574, 576, 596, 598, 611, 613, 622, 628, 642, 650, 652, 654, 664, 678, 681, 682, 686, 691, 696, 699, 700
Objective Value (calc): 677.665551
sum_etaM = 627.600000 / 627.600000
sum_etaP = 690.181939 / 690.181939
nL: 140
nCL: 0
mCL: 1
