Version identifier: 20.1.0.0 | 2020-11-10 | 9bedb6d68
CPXPARAM_Threads                                 1
CPXPARAM_TimeLimit                               3600
CPXPARAM_MIP_Tolerances_MIPGap                   0
Generic callback                                 0x60
1 of 1 MIP starts provided solutions.
MIP start 'm1' defined initial solution with objective 41.2107.
Tried aggregator 2 times.
MIP Presolve eliminated 151 rows and 54 columns.
Aggregator did 97 substitutions.
Reduced MIP has 501 rows, 649 columns, and 2008 nonzeros.
Reduced MIP has 173 binaries, 76 generals, 0 SOSs, and 0 indicators.
Presolve time = 0.00 sec. (1.63 ticks)
Probing time = 0.00 sec. (0.11 ticks)
Tried aggregator 1 time.
Reduced MIP has 501 rows, 649 columns, and 2008 nonzeros.
Reduced MIP has 173 binaries, 76 generals, 0 SOSs, and 0 indicators.
Presolve time = 0.00 sec. (0.69 ticks)
Probing time = 0.00 sec. (0.11 ticks)
MIP emphasis: balance optimality and feasibility.
MIP search method: dynamic search.
Parallel mode: none, using 1 thread.
Root relaxation solution time = 0.00 sec. (2.35 ticks)

        Nodes                                         Cuts/
   Node  Left     Objective  IInf  Best Integer    Best Bound    ItCnt     Gap

*     0+    0                           41.2107      200.0000           385.31%
      0     0       62.0307    10       41.2107       62.0307      451   50.52%
      0     0       41.2375    14       41.2107      Cuts: 71      501    0.07%
*     0+    0                           41.2213       41.2375             0.04%
      0     0        cutoff             41.2213                    512     --- 
Elapsed time = 0.05 sec. (21.30 ticks, tree = 0.01 MB, solutions = 2)

Flow cuts applied:  6
Mixed integer rounding cuts applied:  6
Gomory fractional cuts applied:  3
User cuts applied:  133

Root node processing (before b&c):
  Real time             =    0.05 sec. (21.35 ticks)
Sequential b&c:
  Real time             =    0.00 sec. (0.00 ticks)
                          ------------
Total (root+branch&cut) =    0.05 sec. (21.35 ticks)
|V|                                     200
K                                       5
theta                                   0.20
r                                       10
R                                       25
prob_func                               linear
#C1                                     408
#CP                                     628

@Parameters: 
am_callback_heuristic                   false
am_local_search                         true
am_start_heuristic                      false
colocation                              true
comp                                    false
cutC                                    true
cutC_init                               false
cutF                                    true
cutF_init                               false
cutF_stable                             false
cutF_wrong                              false
cutLocal                                false
cutM                                    true
cutM_init                               true
cutM_stable                             false
cutP                                    true
cutP_init                               false
cutP_stable                             false
init                                    true
init_cutF_zero                          false
init_val_greedy                         true
is_Euclidean                            false
is_local_search                         true
is_right_cutP                           true
is_root                                 false
is_silent                               false
is_start                                false
mycut                                   false
pmed                                    false
pre                                     true
stable_root                             false
str                                     true
two_phase                               false
ubstr                                   false
mode                                    Int

am_callback_node_space                  50
init                                    0
mixture_seed                            1
node_space                              5
nodelimit                               -1
nsepa                                   1
strF                                    0
type_delta                              0

EPS                                     0.001000
EPS_FRAC                                0.00
gap                                     0.00
mixture_high_max                        0.99
mixture_high_min                        0.90
mixture_low_max                         0.01
mixture_low_min                         0.00
mixture_low_share                       0.80
timelimit                               3600.00

Number of Closed Sites: 27 / 135 
Number of Confined Sites-1: 24 / 96 
Number of Confined Sites-k: 149 / 520 
Preprocess Time: 0.14 + 0.00 sec

Solve Time: 0.05
Number of Nodes: 0
Termination Status: OPTIMAL

CutInfo: [phase] num / time (sec) / aver. num_nonzero
max              [LP]     0 / 0.00 / 0.00 [init]   174 / 0.00 / 3.49 [rLC]    56 / 0.00 / 9.50 [rUC]    12 / 0.01 / 7.92 [sLC]     0 / 0.00 / 0.00 [sUC]     0 / 0.00 / 0.00 
prod_oa          [LP]     0 / 0.00 / 0.00 [init]   174 / 0.00 / 4.48 [rLC]    80 / 0.00 / 8.99 [rUC]    11 / 0.00 / 8.45 [sLC]     0 / 0.00 / 0.00 [sUC]     0 / 0.00 / 0.00 
prod_sm_fixed    [LP]     0 / 0.00 / 0.00 [init]     0 / 0.00 / 0.00 [rLC]     0 / 0.00 / 0.00 [rUC]     0 / 0.00 / 0.00 [sLC]     0 / 0.00 / 0.00 [sUC]     0 / 0.00 / 0.00 
prod_bin         [LP]     0 / 0.00 / 0.00 [init]     0 / 0.00 / 0.00 [rLC]     0 / 0.00 / 0.00 [rUC]     0 / 0.00 / 0.00 [sLC]     0 / 0.00 / 0.00 [sUC]     0 / 0.00 / 0.00 
prod_local       [LP]     0 / 0.00 / 0.00 [init]     0 / 0.00 / 0.00 [rLC]     0 / 0.00 / 0.00 [rUC]     0 / 0.00 / 0.00 [sLC]     0 / 0.00 / 0.00 [sUC]     0 / 0.00 / 0.00 
prod_sm_C        [LP]     0 / 0.00 / 0.00 [init]     0 / 0.00 / 0.00 [rLC]     0 / 0.00 / 0.00 [rUC]    48 / 0.00 / 13.38 [sLC]     0 / 0.00 / 0.00 [sUC]     0 / 0.00 / 0.00 
facet            [LP]     0 / 0.00 / 0.00 [init]     0 / 0.00 / 0.00 [rLC]     0 / 0.00 / 0.00 [rUC]    48 / 0.00 / 0.00 [sLC]     0 / 0.00 / 0.00 [sUC]     0 / 0.00 / 0.00 
Separation Round:   [LP] 0  [init] 1  [rLC] 4  [rUC] 2  [sLC] 0  [sUC] 0  
Root Best Bound 41.237463
Root Best Integer: 41.221333
Best Bound: 41.237463
Best Integer: 41.221333
1: 106, 110, 126, 172, 178
Objective Value (calc): 41.221333
sum_etaM = 40.933333 / 40.933333
sum_etaP = 41.293333 / 41.293333
nL: 5
nCL: 0
mCL: 1
