Version identifier: 20.1.0.0 | 2020-11-10 | 9bedb6d68
CPXPARAM_Threads                                 1
CPXPARAM_TimeLimit                               3600
CPXPARAM_MIP_Tolerances_MIPGap                   0
Generic callback                                 0x60
1 of 1 MIP starts provided solutions.
MIP start 'm1' defined initial solution with objective 120.1303.
Tried aggregator 2 times.
MIP Presolve eliminated 62 rows and 44 columns.
Aggregator did 18 substitutions.
Reduced MIP has 999 rows, 1138 columns, and 5074 nonzeros.
Reduced MIP has 278 binaries, 260 generals, 0 SOSs, and 0 indicators.
Presolve time = 0.00 sec. (2.65 ticks)
Probing time = 0.00 sec. (0.26 ticks)
Tried aggregator 1 time.
Reduced MIP has 999 rows, 1138 columns, and 5074 nonzeros.
Reduced MIP has 278 binaries, 260 generals, 0 SOSs, and 0 indicators.
Presolve time = 0.00 sec. (1.49 ticks)
Probing time = 0.00 sec. (0.26 ticks)
MIP emphasis: balance optimality and feasibility.
MIP search method: dynamic search.
Parallel mode: none, using 1 thread.
Root relaxation solution time = 0.01 sec. (9.80 ticks)

        Nodes                                         Cuts/
   Node  Left     Objective  IInf  Best Integer    Best Bound    ItCnt     Gap

*     0+    0                          120.1303      300.0000           149.73%
      0     0      158.4923    14      120.1303      158.4923      823   31.93%
      0     0      123.1159    50      120.1303     Cuts: 334     1124    2.49%
      0     0      122.1427    50      120.1303     Cuts: 145     1245    1.68%

Repeating presolve.
Tried aggregator 1 time.
MIP Presolve eliminated 379 rows and 339 columns.
MIP Presolve modified 79 coefficients.
Reduced MIP has 620 rows, 799 columns, and 3027 nonzeros.
Reduced MIP has 139 binaries, 94 generals, 0 SOSs, and 0 indicators.
Presolve time = 0.00 sec. (1.76 ticks)
Probing time = 0.00 sec. (0.15 ticks)
Tried aggregator 1 time.
Reduced MIP has 620 rows, 799 columns, and 3027 nonzeros.
Reduced MIP has 139 binaries, 94 generals, 0 SOSs, and 0 indicators.
Presolve time = 0.00 sec. (0.89 ticks)
Represolve time = 0.01 sec. (5.63 ticks)
Probing time = 0.00 sec. (0.15 ticks)
MIP emphasis: balance optimality and feasibility.
MIP search method: dynamic search.
Parallel mode: none, using 1 thread.
Root relaxation solution time = 0.04 sec. (42.44 ticks)

        Nodes                                         Cuts/
   Node  Left     Objective  IInf  Best Integer    Best Bound    ItCnt     Gap

*     0+    0                          120.1303      122.1427             1.68%
      0     0      122.1427    50      120.1303      122.1427     2287    1.68%
      0     0      122.0225    52      120.1303      Cuts: 86     2350    1.58%
      0     0      121.8761    48      120.1303      Cuts: 75     2417    1.45%
*     0+    0                          121.6858      121.8761             0.16%
      0     0      121.8120    58      121.6858      Cuts: 29     2462    0.10%
      0     0      121.7889    48      121.6858      Cuts: 19     2489    0.08%
      0     0      121.7817    62      121.6858      Cuts: 16     2511    0.08%
      0     0      121.7794    56      121.6858      Cuts: 16     2528    0.08%
*     0+    0                          121.7493      121.7794             0.02%
      0     0      121.7750    54      121.7493       Cuts: 6     2536    0.02%
*     0+    0                          121.7679      121.7750             0.01%
      0     0      121.7742    50      121.7679 UserPurge2: 3     2541    0.01%
      0     2      121.7742    50      121.7679      121.7730     2541    0.00%
Elapsed time = 0.53 sec. (291.02 ticks, tree = 0.01 MB, solutions = 4)

Flow cuts applied:  11
Mixed integer rounding cuts applied:  12
Lift and project cuts applied:  1
Gomory fractional cuts applied:  1
User cuts applied:  368

Root node processing (before b&c):
  Real time             =    0.53 sec. (291.06 ticks)
Sequential b&c:
  Real time             =    0.01 sec. (2.65 ticks)
                          ------------
Total (root+branch&cut) =    0.53 sec. (293.71 ticks)
|V|                                     300
K                                       10
theta                                   0.20
r                                       10
R                                       25
prob_func                               linear
#C1                                     814
#CP                                     2756

@Parameters: 
am_callback_heuristic                   false
am_local_search                         true
am_start_heuristic                      false
colocation                              true
comp                                    false
cutC                                    true
cutC_init                               false
cutF                                    true
cutF_init                               false
cutF_stable                             false
cutF_wrong                              false
cutLocal                                false
cutM                                    true
cutM_init                               true
cutM_stable                             false
cutP                                    true
cutP_init                               false
cutP_stable                             false
init                                    true
init_cutF_zero                          false
init_val_greedy                         true
is_Euclidean                            false
is_local_search                         true
is_right_cutP                           true
is_root                                 false
is_silent                               false
is_start                                false
mycut                                   false
pmed                                    false
pre                                     true
stable_root                             false
str                                     true
two_phase                               false
ubstr                                   false
mode                                    Int

am_callback_node_space                  50
init                                    0
mixture_seed                            1
node_space                              5
nodelimit                               -1
nsepa                                   1
strF                                    0
type_delta                              0

EPS                                     0.001000
EPS_FRAC                                0.00
gap                                     0.00
mixture_high_max                        0.99
mixture_high_min                        0.90
mixture_low_max                         0.01
mixture_low_min                         0.00
mixture_low_share                       0.80
timelimit                               3600.00

Number of Closed Sites: 22 / 220 
Number of Confined Sites-1: 18 / 162 
Number of Confined Sites-k: 260 / 1495 
Preprocess Time: 0.31 + 0.00 sec

Solve Time: 0.53
Number of Nodes: 6
Termination Status: OPTIMAL

CutInfo: [phase] num / time (sec) / aver. num_nonzero
max              [LP]     0 / 0.00 / 0.00 [init]   239 / 0.01 / 5.29 [rLC]   137 / 0.01 / 11.50 [rUC]   236 / 0.02 / 11.73 [sLC]     0 / 0.00 / 0.00 [sUC]     0 / 0.00 / 0.00 
prod_oa          [LP]     0 / 0.00 / 0.00 [init]   239 / 0.00 / 9.52 [rLC]   195 / 0.01 / 14.89 [rUC]    50 / 0.02 / 17.42 [sLC]     0 / 0.00 / 0.00 [sUC]     0 / 0.00 / 0.00 
prod_sm_fixed    [LP]     0 / 0.00 / 0.00 [init]     0 / 0.00 / 0.00 [rLC]     0 / 0.00 / 0.00 [rUC]     0 / 0.00 / 0.00 [sLC]     0 / 0.00 / 0.00 [sUC]     0 / 0.00 / 0.00 
prod_bin         [LP]     0 / 0.00 / 0.00 [init]     0 / 0.00 / 0.00 [rLC]     0 / 0.00 / 0.00 [rUC]     0 / 0.00 / 0.00 [sLC]     0 / 0.00 / 0.00 [sUC]     0 / 0.00 / 0.00 
prod_local       [LP]     0 / 0.00 / 0.00 [init]     0 / 0.00 / 0.00 [rLC]     0 / 0.00 / 0.00 [rUC]     0 / 0.00 / 0.00 [sLC]     0 / 0.00 / 0.00 [sUC]     0 / 0.00 / 0.00 
prod_sm_C        [LP]     0 / 0.00 / 0.00 [init]     0 / 0.00 / 0.00 [rLC]     0 / 0.04 / 0.00 [rUC]   394 / 0.05 / 29.78 [sLC]     0 / 0.00 / 0.00 [sUC]     0 / 0.00 / 0.00 
facet            [LP]     0 / 0.00 / 0.00 [init]     0 / 0.00 / 0.00 [rLC]     0 / 0.00 / 0.00 [rUC]   394 / 0.00 / 0.00 [sLC]     0 / 0.00 / 0.00 [sUC]     0 / 0.00 / 0.00 
Separation Round:   [LP] 0  [init] 1  [rLC] 10  [rUC] 12  [sLC] 0  [sUC] 4  
Root Best Bound 121.772421
Root Best Integer: 121.767909
Best Bound: 121.772421
Best Integer: 121.767909
1: 6, 44, 84, 125, 139, 168, 172, 174, 217, 294
Objective Value (calc): 121.767289
sum_etaM = 118.600000 / 118.600000
sum_etaP = 122.559887 / 122.559111
nL: 10
nCL: 0
mCL: 1
