Version identifier: 20.1.0.0 | 2020-11-10 | 9bedb6d68
CPXPARAM_Threads                                 1
CPXPARAM_TimeLimit                               3600
CPXPARAM_MIP_Tolerances_MIPGap                   0
Generic callback                                 0x60
1 of 1 MIP starts provided solutions.
MIP start 'm1' defined initial solution with objective 237.1319.
Tried aggregator 2 times.
MIP Presolve eliminated 51 rows and 24 columns.
Aggregator did 27 substitutions.
Reduced MIP has 1317 rows, 1549 columns, and 6119 nonzeros.
Reduced MIP has 388 binaries, 361 generals, 0 SOSs, and 0 indicators.
Presolve time = 0.00 sec. (3.18 ticks)
Probing time = 0.00 sec. (0.33 ticks)
Tried aggregator 1 time.
Reduced MIP has 1317 rows, 1549 columns, and 6119 nonzeros.
Reduced MIP has 388 binaries, 361 generals, 0 SOSs, and 0 indicators.
Presolve time = 0.00 sec. (1.84 ticks)
Probing time = 0.00 sec. (0.33 ticks)
MIP emphasis: balance optimality and feasibility.
MIP search method: dynamic search.
Parallel mode: none, using 1 thread.
Root relaxation solution time = 0.02 sec. (19.51 ticks)

        Nodes                                         Cuts/
   Node  Left     Objective  IInf  Best Integer    Best Bound    ItCnt     Gap

*     0+    0                          237.1319      400.0000            68.68%
      0     0      284.4942    70      237.1319      284.4942     1085   19.97%
      0     0      244.0469   178      237.1319     Cuts: 429     1594    2.92%
      0     0      242.1024   167      237.1319     Cuts: 429     1970    2.10%
      0     0      241.4670   202      237.1319     Cuts: 219     2218    1.83%
      0     0      241.0373   216      237.1319     Cuts: 184     2435    1.65%
      0     0      240.8039   216      237.1319     Cuts: 170     2595    1.55%
      0     0      240.6206   220      237.1319     Cuts: 128     2760    1.47%
      0     0      240.5458   212      237.1319     Cuts: 107     2877    1.44%
      0     0      240.5207   226      237.1319      Cuts: 80     2958    1.43%
      0     0      240.4940   222      237.1319      Cuts: 67     3066    1.42%
      0     0      240.4814   224      237.1319      Cuts: 74     3128    1.41%
      0     0      240.4774   222      237.1319      Cuts: 35     3164    1.41%
      0     0      240.4731   220      237.1319 UserPurge2: 51     3201    1.41%
      0     0      240.4699   224      237.1319 UserPurge2: 21     3223    1.41%
      0     0      240.4649   220      237.1319 UserPurge2: 20     3265    1.41%
      0     0      240.4640   226      237.1319 UserPurge2: 15     3284    1.41%
      0     0      240.4630   226      237.1319 UserPurge2: 15     3297    1.40%
      0     0      240.4625   232      237.1319 UserPurge2: 8     3310    1.40%
      0     0      240.4624   234      237.1319 UserPurge2: 12     3320    1.40%
      0     0      240.4616   224      237.1319 UserPurge2: 4     3332    1.40%
      0     0      240.4605   226      237.1319 UserPurge2: 8     3350    1.40%
      0     0      240.4604   224      237.1319 UserPurge2: 9     3356    1.40%
      0     0      240.4599   228      237.1319 UserPurge2: 7     3366    1.40%
      0     0      240.4588   230      237.1319 UserPurge2: 12     3389    1.40%
      0     0      240.4586   230      237.1319 UserPurge2: 7     3398    1.40%
      0     2      240.4006   212      237.1319      240.3998     3398    1.38%
Elapsed time = 1.85 sec. (1394.90 ticks, tree = 0.01 MB, solutions = 1)
     10    12      239.3986   190      237.1319      240.3441     5548    1.35%
     16    18      239.0884   178      237.1319      240.3441     7214    1.35%
     21    23      238.0765   170      237.1319      240.3441     8970    1.35%
     27    29      237.6880   140      237.1319      240.3441    10584    1.35%
     35    33      239.9246   226      237.1319      240.3434    12508    1.35%
*    40+   34                          237.3451      240.3434             1.26%
     40    36      239.5054   194      237.3451      240.3434    13746    1.26%
     45    41      238.8987   198      237.3451      240.3434    15583    1.26%
     50    46      238.5354   188      237.3451      240.3434    17383    1.26%
     55    49        cutoff            237.3451      240.3434    18923    1.26%
     70    60      238.0621   172      237.3451      240.3314    22909    1.26%
Elapsed time = 7.36 sec. (5731.96 ticks, tree = 0.43 MB, solutions = 2)
     81    67      239.0902   200      237.3451      240.3305    26891    1.26%
     95    81      237.4390   182      237.3451      240.3305    31043    1.26%
    108    90      238.6082   194      237.3451      240.2607    34829    1.23%
    118    98        cutoff            237.3451      240.2607    37913    1.23%
    127   105      239.0611   179      237.3451      240.2580    40956    1.23%
*   130+  100                          237.6561      240.2580             1.09%
    143   111      239.9623   220      237.6561      240.2575    45339    1.09%
    150   118      238.6911   198      237.6561      240.2575    48627    1.09%
    165   129      239.2908   202      237.6561      240.1370    52902    1.04%
    182   140      239.5173   202      237.6561      240.1358    57604    1.04%
    191   149      238.1532   190      237.6561      240.1358    60271    1.04%
Elapsed time = 17.65 sec. (16206.86 ticks, tree = 1.11 MB, solutions = 3)
    201   155      238.9694   195      237.6561      240.1103    63785    1.03%
    217   167      239.8114   208      237.6561      240.0531    67830    1.01%
    225   175      238.7229   166      237.6561      240.0531    70383    1.01%
    245   189      239.2656   228      237.6561      239.9714    74820    0.97%
    261   201      239.5187   224      237.6561      239.9620    79439    0.97%
    270   210      238.2140   206      237.6561      239.9620    82944    0.97%
*   280+  201                          237.8118      239.9303             0.89%
    280   203      239.1812   206      237.8118      239.9303    86022    0.89%
    295   214      239.6878   182      237.8118      239.8755    90366    0.87%
    310   229      237.9015   122      237.8118      239.8755    94525    0.87%
    324   239      238.5793   176      237.8118      239.8744    98337    0.87%
Elapsed time = 29.46 sec. (26833.57 ticks, tree = 1.50 MB, solutions = 4)
    338   247      239.2471   198      237.8118      239.8680   102283    0.86%
    348   255        cutoff            237.8118      239.8680   105226    0.86%
    360   263      238.2601   186      237.8118      239.8412   109130    0.85%
    370   269      238.9766   188      237.8118      239.8362   112040    0.85%
    389   284      239.0771   190      237.8118      239.8361   116166    0.85%
    400   295      237.9651   156      237.8118      239.8361   118853    0.85%
    418   307      238.4146   144      237.8118      239.8347   122869    0.85%
    437   320      239.3217   198      237.8118      239.8188   126395    0.84%
    447   330      237.9554   160      237.8118      239.8188   129360    0.84%
    460   339      238.4418   183      237.8118      239.7852   133191    0.83%
Elapsed time = 40.55 sec. (37186.24 ticks, tree = 1.74 MB, solutions = 4)
    471   346      238.9327   206      237.8118      239.7708   137270    0.82%
    486   357      238.6145   196      237.8118      239.7702   140582    0.82%
    497   364      239.0417   168      237.8118      239.7700   144245    0.82%
    513   374      239.3411   182      237.8118      239.7585   148175    0.82%
    524   385      238.0573   150      237.8118      239.7585   151422    0.82%
    535   392      238.6831   178      237.8118      239.7574   154227    0.82%
    547   400      239.2744   198      237.8118      239.7132   157229    0.80%
    559   412      237.9902   162      237.8118      239.7132   161107    0.80%
    572   421      238.1114   140      237.8118      239.6954   164247    0.79%
    588   433      238.3360   186      237.8118      239.6903   168082    0.79%
Elapsed time = 50.95 sec. (47173.49 ticks, tree = 2.00 MB, solutions = 4)
    603   444      238.7710   162      237.8118      239.6869   171857    0.79%
    620   455      239.1405   179      237.8118      239.6573   175470    0.78%
    636   467      239.1658   174      237.8118      239.6432   179251    0.77%
    652   480      238.9228   204      237.8118      239.6356   182801    0.77%
    663   487      239.0445   193      237.8118      239.5924   185302    0.75%
    681   503        cutoff            237.8118      239.5924   189265    0.75%
    698   514      239.3384   194      237.8118      239.5749   193562    0.74%
    712   524      239.1319   194      237.8118      239.5651   197017    0.74%
    723   535      237.8796   164      237.8118      239.5651   200029    0.74%
    736   544      237.8573   167      237.8118      239.5647   203744    0.74%
Elapsed time = 61.48 sec. (57257.84 ticks, tree = 2.20 MB, solutions = 4)
    742   546      238.7058   190      237.8118      239.5426   205524    0.73%
    757   561      237.9660   130      237.8118      239.5426   209435    0.73%
    773   573      237.9466   164      237.8118      239.5334   213182    0.72%
    785   581      238.4505   196      237.8118      239.5186   215935    0.72%
    799   589      238.7830   194      237.8118      239.5167   219142    0.72%
    809   595      239.1787   192      237.8118      239.5118   222123    0.71%
    822   604      239.1711   204      237.8118      239.5095   225932    0.71%
    834   616      238.0496   161      237.8118      239.5095   229451    0.71%
    847   625      238.2210   179      237.8118      239.5054   232864    0.71%
    862   636      238.2266   164      237.8118      239.5013   236686    0.71%
Elapsed time = 71.76 sec. (67270.06 ticks, tree = 2.55 MB, solutions = 4)
    875   645      238.1110   172      237.8118      239.4998   240522    0.71%
    882   648      238.6109   180      237.8118      239.4894   242324    0.71%
    893   655      238.6167   179      237.8118      239.4821   245832    0.70%
    912   668      238.9467   192      237.8118      239.4768   249063    0.70%
    926   678      238.0815   204      237.8118      239.4749   252125    0.70%
    936   684      238.4316   206      237.8118      239.4657   255653    0.70%
    952   696      238.4920   182      237.8118      239.4571   258594    0.69%
    967   707      238.6534   168      237.8118      239.4420   261693    0.69%
    983   719      238.9156   178      237.8118      239.4349   264640    0.68%

Performing restart 1

Repeating presolve.
Tried aggregator 1 time.
MIP Presolve eliminated 12 rows and 6 columns.
MIP Presolve modified 134 coefficients.
Reduced MIP has 1305 rows, 1543 columns, and 6095 nonzeros.
Reduced MIP has 388 binaries, 355 generals, 0 SOSs, and 0 indicators.
Presolve time = 0.00 sec. (2.09 ticks)
Tried aggregator 1 time.
Reduced MIP has 1305 rows, 1543 columns, and 6095 nonzeros.
Reduced MIP has 388 binaries, 355 generals, 0 SOSs, and 0 indicators.
Presolve time = 0.00 sec. (1.89 ticks)
Represolve time = 0.04 sec. (20.19 ticks)
    990     0      240.0562   266      237.8118      Cuts: 87   271119    0.68%
    990     0      240.0059   236      237.8118      Cuts: 24   271216    0.68%
    990     0      239.9819   228      237.8118      Cuts: 43   271293    0.68%
    990     0      239.9707   244      237.8118      Cuts: 32   271368    0.68%
    990     0      239.9669   238      237.8118      Cuts: 40   271420    0.68%
    990     0      239.9651   238      237.8118      Cuts: 13   271444    0.68%
    990     0      239.9627   236      237.8118      Cuts: 13   271467    0.68%
    990     0      239.9554   242      237.8118      Cuts: 24   271519    0.68%
    990     0      239.9533   248      237.8118 UserPurge2: 19   271549    0.68%
    990     0      239.9530   244      237.8118 UserPurge2: 7   271568    0.68%
    990     0      239.9526   246      237.8118 UserPurge2: 8   271575    0.68%
    990     0      239.9521   244      237.8118 UserPurge2: 3   271581    0.68%
    990     0      239.9520   248      237.8118 UserPurge2: 11   271588    0.68%
    990     2      239.9520   248      237.8118      239.4349   271588    0.68%
Elapsed time = 84.24 sec. (79377.47 ticks, tree = 0.01 MB, solutions = 4)
    992     4      239.9240   220      237.8118      239.4349   271717    0.68%
    994     6      239.8848   194      237.8118      239.4349   271874    0.68%
    998    10      239.7943   188      237.8118      239.4349   272195    0.68%
   1004    16      238.7361   178      237.8118      239.4349   274469    0.68%
   1029    36      239.6725   218      237.8118      239.4349   277917    0.68%
   1051    55      237.8529   146      237.8118      239.4349   281862    0.68%
   1075    74      237.8745   142      237.8118      239.4349   285328    0.68%
   1101    93      237.8783   120      237.8118      239.4349   289601    0.68%
   1126   110      239.2213   220      237.8118      239.4349   294403    0.68%
   1151   131        cutoff            237.8118      239.4349   299023    0.68%
Elapsed time = 93.62 sec. (90031.24 ticks, tree = 0.52 MB, solutions = 4)
   1170   148      238.1866   136      237.8118      239.4349   303883    0.68%
   1192   166      238.1838   175      237.8118      239.4349   308602    0.68%
   1210   180      238.7070   206      237.8118      239.4349   312531    0.68%
   1232   198      238.3779   208      237.8118      239.4349   316935    0.68%
   1254   215      238.2058   196      237.8118      239.4349   322149    0.68%
   1275   227      238.8597   214      237.8118      239.4349   327478    0.68%
   1297   246      237.9285   188      237.8118      239.4349   331885    0.68%
   1319   260      239.3542   228      237.8118      239.4349   337160    0.68%
   1338   275      239.0871   214      237.8118      239.4349   342251    0.68%
   1393   320      238.1233   138      237.8118      239.4349   358538    0.68%
Elapsed time = 105.20 sec. (103114.76 ticks, tree = 1.30 MB, solutions = 4)
   1474   380      239.1631   234      237.8118      239.4349   376221    0.68%
   1537   430      238.0148   140      237.8118      239.4349   393990    0.68%
   1608   477      239.2917   214      237.8118      239.4349   410557    0.68%
   1675   522        cutoff            237.8118      239.4331   426803    0.68%
   1762   583      238.8310   204      237.8118      239.3659   439710    0.65%
   1843   639      238.0446   174      237.8118      239.3081   453183    0.63%
   1929   700      238.1890   191      237.8118      239.2821   465057    0.62%
   2032   768      238.2245   156      237.8118      239.2582   478680    0.61%
   2126   832      237.9835   186      237.8118      239.2360   491880    0.60%
   2235   904      238.7209   188      237.8118      239.1989   505290    0.58%
Elapsed time = 148.12 sec. (141642.57 ticks, tree = 10.56 MB, solutions = 4)
   2323   960      238.0479   145      237.8118      239.1604   518268    0.57%
   2423  1022      238.2597   176      237.8118      239.1278   531710    0.55%
   2512  1075      238.7829   218      237.8118      239.1041   544857    0.54%
   2627  1152      238.7911   198      237.8118      239.0764   558936    0.53%
   2710  1205      237.9514   190      237.8118      239.0545   572272    0.52%
   2803  1270      237.9430   150      237.8118      239.0282   585055    0.51%
   2889  1322      238.2433   188      237.8118      239.0095   598106    0.50%
   2971  1376      238.0975   214      237.8118      238.9929   611440    0.50%
   3078  1446      238.6023   212      237.8118      238.9588   625243    0.48%
   3188  1520      238.6532   226      237.8118      238.9374   639286    0.47%
Elapsed time = 186.92 sec. (180156.32 ticks, tree = 23.43 MB, solutions = 4)
   3290  1588      238.1425   206      237.8118      238.9152   652916    0.46%
   3395  1651      238.3587   192      237.8118      238.9018   666749    0.46%
   3503  1717      238.7018   222      237.8118      238.8763   681014    0.45%
   3609  1788      238.5289   216      237.8118      238.8607   694323    0.44%
   3702  1853      238.6748   206      237.8118      238.8532   707239    0.44%
   3802  1918      237.8401   176      237.8118      238.8433   720564    0.43%
   3909  1986      237.9770   186      237.8118      238.8173   734106    0.42%
   4019  2060      238.0926   158      237.8118      238.7989   747593    0.42%
   4123  2126      238.1044   198      237.8118      238.7899   761021    0.41%
   4246  2202      237.9719   202      237.8118      238.7754   774031    0.41%
Elapsed time = 225.60 sec. (218498.21 ticks, tree = 36.80 MB, solutions = 4)
   4356  2265      238.2772   216      237.8118      238.7576   787466    0.40%
   4455  2336      237.8747   114      237.8118      238.7510   800779    0.39%
   4572  2408      237.8358   203      237.8118      238.7413   814475    0.39%
*  4645  2265      integral     0      237.8794      238.7337   822634    0.36%
   4683  2285      238.3141   198      237.8794      238.7278   828048    0.36%
   4776  2340      238.0386   150      237.8794      238.7140   841712    0.35%
   4885  2395      238.4177   196      237.8794      238.7015   855163    0.35%
   4989  2453      238.1089   188      237.8794      238.6916   868864    0.34%
   5092  2508      238.1239   198      237.8794      238.6864   881825    0.34%
   5213  2578      238.4494   184      237.8794      238.6780   895590    0.34%
   5331  2642      238.4801   192      237.8794      238.6685   909016    0.33%
Elapsed time = 264.31 sec. (257084.04 ticks, tree = 44.74 MB, solutions = 5)
   5460  2726      238.1188   196      237.8794      238.6597   923454    0.33%
   5579  2785      237.9278   206      237.8794      238.6512   936664    0.32%
   5698  2854      238.1548   184      237.8794      238.6349   950192    0.32%
   5808  2915      238.1450   134      237.8794      238.6266   963803    0.31%
*  5897  2860      integral     0      237.9007      238.6193   974135    0.30%
   5920  2871      237.9556   210      237.9007      238.6164   977381    0.30%
   6031  2928      238.1136   200      237.9007      238.6054   991223    0.30%
   6148  2990      238.3241   198      237.9007      238.5946  1004484    0.29%
   6258  3046      238.0900   192      237.9007      238.5838  1018152    0.29%
   6384  3118      238.2402   196      237.9007      238.5765  1031588    0.28%
   6493  3173      238.0829   178      237.9007      238.5695  1044735    0.28%
Elapsed time = 303.40 sec. (295686.28 ticks, tree = 56.07 MB, solutions = 6)
   6611  3229        cutoff            237.9007      238.5576  1057583    0.28%
   6739  3292      238.2552   182      237.9007      238.5503  1070970    0.27%
   6864  3343      238.2589   194      237.9007      238.5388  1084801    0.27%
   6981  3398      238.2065   202      237.9007      238.5329  1098823    0.27%
   7096  3455      238.2930   188      237.9007      238.5201  1112521    0.26%
   7215  3513      238.2758   189      237.9007      238.5105  1126350    0.26%
   7326  3564      238.0621   162      237.9007      238.5029  1140323    0.25%
   7466  3634      238.0135   156      237.9007      238.4965  1153334    0.25%
   7586  3687      238.1028   192      237.9007      238.4918  1166993    0.25%
   7736  3772      238.1475   182      237.9007      238.4886  1181045    0.25%
Elapsed time = 342.45 sec. (334250.96 ticks, tree = 68.04 MB, solutions = 6)
   7861  3829      237.9104   182      237.9007      238.4803  1194959    0.24%
   8000  3893      238.2569   187      237.9007      238.4745  1209172    0.24%
   8126  3957      238.2228   188      237.9007      238.4706  1223185    0.24%
   8304  4065      238.0794   136      237.9007      238.4673  1236584    0.24%
*  8310+ 3555                          237.9639      238.4673             0.21%
   8421  3593      238.1660   179      237.9639      238.4614  1249615    0.21%
   8544  3643      238.0573   148      237.9639      238.4553  1262322    0.21%
   8665  3687      238.0736   165      237.9639      238.4503  1275315    0.20%
   8774  3720      237.9728   180      237.9639      238.4452  1287770    0.20%
   8899  3760      238.0580   144      237.9639      238.4383  1301604    0.20%
   9015  3801      238.3119   178      237.9639      238.4325  1314458    0.20%
Elapsed time = 381.25 sec. (372650.06 ticks, tree = 67.29 MB, solutions = 7)
   9110  3831      238.3566   187      237.9639      238.4288  1325268    0.20%
   9257  3880      238.3163   188      237.9639      238.4235  1339059    0.19%
   9380  3927      238.1636   183      237.9639      238.4188  1351965    0.19%
   9508  3970      238.1463   184      237.9639      238.4130  1365705    0.19%
   9640  4017      238.0664   190      237.9639      238.4058  1379227    0.19%
   9779  4074      238.0689   222      237.9639      238.4006  1392778    0.18%
   9937  4145      238.0558   164      237.9639      238.3957  1406070    0.18%
  10080  4209      238.2188   166      237.9639      238.3907  1419121    0.18%
  10210  4265      237.9852   188      237.9639      238.3869  1432528    0.18%
  10355  4313      238.1632   178      237.9639      238.3821  1445984    0.18%
Elapsed time = 421.32 sec. (411255.24 ticks, tree = 76.84 MB, solutions = 7)
  10482  4333      238.0550   174      237.9639      238.3743  1459872    0.17%
  10629  4386        cutoff            237.9639      238.3699  1473716    0.17%
  10762  4425      238.0667   184      237.9639      238.3645  1487833    0.17%
  10887  4448      237.9931   170      237.9639      238.3579  1501256    0.17%
  10892  4447        cutoff            237.9639      238.3572  1501907    0.17%
  11022  4475      238.0695   192      237.9639      238.3504  1515592    0.16%
  11170  4520      238.1335   166      237.9639      238.3473  1529891    0.16%
  11316  4563      238.1411   167      237.9639      238.3442  1543717    0.16%
  11459  4602      238.1347   174      237.9639      238.3392  1557480    0.16%
  11599  4644      238.1866   196      237.9639      238.3358  1570539    0.16%
Elapsed time = 464.10 sec. (452261.35 ticks, tree = 81.78 MB, solutions = 7)
  11742  4685      238.0952   174      237.9639      238.3321  1584163    0.15%
* 11890+ 4533                          237.9813      238.3291             0.15%
  11898  4542      237.9917    31      237.9813      238.3291  1598126    0.15%
  12024  4588      238.1314   178      237.9813      238.3260  1610564    0.14%
  12130  4611      238.0912   164      237.9813      238.3234  1622929    0.14%
  12265  4639      238.0388   171      237.9813      238.3207  1635290    0.14%
  12389  4667      238.1584   174      237.9813      238.3176  1647559    0.14%
  12533  4701      238.0774   202      237.9813      238.3140  1661707    0.14%
  12672  4728      238.0577   175      237.9813      238.3106  1675318    0.14%
  12820  4750      238.0387   184      237.9813      238.3059  1687715    0.14%
  12954  4773      237.9890   180      237.9813      238.3016  1701273    0.13%
Elapsed time = 502.48 sec. (490818.22 ticks, tree = 83.02 MB, solutions = 8)
  13086  4795        cutoff            237.9813      238.2980  1713998    0.13%
  13239  4831      238.0837   147      237.9813      238.2936  1727438    0.13%
  13364  4840      238.1960   192      237.9813      238.2888  1740723    0.13%
  13524  4876        cutoff            237.9813      238.2848  1754847    0.13%
  13687  4911      238.0422   186      237.9813      238.2807  1768373    0.13%
  13819  4919        cutoff            237.9813      238.2767  1781434    0.12%
  13962  4942      237.9971   152      237.9813      238.2729  1794525    0.12%
  14101  4951      238.1741   199      237.9813      238.2692  1807672    0.12%
  14250  4976      238.0283   168      237.9813      238.2664  1820828    0.12%
  14391  4989      238.1633   180      237.9813      238.2624  1834095    0.12%
Elapsed time = 540.58 sec. (529296.39 ticks, tree = 84.17 MB, solutions = 8)
  14542  5012      238.0001   146      237.9813      238.2594  1847641    0.12%
  14700  5041      238.1032   180      237.9813      238.2565  1861468    0.12%
  14856  5066        cutoff            237.9813      238.2537  1873794    0.11%
  15016  5101      237.9834   120      237.9813      238.2518  1887548    0.11%
  15160  5119      238.0360   169      237.9813      238.2495  1901421    0.11%
  15313  5160      237.9834   168      237.9813      238.2465  1914469    0.11%
  15464  5186      238.0349   196      237.9813      238.2445  1927521    0.11%
  15616  5219      238.0353   180      237.9813      238.2420  1940416    0.11%
  15766  5248      237.9868   163      237.9813      238.2383  1953121    0.11%
  15913  5262      238.0977   196      237.9813      238.2351  1966344    0.11%
Elapsed time = 578.60 sec. (567642.20 ticks, tree = 87.91 MB, solutions = 8)
  16067  5299        cutoff            237.9813      238.2324  1979605    0.11%
  16223  5324      237.9907   190      237.9813      238.2292  1992809    0.10%
  16379  5363      238.0267   154      237.9813      238.2270  2006794    0.10%
  16532  5377      238.0980   184      237.9813      238.2245  2020771    0.10%
  16680  5391      237.9979   148      237.9813      238.2224  2033975    0.10%
  16845  5410      238.1131   179      237.9813      238.2189  2048067    0.10%
  16997  5425        cutoff            237.9813      238.2168  2060693    0.10%
  17154  5431        cutoff            237.9813      238.2140  2074416    0.10%
  17298  5432      238.1290   164      237.9813      238.2102  2087199    0.10%
  17453  5451      238.0626   157      237.9813      238.2076  2100287    0.10%
Elapsed time = 616.79 sec. (605987.11 ticks, tree = 89.01 MB, solutions = 8)
  17590  5451      238.1372   178      237.9813      238.2053  2112716    0.09%
  17748  5490      238.0683   172      237.9813      238.2038  2126732    0.09%
  17905  5491      237.9911   168      237.9813      238.2008  2140028    0.09%
  18060  5500      238.0531   146      237.9813      238.1979  2153566    0.09%
  18193  5500      238.0990   182      237.9813      238.1952  2166756    0.09%
  18356  5503      238.0728   156      237.9813      238.1922  2179881    0.09%
  18511  5506      238.0501   178      237.9813      238.1897  2193952    0.09%
  18661  5501      238.0894   176      237.9813      238.1877  2207039    0.09%
  18821  5510        cutoff            237.9813      238.1844  2220575    0.09%
  18965  5501      237.9821   172      237.9813      238.1818  2234449    0.08%
Elapsed time = 654.86 sec. (644368.90 ticks, tree = 87.58 MB, solutions = 8)
  19118  5485      238.1206   127      237.9813      238.1793  2248171    0.08%
  19277  5470      238.0518   164      237.9813      238.1767  2261739    0.08%
  19444  5478      238.0751   172      237.9813      238.1742  2276129    0.08%
  19615  5483      238.0340   139      237.9813      238.1720  2289219    0.08%
  19765  5484        cutoff            237.9813      238.1690  2302796    0.08%
  19946  5509      237.9962   170      237.9813      238.1670  2317208    0.08%
  20099  5500      237.9993   158      237.9813      238.1651  2331423    0.08%
  20257  5490        cutoff            237.9813      238.1624  2343859    0.08%
  20411  5484      237.9816    94      237.9813      238.1606  2357337    0.08%
  20566  5478        cutoff            237.9813      238.1586  2370714    0.07%
Elapsed time = 693.06 sec. (682766.62 ticks, tree = 83.45 MB, solutions = 8)
* 20706  5087      integral     0      237.9991      238.1572  2380956    0.07%
  20740  5089      238.0482   190      237.9991      238.1566  2383926    0.07%
  20884  5057      238.0017   178      237.9991      238.1538  2395738    0.07%
  21056  5033      238.0895   164      237.9991      238.1505  2408781    0.06%
  21244  5006      238.0410   134      237.9991      238.1477  2423766    0.06%
  21409  4986      238.0264   173      237.9991      238.1457  2437926    0.06%
  21578  4967        cutoff            237.9991      238.1431  2451312    0.06%
  21753  4923        cutoff            237.9991      238.1402  2464019    0.06%
* 21760+ 3369                          238.0465      238.1401             0.04%
  21963  3270        cutoff            238.0465      238.1358  2477100    0.04%
  22169  3143        cutoff            238.0465      238.1311  2491551    0.04%
  22384  2991        cutoff            238.0465      238.1259  2505823    0.03%
Elapsed time = 731.14 sec. (721132.91 ticks, tree = 43.58 MB, solutions = 10)
  22630  2841        cutoff            238.0465      238.1209  2520603    0.03%
  22894  2698        cutoff            238.0465      238.1157  2535124    0.03%
  23170  2521      238.0633   165      238.0465      238.1100  2549605    0.03%
  23451  2332        cutoff            238.0465      238.1044  2563901    0.02%
  23767  2102        cutoff            238.0465      238.0982  2577939    0.02%
  24116  1840        cutoff            238.0465      238.0908  2591651    0.02%
  24505  1536        cutoff            238.0465      238.0833  2604881    0.02%
  25002  1099        cutoff            238.0465      238.0732  2616611    0.01%
  25603   553        cutoff            238.0465      238.0596  2626640    0.01%

Flow cuts applied:  20
Mixed integer rounding cuts applied:  71
Lift and project cuts applied:  1
Gomory fractional cuts applied:  3
User cuts applied:  2542

Root node processing (before b&c):
  Real time             =    1.86 sec. (1394.49 ticks)
Sequential b&c:
  Real time             =  766.46 sec. (756822.22 ticks)
                          ------------
Total (root+branch&cut) =  768.32 sec. (758216.71 ticks)
|V|                                     400
K                                       40
theta                                   0.20
r                                       5
R                                       20
prob_func                               linear
#C1                                     738
#CP                                     4070

@Parameters: 
am_callback_heuristic                   false
am_local_search                         true
am_start_heuristic                      false
colocation                              true
comp                                    false
cutC                                    true
cutC_init                               false
cutF                                    true
cutF_init                               false
cutF_stable                             false
cutF_wrong                              false
cutLocal                                false
cutM                                    true
cutM_init                               true
cutM_stable                             false
cutP                                    true
cutP_init                               false
cutP_stable                             false
init                                    true
init_cutF_zero                          false
init_val_greedy                         true
is_Euclidean                            false
is_local_search                         true
is_right_cutP                           true
is_root                                 false
is_silent                               false
is_start                                false
mycut                                   false
pmed                                    false
pre                                     true
stable_root                             false
str                                     true
two_phase                               false
ubstr                                   false
mode                                    Int

am_callback_node_space                  50
init                                    0
mixture_seed                            1
node_space                              5
nodelimit                               -1
nsepa                                   1
strF                                    0
type_delta                              0

EPS                                     0.001000
EPS_FRAC                                0.00
gap                                     0.00
mixture_high_max                        0.99
mixture_high_min                        0.90
mixture_low_max                         0.01
mixture_low_min                         0.00
mixture_low_share                       0.80
timelimit                               3600.00

Number of Closed Sites: 12 / 480 
Number of Confined Sites-1: 27 / 1053 
Number of Confined Sites-k: 361 / 4881 
Preprocess Time: 1.09 + 0.00 sec

Solve Time: 768.32
Number of Nodes: 26173
Termination Status: OPTIMAL

CutInfo: [phase] num / time (sec) / aver. num_nonzero
max              [LP]     0 / 0.00 / 0.00 [init]   297 / 0.01 / 3.00 [rLC]   218 / 0.01 / 7.28 [rUC]   789 / 0.06 / 6.72 [sLC]     0 / 0.05 / 0.00 [sUC]   818 / 1.49 / 6.81 
prod_oa          [LP]     0 / 0.00 / 0.00 [init]   297 / 0.00 / 9.68 [rLC]   407 / 0.01 / 14.65 [rUC]   166 / 0.06 / 13.72 [sLC]    51 / 0.03 / 20.47 [sUC]   485 / 1.63 / 16.47 
prod_sm_fixed    [LP]     0 / 0.00 / 0.00 [init]     0 / 0.00 / 0.00 [rLC]     0 / 0.00 / 0.00 [rUC]     0 / 0.00 / 0.00 [sLC]     0 / 0.00 / 0.00 [sUC]     0 / 0.00 / 0.00 
prod_bin         [LP]     0 / 0.00 / 0.00 [init]     0 / 0.00 / 0.00 [rLC]     0 / 0.00 / 0.00 [rUC]     0 / 0.00 / 0.00 [sLC]     0 / 0.00 / 0.00 [sUC]     0 / 0.00 / 0.00 
prod_local       [LP]     0 / 0.00 / 0.00 [init]     0 / 0.00 / 0.00 [rLC]     0 / 0.00 / 0.00 [rUC]     0 / 0.00 / 0.00 [sLC]     0 / 0.00 / 0.00 [sUC]     0 / 0.00 / 0.00 
prod_sm_C        [LP]     0 / 0.00 / 0.00 [init]     0 / 0.01 / 0.00 [rLC]     0 / 0.02 / 0.00 [rUC]  1147 / 0.20 / 27.48 [sLC]     0 / 0.10 / 0.00 [sUC]  3721 / 5.38 / 37.24 
facet            [LP]     0 / 0.00 / 0.00 [init]     0 / 0.00 / 0.00 [rLC]     0 / 0.00 / 0.00 [rUC]  1147 / 0.00 / 0.00 [sLC]     0 / 0.00 / 0.00 [sUC]  3721 / 0.00 / 0.00 
Separation Round:   [LP] 0  [init] 1  [rLC] 4  [rUC] 24  [sLC] 16  [sUC] 30807  
Root Best Bound 240.382108
Root Best Integer: 237.131892
Best Bound: 238.053046
Best Integer: 238.046548
1: 2, 26, 33, 35, 42, 50, 52, 63, 72, 86, 104, 114, 138, 141, 142, 143, 159, 168, 174, 183, 191, 203, 210, 215, 221, 228, 231, 250, 262, 276, 279, 290, 298, 321, 325, 343, 357, 358, 359, 388
Objective Value (calc): 238.045550
sum_etaM = 226.333333 / 226.333333
sum_etaP = 240.974852 / 240.973604
nL: 40
nCL: 0
mCL: 1
