Version identifier: 20.1.0.0 | 2020-11-10 | 9bedb6d68
CPXPARAM_Threads                                 1
CPXPARAM_TimeLimit                               3600
CPXPARAM_MIP_Tolerances_MIPGap                   0
Generic callback                                 0x60
1 of 1 MIP starts provided solutions.
MIP start 'm1' defined initial solution with objective 669.1170.
Tried aggregator 1 time.
MIP Presolve eliminated 12 rows and 12 columns.
MIP Presolve modified 267 coefficients.
Reduced MIP has 1666 rows, 2788 columns, and 11155 nonzeros.
Reduced MIP has 694 binaries, 694 generals, 0 SOSs, and 0 indicators.
Presolve time = 0.00 sec. (2.87 ticks)
Probing time = 0.00 sec. (0.61 ticks)
Tried aggregator 1 time.
Reduced MIP has 1666 rows, 2788 columns, and 11155 nonzeros.
Reduced MIP has 694 binaries, 694 generals, 0 SOSs, and 0 indicators.
Presolve time = 0.00 sec. (2.73 ticks)
Probing time = 0.00 sec. (0.61 ticks)
MIP emphasis: balance optimality and feasibility.
MIP search method: dynamic search.
Parallel mode: none, using 1 thread.
Root relaxation solution time = 0.02 sec. (18.75 ticks)

        Nodes                                         Cuts/
   Node  Left     Objective  IInf  Best Integer    Best Bound    ItCnt     Gap

*     0+    0                          669.1170      700.0000             4.62%
      0     0      696.9711    90      669.1170      696.9711      819    4.16%
      0     0      677.8595   354      669.1170     Cuts: 516     1778    1.31%
      0     0      675.0986   338      669.1170     Cuts: 376     2522    0.89%
      0     0      674.4113   392      669.1170     Cuts: 232     2984    0.79%
*     0+    0                          669.1192      674.4113             0.79%
      0     0        cutoff            669.1192      674.4113     2984    0.79%
      0     0      674.1249   326      669.1192     Cuts: 124     3276    0.75%
      0     0      674.0688   342      669.1192      Cuts: 49     3360    0.74%
      0     0      674.0389   348      669.1192      Cuts: 30     3443    0.74%
      0     0      674.0321   358      669.1192 UserPurge2: 16     3482    0.73%
      0     0      674.0280   360      669.1192 UserPurge2: 16     3532    0.73%
      0     0      674.0273   368      669.1192 UserPurge2: 6     3558    0.73%
      0     0      674.0272   362      669.1192 UserPurge2: 1     3566    0.73%
      0     0      674.0271   366      669.1192 UserPurge2: 1     3575    0.73%
      0     0      674.0271   370      669.1192 UserPurge2: 1     3582    0.73%
      0     0      674.0270   370      669.1192 UserPurge2: 1     3585    0.73%
      0     0      674.0259   372      669.1192 UserPurge2: 2     3613    0.73%
      0     0      674.0257   376      669.1192 UserPurge2: 2     3625    0.73%
      0     0      674.0256   376      669.1192 UserPurge2: 3     3630    0.73%
      0     0      674.0253   374      669.1192 UserPurge2: 1     3638    0.73%
*     0+    0                          670.2600      674.0253             0.56%
      0     2      674.0183   390      670.2600      674.0183     3638    0.56%
Elapsed time = 4.83 sec. (2111.84 ticks, tree = 0.01 MB, solutions = 3)
      6     8      673.8805   382      670.2600      673.9897     5005    0.56%
     10    12      673.6784   362      670.2600      673.9897     6182    0.56%
     15    17      673.3513   378      670.2600      673.9897     7391    0.56%
     20    22      673.1538   358      670.2600      673.9897     9167    0.56%
     25    27      672.6009   344      670.2600      673.9897    10837    0.56%
*    30+   30                          670.3398      673.9897             0.54%
     30    32      672.5439   344      670.3398      673.9897    11910    0.54%
     35    37      672.2943   320      670.3398      673.9897    13374    0.54%
*    40+   40                          670.6026      673.9897             0.51%
     40    42      671.9885   284      670.6026      673.9897    14762    0.51%
     44    46      671.9199   278      670.6026      673.9897    15633    0.51%
     62    64      671.4126   240      670.6026      673.9897    19168    0.51%
Elapsed time = 17.86 sec. (7101.13 ticks, tree = 0.59 MB, solutions = 5)
*    70+   68                          671.2373      673.9897             0.41%
     80    72      673.8605   396      671.2373      673.9895    22049    0.41%
     90    82      673.5966   394      671.2373      673.9895    24596    0.41%
    100    92      673.2924   344      671.2373      673.9895    28181    0.41%
    110   102      672.8715   318      671.2373      673.9895    31120    0.41%
*   120+   62                          672.6796      673.9895             0.19%
    123    64      672.6808   230      672.6796      673.9895    34086    0.19%
    139    73      673.5328   378      672.6796      673.9798    37293    0.19%
    146    80      673.0937   410      672.6796      673.9798    40152    0.19%
    160    90      673.8255   390      672.6796      673.9787    43849    0.19%
    169    99      673.1274   364      672.6796      673.9787    47322    0.19%
    175   105      672.8271   358      672.6796      673.9787    49650    0.19%
Elapsed time = 41.01 sec. (19257.54 ticks, tree = 1.49 MB, solutions = 7)
    190   116      673.3235   390      672.6796      673.9064    52479    0.18%
    200   126      672.8296   398      672.6796      673.9064    55527    0.18%
    210   132      673.5955   386      672.6796      673.8933    59162    0.18%
    217   139      673.3552   382      672.6796      673.8933    61643    0.18%
    224   146      673.0635   358      672.6796      673.8933    63394    0.18%
    232   150      673.7806   408      672.6796      673.8756    66021    0.18%
*   240+  134                          672.8395      673.8756             0.15%
    240   136      673.2797   398      672.8395      673.8756    68664    0.15%
    255   147        cutoff            672.8395      673.8756    71015    0.15%
    264   154      673.2777   396      672.8395      673.8660    73739    0.15%
    270   160      672.9570   390      672.8395      673.8660    75625    0.15%
Elapsed time = 57.98 sec. (30058.91 ticks, tree = 2.03 MB, solutions = 8)
    280   166      673.4972   402      672.8395      673.8656    78105    0.15%
    290   176      673.0769   374      672.8395      673.8656    80567    0.15%
    300   182      673.6298   394      672.8395      673.8403    82127    0.15%
    313   195      672.9840   374      672.8395      673.8403    84016    0.15%
    327   205      673.2321   354      672.8395      673.8327    86633    0.15%
    338   212      673.6937   410      672.8395      673.8290    88697    0.15%
    350   224      673.0775   368      672.8395      673.8290    90729    0.15%
    364   234      673.3281   360      672.8395      673.8253    92832    0.15%
    380   244      673.7178   370      672.8395      673.8239    95399    0.15%
    395   259      672.9677   380      672.8395      673.8239    98083    0.15%
Elapsed time = 73.27 sec. (40708.18 ticks, tree = 3.23 MB, solutions = 8)
    408   268      673.3043   398      672.8395      673.8067   100941    0.14%
    423   279      673.5223   388      672.8395      673.8014   103320    0.14%
    432   288      673.2711   362      672.8395      673.8014   105577    0.14%
    444   298        cutoff            672.8395      673.8014   108189    0.14%
    460   308      673.2779   374      672.8395      673.8013   110070    0.14%
    475   319      673.3792   392      672.8395      673.7886   112805    0.14%
    488   329      673.6616   394      672.8395      673.7808   114760    0.14%
    500   341      672.9340   376      672.8395      673.7808   116832    0.14%
    517   352      673.0003   366      672.8395      673.7794   119277    0.14%
    525   356      673.4532   378      672.8395      673.7634   121144    0.14%
Elapsed time = 86.76 sec. (50682.17 ticks, tree = 4.86 MB, solutions = 8)
    533   364      673.2110   376      672.8395      673.7634   123947    0.14%
    549   376      673.3480   398      672.8395      673.7530   125965    0.14%
    563   390      672.8428   348      672.8395      673.7530   127972    0.14%
    583   406      672.8857   362      672.8395      673.7426   130621    0.13%
    600   419      672.9346   372      672.8395      673.7413   133188    0.13%
    620   435      673.0500   380      672.8395      673.7412   135842    0.13%
    633   444      673.5111   378      672.8395      673.7329   138132    0.13%
    645   456      673.0488   308      672.8395      673.7329   140650    0.13%
    663   466      673.3335   364      672.8395      673.7301   143079    0.13%
    684   483      673.2412   354      672.8395      673.7171   145485    0.13%
Elapsed time = 99.23 sec. (60754.56 ticks, tree = 6.42 MB, solutions = 8)
    700   495      673.3039   396      672.8395      673.7139   148013    0.13%
    715   506      673.4231   366      672.8395      673.7105   150645    0.13%
    725   516      672.9392   394      672.8395      673.7105   152241    0.13%
    740   527      673.2305   326      672.8395      673.7104   154738    0.13%
    759   540      673.5363   378      672.8395      673.7083   157234    0.13%
    775   556      672.9926   330      672.8395      673.7083   159889    0.13%
*   780+  492                          672.9609      673.7083             0.11%
    808   512      673.2513   348      672.9609      673.7079   162108    0.11%
    820   520      673.3595   398      672.9609      673.7077   163709    0.11%
    837   531      673.3746   396      672.9609      673.6958   166058    0.11%
    851   541        cutoff            672.9609      673.6958   167892    0.11%
Elapsed time = 112.72 sec. (70710.55 ticks, tree = 8.59 MB, solutions = 9)
    860   550      673.0737   330      672.9609      673.6942   170017    0.11%
    876   558      673.2109   376      672.9609      673.6937   171814    0.11%
    890   566      673.3545   370      672.9609      673.6904   173724    0.11%
    903   575      673.4247   376      672.9609      673.6880   176247    0.11%
    917   585      673.6125   392      672.9609      673.6871   178275    0.11%
    932   596      673.5410   402      672.9609      673.6809   180178    0.11%
    944   608      673.1795   344      672.9609      673.6809   182237    0.11%
    960   620      672.9991   358      672.9609      673.6798   184384    0.11%
    970   626      673.1343   340      672.9609      673.6777   186538    0.11%
    983   635      673.3166   362      672.9609      673.6733   188349    0.11%
Elapsed time = 123.64 sec. (80842.00 ticks, tree = 11.28 MB, solutions = 9)
    999   647      673.2729   398      672.9609      673.6717   190987    0.11%
   1013   657      673.4563   392      672.9609      673.6671   192753    0.10%
   1020   664      673.1572   358      672.9609      673.6671   194916    0.10%

Performing restart 1

Repeating presolve.
Tried aggregator 1 time.
MIP Presolve modified 227 coefficients.
Reduced MIP has 1666 rows, 2788 columns, and 11155 nonzeros.
Reduced MIP has 694 binaries, 694 generals, 0 SOSs, and 0 indicators.
Presolve time = 0.00 sec. (2.85 ticks)
Tried aggregator 1 time.
Reduced MIP has 1666 rows, 2788 columns, and 11155 nonzeros.
Reduced MIP has 694 binaries, 694 generals, 0 SOSs, and 0 indicators.
Presolve time = 0.00 sec. (2.81 ticks)
Represolve time = 0.04 sec. (30.18 ticks)
   1026     0      673.9264   392      672.9609   MIRcuts: 10   200081    0.10%
   1026     0      673.9247   372      672.9609       Cuts: 8   200114    0.10%
   1026     0      673.9241   368      672.9609    MIRcuts: 3   200127    0.10%
   1026     0      673.9240   374      672.9609    MIRcuts: 3   200138    0.10%
   1026     0      673.9229   360      672.9609    MIRcuts: 3   200161    0.10%
   1026     0      673.9227   356      672.9609    MIRcuts: 2   200166    0.10%
*  1026+    0                          672.9618      673.6671             0.10%
   1026     0        cutoff            672.9618      673.6671   200166    0.10%
   1026     2      673.9227   356      672.9618      673.6671   200166    0.10%
   1027     3      673.8966   336      672.9618      673.6671   200348    0.10%
   1028     4      673.8466   316      672.9618      673.6671   200601    0.10%
   1030     6      673.7798   304      672.9618      673.6671   200767    0.10%
   1032     8      673.7986   322      672.9618      673.6671   200964    0.10%
   1035    11      673.7340   310      672.9618      673.6671   201268    0.10%
   1040    16      673.6139   260      672.9618      673.6671   201933    0.10%
Elapsed time = 141.00 sec. (99833.50 ticks, tree = 0.09 MB, solutions = 10)
   1057    32      673.2073   250      672.9618      673.6671   203469    0.10%
   1099    50      673.8318   346      672.9618      673.6671   204673    0.10%
   1116    67      673.5449   302      672.9618      673.6671   207117    0.10%
   1139    88      673.0205   240      672.9618      673.6671   209948    0.10%
   1173   112      673.0582   262      672.9618      673.6671   213237    0.10%
   1226   153      673.7828   330      672.9618      673.6671   215828    0.10%
   1276   195      673.5801   278      672.9618      673.6671   218276    0.10%
   1345   256      673.3393   276      672.9618      673.6671   221393    0.10%
   1407   307      673.5525   294      672.9618      673.6671   224460    0.10%
   1649   503      673.4511   286      672.9618      673.6671   234883    0.10%
Elapsed time = 156.81 sec. (113629.31 ticks, tree = 5.62 MB, solutions = 10)
*  1986+  767                          672.9630      673.6671             0.10%
   1986   769      673.2145   220      672.9630      673.6671   246645    0.10%
*  1996+  721                          672.9977      673.6671             0.10%
*  2016+  730                          673.0036      673.6671             0.10%
   2288   930      673.5453   324      673.0036      673.6671   255998    0.10%
   2547  1137      673.2470   256      673.0036      673.6671   269580    0.10%
   2810  1335      673.0751   324      673.0036      673.6671   283121    0.10%
   3066  1522      673.5591   328      673.0036      673.6671   294958    0.10%
   3356  1740      673.1327   328      673.0036      673.6671   308619    0.10%
   3699  1990      673.5433   328      673.0036      673.6671   322292    0.10%
   3860  2117      673.3192   318      673.0036      673.6671   332533    0.10%
   4167  2319      673.2985   326      673.0036      673.6671   346062    0.10%
   4481  2527      673.4871   338      673.0036      673.6617   360037    0.10%
Elapsed time = 207.38 sec. (152228.51 ticks, tree = 33.81 MB, solutions = 13)
   4769  2717      673.4190   310      673.0036      673.6579   373670    0.10%
   5083  2954      673.2824   284      673.0036      673.6496   387880    0.10%
*  5426+ 1937                          673.1639      673.6404             0.07%
   5443  1954      673.3084   226      673.1639      673.6404   401541    0.07%
   5633  2080      673.3051   320      673.1639      673.6350   413046    0.07%
   5820  2213      673.4219   338      673.1639      673.6221   427253    0.07%
   6071  2376      673.1695   276      673.1639      673.6144   439343    0.07%
   6357  2571      673.2248   262      673.1639      673.6068   453689    0.07%
   6592  2728      673.3376   296      673.1639      673.6001   467186    0.06%
   6769  2834      673.4190   330      673.1639      673.5926   480754    0.06%
   7030  3014      673.5102   332      673.1639      673.5850   493704    0.06%
Elapsed time = 254.47 sec. (190543.63 ticks, tree = 40.56 MB, solutions = 14)
   7262  3164      673.3818   330      673.1639      673.5782   507963    0.06%
   7490  3311      673.3655   318      673.1639      673.5713   522330    0.06%
   7666  3425      673.1987   294      673.1639      673.5641   535095    0.06%
   7871  3548      673.3977   338      673.1639      673.5569   548967    0.06%
   8065  3679      673.3599   304      673.1639      673.5505   564395    0.06%
   8290  3826      673.3346   324      673.1639      673.5478   578637    0.06%
   8529  3968      673.1976   312      673.1639      673.5438   593386    0.06%
   8756  4102      673.3742   314      673.1639      673.5396   607653    0.06%
   8992  4256      673.1718   294      673.1639      673.5356   622677    0.06%
   9293  4430      673.3445   320      673.1639      673.5307   636906    0.05%
Elapsed time = 299.51 sec. (228841.76 ticks, tree = 57.81 MB, solutions = 14)
   9513  4569      673.2450   312      673.1639      673.5258   649571    0.05%
   9749  4701      673.4534   346      673.1639      673.5214   663201    0.05%
   9945  4813      673.3789   338      673.1639      673.5175   677440    0.05%
  10200  4958      673.3829   318      673.1639      673.5134   691256    0.05%
  10375  5061      673.3418   336      673.1639      673.5095   704283    0.05%
  10616  5200      673.3201   306      673.1639      673.5057   718769    0.05%
  10841  5336      673.4107   358      673.1639      673.5027   733412    0.05%
  11078  5484        cutoff            673.1639      673.4994   748023    0.05%
  11286  5603      673.1642   280      673.1639      673.4961   761448    0.05%
  11288  5603      673.3911   350      673.1639      673.4960   761794    0.05%
Elapsed time = 345.65 sec. (268113.29 ticks, tree = 70.93 MB, solutions = 14)
  11464  5698      673.3704   334      673.1639      673.4932   775181    0.05%
  11695  5828      673.2345   330      673.1639      673.4906   789418    0.05%
  11883  5935      673.2992   270      673.1639      673.4861   801874    0.05%
  12106  6058      673.1865   308      673.1639      673.4827   815901    0.05%
  12289  6150      673.3572   312      673.1639      673.4786   830692    0.05%
  12559  6308      673.3579   326      673.1639      673.4760   844986    0.05%
  12722  6400      673.3358   324      673.1639      673.4741   854738    0.05%
  12922  6518      673.1770   318      673.1639      673.4716   869778    0.05%
  13219  6688      673.2339   144      673.1639      673.4686   884112    0.05%
  13516  6844      673.1810   140      673.1639      673.4657   897600    0.04%
Elapsed time = 390.12 sec. (306358.12 ticks, tree = 86.15 MB, solutions = 14)
  13738  6966      673.3431   310      673.1639      673.4632   910412    0.04%
  14066  7165        cutoff            673.1639      673.4612   924581    0.04%
  14252  7267      673.4257   292      673.1639      673.4590   936555    0.04%
  14532  7422        cutoff            673.1639      673.4576   949920    0.04%
  14760  7554      673.3546   314      673.1639      673.4552   962798    0.04%
  14955  7663      673.2519   330      673.1639      673.4528   977672    0.04%
  15152  7758      673.3616   342      673.1639      673.4503   992573    0.04%
  15327  7845        cutoff            673.1639      673.4488  1006878    0.04%
  15502  7934      673.4043   298      673.1639      673.4468  1018776    0.04%
  15703  8050      673.1922   312      673.1639      673.4438  1032125    0.04%
Elapsed time = 434.31 sec. (344639.00 ticks, tree = 103.32 MB, solutions = 14)
  15891  8144      673.2539   332      673.1639      673.4419  1045069    0.04%
  16084  8249      673.2210   320      673.1639      673.4401  1058537    0.04%
  16344  8406      673.2849   322      673.1639      673.4385  1072156    0.04%
  16628  8563      673.2421   304      673.1639      673.4360  1086033    0.04%
  16886  8705      673.1697   228      673.1639      673.4341  1100536    0.04%
  17156  8847      673.3055   338      673.1639      673.4314  1115145    0.04%
  17447  9015      673.2796   326      673.1639      673.4296  1129421    0.04%
  17672  9131      673.2451   254      673.1639      673.4275  1142807    0.04%
  17981  9311      673.2998   354      673.1639      673.4264  1155798    0.04%
  18221  9438      673.2233   332      673.1639      673.4242  1170408    0.04%
Elapsed time = 480.35 sec. (382923.31 ticks, tree = 117.23 MB, solutions = 14)
  18457  9557      673.2330   318      673.1639      673.4227  1185040    0.04%
  18643  9645      673.1872   318      673.1639      673.4214  1198921    0.04%
  18900  9781      673.3286   336      673.1639      673.4194  1213752    0.04%
  19087  9873      673.4002   364      673.1639      673.4181  1228483    0.04%
  19278  9962      673.2549   346      673.1639      673.4173  1243093    0.04%
  19508 10078      673.2440   280      673.1639      673.4161  1257633    0.04%
  19753 10198      673.3318   334      673.1639      673.4145  1272063    0.04%
  19960 10306      673.1927   296      673.1639      673.4125  1286187    0.04%
  20297 10467      673.2535   368      673.1639      673.4112  1300067    0.04%
  20494 10564      673.3705   340      673.1639      673.4094  1313591    0.04%
Elapsed time = 524.86 sec. (421403.38 ticks, tree = 132.44 MB, solutions = 14)
  20692 10656        cutoff            673.1639      673.4080  1328204    0.04%
  20926 10777      673.1778   288      673.1639      673.4063  1342870    0.04%
  21243 10960      673.2117   258      673.1639      673.4048  1355007    0.04%
  21496 11087      673.1956   310      673.1639      673.4036  1369038    0.04%
  21667 11164      673.2171   232      673.1639      673.4024  1380295    0.04%
  21845 11229      673.3255   334      673.1639      673.4012  1394496    0.04%
  22039 11313      673.3035   320      673.1639      673.4000  1409161    0.04%
  22282 11430      673.2642   316      673.1639      673.3987  1423835    0.03%
  22483 11525      673.2736   324      673.1639      673.3976  1437629    0.03%
  22663 11590      673.1979   304      673.1639      673.3964  1452097    0.03%
Elapsed time = 568.75 sec. (459768.93 ticks, tree = 142.55 MB, solutions = 14)
  22902 11696      673.3432   344      673.1639      673.3954  1466217    0.03%
  23195 11841      673.2707   332      673.1639      673.3940  1479965    0.03%
  23399 11950      673.2805   296      673.1639      673.3932  1493877    0.03%
  23627 12056      673.2178   186      673.1639      673.3922  1505022    0.03%
  23863 12169      673.2233   296      673.1639      673.3913  1518989    0.03%
  24140 12275      673.1749   316      673.1639      673.3906  1530800    0.03%
  24346 12370      673.2617   332      673.1639      673.3893  1545044    0.03%
  24543 12447      673.3366   358      673.1639      673.3877  1559778    0.03%
  24709 12517      673.3096   310      673.1639      673.3867  1573074    0.03%
  24928 12613        cutoff            673.1639      673.3857  1586953    0.03%
Elapsed time = 612.81 sec. (498078.07 ticks, tree = 156.05 MB, solutions = 14)
  25192 12732      673.2228   326      673.1639      673.3847  1601548    0.03%
  25532 12898      673.2343   302      673.1639      673.3841  1615447    0.03%
  25726 12987      673.2060   336      673.1639      673.3833  1629886    0.03%
  25973 13100      673.1665   334      673.1639      673.3827  1640857    0.03%
  26303 13244      673.2398   306      673.1639      673.3818  1654293    0.03%
  26517 13343      673.2100   338      673.1639      673.3808  1668799    0.03%
  26781 13474      673.1885   266      673.1639      673.3800  1683454    0.03%
  27025 13567      673.2184   310      673.1639      673.3790  1697795    0.03%
  27227 13639      673.3159   316      673.1639      673.3773  1712327    0.03%
  27530 13798      673.1935   314      673.1639      673.3761  1725758    0.03%
Elapsed time = 659.36 sec. (536397.06 ticks, tree = 169.70 MB, solutions = 14)
  27720 13871      673.2809   340      673.1639      673.3745  1739538    0.03%
  27981 13983      673.2589   312      673.1639      673.3734  1753508    0.03%
  28223 14085      673.2632   324      673.1639      673.3728  1767689    0.03%
  28450 14181      673.2404   310      673.1639      673.3715  1781601    0.03%
  28764 14320      673.1729   294      673.1639      673.3705  1794966    0.03%
  28993 14426      673.1709   348      673.1639      673.3695  1809309    0.03%
  29188 14480        cutoff            673.1639      673.3686  1822927    0.03%
  29421 14579      673.2330   326      673.1639      673.3678  1837497    0.03%
  29691 14694      673.2084   314      673.1639      673.3669  1851109    0.03%
  29997 14822      673.2547   314      673.1639      673.3660  1864553    0.03%
Elapsed time = 704.71 sec. (574707.04 ticks, tree = 186.19 MB, solutions = 14)
  30197 14898      673.1685   336      673.1639      673.3655  1878093    0.03%
  30426 14987      673.1903   274      673.1639      673.3641  1892500    0.03%
  30634 15074      673.2874   334      673.1639      673.3633  1903514    0.03%
  30825 15135        cutoff            673.1639      673.3625  1917526    0.03%
  31026 15205      673.2725   328      673.1639      673.3616  1931957    0.03%
  31321 15336        cutoff            673.1639      673.3605  1945447    0.03%
  31578 15436      673.1756   300      673.1639      673.3600  1959089    0.03%
  31783 15529      673.1708   340      673.1639      673.3594  1970849    0.03%
  32020 15617      673.2713   286      673.1639      673.3582  1984155    0.03%
  32304 15729      673.2406   310      673.1639      673.3574  1998283    0.03%
Elapsed time = 749.08 sec. (613223.77 ticks, tree = 197.41 MB, solutions = 14)
  32504 15806        cutoff            673.1639      673.3567  2010999    0.03%
  32675 15872        cutoff            673.1639      673.3558  2023607    0.03%
  32883 15961      673.2063   324      673.1639      673.3552  2035168    0.03%
  33048 16017        cutoff            673.1639      673.3546  2046668    0.03%
  33239 16087      673.2757   302      673.1639      673.3540  2059923    0.03%
  33488 16180      673.2694   308      673.1639      673.3532  2073686    0.03%
  33706 16248      673.2139   302      673.1639      673.3525  2087635    0.03%
  34011 16357      673.2264   328      673.1639      673.3519  2101502    0.03%
  34219 16422      673.1835   298      673.1639      673.3508  2115574    0.03%
  34482 16515      673.2317   270      673.1639      673.3499  2129154    0.03%
Elapsed time = 791.67 sec. (651560.21 ticks, tree = 208.34 MB, solutions = 14)
  34674 16588      673.2276   322      673.1639      673.3492  2140091    0.03%
  34866 16653      673.2512   322      673.1639      673.3484  2153843    0.03%
  35150 16760      673.2352   302      673.1639      673.3475  2167920    0.03%
  35383 16841        cutoff            673.1639      673.3470  2180526    0.03%
  35646 16926      673.2215   310      673.1639      673.3465  2193342    0.03%
  35838 16977      673.1972   272      673.1639      673.3457  2206704    0.03%
  36124 17064      673.1780   296      673.1639      673.3448  2220564    0.03%
* 36296+17104                          673.1641      673.3444             0.03%
* 36306+ 9014                          673.2273      673.3444             0.02%
  36430  9020      673.2891   318      673.2273      673.3433  2233038    0.02%
  36553  9019      673.2438   304      673.2273      673.3424  2242541    0.02%
  36662  9005      673.2287   316      673.2273      673.3414  2251005    0.02%
Elapsed time = 834.28 sec. (690079.88 ticks, tree = 111.79 MB, solutions = 16)
  36856  9010      673.2668   312      673.2273      673.3401  2262975    0.02%
  37025  8984        cutoff            673.2273      673.3387  2275920    0.02%
  37171  8971        cutoff            673.2273      673.3378  2284736    0.02%
  37300  8960        cutoff            673.2273      673.3368  2293266    0.02%
  37422  8936        cutoff            673.2273      673.3354  2302686    0.02%
  37543  8914        cutoff            673.2273      673.3343  2311821    0.02%
  37659  8901        cutoff            673.2273      673.3331  2320454    0.02%
  37793  8898      673.2454   306      673.2273      673.3323  2328369    0.02%
  37919  8868      673.2502   344      673.2273      673.3313  2337207    0.02%
  38053  8840      673.2500   294      673.2273      673.3303  2346900    0.02%
Elapsed time = 870.60 sec. (728495.90 ticks, tree = 110.18 MB, solutions = 16)
  38169  8813        cutoff            673.2273      673.3289  2355919    0.02%
  38293  8802      673.2570   340      673.2273      673.3282  2364352    0.01%
  38422  8773        cutoff            673.2273      673.3268  2373801    0.01%
  38555  8754      673.2424   332      673.2273      673.3258  2382808    0.01%
  38722  8734      673.2373   342      673.2273      673.3246  2393976    0.01%
  38941  8689      673.2466   320      673.2273      673.3231  2405125    0.01%
  39155  8668      673.2907   336      673.2273      673.3217  2417667    0.01%
  39330  8627        cutoff            673.2273      673.3203  2429746    0.01%
  39537  8605      673.2639   166      673.2273      673.3189  2441324    0.01%
  39738  8551      673.2818   330      673.2273      673.3173  2454042    0.01%
Elapsed time = 907.69 sec. (766878.21 ticks, tree = 106.91 MB, solutions = 16)
  39944  8528      673.2302   306      673.2273      673.3159  2466506    0.01%
  40161  8489        cutoff            673.2273      673.3143  2478758    0.01%
  40361  8407        cutoff            673.2273      673.3125  2491794    0.01%
  40587  8379      673.2913   338      673.2273      673.3111  2504046    0.01%
  40846  8335      673.2698   338      673.2273      673.3096  2516563    0.01%
  41019  8250      673.2377   316      673.2273      673.3081  2528675    0.01%
  41187  8166      673.2585   320      673.2273      673.3063  2541322    0.01%
  41380  8104      673.2453   296      673.2273      673.3049  2552826    0.01%
  41572  8001        cutoff            673.2273      673.3031  2565217    0.01%
  41785  7934      673.2390   314      673.2273      673.3015  2578013    0.01%
Elapsed time = 945.69 sec. (805275.60 ticks, tree = 99.21 MB, solutions = 16)
  41987  7856        cutoff            673.2273      673.3001  2590111    0.01%
  42183  7766        cutoff            673.2273      673.2986  2601873    0.01%
  42337  7719      673.2340   326      673.2273      673.2975  2611066    0.01%
  42503  7649      673.2280   280      673.2273      673.2962  2620879    0.01%
  42732  7600      673.2293   354      673.2273      673.2950  2630461    0.01%
  42910  7494      673.2422   316      673.2273      673.2935  2641806    0.01%
  43163  7411      673.2536   312      673.2273      673.2918  2653840    0.01%
  43408  7282        cutoff            673.2273      673.2899  2666313    0.01%
  43619  7229        cutoff            673.2273      673.2888  2676200    0.01%
  43874  7146      673.2302   296      673.2273      673.2876  2686698    0.01%
Elapsed time = 983.60 sec. (843568.11 ticks, tree = 88.39 MB, solutions = 16)
  44057  7020        cutoff            673.2273      673.2859  2697129    0.01%
  44259  6907        cutoff            673.2273      673.2844  2706423    0.01%
  44484  6835        cutoff            673.2273      673.2831  2715243    0.01%
  44667  6730      673.2366   332      673.2273      673.2816  2725212    0.01%
  44859  6607        cutoff            673.2273      673.2801  2734973    0.01%
  45066  6449      673.2481   338      673.2273      673.2784  2745941    0.01%
  45281  6312      673.2373   220      673.2273      673.2769  2756665    0.01%
  45501  6162        cutoff            673.2273      673.2754  2766580    0.01%
  45734  5998        cutoff            673.2273      673.2738  2776997    0.01%
  45966  5836      673.2273   248      673.2273      673.2724  2787530    0.01%
Elapsed time = 1019.77 sec. (881856.22 ticks, tree = 71.56 MB, solutions = 16)
  46207  5683        cutoff            673.2273      673.2710  2797887    0.01%
  46448  5549      673.2336   186      673.2273      673.2695  2806795    0.01%
  46717  5425      673.2293   288      673.2273      673.2682  2814822    0.01%
  46980  5233        cutoff            673.2273      673.2665  2824907    0.01%
  47247  5103      673.2275   148      673.2273      673.2653  2833129    0.01%
  47540  4868        cutoff            673.2273      673.2631  2843787    0.01%
  47854  4607        cutoff            673.2273      673.2608  2855642    0.00%
  48201  4307      673.2431   250      673.2273      673.2577  2867384    0.00%
  48598  4001        cutoff            673.2273      673.2553  2877617    0.00%
  48985  3740        cutoff            673.2273      673.2530  2887328    0.00%
Elapsed time = 1058.25 sec. (920090.77 ticks, tree = 45.09 MB, solutions = 16)
  49484  3249        cutoff            673.2273      673.2492  2900038    0.00%
* 49607  3116      integral     0      673.2275      673.2484  2902410    0.00%
  50036  2707        cutoff            673.2275      673.2453  2910931    0.00%
  50685  2071        cutoff            673.2275      673.2410  2921428    0.00%
  51471  1290        cutoff            673.2275      673.2358  2930243    0.00%
  52400   367        cutoff            673.2275      673.2298  2936416    0.00%

Implied bound cuts applied:  1
Flow cuts applied:  2
Mixed integer rounding cuts applied:  29
User cuts applied:  985

Root node processing (before b&c):
  Real time             =    4.83 sec. (2111.09 ticks)
Sequential b&c:
  Real time             = 1074.63 sec. (938476.13 ticks)
                          ------------
Total (root+branch&cut) = 1079.45 sec. (940587.23 ticks)
|V|                                     700
K                                       70
theta                                   0.80
r                                       10
R                                       25
prob_func                               linear
#C1                                     7110
#CP                                     121930

@Parameters: 
am_callback_heuristic                   false
am_local_search                         true
am_start_heuristic                      false
colocation                              true
comp                                    false
cutC                                    true
cutC_init                               false
cutF                                    true
cutF_init                               false
cutF_stable                             false
cutF_wrong                              false
cutLocal                                false
cutM                                    true
cutM_init                               true
cutM_stable                             false
cutP                                    true
cutP_init                               false
cutP_stable                             false
init                                    true
init_cutF_zero                          false
init_val_greedy                         true
is_Euclidean                            false
is_local_search                         false
is_right_cutP                           true
is_root                                 false
is_silent                               false
is_start                                false
mycut                                   false
pmed                                    false
pre                                     true
stable_root                             false
str                                     false
two_phase                               false
ubstr                                   false
mode                                    Int

am_callback_node_space                  50
init                                    0
mixture_seed                            1
node_space                              5
nodelimit                               -1
nsepa                                   1
strF                                    0
type_delta                              0

EPS                                     0.001000
EPS_FRAC                                0.00
gap                                     0.00
mixture_high_max                        0.99
mixture_high_min                        0.90
mixture_low_max                         0.01
mixture_low_min                         0.00
mixture_low_share                       0.80
timelimit                               3600.00

Number of Closed Sites: 6 / 420 
Number of Confined Sites-1: 0 / 0 
Number of Confined Sites-k: 694 / 1950 
Preprocess Time: 1.19 + 0.00 sec

Solve Time: 1079.45
Number of Nodes: 52770
Termination Status: OPTIMAL

CutInfo: [phase] num / time (sec) / aver. num_nonzero
max              [LP]     0 / 0.00 / 0.00 [init]   165 / 0.01 / 5.08 [rLC]   361 / 0.04 / 15.48 [rUC]  1123 / 0.13 / 11.02 [sLC]   125 / 0.17 / 14.71 [sUC]   467 / 1.86 / 10.13 
prod_oa          [LP]     0 / 0.00 / 0.00 [init]   112 / 0.01 / 58.77 [rLC]   373 / 0.05 / 96.54 [rUC]   217 / 0.18 / 64.12 [sLC]   415 / 0.21 / 73.85 [sUC]   161 / 3.58 / 55.58 
prod_sm_fixed    [LP]     0 / 0.00 / 0.00 [init]     0 / 0.00 / 0.00 [rLC]     0 / 0.00 / 0.00 [rUC]     0 / 0.00 / 0.00 [sLC]     0 / 0.00 / 0.00 [sUC]     0 / 0.00 / 0.00 
prod_bin         [LP]     0 / 0.00 / 0.00 [init]     0 / 0.00 / 0.00 [rLC]     0 / 0.00 / 0.00 [rUC]     0 / 0.00 / 0.00 [sLC]     0 / 0.00 / 0.00 [sUC]     0 / 0.00 / 0.00 
prod_local       [LP]     0 / 0.00 / 0.00 [init]     0 / 0.00 / 0.00 [rLC]     0 / 0.00 / 0.00 [rUC]     0 / 0.00 / 0.00 [sLC]     0 / 0.00 / 0.00 [sUC]     0 / 0.00 / 0.00 
prod_sm_C        [LP]     0 / 0.00 / 0.00 [init]     0 / 0.10 / 0.00 [rLC]     0 / 0.65 / 0.00 [rUC]   493 / 1.57 / 80.87 [sLC]     0 / 3.94 / 0.00 [sUC]  1024 / 33.09 / 95.13 
facet            [LP]     0 / 0.00 / 0.00 [init]     0 / 0.00 / 0.00 [rLC]     0 / 0.00 / 0.00 [rUC]   493 / 0.00 / 0.00 [sLC]     0 / 0.00 / 0.00 [sUC]  1024 / 0.00 / 0.00 
Separation Round:   [LP] 0  [init] 1  [rLC] 6  [rUC] 17  [sLC] 36  [sUC] 68189  
Root Best Bound 673.989734
Root Best Integer: 670.260030
Best Bound: 673.227839
Best Integer: 673.227533
1: 1, 5, 11, 23, 25, 32, 51, 72, 74, 79, 99, 103, 104, 106, 117, 125, 135, 137, 146, 150, 194, 198, 209, 214, 218, 236, 246, 251, 281, 287, 293, 322, 332, 336, 339, 344, 346, 377, 400, 402, 407, 412, 418, 421, 437, 450, 459, 462, 479, 504, 508, 535, 549, 559, 562, 574, 581, 599, 623, 624, 629, 632, 656, 676, 685, 687, 688, 691, 692, 693
Objective Value (calc): 673.223932
sum_etaM = 668.866667 / 668.866667
sum_etaP = 690.670997 / 690.652991
nL: 70
nCL: 0
mCL: 1
