Version identifier: 20.1.0.0 | 2020-11-10 | 9bedb6d68
CPXPARAM_Threads                                 1
CPXPARAM_TimeLimit                               3600
CPXPARAM_MIP_Tolerances_MIPGap                   0
Generic callback                                 0x60
1 of 1 MIP starts provided solutions.
MIP start 'm1' defined initial solution with objective 682.7639.
Tried aggregator 1 time.
MIP Presolve eliminated 2667 rows and 1334 columns.
MIP Presolve modified 1372 coefficients.
Reduced MIP has 8225 rows, 9466 columns, and 1335387 nonzeros.
Reduced MIP has 7666 binaries, 0 generals, 0 SOSs, and 0 indicators.
Presolve time = 1.01 sec. (672.94 ticks)
Probing time = 0.05 sec. (66.05 ticks)
Tried aggregator 1 time.
Reduced MIP has 8225 rows, 9466 columns, and 1335387 nonzeros.
Reduced MIP has 7666 binaries, 0 generals, 0 SOSs, and 0 indicators.
Presolve time = 0.55 sec. (354.00 ticks)
Probing time = 0.05 sec. (66.01 ticks)
Clique table members: 14503.
MIP emphasis: balance optimality and feasibility.
MIP search method: dynamic search.
Parallel mode: none, using 1 thread.
Root relaxation solution time = 0.29 sec. (290.40 ticks)

        Nodes                                         Cuts/
   Node  Left     Objective  IInf  Best Integer    Best Bound    ItCnt     Gap

*     0+    0                          682.7639      900.0000            31.82%
      0     0      776.4988    15      682.7639      776.4988     1803   13.73%
      0     0      731.1973    53      682.7639     Cuts: 918     2900    7.09%
      0     0      728.7527    53      682.7639     Cuts: 485     3520    6.74%
      0     0      727.8462    50      682.7639     Cuts: 257     3849    6.60%
      0     0      727.1436    53      682.7639     Cuts: 239     4261    6.50%
      0     0      727.0474    52      682.7639      Cuts: 63     4395    6.49%
      0     0      727.0197    50      682.7639      Cuts: 89     4489    6.48%
      0     0      727.0141    50      682.7639 UserPurge2: 19     4529    6.48%
      0     0      727.0113    51      682.7639 UserPurge2: 23     4565    6.48%
      0     0      727.0093    51      682.7639 UserPurge2: 9     4588    6.48%
      0     0      727.0083    52      682.7639 UserPurge2: 17     4608    6.48%
      0     0      727.0078    51      682.7639 UserPurge2: 6     4627    6.48%
      0     0      727.0076    51      682.7639 UserPurge2: 4     4637    6.48%
      0     0      727.0076    51      682.7639 UserPurge2: 3     4642    6.48%
      0     0      727.0076    51      682.7639 UserPurge2: 3     4644    6.48%
      0     0      727.0075    52      682.7639 UserPurge2: 1     4651    6.48%
      0     2      726.6300    55      682.7639      726.6300     4651    6.42%
Elapsed time = 149.22 sec. (21703.85 ticks, tree = 0.01 MB, solutions = 1)
      1     3      726.3670    56      682.7639      726.6300     5171    6.42%
      2     4      723.4404    55      682.7639      726.3670     6263    6.39%
      3     5      726.2400    56      682.7639      726.2399     6906    6.37%
      4     6      722.3649    44      682.7639      726.2399     7532    6.37%
      5     7      713.8729    43      682.7639      726.2399    12046    6.37%
      6     8      713.0799    37      682.7639      726.2399    14671    6.37%
      7     9      711.9171    34      682.7639      726.2399    16307    6.37%
      8    10      711.8175    34      682.7639      726.2399    16596    6.37%
      9    11      711.3797    29      682.7639      726.2399    17123    6.37%
     10    12      696.6920    26      682.7639      726.2399    20264    6.37%
Elapsed time = 175.86 sec. (36082.72 ticks, tree = 0.05 MB, solutions = 1)
     12    14      694.9659    22      682.7639      726.2399    21468    6.37%
     15    17      684.0756    14      682.7639      726.2399    23414    6.37%
     18    20      682.8464     8      682.7639      726.2399    25230    6.37%
     21    19      725.8367    57      682.7639      726.2394    26147    6.37%
     23    21      722.0961    55      682.7639      726.2394    29233    6.37%
     25    23      720.1809    46      682.7639      726.2394    33998    6.37%
     27    25      719.2148    45      682.7639      726.2394    34825    6.37%
     29    27      717.7165    42      682.7639      726.2394    35886    6.37%
     30    28      708.9047    26      682.7639      726.2394    37381    6.37%
     34    32      707.0957    23      682.7639      726.2394    38310    6.37%
Elapsed time = 213.26 sec. (55437.99 ticks, tree = 1.01 MB, solutions = 1)
     35    33      696.2328    18      682.7639      726.2394    40133    6.37%
     37    35      701.8604    16      682.7639      726.2394    41728    6.37%
     40    38      687.5580    21      682.7639      726.2394    45254    6.37%
     42    40      692.5354    16      682.7639      726.2394    47219    6.37%
     45    43      686.6579    15      682.7639      726.2394    49057    6.37%
     48    46      683.2563     6      682.7639      726.2394    50105    6.37%
     53    45      724.3200    61      682.7639      724.8288    51774    6.16%
     55    47      714.4636    50      682.7639      724.8288    57385    6.16%
     56    48      720.1243    49      682.7639      724.8288    59925    6.16%
     58    50      715.6014    46      682.7639      724.8288    61463    6.16%
Elapsed time = 290.30 sec. (85491.84 ticks, tree = 2.10 MB, solutions = 1)
     60    52      704.7743    46      682.7639      724.8288    64994    6.16%
     62    54      702.1290    42      682.7639      724.8288    66218    6.16%
     64    56      700.6026    34      682.7639      724.8288    66973    6.16%
     65    57      697.1717    28      682.7639      724.8288    69684    6.16%
     68    60      694.9892    19      682.7639      724.8288    71405    6.16%
     70    60        cutoff            682.7639      724.8288    73292    6.16%
     72    62      688.7466    24      682.7639      724.8288    74728    6.16%
     75    63        cutoff            682.7639      724.8288    76769    6.16%
     77    63      724.2254    62      682.7639      724.8285    78034    6.16%
     78    64      723.8880    60      682.7639      724.8285    78861    6.16%
Elapsed time = 386.44 sec. (123738.10 ticks, tree = 3.18 MB, solutions = 1)
     79    65      723.4037    61      682.7639      724.8285    79618    6.16%
     80    66      723.0581    64      682.7639      724.8285    81377    6.16%
     81    67      722.9024    65      682.7639      724.8285    82889    6.16%
     83    69      722.4892    64      682.7639      724.8285    84299    6.16%
     85    71      722.3145    65      682.7639      724.8285    85431    6.16%
     86    72      722.1012    62      682.7639      724.8285    86360    6.16%
     87    73      721.7315    61      682.7639      724.8285    87433    6.16%
     89    75      720.9318    61      682.7639      724.8285    88896    6.16%
     90    76      720.2909    59      682.7639      724.8285    89899    6.16%
     92    78      719.7260    59      682.7639      724.8285    90842    6.16%
Elapsed time = 426.57 sec. (152394.87 ticks, tree = 3.95 MB, solutions = 1)
     93    79      718.9999    60      682.7639      724.8285    91555    6.16%
     94    80      718.0622    57      682.7639      724.8285    93220    6.16%
     95    81      716.9598    53      682.7639      724.8285    95296    6.16%
     97    83      716.5986    56      682.7639      724.8285    96457    6.16%
     98    84      716.4142    54      682.7639      724.8285    97223    6.16%
*   100+   84                          682.7733      724.8285             6.16%
    100    86      716.0581    55      682.7733      724.8285    98855    6.16%
    101    87      715.8584    55      682.7733      724.8285    99840    6.16%
    102    88      715.5818    56      682.7733      724.8285   100614    6.16%
    103    89      715.3229    56      682.7733      724.8285   101466    6.16%
    105    91      714.9866    54      682.7733      724.8285   102636    6.16%
Elapsed time = 463.87 sec. (178087.23 ticks, tree = 4.55 MB, solutions = 2)
    107    93      714.6246    55      682.7733      724.8285   103453    6.16%
    108    94      714.1605    54      682.7733      724.8285   104821    6.16%
    109    95      713.8719    55      682.7733      724.8285   105893    6.16%
    110    96      713.3031    62      682.7733      724.8285   106662    6.16%
    112    98      713.0332    66      682.7733      724.8285   107647    6.16%
    114   100      712.8081    65      682.7733      724.8285   108507    6.16%
    115   101      712.4290    64      682.7733      724.8285   109421    6.16%
    116   102      712.1280    58      682.7733      724.8285   110483    6.16%
    117   103      710.9036    53      682.7733      724.8285   115270    6.16%
    118   104      710.6448    51      682.7733      724.8285   116213    6.16%
Elapsed time = 518.64 sec. (210533.39 ticks, tree = 5.53 MB, solutions = 2)
    119   105      710.3150    53      682.7733      724.8285   117549    6.16%
    120   106      709.3278    67      682.7733      724.8285   119314    6.16%
    121   107      708.9081    67      682.7733      724.8285   120160    6.16%
    122   108      708.0398    64      682.7733      724.8285   121085    6.16%
    123   109      707.8319    58      682.7733      724.8285   121887    6.16%
    124   110      707.4020    59      682.7733      724.8285   122782    6.16%
    125   111      706.9567    64      682.7733      724.8285   124424    6.16%
    126   112      706.6668    62      682.7733      724.8285   124994    6.16%
    127   113      706.4388    63      682.7733      724.8285   125813    6.16%
    129   115      706.0714    63      682.7733      724.8285   127140    6.16%
Elapsed time = 549.48 sec. (230330.29 ticks, tree = 5.60 MB, solutions = 2)
    130   116      705.6744    63      682.7733      724.8285   128279    6.16%
    132   118      704.6133    53      682.7733      724.8285   129905    6.16%
    133   119      704.2898    51      682.7733      724.8285   130451    6.16%
    134   120      703.9168    52      682.7733      724.8285   130943    6.16%
    135   121      702.0614    64      682.7733      724.8285   132924    6.16%
    137   123      701.6812    69      682.7733      724.8285   134330    6.16%
    139   125      701.4003    64      682.7733      724.8285   135463    6.16%
    140   126      701.2091    71      682.7733      724.8285   136312    6.16%
    141   127      700.9787    64      682.7733      724.8285   137265    6.16%
    142   128      699.8072    57      682.7733      724.8285   138608    6.16%
Elapsed time = 584.74 sec. (254214.31 ticks, tree = 5.68 MB, solutions = 2)
    144   130      699.2630    59      682.7733      724.8285   140262    6.16%
    145   131      698.6691    61      682.7733      724.8285   142094    6.16%
    147   133      698.0812    64      682.7733      724.8285   143069    6.16%
    149   135      697.9031    55      682.7733      724.8285   144110    6.16%
    150   136      697.3750    64      682.7733      724.8285   145610    6.16%
    151   137      696.9653    65      682.7733      724.8285   146488    6.16%
    152   138      696.2376    66      682.7733      724.8285   147866    6.16%
    153   139      695.5238    61      682.7733      724.8285   149514    6.16%
    155   141      694.9221    63      682.7733      724.8285   150707    6.16%
    160   146      694.2202    60      682.7733      724.8285   152493    6.16%
Elapsed time = 627.42 sec. (286318.87 ticks, tree = 7.47 MB, solutions = 2)
    165   151      693.0183    60      682.7733      724.8285   156224    6.16%
    169   155      692.1782    62      682.7733      724.8285   159565    6.16%
    171   157      691.7505    63      682.7733      724.8285   161494    6.16%
    174   160      691.2307    56      682.7733      724.8285   164169    6.16%
    177   163      690.5133    63      682.7733      724.8285   166885    6.16%
    180   166      689.9959    59      682.7733      724.8285   169723    6.16%
    183   169      689.1234    73      682.7733      724.8285   171469    6.16%
    185   171      688.1906    73      682.7733      724.8285   174773    6.16%
    190   176      687.4793    72      682.7733      724.8285   179089    6.16%
    194   180      686.9167    69      682.7733      724.8285   182697    6.16%
Elapsed time = 694.07 sec. (341327.98 ticks, tree = 9.75 MB, solutions = 2)
    195   181      686.4849    78      682.7733      724.8285   184520    6.16%
    200   186      685.8350    60      682.7733      724.8285   187897    6.16%
    205   191      685.2969    60      682.7733      724.8285   191392    6.16%
    209   195      684.4389    69      682.7733      724.8285   195030    6.16%
    212   198      684.0970    69      682.7733      724.8285   196343    6.16%
    218   204      683.1102    63      682.7733      724.8285   198157    6.16%
    224   206      719.2876    51      682.7733      724.2243   200623    6.07%
    228   210      716.4787    45      682.7733      724.2243   202704    6.07%
    230   212      715.2180    43      682.7733      724.2243   203942    6.07%
    236   218      712.7560    42      682.7733      724.2243   206121    6.07%
Elapsed time = 752.23 sec. (389466.44 ticks, tree = 14.54 MB, solutions = 2)
    240   222      709.5822    41      682.7733      724.2243   208275    6.07%
    245   227      707.8804    43      682.7733      724.2243   209937    6.07%
    250   232      706.1889    45      682.7733      724.2243   211729    6.07%
    254   236      704.0064    50      682.7733      724.2243   213998    6.07%
    260   242      701.1055    45      682.7733      724.2243   216427    6.07%
    267   249      699.1525    45      682.7733      724.2243   218909    6.07%
    272   254      697.7854    47      682.7733      724.2243   221156    6.07%
    279   261      695.0727    47      682.7733      724.2243   223567    6.07%
    280   262      694.7634    47      682.7733      724.2243   224149    6.07%
    287   269      693.4585    47      682.7733      724.2243   226328    6.07%
Elapsed time = 871.65 sec. (473854.80 ticks, tree = 24.83 MB, solutions = 2)
    290   272      693.0341    48      682.7733      724.2243   227272    6.07%
    296   278      691.9140    47      682.7733      724.2243   229607    6.07%
    300   282      691.1997    45      682.7733      724.2243   231412    6.07%
    308   290      689.5472    47      682.7733      724.2243   233683    6.07%
    311   293      687.2146    46      682.7733      724.2243   235072    6.07%
    319   301      685.7057    44      682.7733      724.2243   237357    6.07%
    321   303      683.1318    46      682.7733      724.2243   238896    6.07%
    327   305      716.3326    49      682.7733      724.0155   241478    6.04%
    330   308      707.3206    29      682.7733      724.0155   243539    6.04%
    337   315      703.8638    25      682.7733      724.0155   245571    6.04%
Elapsed time = 927.13 sec. (519031.16 ticks, tree = 34.01 MB, solutions = 2)
    340   318      686.4720    16      682.7733      724.0155   248080    6.04%
    346   324      688.3806     7      682.7733      724.0155   250332    6.04%
    353   325      715.7953    51      682.7733      723.8870   252874    6.02%
    359   331      713.8367    46      682.7733      723.8870   254897    6.02%
    360   332      710.2893    51      682.7733      723.8870   256142    6.02%
    366   338      708.6067    44      682.7733      723.8870   257839    6.02%
    370   342      704.3915    38      682.7733      723.8870   260270    6.02%
    376   348      702.1923    40      682.7733      723.8870   262703    6.02%
    380   352      700.7848    40      682.7733      723.8870   264138    6.02%
    384   356      699.0317    42      682.7733      723.8870   266262    6.02%
Elapsed time = 1035.57 sec. (578564.24 ticks, tree = 43.26 MB, solutions = 2)
    388   360      696.6775    44      682.7733      723.8870   268097    6.02%
    391   363      696.0543    43      682.7733      723.8870   268969    6.02%
    397   369      693.5180    40      682.7733      723.8870   270972    6.02%
    400   372      691.7142    42      682.7733      723.8870   272309    6.02%
    407   379      689.3187    53      682.7733      723.8870   274435    6.02%
    411   383      688.5586    45      682.7733      723.8870   275708    6.02%
    419   391      687.3803    46      682.7733      723.8870   277515    6.02%
    422   394      686.8064    44      682.7733      723.8870   278371    6.02%
    429   401      684.2032    39      682.7733      723.8870   280284    6.02%
    432   400      718.5576    53      682.7733      723.4401   282146    5.96%
Elapsed time = 1090.79 sec. (627962.53 ticks, tree = 53.29 MB, solutions = 2)
    437   405      715.9211    46      682.7733      723.4401   284627    5.96%
    440   408      713.8660    46      682.7733      723.4401   286578    5.96%
    445   413      711.6623    46      682.7733      723.4401   288722    5.96%
    450   418      710.0608    46      682.7733      723.4401   290648    5.96%
    455   423      708.3625    44      682.7733      723.4401   292717    5.96%
    460   428      706.9736    46      682.7733      723.4401   294515    5.96%
    467   435      704.7818    45      682.7733      723.4401   296663    5.96%
    470   438      702.9946    54      682.7733      723.4401   298340    5.96%
    474   442      700.8750    53      682.7733      723.4401   301274    5.96%
    477   445      699.0086    48      682.7733      723.4401   304484    5.96%
Elapsed time = 1200.15 sec. (694162.07 ticks, tree = 53.80 MB, solutions = 2)

Performing restart 1

Repeating presolve.
Tried aggregator 1 time.
MIP Presolve eliminated 5 rows and 5 columns.
Reduced MIP has 8220 rows, 9461 columns, and 1335340 nonzeros.
Reduced MIP has 7661 binaries, 0 generals, 0 SOSs, and 0 indicators.
Presolve time = 0.52 sec. (360.92 ticks)
Tried aggregator 1 time.
Reduced MIP has 8220 rows, 9461 columns, and 1335340 nonzeros.
Reduced MIP has 7661 binaries, 0 generals, 0 SOSs, and 0 indicators.
Presolve time = 0.52 sec. (354.38 ticks)
Represolve time = 9.52 sec. (4737.96 ticks)
    480     2      726.0038    66      682.7733      723.4401   321389    5.96%
    481     3      725.5591    69      682.7733      723.4401   322112    5.96%
    482     4      725.0580    60      682.7733      723.4401   322722    5.96%
    487     9      724.4118    54      682.7733      723.4401   327013    5.96%
    490    12      711.5298    43      682.7733      723.4401   331726    5.96%
    494    15      715.4222    44      682.7733      723.4401   334869    5.96%
    500    21      714.2798    49      682.7733      723.4401   339052    5.96%
    504    25      711.2696    40      682.7733      723.4401   342670    5.96%
    506    27      710.8759    46      682.7733      723.4401   343978    5.96%
    510    31      711.4950    52      682.7733      723.4401   345966    5.96%
Elapsed time = 1458.55 sec. (824694.27 ticks, tree = 1.21 MB, solutions = 2)
    513    34      710.9225    51      682.7733      723.4401   347845    5.96%
    519    40      709.5945    44      682.7733      723.4401   351376    5.96%
    524    45      708.9435    40      682.7733      723.4401   353444    5.96%
    525    45      707.7821    51      682.7733      723.4401   355134    5.96%
    530    50      707.4082    45      682.7733      723.4401   356933    5.96%
    537    57      706.0441    41      682.7733      723.4401   360163    5.96%
    543    63      705.5960    39      682.7733      723.4401   362014    5.96%
    548    68      703.9421    37      682.7733      723.4401   364702    5.96%
    550    69      698.3040    41      682.7733      723.4401   366493    5.96%
    559    78      697.2712    35      682.7733      723.4401   368512    5.96%
Elapsed time = 1525.63 sec. (873662.48 ticks, tree = 4.91 MB, solutions = 2)
    561    80      692.4685    33      682.7733      723.4401   369287    5.96%
    569    87      692.6102    36      682.7733      723.4401   371063    5.96%
    576    90        cutoff            682.7733      723.4401   373393    5.96%
    580    94      720.4486    52      682.7733      723.4401   376404    5.96%
    584    98      716.7713    46      682.7733      723.4401   379724    5.96%
    589   103      713.4757    39      682.7733      723.4401   383914    5.96%
    592   106      712.7693    41      682.7733      723.4401   386378    5.96%
    599   113      710.3134    37      682.7733      723.4401   389908    5.96%
    600   114      699.2134    40      682.7733      723.4401   392130    5.96%
    606   120      696.4660    28      682.7733      723.4401   395672    5.96%
Elapsed time = 1645.17 sec. (937456.16 ticks, tree = 8.69 MB, solutions = 2)
    617   131      691.8125    18      682.7733      723.4401   397716    5.96%
    626   136        cutoff            682.7733      723.4401   398659    5.96%
    629   137      721.6742    54      682.7733      723.4401   400174    5.96%
    635   143      717.4771    42      682.7733      723.4401   402276    5.96%
    640   148      716.4745    42      682.7733      723.4401   403671    5.96%
    641   149      716.1938    49      682.7733      723.4401   404306    5.96%
    645   153      714.7841    43      682.7733      723.4401   407017    5.96%
    649   157      713.5051    43      682.7733      723.4401   409578    5.96%
    650   158      704.4319    35      682.7733      723.4401   413995    5.96%
    659   167      702.3207    34      682.7733      723.4401   416425    5.96%
Elapsed time = 1719.06 sec. (989657.03 ticks, tree = 15.08 MB, solutions = 2)
    662   170      701.0653    34      682.7733      723.4401   418437    5.96%
    666   173      700.2918    39      682.7733      723.4401   419425    5.96%
    672   179      698.7639    34      682.7733      723.4401   421383    5.96%
    675   181      697.1077    45      682.7733      723.4401   422904    5.96%
    680   186      694.4260    42      682.7733      723.4401   423424    5.96%
    686   192      693.4507    32      682.7733      723.4401   425194    5.96%
    694   200      692.7021    30      682.7733      723.4401   426916    5.96%
    700   206      690.4978    35      682.7733      723.4401   429354    5.96%
    706   212      689.9269    34      682.7733      723.4401   430872    5.96%
    710   216      689.6817    33      682.7733      723.4401   431762    5.96%
Elapsed time = 1798.82 sec. (1054009.17 ticks, tree = 16.06 MB, solutions = 2)
    715   221      687.6317    33      682.7733      723.4401   433141    5.96%
    718   224      686.7095    35      682.7733      723.4401   434298    5.96%
    720   226      686.5401    33      682.7733      723.4401   434707    5.96%
    725   231      685.2504    35      682.7733      723.4401   436901    5.96%
    730   235      684.7220    35      682.7733      723.4401   437982    5.96%
    737   240      683.4673    34      682.7733      723.4401   439615    5.96%
    740   240      683.4600    30      682.7733      723.4401   440029    5.96%
    749   243      720.3403    53      682.7733      723.4401   442520    5.96%
    750   244      712.5467    45      682.7733      723.4401   444609    5.96%
    756   250      707.3831    34      682.7733      723.4401   447830    5.96%
Elapsed time = 1851.12 sec. (1106792.92 ticks, tree = 16.27 MB, solutions = 2)
    760   254      702.5040    33      682.7733      723.4401   450426    5.96%
    766   260      699.9107    32      682.7733      723.4401   453511    5.96%
    771   265      696.0978    26      682.7733      723.4401   456058    5.96%
    775   268      683.4680    29      682.7733      723.4401   460151    5.96%
    780   273      682.8926    26      682.7733      723.4401   460940    5.96%
    783   272      718.4214    53      682.7733      723.4401   463629    5.96%
    785   274      710.1935    36      682.7733      723.4401   466462    5.96%
    789   278      707.0578    38      682.7733      723.4401   469538    5.96%
    792   281      705.4408    45      682.7733      723.4401   471291    5.96%
    794   283      704.4980    46      682.7733      723.4401   472152    5.96%
Elapsed time = 1947.74 sec. (1172969.00 ticks, tree = 18.39 MB, solutions = 2)
    798   287      702.6321    43      682.7733      723.4401   474958    5.96%
    800   289      699.7838    40      682.7733      723.4401   477720    5.96%
    801   289      699.4651    49      682.7733      723.4401   478566    5.96%
    807   295      697.9673    39      682.7733      723.4401   480926    5.96%
    811   299      696.1002    43      682.7733      723.4401   483059    5.96%
    817   305      694.9410    35      682.7733      723.4401   485460    5.96%
    819   307      693.8608    34      682.7733      723.4401   487952    5.96%
    824   312      692.6356    29      682.7733      723.4401   489736    5.96%
    825   313      686.4910    32      682.7733      723.4401   492227    5.96%
    832   320      685.2977    28      682.7733      723.4401   494472    5.96%
Elapsed time = 2011.53 sec. (1226068.99 ticks, tree = 18.63 MB, solutions = 2)
    839   327      684.2337    29      682.7733      723.4401   496913    5.96%
    844   331      683.6503    32      682.7733      723.4401   498352    5.96%
    852   335      720.7482    53      682.7733      723.1306   502802    5.91%
    853   336      720.6090    52      682.7733      723.1306   503306    5.91%
    856   339      717.6987    49      682.7733      723.1306   506123    5.91%
    858   341      716.9492    45      682.7733      723.1306   508937    5.91%
    860   343      716.2838    47      682.7733      723.1306   511315    5.91%
    863   346      714.5153    39      682.7733      723.1306   515217    5.91%
    866   349      714.9893    45      682.7733      723.1306   517003    5.91%
    869   352      714.0017    48      682.7733      723.1306   520481    5.91%
Elapsed time = 2071.81 sec. (1273551.92 ticks, tree = 19.62 MB, solutions = 2)
    872   355      711.3289    40      682.7733      723.1306   524340    5.91%
    875   358      704.0199    34      682.7733      723.1306   527951    5.91%
    878   361      700.9461    31      682.7733      723.1306   531091    5.91%
    882   365      700.2159    29      682.7733      723.1306   533089    5.91%
    886   369      700.5430    35      682.7733      723.1306   535684    5.91%
    890   373      699.0321    35      682.7733      723.1306   538792    5.91%
    895   378      700.1541    40      682.7733      723.1306   540956    5.91%
    899   382      699.5053    32      682.7733      723.1306   543243    5.91%
    900   383      692.0746    33      682.7733      723.1306   545154    5.91%
    906   389      690.7282    33      682.7733      723.1306   547522    5.91%
Elapsed time = 2147.46 sec. (1324426.61 ticks, tree = 23.69 MB, solutions = 2)
    911   394      687.4714    19      682.7733      723.1306   549388    5.91%
    918   401      686.6569    26      682.7733      723.1306   552299    5.91%
    920   403      685.8085    27      682.7733      723.1306   553016    5.91%
    927   404        cutoff            682.7733      723.1306   554500    5.91%
    929   406      714.0113    46      682.7733      723.0828   557173    5.90%
    934   411      712.3188    47      682.7733      723.0828   559385    5.90%
    939   416      710.4345    49      682.7733      723.0828   561981    5.90%
    942   419      709.8436    42      682.7733      723.0828   563637    5.90%
    947   424      708.3091    39      682.7733      723.0828   565662    5.90%
    950   427      703.2345    37      682.7733      723.0828   569699    5.90%
Elapsed time = 2215.57 sec. (1380376.01 ticks, tree = 25.83 MB, solutions = 2)
    956   433      701.8112    35      682.7733      723.0828   571890    5.90%
    960   437      699.9861    36      682.7733      723.0828   573407    5.90%
    966   443      698.0036    43      682.7733      723.0828   575980    5.90%
    970   447      696.6275    43      682.7733      723.0828   578050    5.90%
    975   452      695.8408    44      682.7733      723.0828   579870    5.90%
    981   458      694.7104    39      682.7733      723.0828   582021    5.90%
    989   466      692.0772    30      682.7733      723.0828   584775    5.90%
    995   472      691.0115    32      682.7733      723.0828   586683    5.90%
   1000   477      690.4414    32      682.7733      723.0828   587868    5.90%
   1010   487      690.0273    30      682.7733      723.0828   589295    5.90%
Elapsed time = 2295.00 sec. (1445340.81 ticks, tree = 26.65 MB, solutions = 2)
   1014   491      689.1514    30      682.7733      723.0828   590092    5.90%
   1017   494      688.3326    32      682.7733      723.0828   591056    5.90%
   1022   499      688.1936    28      682.7733      723.0828   591537    5.90%
   1030   507      687.2807    27      682.7733      723.0828   592586    5.90%
   1035   512      685.7841    25      682.7733      723.0828   593798    5.90%
   1040   517      684.6174    27      682.7733      723.0828   594906    5.90%
   1043   519      684.2122    25      682.7733      723.0828   595470    5.90%
   1050   522      722.2477    66      682.7733      722.8551   599729    5.87%
   1051   523      716.5194    62      682.7733      722.8551   603310    5.87%
   1055   527      715.5425    49      682.7733      722.8551   606295    5.87%
Elapsed time = 2349.08 sec. (1500807.10 ticks, tree = 26.94 MB, solutions = 2)
   1059   531      714.4256    47      682.7733      722.8551   609243    5.87%
   1061   533      713.8283    48      682.7733      722.8551   610699    5.87%
   1065   537      712.3201    50      682.7733      722.8551   614451    5.87%
   1070   542      711.0450    46      682.7733      722.8551   617656    5.87%
   1075   547      710.0383    46      682.7733      722.8551   620238    5.87%
   1080   552      706.7640    45      682.7733      722.8551   622809    5.87%
   1087   559      705.0850    43      682.7733      722.8551   624693    5.87%
   1093   565      702.6998    36      682.7733      722.8551   626067    5.87%
   1100   572      701.1851    37      682.7733      722.8551   627861    5.87%
   1107   579      699.3960    38      682.7733      722.8551   629756    5.87%
Elapsed time = 2457.24 sec. (1566260.86 ticks, tree = 33.12 MB, solutions = 2)
   1113   585      698.0270    36      682.7733      722.8551   631137    5.87%
   1120   592      695.9265    34      682.7733      722.8551   632812    5.87%
   1128   600      693.7221    31      682.7733      722.8551   634335    5.87%
   1135   606      692.6543    37      682.7733      722.8551   635437    5.87%
   1143   614      692.1164    27      682.7733      722.8551   636176    5.87%
   1150   621      691.0704    33      682.7733      722.8551   637258    5.87%
   1159   630      690.4141    30      682.7733      722.8551   638032    5.87%
   1165   636      689.2339    30      682.7733      722.8551   639134    5.87%
   1172   643      688.9688    24      682.7733      722.8551   639540    5.87%
   1177   648      688.7097    26      682.7733      722.8551   639869    5.87%
Elapsed time = 2500.51 sec. (1609615.30 ticks, tree = 43.77 MB, solutions = 2)
   1182   653      688.3650    27      682.7733      722.8551   640275    5.87%
   1185   656      687.9969    27      682.7733      722.8551   640590    5.87%
   1189   660      687.8691    28      682.7733      722.8551   640839    5.87%
   1191   662      687.8260    28      682.7733      722.8551   640950    5.87%
   1196   667      686.6402    26      682.7733      722.8551   641430    5.87%
   1200   671      685.7841    27      682.7733      722.8551   641954    5.87%
   1210   681      684.9352    26      682.7733      722.8551   642518    5.87%
   1218   684      684.3644    17      682.7733      722.8551   643309    5.87%
   1220   684      683.4904    17      682.7733      722.8551   643638    5.87%
   1229   690      683.1296    15      682.7733      722.8551   643987    5.87%
Elapsed time = 2529.84 sec. (1657889.17 ticks, tree = 44.06 MB, solutions = 2)
   1235   691      716.9241    46      682.7733      722.7204   645199    5.85%
   1240   696      715.3871    48      682.7733      722.7204   646498    5.85%
   1247   703      711.9948    44      682.7733      722.7204   648460    5.85%
   1250   706      711.4120    43      682.7733      722.7204   649323    5.85%
   1257   713      709.1760    40      682.7733      722.7204   651391    5.85%
   1264   720      707.1119    45      682.7733      722.7204   653169    5.85%
   1270   726      705.4783    42      682.7733      722.7204   654405    5.85%
   1278   734      703.5616    41      682.7733      722.7204   656084    5.85%
   1283   739      701.9450    39      682.7733      722.7204   657462    5.85%
   1290   746      700.5778    39      682.7733      722.7204   658845    5.85%
Elapsed time = 2599.17 sec. (1702930.40 ticks, tree = 44.25 MB, solutions = 2)
   1297   753      697.0268    34      682.7733      722.7204   660630    5.85%
   1304   760      693.1934    21      682.7733      722.7204   662170    5.85%
   1312   767      691.0606    33      682.7733      722.7204   663246    5.85%
   1324   779      689.3634    26      682.7733      722.7204   664467    5.85%
   1331   786      688.4139    27      682.7733      722.7204   665211    5.85%
   1342   797      685.7975    24      682.7733      722.7204   666482    5.85%
   1348   802      683.5916    20      682.7733      722.7204   667127    5.85%
   1357   811      682.8452    17      682.7733      722.7204   667493    5.85%
   1360   810      720.7577    54      682.7733      722.7083   668358    5.85%
   1362   812      714.3504    47      682.7733      722.7083   670326    5.85%
Elapsed time = 2669.64 sec. (1763288.89 ticks, tree = 44.59 MB, solutions = 2)
   1368   818      710.3358    38      682.7733      722.7083   672391    5.85%
   1373   823      708.4100    38      682.7733      722.7083   673863    5.85%
   1379   829      705.2075    43      682.7733      722.7083   676032    5.85%
   1382   832      704.1185    44      682.7733      722.7083   677347    5.85%
   1386   836      702.3191    38      682.7733      722.7083   679038    5.85%
   1390   840      700.5727    39      682.7733      722.7083   680847    5.85%
   1398   848      698.8784    38      682.7733      722.7083   682627    5.85%
   1401   850      697.3381    44      682.7733      722.7083   683731    5.85%
   1405   854      696.4506    42      682.7733      722.7083   685145    5.85%
   1410   859      695.2242    40      682.7733      722.7083   686337    5.85%
Elapsed time = 2735.70 sec. (1807414.09 ticks, tree = 44.90 MB, solutions = 2)
   1419   868      692.1639    31      682.7733      722.7083   688100    5.85%
   1427   876      690.7660    30      682.7733      722.7083   689522    5.85%
   1434   883      689.4583    29      682.7733      722.7083   690522    5.85%
   1440   889      688.4818    34      682.7733      722.7083   691439    5.85%
   1446   893      687.4241    34      682.7733      722.7083   692346    5.85%
   1454   901      684.7110    26      682.7733      722.7083   693477    5.85%
   1469   915      683.7780    25      682.7733      722.7083   694520    5.85%
   1477   922      682.9740    27      682.7733      722.7083   695188    5.85%
   1484   925      716.5890    45      682.7733      722.3812   696570    5.80%
   1488   929      711.3215    40      682.7733      722.3812   699296    5.80%
Elapsed time = 2783.02 sec. (1860492.12 ticks, tree = 45.27 MB, solutions = 2)
   1490   931      713.3087    42      682.7733      722.3812   700256    5.80%
   1494   935      711.1335    42      682.7733      722.3812   702265    5.80%
   1499   940      707.8509    33      682.7733      722.3812   704702    5.80%
   1501   942      707.1970    35      682.7733      722.3812   705810    5.80%
   1506   947      705.8225    38      682.7733      722.3812   707776    5.80%
   1510   951      705.6333    42      682.7733      722.3812   709263    5.80%
   1515   956      704.7844    43      682.7733      722.3812   711274    5.80%
   1520   961      701.0735    35      682.7733      722.3812   713515    5.80%
   1525   966      700.0630    38      682.7733      722.3812   715649    5.80%
   1530   971      699.0157    37      682.7733      722.3812   717723    5.80%
Elapsed time = 2856.72 sec. (1907353.27 ticks, tree = 54.63 MB, solutions = 2)
   1536   977      697.9840    34      682.7733      722.3812   719544    5.80%
   1540   981      696.0827    29      682.7733      722.3812   721339    5.80%
   1542   983      695.7521    29      682.7733      722.3812   722089    5.80%
   1544   985      695.2683    28      682.7733      722.3812   722423    5.80%
   1546   987      694.4077    30      682.7733      722.3812   722872    5.80%
   1549   990      691.4226    17      682.7733      722.3812   723581    5.80%
   1551   992      689.3298    20      682.7733      722.3812   724284    5.80%
   1554   995      693.0916    20      682.7733      722.3812   724922    5.80%
   1558   999      692.7266    18      682.7733      722.3812   725452    5.80%
   1561  1002      692.3149    17      682.7733      722.3812   725665    5.80%
Elapsed time = 2895.89 sec. (1956373.42 ticks, tree = 61.70 MB, solutions = 2)
   1565  1006      689.8098    10      682.7733      722.3812   726196    5.80%
   1570  1011      688.5261    13      682.7733      722.3812   726857    5.80%
   1575  1016      688.9791    20      682.7733      722.3812   727503    5.80%
   1580  1021      687.6949    13      682.7733      722.3812   728398    5.80%
   1586  1027      687.3530    16      682.7733      722.3812   729076    5.80%
   1592  1033      684.9427    10      682.7733      722.3812   729570    5.80%
   1600  1037      684.0979     8      682.7733      722.3812   729909    5.80%
   1620  1051      683.8913     7      682.7733      722.3812   730262    5.80%
   1628  1055      718.5823    46      682.7733      722.2476   731573    5.78%
   1629  1056      718.3815    46      682.7733      722.2476   731898    5.78%
Elapsed time = 2927.45 sec. (2014085.51 ticks, tree = 74.15 MB, solutions = 2)
   1630  1057      717.5128    46      682.7733      722.2476   732320    5.78%
   1635  1062      714.5513    47      682.7733      722.2476   735082    5.78%
   1639  1066      712.6554    50      682.7733      722.2476   736847    5.78%
   1643  1070      711.0270    48      682.7733      722.2476   738232    5.78%
   1648  1075      708.8116    46      682.7733      722.2476   740003    5.78%
   1655  1082      706.2613    47      682.7733      722.2476   742641    5.78%
   1660  1087      704.4065    44      682.7733      722.2476   744306    5.78%
   1665  1092      702.6113    41      682.7733      722.2476   746112    5.78%
   1670  1097      700.7347    46      682.7733      722.2476   748141    5.78%
   1677  1104      698.6068    41      682.7733      722.2476   749961    5.78%
Elapsed time = 3001.95 sec. (2067051.24 ticks, tree = 85.10 MB, solutions = 2)
   1680  1107      695.1149    45      682.7733      722.2476   751009    5.78%
   1684  1110      693.5825    44      682.7733      722.2476   752405    5.78%
   1689  1115      692.5159    46      682.7733      722.2476   753494    5.78%
   1693  1119      691.4342    44      682.7733      722.2476   754881    5.78%
   1700  1126      689.6901    40      682.7733      722.2476   756812    5.78%
   1703  1128      687.8311    51      682.7733      722.2476   757863    5.78%
   1709  1134      685.8815    44      682.7733      722.2476   759328    5.78%
   1713  1138      684.8857    40      682.7733      722.2476   760195    5.78%
   1717  1142      684.1276    42      682.7733      722.2476   761538    5.78%
   1721  1145      683.6186    39      682.7733      722.2476   762097    5.78%
Elapsed time = 3065.81 sec. (2122391.17 ticks, tree = 94.67 MB, solutions = 2)
   1727  1151      682.9054    38      682.7733      722.2476   763149    5.78%
   1730  1150      722.1012    64      682.7733      722.0991   763497    5.76%
   1737  1157      720.0101    53      682.7733      722.0973   765482    5.76%
   1742  1162      717.9534    51      682.7733      722.0973   767761    5.76%
   1748  1168      715.4405    53      682.7733      722.0973   770139    5.76%
   1752  1172      714.0523    45      682.7733      722.0973   771702    5.76%
   1757  1177      711.9212    43      682.7733      722.0973   773293    5.76%
   1760  1180      710.4456    50      682.7733      722.0973   773986    5.76%
   1768  1188      709.2824    43      682.7733      722.0973   775550    5.76%
   1774  1194      707.2427    48      682.7733      722.0973   777499    5.76%
Elapsed time = 3169.14 sec. (2186642.31 ticks, tree = 106.40 MB, solutions = 2)
   1780  1200      706.0085    45      682.7733      722.0973   778908    5.76%
   1785  1205      704.2488    47      682.7733      722.0973   780744    5.76%
   1790  1210      702.1420    41      682.7733      722.0973   782398    5.76%
   1795  1215      701.2349    40      682.7733      722.0973   783589    5.76%
   1801  1221      699.0892    41      682.7733      722.0973   785192    5.76%
   1807  1227      697.6144    37      682.7733      722.0973   787047    5.76%
   1813  1233      696.0349    38      682.7733      722.0973   788340    5.76%
   1821  1241      694.4539    33      682.7733      722.0973   789784    5.76%
   1829  1249      692.8814    40      682.7733      722.0973   791334    5.76%
   1837  1257      691.9427    33      682.7733      722.0973   792416    5.76%
Elapsed time = 3228.51 sec. (2230300.06 ticks, tree = 121.44 MB, solutions = 2)
   1843  1263      690.0938    34      682.7733      722.0973   793564    5.76%
   1851  1271      687.5216    35      682.7733      722.0973   795010    5.76%
   1856  1276      685.2741    41      682.7733      722.0973   796320    5.76%
   1860  1279      683.6746    34      682.7733      722.0973   797252    5.76%
   1867  1285      683.3088    32      682.7733      722.0973   797758    5.76%
   1872  1285      719.6970    50      682.7733      721.9586   799150    5.74%
   1877  1290      717.6076    44      682.7733      721.9586   801225    5.74%
Starting limited solution polishing.
   1880  1293      716.3748    45      682.7733      721.9586   802165    5.74%
   1885  1298      713.7416    45      682.7733      721.9586   804423    5.74%
   1889  1302      712.1674    44      682.7733      721.9586   806371    5.74%
Elapsed time = 3296.65 sec. (2287011.56 ticks, tree = 132.21 MB, solutions = 2)
   1893  1306      711.0399    44      682.7733      721.9586   807641    5.74%
   1898  1311      709.1818    42      682.7733      721.9586   809338    5.74%
   1901  1314      708.1476    51      682.7733      721.9586   810573    5.74%
   1908  1321      706.3173    49      682.7733      721.9586   812294    5.74%
   1913  1326      705.0037    47      682.7733      721.9586   813516    5.74%
   1916  1329      703.4824    49      682.7733      721.9586   814684    5.74%
   1921  1334      702.2398    45      682.7733      721.9586   815700    5.74%
   1928  1341      699.4173    42      682.7733      721.9586   817532    5.74%
   1935  1348      698.6307    35      682.7733      721.9586   818822    5.74%
   1942  1355      697.3002    36      682.7733      721.9586   820421    5.74%
Elapsed time = 3359.56 sec. (2328003.50 ticks, tree = 145.11 MB, solutions = 2)
   1949  1362      695.0990    34      682.7733      721.9586   821974    5.74%
   1955  1368      693.4977    35      682.7733      721.9586   823210    5.74%
   1962  1375      692.2091    35      682.7733      721.9586   824411    5.74%
   1971  1384      690.9840    34      682.7733      721.9586   825634    5.74%
   1976  1388      688.9187    37      682.7733      721.9586   827191    5.74%
   1980  1392      688.6727    33      682.7733      721.9586   827570    5.74%
   1986  1398      687.8043    31      682.7733      721.9586   828352    5.74%
   1993  1405      686.4569    27      682.7733      721.9586   829209    5.74%
   2000  1412      685.3125    27      682.7733      721.9586   830047    5.74%
   2009  1421      684.9341    24      682.7733      721.9586   830570    5.74%
Elapsed time = 3406.72 sec. (2381203.53 ticks, tree = 161.29 MB, solutions = 2)
   2014  1425      684.3982    20      682.7733      721.9586   830988    5.74%
   2022  1432      684.0506    20      682.7733      721.9586   831396    5.74%
   2029  1437      683.4386    18      682.7733      721.9586   831748    5.74%
   2035  1440      683.0805    19      682.7733      721.9586   831975    5.74%
   2039  1440      717.2486    57      682.7733      721.6696   832876    5.70%
   2044  1445      715.8190    50      682.7733      721.6696   834390    5.70%
   2048  1449      713.8851    49      682.7733      721.6696   836085    5.70%
   2050  1451      713.1196    49      682.7733      721.6696   836786    5.70%
   2055  1456      711.0212    48      682.7733      721.6696   838789    5.70%
   2060  1461      709.8624    46      682.7733      721.6696   840314    5.70%
Elapsed time = 3454.05 sec. (2425460.93 ticks, tree = 171.21 MB, solutions = 2)
   2066  1467      707.8453    45      682.7733      721.6696   842184    5.70%
   2069  1470      706.6851    40      682.7733      721.6696   843620    5.70%
   2075  1476      704.8284    41      682.7733      721.6696   845569    5.70%
   2080  1481      702.7472    40      682.7733      721.6696   846498    5.70%
   2083  1484      702.0131    40      682.7733      721.6696   847844    5.70%
   2088  1489      700.7563    41      682.7733      721.6696   849310    5.70%
   2093  1494      698.4615    43      682.7733      721.6696   851068    5.70%
   2099  1500      697.4476    34      682.7733      721.6696   852302    5.70%
   2102  1503      696.1032    38      682.7733      721.6696   853089    5.70%
   2108  1509      694.4787    35      682.7733      721.6696   854589    5.70%
Elapsed time = 3546.64 sec. (2485625.61 ticks, tree = 183.37 MB, solutions = 2)
   2114  1515      692.4228    37      682.7733      721.6696   856185    5.70%
   2120  1521      691.0751    27      682.7733      721.6696   857628    5.70%
   2123  1524      690.1796    26      682.7733      721.6696   858264    5.70%
   2127  1528      688.5783    26      682.7733      721.6696   859026    5.70%
   2135  1536      686.9589    31      682.7733      721.6696   860054    5.70%
   2140  1541      686.1924    31      682.7733      721.6696   860699    5.70%
   2145  1546      685.5789    28      682.7733      721.6696   861257    5.70%
   2152  1553      684.6666    20      682.7733      721.6696   861837    5.70%
   2159  1559      684.1138    23      682.7733      721.6696   862271    5.70%
   2167  1567      683.7623    19      682.7733      721.6696   862622    5.70%
Elapsed time = 3573.40 sec. (2529130.87 ticks, tree = 198.31 MB, solutions = 2)
   2180  1579      683.6260    18      682.7733      721.6696   862873    5.70%
   2190  1588      682.9966    15      682.7733      721.6696   863165    5.70%
   2197  1592      714.2879    46      682.7733      721.6555   864581    5.69%

Implied bound cuts applied:  6
Mixed integer rounding cuts applied:  3
User cuts applied:  25157

Root node processing (before b&c):
  Real time             =  149.10 sec. (21648.20 ticks)
Sequential b&c:
  Real time             = 3450.98 sec. (2534784.95 ticks)
                          ------------
Total (root+branch&cut) = 3600.08 sec. (2556433.15 ticks)
|V|                                     900
K                                       10
theta                                   0.20
r                                       5
R                                       20
prob_func                               linear
#C1                                     4450
#CP                                     227826

@Parameters: 
am_callback_heuristic                   false
am_local_search                         true
am_start_heuristic                      false
colocation                              true
comp                                    false
cutC                                    true
cutC_init                               false
cutF                                    true
cutF_init                               false
cutF_stable                             false
cutF_wrong                              false
cutLocal                                false
cutM                                    true
cutM_init                               true
cutM_stable                             false
cutP                                    true
cutP_init                               false
cutP_stable                             false
init                                    true
init_cutF_zero                          false
init_val_greedy                         true
is_Euclidean                            false
is_local_search                         true
is_right_cutP                           true
is_root                                 false
is_silent                               false
is_start                                false
mycut                                   false
pmed                                    false
pre                                     true
stable_root                             false
str                                     false
two_phase                               false
ubstr                                   false
mode                                    Bin

am_callback_node_space                  50
init                                    0
mixture_seed                            1
node_space                              5
nodelimit                               -1
nsepa                                   1
strF                                    0
type_delta                              0

EPS                                     0.001000
EPS_FRAC                                0.00
gap                                     0.00
mixture_high_max                        0.99
mixture_high_min                        0.90
mixture_low_max                         0.01
mixture_low_min                         0.00
mixture_low_share                       0.80
timelimit                               3600.00

Number of Closed Sites: 1 / 10 
Number of Confined Sites-1: 2 / 18 
Number of Confined Sites-k: 871 / 1306 
Preprocess Time: 1.92 + 0.00 sec

Solve Time: 3600.08
Number of Nodes: 2199
Termination Status: TIME_LIMIT

CutInfo: [phase] num / time (sec) / aver. num_nonzero
max              [LP]     0 / 0.00 / 0.00 [init]   739 / 0.06 / 17.89 [rLC]  2149 / 0.41 / 45.85 [rUC]  1792 / 0.32 / 32.70 [sLC]  1319 / 0.86 / 45.99 [sUC]  4248 / 6.49 / 35.42 
prod_oa          [LP]     0 / 0.00 / 0.00 [init]     0 / 0.00 / 0.00 [rLC]     0 / 0.00 / 0.00 [rUC]     0 / 0.00 / 0.00 [sLC]     0 / 0.00 / 0.00 [sUC]     0 / 0.00 / 0.00 
prod_sm_fixed    [LP]     0 / 0.00 / 0.00 [init]     0 / 0.00 / 0.00 [rLC]     0 / 0.00 / 0.00 [rUC]     0 / 0.00 / 0.00 [sLC]     0 / 0.00 / 0.00 [sUC]     0 / 0.00 / 0.00 
prod_bin         [LP]     0 / 0.00 / 0.00 [init]   718 / 11.00 / 0.00 [rLC]  6767 / 117.35 / 0.00 [rUC]   539 / 5.32 / 0.00 [sLC] 18483 / 306.34 / 0.00 [sUC] 15504 / 214.30 / 0.00 
prod_local       [LP]     0 / 0.00 / 0.00 [init]     0 / 0.00 / 0.00 [rLC]     0 / 0.00 / 0.00 [rUC]     0 / 0.00 / 0.00 [sLC]     0 / 0.00 / 0.00 [sUC]     0 / 0.00 / 0.00 
prod_sm_C        [LP]     0 / 0.00 / 0.00 [init]     0 / 0.00 / 0.00 [rLC]     0 / 0.00 / 0.00 [rUC]     0 / 0.00 / 0.00 [sLC]     0 / 0.00 / 0.00 [sUC]     0 / 0.00 / 0.00 
facet            [LP]     0 / 0.00 / 0.00 [init]     0 / 0.00 / 0.00 [rLC]     0 / 0.00 / 0.00 [rUC]     0 / 0.00 / 0.00 [sLC]     0 / 0.00 / 0.00 [sUC]     0 / 0.00 / 0.00 
Separation Round:   [LP] 0  [init] 1  [rLC] 11  [rUC] 16  [sLC] 31  [sUC] 4505  
Root Best Bound 726.366995
Root Best Integer: 682.763939
Best Bound: 721.655544
Best Integer: 682.773344
1: 47, 87, 114, 121, 244, 324, 473, 594, 778, 876
Objective Value (calc): 682.763939
sum_etaM = 561.733333 / 561.733333
sum_etaP = 713.033347 / 713.021590
nL: 10
nCL: 0
mCL: 1
