Version identifier: 20.1.0.0 | 2020-11-10 | 9bedb6d68
CPXPARAM_Threads                                 1
CPXPARAM_TimeLimit                               3600
CPXPARAM_MIP_Tolerances_MIPGap                   0
Generic callback                                 0x60
1 of 1 MIP starts provided solutions.
MIP start 'm1' defined initial solution with objective 444.9859.
Tried aggregator 2 times.
MIP Presolve eliminated 10 rows and 8 columns.
MIP Presolve modified 2167 coefficients.
Aggregator did 2 substitutions.
Reduced MIP has 2001 rows, 2390 columns, and 43450 nonzeros.
Reduced MIP has 596 binaries, 594 generals, 0 SOSs, and 0 indicators.
Presolve time = 0.01 sec. (14.14 ticks)
Probing time = 0.00 sec. (5.66 ticks)
Tried aggregator 1 time.
Reduced MIP has 2001 rows, 2390 columns, and 43450 nonzeros.
Reduced MIP has 596 binaries, 594 generals, 0 SOSs, and 0 indicators.
Presolve time = 0.01 sec. (7.90 ticks)
Probing time = 0.00 sec. (5.65 ticks)
MIP emphasis: balance optimality and feasibility.
MIP search method: dynamic search.
Parallel mode: none, using 1 thread.
Root relaxation solution time = 0.12 sec. (164.08 ticks)

        Nodes                                         Cuts/
   Node  Left     Objective  IInf  Best Integer    Best Bound    ItCnt     Gap

*     0+    0                          444.9859      600.0000            34.84%
      0     0      474.7547    50      444.9859      474.7547     1961    6.69%
      0     0      455.2648    92      444.9859     Cuts: 599     2863    2.31%
      0     0      454.0525   114      444.9859     Cuts: 286     3208    2.04%
      0     0      453.7695   104      444.9859     Cuts: 157     3403    1.97%
      0     0      453.6888   116      444.9859     Cuts: 141     3539    1.96%
      0     0      453.5905   114      444.9859      Cuts: 98     3685    1.93%
      0     0      453.5500   108      444.9859     Cuts: 101     3790    1.92%
      0     0      453.5293   116      444.9859      Cuts: 69     3876    1.92%
      0     0      453.5128   108      444.9859      Cuts: 64     3943    1.92%
      0     0      453.5002   110      444.9859      Cuts: 31     3996    1.91%
      0     0      453.4970   114      444.9859 UserPurge2: 29     4025    1.91%
      0     0      453.4957   114      444.9859 UserPurge2: 13     4046    1.91%
      0     0      453.4933   114      444.9859 UserPurge2: 12     4073    1.91%
      0     0      453.4915   106      444.9859 UserPurge2: 6     4091    1.91%
      0     0      453.4891   116      444.9859 UserPurge2: 7     4117    1.91%
      0     0      453.4889   114      444.9859 UserPurge2: 3     4131    1.91%
      0     2      452.8506   118      444.9859      452.8505     4131    1.77%
Elapsed time = 5.13 sec. (2839.51 ticks, tree = 0.01 MB, solutions = 1)
      5     7      449.8864    88      444.9859      452.6857     6249    1.73%
      7     9      450.8457   102      444.9859      452.6857     7613    1.73%
     10    12      449.3452    82      444.9859      452.6857     9707    1.73%
     11    13      449.4718    82      444.9859      452.6857    10347    1.73%
     13    15      449.1172    70      444.9859      452.6857    11466    1.73%
     15    17      446.9040    56      444.9859      452.6857    12740    1.73%
     16    18      446.9485    50      444.9859      452.6857    13075    1.73%
     20    20        cutoff            444.9859      452.6857    13912    1.73%
     23    21      445.3133    44      444.9859      452.6857    14588    1.73%
     30    22      451.2383   110      444.9859      452.6853    17465    1.73%
Elapsed time = 13.54 sec. (9095.88 ticks, tree = 0.27 MB, solutions = 1)
     34    26      449.9621    90      444.9859      452.6853    19412    1.73%
     37    29      447.6043    76      444.9859      452.6853    21451    1.73%
     40    32      445.7693    60      444.9859      452.6853    22961    1.73%
     48    34      451.7360   114      444.9859      452.5616    24609    1.70%
     50    36      449.9842    96      444.9859      452.5616    26965    1.70%
     54    40      447.9238    64      444.9859      452.5616    28470    1.70%
     58    44      446.3008    48      444.9859      452.5616    30243    1.70%
     63    45        cutoff            444.9859      452.5616    32015    1.70%
     69    47      451.4388   114      444.9859      452.3651    33849    1.66%
     71    49      450.7442   102      444.9859      452.3651    35424    1.66%
Elapsed time = 28.58 sec. (21489.06 ticks, tree = 0.66 MB, solutions = 1)
     75    53      448.3049    98      444.9859      452.3651    37465    1.66%
     80    58      447.0451    82      444.9859      452.3651    39460    1.66%
     85    63      445.4927    88      444.9859      452.3651    41621    1.66%
     92    66      451.3365   122      444.9859      452.3604    43662    1.66%
     95    69      450.4542   110      444.9859      452.3604    45464    1.66%
     98    72      449.9947    90      444.9859      452.3604    47151    1.66%
*   100+   72                          444.9946      452.3604             1.66%
    100    74      448.1580    88      444.9946      452.3604    49265    1.66%
    105    79      446.2361    88      444.9946      452.3604    51247    1.66%
    110    80      450.9436   110      444.9946      451.8205    53877    1.53%
    114    84      449.3741   106      444.9946      451.8205    55627    1.53%
Elapsed time = 45.85 sec. (36428.74 ticks, tree = 0.97 MB, solutions = 2)
    117    87      448.6847    88      444.9946      451.8205    57173    1.53%
*   120+   87                          445.1559      451.8205             1.50%
    120    89      446.8361    72      445.1559      451.8205    59042    1.50%
    123    92      446.8291    74      445.1559      451.8205    60791    1.50%
    126    95      445.6004    66      445.1559      451.8205    62172    1.50%
    133    94      451.1547   100      445.1559      451.7359    63530    1.48%
    136    97      450.2765    96      445.1559      451.7359    65317    1.48%
    139   100      449.1373   100      445.1559      451.7359    66554    1.48%
    140   101      448.9005    94      445.1559      451.7359    67322    1.48%
    144   105      446.9569    68      445.1559      451.7359    68797    1.48%
    145   106      446.0946    70      445.1559      451.7359    70379    1.48%
Elapsed time = 62.73 sec. (51790.10 ticks, tree = 1.33 MB, solutions = 3)
    150   111      445.3245    69      445.1559      451.7359    71714    1.48%
    154   111      451.3920   110      445.1559      451.7356    72946    1.48%
    156   113      450.8936   110      445.1559      451.7356    74051    1.48%
    158   115      450.0124   110      445.1559      451.7356    75646    1.48%
    160   117      447.6480   108      445.1559      451.7356    77413    1.48%
    163   120      446.4746    96      445.1559      451.7356    79430    1.48%
    165   122      445.2137    90      445.1559      451.7356    81062    1.48%
    170   123      448.8786   106      445.1559      451.6753    84107    1.46%
    173   126      448.3236   104      445.1559      451.6753    85314    1.46%
    174   127      446.3891    90      445.1559      451.6753    86456    1.46%
Elapsed time = 82.57 sec. (71180.97 ticks, tree = 1.32 MB, solutions = 3)
    176   129      445.5513    81      445.1559      451.6753    87708    1.46%
    180   129      450.8096   108      445.1559      451.4380    89676    1.41%
    184   133      449.8325    90      445.1559      451.4380    91158    1.41%
    187   136      448.4405    92      445.1559      451.4380    92947    1.41%
    190   139      447.7692    88      445.1559      451.4380    94020    1.41%
    194   143      446.9034    80      445.1559      451.4380    95260    1.41%
    197   146      446.2078    84      445.1559      451.4380    96689    1.41%
    201   148      445.4928    80      445.1559      451.4380    98011    1.41%
    205   148      449.9479   106      445.1559      451.4329   100189    1.41%
    207   150      449.4368    96      445.1559      451.4329   101179    1.41%
Elapsed time = 98.84 sec. (85327.06 ticks, tree = 1.57 MB, solutions = 3)
*   210+  149                          445.4355      451.4329             1.35%
    210   151      447.9424    82      445.4355      451.4329   102896    1.35%
    214   155      447.5635    82      445.4355      451.4329   104187    1.35%
    218   159      446.0540    62      445.4355      451.4329   105554    1.35%
    225   158      449.2941    90      445.4355      451.3866   108650    1.34%
    228   161      448.1382    76      445.4355      451.3866   110023    1.34%
    230   163      446.5611    71      445.4355      451.3866   111581    1.34%
    236   165      448.9395   118      445.4355      451.3361   113941    1.32%
    239   168      448.2996    96      445.4355      451.3361   115355    1.32%
    240   169      447.9698    92      445.4355      451.3361   116242    1.32%
    243   172      446.9346    98      445.4355      451.3361   117020    1.32%
Elapsed time = 116.82 sec. (100866.81 ticks, tree = 2.30 MB, solutions = 4)
    245   174      446.0669    85      445.4355      451.3361   118712    1.32%
    250   175        cutoff            445.4355      451.3361   119994    1.32%
    253   176      450.8300   112      445.4355      451.3333   121172    1.32%
    256   179      450.0971   112      445.4355      451.3333   122708    1.32%
    259   182      447.4558   106      445.4355      451.3333   124233    1.32%
    260   183      446.4284   100      445.4355      451.3333   125535    1.32%
    264   183        cutoff            445.4355      451.3333   127074    1.32%
    266   185      450.3449   126      445.4355      451.2431   128677    1.30%
    268   187      449.7153   118      445.4355      451.2431   129739    1.30%
    270   189      449.0630   118      445.4355      451.2431   131269    1.30%
Elapsed time = 135.49 sec. (118082.14 ticks, tree = 2.35 MB, solutions = 4)
    272   191      446.9795   106      445.4355      451.2431   133161    1.30%
    275   194      445.8442   112      445.4355      451.2431   134695    1.30%
    279   194      450.2995   104      445.4355      451.2381   136438    1.30%
*   280+  189                          445.5716      451.2381             1.27%
    280   191      449.9324   106      445.5716      451.2381   137388    1.27%
    282   193      448.7066    90      445.5716      451.2381   138837    1.27%
    285   196      447.7170    80      445.5716      451.2381   139902    1.27%
    288   199      446.9559    72      445.5716      451.2381   140657    1.27%
    290   201      446.9312    68      445.5716      451.2381   141676    1.27%
    295   202      450.4325   112      445.5716      451.2380   143405    1.27%
    296   203      450.1255   106      445.5716      451.2380   144312    1.27%
Elapsed time = 154.36 sec. (137040.54 ticks, tree = 2.61 MB, solutions = 5)
    298   205      449.5694   106      445.5716      451.2380   145511    1.27%
    300   207      449.2218   106      445.5716      451.2380   146554    1.27%
    303   210      448.5231   104      445.5716      451.2380   147784    1.27%
    305   212      446.4362    98      445.5716      451.2380   149453    1.27%
    308   215      445.7795    96      445.5716      451.2380   151110    1.27%
    312   215      450.5717   105      445.5716      451.1544   152560    1.25%
    316   219      449.9556    91      445.5716      451.1544   153690    1.25%
    317   220      449.4713    91      445.5716      451.1544   154653    1.25%
    320   223      446.4149    81      445.5716      451.1544   157353    1.25%
*   330+  183                          446.6458      451.1463             1.01%
    330   185      449.1009    80      446.6458      451.1463   161209    1.01%
Elapsed time = 178.45 sec. (161826.54 ticks, tree = 2.17 MB, solutions = 6)
    340   191      448.7586   104      446.6458      451.1458   165867    1.01%
    352   195      449.1644    88      446.6458      451.1105   170884    1.00%
    362   201        cutoff            446.6458      451.1105   174854    1.00%
    370   207      447.9573    84      446.6458      451.0660   177035    0.99%
    380   213      448.0773    92      446.6458      451.0655   180286    0.99%
    389   216      449.8181   120      446.6458      451.0314   184015    0.98%
    390   217      449.4735   112      446.6458      451.0314   184695    0.98%
    399   222      450.0463   108      446.6458      451.0312   187827    0.98%
    401   224      449.0515   102      446.6458      451.0312   188691    0.98%
    415   234      446.9770    80      446.6458      451.0312   191714    0.98%
Elapsed time = 226.95 sec. (205746.25 ticks, tree = 3.35 MB, solutions = 6)
    422   237      447.9306    62      446.6458      450.9834   195075    0.97%
    433   238      449.8875   100      446.6458      450.9432   197617    0.96%
    445   246      450.0522   108      446.6458      450.8935   202214    0.95%
    450   251      447.9510    96      446.6458      450.8935   205728    0.95%
    459   256      449.1159   108      446.6458      450.8437   209921    0.94%
    467   262      446.9293    99      446.6458      450.8437   213563    0.94%
    476   267      446.8205    84      446.6458      450.8432   217125    0.94%
    480   267      448.3008    66      446.6458      450.8295   219862    0.94%
    490   269      449.1720   108      446.6458      450.8092   223375    0.93%
    497   276      446.7248    87      446.6458      450.8092   227089    0.93%
Elapsed time = 282.16 sec. (254096.23 ticks, tree = 4.56 MB, solutions = 6)
    511   282        cutoff            446.6458      450.7874   231279    0.93%
    515   286      448.8749   102      446.6458      450.7383   234305    0.92%
    523   290      449.0753   100      446.6458      450.7324   238535    0.91%
    528   295      447.3569   102      446.6458      450.7324   241766    0.91%
    536   299      448.5487    85      446.6458      450.7108   245711    0.91%
    555   306      449.7528   100      446.6458      450.6603   249788    0.90%
    567   318      446.7911    40      446.6458      450.6603   252800    0.90%
    575   322      447.4312   102      446.6458      450.6104   256822    0.89%
    580   323      449.6385    96      446.6458      450.5713   258602    0.88%
    592   335      446.9704    66      446.6458      450.5713   261655    0.88%
Elapsed time = 324.92 sec. (299875.18 ticks, tree = 4.69 MB, solutions = 6)
    600   337      447.7674    95      446.6458      450.5553   264679    0.88%
    610   339      449.1636   106      446.6458      450.5378   268557    0.87%
    622   345      449.6544    94      446.6458      450.5364   272848    0.87%
    630   353      447.0314    50      446.6458      450.5364   275831    0.87%
    640   357        cutoff            446.6458      450.4857   279815    0.86%
    650   363      448.1438    95      446.6458      450.4542   283458    0.85%
    659   366      449.7326   108      446.6458      450.4542   287525    0.85%
    660   367      449.5262   106      446.6458      450.4542   287890    0.85%
    666   369      449.0755   110      446.6458      450.4379   292174    0.85%
    673   374        cutoff            446.6458      450.4379   295571    0.85%
Elapsed time = 371.20 sec. (340642.64 ticks, tree = 4.83 MB, solutions = 6)
    680   377      447.7811    84      446.6458      450.4375   298566    0.85%
    690   381      449.5448   108      446.6458      450.4313   301449    0.85%
    701   392      446.6869    84      446.6458      450.4313   304865    0.85%
    715   400      447.6421   104      446.6458      450.4223   307944    0.85%
    725   402      447.8849    87      446.6458      450.3441   311452    0.83%
    733   406      448.5999   108      446.6458      450.3255   315779    0.82%
    742   415      446.6600    63      446.6458      450.3255   319818    0.82%
    752   417      447.4562    94      446.6458      450.2810   323486    0.81%
    760   421      447.6915    70      446.6458      450.2763   327018    0.81%
    772   427      448.0077    80      446.6458      450.2754   330416    0.81%
Elapsed time = 421.30 sec. (384452.58 ticks, tree = 6.14 MB, solutions = 6)
    784   433      447.6698    73      446.6458      450.2731   334364    0.81%
    794   437      448.5769    96      446.6458      450.1914   337527    0.79%
    800   439      448.0798   116      446.6458      450.1747   341642    0.79%
    808   441      448.9948    98      446.6458      450.1710   345274    0.79%
    818   447      449.1891   114      446.6458      450.1389   348410    0.78%
    828   453      449.6100   106      446.6458      450.1237   351588    0.78%
    837   460      447.5011   104      446.6458      450.1237   354747    0.78%
    848   467      446.6517    88      446.6458      450.1208   358188    0.78%
    859   474      447.5841    76      446.6458      450.0970   361156    0.77%
    873   480      448.7351   106      446.6458      450.0741   365200    0.77%
Elapsed time = 476.24 sec. (431002.04 ticks, tree = 7.72 MB, solutions = 6)
    879   486      447.1641   100      446.6458      450.0741   368549    0.77%
    886   489      447.1351    94      446.6458      450.0506   372846    0.76%
    895   494      447.5613    70      446.6458      450.0489   375960    0.76%
    907   502      448.4766    84      446.6458      450.0457   379303    0.76%
    920   509      448.6699    82      446.6458      450.0374   383335    0.76%
    930   515      448.5771    74      446.6458      450.0351   386645    0.76%
    941   522      448.1604    70      446.6458      450.0189   390083    0.76%

Performing restart 1

Repeating presolve.
Tried aggregator 1 time.
MIP Presolve eliminated 539 rows and 383 columns.
MIP Presolve modified 199 coefficients.
Reduced MIP has 1462 rows, 2007 columns, and 39337 nonzeros.
Reduced MIP has 483 binaries, 326 generals, 0 SOSs, and 0 indicators.
Presolve time = 0.02 sec. (15.05 ticks)
Tried aggregator 1 time.
Reduced MIP has 1462 rows, 2007 columns, and 39337 nonzeros.
Reduced MIP has 483 binaries, 326 generals, 0 SOSs, and 0 indicators.
Presolve time = 0.01 sec. (8.33 ticks)
Represolve time = 0.26 sec. (196.70 ticks)
    950     0      451.7167    88      446.6458 UserPurge2: 3   399206    0.76%
    950     0      451.6896    90      446.6458       Cuts: 6   399283    0.76%
    950     0      451.6867    96      446.6458      Cuts: 18   399311    0.76%
    950     0      451.6662    86      446.6458      Cuts: 15   399363    0.76%
    950     0      451.6455    96      446.6458      Cuts: 32   399434    0.76%
    950     0      451.6453    94      446.6458 UserPurge2: 2   399442    0.76%
    950     2      451.6175   100      446.6458      450.0189   399442    0.76%
    952     4      450.7316    80      446.6458      450.0189   400140    0.76%
    959    10      448.5978    62      446.6458      450.0189   401583    0.76%
Elapsed time = 527.69 sec. (479374.21 ticks, tree = 0.02 MB, solutions = 6)
    983    18      450.9230    90      446.6458      450.0189   404292    0.76%
   1015    41      450.2247    78      446.6458      450.0189   410120    0.76%
   1049    68      447.6910    47      446.6458      450.0189   412179    0.76%
   1096   102      446.9343    57      446.6458      450.0189   415734    0.76%
   1154   142      447.1318    78      446.6458      450.0189   424473    0.76%
   1187   167      448.1452    80      446.6458      450.0189   427451    0.76%
   1232   200      447.4096    66      446.6458      450.0189   435138    0.76%
   1276   230        cutoff            446.6458      450.0189   443800    0.76%
   1356   297      449.9689    80      446.6458      450.0189   455203    0.76%
   1429   355      448.6914    66      446.6458      450.0189   467534    0.76%
Elapsed time = 556.87 sec. (518435.61 ticks, tree = 2.56 MB, solutions = 6)
   1495   401      447.2221    66      446.6458      450.0189   474926    0.76%
   1564   455      448.5670    86      446.6458      450.0189   481909    0.76%
   1690   547      446.9028    49      446.6458      450.0189   490781    0.76%
   1777   612      449.2869    78      446.6458      450.0189   500997    0.76%
   1855   672      447.8632    74      446.6458      450.0189   508938    0.76%
   1944   740      449.0640    74      446.6458      450.0189   517724    0.76%
   2017   794      447.2835    72      446.6458      450.0189   525962    0.76%
   2123   878      447.2348    16      446.6458      450.0189   535884    0.76%
   2196   921      449.1641    70      446.6458      450.0189   545214    0.76%
   2281   972      449.7004    72      446.6458      450.0189   555141    0.76%
Elapsed time = 589.13 sec. (556776.94 ticks, tree = 13.56 MB, solutions = 6)
   2396  1054      447.2812    50      446.6458      450.0189   563043    0.76%
   2491  1118      449.3214    86      446.6458      450.0189   572077    0.76%
   2580  1187      448.1780    66      446.6458      450.0189   580526    0.76%
   2658  1227        cutoff            446.6458      450.0189   590211    0.76%
   2716  1256      446.6708    66      446.6458      450.0189   599410    0.76%
   2814  1305      449.2798    66      446.6458      450.0189   609244    0.76%
   2919  1373        cutoff            446.6458      450.0189   619382    0.76%
   2999  1421      446.7380    64      446.6458      450.0189   629050    0.76%
   3085  1469      448.2002    78      446.6458      450.0189   638517    0.76%
   3165  1515      446.7578    68      446.6458      450.0098   648628    0.75%
Elapsed time = 621.92 sec. (595482.29 ticks, tree = 22.10 MB, solutions = 6)
   3246  1562      448.2731    76      446.6458      449.9769   658289    0.75%
   3313  1600      447.2809    70      446.6458      449.9657   667313    0.74%
   3387  1637      446.6542    56      446.6458      449.9543   676243    0.74%
   3453  1681      447.4823    80      446.6458      449.9335   685345    0.74%
   3520  1715      448.9570    72      446.6458      449.9307   693908    0.74%
   3602  1762      446.9327    62      446.6458      449.9125   703417    0.73%
   3670  1795      447.7377    66      446.6458      449.9045   712565    0.73%
   3778  1853      448.3771    88      446.6458      449.8594   721383    0.72%
   3865  1912      446.9482    78      446.6458      449.8352   731342    0.71%
   3984  1987      447.7260    76      446.6458      449.8071   741148    0.71%
Elapsed time = 654.43 sec. (634375.88 ticks, tree = 29.66 MB, solutions = 6)
   4063  2038      447.5710    72      446.6458      449.7877   750759    0.70%
   4149  2082      447.9938    60      446.6458      449.7792   759892    0.70%
   4308  2168      447.6858    70      446.6458      449.7546   769151    0.70%
   4406  2223      447.9822    76      446.6458      449.7241   778217    0.69%
   4483  2263      446.7535    52      446.6458      449.7091   787223    0.69%
   4580  2300      446.8678    60      446.6458      449.6936   796122    0.68%
   4657  2336        cutoff            446.6458      449.6813   805686    0.68%
   4765  2400      447.3382    74      446.6458      449.6668   815128    0.68%
   4841  2442      447.6135    72      446.6458      449.6299   824951    0.67%
   4945  2501      448.2759    68      446.6458      449.6097   834518    0.66%
Elapsed time = 687.11 sec. (673103.93 ticks, tree = 39.07 MB, solutions = 6)
   5019  2549      448.2488    66      446.6458      449.5801   843591    0.66%
   5119  2608      447.9369    66      446.6458      449.5546   853009    0.65%
   5221  2654      448.4658    82      446.6458      449.5412   863067    0.65%
   5341  2710        cutoff            446.6458      449.5249   871694    0.64%
   5435  2763      447.3065    88      446.6458      449.4975   881872    0.64%
   5536  2803      448.2769    76      446.6458      449.4879   891810    0.64%
   5647  2851      447.4636    86      446.6458      449.4760   901785    0.63%
   5722  2885        cutoff            446.6458      449.4535   910953    0.63%
   5803  2918      448.1726    80      446.6458      449.4346   920631    0.62%
   5889  2963      447.2950    80      446.6458      449.4277   930345    0.62%
Elapsed time = 719.97 sec. (712035.27 ticks, tree = 45.74 MB, solutions = 6)
   5962  3003      447.2346    90      446.6458      449.4172   940478    0.62%
   6055  3053      448.1268    76      446.6458      449.3982   950411    0.62%
   6133  3094      448.0989    70      446.6458      449.3708   960092    0.61%
   6202  3134        cutoff            446.6458      449.3556   968721    0.61%
   6284  3170      447.0862    46      446.6458      449.3438   978753    0.60%
   6373  3204      448.9881    74      446.6458      449.3309   988791    0.60%
   6478  3255      447.7520    76      446.6458      449.3154   999062    0.60%
   6568  3288      448.2103    68      446.6458      449.2997  1009762    0.59%
   6686  3355      447.7129    78      446.6458      449.2888  1019594    0.59%
   6802  3418      448.1183    64      446.6458      449.2733  1029917    0.59%
Elapsed time = 752.06 sec. (750607.98 ticks, tree = 53.79 MB, solutions = 6)
   6917  3478      447.6967    76      446.6458      449.2630  1040153    0.59%
   7027  3539      447.3640    50      446.6458      449.2578  1048863    0.58%
   7136  3586      446.7981    50      446.6458      449.2530  1058821    0.58%
   7268  3648      447.0733    38      446.6458      449.2370  1068977    0.58%
   7381  3703        cutoff            446.6458      449.2264  1078668    0.58%
   7490  3753      447.3190    74      446.6458      449.2016  1088253    0.57%
   7595  3806      447.5919    56      446.6458      449.1892  1098676    0.57%
   7710  3856      446.9439    62      446.6458      449.1810  1109026    0.57%
   7812  3895      448.0623    74      446.6458      449.1741  1118677    0.57%
   7897  3938        cutoff            446.6458      449.1465  1128813    0.56%
Elapsed time = 784.52 sec. (788896.84 ticks, tree = 58.81 MB, solutions = 6)
   8031  4005      447.0510    60      446.6458      449.1295  1138641    0.56%
   8137  4060      446.9705    52      446.6458      449.1139  1148948    0.55%
   8230  4101      447.0845    68      446.6458      449.0907  1158673    0.55%
   8338  4149      446.8023    72      446.6458      449.0734  1168285    0.54%
   8433  4194      447.5191    76      446.6458      449.0697  1178045    0.54%
   8585  4272      447.8063    80      446.6458      449.0584  1187656    0.54%
   8684  4320      447.2443    66      446.6458      449.0509  1197751    0.54%
   8795  4357      447.8070    60      446.6458      449.0337  1207622    0.53%
   8934  4423      448.1704    74      446.6458      449.0208  1217914    0.53%
   9047  4482      446.9219    78      446.6458      449.0079  1227469    0.53%
Elapsed time = 817.58 sec. (827599.76 ticks, tree = 70.24 MB, solutions = 6)
   9132  4520      447.0001    68      446.6458      448.9988  1236817    0.53%
*  9247  4538      integral     0      446.6622      448.9922  1243736    0.52%
   9262  4547      447.1720    78      446.6622      448.9906  1245942    0.52%
   9350  4596      447.8340    76      446.6622      448.9833  1255026    0.52%
   9465  4646      447.4114    80      446.6622      448.9699  1264155    0.52%
   9563  4684      447.5057    76      446.6622      448.9602  1273833    0.51%
   9661  4723      448.1568    56      446.6622      448.9465  1282632    0.51%
   9754  4767      447.2924    76      446.6622      448.9393  1292145    0.51%
   9879  4824      447.9008    68      446.6622      448.9326  1302384    0.51%
   9956  4848      447.2238    74      446.6622      448.9224  1311877    0.51%
  10043  4879      447.3282    62      446.6622      448.9147  1320751    0.50%
Elapsed time = 850.42 sec. (866395.28 ticks, tree = 74.57 MB, solutions = 7)
  10140  4931      447.3680    48      446.6622      448.9056  1329708    0.50%
  10263  4985      447.4201    78      446.6622      448.8977  1339212    0.50%
  10363  5028      448.5820    76      446.6622      448.8920  1348670    0.50%
  10449  5069      447.2102    64      446.6622      448.8765  1358004    0.50%
  10450  5070      447.0626    68      446.6622      448.8765  1358072    0.50%
  10451  5071      447.5160    70      446.6622      448.8761  1358498    0.50%
  10452  5070        cutoff            446.6622      448.8761  1358916    0.50%

Performing restart 2

Repeating presolve.
Tried aggregator 1 time.
MIP Presolve eliminated 78 rows and 152 columns.
MIP Presolve modified 24 coefficients.
Reduced MIP has 1384 rows, 1855 columns, and 34714 nonzeros.
Reduced MIP has 374 binaries, 291 generals, 0 SOSs, and 0 indicators.
Presolve time = 0.02 sec. (12.55 ticks)
Tried aggregator 1 time.
Reduced MIP has 1384 rows, 1855 columns, and 34714 nonzeros.
Reduced MIP has 374 binaries, 291 generals, 0 SOSs, and 0 indicators.
Presolve time = 0.01 sec. (7.20 ticks)
Represolve time = 0.25 sec. (171.63 ticks)
  10453     0      451.4047    94      446.6622      Cuts: 11  1362474    0.50%
  10453     0      451.4005    92      446.6622    MIRcuts: 7  1362514    0.50%
  10453     0      451.3994    86      446.6622       Cuts: 4  1362526    0.50%
  10453     0      451.3994    92      446.6622    MIRcuts: 3  1362529    0.50%

Repeating presolve.
Tried aggregator 1 time.
MIP Presolve eliminated 52 rows and 46 columns.
MIP Presolve modified 28 coefficients.
Reduced MIP has 1332 rows, 1809 columns, and 33594 nonzeros.
Reduced MIP has 355 binaries, 266 generals, 0 SOSs, and 0 indicators.
Presolve time = 0.02 sec. (12.00 ticks)
Tried aggregator 1 time.
Reduced MIP has 1332 rows, 1809 columns, and 33594 nonzeros.
Reduced MIP has 355 binaries, 266 generals, 0 SOSs, and 0 indicators.
Presolve time = 0.01 sec. (6.97 ticks)
Represolve time = 0.25 sec. (169.45 ticks)
  10453     0      451.3482    92      446.6622   MIRcuts: 10  1365647    0.50%
  10453     0      451.3479    92      446.6622    MIRcuts: 2  1365657    0.50%
  10453     0      451.3478    96      446.6622       Cuts: 3  1365663    0.50%
  10453     0      451.3470    92      446.6622    MIRcuts: 3  1365680    0.50%
  10453     0      451.3466    92      446.6622    MIRcuts: 3  1365688    0.50%
  10453     0      451.3466    94      446.6622    MIRcuts: 1  1365692    0.50%
  10453     2      451.3174    94      446.6622      448.8761  1365692    0.50%
  10458     7      450.9835    86      446.6622      448.8761  1366876    0.50%
  10467    16      450.1682    78      446.6622      448.8761  1370637    0.50%
Elapsed time = 898.68 sec. (921881.39 ticks, tree = 0.06 MB, solutions = 7)
  10522    43      447.7897    62      446.6622      448.8761  1376503    0.50%
  10573    80      449.1164    72      446.6622      448.8761  1380993    0.50%
  10639   126      449.8018    92      446.6622      448.8761  1388719    0.50%
  10723   189      448.3984    68      446.6622      448.8761  1399159    0.50%
  10813   255      448.8880    72      446.6622      448.8761  1410670    0.50%
  10948   342      449.3047    76      446.6622      448.8761  1421104    0.50%
  11066   429        cutoff            446.6622      448.8761  1430720    0.50%
  11194   524      448.8828    66      446.6622      448.8761  1441334    0.50%
  11334   619      448.4677    62      446.6622      448.8761  1453497    0.50%
  11519   728      449.4584    72      446.6622      448.8761  1464691    0.50%
Elapsed time = 928.68 sec. (960496.41 ticks, tree = 7.55 MB, solutions = 7)
  11687   852      447.5880    56      446.6622      448.8761  1477035    0.50%
  11878   993      447.4902    59      446.6622      448.8761  1489500    0.50%
  12035  1099      448.8061    76      446.6622      448.8761  1501961    0.50%
  12215  1217      446.7845    48      446.6622      448.8761  1515045    0.50%
  12409  1350      448.6911    68      446.6622      448.8761  1528513    0.50%
  12584  1465      447.4009    56      446.6622      448.8761  1540878    0.50%
  12793  1598      447.9393    66      446.6622      448.8761  1553442    0.50%
  12956  1698      447.0293    70      446.6622      448.8761  1566065    0.50%
  13112  1794      447.1785    50      446.6622      448.8761  1578644    0.50%
  13270  1880      447.6845    68      446.6622      448.8761  1591205    0.50%
Elapsed time = 963.57 sec. (998811.32 ticks, tree = 27.45 MB, solutions = 7)
  13399  1951      448.3089    68      446.6622      448.8761  1603929    0.50%
  13557  2037      448.2513    55      446.6622      448.8761  1616440    0.50%
  13736  2145      448.0801    64      446.6622      448.8761  1628633    0.50%
  13856  2220      448.5692    63      446.6622      448.8761  1641317    0.50%
  13975  2288      448.3032    62      446.6622      448.8761  1653397    0.50%
  14078  2343      447.2098    60      446.6622      448.8761  1664906    0.50%
  14188  2398      448.2829    72      446.6622      448.8761  1676304    0.50%
  14318  2478      447.3079    58      446.6622      448.8761  1688691    0.50%
  14434  2534      447.8362    62      446.6622      448.8761  1700975    0.50%
  14561  2599      446.9737    64      446.6622      448.8761  1713399    0.50%
Elapsed time = 997.05 sec. (1037463.96 ticks, tree = 37.53 MB, solutions = 7)
  14687  2667      447.5004    70      446.6622      448.8761  1726133    0.50%
  14829  2731      447.7985    74      446.6622      448.8761  1739267    0.50%
  14974  2801      446.7996    68      446.6622      448.8761  1751187    0.50%
  15084  2849      447.3065    60      446.6622      448.8761  1763375    0.50%
  15220  2919      447.9665    68      446.6622      448.8761  1775850    0.50%
  15325  2968      448.1624    66      446.6622      448.8761  1788417    0.50%
  15511  3062      447.0640    10      446.6622      448.8761  1800601    0.50%
  15670  3139      448.1982    80      446.6622      448.8761  1812650    0.50%
  15822  3225      447.2501    16      446.6622      448.8761  1823913    0.50%
  15963  3288      447.0316    60      446.6622      448.8761  1836703    0.50%
Elapsed time = 1030.29 sec. (1076134.37 ticks, tree = 47.13 MB, solutions = 7)
  16084  3333      448.5088    68      446.6622      448.8761  1849409    0.50%
  16243  3395      448.9242    60      446.6622      448.8761  1861859    0.50%
  16383  3456      447.1143    38      446.6622      448.8761  1874883    0.50%
  16511  3521      447.1206    70      446.6622      448.8761  1887200    0.50%
  16627  3574      447.7160    70      446.6622      448.8761  1899569    0.50%
  16788  3644      447.4891    70      446.6622      448.8761  1911710    0.50%
  16903  3696      447.3180    78      446.6622      448.8761  1924820    0.50%
  17049  3770      447.3555    58      446.6622      448.8761  1937896    0.50%
  17165  3813        cutoff            446.6622      448.8761  1950868    0.50%
  17275  3854        cutoff            446.6622      448.8633  1963405    0.49%
Elapsed time = 1063.23 sec. (1114686.48 ticks, tree = 55.60 MB, solutions = 7)
  17443  3923        cutoff            446.6622      448.8405  1976282    0.49%
  17572  3968      446.8317    60      446.6622      448.8145  1988727    0.48%
  17746  4044        cutoff            446.6622      448.7934  2000464    0.48%
  17891  4106      447.0785    64      446.6622      448.7731  2013048    0.47%
  18021  4137      448.1799    72      446.6622      448.7521  2025746    0.47%
  18217  4232      447.5700    52      446.6622      448.7441  2038163    0.47%
  18379  4300      447.2987    56      446.6622      448.7297  2051447    0.46%
  18509  4350      446.7900    72      446.6622      448.7170  2063764    0.46%
  18628  4390      446.7544    54      446.6622      448.7043  2076199    0.46%
  18764  4432        cutoff            446.6622      448.6714  2087828    0.45%
Elapsed time = 1096.37 sec. (1153191.31 ticks, tree = 63.72 MB, solutions = 7)
  18881  4480      447.0167    46      446.6622      448.6574  2099828    0.45%
  19021  4522      447.4757    70      446.6622      448.6461  2112230    0.44%
* 19103+ 4562                          446.6653      448.6429             0.44%
  19152  4574      447.0715    72      446.6653      448.6233  2121199    0.44%
  19239  4600      447.3635    80      446.6653      448.6056  2130651    0.43%
  19373  4643      447.9454    70      446.6653      448.5833  2142598    0.43%
* 19473+ 3733                          446.9757      448.5796             0.36%
  19486  3746      448.1611    64      446.9757      448.5796  2150767    0.36%
  19571  3762      448.2546    72      446.9757      448.5554  2159640    0.35%
  19675  3787        cutoff            446.9757      448.5338  2170063    0.35%
  19764  3797      447.8716    82      446.9757      448.5070  2180458    0.34%
  19884  3842      447.5939    74      446.9757      448.4840  2191373    0.34%
Elapsed time = 1128.95 sec. (1191894.70 ticks, tree = 53.71 MB, solutions = 9)
  19990  3859        cutoff            446.9757      448.4529  2202745    0.33%
  20103  3860        cutoff            446.9757      448.4203  2213490    0.32%
  20189  3835      447.4393    84      446.9757      448.3957  2224001    0.32%
  20311  3844      447.5001    82      446.9757      448.3719  2235551    0.31%
  20396  3848      447.3208    64      446.9757      448.3570  2247025    0.31%
  20524  3863      447.2174    52      446.9757      448.3305  2258036    0.30%
  20637  3858      447.2071    72      446.9757      448.2991  2269606    0.30%
  20763  3860        cutoff            446.9757      448.2762  2279778    0.29%
  20859  3848        cutoff            446.9757      448.2483  2290663    0.28%
  20972  3859      447.3293    58      446.9757      448.2247  2301666    0.28%
Elapsed time = 1160.64 sec. (1230390.50 ticks, tree = 54.84 MB, solutions = 9)
  21143  3905      447.1584    64      446.9757      448.2036  2312714    0.27%
  21256  3899        cutoff            446.9757      448.1888  2323621    0.27%
  21391  3951        cutoff            446.9757      448.1786  2334939    0.27%
  21496  3941        cutoff            446.9757      448.1485  2345578    0.26%
* 21523+ 3788                          447.0139      448.1485             0.25%
  21612  3751        cutoff            447.0139      448.1145  2355952    0.25%
  21703  3733        cutoff            447.0139      448.0870  2366014    0.24%
  21804  3723      447.1547    62      447.0139      448.0619  2375945    0.23%
  21910  3705      447.1999    56      447.0139      448.0395  2385610    0.23%
  22020  3658        cutoff            447.0139      448.0129  2396164    0.22%
  22157  3643        cutoff            447.0139      447.9845  2406752    0.22%
Elapsed time = 1192.52 sec. (1268782.32 ticks, tree = 51.75 MB, solutions = 10)
  22309  3633        cutoff            447.0139      447.9669  2416966    0.21%
  22413  3607      447.2605    70      447.0139      447.9458  2427812    0.21%
  22553  3589        cutoff            447.0139      447.9242  2437365    0.20%
  22663  3557        cutoff            447.0139      447.9045  2446986    0.20%
  22802  3517      447.2022    66      447.0139      447.8793  2457507    0.19%
  22933  3485      447.5709    40      447.0139      447.8558  2468655    0.19%
  23096  3458      447.2432    62      447.0139      447.8282  2479610    0.18%
  23278  3457        cutoff            447.0139      447.8059  2489527    0.18%
  23455  3450      447.5543    52      447.0139      447.7883  2500005    0.17%
  23597  3401        cutoff            447.0139      447.7601  2510654    0.17%
Elapsed time = 1224.28 sec. (1307189.45 ticks, tree = 47.51 MB, solutions = 10)
  23748  3341      447.1068    22      447.0139      447.7353  2521190    0.16%
  23912  3279        cutoff            447.0139      447.7046  2532297    0.15%
  24108  3245        cutoff            447.0139      447.6758  2541784    0.15%
  24262  3185      447.4766    84      447.0139      447.6536  2552244    0.14%
  24463  3125      447.2882    52      447.0139      447.6266  2563962    0.14%
  24654  3046        cutoff            447.0139      447.5920  2574656    0.13%
  24835  2949      447.1143    64      447.0139      447.5632  2585234    0.12%
  25021  2845        cutoff            447.0139      447.5325  2596350    0.12%
  25237  2775        cutoff            447.0139      447.5032  2607626    0.11%
  25443  2683      447.0503    25      447.0139      447.4727  2617627    0.10%
Elapsed time = 1256.34 sec. (1345591.66 ticks, tree = 35.12 MB, solutions = 10)
  25661  2569        cutoff            447.0139      447.4397  2627711    0.10%
  25917  2433        cutoff            447.0139      447.4108  2638955    0.09%
  26186  2262        cutoff            447.0139      447.3749  2649728    0.08%
  26435  2066        cutoff            447.0139      447.3337  2660619    0.07%
  26730  1792        cutoff            447.0139      447.2877  2670348    0.06%
  27033  1532      447.0564    60      447.0139      447.2441  2680549    0.05%
  27377  1218        cutoff            447.0139      447.1947  2689314    0.04%
  27817   797        cutoff            447.0139      447.1276  2696076    0.03%
  28335   295        cutoff            447.0139      447.0569  2701214    0.01%

Flow cuts applied:  7
Mixed integer rounding cuts applied:  31
Lift and project cuts applied:  4
User cuts applied:  1624

Root node processing (before b&c):
  Real time             =    5.12 sec. (2814.27 ticks)
Sequential b&c:
  Real time             = 1281.74 sec. (1379256.26 ticks)
                          ------------
Total (root+branch&cut) = 1286.86 sec. (1382070.53 ticks)
|V|                                     600
K                                       10
theta                                   0.20
r                                       10
R                                       25
prob_func                               linear
#C1                                     5420
#CP                                     75078

@Parameters: 
am_callback_heuristic                   false
am_local_search                         true
am_start_heuristic                      false
colocation                              true
comp                                    false
cutC                                    true
cutC_init                               false
cutF                                    true
cutF_init                               false
cutF_stable                             false
cutF_wrong                              false
cutLocal                                false
cutM                                    true
cutM_init                               true
cutM_stable                             false
cutP                                    true
cutP_init                               false
cutP_stable                             false
init                                    true
init_cutF_zero                          false
init_val_greedy                         true
is_Euclidean                            false
is_local_search                         false
is_right_cutP                           true
is_root                                 false
is_silent                               false
is_start                                false
mycut                                   false
pmed                                    false
pre                                     true
stable_root                             false
str                                     false
two_phase                               false
ubstr                                   false
mode                                    Int

am_callback_node_space                  50
init                                    0
mixture_seed                            1
node_space                              5
nodelimit                               -1
nsepa                                   1
strF                                    0
type_delta                              0

EPS                                     0.001000
EPS_FRAC                                0.00
gap                                     0.00
mixture_high_max                        0.99
mixture_high_min                        0.90
mixture_low_max                         0.01
mixture_low_min                         0.00
mixture_low_share                       0.80
timelimit                               3600.00

Number of Closed Sites: 4 / 40 
Number of Confined Sites-1: 2 / 18 
Number of Confined Sites-k: 562 / 755 
Preprocess Time: 0.98 + 0.00 sec

Solve Time: 1286.86
Number of Nodes: 28631
Termination Status: OPTIMAL

CutInfo: [phase] num / time (sec) / aver. num_nonzero
max              [LP]     0 / 0.00 / 0.00 [init]   418 / 0.01 / 15.26 [rLC]   367 / 0.03 / 29.77 [rUC]  1043 / 0.11 / 24.93 [sLC]   245 / 0.12 / 28.46 [sUC]  1508 / 2.21 / 25.72 
prod_oa          [LP]     0 / 0.00 / 0.00 [init]   394 / 0.01 / 84.61 [rLC]   881 / 0.05 / 112.83 [rUC]    93 / 0.30 / 80.11 [sLC]  2320 / 0.38 / 110.02 [sUC]   333 / 7.98 / 94.96 
prod_sm_fixed    [LP]     0 / 0.00 / 0.00 [init]     0 / 0.00 / 0.00 [rLC]     0 / 0.00 / 0.00 [rUC]     0 / 0.00 / 0.00 [sLC]     0 / 0.00 / 0.00 [sUC]     0 / 0.00 / 0.00 
prod_bin         [LP]     0 / 0.00 / 0.00 [init]     0 / 0.00 / 0.00 [rLC]     0 / 0.00 / 0.00 [rUC]     0 / 0.00 / 0.00 [sLC]     0 / 0.00 / 0.00 [sUC]     0 / 0.00 / 0.00 
prod_local       [LP]     0 / 0.00 / 0.00 [init]     0 / 0.00 / 0.00 [rLC]     0 / 0.00 / 0.00 [rUC]     0 / 0.00 / 0.00 [sLC]     0 / 0.00 / 0.00 [sUC]     0 / 0.00 / 0.00 
prod_sm_C        [LP]     0 / 0.00 / 0.00 [init]     0 / 0.08 / 0.00 [rLC]     0 / 0.34 / 0.00 [rUC]   556 / 1.65 / 129.50 [sLC]     0 / 2.45 / 0.00 [sUC]  6068 / 36.82 / 213.25 
facet            [LP]     0 / 0.00 / 0.00 [init]     0 / 0.00 / 0.00 [rLC]     0 / 0.00 / 0.00 [rUC]   547 / 0.00 / 0.00 [sLC]     0 / 0.00 / 0.00 [sUC]  6006 / 0.00 / 0.00 
Separation Round:   [LP] 0  [init] 1  [rLC] 4  [rUC] 17  [sLC] 29  [sUC] 36937  
Root Best Bound 452.685743
Root Best Integer: 444.985861
Best Bound: 447.101550
Best Integer: 447.013894
1: 4, 88, 110, 251, 301, 324, 338, 544
2: 302
Objective Value (calc): 446.980312
sum_etaM = 395.800000 / 395.800000
sum_etaP = 459.817368 / 459.775390
nL: 9
nCL: 1
mCL: 2
