Version identifier: 20.1.0.0 | 2020-11-10 | 9bedb6d68
CPXPARAM_Threads                                 1
CPXPARAM_TimeLimit                               3600
CPXPARAM_MIP_Tolerances_MIPGap                   0
Generic callback                                 0x60
1 of 1 MIP starts provided solutions.
MIP start 'm1' defined initial solution with objective 573.5564.
Tried aggregator 2 times.
MIP Presolve eliminated 29 rows and 20 columns.
MIP Presolve modified 197 coefficients.
Aggregator did 9 substitutions.
Reduced MIP has 1479 rows, 2371 columns, and 7185 nonzeros.
Reduced MIP has 590 binaries, 581 generals, 0 SOSs, and 0 indicators.
Presolve time = 0.00 sec. (3.36 ticks)
Probing time = 0.00 sec. (0.41 ticks)
Tried aggregator 1 time.
Reduced MIP has 1479 rows, 2371 columns, and 7185 nonzeros.
Reduced MIP has 590 binaries, 581 generals, 0 SOSs, and 0 indicators.
Presolve time = 0.00 sec. (1.99 ticks)
Probing time = 0.00 sec. (0.41 ticks)
MIP emphasis: balance optimality and feasibility.
MIP search method: dynamic search.
Parallel mode: none, using 1 thread.
Root relaxation solution time = 0.00 sec. (3.63 ticks)

        Nodes                                         Cuts/
   Node  Left     Objective  IInf  Best Integer    Best Bound    ItCnt     Gap

*     0+    0                          573.5564      600.0000             4.61%
      0     0      600.0000    18      573.5564      600.0000      435    4.61%
      0     0      581.3339   308      573.5564     Cuts: 469      931    1.36%
      0     0      578.8199   270      573.5564     Cuts: 449     1314    0.92%
      0     0      578.0753   340      573.5564     Cuts: 274     1582    0.79%
      0     0      577.7732   416      573.5564     Cuts: 202     1788    0.74%
      0     0      577.6583   420      573.5564     Cuts: 175     2021    0.72%
      0     0      577.6067   454      573.5564     Cuts: 113     2162    0.71%
      0     0      577.5886   402      573.5564      Cuts: 87     2268    0.70%
      0     0      577.5685   416      573.5564     Cuts: 114     2384    0.70%
      0     0      577.5547   370      573.5564      Cuts: 68     2504    0.70%
      0     0      577.5457   358      573.5564      Cuts: 43     2553    0.70%
      0     0      577.5419   388      573.5564      Cuts: 40     2610    0.69%
      0     0      577.5407   404      573.5564 UserPurge2: 20     2633    0.69%
      0     0      577.5402   376      573.5564 UserPurge2: 20     2656    0.69%
      0     0      577.5395   378      573.5564 UserPurge2: 14     2674    0.69%
      0     0      577.5392   312      573.5564 UserPurge2: 13     2690    0.69%
      0     0      577.5392   320      573.5564 UserPurge2: 5     2697    0.69%
      0     0      577.5391   324      573.5564 UserPurge2: 6     2703    0.69%
      0     0      577.5389   314      573.5564 UserPurge2: 10     2711    0.69%
      0     0      577.5389   314      573.5564 UserPurge2: 9     2716    0.69%
      0     0      577.5388   300      573.5564 UserPurge2: 6     2721    0.69%
      0     2      577.5388   300      573.5564      577.5388     2721    0.69%
Elapsed time = 3.09 sec. (2154.68 ticks, tree = 0.01 MB, solutions = 1)
     10    12      577.4815   400      573.5564      577.5372     3343    0.69%
     20    22      577.4454   350      573.5564      577.5372     4176    0.69%
     30    32      577.3985   330      573.5564      577.5372     4980    0.69%
     46    48      577.3108   150      573.5564      577.5372     5764    0.69%
     55    57      577.2496   168      573.5564      577.5372     6485    0.69%
     85    87      576.9565    96      573.5564      577.5372     7923    0.69%
    109   111      577.1673    26      573.5564      577.5372     9580    0.69%
*   124    60      integral     0      577.2561      577.5372    10960    0.05%
    125    60      577.5156   452      577.2561      577.5372    11200    0.05%
    139    74      577.4184   398      577.2561      577.5372    12567    0.05%
*   179    70      integral     0      577.3530      577.5372    14283    0.03%
*   228    94      integral     0      577.3559      577.5207    16348    0.03%
    232    98      577.4292   396      577.3559      577.5169    16853    0.03%
Elapsed time = 15.05 sec. (5544.77 ticks, tree = 0.20 MB, solutions = 4)
*   284   110      integral     0      577.3665      577.5145    19140    0.03%
    322   142      577.4488   414      577.3665      577.5008    21594    0.02%
    416   213      577.4314   416      577.3665      577.4878    26248    0.02%
*   508   196      integral     0      577.3891      577.4803    30322    0.02%
    514   202      577.4572   400      577.3891      577.4802    30732    0.02%
*   553   212      integral     0      577.3902      577.4802    31807    0.02%
    625   265      577.4079   318      577.3902      577.4766    35735    0.01%
    702   316      577.4017   388      577.3902      577.4726    40573    0.01%
*   782   340      integral     0      577.3932      577.4698    44058    0.01%
    789   347      577.4232   360      577.3932      577.4692    44649    0.01%
*   820   355      integral     0      577.3933      577.4692    45380    0.01%
*   860   371      integral     0      577.3935      577.4688    46610    0.01%
    904   404      577.4040   362      577.3935      577.4682    48836    0.01%
*   972   377      integral     0      577.3973      577.4673    51196    0.01%
*  1015   392      integral     0      577.3974      577.4667    52394    0.01%
   1036   409      577.3983   176      577.3974      577.4664    53240    0.01%
*  1049   401      integral     0      577.3978      577.4664    53334    0.01%
   1146   455      577.3979   382      577.3978      577.4641    57725    0.01%

Performing restart 1

Repeating presolve.
Tried aggregator 1 time.
MIP Presolve eliminated 105 rows and 96 columns.
MIP Presolve modified 166 coefficients.
Reduced MIP has 1374 rows, 2275 columns, and 6528 nonzeros.
Reduced MIP has 541 binaries, 534 generals, 0 SOSs, and 0 indicators.
Presolve time = 0.00 sec. (2.06 ticks)
Tried aggregator 1 time.
Reduced MIP has 1374 rows, 2275 columns, and 6528 nonzeros.
Reduced MIP has 541 binaries, 534 generals, 0 SOSs, and 0 indicators.
Presolve time = 0.00 sec. (1.90 ticks)
Represolve time = 0.03 sec. (17.02 ticks)
   1159     0      577.4994   290      577.3978      Cuts: 13    60513    0.01%
   1159     0      577.4962   262      577.3978       Cuts: 6    60533    0.01%
   1159     0      577.4947   254      577.3978    MIRcuts: 1    60540    0.01%
   1159     0      577.4943   254      577.3978    MIRcuts: 2    60551    0.01%
   1159     0      577.4932   256      577.3978       Cuts: 4    60573    0.01%
   1159     0      577.4926   260      577.3978    MIRcuts: 4    60587    0.01%
   1159     0      577.4923   248      577.3978       Cuts: 5    60597    0.01%
   1159     0      577.4916   268      577.3978      Fract: 2    60602    0.01%
   1159     2      577.4899   276      577.3978      577.4626    60602    0.01%
Elapsed time = 34.96 sec. (15319.39 ticks, tree = 0.01 MB, solutions = 13)
   1176    11      577.4355   260      577.3978      577.4626    60930    0.01%
   1279    81      577.4344   150      577.3978      577.4624    61797    0.01%
*  1569+  266                          577.3999      577.4504             0.01%
   1642   307      577.4035   154      577.3999      577.4454    64986    0.01%
   1804   407      577.4379   128      577.3999      577.4432    66288    0.01%
   2144   599      577.4032   136      577.3999      577.4405    68878    0.01%
*  2219+  617                          577.4003      577.4398             0.01%
*  2229+  624                          577.4004      577.4398             0.01%
   2443   725        cutoff            577.4004      577.4368    71145    0.01%
*  2699+  846                          577.4006      577.4339             0.01%
   2770   878      577.4169   132      577.4006      577.4335    73377    0.01%
*  2879+  912                          577.4007      577.4329             0.01%
   3033   978      577.4008    38      577.4007      577.4315    75046    0.01%
   3361  1111      577.4159   120      577.4007      577.4285    77561    0.00%
   3726  1222      577.4141   118      577.4007      577.4263    80316    0.00%
Elapsed time = 59.81 sec. (25035.97 ticks, tree = 1.96 MB, solutions = 18)
   4056  1270      577.4061   102      577.4007      577.4237    83004    0.00%
   4412  1313      577.4136   126      577.4007      577.4213    85863    0.00%
   4780  1289      577.4161   148      577.4007      577.4180    89023    0.00%
   5159  1240      577.4118   130      577.4007      577.4153    91958    0.00%
   5555  1109      577.4123   198      577.4007      577.4123    95119    0.00%
   5972   999      577.4042   116      577.4007      577.4098    97924    0.00%
   6404   821        cutoff            577.4007      577.4073   100407    0.00%
   6839   681      577.4043    84      577.4007      577.4052   102483    0.00%
*  7135   569      integral     0      577.4009      577.4044   103865    0.00%
   7278   478      577.4015    60      577.4009      577.4037   104462    0.00%
   7736   252      577.4013    44      577.4009      577.4021   105976    0.00%
Elapsed time = 84.08 sec. (34655.17 ticks, tree = 0.52 MB, solutions = 19)
*  8009    25      integral     0      577.4010      577.4010   106629    0.00%

Flow cuts applied:  4
Mixed integer rounding cuts applied:  17
Lift and project cuts applied:  1
Gomory fractional cuts applied:  16
User cuts applied:  654

Root node processing (before b&c):
  Real time             =    3.09 sec. (2154.61 ticks)
Sequential b&c:
  Real time             =   82.16 sec. (33139.59 ticks)
                          ------------
Total (root+branch&cut) =   85.25 sec. (35294.20 ticks)
|V|                                     600
K                                       200
theta                                   0.80
r                                       5
R                                       20
prob_func                               linear
#C1                                     1570
#CP                                     21010

@Parameters: 
am_callback_heuristic                   false
am_local_search                         true
am_start_heuristic                      false
colocation                              true
comp                                    false
cutC                                    true
cutC_init                               false
cutF                                    true
cutF_init                               false
cutF_stable                             false
cutF_wrong                              false
cutLocal                                false
cutM                                    true
cutM_init                               true
cutM_stable                             false
cutP                                    true
cutP_init                               false
cutP_stable                             false
init                                    true
init_cutF_zero                          false
init_val_greedy                         true
is_Euclidean                            false
is_local_search                         false
is_right_cutP                           true
is_root                                 false
is_silent                               false
is_start                                false
mycut                                   false
pmed                                    false
pre                                     true
stable_root                             false
str                                     false
two_phase                               false
ubstr                                   false
mode                                    Int

am_callback_node_space                  50
init                                    0
mixture_seed                            1
node_space                              5
nodelimit                               -1
nsepa                                   1
strF                                    0
type_delta                              0

EPS                                     0.001000
EPS_FRAC                                0.00
gap                                     0.00
mixture_high_max                        0.99
mixture_high_min                        0.90
mixture_low_max                         0.01
mixture_low_min                         0.00
mixture_low_share                       0.80
timelimit                               3600.00

Number of Closed Sites: 10 / 2000 
Number of Confined Sites-1: 9 / 1791 
Number of Confined Sites-k: 581 / 13624 
Preprocess Time: 1.77 + 0.00 sec

Solve Time: 85.25
Number of Nodes: 8036
Termination Status: OPTIMAL

CutInfo: [phase] num / time (sec) / aver. num_nonzero
max              [LP]     0 / 0.00 / 0.00 [init]   171 / 0.00 / 1.92 [rLC]   656 / 0.02 / 4.45 [rUC]   753 / 0.09 / 4.29 [sLC]     3 / 0.09 / 3.67 [sUC]    84 / 1.21 / 3.94 
prod_oa          [LP]     0 / 0.00 / 0.00 [init]   145 / 0.00 / 25.10 [rLC]   541 / 0.01 / 24.10 [rUC]   318 / 0.05 / 31.16 [sLC]    50 / 0.05 / 31.00 [sUC]   131 / 0.74 / 26.12 
prod_sm_fixed    [LP]     0 / 0.00 / 0.00 [init]     0 / 0.00 / 0.00 [rLC]     0 / 0.00 / 0.00 [rUC]     0 / 0.00 / 0.00 [sLC]     0 / 0.00 / 0.00 [sUC]     0 / 0.00 / 0.00 
prod_bin         [LP]     0 / 0.00 / 0.00 [init]     0 / 0.00 / 0.00 [rLC]     0 / 0.00 / 0.00 [rUC]     0 / 0.00 / 0.00 [sLC]     0 / 0.00 / 0.00 [sUC]     0 / 0.00 / 0.00 
prod_local       [LP]     0 / 0.00 / 0.00 [init]     0 / 0.00 / 0.00 [rLC]     0 / 0.00 / 0.00 [rUC]     0 / 0.00 / 0.00 [sLC]     0 / 0.00 / 0.00 [sUC]     0 / 0.00 / 0.00 
prod_sm_C        [LP]     0 / 0.00 / 0.00 [init]     0 / 0.02 / 0.00 [rLC]     0 / 0.08 / 0.00 [rUC]   854 / 0.57 / 38.29 [sLC]     0 / 0.71 / 0.00 [sUC]   597 / 9.61 / 48.34 
facet            [LP]     0 / 0.00 / 0.00 [init]     0 / 0.00 / 0.00 [rLC]     0 / 0.00 / 0.00 [rUC]   854 / 0.00 / 0.00 [sLC]     0 / 0.00 / 0.00 [sUC]   597 / 0.00 / 0.00 
Separation Round:   [LP] 0  [init] 1  [rLC] 3  [rUC] 20  [sLC] 26  [sUC] 11464  
Root Best Bound 577.537247
Root Best Integer: 573.556379
Best Bound: 577.401028
Best Integer: 577.400957
1: 7, 9, 16, 18, 19, 21, 24, 28, 32, 33, 35, 47, 49, 52, 54, 64, 65, 67, 69, 70, 75, 80, 81, 85, 90, 95, 97, 104, 108, 109, 111, 112, 116, 117, 120, 121, 123, 124, 131, 136, 137, 143, 145, 150, 151, 153, 154, 155, 158, 159, 161, 163, 165, 166, 168, 169, 172, 173, 175, 177, 178, 180, 183, 185, 186, 187, 190, 193, 194, 196, 197, 202, 206, 207, 209, 212, 215, 216, 221, 223, 224, 225, 227, 229, 231, 235, 236, 237, 239, 243, 245, 249, 252, 255, 256, 257, 258, 261, 273, 276, 277, 278, 280, 283, 284, 285, 287, 288, 291, 299, 301, 304, 305, 308, 316, 317, 318, 320, 325, 328, 334, 336, 338, 343, 344, 346, 347, 352, 355, 363, 371, 374, 380, 382, 383, 386, 389, 390, 393, 394, 396, 398, 400, 401, 404, 406, 407, 418, 420, 421, 424, 430, 431, 438, 442, 451, 456, 458, 459, 461, 467, 471, 478, 485, 497, 498, 503, 507, 508, 510, 511, 515, 519, 522, 523, 524, 526, 528, 529, 531, 532, 533, 540, 545, 549, 554, 558, 559, 562, 566, 571, 572, 574, 579, 583, 589, 590, 596, 599, 600
Objective Value (calc): 577.397075
sum_etaM = 573.533333 / 573.533333
sum_etaP = 592.871450 / 592.852040
nL: 200
nCL: 0
mCL: 1
