Version identifier: 20.1.0.0 | 2020-11-10 | 9bedb6d68
CPXPARAM_Threads                                 1
CPXPARAM_TimeLimit                               3600
CPXPARAM_MIP_Tolerances_MIPGap                   0
Generic callback                                 0x60
1 of 1 MIP starts provided solutions.
MIP start 'm1' defined initial solution with objective 647.4997.
Tried aggregator 1 time.
MIP Presolve eliminated 2058 rows and 1030 columns.
MIP Presolve modified 930 coefficients.
Reduced MIP has 7151 rows, 8570 columns, and 868541 nonzeros.
Reduced MIP has 6970 binaries, 0 generals, 0 SOSs, and 0 indicators.
Presolve time = 0.62 sec. (434.02 ticks)
Probing time = 0.08 sec. (101.12 ticks)
Tried aggregator 1 time.
Reduced MIP has 7151 rows, 8570 columns, and 868541 nonzeros.
Reduced MIP has 6970 binaries, 0 generals, 0 SOSs, and 0 indicators.
Presolve time = 0.34 sec. (235.79 ticks)
Probing time = 0.08 sec. (101.38 ticks)
Clique table members: 13473.
MIP emphasis: balance optimality and feasibility.
MIP search method: dynamic search.
Parallel mode: none, using 1 thread.
Root relaxation solution time = 0.19 sec. (219.57 ticks)

        Nodes                                         Cuts/
   Node  Left     Objective  IInf  Best Integer    Best Bound    ItCnt     Gap

*     0+    0                          647.4997      800.0000            23.55%
      0     0      714.6277    22      647.4997      714.6277     1443   10.37%
      0     0      674.8747    45      647.4997     Cuts: 806     2648    4.23%
      0     0      671.2626    53      647.4997     Cuts: 549     3388    3.67%
      0     0      670.1382    53      647.4997     Cuts: 255     3763    3.50%
      0     0      669.6660    61      647.4997     Cuts: 155     4039    3.42%
      0     0      669.6007    56      647.4997      Cuts: 55     4151    3.41%
      0     0      669.5821    57      647.4997      Cuts: 45     4213    3.41%
      0     0      669.5743    59      647.4997      Cuts: 32     4270    3.41%
      0     0      669.5699    58      647.4997 UserPurge2: 14     4311    3.41%
      0     0      669.5666    57      647.4997 UserPurge2: 25     4344    3.41%
      0     0      669.5662    59      647.4997 UserPurge2: 7     4356    3.41%
      0     0      669.5645    58      647.4997 UserPurge2: 9     4372    3.41%
      0     0      669.5642    58      647.4997 UserPurge2: 6     4381    3.41%
      0     0      669.5634    59      647.4997 UserPurge2: 2     4394    3.41%
      0     0      669.5629    58      647.4997 UserPurge2: 9     4406    3.41%
      0     0      669.5627    60      647.4997 UserPurge2: 6     4416    3.41%
      0     0      669.5625    61      647.4997 UserPurge2: 6     4430    3.41%
      0     0      669.5625    59      647.4997 UserPurge2: 4     4438    3.41%
      0     2      669.4454    60      647.4997      669.4442     4438    3.39%
Elapsed time = 79.32 sec. (16384.53 ticks, tree = 0.01 MB, solutions = 1)
      2     4      668.0349    55      647.4997      669.3355     5520    3.37%
      3     5      668.6799    64      647.4997      669.3355     6458    3.37%
      4     6      668.2065    55      647.4997      668.6797     6898    3.27%
      5     7      666.7090    54      647.4997      668.6797     9408    3.27%
      6     8      665.2083    49      647.4997      668.6797    11775    3.27%
      7     9      664.8441    50      647.4997      668.6797    12869    3.27%
      8    10      663.7558    39      647.4997      668.6797    13977    3.27%
      9    11      663.5740    38      647.4997      668.6797    14265    3.27%
     10    12      659.1226    39      647.4997      668.6797    17024    3.27%
     14    16      657.2288    23      647.4997      668.6797    18922    3.27%
Elapsed time = 97.40 sec. (26408.17 ticks, tree = 0.06 MB, solutions = 1)
     15    17      652.3447    21      647.4997      668.6797    20279    3.27%
     20    20        cutoff            647.4997      668.6797    22263    3.27%
     25    19      668.2297    62      647.4997      668.6794    24220    3.27%
     27    21      666.1460    54      647.4997      668.6794    25715    3.27%
     29    23      663.6891    49      647.4997      668.6794    27990    3.27%
     30    24      661.3893    44      647.4997      668.6794    29938    3.27%
     35    29      655.8364    33      647.4997      668.6794    32204    3.27%
     38    32      653.2877    18      647.4997      668.6794    34064    3.27%
     42    34      648.8746    10      647.4997      668.6794    35374    3.27%
     47    35      666.6445    56      647.4997      668.0343    36771    3.17%
Elapsed time = 127.42 sec. (41034.38 ticks, tree = 0.75 MB, solutions = 1)
     49    37      664.3215    46      647.4997      668.0343    38927    3.17%
     50    38      660.9048    45      647.4997      668.0343    40778    3.17%
     51    39      658.9512    40      647.4997      668.0343    43377    3.17%
     55    43      651.6497    22      647.4997      668.0343    45916    3.17%
     60    46        cutoff            647.4997      668.0343    46774    3.17%
     65    45        cutoff            647.4997      668.0343    47545    3.17%
     68    46      666.1218    45      647.4997      668.0325    48897    3.17%
     70    48      664.1081    46      647.4997      668.0325    50669    3.17%
     73    51      662.6753    45      647.4997      668.0325    52229    3.17%
     75    53      661.9185    45      647.4997      668.0325    53848    3.17%
Elapsed time = 158.76 sec. (61551.97 ticks, tree = 1.79 MB, solutions = 1)
     78    56      661.2617    45      647.4997      668.0325    55149    3.17%
     80    58      660.7746    43      647.4997      668.0325    56103    3.17%
     83    61      659.9488    45      647.4997      668.0325    57664    3.17%
     85    63      659.2105    47      647.4997      668.0325    58365    3.17%
     89    67      658.2061    47      647.4997      668.0325    60165    3.17%
     90    68      657.7150    48      647.4997      668.0325    61200    3.17%
     93    71      656.5099    47      647.4997      668.0325    62901    3.17%
     95    73      655.5920    50      647.4997      668.0325    64067    3.17%
*   100+   76                          647.5070      668.0325             3.17%
    100    78      653.7878    51      647.5070      668.0325    66083    3.17%
    104    82      652.8813    52      647.5070      668.0325    67649    3.17%
Elapsed time = 175.50 sec. (80218.85 ticks, tree = 3.60 MB, solutions = 2)
    106    84      651.9814    52      647.5070      668.0325    68832    3.17%
    110    88      651.4981    53      647.5070      668.0325    69782    3.17%
    115    93      649.9872    53      647.5070      668.0325    71628    3.17%
    120    98      648.9659    53      647.5070      668.0325    73160    3.17%
    124   102      648.3414    50      647.5070      668.0325    74685    3.17%
    125   103      648.0385    53      647.5070      668.0325    75760    3.17%
    130   104        cutoff            647.5070      668.0325    77276    3.17%
    131   105      666.4000    54      647.5070      667.9333    78522    3.15%
    133   107      665.8328    55      647.5070      667.9333    79604    3.15%
    135   109      665.0909    50      647.5070      667.9333    81989    3.15%
Elapsed time = 192.49 sec. (98132.20 ticks, tree = 6.11 MB, solutions = 2)
    137   111      664.3693    49      647.5070      667.9333    83304    3.15%
    140   114      663.1805    50      647.5070      667.9333    85061    3.15%
    142   116      661.9355    50      647.5070      667.9333    86643    3.15%
    144   118      661.3145    53      647.5070      667.9333    88343    3.15%
    145   119      661.0904    56      647.5070      667.9333    89335    3.15%
    147   121      660.6455    55      647.5070      667.9333    90537    3.15%
    150   124      659.3842    54      647.5070      667.9333    92987    3.15%
    153   127      658.5575    54      647.5070      667.9333    94263    3.15%
    155   129      658.2040    52      647.5070      667.9333    95348    3.15%
    158   132      657.3017    53      647.5070      667.9333    96720    3.15%
Elapsed time = 216.39 sec. (115368.08 ticks, tree = 7.39 MB, solutions = 2)
    160   134      656.5200    55      647.5070      667.9333    98653    3.15%
    162   136      655.3210    58      647.5070      667.9333   100264    3.15%
    165   139      654.7187    61      647.5070      667.9333   102376    3.15%
    167   141      654.1885    58      647.5070      667.9333   103590    3.15%
    170   144      653.2678    61      647.5070      667.9333   105058    3.15%
    175   149      652.3388    62      647.5070      667.9333   106683    3.15%
    177   151      651.9578    61      647.5070      667.9333   108184    3.15%
    180   154      651.2648    60      647.5070      667.9333   110013    3.15%
    184   158      650.4392    55      647.5070      667.9333   111511    3.15%
    186   160      650.0373    60      647.5070      667.9333   112302    3.15%
Elapsed time = 233.59 sec. (134528.29 ticks, tree = 9.43 MB, solutions = 2)
    189   163      649.6223    63      647.5070      667.9333   113829    3.15%
    190   164      649.3737    62      647.5070      667.9333   114844    3.15%
    194   168      648.6197    57      647.5070      667.9333   115822    3.15%
    195   169      648.2033    63      647.5070      667.9333   116394    3.15%
    201   171      664.5008    54      647.5070      667.9321   118161    3.15%
    205   175      661.3452    43      647.5070      667.9321   120596    3.15%
    207   177      660.3350    39      647.5070      667.9321   121356    3.15%
    210   180      657.1199    26      647.5070      667.9321   123933    3.15%
    213   183      653.7575    14      647.5070      667.9321   125723    3.15%
    215   183        cutoff            647.5070      667.9321   126880    3.15%
Elapsed time = 257.36 sec. (149500.84 ticks, tree = 11.57 MB, solutions = 2)
    220   186        cutoff            647.5070      667.9321   128366    3.15%
    223   187      667.4583    61      647.5070      667.7304   130064    3.12%
    225   189      667.1508    61      647.5070      667.7304   130851    3.12%
    226   190      666.3010    60      647.5070      667.7304   132676    3.12%
    228   192      665.0720    61      647.5070      667.7304   134990    3.12%
    229   193      664.9003    63      647.5070      667.7304   136082    3.12%
    230   194      664.3962    61      647.5070      667.7304   136967    3.12%
    232   196      663.9714    63      647.5070      667.7304   138072    3.12%
    235   199      663.2993    63      647.5070      667.7304   139541    3.12%
    237   201      662.7076    64      647.5070      667.7304   140672    3.12%
Elapsed time = 281.81 sec. (164993.64 ticks, tree = 12.68 MB, solutions = 2)
    239   203      662.1418    63      647.5070      667.7304   141613    3.12%
    240   204      661.7206    69      647.5070      667.7304   142292    3.12%
    241   205      661.3583    65      647.5070      667.7304   143687    3.12%
    243   207      660.0101    67      647.5070      667.7304   145949    3.12%
    244   208      659.6890    65      647.5070      667.7304   147060    3.12%
    245   209      659.5495    61      647.5070      667.7304   147669    3.12%
    247   211      658.9482    65      647.5070      667.7304   148888    3.12%
    250   214      658.2970    67      647.5070      667.7304   150898    3.12%
    253   217      657.4203    69      647.5070      667.7304   152074    3.12%
    260   224      655.0480    65      647.5070      667.7304   155989    3.12%
Elapsed time = 321.42 sec. (197122.00 ticks, tree = 15.15 MB, solutions = 2)
    264   228      653.2816    74      647.5070      667.7304   161242    3.12%
    270   234      652.1355    73      647.5070      667.7304   165070    3.12%
    280   244      649.9366    64      647.5070      667.7304   168767    3.12%
    291   251      665.6280    53      647.5070      667.4569   172455    3.08%
    297   257      663.4934    55      647.5070      667.4569   177473    3.08%
    301   261      660.3204    54      647.5070      667.4569   180842    3.08%
    310   270      657.9301    59      647.5070      667.4569   183925    3.08%
    320   280      655.0418    58      647.5070      667.4569   187287    3.08%
    330   290      652.8829    62      647.5070      667.4569   190876    3.08%
    340   300      650.9339    59      647.5070      667.4569   193791    3.08%
Elapsed time = 375.97 sec. (253251.39 ticks, tree = 24.26 MB, solutions = 2)
    350   310      648.9890    56      647.5070      667.4569   196691    3.08%
    360   316      664.6558    51      647.5070      667.3535   200264    3.07%
    366   322      661.9679    55      647.5070      667.3535   204164    3.07%
    370   326      659.2642    56      647.5070      667.3535   207369    3.07%
    379   335      657.6039    53      647.5070      667.3535   211971    3.07%
    381   337      656.7197    57      647.5070      667.3535   213198    3.07%
    386   342      655.2219    56      647.5070      667.3535   217845    3.07%
    392   348      652.7083    59      647.5070      667.3535   221407    3.07%
    400   356      650.3903    58      647.5070      667.3535   224279    3.07%
    406   362      649.0780    59      647.5070      667.3535   228499    3.07%
Elapsed time = 435.65 sec. (301106.80 ticks, tree = 31.06 MB, solutions = 2)
    414   366      665.5460    54      647.5070      667.1501   232978    3.03%
    418   370      663.8770    55      647.5070      667.1501   237833    3.03%
    422   374      662.3273    57      647.5070      667.1501   240539    3.03%
    428   380      659.8971    60      647.5070      667.1501   245341    3.03%
    433   385      657.9313    57      647.5070      667.1501   249193    3.03%
    439   391      656.2256    62      647.5070      667.1501   253883    3.03%
    440   392      655.5920    61      647.5070      667.1501   257087    3.03%
    447   399      653.6285    66      647.5070      667.1501   261339    3.03%
    451   403      652.1926    66      647.5070      667.1501   264134    3.03%
    455   407      651.1144    62      647.5070      667.1501   268683    3.03%
Elapsed time = 492.63 sec. (348821.25 ticks, tree = 34.04 MB, solutions = 2)
    460   412      649.7292    64      647.5070      667.1501   272797    3.03%
    469   419        cutoff            647.5070      667.1501   277033    3.03%
    473   421      662.2443    50      647.5070      666.7084   280672    2.97%
    480   428      655.7365    32      647.5070      666.7084   285219    2.97%
    490   436        cutoff            647.5070      666.7084   289278    2.97%
    498   442      664.3766    53      647.5070      666.7082   292975    2.97%
    501   445      662.8495    58      647.5070      666.7082   296130    2.97%
    506   450      661.1083    58      647.5070      666.7082   299652    2.97%
    510   454      659.4571    57      647.5070      666.7082   303752    2.97%
    517   461      658.0511    57      647.5070      666.7082   308599    2.97%
Elapsed time = 558.11 sec. (394838.30 ticks, tree = 37.57 MB, solutions = 2)
    520   464      656.3511    60      647.5070      666.7082   312666    2.97%

Performing restart 1

Repeating presolve.
Tried aggregator 1 time.
MIP Presolve eliminated 38 rows and 38 columns.
Reduced MIP has 7113 rows, 8532 columns, and 859244 nonzeros.
Reduced MIP has 6932 binaries, 0 generals, 0 SOSs, and 0 indicators.
Presolve time = 0.35 sec. (238.48 ticks)
Tried aggregator 1 time.
Reduced MIP has 7113 rows, 8532 columns, and 859244 nonzeros.
Reduced MIP has 6932 binaries, 0 generals, 0 SOSs, and 0 indicators.
Presolve time = 0.34 sec. (233.87 ticks)
Represolve time = 5.43 sec. (2692.39 ticks)
    525     2      669.2199    62      647.5070      666.7082   325410    2.97%
    526     3      669.0263    60      647.5070      666.7082   326015    2.97%
    531     8      667.9292    56      647.5070      666.7082   329224    2.97%
    535    12      666.4083    60      647.5070      666.7082   331489    2.97%
    540    17      665.9208    60      647.5070      666.7082   334677    2.97%
    547    24      664.0558    51      647.5070      666.7082   337670    2.97%
    551    28      662.0707    51      647.5070      666.7082   341422    2.97%
    555    32      660.0830    58      647.5070      666.7082   344867    2.97%
    560    37      661.7389    62      647.5070      666.7082   348472    2.97%
Elapsed time = 716.43 sec. (487126.83 ticks, tree = 1.09 MB, solutions = 2)
    565    42      660.8981    60      647.5070      666.7082   351462    2.97%
    571    48      658.7769    59      647.5070      666.7082   354835    2.97%
    575    52      657.0266    60      647.5070      666.7082   357589    2.97%
    580    57      656.5590    55      647.5070      666.7082   360968    2.97%
    585    62      655.9901    60      647.5070      666.7082   364474    2.97%
    590    67      655.5339    57      647.5070      666.7082   368947    2.97%
    598    75      654.3187    46      647.5070      666.7082   371820    2.97%
    605    82      654.4608    58      647.5070      666.7082   374152    2.97%
    615    92      653.4494    50      647.5070      666.7082   377176    2.97%
    625   102      651.5722    55      647.5070      666.7082   380100    2.97%
Elapsed time = 770.81 sec. (534965.52 ticks, tree = 6.25 MB, solutions = 2)
    634   111      649.6743    38      647.5070      666.7082   382075    2.97%
    645   118      648.4221    40      647.5070      666.7082   384287    2.97%
    658   126      664.1377    52      647.5070      666.7082   387977    2.97%
    665   133      663.9711    52      647.5070      666.7082   390505    2.97%
    674   142      661.1115    43      647.5070      666.7082   395808    2.97%
    679   147      658.7724    50      647.5070      666.7082   399873    2.97%
    685   153      653.3822    38      647.5070      666.7082   403294    2.97%
    695   163      648.7004    19      647.5070      666.7082   407313    2.97%
    704   168      666.5862    52      647.5070      666.7082   410653    2.97%
    711   175      664.2482    52      647.5070      666.7082   414907    2.97%
Elapsed time = 842.78 sec. (585364.88 ticks, tree = 13.26 MB, solutions = 2)
    716   180      662.1167    51      647.5070      666.7082   418639    2.97%
    723   187      660.2205    50      647.5070      666.7082   423086    2.97%
    728   192      657.3883    55      647.5070      666.7082   427536    2.97%
    735   199      655.9355    55      647.5070      666.7082   430324    2.97%
    750   214      653.1716    58      647.5070      666.7082   434020    2.97%
    764   228      651.8578    52      647.5070      666.7082   436488    2.97%
    775   239      651.2252    46      647.5070      666.7082   437865    2.97%
    790   254      649.8721    43      647.5070      666.7082   439473    2.97%
    800   261      647.7629    46      647.5070      666.7082   441217    2.97%
    807   262      665.8469    57      647.5070      666.7082   444150    2.97%
Elapsed time = 889.58 sec. (630495.51 ticks, tree = 15.11 MB, solutions = 2)
    815   270      662.0533    58      647.5070      666.7082   447694    2.97%
    824   279      659.4964    58      647.5070      666.7082   451523    2.97%
    831   286      656.0153    58      647.5070      666.7082   454902    2.97%
    841   296      653.7781    58      647.5070      666.7082   457768    2.97%
    845   300      653.4189    56      647.5070      666.7082   458516    2.97%
    857   312      652.0060    56      647.5070      666.7082   461114    2.97%
    865   320      650.8514    56      647.5070      666.7082   462898    2.97%
    876   331      649.4823    54      647.5070      666.7082   465204    2.97%
    892   344      648.3010    52      647.5070      666.7082   467384    2.97%
    903   350      666.4346    53      647.5070      666.7082   469344    2.97%
Elapsed time = 933.02 sec. (672799.08 ticks, tree = 26.10 MB, solutions = 2)
    912   359      662.1599    56      647.5070      666.7082   472752    2.97%
    922   369      658.8256    61      647.5070      666.7082   476214    2.97%
    925   372      656.0652    55      647.5070      666.7082   478338    2.97%
    937   384      653.2355    55      647.5070      666.7082   481626    2.97%
    950   397      651.4213    54      647.5070      666.7082   484423    2.97%
    963   409      649.4974    53      647.5070      666.7082   487143    2.97%
    975   419      648.3418    51      647.5070      666.7082   488948    2.97%
    985   424      665.4077    56      647.5070      666.7082   491685    2.97%
    991   430      660.0086    34      647.5070      666.7082   495754    2.97%
    997   436      658.9594    27      647.5070      666.7082   497543    2.97%
Elapsed time = 979.62 sec. (717021.51 ticks, tree = 35.10 MB, solutions = 2)
   1005   444      648.8678     6      647.5070      666.7082   499027    2.97%
   1018   457      649.9633    13      647.5070      666.7082   500954    2.97%
   1043   482      647.5507     7      647.5070      666.7082   502368    2.97%
   1068   501      665.2823    48      647.5070      666.7082   503684    2.97%
   1077   510      661.3799    46      647.5070      666.7082   507277    2.97%
   1085   518      658.1841    49      647.5070      666.7082   509370    2.97%
   1095   528      655.0052    49      647.5070      666.7082   512981    2.97%
   1106   539      653.1025    47      647.5070      666.7082   515099    2.97%
   1120   553      651.2825    45      647.5070      666.7082   517599    2.97%
   1132   565      649.5948    51      647.5070      666.7082   519680    2.97%
Elapsed time = 1028.09 sec. (760235.34 ticks, tree = 52.10 MB, solutions = 2)
   1145   578      648.4400    43      647.5070      666.7082   521427    2.97%
   1159   588      665.0474    53      647.5070      666.7082   523850    2.97%
   1167   596      660.4978    53      647.5070      666.7082   527112    2.97%
   1177   606      656.8410    56      647.5070      666.7082   530101    2.97%
   1187   616      653.6981    58      647.5070      666.7082   533292    2.97%
   1198   627      651.7223    58      647.5070      666.7082   536084    2.97%
   1205   634      650.3793    56      647.5070      666.7082   537925    2.97%
   1216   645      648.9217    56      647.5070      666.7082   540117    2.97%
   1226   653      647.8314    55      647.5070      666.7082   541939    2.97%
   1235   658      665.4730    54      647.5070      666.7082   544453    2.97%
Elapsed time = 1068.68 sec. (803698.20 ticks, tree = 64.67 MB, solutions = 2)
   1243   666      661.3627    56      647.5070      666.7082   548029    2.97%
   1245   668      660.3504    56      647.5070      666.7082   548676    2.97%
   1255   678      657.5172    53      647.5070      666.7082   552238    2.97%
   1263   686      655.2272    57      647.5070      666.7082   556244    2.97%
   1270   693      653.7641    59      647.5070      666.7082   559317    2.97%
   1278   701      652.6798    53      647.5070      666.7082   562427    2.97%
   1285   708      651.8326    56      647.5070      666.7082   564962    2.97%
   1291   714      650.7073    52      647.5070      666.7082   567796    2.97%
   1304   727      649.4790    56      647.5070      666.7082   570450    2.97%
   1315   738      648.3141    54      647.5070      666.7082   572747    2.97%
Elapsed time = 1123.14 sec. (850290.36 ticks, tree = 65.07 MB, solutions = 2)
   1327   750      647.5572    49      647.5070      666.7082   574439    2.97%
   1335   754      663.0853    47      647.5070      666.7082   578608    2.97%
   1340   759      660.3150    47      647.5070      666.7082   583182    2.97%
   1346   765      658.6177    51      647.5070      666.7082   586734    2.97%
   1355   774      655.8205    52      647.5070      666.7082   590252    2.97%
   1365   784      653.0944    49      647.5070      666.7082   592880    2.97%
   1380   799      650.9861    47      647.5070      666.7082   595700    2.97%
   1392   811      649.3685    49      647.5070      666.7082   597874    2.97%
   1405   824      647.7158    46      647.5070      666.7082   599960    2.97%
   1415   830      661.3390    34      647.5070      666.7082   602695    2.97%
Elapsed time = 1166.11 sec. (893810.73 ticks, tree = 75.61 MB, solutions = 2)
   1425   840      658.1377    37      647.5070      666.7082   605688    2.97%
   1435   850      652.6056    22      647.5070      666.7082   608579    2.97%
   1447   862      650.4170    14      647.5070      666.7082   610530    2.97%
   1476   891      648.1274     6      647.5070      666.7082   611652    2.97%
   1497   905      661.4806    44      647.5070      666.7082   613781    2.97%
   1506   914      656.7089    46      647.5070      666.7082   616744    2.97%
   1516   924      653.7709    46      647.5070      666.7082   619475    2.97%
   1527   935      651.1152    52      647.5070      666.7082   622075    2.97%
   1537   945      649.1477    46      647.5070      666.7082   624413    2.97%
   1551   959      647.6333    49      647.5070      666.7082   626728    2.97%
Elapsed time = 1198.12 sec. (933827.77 ticks, tree = 93.32 MB, solutions = 2)
   1560   964      662.3607    56      647.5070      666.7082   629722    2.97%
   1567   971      659.1257    59      647.5070      666.7082   632484    2.97%
   1578   982      655.8037    61      647.5070      666.7082   636080    2.97%
   1587   991      653.8382    60      647.5070      666.7082   638782    2.97%
   1597  1001      651.6831    57      647.5070      666.7082   641614    2.97%
   1606  1010      650.3614    59      647.5070      666.7082   644011    2.97%
   1617  1021      649.3923    58      647.5070      666.7082   646158    2.97%
   1628  1032      647.6365    54      647.5070      666.7082   648659    2.97%
   1637  1038      661.4013    49      647.5070      666.5816   651732    2.95%
   1644  1045      658.6103    41      647.5070      666.5816   655813    2.95%
Elapsed time = 1242.30 sec. (975057.32 ticks, tree = 103.97 MB, solutions = 2)
   1647  1048      657.4551    42      647.5070      666.5816   657244    2.95%
   1655  1056      655.3176    40      647.5070      666.5816   660186    2.95%
   1667  1068      652.3846    45      647.5070      666.5816   662947    2.95%
   1676  1077      650.7449    50      647.5070      666.5816   665481    2.95%
   1690  1091      649.3847    37      647.5070      666.5816   667564    2.95%
   1708  1108      648.1899    32      647.5070      666.5816   669157    2.95%
   1727  1120      664.4239    49      647.5070      666.4444   670931    2.92%
   1735  1128      660.8883    50      647.5070      666.4444   673802    2.92%
   1745  1138      657.3439    49      647.5070      666.4444   676982    2.92%
   1755  1148      654.1396    51      647.5070      666.4444   679918    2.92%
Elapsed time = 1280.07 sec. (1015825.45 ticks, tree = 113.74 MB, solutions = 2)
   1767  1160      652.2738    48      647.5070      666.4444   682521    2.92%
   1779  1172      650.1679    47      647.5070      666.4444   685183    2.92%
   1790  1183      648.6509    46      647.5070      666.4444   687141    2.92%
   1801  1190      664.7227    49      647.5070      666.4340   689449    2.92%
   1805  1194      662.8967    45      647.5070      666.4340   692148    2.92%
   1810  1199      662.0998    50      647.5070      666.4340   695297    2.92%
   1816  1205      659.2340    39      647.5070      666.4340   697963    2.92%
   1824  1213      655.8106    28      647.5070      666.4340   700229    2.92%
   1834  1223      651.5922    11      647.5070      666.4340   701996    2.92%
   1845  1234      650.8876     0      647.5070      666.4340   703161    2.92%
Elapsed time = 1366.94 sec. (1074585.90 ticks, tree = 119.53 MB, solutions = 2)
   1853  1238      661.4445    41      647.5070      666.2497   705545    2.89%
   1863  1248      657.2093    45      647.5070      666.2497   708395    2.89%
   1872  1257      654.5454    45      647.5070      666.2497   710867    2.89%
   1881  1266      652.0604    49      647.5070      666.2497   712934    2.89%
   1891  1276      650.2252    50      647.5070      666.2497   715153    2.89%
   1901  1286      648.8579    51      647.5070      666.2497   716928    2.89%
   1911  1296      648.0775    46      647.5070      666.2497   718765    2.89%
   1917  1299      662.3042    55      647.5070      666.1357   722123    2.88%
   1922  1304      660.7840    59      647.5070      666.1357   725778    2.88%
   1927  1309      658.3773    58      647.5070      666.1357   728183    2.88%
Elapsed time = 1413.51 sec. (1117524.26 ticks, tree = 130.91 MB, solutions = 2)
   1934  1316      656.2515    57      647.5070      666.1357   731619    2.88%
   1939  1321      655.0466    59      647.5070      666.1357   734284    2.88%
   1946  1328      653.7839    58      647.5070      666.1357   736670    2.88%
   1953  1335      652.6200    59      647.5070      666.1357   738956    2.88%
   1961  1343      651.6048    57      647.5070      666.1357   740803    2.88%
   1971  1353      650.3723    61      647.5070      666.1357   742845    2.88%
   1978  1359      649.7523    62      647.5070      666.1357   744097    2.88%
   1986  1366      649.0957    61      647.5070      666.1357   745374    2.88%
   1999  1379      648.0903    51      647.5070      666.1357   747252    2.88%
   2009  1385      663.7519    47      647.5070      665.9185   749158    2.84%
Elapsed time = 1452.16 sec. (1158509.94 ticks, tree = 142.51 MB, solutions = 2)
   2015  1391      659.9826    41      647.5070      665.9185   751810    2.84%
   2024  1400      651.5231     6      647.5070      665.9185   753867    2.84%
   2034  1406      661.9044    59      647.5070      665.8958   755530    2.84%
   2039  1411      660.1419    59      647.5070      665.8958   758714    2.84%
   2044  1416      657.7318    62      647.5070      665.8958   762051    2.84%
   2049  1421      655.7900    57      647.5070      665.8958   764491    2.84%
   2056  1428      653.7247    60      647.5070      665.8958   767191    2.84%
   2064  1436      652.3923    58      647.5070      665.8958   769442    2.84%
   2072  1444      650.9366    55      647.5070      665.8958   771886    2.84%
   2079  1451      650.1057    54      647.5070      665.8958   773719    2.84%
Elapsed time = 1501.85 sec. (1199002.06 ticks, tree = 146.25 MB, solutions = 2)
   2087  1459      648.8528    53      647.5070      665.8958   775676    2.84%
   2097  1469      647.5860    56      647.5070      665.8958   777737    2.84%
   2104  1472      662.8798    59      647.5070      665.8953   781363    2.84%
   2106  1474      661.9904    58      647.5070      665.8953   784238    2.84%
   2109  1477      660.0249    51      647.5070      665.8953   787620    2.84%
   2115  1483      657.5890    52      647.5070      665.8953   790847    2.84%
   2121  1489      656.5734    51      647.5070      665.8953   795064    2.84%
   2125  1493      656.8282    55      647.5070      665.8953   798141    2.84%
   2131  1499      655.7626    55      647.5070      665.8953   801546    2.84%
   2137  1505      656.0533    58      647.5070      665.8953   804179    2.84%
Elapsed time = 1557.19 sec. (1243107.36 ticks, tree = 150.95 MB, solutions = 2)
   2144  1512      653.5214    49      647.5070      665.8953   807694    2.84%
   2149  1517      652.9079    49      647.5070      665.8953   809690    2.84%
   2155  1523      652.5210    48      647.5070      665.8953   812206    2.84%
   2162  1530      650.1590    38      647.5070      665.8953   814870    2.84%
   2169  1537      649.5701    45      647.5070      665.8953   817291    2.84%
   2178  1544      647.5122    26      647.5070      665.8953   819002    2.84%
   2184  1546      662.4978    57      647.5070      665.8468   822041    2.83%
   2188  1550      661.2324    56      647.5070      665.8468   824675    2.83%
   2194  1556      659.0003    50      647.5070      665.8468   827937    2.83%
   2200  1562      657.2002    50      647.5070      665.8468   830108    2.83%
Elapsed time = 1601.00 sec. (1284890.74 ticks, tree = 159.40 MB, solutions = 2)
   2208  1570      655.2332    49      647.5070      665.8468   832484    2.83%
   2218  1580      653.5271    50      647.5070      665.8468   834898    2.83%
   2225  1587      652.5846    52      647.5070      665.8468   836288    2.83%
   2235  1597      651.7805    44      647.5070      665.8468   838249    2.83%
   2246  1608      650.6092    41      647.5070      665.8468   840077    2.83%
   2256  1618      649.8238    37      647.5070      665.8468   841396    2.83%
   2268  1630      648.4707    36      647.5070      665.8468   842812    2.83%
   2275  1632      663.0145    48      647.5070      665.8150   844347    2.83%
   2283  1640      659.9431    48      647.5070      665.8150   847211    2.83%
   2290  1647      657.3287    54      647.5070      665.8150   849421    2.83%
Elapsed time = 1638.21 sec. (1325759.71 ticks, tree = 170.48 MB, solutions = 2)
   2296  1653      655.4009    53      647.5070      665.8150   851746    2.83%
   2305  1662      653.0830    50      647.5070      665.8150   854704    2.83%
   2313  1670      651.8290    49      647.5070      665.8150   857563    2.83%
   2322  1679      650.7018    52      647.5070      665.8150   859116    2.83%
   2331  1688      649.8068    50      647.5070      665.8150   860681    2.83%
   2343  1700      648.7545    42      647.5070      665.8150   862392    2.83%
   2355  1712      648.0736    37      647.5070      665.8150   863604    2.83%
   2362  1715      662.6669    52      647.5070      665.7044   866345    2.81%
   2368  1721      660.7564    48      647.5070      665.7044   868702    2.81%
   2373  1726      658.1628    53      647.5070      665.7044   872217    2.81%
Elapsed time = 1677.89 sec. (1367777.50 ticks, tree = 172.25 MB, solutions = 2)
   2377  1730      656.8016    53      647.5070      665.7044   874837    2.81%
   2384  1737      654.8688    52      647.5070      665.7044   878106    2.81%
   2391  1744      652.9438    52      647.5070      665.7044   880565    2.81%
   2399  1752      651.5723    47      647.5070      665.7044   882881    2.81%
   2407  1760      650.6245    48      647.5070      665.7044   884878    2.81%
   2416  1769      649.3014    48      647.5070      665.7044   886850    2.81%
   2425  1778      648.2871    47      647.5070      665.7044   888529    2.81%
   2435  1784      663.8569    47      647.5070      665.6726   890795    2.81%
   2443  1792      660.6888    52      647.5070      665.6726   893746    2.81%
   2450  1799      658.1963    55      647.5070      665.6726   896203    2.81%
Elapsed time = 1718.12 sec. (1408861.29 ticks, tree = 183.60 MB, solutions = 2)
   2458  1807      655.5540    51      647.5070      665.6726   899051    2.81%
   2467  1816      653.7305    52      647.5070      665.6726   901533    2.81%
   2475  1824      652.2113    53      647.5070      665.6726   903543    2.81%
   2486  1835      651.2088    50      647.5070      665.6726   905471    2.81%
   2495  1844      650.3630    46      647.5070      665.6726   907190    2.81%
   2506  1855      649.4295    41      647.5070      665.6726   908728    2.81%
   2522  1869        cutoff            647.5070      665.6726   910639    2.81%
   2525  1870      661.9502    49      647.5070      665.5892   911900    2.79%
   2533  1878      658.5091    31      647.5070      665.5892   915092    2.79%
   2539  1884      656.7523    27      647.5070      665.5892   916905    2.79%
Elapsed time = 1757.63 sec. (1451301.44 ticks, tree = 196.77 MB, solutions = 2)
   2547  1892      654.1772    17      647.5070      665.5892   918789    2.79%
   2557  1902      652.3955    17      647.5070      665.5892   920452    2.79%
   2568  1913      651.3782    19      647.5070      665.5892   921963    2.79%
   2580  1925      649.2617     4      647.5070      665.5892   922989    2.79%
   2593  1938      648.9366    13      647.5070      665.5892   923993    2.79%
   2621  1961      648.1015    12      647.5070      665.5892   924990    2.79%
   2633  1968      662.5237    49      647.5070      665.5144   926741    2.78%
   2640  1975      659.1732    47      647.5070      665.5144   928949    2.78%
   2650  1985      656.2873    55      647.5070      665.5144   931956    2.78%
   2658  1993      653.8699    52      647.5070      665.5144   934490    2.78%
Elapsed time = 1789.18 sec. (1491059.61 ticks, tree = 213.81 MB, solutions = 2)
   2665  2000      652.0680    48      647.5070      665.5144   936493    2.78%
   2674  2009      650.3754    51      647.5070      665.5144   938446    2.78%
   2683  2018      649.1320    47      647.5070      665.5144   940641    2.78%
   2692  2027      648.0476    44      647.5070      665.5144   942227    2.78%
   2699  2030      661.6360    54      647.5070      665.4634   944792    2.77%
   2705  2036      658.7289    59      647.5070      665.4634   948203    2.77%
   2708  2039      657.4884    60      647.5070      665.4634   952587    2.77%
   2712  2043      656.3807    54      647.5070      665.4634   956272    2.77%
   2718  2049      655.2660    54      647.5070      665.4634   959036    2.77%
   2726  2057      653.7917    55      647.5070      665.4634   961130    2.77%
Elapsed time = 1833.31 sec. (1534134.55 ticks, tree = 219.93 MB, solutions = 2)
   2735  2066      652.0703    54      647.5070      665.4634   963470    2.77%
   2745  2076      650.8359    52      647.5070      665.4634   965304    2.77%
   2754  2085      649.5244    50      647.5070      665.4634   967308    2.77%
   2762  2093      648.2251    53      647.5070      665.4634   969122    2.77%
   2771  2098      663.6194    46      647.5070      665.3145   972485    2.75%
   2776  2103      661.3843    50      647.5070      665.3145   975884    2.75%
   2781  2108      659.2080    52      647.5070      665.3145   979233    2.75%
   2787  2114      657.3414    50      647.5070      665.3145   981781    2.75%
   2793  2120      654.9921    47      647.5070      665.3145   985158    2.75%
   2801  2128      653.3765    51      647.5070      665.3145   987282    2.75%
Elapsed time = 1877.89 sec. (1577657.56 ticks, tree = 224.21 MB, solutions = 2)
   2810  2137      651.5495    49      647.5070      665.3145   989506    2.75%
   2819  2146      650.4214    44      647.5070      665.3145   991371    2.75%
   2829  2156      649.0300    50      647.5070      665.3145   993544    2.75%
   2838  2165      647.9649    45      647.5070      665.3145   995179    2.75%
   2847  2170      661.1581    47      647.5070      665.2812   998051    2.75%
   2855  2178      657.9095    51      647.5070      665.2812  1000879    2.75%
   2864  2187      655.4255    46      647.5070      665.2812  1003375    2.75%
   2874  2197      653.4253    46      647.5070      665.2812  1005594    2.75%
   2884  2207      652.0261    43      647.5070      665.2812  1007309    2.75%
   2894  2217      650.3917    43      647.5070      665.2812  1009191    2.75%
Elapsed time = 1915.20 sec. (1619675.75 ticks, tree = 238.15 MB, solutions = 2)
   2905  2228      648.7586    51      647.5070      665.2812  1011175    2.75%
   2917  2240      647.8091    39      647.5070      665.2812  1012874    2.75%
   2923  2242      660.8666    40      647.5070      665.2429  1015564    2.74%
   2925  2244      659.9431    42      647.5070      665.2429  1016330    2.74%
   2930  2249      657.8840    35      647.5070      665.2429  1019240    2.74%
   2934  2253      655.7381    35      647.5070      665.2429  1022328    2.74%
   2939  2258      657.0171    44      647.5070      665.2429  1024403    2.74%
   2944  2263      656.0679    45      647.5070      665.2429  1027250    2.74%
   2949  2268      652.4978    28      647.5070      665.2429  1029886    2.74%
   2955  2274      653.5313    33      647.5070      665.2429  1032511    2.74%
Elapsed time = 1964.27 sec. (1663408.30 ticks, tree = 246.49 MB, solutions = 2)
   2962  2281      651.3823    31      647.5070      665.2429  1035069    2.74%
   2970  2289      650.1609    28      647.5070      665.2429  1037558    2.74%
   2978  2297      648.1566    22      647.5070      665.2429  1039622    2.74%
   2989  2302        cutoff            647.5070      665.2429  1041242    2.74%
   3002  2307        cutoff            647.5070      665.2429  1042620    2.74%
   3011  2312      659.1890    46      647.5070      665.2341  1045026    2.74%
   3019  2320      656.2865    47      647.5070      665.2341  1047158    2.74%
   3027  2328      653.7598    49      647.5070      665.2341  1049234    2.74%
   3035  2336      652.1899    47      647.5070      665.2341  1050954    2.74%
   3045  2346      650.9196    48      647.5070      665.2341  1052646    2.74%
Elapsed time = 1996.67 sec. (1703515.80 ticks, tree = 252.23 MB, solutions = 2)
   3056  2357      649.3054    43      647.5070      665.2341  1054461    2.74%
   3064  2365      648.0489    44      647.5070      665.2341  1056560    2.74%
   3072  2369      663.4923    56      647.5070      665.2322  1060280    2.74%
   3077  2374      660.9259    59      647.5070      665.2322  1063141    2.74%
   3082  2379      659.2113    63      647.5070      665.2322  1067582    2.74%
   3086  2383      657.9287    62      647.5070      665.2322  1071356    2.74%
   3090  2387      656.7609    59      647.5070      665.2322  1074685    2.74%
   3095  2392      655.3451    55      647.5070      665.2322  1077556    2.74%
   3101  2398      654.0716    54      647.5070      665.2322  1080593    2.74%
   3107  2404      652.9183    57      647.5070      665.2322  1082454    2.74%
Elapsed time = 2047.20 sec. (1748507.96 ticks, tree = 257.43 MB, solutions = 2)
   3114  2411      651.8621    48      647.5070      665.2322  1084469    2.74%
   3122  2419      650.2603    58      647.5070      665.2322  1086617    2.74%
   3131  2428      649.3320    54      647.5070      665.2322  1088443    2.74%
   3139  2436      648.3072    52      647.5070      665.2322  1090538    2.74%
   3148  2443        cutoff            647.5070      665.2322  1092853    2.74%
   3153  2446      659.2678    50      647.5070      665.1669  1095650    2.73%
   3157  2450      657.5625    53      647.5070      665.1669  1098122    2.73%
   3164  2457      655.7942    51      647.5070      665.1669  1100371    2.73%
   3172  2465      654.2885    49      647.5070      665.1669  1102330    2.73%
   3182  2475      652.7891    49      647.5070      665.1669  1104355    2.73%
Elapsed time = 2086.70 sec. (1788822.96 ticks, tree = 268.65 MB, solutions = 2)
   3191  2484      651.2931    50      647.5070      665.1669  1106111    2.73%
   3201  2494      650.1468    51      647.5070      665.1669  1107949    2.73%
   3208  2501      649.2552    45      647.5070      665.1669  1109426    2.73%
   3218  2511      648.5864    47      647.5070      665.1669  1110837    2.73%
   3230  2523      647.5231    39      647.5070      665.1669  1112354    2.73%
   3236  2525      660.6689    43      647.5070      665.1352  1114370    2.72%
   3246  2535      656.8128    46      647.5070      665.1352  1117557    2.72%
   3255  2544      654.4691    47      647.5070      665.1352  1119851    2.72%
   3265  2554      652.6221    48      647.5070      665.1352  1122167    2.72%
   3275  2564      651.1130    43      647.5070      665.1352  1124106    2.72%
Elapsed time = 2122.30 sec. (1830073.24 ticks, tree = 282.86 MB, solutions = 2)
   3285  2574      649.7277    44      647.5070      665.1352  1125755    2.72%
   3295  2584      648.3939    45      647.5070      665.1352  1127632    2.72%
   3305  2593      647.5154    45      647.5070      665.1352  1129012    2.72%
   3310  2594      661.1211    50      647.5070      665.1271  1131987    2.72%
   3315  2599      659.8926    50      647.5070      665.1271  1134714    2.72%
   3322  2606      657.3006    43      647.5070      665.1271  1137651    2.72%
   3325  2609      655.7450    48      647.5070      665.1271  1138988    2.72%
   3331  2615      653.5199    34      647.5070      665.1271  1141660    2.72%
   3338  2622      648.2996    15      647.5070      665.1271  1143666    2.72%
   3349  2633      648.9574    18      647.5070      665.1271  1145013    2.72%
Elapsed time = 2183.52 sec. (1885453.48 ticks, tree = 293.79 MB, solutions = 2)
   3358  2640      647.6171    12      647.5070      665.1271  1146356    2.72%
   3373  2649      647.7568    19      647.5070      665.1271  1147266    2.72%
   3382  2650      661.1851    48      647.5070      665.0980  1148952    2.72%
   3388  2656      658.5713    51      647.5070      665.0980  1151068    2.72%
   3395  2663      655.4560    54      647.5070      665.0980  1153777    2.72%
   3401  2669      654.0450    50      647.5070      665.0980  1156293    2.72%
   3405  2673      653.1795    49      647.5070      665.0980  1158479    2.72%
   3413  2681      651.9157    46      647.5070      665.0980  1160377    2.72%
   3421  2689      650.9158    45      647.5070      665.0980  1161818    2.72%
   3430  2698      649.1874    46      647.5070      665.0980  1163626    2.72%
Elapsed time = 2218.13 sec. (1925884.63 ticks, tree = 302.10 MB, solutions = 2)
   3438  2706      648.3006    48      647.5070      665.0980  1165061    2.72%
   3448  2712      663.1525    44      647.5070      665.0963  1166851    2.72%
   3455  2719      657.2559    19      647.5070      665.0963  1169129    2.72%
*  3463  2156      integral     0      649.2341      665.0963  1170062    2.44%
   3464  2157      650.1293     3      649.2341      665.0963  1170318    2.44%
   3479  2168      661.5094    49      649.2341      665.0462  1172495    2.44%
   3485  2174      658.7751    51      649.2341      665.0462  1174420    2.44%
   3493  2182      655.8526    52      649.2341      665.0462  1176767    2.44%
   3500  2189      653.8259    53      649.2341      665.0462  1178766    2.44%
   3508  2197      652.4134    54      649.2341      665.0462  1180625    2.44%
   3513  2202      651.6375    54      649.2341      665.0462  1183356    2.44%
Elapsed time = 2263.80 sec. (1968144.58 ticks, tree = 244.84 MB, solutions = 3)
   3518  2207      650.6815    52      649.2341      665.0462  1185399    2.44%
   3525  2213      649.7862    52      649.2341      665.0462  1186981    2.44%
   3531  2215      660.7913    50      649.2341      664.9641  1189663    2.42%
   3537  2221      657.2270    48      649.2341      664.9641  1191996    2.42%
   3543  2227      655.3285    53      649.2341      664.9641  1194785    2.42%
   3546  2230      654.5498    53      649.2341      664.9641  1197476    2.42%
   3551  2235      653.0792    47      649.2341      664.9641  1200786    2.42%
   3557  2241      651.7045    49      649.2341      664.9641  1202919    2.42%
   3565  2249      650.6509    49      649.2341      664.9641  1204471    2.42%
   3575  2259      649.4343    45      649.2341      664.9641  1206184    2.42%
Elapsed time = 2303.42 sec. (2010413.60 ticks, tree = 254.11 MB, solutions = 3)
   3581  2261      661.9384    49      649.2341      664.9639  1208463    2.42%
   3584  2264      660.5171    48      649.2341      664.9639  1210890    2.42%
   3587  2267      657.9041    33      649.2341      664.9639  1213516    2.42%
   3592  2272      659.4423    44      649.2341      664.9639  1215298    2.42%
   3598  2278      657.4119    33      649.2341      664.9639  1217752    2.42%
   3605  2285      654.6559    27      649.2341      664.9639  1219607    2.42%
   3614  2294      652.4483    21      649.2341      664.9639  1221143    2.42%
   3623  2303      650.9107    15      649.2341      664.9639  1222155    2.42%
   3637  2315      650.3356    18      649.2341      664.9639  1223090    2.42%
   3650  2324      649.7989    12      649.2341      664.9639  1223791    2.42%
Elapsed time = 2338.61 sec. (2051918.92 ticks, tree = 264.52 MB, solutions = 3)
   3659  2327      664.1380    58      649.2341      664.9590  1224860    2.42%
   3666  2334      660.4909    59      649.2341      664.9590  1227645    2.42%
   3673  2341      658.3264    64      649.2341      664.9590  1230118    2.42%
   3677  2345      657.0316    64      649.2341      664.9590  1232601    2.42%
   3683  2351      655.3324    63      649.2341      664.9590  1235093    2.42%
   3688  2356      654.4215    57      649.2341      664.9590  1236629    2.42%
   3695  2363      652.8750    57      649.2341      664.9590  1238792    2.42%
   3701  2369      651.7058    60      649.2341      664.9590  1241556    2.42%
   3707  2375      651.0131    61      649.2341      664.9590  1243686    2.42%
   3713  2381      650.2328    56      649.2341      664.9590  1246290    2.42%
Elapsed time = 2391.99 sec. (2093667.53 ticks, tree = 270.29 MB, solutions = 3)
   3720  2388      649.4617    56      649.2341      664.9590  1248175    2.42%
   3725  2389      662.1786    50      649.2341      664.9269  1250022    2.42%
   3730  2394      659.5975    50      649.2341      664.9269  1252631    2.42%
   3736  2400      658.3198    51      649.2341      664.9269  1254324    2.42%
   3743  2407      655.8438    53      649.2341      664.9269  1256801    2.42%
   3749  2413      654.3178    50      649.2341      664.9269  1258461    2.42%
   3756  2420      652.9796    53      649.2341      664.9269  1260274    2.42%
   3763  2427      651.8110    48      649.2341      664.9269  1261921    2.42%
   3770  2434      650.9932    49      649.2341      664.9269  1263233    2.42%
   3778  2442      649.6821    45      649.2341      664.9269  1264905    2.42%
Elapsed time = 2440.60 sec. (2140623.40 ticks, tree = 280.75 MB, solutions = 3)
   3785  2445      662.1662    50      649.2341      664.9148  1266527    2.42%
   3793  2453      658.4797    51      649.2341      664.9148  1269277    2.42%
   3798  2458      656.7499    50      649.2341      664.9148  1270861    2.42%
   3805  2465      654.7568    51      649.2341      664.9148  1272932    2.42%
   3812  2472      653.1657    54      649.2341      664.9148  1274791    2.42%
   3819  2479      651.9027    54      649.2341      664.9148  1276554    2.42%
   3826  2486      650.7747    53      649.2341      664.9148  1278126    2.42%
   3833  2493      649.3699    49      649.2341      664.9148  1280170    2.42%
   3839  2495      662.0584    41      649.2341      664.8494  1281864    2.41%
   3846  2502      657.9338    47      649.2341      664.8494  1284238    2.41%
Elapsed time = 2480.01 sec. (2181765.49 ticks, tree = 281.64 MB, solutions = 3)
   3850  2506      656.1340    52      649.2341      664.8494  1287763    2.41%
   3855  2511      654.9047    51      649.2341      664.8494  1290303    2.41%
   3859  2515      653.8079    48      649.2341      664.8494  1292756    2.41%
   3865  2521      651.7402    46      649.2341      664.8494  1295563    2.41%
   3870  2526      650.6099    50      649.2341      664.8494  1298014    2.41%
   3876  2532      649.6704    51      649.2341      664.8494  1299776    2.41%
   3881  2533      661.7773    39      649.2341      664.8163  1301635    2.40%
   3884  2536      659.5107    32      649.2341      664.8163  1303817    2.40%
   3888  2540      658.0632    35      649.2341      664.8163  1305845    2.40%
   3895  2547      656.4109    27      649.2341      664.8163  1307625    2.40%
Elapsed time = 2522.31 sec. (2225331.38 ticks, tree = 283.28 MB, solutions = 3)
   3903  2555      654.2270    20      649.2341      664.8163  1309152    2.40%
   3911  2563      653.8319    20      649.2341      664.8163  1310368    2.40%
   3920  2572      652.8803    19      649.2341      664.8163  1311434    2.40%
   3929  2581      652.2267    18      649.2341      664.8163  1312426    2.40%
   3941  2593      651.3636    19      649.2341      664.8163  1313499    2.40%
   3954  2606      650.1322    16      649.2341      664.8163  1314406    2.40%
   3971  2619      649.7741    10      649.2341      664.8163  1315577    2.40%
   3978  2620      662.1029    48      649.2341      664.7937  1318265    2.40%
   3982  2624      659.7447    46      649.2341      664.7937  1320563    2.40%
   3987  2629      658.0308    50      649.2341      664.7937  1323049    2.40%
Elapsed time = 2559.96 sec. (2268065.17 ticks, tree = 295.90 MB, solutions = 3)
   3994  2636      655.7428    51      649.2341      664.7937  1325266    2.40%
   3999  2641      654.1215    51      649.2341      664.7937  1326898    2.40%
   4004  2646      652.9890    52      649.2341      664.7937  1328799    2.40%
   4011  2653      651.4677    53      649.2341      664.7937  1330639    2.40%
   4018  2660      650.2950    52      649.2341      664.7937  1332223    2.40%
   4026  2666        cutoff            649.2341      664.7937  1333576    2.40%
   4032  2670      660.4569    46      649.2341      664.7583  1335742    2.39%
   4037  2675      658.1328    49      649.2341      664.7583  1337592    2.39%
   4041  2679      656.7993    53      649.2341      664.7583  1339778    2.39%
   4047  2685      654.9964    52      649.2341      664.7583  1341483    2.39%
Elapsed time = 2598.72 sec. (2309347.10 ticks, tree = 305.99 MB, solutions = 3)
   4054  2692      653.2067    53      649.2341      664.7583  1343401    2.39%
   4062  2700      651.9747    53      649.2341      664.7583  1345139    2.39%
   4067  2705      651.1588    46      649.2341      664.7583  1346640    2.39%
   4073  2711      650.0331    47      649.2341      664.7583  1348514    2.39%
   4080  2718      649.2725    45      649.2341      664.7583  1349702    2.39%
   4085  2719      662.2283    61      649.2341      664.7577  1352054    2.39%
   4089  2723      660.7976    63      649.2341      664.7577  1355880    2.39%
   4094  2728      659.5778    59      649.2341      664.7577  1358717    2.39%
   4098  2732      657.5412    56      649.2341      664.7577  1360695    2.39%
   4105  2739      655.9609    57      649.2341      664.7577  1362590    2.39%
Elapsed time = 2643.26 sec. (2352848.06 ticks, tree = 315.30 MB, solutions = 3)
   4112  2746      654.5591    52      649.2341      664.7577  1364490    2.39%
   4119  2753      653.4680    53      649.2341      664.7577  1366042    2.39%
   4124  2758      652.5452    54      649.2341      664.7577  1367309    2.39%
   4129  2763      651.7651    56      649.2341      664.7577  1368476    2.39%
   4135  2769      651.1343    51      649.2341      664.7577  1370190    2.39%
   4143  2777      650.0817    53      649.2341      664.7577  1371778    2.39%
   4150  2784      649.5718    52      649.2341      664.7577  1373020    2.39%
   4158  2788      660.7533    51      649.2341      664.7418  1375334    2.39%
   4165  2795      658.3492    54      649.2341      664.7418  1377729    2.39%
   4168  2798      656.9651    50      649.2341      664.7418  1379833    2.39%
Elapsed time = 2680.50 sec. (2394866.96 ticks, tree = 325.84 MB, solutions = 3)
   4175  2805      654.8586    48      649.2341      664.7418  1381916    2.39%
   4181  2811      653.7105    45      649.2341      664.7418  1383442    2.39%
   4188  2818      652.3316    45      649.2341      664.7418  1384907    2.39%
   4195  2825      651.0042    46      649.2341      664.7418  1386292    2.39%
   4204  2834      650.1667    47      649.2341      664.7418  1387657    2.39%
   4215  2841      661.9969    49      649.2341      664.7184  1390493    2.38%
   4219  2845      661.1950    49      649.2341      664.7184  1393432    2.38%
   4222  2848      659.3289    37      649.2341      664.7184  1395423    2.38%
   4225  2851      659.1455    49      649.2341      664.7184  1398784    2.38%
   4229  2855      657.1853    36      649.2341      664.7184  1401878    2.38%
Elapsed time = 2726.42 sec. (2442098.88 ticks, tree = 335.08 MB, solutions = 3)
   4233  2859      656.6588    42      649.2341      664.7184  1404291    2.38%
   4237  2863      656.5115    48      649.2341      664.7184  1406454    2.38%
   4242  2868      653.6879    40      649.2341      664.7184  1409592    2.38%
   4246  2872      655.0945    47      649.2341      664.7184  1411272    2.38%
   4250  2876      654.4595    47      649.2341      664.7184  1414029    2.38%
   4255  2881      651.8857    37      649.2341      664.7184  1415637    2.38%
   4263  2887      649.9344    33      649.2341      664.7184  1417267    2.38%
   4272  2890      662.2692    41      649.2341      664.6645  1418741    2.38%
   4276  2894      660.2734    42      649.2341      664.6645  1420285    2.38%
   4282  2900      657.6895    42      649.2341      664.6645  1422414    2.38%
Elapsed time = 2766.74 sec. (2484923.47 ticks, tree = 341.68 MB, solutions = 3)
   4289  2907      655.7755    41      649.2341      664.6645  1424498    2.38%
   4295  2913      653.8854    42      649.2341      664.6645  1426998    2.38%
   4302  2920      652.1304    40      649.2341      664.6645  1429151    2.38%
   4308  2926      651.1249    46      649.2341      664.6645  1430709    2.38%
   4315  2933      650.1419    42      649.2341      664.6645  1432393    2.38%
   4324  2938      662.9288    51      649.2341      664.6616  1434669    2.38%
   4330  2944      660.1092    50      649.2341      664.6616  1437135    2.38%
   4337  2951      657.9454    50      649.2341      664.6616  1439140    2.38%
   4340  2954      656.5081    55      649.2341      664.6616  1442069    2.38%
   4345  2959      655.2275    48      649.2341      664.6616  1444248    2.38%
Elapsed time = 2808.12 sec. (2529093.50 ticks, tree = 341.92 MB, solutions = 3)
   4351  2965      653.7645    51      649.2341      664.6616  1446167    2.38%
   4357  2971      652.8920    50      649.2341      664.6616  1447448    2.38%
   4362  2976      652.0174    50      649.2341      664.6616  1449601    2.38%
   4369  2983      651.0422    47      649.2341      664.6616  1451024    2.38%
   4375  2989      650.3486    45      649.2341      664.6616  1452695    2.38%
   4385  2995        cutoff            649.2341      664.6616  1454208    2.38%
   4389  2999      659.2268    41      649.2341      664.6262  1456195    2.37%
   4395  3005      656.9364    42      649.2341      664.6262  1457747    2.37%
   4403  3013      654.8669    38      649.2341      664.6262  1459544    2.37%
   4411  3021      653.6209    42      649.2341      664.6262  1460921    2.37%
Elapsed time = 2842.55 sec. (2569961.87 ticks, tree = 342.17 MB, solutions = 3)
   4420  3030      651.9685    45      649.2341      664.6262  1462440    2.37%
   4429  3039      650.7615    40      649.2341      664.6262  1463799    2.37%
   4438  3048      650.1930    36      649.2341      664.6262  1464938    2.37%
   4446  3056      649.2918    38      649.2341      664.6262  1465990    2.37%
   4449  3055      662.3357    43      649.2341      664.5286  1469021    2.36%
   4455  3061      659.9532    50      649.2341      664.5286  1471416    2.36%
   4459  3065      658.6450    46      649.2341      664.5286  1472957    2.36%
   4466  3072      656.3126    45      649.2341      664.5286  1474890    2.36%
   4474  3080      654.6124    45      649.2341      664.5286  1476542    2.36%
   4481  3087      653.4980    48      649.2341      664.5286  1478357    2.36%
Elapsed time = 2879.94 sec. (2613014.93 ticks, tree = 347.70 MB, solutions = 3)
   4488  3094      652.3705    49      649.2341      664.5286  1479910    2.36%
   4495  3101      651.3679    49      649.2341      664.5286  1481162    2.36%
   4503  3109      650.4758    44      649.2341      664.5286  1482560    2.36%
   4514  3120      649.6214    43      649.2341      664.5286  1484045    2.36%
   4520  3122      662.1860    50      649.2341      664.4310  1485668    2.34%
   4525  3127      660.1532    51      649.2341      664.4310  1488110    2.34%
   4530  3132      658.9430    53      649.2341      664.4310  1490460    2.34%
   4534  3136      658.0979    52      649.2341      664.4310  1493131    2.34%
   4538  3140      656.1275    40      649.2341      664.4310  1495026    2.34%
   4543  3145      651.4682    26      649.2341      664.4310  1497471    2.34%
Elapsed time = 2938.41 sec. (2670717.77 ticks, tree = 357.73 MB, solutions = 3)
   4550  3152      650.3981    26      649.2341      664.4310  1498804    2.34%
   4560  3156      649.2465    23      649.2341      664.4310  1500073    2.34%
   4566  3158      659.5942    42      649.2341      664.4269  1501974    2.34%
   4573  3165      651.5432    18      649.2341      664.4269  1504730    2.34%
   4583  3169        cutoff            649.2341      664.4269  1505466    2.34%
   4588  3174      659.7014    42      649.2341      664.4256  1507587    2.34%
   4594  3180      657.2597    45      649.2341      664.4256  1509586    2.34%
   4599  3185      655.3589    43      649.2341      664.4256  1510974    2.34%
   4604  3190      654.1122    43      649.2341      664.4256  1512878    2.34%
   4612  3198      652.9724    44      649.2341      664.4256  1514397    2.34%
Elapsed time = 2973.45 sec. (2712213.37 ticks, tree = 367.43 MB, solutions = 3)
   4619  3205      652.0728    44      649.2341      664.4256  1515579    2.34%
   4627  3212      651.0895    43      649.2341      664.4256  1516674    2.34%
   4635  3220      650.5748    40      649.2341      664.4256  1517823    2.34%
   4645  3230      649.3508    41      649.2341      664.4256  1519318    2.34%
   4652  3233      660.5305    50      649.2341      664.4230  1521669    2.34%
   4657  3238      658.9293    57      649.2341      664.4230  1523203    2.34%
   4665  3246      656.5321    53      649.2341      664.4230  1525640    2.34%
   4672  3253      654.7698    52      649.2341      664.4230  1527716    2.34%
   4678  3259      653.5496    51      649.2341      664.4230  1529286    2.34%
   4685  3266      652.1603    55      649.2341      664.4230  1530897    2.34%
Elapsed time = 3010.88 sec. (2754457.22 ticks, tree = 379.71 MB, solutions = 3)
   4692  3273      650.9995    50      649.2341      664.4230  1532528    2.34%
   4699  3280      649.9500    46      649.2341      664.4230  1534068    2.34%
   4707  3284      661.6640    40      649.2341      664.4221  1535862    2.34%
   4712  3289      659.1199    41      649.2341      664.4221  1538269    2.34%
   4715  3292      657.5473    43      649.2341      664.4221  1540899    2.34%
   4721  3298      656.0042    44      649.2341      664.4221  1543778    2.34%
   4725  3302      654.5264    41      649.2341      664.4221  1545878    2.34%
   4730  3307      653.2517    43      649.2341      664.4221  1548124    2.34%
   4734  3311      652.7593    40      649.2341      664.4221  1549220    2.34%
   4741  3318      651.3307    43      649.2341      664.4221  1550518    2.34%
Elapsed time = 3049.32 sec. (2797410.73 ticks, tree = 387.73 MB, solutions = 3)
   4750  3327      650.5311    39      649.2341      664.4221  1551868    2.34%
   4758  3335      649.3219    39      649.2341      664.4221  1553388    2.34%
   4761  3334      661.7419    42      649.2341      664.3734  1556343    2.33%
   4764  3337      660.1667    41      649.2341      664.3734  1558198    2.33%
   4768  3341      658.9429    32      649.2341      664.3734  1560189    2.33%
   4775  3348      656.1341    28      649.2341      664.3734  1562738    2.33%
   4782  3355      656.0830    34      649.2341      664.3734  1564979    2.33%
   4787  3360      653.4768    23      649.2341      664.3734  1567224    2.33%
   4794  3367      653.9070    33      649.2341      664.3734  1569119    2.33%
   4800  3373      652.4569    25      649.2341      664.3734  1571221    2.33%
Elapsed time = 3089.56 sec. (2841256.29 ticks, tree = 394.68 MB, solutions = 3)
   4807  3380      652.2187    35      649.2341      664.3734  1572659    2.33%
   4814  3387      650.1259    26      649.2341      664.3734  1574990    2.33%
   4820  3393      651.6190    33      649.2341      664.3734  1576511    2.33%
   4826  3399      651.2553    31      649.2341      664.3734  1577917    2.33%
   4838  3403        cutoff            649.2341      664.3734  1578979    2.33%
   4845  3402      661.5676    61      649.2341      664.3726  1580258    2.33%
   4851  3408      658.2709    63      649.2341      664.3726  1582981    2.33%
   4855  3412      656.7092    64      649.2341      664.3726  1585668    2.33%
   4861  3418      655.2388    61      649.2341      664.3726  1587689    2.33%
   4866  3423      654.2103    61      649.2341      664.3726  1589090    2.33%
Elapsed time = 3127.51 sec. (2884563.68 ticks, tree = 403.09 MB, solutions = 3)
   4873  3430      652.7946    57      649.2341      664.3726  1590944    2.33%
   4878  3435      652.0710    56      649.2341      664.3726  1592847    2.33%
   4885  3442      650.8306    58      649.2341      664.3726  1594646    2.33%
   4892  3449      649.9784    58      649.2341      664.3726  1596219    2.33%
   4899  3456      649.2685    55      649.2341      664.3726  1597919    2.33%
   4902  3455      660.0973    45      649.2341      664.2841  1601035    2.32%
   4905  3458      658.1319    50      649.2341      664.2841  1603943    2.32%
   4911  3464      656.0931    47      649.2341      664.2841  1606059    2.32%
   4916  3469      654.5269    53      649.2341      664.2841  1607645    2.32%
   4922  3475      653.6884    49      649.2341      664.2841  1609097    2.32%
Elapsed time = 3168.40 sec. (2928390.50 ticks, tree = 412.39 MB, solutions = 3)
   4925  3478      653.1606    51      649.2341      664.2841  1609700    2.32%
   4932  3485      652.1177    52      649.2341      664.2841  1611178    2.32%
   4938  3491      651.0415    48      649.2341      664.2841  1612504    2.32%
   4944  3497      649.9957    48      649.2341      664.2841  1614254    2.32%
   4952  3501        cutoff            649.2341      664.2841  1615344    2.32%
   4957  3506      659.3296    50      649.2341      664.2733  1617651    2.32%
   4962  3511      657.6560    49      649.2341      664.2733  1619587    2.32%
   4968  3517      655.6043    45      649.2341      664.2733  1621408    2.32%
   4974  3523      653.7560    47      649.2341      664.2733  1623612    2.32%
   4977  3526      653.0153    48      649.2341      664.2733  1624663    2.32%
Elapsed time = 3204.53 sec. (2970861.73 ticks, tree = 421.46 MB, solutions = 3)
   4984  3533      651.4132    48      649.2341      664.2733  1626382    2.32%
   4990  3539      650.3368    46      649.2341      664.2733  1627650    2.32%
   4997  3546      649.3761    43      649.2341      664.2733  1629023    2.32%
   5003  3548      661.2693    43      649.2341      664.2684  1630583    2.32%
   5007  3552      659.1894    43      649.2341      664.2684  1632862    2.32%
   5015  3560      656.7535    47      649.2341      664.2684  1635130    2.32%
   5022  3567      654.6201    44      649.2341      664.2684  1636876    2.32%
   5028  3573      653.2858    47      649.2341      664.2684  1638182    2.32%
   5035  3580      652.2111    41      649.2341      664.2684  1639430    2.32%
   5043  3588      651.0641    42      649.2341      664.2684  1640759    2.32%
Elapsed time = 3237.02 sec. (3012917.76 ticks, tree = 432.81 MB, solutions = 3)
   5051  3596      649.9486    42      649.2341      664.2684  1642161    2.32%
   5057  3598      661.0726    51      649.2341      664.2525  1643853    2.31%
   5061  3602      658.3726    39      649.2341      664.2525  1646723    2.31%
   5066  3607      657.3003    39      649.2341      664.2525  1648687    2.31%
   5072  3613      653.5975    24      649.2341      664.2525  1650566    2.31%
   5079  3620      651.5234    21      649.2341      664.2525  1651773    2.31%
   5086  3627      650.2369    20      649.2341      664.2525  1652961    2.31%
   5097  3632      662.3425    50      649.2341      664.2464  1654385    2.31%
   5104  3639      658.9253    55      649.2341      664.2464  1657003    2.31%
   5109  3644      657.2570    56      649.2341      664.2464  1658663    2.31%
Elapsed time = 3271.73 sec. (3054583.66 ticks, tree = 442.78 MB, solutions = 3)
   5115  3650      655.5710    56      649.2341      664.2464  1660554    2.31%
   5122  3657      653.6341    54      649.2341      664.2464  1662562    2.31%
Starting limited solution polishing.
   5125  3660      653.1264    56      649.2341      664.2464  1663289    2.31%
   5132  3667      651.9735    58      649.2341      664.2464  1664907    2.31%
   5138  3673      650.7926    51      649.2341      664.2464  1666494    2.31%
   5145  3680      649.6690    49      649.2341      664.2464  1668147    2.31%
   5151  3682      661.3742    47      649.2341      664.2325  1669660    2.31%
   5157  3688      659.0792    50      649.2341      664.2325  1671524    2.31%
   5163  3694      656.7752    50      649.2341      664.2325  1673410    2.31%
   5168  3699      655.3145    43      649.2341      664.2325  1675129    2.31%
Elapsed time = 3313.42 sec. (3100985.76 ticks, tree = 450.12 MB, solutions = 3)
   5175  3706      654.0257    44      649.2341      664.2325  1676453    2.31%
   5182  3713      652.6169    40      649.2341      664.2325  1677939    2.31%
   5189  3720      651.5209    48      649.2341      664.2325  1679810    2.31%
   5194  3725      650.6277    45      649.2341      664.2325  1681599    2.31%
   5201  3732      649.8077    45      649.2341      664.2325  1682888    2.31%
   5208  3735      662.3249    43      649.2341      664.2042  1685355    2.31%
   5214  3741      659.3501    43      649.2341      664.2042  1687576    2.31%
   5221  3748      657.5497    44      649.2341      664.2042  1689388    2.31%
   5225  3752      656.1041    49      649.2341      664.2042  1691392    2.31%
   5231  3758      654.1823    44      649.2341      664.2042  1693501    2.31%
Elapsed time = 3353.75 sec. (3151700.01 ticks, tree = 457.04 MB, solutions = 3)
   5236  3763      653.3131    45      649.2341      664.2042  1694560    2.31%
   5242  3769      652.3371    46      649.2341      664.2042  1696115    2.31%
   5249  3776      651.3541    46      649.2341      664.2042  1697425    2.31%
   5255  3782      650.6052    44      649.2341      664.2042  1698696    2.31%
   5264  3791      649.5085    45      649.2341      664.2042  1700166    2.31%
   5267  3790      661.7926    42      649.2341      664.1374  1702942    2.30%
   5272  3795      659.5354    43      649.2341      664.1374  1705096    2.30%
   5276  3799      658.0583    44      649.2341      664.1374  1706775    2.30%
   5282  3805      655.7720    42      649.2341      664.1374  1708739    2.30%
   5287  3810      654.4518    45      649.2341      664.1374  1710785    2.30%
Elapsed time = 3389.43 sec. (3194230.86 ticks, tree = 460.87 MB, solutions = 3)
   5294  3817      652.9748    48      649.2341      664.1374  1712540    2.30%
   5301  3824      651.7927    45      649.2341      664.1374  1714189    2.30%
   5309  3832      650.8148    44      649.2341      664.1374  1715556    2.30%
   5317  3840      650.0687    42      649.2341      664.1374  1716621    2.30%
   5325  3848      649.5523    40      649.2341      664.1374  1717539    2.30%
   5331  3850      661.1617    47      649.2341      664.1373  1719866    2.30%
   5336  3855      658.3059    43      649.2341      664.1373  1722345    2.30%
   5340  3859      656.6712    35      649.2341      664.1373  1724915    2.30%
   5345  3864      655.0418    34      649.2341      664.1373  1727153    2.30%
   5352  3871      652.9905    28      649.2341      664.1373  1728897    2.30%
Elapsed time = 3426.30 sec. (3241267.97 ticks, tree = 471.86 MB, solutions = 3)
   5359  3878      651.9314    26      649.2341      664.1373  1730024    2.30%
   5366  3885      650.1734    18      649.2341      664.1373  1731275    2.30%
   5377  3887      649.2397    18      649.2341      664.1373  1732181    2.30%
   5382  3890      660.0082    41      649.2341      664.1373  1734529    2.30%
   5387  3895      658.0819    42      649.2341      664.1373  1736107    2.30%
   5394  3902      656.2586    42      649.2341      664.1373  1737771    2.30%
   5399  3907      654.8234    40      649.2341      664.1373  1739049    2.30%
   5405  3913      653.7348    37      649.2341      664.1373  1740069    2.30%
   5413  3921      652.2647    40      649.2341      664.1373  1741489    2.30%
   5421  3929      651.5896    42      649.2341      664.1373  1742671    2.30%
Elapsed time = 3454.33 sec. (3283997.53 ticks, tree = 482.50 MB, solutions = 3)
   5425  3933      650.8600    41      649.2341      664.1373  1743368    2.30%
   5435  3943      649.7209    36      649.2341      664.1373  1744697    2.30%
   5441  3945      660.9354    48      649.2341      664.0851  1746291    2.29%
   5446  3950      658.1928    53      649.2341      664.0851  1748149    2.29%
   5453  3957      656.1086    54      649.2341      664.0851  1750450    2.29%
   5459  3963      654.4484    51      649.2341      664.0851  1752124    2.29%
   5466  3970      653.3457    50      649.2341      664.0851  1753593    2.29%
   5474  3978      652.1432    53      649.2341      664.0851  1755254    2.29%
   5481  3985      651.1657    52      649.2341      664.0851  1756682    2.29%
   5488  3992      650.0525    54      649.2341      664.0851  1758191    2.29%
Elapsed time = 3486.58 sec. (3329051.56 ticks, tree = 494.15 MB, solutions = 3)
   5496  4000      649.5168    50      649.2341      664.0851  1759400    2.29%
   5504  4004      660.0174    44      649.2341      664.0600  1762027    2.28%
   5509  4009      657.8630    48      649.2341      664.0600  1763531    2.28%
   5515  4015      656.1845    51      649.2341      664.0600  1765325    2.28%
   5522  4022      654.1376    43      649.2341      664.0600  1767124    2.28%
   5525  4025      653.2637    46      649.2341      664.0600  1767882    2.28%
   5533  4033      651.8577    44      649.2341      664.0600  1769451    2.28%
   5540  4040      650.9199    44      649.2341      664.0600  1770617    2.28%
   5546  4046      649.9674    40      649.2341      664.0600  1772128    2.28%
   5556  4052      661.4268    52      649.2341      664.0554  1774250    2.28%
Elapsed time = 3523.67 sec. (3380837.12 ticks, tree = 505.31 MB, solutions = 3)
   5561  4057      658.8637    49      649.2341      664.0554  1776636    2.28%
   5566  4062      657.1875    50      649.2341      664.0554  1778232    2.28%
   5573  4069      655.2341    51      649.2341      664.0554  1780810    2.28%
   5579  4075      653.8372    50      649.2341      664.0554  1782326    2.28%
   5583  4079      653.1203    52      649.2341      664.0554  1783496    2.28%
   5589  4085      652.2284    48      649.2341      664.0554  1784785    2.28%
   5595  4091      650.9609    47      649.2341      664.0554  1786272    2.28%
   5603  4099      649.9169    52      649.2341      664.0554  1787825    2.28%
   5611  4107      649.2973    45      649.2341      664.0554  1789065    2.28%
   5615  4107      660.2389    39      649.2341      664.0547  1790558    2.28%
Elapsed time = 3557.47 sec. (3423280.83 ticks, tree = 510.25 MB, solutions = 3)
   5618  4110      656.2197    29      649.2341      664.0547  1794580    2.28%
   5624  4116      657.3351    34      649.2341      664.0547  1796434    2.28%
   5625  4117      657.0566    33      649.2341      664.0547  1796607    2.28%
   5630  4122      654.2096    26      649.2341      664.0547  1798191    2.28%
   5635  4127      655.1732    36      649.2341      664.0547  1799980    2.28%
   5641  4133      651.9456    22      649.2341      664.0547  1801999    2.28%
   5648  4140      651.0908    25      649.2341      664.0547  1803107    2.28%
   5664  4150      661.9126    49      649.2341      664.0529  1804618    2.28%
   5669  4155      658.8437    51      649.2341      664.0529  1806612    2.28%
   5675  4161      656.4380    54      649.2341      664.0529  1808721    2.28%
Elapsed time = 3592.74 sec. (3468677.18 ticks, tree = 519.63 MB, solutions = 3)
   5681  4167      654.4190    51      649.2341      664.0529  1810733    2.28%

Flow cuts applied:  3
Mixed integer rounding cuts applied:  5
User cuts applied:  15965

Root node processing (before b&c):
  Real time             =   79.24 sec. (16335.21 ticks)
Sequential b&c:
  Real time             = 3520.86 sec. (3460983.69 ticks)
                          ------------
Total (root+branch&cut) = 3600.11 sec. (3477318.90 ticks)
|V|                                     800
K                                       10
theta                                   0.50
r                                       10
R                                       25
prob_func                               linear
#C1                                     10904
#CP                                     224412

@Parameters: 
am_callback_heuristic                   false
am_local_search                         true
am_start_heuristic                      false
colocation                              true
comp                                    false
cutC                                    true
cutC_init                               false
cutF                                    true
cutF_init                               false
cutF_stable                             false
cutF_wrong                              false
cutLocal                                false
cutM                                    true
cutM_init                               true
cutM_stable                             false
cutP                                    true
cutP_init                               false
cutP_stable                             false
init                                    true
init_cutF_zero                          false
init_val_greedy                         true
is_Euclidean                            false
is_local_search                         true
is_right_cutP                           true
is_root                                 false
is_silent                               false
is_start                                false
mycut                                   false
pmed                                    false
pre                                     true
stable_root                             false
str                                     false
two_phase                               false
ubstr                                   false
mode                                    Bin

am_callback_node_space                  50
init                                    0
mixture_seed                            1
node_space                              5
nodelimit                               -1
nsepa                                   1
strF                                    0
type_delta                              0

EPS                                     0.001000
EPS_FRAC                                0.00
gap                                     0.00
mixture_high_max                        0.99
mixture_high_min                        0.90
mixture_low_max                         0.01
mixture_low_min                         0.00
mixture_low_share                       0.80
timelimit                               3600.00

Number of Closed Sites: 2 / 20 
Number of Confined Sites-1: 1 / 9 
Number of Confined Sites-k: 775 / 1001 
Preprocess Time: 1.23 + 0.00 sec

Solve Time: 3600.11
Number of Nodes: 5688
Termination Status: TIME_LIMIT

CutInfo: [phase] num / time (sec) / aver. num_nonzero
max              [LP]     0 / 0.00 / 0.00 [init]   509 / 0.04 / 23.23 [rLC]  1686 / 0.28 / 68.90 [rUC]  1683 / 0.26 / 32.32 [sLC]  1131 / 0.71 / 47.49 [sUC]  3487 / 5.36 / 38.17 
prod_oa          [LP]     0 / 0.00 / 0.00 [init]     0 / 0.00 / 0.00 [rLC]     0 / 0.00 / 0.00 [rUC]     0 / 0.00 / 0.00 [sLC]     0 / 0.00 / 0.00 [sUC]     0 / 0.00 / 0.00 
prod_sm_fixed    [LP]     0 / 0.00 / 0.00 [init]     0 / 0.00 / 0.00 [rLC]     0 / 0.00 / 0.00 [rUC]     0 / 0.00 / 0.00 [sLC]     0 / 0.00 / 0.00 [sUC]     0 / 0.00 / 0.00 
prod_bin         [LP]     0 / 0.00 / 0.00 [init]   469 / 5.88 / 0.00 [rLC]  3738 / 57.15 / 0.00 [rUC]   394 / 3.17 / 0.00 [sLC] 13830 / 205.29 / 0.00 [sUC]  4950 / 61.18 / 0.00 
prod_local       [LP]     0 / 0.00 / 0.00 [init]     0 / 0.00 / 0.00 [rLC]     0 / 0.00 / 0.00 [rUC]     0 / 0.00 / 0.00 [sLC]     0 / 0.00 / 0.00 [sUC]     0 / 0.00 / 0.00 
prod_sm_C        [LP]     0 / 0.00 / 0.00 [init]     0 / 0.00 / 0.00 [rLC]     0 / 0.00 / 0.00 [rUC]     0 / 0.00 / 0.00 [sLC]     0 / 0.00 / 0.00 [sUC]     0 / 0.00 / 0.00 
facet            [LP]     0 / 0.00 / 0.00 [init]     0 / 0.00 / 0.00 [rLC]     0 / 0.00 / 0.00 [rUC]     0 / 0.00 / 0.00 [sLC]     0 / 0.00 / 0.00 [sUC]     0 / 0.00 / 0.00 
Separation Round:   [LP] 0  [init] 1  [rLC] 9  [rUC] 17  [sLC] 38  [sUC] 11126  
Root Best Bound 669.335523
Root Best Integer: 647.499734
Best Bound: 664.052935
Best Integer: 649.234146
1: 133, 308, 326, 388, 563, 667, 711, 713, 750, 760
Objective Value (calc): 649.220128
sum_etaM = 602.266667 / 602.266667
sum_etaP = 696.201626 / 696.173590
nL: 10
nCL: 0
mCL: 1
