Version identifier: 20.1.0.0 | 2020-11-10 | 9bedb6d68
CPXPARAM_Threads                                 1
CPXPARAM_TimeLimit                               3600
CPXPARAM_MIP_Tolerances_MIPGap                   0
Generic callback                                 0x60
1 of 1 MIP starts provided solutions.
MIP start 'm1' defined initial solution with objective 560.8904.
Tried aggregator 1 time.
MIP Presolve eliminated 4002 rows and 2005 columns.
MIP Presolve modified 846 coefficients.
Reduced MIP has 33774 rows, 35195 columns, and 610532 nonzeros.
Reduced MIP has 33995 binaries, 0 generals, 0 SOSs, and 0 indicators.
Presolve time = 0.70 sec. (353.03 ticks)
Probing time = 0.10 sec. (120.67 ticks)
Tried aggregator 1 time.
Reduced MIP has 33774 rows, 35195 columns, and 610532 nonzeros.
Reduced MIP has 33995 binaries, 0 generals, 0 SOSs, and 0 indicators.
Presolve time = 0.29 sec. (175.50 ticks)
Probing time = 0.10 sec. (114.64 ticks)
Clique table members: 38345.
MIP emphasis: balance optimality and feasibility.
MIP search method: dynamic search.
Parallel mode: none, using 1 thread.
Root relaxation solution time = 0.11 sec. (137.17 ticks)

        Nodes                                         Cuts/
   Node  Left     Objective  IInf  Best Integer    Best Bound    ItCnt     Gap

*     0+    0                          560.8904      600.0000             6.97%
      0     0      593.5432    55      560.8904      593.5432      409    5.82%
      0     0      572.3815   164      560.8904     Cuts: 527     2877    2.05%
      0     0      571.1895   167      560.8904     Cuts: 327     4603    1.84%
      0     0      570.8356   160      560.8904     Cuts: 206     5549    1.77%
      0     0      570.5194   175      560.8904     Cuts: 139     6444    1.72%
      0     0      570.3815   190      560.8904      Cuts: 74     7150    1.69%
      0     0      570.3219   187      560.8904      Cuts: 73     7574    1.68%
      0     0      570.2861   197      560.8904      Cuts: 48     7826    1.68%
      0     0      570.2757   185      560.8904      Cuts: 39     8031    1.67%
      0     0      570.2730   187      560.8904      Cuts: 21     8104    1.67%
      0     0      570.2700   191      560.8904 UserPurge2: 22     8156    1.67%
      0     0      570.2683   193      560.8904 UserPurge2: 15     8213    1.67%
      0     0      570.2681   193      560.8904 UserPurge2: 6     8225    1.67%
      0     0      570.2681   188      560.8904 UserPurge2: 3     8232    1.67%
      0     0      570.2681   190      560.8904 UserPurge2: 2     8234    1.67%
      0     0      570.2676   188      560.8904 UserPurge2: 4     8248    1.67%
      0     0      570.2675   197      560.8904 UserPurge2: 6     8259    1.67%
      0     0      570.2675   194      560.8904 UserPurge2: 1     8264    1.67%
      0     0      570.2674   197      560.8904 UserPurge2: 5     8267    1.67%
*     0+    0                          561.5014      570.2674             1.56%
      0     2      570.2304   193      561.5014      570.2304     8267    1.55%
Elapsed time = 46.61 sec. (22694.11 ticks, tree = 0.01 MB, solutions = 2)
      2     4      570.2044   190      561.5014      570.2296     8526    1.55%
      4     6      570.1345   193      561.5014      570.2296     9199    1.55%
      5     7      570.1043   197      561.5014      570.2296     9992    1.55%
      6     8      570.1089   187      561.5014      570.2296    10348    1.55%
      8    10      570.0392   182      561.5014      570.2296    11023    1.55%
     10    12      569.9406   179      561.5014      570.2296    11776    1.55%
     11    13      569.8530   180      561.5014      570.2296    12426    1.55%
     12    14      569.8830   183      561.5014      570.2296    13132    1.55%
     13    15      569.7917   178      561.5014      570.2296    15232    1.55%
     15    17      569.5297   172      561.5014      570.2296    16757    1.55%
Elapsed time = 54.76 sec. (29500.43 ticks, tree = 2.60 MB, solutions = 2)
     17    19      569.4794   171      561.5014      570.2296    17728    1.55%
     20    22      569.0389   152      561.5014      570.2296    20072    1.55%
     22    24      569.0204   151      561.5014      570.2296    21426    1.55%
     25    27      568.8365   155      561.5014      570.2296    22616    1.55%
     30    32      568.5852   155      561.5014      570.2296    24285    1.55%
     35    37      568.3348   138      561.5014      570.2296    25602    1.55%
     39    41      568.0211   129      561.5014      570.2296    26843    1.55%
     40    42      567.8726   131      561.5014      570.2296    27574    1.55%
     44    46      567.7729   141      561.5014      570.2296    28995    1.55%
     47    49      567.4104   128      561.5014      570.2296    30080    1.55%
Elapsed time = 70.72 sec. (42252.32 ticks, tree = 7.89 MB, solutions = 2)
*    50+   50                          561.6802      570.2296             1.52%
     50    52      566.9884   127      561.6802      570.2296    31543    1.52%
     54    56      566.7185   110      561.6802      570.2296    32882    1.52%
     55    57      566.4103   118      561.6802      570.2296    33910    1.52%
     60    62      565.9479    99      561.6802      570.2296    35606    1.52%
     65    67      565.6381   103      561.6802      570.2296    37093    1.52%
*    70+   70                          562.3911      570.2296             1.39%
     70    72      565.5577    85      562.3911      570.2296    38391    1.39%
     75    77      565.3636    76      562.3911      570.2296    39307    1.39%
*    80+   80                          563.0331      570.2296             1.28%
     80    82      565.0548    76      563.0331      570.2296    39995    1.28%
     85    87      564.7509    73      563.0331      570.2296    40785    1.28%
     90    92      564.2215    58      563.0331      570.2296    41571    1.28%
Elapsed time = 105.63 sec. (63028.42 ticks, tree = 17.31 MB, solutions = 5)
     95    97      563.9351    52      563.0331      570.2296    42193    1.28%
    100   102      563.7991    45      563.0331      570.2296    42386    1.28%
    110   112      563.4217    18      563.0331      570.2296    42687    1.28%
    120   122      563.2581     7      563.0331      570.2296    42778    1.28%
    130   132      563.2251     9      563.0331      570.2296    43059    1.28%
*   137   137      integral     0      563.0622      570.2296    43296    1.27%
    139   137      570.0652   199      563.0622      570.2226    44314    1.27%
    141   139      569.8788   197      563.0622      570.2226    45207    1.27%
    143   141      569.9299   189      563.0622      570.2226    46282    1.27%
    145   143      569.7305   185      563.0622      570.2226    47294    1.27%
    147   145      569.4481   177      563.0622      570.2226    48413    1.27%
Elapsed time = 120.04 sec. (75495.64 ticks, tree = 32.01 MB, solutions = 6)
    150   148      569.0419   164      563.0622      570.2226    49858    1.27%
    153   151      568.7461   156      563.0622      570.2226    50871    1.27%
    155   153      568.4787   154      563.0622      570.2226    51917    1.27%
    159   157      568.2815   148      563.0622      570.2226    52864    1.27%
    160   158      568.2318   150      563.0622      570.2226    53239    1.27%
    163   161      568.0948   143      563.0622      570.2226    54483    1.27%
    165   163      567.7533   136      563.0622      570.2226    55649    1.27%
    169   167      567.5938   135      563.0622      570.2226    56703    1.27%
    170   168      567.5152   141      563.0622      570.2226    57852    1.27%
    175   173      567.1574   133      563.0622      570.2226    59220    1.27%
Elapsed time = 152.47 sec. (98464.11 ticks, tree = 39.36 MB, solutions = 6)
    180   178      566.5174   121      563.0622      570.2226    60421    1.27%
    183   181      566.3230   111      563.0622      570.2226    61602    1.27%
    185   183      565.9675   108      563.0622      570.2226    62444    1.27%
    190   188      565.5553   104      563.0622      570.2226    63309    1.27%
    195   193      565.3127    84      563.0622      570.2226    64240    1.27%
    200   198      564.9841    88      563.0622      570.2226    65309    1.27%
    205   203      564.5565    75      563.0622      570.2226    66215    1.27%
    210   208      564.3797    70      563.0622      570.2226    66530    1.27%
    215   213      563.9234    54      563.0622      570.2226    67234    1.27%
    220   218      563.2344    38      563.0622      570.2226    67935    1.27%
Elapsed time = 178.92 sec. (117218.00 ticks, tree = 51.59 MB, solutions = 6)
    225   223      563.0763    40      563.0622      570.2226    68800    1.27%
    231   225      569.9179   186      563.0622      570.2224    70856    1.27%
    233   227      569.8025   186      563.0622      570.2224    71410    1.27%
    235   229      569.6580   184      563.0622      570.2224    72122    1.27%
    237   231      569.6040   184      563.0622      570.2224    72359    1.27%
    240   234      569.2822   182      563.0622      570.2224    73922    1.27%
    243   237      568.9560   184      563.0622      570.2224    75217    1.27%
    245   239      568.7404   183      563.0622      570.2224    76916    1.27%
    249   243      568.5424   181      563.0622      570.2224    77986    1.27%
    251   245      568.4466   180      563.0622      570.2224    78529    1.27%
Elapsed time = 203.19 sec. (135722.36 ticks, tree = 59.38 MB, solutions = 6)
    255   249      568.3153   178      563.0622      570.2224    79344    1.27%
    259   253      568.1603   180      563.0622      570.2224    80116    1.27%
    260   254      567.9838   177      563.0622      570.2224    81127    1.27%
    266   260      567.7864   171      563.0622      570.2224    81977    1.27%
    269   263      567.5823   175      563.0622      570.2224    83040    1.27%
    270   264      567.5063   172      563.0622      570.2224    83538    1.27%
    276   270      567.3160   172      563.0622      570.2224    84249    1.27%
    280   274      567.1148   166      563.0622      570.2224    85007    1.27%
    286   280      566.8518   151      563.0622      570.2224    85929    1.27%
    290   284      566.6067   160      563.0622      570.2224    87212    1.27%
Elapsed time = 230.88 sec. (156273.24 ticks, tree = 70.59 MB, solutions = 6)
    294   288      566.4918   157      563.0622      570.2224    88126    1.27%
    300   294      566.2196   160      563.0622      570.2224    89655    1.27%
    307   301      566.1080   155      563.0622      570.2224    90290    1.27%
    310   304      566.0052   150      563.0622      570.2224    90841    1.27%
    316   310      565.7055   147      563.0622      570.2224    92024    1.27%
    320   314      565.3323   137      563.0622      570.2224    93643    1.27%
    325   319      565.2057   142      563.0622      570.2224    94529    1.27%
    330   324      564.9580   133      563.0622      570.2224    95823    1.27%
    337   331      564.7996   132      563.0622      570.2224    96469    1.27%
    340   334      564.6527   143      563.0622      570.2224    97488    1.27%
Elapsed time = 256.14 sec. (177163.55 ticks, tree = 83.73 MB, solutions = 6)
    347   341      564.3945   146      563.0622      570.2224    98209    1.27%
    350   344      564.3091   142      563.0622      570.2224    98839    1.27%
    357   351      564.0881   135      563.0622      570.2224    99464    1.27%
    360   354      564.0003   138      563.0622      570.2224    99826    1.27%
    368   362      563.6190   133      563.0622      570.2224   100657    1.27%
    370   364      563.4304   126      563.0622      570.2224   101335    1.27%
    379   369        cutoff            563.0622      570.2224   102498    1.27%
    380   370      569.9615   194      563.0622      570.1342   103872    1.26%
    382   372      569.8194   198      563.0622      570.1342   105042    1.26%
    390   380      569.2673   191      563.0622      570.1342   108442    1.26%
Elapsed time = 278.96 sec. (196788.24 ticks, tree = 97.41 MB, solutions = 6)
    400   390      568.5670   187      563.0622      570.1342   111352    1.26%
    410   400      568.0098   185      563.0622      570.1342   114176    1.26%
    422   412      567.4121   177      563.0622      570.1342   116729    1.26%
    434   424      566.8530   164      563.0622      570.1342   119380    1.26%
    440   430      566.6675   157      563.0622      570.1342   120501    1.26%
    453   443      566.0473   154      563.0622      570.1342   122887    1.26%
    464   454      565.5470   154      563.0622      570.1342   125427    1.26%
    478   468      564.8656   143      563.0622      570.1342   127599    1.26%
    481   471      564.7569   141      563.0622      570.1342   128150    1.26%
    498   488      564.1096   139      563.0622      570.1342   130297    1.26%
Elapsed time = 335.13 sec. (240119.68 ticks, tree = 130.13 MB, solutions = 6)

Performing restart 1

Repeating presolve.
Tried aggregator 1 time.
MIP Presolve eliminated 156 rows and 156 columns.
Reduced MIP has 33618 rows, 35039 columns, and 603622 nonzeros.
Reduced MIP has 33839 binaries, 0 generals, 0 SOSs, and 0 indicators.
Presolve time = 0.32 sec. (186.81 ticks)
Tried aggregator 1 time.
Reduced MIP has 33618 rows, 35039 columns, and 603622 nonzeros.
Reduced MIP has 33839 binaries, 0 generals, 0 SOSs, and 0 indicators.
Presolve time = 0.28 sec. (175.94 ticks)
Represolve time = 4.51 sec. (2923.25 ticks)
    513     0      570.0061   200      563.0622    MIRcuts: 3   138403    1.23%
    513     2      569.9921   199      563.0622      569.9916   138403    1.23%
    514     3      569.8861   190      563.0622      569.8861   138783    1.21%
    515     4      569.8105   179      563.0622      569.8861   139118    1.21%
    517     6      569.7207   174      563.0622      569.8861   139997    1.21%
    522    11      569.4996   168      563.0622      569.8861   145165    1.21%
    525    14      569.1618   182      563.0622      569.8861   147781    1.21%
    531    20      568.7708   170      563.0622      569.8861   151015    1.21%
    533    22      568.4675   168      563.0622      569.8861   151633    1.21%
    540    29      568.2251   156      563.0622      569.8861   154898    1.21%
    544    33      567.8705   156      563.0622      569.8861   156557    1.21%
Elapsed time = 456.58 sec. (329056.09 ticks, tree = 4.43 MB, solutions = 6)
    550    39      567.3623   151      563.0622      569.8861   160298    1.21%
    559    48      567.1874   151      563.0622      569.8861   163646    1.21%
    563    52      566.9534   135      563.0622      569.8861   165001    1.21%
    572    61      566.6288   129      563.0622      569.8861   168420    1.21%
    575    64      566.1112   122      563.0622      569.8861   171076    1.21%
    589    78      565.7312   105      563.0622      569.8861   174334    1.21%
    591    80      565.7046   106      563.0622      569.8861   174401    1.21%
    602    91      564.9608   104      563.0622      569.8861   177935    1.21%
    623   112      564.3302    95      563.0622      569.8861   180753    1.21%
    643   131      563.4168    90      563.0622      569.8861   185054    1.21%
Elapsed time = 518.92 sec. (376342.49 ticks, tree = 28.76 MB, solutions = 6)
    660   141      569.4249   181      563.0622      569.8620   188498    1.21%
    668   149      569.0645   173      563.0622      569.8620   192325    1.21%
    673   154      568.7987   181      563.0622      569.8620   194258    1.21%
    675   156      568.4453   176      563.0622      569.8620   197138    1.21%
    683   164      568.1920   187      563.0622      569.8620   200763    1.21%
    692   173      567.7321   167      563.0622      569.8620   204829    1.21%
    693   174      567.4929   163      563.0622      569.8620   206312    1.21%
    700   181      567.2935   170      563.0622      569.8620   210446    1.21%
    709   190      567.0132   160      563.0622      569.8620   213986    1.21%
    724   205      566.6774   141      563.0622      569.8620   217561    1.21%
Elapsed time = 578.24 sec. (419693.51 ticks, tree = 45.71 MB, solutions = 6)
    732   213      566.4546   139      563.0622      569.8620   220677    1.21%
    743   224      566.1391   133      563.0622      569.8620   223743    1.21%
    744   225      566.1777   129      563.0622      569.8620   223982    1.21%
    745   226      566.1328   127      563.0622      569.8620   224601    1.21%
    754   235      565.6899   129      563.0622      569.8620   228030    1.21%
    771   252      565.0427   112      563.0622      569.8620   231055    1.21%
    779   260      564.4234   110      563.0622      569.8620   234144    1.21%
    793   274      564.2828    91      563.0622      569.8620   235513    1.21%
    823   304      563.7116    68      563.0622      569.8620   238680    1.21%
    837   311      569.7492   195      563.0622      569.8044   241720    1.20%
Elapsed time = 629.05 sec. (463758.93 ticks, tree = 76.59 MB, solutions = 6)
    850   324      568.4248   181      563.0622      569.8044   246157    1.20%
    854   328      568.1894   177      563.0622      569.8044   247030    1.20%
    867   341      567.3522   162      563.0622      569.8044   249787    1.20%
    879   353      566.2762   142      563.0622      569.8044   252451    1.20%
    900   374      564.6276   128      563.0622      569.8044   256421    1.20%
    919   393      569.2527   196      563.0622      569.7475   259490    1.19%
    931   405      568.0893   171      563.0622      569.7475   263102    1.19%
    943   417      567.0516   164      563.0622      569.7475   266847    1.19%
    952   426      566.2282   149      563.0622      569.7475   269705    1.19%
    962   436      565.6306   143      563.0622      569.7475   271337    1.19%
Elapsed time = 692.41 sec. (510672.12 ticks, tree = 95.49 MB, solutions = 6)
    975   449      564.6273   139      563.0622      569.7475   273944    1.19%
    993   467      563.9363   123      563.0622      569.7475   275601    1.19%
   1030   499      569.4144   185      563.0622      569.7237   279754    1.18%
   1032   501      569.1762   180      563.0622      569.7237   280665    1.18%
   1045   514      568.0845   172      563.0622      569.7237   283843    1.18%
   1063   532      566.7539   157      563.0622      569.7237   287507    1.18%
   1073   542      566.0408   130      563.0622      569.7237   289078    1.18%
   1096   565      565.0338   108      563.0622      569.7237   291439    1.18%
   1113   582      564.5709    97      563.0622      569.7237   292613    1.18%
   1151   620      563.8277    64      563.0622      569.7237   294011    1.18%
Elapsed time = 746.57 sec. (553571.25 ticks, tree = 140.92 MB, solutions = 6)
   1182   649      563.3320    56      563.0622      569.7237   294712    1.18%
   1199   658      569.1414   185      563.0622      569.7205   297840    1.18%
   1202   661      569.1557   184      563.0622      569.7205   299506    1.18%
   1210   669      568.6062   161      563.0622      569.7205   303226    1.18%
   1221   680      568.0523   156      563.0622      569.7205   306966    1.18%
   1233   692      567.4930   148      563.0622      569.7205   310698    1.18%
   1246   705      567.2747   146      563.0622      569.7205   314484    1.18%
   1259   718      566.5923   128      563.0622      569.7205   318389    1.18%
   1273   732      565.9229   102      563.0622      569.7205   320572    1.18%
   1297   756      565.2108    72      563.0622      569.7205   323454    1.18%
Elapsed time = 807.06 sec. (602464.38 ticks, tree = 181.90 MB, solutions = 6)
   1313   772      564.5288    53      563.0622      569.7205   324473    1.18%
   1353   812      564.0025     5      563.0622      569.7205   325395    1.18%
   1368   823      569.2947   194      563.0622      569.7200   326800    1.18%
   1380   835      568.3759   195      563.0622      569.7200   330048    1.18%
   1393   848      567.2990   178      563.0622      569.7200   333290    1.18%
   1407   862      566.2495   152      563.0622      569.7200   336566    1.18%
   1428   883      565.4338   132      563.0622      569.7200   339202    1.18%
   1452   907      564.2124    95      563.0622      569.7200   341761    1.18%
   1473   928      563.3754    76      563.0622      569.7200   342776    1.18%
   1493   944      568.9626   183      563.0622      569.6854   345801    1.18%
Elapsed time = 874.85 sec. (655719.45 ticks, tree = 238.89 MB, solutions = 6)
   1507   958      567.8836   188      563.0622      569.6854   349317    1.18%
   1514   965      567.1946   173      563.0622      569.6854   350951    1.18%
   1529   980      566.1799   149      563.0622      569.6854   354061    1.18%
   1549  1000      565.0431   138      563.0622      569.6854   356451    1.18%
   1553  1004      564.8263   130      563.0622      569.6854   357202    1.18%
   1583  1034      563.7504    99      563.0622      569.6854   359789    1.18%
   1613  1058      569.0407   184      563.0622      569.6686   362566    1.17%
   1624  1069      568.0483   187      563.0622      569.6686   365478    1.17%
   1633  1078      567.2807   168      563.0622      569.6686   367316    1.17%
   1646  1091      566.5954   159      563.0622      569.6686   370410    1.17%
Elapsed time = 933.70 sec. (700750.67 ticks, tree = 274.00 MB, solutions = 6)
   1663  1108      565.7241   123      563.0622      569.6686   373179    1.17%
   1687  1132      564.6227    81      563.0622      569.6686   375550    1.17%
   1716  1161      564.0111    57      563.0622      569.6686   376763    1.17%
   1741  1186      563.4375    23      563.0622      569.6686   377447    1.17%
   1771  1207      569.3299   187      563.0622      569.6612   379265    1.17%
   1780  1216      568.4118   186      563.0622      569.6612   382673    1.17%
   1793  1229      567.2969   167      563.0622      569.6612   386208    1.17%
   1810  1246      566.3656   139      563.0622      569.6612   389194    1.17%
   1833  1269      565.2406   104      563.0622      569.6612   391718    1.17%
   1848  1284      564.9457    67      563.0622      569.6612   392494    1.17%
Elapsed time = 989.16 sec. (747853.48 ticks, tree = 310.57 MB, solutions = 6)
   1850  1286      564.9366    77      563.0622      569.6612   392603    1.17%
   1883  1319      564.3269    36      563.0622      569.6612   393732    1.17%
   1922  1354        cutoff            563.0622      569.6612   394307    1.17%
   1928  1360      568.9044   193      563.0622      569.6461   398124    1.17%
   1936  1368      568.3151   184      563.0622      569.6461   402119    1.17%
   1944  1376      568.0302   180      563.0622      569.6461   405721    1.17%
   1952  1384      567.6203   167      563.0622      569.6461   409597    1.17%
   1960  1392      567.1756   149      563.0622      569.6461   412449    1.17%
   1972  1404      566.8258   151      563.0622      569.6461   415730    1.17%
   1983  1415      566.4880   150      563.0622      569.6461   419457    1.17%
Elapsed time = 1047.39 sec. (792654.02 ticks, tree = 348.38 MB, solutions = 6)
   1996  1428      565.9670   117      563.0622      569.6461   422709    1.17%
   2004  1436      565.6823   111      563.0622      569.6461   424563    1.17%
   2010  1442      565.4664    89      563.0622      569.6461   425362    1.17%
   2011  1443      565.4581   101      563.0622      569.6461   425602    1.17%
   2012  1444      565.4128    97      563.0622      569.6461   425747    1.17%
   2014  1446      565.3725    92      563.0622      569.6461   425910    1.17%
   2017  1449      565.2043    94      563.0622      569.6461   426468    1.17%
   2037  1469      564.1313    57      563.0622      569.6461   428729    1.17%
   2078  1510      563.5486    26      563.0622      569.6461   430153    1.17%
   2107  1534      569.2956   197      563.0622      569.6458   432173    1.17%
Elapsed time = 1094.88 sec. (838203.56 ticks, tree = 385.02 MB, solutions = 6)
*  2113+ 1510                          563.1983      569.6458             1.14%
*  2113+ 1506                          563.2110      569.6458             1.14%
   2113  1508      568.8351   188      563.2110      569.6458   433856    1.14%
   2118  1513      568.4862   186      563.2110      569.6458   435624    1.14%
   2123  1518      568.0633   178      563.2110      569.6458   437113    1.14%
   2133  1528      567.2034   167      563.2110      569.6458   439697    1.14%
   2146  1541      566.4190   143      563.2110      569.6458   442432    1.14%
   2153  1548      566.0069   136      563.2110      569.6458   444294    1.14%
   2163  1558      565.4615   119      563.2110      569.6458   446017    1.14%
   2172  1567      565.0446   105      563.2110      569.6458   447317    1.14%
   2173  1568      564.9619   106      563.2110      569.6458   447456    1.14%
   2182  1577      564.7529    87      563.2110      569.6458   448021    1.14%
Elapsed time = 1183.59 sec. (903515.15 ticks, tree = 380.28 MB, solutions = 8)
   2193  1588      564.3112    74      563.2110      569.6458   448752    1.14%
   2203  1598      564.0382    58      563.2110      569.6458   449279    1.14%
   2227  1622      563.5811    23      563.2110      569.6458   449939    1.14%
   2247  1638      569.2327   186      563.2110      569.6263   452431    1.14%
   2256  1647      568.5930   180      563.2110      569.6263   455261    1.14%
   2266  1657      567.6755   180      563.2110      569.6263   458671    1.14%
   2273  1664      567.0962   161      563.2110      569.6263   461099    1.14%
   2287  1678      566.3396   137      563.2110      569.6263   463729    1.14%
   2303  1694      565.4514   125      563.2110      569.6263   466407    1.14%
   2325  1716      564.4763    99      563.2110      569.6263   468550    1.14%
Elapsed time = 1244.14 sec. (958093.90 ticks, tree = 404.76 MB, solutions = 8)
   2348  1739      563.8390    92      563.2110      569.6263   469840    1.14%
   2368  1755      569.3330   187      563.2110      569.6224   471911    1.14%
   2379  1766      568.2226   181      563.2110      569.6224   475085    1.14%
   2389  1776      567.4040   179      563.2110      569.6224   478307    1.14%
   2399  1786      566.5736   163      563.2110      569.6224   481002    1.14%
   2413  1800      565.7930   133      563.2110      569.6224   483418    1.14%
   2426  1813      565.2679   136      563.2110      569.6224   484858    1.14%
   2436  1823      564.8047   123      563.2110      569.6224   485941    1.14%
   2453  1840      564.2637   111      563.2110      569.6224   487437    1.14%
   2473  1860      563.8043    95      563.2110      569.6224   488558    1.14%
Elapsed time = 1295.86 sec. (1004790.96 ticks, tree = 449.10 MB, solutions = 8)
   2498  1885      563.2231    47      563.2110      569.6224   489673    1.14%
   2503  1886      569.0951   182      563.2110      569.6176   491876    1.14%
   2513  1896      568.2495   177      563.2110      569.6176   494860    1.14%
   2519  1902      567.7441   172      563.2110      569.6176   498582    1.14%
   2528  1911      567.1017   151      563.2110      569.6176   501874    1.14%
   2538  1921      566.6624   141      563.2110      569.6176   503906    1.14%
   2551  1934      566.0179   128      563.2110      569.6176   506948    1.14%
   2553  1936      565.8427   129      563.2110      569.6176   507293    1.14%
   2573  1956      565.0222    99      563.2110      569.6176   509573    1.14%
   2593  1976      564.3777    94      563.2110      569.6176   511086    1.14%
Elapsed time = 1363.80 sec. (1059192.52 ticks, tree = 458.62 MB, solutions = 8)
   2620  2003      563.6857    50      563.2110      569.6176   512372    1.14%
   2642  2022        cutoff            563.2110      569.6176   513068    1.14%
   2645  2025      569.2291   182      563.2110      569.6014   515845    1.13%
   2652  2032      568.5733   176      563.2110      569.6014   519909    1.13%
   2657  2037      568.5331   180      563.2110      569.6014   523403    1.13%
   2662  2042      568.3145   183      563.2110      569.6014   527027    1.13%
   2665  2045      568.1837   181      563.2110      569.6014   530081    1.13%
   2671  2051      567.8352   167      563.2110      569.6014   534023    1.13%
   2673  2053      567.7826   165      563.2110      569.6014   534843    1.13%
   2680  2060      567.5541   164      563.2110      569.6014   538612    1.13%
Elapsed time = 1420.45 sec. (1102648.66 ticks, tree = 466.21 MB, solutions = 8)
   2687  2067      567.2374   144      563.2110      569.6014   541001    1.13%
   2695  2075      566.8536   147      563.2110      569.6014   544784    1.13%
   2704  2084      566.5892   152      563.2110      569.6014   548385    1.13%
   2712  2092      566.2142   145      563.2110      569.6014   551162    1.13%
   2717  2097      565.9142   117      563.2110      569.6014   551980    1.13%
   2728  2108      565.5990   128      563.2110      569.6014   555525    1.13%
   2744  2124      564.8366    86      563.2110      569.6014   558372    1.13%
   2753  2133      564.4762    75      563.2110      569.6014   559666    1.13%
   2761  2141      564.5487    74      563.2110      569.6014   560497    1.13%
   2777  2157      564.1924    54      563.2110      569.6014   561694    1.13%
Elapsed time = 1469.51 sec. (1143552.87 ticks, tree = 495.88 MB, solutions = 8)
   2793  2173      563.9621    20      563.2110      569.6014   562395    1.13%
   2832  2212      563.7909     6      563.2110      569.6014   562792    1.13%
   2845  2221      569.0791   200      563.2110      569.5695   564272    1.13%
   2855  2231      568.0742   193      563.2110      569.5695   567486    1.13%
   2865  2241      567.1037   184      563.2110      569.5695   570248    1.13%
   2877  2253      566.2111   160      563.2110      569.5695   573117    1.13%
   2890  2266      565.5460   142      563.2110      569.5695   574792    1.13%
   2909  2285      564.2371   111      563.2110      569.5695   577248    1.13%
   2923  2299      563.8882    91      563.2110      569.5695   578274    1.13%
   2942  2313      569.3994   195      563.2110      569.5578   581086    1.13%
Elapsed time = 1515.60 sec. (1183532.20 ticks, tree = 517.52 MB, solutions = 8)
   2947  2318      568.7969   186      563.2110      569.5578   583696    1.13%
   2957  2328      567.8373   181      563.2110      569.5578   586676    1.13%
   2970  2341      566.8810   163      563.2110      569.5578   589788    1.13%
   2985  2356      566.0381   136      563.2110      569.5578   592265    1.13%
   2998  2369      565.3879   126      563.2110      569.5578   594134    1.13%
   3019  2390      564.3821   103      563.2110      569.5578   596500    1.13%
   3052  2423      563.3713    62      563.2110      569.5578   598387    1.13%
   3063  2429      569.1437   186      563.2110      569.4995   600080    1.12%
   3073  2439      568.1540   174      563.2110      569.4995   603581    1.12%
   3086  2452      566.8200   145      563.2110      569.4995   606483    1.12%
Elapsed time = 1572.17 sec. (1224256.53 ticks, tree = 560.50 MB, solutions = 8)
   3105  2471      565.4752    92      563.2110      569.4995   608730    1.12%
   3112  2478      565.0841    77      563.2110      569.4995   609238    1.12%
   3146  2512      563.9895    21      563.2110      569.4995   609917    1.12%
   3173  2537      563.3459     2      563.2110      569.4995   610285    1.12%
   3183  2543      568.5789   168      563.2110      569.4984   613200    1.12%
   3191  2551      567.8734   158      563.2110      569.4984   615360    1.12%
   3203  2563      567.1648   144      563.2110      569.4984   617763    1.12%
   3221  2581      566.3285   127      563.2110      569.4984   620233    1.12%
   3233  2593      565.6993   109      563.2110      569.4984   621314    1.12%
   3252  2612      564.9529    89      563.2110      569.4984   622554    1.12%
Elapsed time = 1625.75 sec. (1265478.56 ticks, tree = 588.67 MB, solutions = 8)
   3270  2630      564.5691    74      563.2110      569.4984   623251    1.12%
   3294  2654      564.2810    60      563.2110      569.4984   623902    1.12%
   3322  2682      563.9639    24      563.2110      569.4984   624666    1.12%
   3341  2697      568.9604   170      563.2110      569.4647   627120    1.11%
   3348  2704      568.2015   169      563.2110      569.4647   630344    1.11%
   3357  2713      567.6051   154      563.2110      569.4647   634185    1.11%
   3364  2720      567.3043   152      563.2110      569.4647   637471    1.11%
   3372  2728      566.7963   143      563.2110      569.4647   640567    1.11%
   3384  2740      566.3363   110      563.2110      569.4647   643113    1.11%
   3403  2759      565.7088    79      563.2110      569.4647   645114    1.11%
Elapsed time = 1680.35 sec. (1308781.12 ticks, tree = 608.80 MB, solutions = 8)
   3409  2765      565.6366    61      563.2110      569.4647   645579    1.11%
   3411  2767      565.4586    56      563.2110      569.4647   645715    1.11%
   3413  2769      565.5002    48      563.2110      569.4647   645745    1.11%
   3415  2771      565.4597    42      563.2110      569.4647   645897    1.11%
   3426  2782      565.2647    29      563.2110      569.4647   646254    1.11%
   3453  2809      564.2301     3      563.2110      569.4647   646806    1.11%
*  3468  2537      integral     0      563.6921      569.4647   647092    1.02%
   3471  2539      568.9061   184      563.6921      569.4411   648603    1.02%
   3473  2541      568.6267   181      563.6921      569.4411   649217    1.02%
   3481  2549      568.0134   178      563.6921      569.4411   651256    1.02%
   3491  2559      566.9679   169      563.6921      569.4411   654148    1.02%
Elapsed time = 1732.90 sec. (1355418.86 ticks, tree = 571.04 MB, solutions = 9)
   3504  2572      566.0350   145      563.6921      569.4411   656546    1.02%
   3513  2581      565.4641   139      563.6921      569.4411   658051    1.02%
   3532  2600      564.3833   115      563.6921      569.4411   660775    1.02%
   3548  2612      569.3584   188      563.6921      569.4405   662381    1.02%
   3553  2617      568.8561   182      563.6921      569.4405   664055    1.02%
   3563  2627      568.1072   175      563.6921      569.4405   666812    1.02%
   3573  2637      567.3358   166      563.6921      569.4405   669000    1.02%
   3590  2654      566.4582   128      563.6921      569.4405   671399    1.02%
   3603  2667      565.7232   113      563.6921      569.4405   672847    1.02%
   3628  2692      564.6737    73      563.6921      569.4405   674982    1.02%
Elapsed time = 1791.32 sec. (1400367.73 ticks, tree = 572.96 MB, solutions = 9)
   3648  2712      564.0194    63      563.6921      569.4405   675702    1.02%
   3664  2724      569.1027   185      563.6921      569.4215   676903    1.02%
   3673  2733      568.2788   170      563.6921      569.4215   679863    1.02%
   3685  2745      567.4171   164      563.6921      569.4215   682408    1.02%
   3699  2759      566.6247   138      563.6921      569.4215   684846    1.02%
   3710  2770      566.0994   129      563.6921      569.4215   686544    1.02%
   3715  2775      565.9716   128      563.6921      569.4215   686863    1.02%
   3736  2796      565.1559    93      563.6921      569.4215   688729    1.02%
   3749  2809      564.7693    77      563.6921      569.4215   689621    1.02%
   3776  2836      564.1968    45      563.6921      569.4215   690774    1.02%
Elapsed time = 1836.91 sec. (1440302.97 ticks, tree = 575.11 MB, solutions = 9)
   3809  2867      563.7856    13      563.6921      569.4215   691427    1.02%
   3854  2906      569.2135   194      563.6921      569.4166   692659    1.02%
   3864  2916      568.3340   184      563.6921      569.4166   695394    1.02%
   3873  2925      567.3917   184      563.6921      569.4166   698573    1.02%
   3885  2937      566.5131   156      563.6921      569.4166   701095    1.02%
   3897  2949      565.8887   135      563.6921      569.4166   702780    1.02%
   3916  2968      564.8726   114      563.6921      569.4166   704911    1.02%
   3943  2995      563.7575    83      563.6921      569.4166   706795    1.02%
   3951  2999      569.0170   185      563.6921      569.4140   709429    1.02%
   3957  3005      568.4958   185      563.6921      569.4140   712466    1.02%
Elapsed time = 1888.51 sec. (1481558.17 ticks, tree = 580.03 MB, solutions = 9)
   3964  3012      568.1457   172      563.6921      569.4140   715453    1.02%
   3972  3020      567.6838   159      563.6921      569.4140   718837    1.02%
   3979  3027      567.4371   149      563.6921      569.4140   721283    1.02%
   3990  3038      567.0638   133      563.6921      569.4140   724582    1.02%
   4003  3051      566.3160   120      563.6921      569.4140   727337    1.02%
   4013  3061      566.1616   121      563.6921      569.4140   729379    1.02%
   4025  3073      565.6582   102      563.6921      569.4140   731784    1.02%
   4043  3091      565.1739    80      563.6921      569.4140   733990    1.02%
   4068  3116      564.7659    61      563.6921      569.4140   736021    1.02%
   4088  3136      564.3603    40      563.6921      569.4140   736843    1.02%
Elapsed time = 1940.19 sec. (1521946.59 ticks, tree = 618.58 MB, solutions = 9)
   4108  3156      563.9110    14      563.6921      569.4140   737336    1.02%
   4113  3157      569.0713   187      563.6921      569.4022   738301    1.01%
   4122  3166      568.0988   185      563.6921      569.4022   741774    1.01%
   4132  3176      567.2402   170      563.6921      569.4022   744629    1.01%
   4145  3189      566.3506   156      563.6921      569.4022   746900    1.01%
   4157  3201      565.5320   138      563.6921      569.4022   748862    1.01%
   4175  3219      564.7217   118      563.6921      569.4022   751329    1.01%
   4201  3241      569.0796   178      563.6921      569.3994   754308    1.01%
   4209  3249      568.3226   183      563.6921      569.3994   756846    1.01%
   4220  3260      567.5292   174      563.6921      569.3994   759615    1.01%
Elapsed time = 2000.29 sec. (1565794.76 ticks, tree = 626.84 MB, solutions = 9)
   4232  3272      566.7267   156      563.6921      569.3994   762044    1.01%
   4245  3285      566.0104   141      563.6921      569.3994   763822    1.01%
   4263  3303      565.2428   121      563.6921      569.3994   765930    1.01%
   4289  3329      564.4336    92      563.6921      569.3994   767767    1.01%
   4313  3353      563.8321    75      563.6921      569.3994   769037    1.01%
   4324  3359      569.2188   188      563.6921      569.3821   770400    1.01%
   4333  3368      568.3895   182      563.6921      569.3821   773807    1.01%
   4343  3378      567.6105   163      563.6921      569.3821   776935    1.01%
   4353  3388      566.8749   150      563.6921      569.3821   779956    1.01%
   4362  3397      566.3332   149      563.6921      569.3821   782334    1.01%
Elapsed time = 2054.48 sec. (1607299.56 ticks, tree = 639.82 MB, solutions = 9)
   4375  3410      565.6763   125      563.6921      569.3821   784668    1.01%
   4393  3428      564.5669   100      563.6921      569.3821   786939    1.01%
   4411  3446      563.9512    78      563.6921      569.3821   787969    1.01%
   4424  3454      569.2021   191      563.6921      569.3756   789203    1.01%
   4432  3462      568.3223   186      563.6921      569.3756   792610    1.01%
   4442  3472      567.3042   165      563.6921      569.3756   795239    1.01%
   4453  3483      566.4317   165      563.6921      569.3756   797731    1.01%
   4465  3495      565.7633   144      563.6921      569.3756   799644    1.01%
   4483  3513      564.8411   127      563.6921      569.3756   802044    1.01%
   4508  3538      564.0179    99      563.6921      569.3756   804469    1.01%
Elapsed time = 2102.48 sec. (1647475.33 ticks, tree = 684.05 MB, solutions = 9)
   4513  3543      563.9287   104      563.6921      569.3756   804724    1.01%
   4523  3549      568.8564   194      563.6921      569.3669   806632    1.01%
   4528  3554      568.5266   196      563.6921      569.3669   809852    1.01%
   4533  3559      568.1985   190      563.6921      569.3669   813002    1.01%
   4537  3563      567.9497   190      563.6921      569.3669   815994    1.01%
   4542  3568      567.6184   191      563.6921      569.3669   819860    1.01%
   4549  3575      567.4453   168      563.6921      569.3669   823185    1.01%
   4554  3580      567.2025   169      563.6921      569.3669   826265    1.01%
   4560  3586      566.7396   168      563.6921      569.3669   829140    1.01%
   4566  3592      566.5375   159      563.6921      569.3669   832254    1.01%
Elapsed time = 2157.03 sec. (1690097.01 ticks, tree = 696.75 MB, solutions = 9)
   4572  3598      566.3589   157      563.6921      569.3669   835564    1.01%
   4577  3603      566.0455   158      563.6921      569.3669   838235    1.01%
   4588  3614      565.5966   137      563.6921      569.3669   841156    1.01%
   4598  3624      565.3330   129      563.6921      569.3669   844055    1.01%
   4607  3633      565.1614   121      563.6921      569.3669   845648    1.01%
   4612  3638      564.9641    99      563.6921      569.3669   846439    1.01%
   4621  3647      564.8404    98      563.6921      569.3669   847802    1.01%
   4636  3662      564.1841    70      563.6921      569.3669   849561    1.01%
   4658  3684      564.0237    61      563.6921      569.3669   850879    1.01%
   4675  3701      563.8605    43      563.6921      569.3669   851615    1.01%
Elapsed time = 2198.07 sec. (1729951.03 ticks, tree = 730.39 MB, solutions = 9)
   4689  3709      569.1970   186      563.6921      569.3597   852835    1.01%
   4698  3718      568.2837   180      563.6921      569.3597   855682    1.01%
   4708  3728      567.2944   169      563.6921      569.3597   858319    1.01%
   4721  3741      566.4975   146      563.6921      569.3597   860695    1.01%
   4733  3753      565.8950   136      563.6921      569.3597   862570    1.01%
   4751  3771      564.7957   110      563.6921      569.3597   864884    1.01%
   4778  3798      563.7597    74      563.6921      569.3597   866625    1.01%
   4789  3805      568.6915   191      563.6921      569.3580   868524    1.01%
   4800  3816      567.9838   182      563.6921      569.3580   871145    1.01%
   4810  3826      567.3035   173      563.6921      569.3580   874010    1.01%
Elapsed time = 2250.76 sec. (1769322.69 ticks, tree = 735.42 MB, solutions = 9)
   4822  3838      566.4789   153      563.6921      569.3580   876471    1.01%
   4837  3853      565.7036   131      563.6921      569.3580   878423    1.01%
   4858  3874      564.8701   108      563.6921      569.3580   880280    1.01%
   4883  3899      564.0879    88      563.6921      569.3580   881787    1.01%
   4897  3909      569.1666   181      563.6921      569.3376   883555    1.00%
   4905  3917      568.4667   172      563.6921      569.3376   886519    1.00%
   4913  3925      567.8287   160      563.6921      569.3376   889437    1.00%
   4922  3934      567.2509   150      563.6921      569.3376   892669    1.00%
   4934  3946      566.6554   143      563.6921      569.3376   895068    1.00%
   4949  3961      565.8582   116      563.6921      569.3376   897375    1.00%
Elapsed time = 2310.81 sec. (1815216.70 ticks, tree = 752.52 MB, solutions = 9)
   4968  3980      565.1017    97      563.6921      569.3376   898962    1.00%
   4978  3990      564.7293    87      563.6921      569.3376   899816    1.00%
   5003  4015      563.9183    66      563.6921      569.3376   901147    1.00%
   5013  4019      568.7337   194      563.6921      569.3367   903000    1.00%
   5021  4027      567.9061   184      563.6921      569.3367   906033    1.00%
   5031  4037      567.1711   161      563.6921      569.3367   908844    1.00%
   5045  4051      566.2673   144      563.6921      569.3367   911024    1.00%
   5058  4064      565.5771   125      563.6921      569.3367   912808    1.00%
   5078  4084      564.6037   117      563.6921      569.3367   915256    1.00%
   5103  4109      563.7306    93      563.6921      569.3367   917671    1.00%
Elapsed time = 2357.58 sec. (1855093.58 ticks, tree = 799.09 MB, solutions = 9)
   5113  4115      568.8729   181      563.6921      569.3331   919497    1.00%
   5121  4123      568.0684   173      563.6921      569.3331   923185    1.00%
   5130  4132      567.7712   158      563.6921      569.3331   926171    1.00%
   5139  4141      567.3411   132      563.6921      569.3331   929002    1.00%
   5149  4151      566.9706   140      563.6921      569.3331   932026    1.00%
   5163  4165      566.5116   120      563.6921      569.3331   934466    1.00%
   5174  4176      566.2897   112      563.6921      569.3331   936587    1.00%
   5190  4192      565.7583    86      563.6921      569.3331   939130    1.00%
   5203  4205      565.6521    72      563.6921      569.3331   940423    1.00%
   5211  4213      565.4551    65      563.6921      569.3331   940907    1.00%
Elapsed time = 2416.14 sec. (1898090.55 ticks, tree = 831.65 MB, solutions = 9)
   5213  4215      565.4073    61      563.6921      569.3331   941051    1.00%
   5215  4217      565.4361    56      563.6921      569.3331   941112    1.00%
   5217  4219      565.4340    53      563.6921      569.3331   941238    1.00%
   5219  4221      565.3824    51      563.6921      569.3331   941282    1.00%
   5222  4224      565.3907    54      563.6921      569.3331   941397    1.00%
   5252  4254      564.3541    10      563.6921      569.3331   942661    1.00%
   5288  4286        cutoff            563.6921      569.3331   942964    1.00%
   5293  4291      568.6245   187      563.6921      569.3329   945493    1.00%
   5305  4303      567.7403   189      563.6921      569.3329   948138    1.00%
   5313  4311      567.1973   169      563.6921      569.3329   949826    1.00%
Elapsed time = 2482.03 sec. (1955046.96 ticks, tree = 862.41 MB, solutions = 9)
   5327  4325      566.3525   142      563.6921      569.3329   951848    1.00%
   5344  4342      565.5143   123      563.6921      569.3329   954234    1.00%
   5370  4368      564.6372    84      563.6921      569.3329   956028    1.00%
   5392  4390      563.8892    66      563.6921      569.3329   957100    1.00%
   5404  4398      569.1308   182      563.6921      569.3297   958332    1.00%
   5413  4407      567.7088   164      563.6921      569.3297   961016    1.00%
   5423  4417      566.8580   151      563.6921      569.3297   963611    1.00%
   5439  4433      565.6492   114      563.6921      569.3297   965838    1.00%
   5459  4453      564.5789    52      563.6921      569.3297   967109    1.00%
   5484  4478      563.7265     7      563.6921      569.3297   967563    1.00%
Elapsed time = 2529.29 sec. (1994895.24 ticks, tree = 914.94 MB, solutions = 9)
   5493  4484      568.7652   185      563.6921      569.3216   969131    1.00%
   5503  4494      567.8648   152      563.6921      569.3216   972014    1.00%
   5513  4504      567.2390   142      563.6921      569.3216   974425    1.00%
   5526  4517      566.5296   128      563.6921      569.3216   977071    1.00%
   5543  4534      565.7143   118      563.6921      569.3216   979308    1.00%
   5568  4559      564.9446    62      563.6921      569.3216   980963    1.00%
   5582  4573      564.5917    49      563.6921      569.3216   981635    1.00%
   5609  4600      564.2828    13      563.6921      569.3216   982118    1.00%
   5661  4652      564.2145     4      563.6921      569.3216   982589    1.00%
   5674  4661      568.8877   199      563.6921      569.3212   984110    1.00%
Elapsed time = 2582.34 sec. (2037316.86 ticks, tree = 972.31 MB, solutions = 9)
   5683  4670      568.0379   184      563.6921      569.3212   987085    1.00%
   5694  4681      567.2997   168      563.6921      569.3212   989492    1.00%
   5707  4694      566.4778   152      563.6921      569.3212   991566    1.00%
   5713  4700      566.2853   147      563.6921      569.3212   992266    1.00%
   5729  4716      565.4546   118      563.6921      569.3212   994521    1.00%
   5752  4739      564.5240    82      563.6921      569.3212   996350    1.00%
   5769  4756      563.9904    55      563.6921      569.3212   997060    1.00%
   5784  4765      569.2782   198      563.6921      569.3114   997943    1.00%
   5790  4771      568.5375   187      563.6921      569.3114  1001617    1.00%
   5795  4776      568.4654   186      563.6921      569.3114  1004799    1.00%
Elapsed time = 2651.51 sec. (2093186.94 ticks, tree = 1008.29 MB, solutions = 9)
   5801  4782      568.1991   191      563.6921      569.3114  1008468    1.00%
   5806  4787      567.7996   174      563.6921      569.3114  1012142    1.00%
   5814  4795      567.3531   167      563.6921      569.3114  1015292    1.00%
   5821  4802      567.0645   160      563.6921      569.3114  1018194    1.00%
   5827  4808      566.9091   151      563.6921      569.3114  1021261    1.00%
   5833  4814      566.7472   142      563.6921      569.3114  1024359    1.00%
   5841  4822      566.5297   139      563.6921      569.3114  1026795    1.00%
   5850  4831      566.3392   133      563.6921      569.3114  1029683    1.00%
   5863  4844      565.8944   117      563.6921      569.3114  1032284    1.00%
   5874  4855      565.6607    93      563.6921      569.3114  1034324    1.00%
Elapsed time = 2712.62 sec. (2136118.93 ticks, tree = 1033.20 MB, solutions = 9)
   5887  4868      565.3835    82      563.6921      569.3114  1035943    1.00%
   5889  4870      565.3418    78      563.6921      569.3114  1036013    1.00%
   5893  4874      565.3254    76      563.6921      569.3114  1036399    1.00%
   5913  4894      564.5029    57      563.6921      569.3114  1037758    1.00%
   5941  4922      564.0492    31      563.6921      569.3114  1039057    1.00%
   5960  4941      564.0230    17      563.6921      569.3114  1039320    1.00%
   5981  4957      568.8488   172      563.6921      569.3088  1040818    1.00%
   5990  4966      568.1991   170      563.6921      569.3088  1043475    1.00%
   5999  4975      567.2743   170      563.6921      569.3088  1046277    1.00%
   6009  4985      566.8394   156      563.6921      569.3088  1048161    1.00%
Elapsed time = 2756.13 sec. (2178799.42 ticks, tree = 1066.83 MB, solutions = 9)
   6023  4999      566.0323   137      563.6921      569.3088  1050534    1.00%
   6039  5015      564.9806   121      563.6921      569.3088  1052693    1.00%
   6057  5033      564.3399   110      563.6921      569.3088  1054497    1.00%
   6074  5050      563.9347    92      563.6921      569.3088  1055346    1.00%
   6082  5054      568.8237   178      563.6921      569.3081  1057952    1.00%
   6092  5064      567.9922   182      563.6921      569.3081  1060714    1.00%
   6097  5069      567.5011   179      563.6921      569.3081  1064048    1.00%
   6103  5075      567.0746   166      563.6921      569.3081  1066615    1.00%
   6113  5085      566.5104   152      563.6921      569.3081  1068941    1.00%
   6126  5098      565.8220   139      563.6921      569.3081  1071307    1.00%
Elapsed time = 2809.08 sec. (2220607.02 ticks, tree = 1081.29 MB, solutions = 9)
   6135  5107      565.2958   119      563.6921      569.3081  1072573    1.00%
   6158  5130      564.4264    90      563.6921      569.3081  1074286    1.00%
   6178  5150      563.8598    71      563.6921      569.3081  1075165    1.00%
   6188  5156      568.8497   197      563.6921      569.2954  1077608    0.99%
   6197  5165      568.0144   182      563.6921      569.2954  1080731    0.99%
   6207  5175      567.2161   168      563.6921      569.2954  1083240    0.99%
   6219  5187      566.3968   147      563.6921      569.2954  1085215    0.99%
   6234  5202      565.6957   132      563.6921      569.2954  1087156    0.99%
   6253  5221      564.7138   107      563.6921      569.2954  1088983    0.99%
   6275  5242      563.8698    88      563.6921      569.2954  1090492    0.99%
Elapsed time = 2856.62 sec. (2261031.08 ticks, tree = 1127.10 MB, solutions = 9)
   6288  5251      568.9951   188      563.6921      569.2946  1091791    0.99%
   6296  5259      568.2616   189      563.6921      569.2946  1094477    0.99%
   6304  5267      567.6658   186      563.6921      569.2946  1097445    0.99%
   6312  5275      567.1373   163      563.6921      569.2946  1100199    0.99%
   6324  5287      566.3959   151      563.6921      569.2946  1102331    0.99%
   6338  5301      565.6990   139      563.6921      569.2946  1104594    0.99%
   6355  5318      564.9561   119      563.6921      569.2946  1106479    0.99%
   6371  5334      564.5094    92      563.6921      569.2946  1107724    0.99%
   6390  5353      563.9857    76      563.6921      569.2946  1108647    0.99%
   6405  5361      569.1371   192      563.6921      569.2887  1109863    0.99%
Elapsed time = 2904.55 sec. (2301706.21 ticks, tree = 1164.10 MB, solutions = 9)
   6412  5368      568.6018   180      563.6921      569.2887  1113128    0.99%
   6419  5375      568.2895   157      563.6921      569.2887  1116328    0.99%
   6424  5380      567.8125   152      563.6921      569.2887  1119077    0.99%
   6433  5389      567.5045   160      563.6921      569.2887  1122390    0.99%
   6441  5397      567.0869   148      563.6921      569.2887  1125810    0.99%
   6447  5403      566.7904   147      563.6921      569.2887  1128399    0.99%
   6456  5412      566.4363   137      563.6921      569.2887  1131177    0.99%
   6469  5425      566.1450   111      563.6921      569.2887  1133470    0.99%
   6481  5437      565.7725   106      563.6921      569.2887  1135469    0.99%
   6496  5452      565.5404    92      563.6921      569.2887  1137562    0.99%
Elapsed time = 2963.99 sec. (2343182.39 ticks, tree = 1192.77 MB, solutions = 9)
   6508  5464      565.2634    74      563.6921      569.2887  1138972    0.99%
   6513  5469      564.9038    67      563.6921      569.2887  1139209    0.99%
   6523  5479      564.7188    58      563.6921      569.2887  1139829    0.99%
   6543  5499      564.1590    29      563.6921      569.2887  1140437    0.99%
   6563  5519      563.9237     6      563.6921      569.2887  1140691    0.99%
   6603  5554        cutoff            563.6921      569.2887  1141145    0.99%
   6615  5560      568.7554   184      563.6921      569.2886  1142571    0.99%
   6623  5568      568.0843   167      563.6921      569.2886  1145312    0.99%
   6633  5578      567.4814   161      563.6921      569.2886  1147672    0.99%
   6643  5588      566.7933   150      563.6921      569.2886  1149749    0.99%
Elapsed time = 3010.74 sec. (2389049.53 ticks, tree = 1235.91 MB, solutions = 9)
   6658  5603      566.1015   139      563.6921      569.2886  1151700    0.99%
   6673  5618      565.3981   114      563.6921      569.2886  1153480    0.99%
   6692  5637      564.5956    82      563.6921      569.2886  1155034    0.99%
   6710  5655      563.9836    72      563.6921      569.2886  1156004    0.99%
   6722  5663      569.0924   191      563.6921      569.2800  1157742    0.99%
   6731  5672      568.1725   169      563.6921      569.2800  1160317    0.99%
   6742  5683      567.4597   161      563.6921      569.2800  1162701    0.99%
   6751  5692      566.8063   147      563.6921      569.2800  1164959    0.99%
   6764  5705      566.2895   128      563.6921      569.2800  1166925    0.99%
   6778  5719      565.4543   118      563.6921      569.2800  1169021    0.99%
Elapsed time = 3062.54 sec. (2429259.75 ticks, tree = 1277.56 MB, solutions = 9)
   6794  5735      564.8429    98      563.6921      569.2800  1170441    0.99%
   6812  5753      564.2278    81      563.6921      569.2800  1171704    0.99%
   6832  5771        cutoff            563.6921      569.2800  1172550    0.99%
   6837  5774      568.6085   181      563.6921      569.2784  1175026    0.99%
   6848  5785      567.7487   150      563.6921      569.2784  1177514    0.99%
   6860  5797      567.0106   143      563.6921      569.2784  1179761    0.99%
   6871  5808      566.3415   123      563.6921      569.2784  1181393    0.99%
   6887  5824      565.5389   113      563.6921      569.2784  1183115    0.99%
   6905  5842      564.8097    93      563.6921      569.2784  1184873    0.99%
   6921  5858      564.4670    79      563.6921      569.2784  1185599    0.99%
Elapsed time = 3107.02 sec. (2468792.24 ticks, tree = 1321.73 MB, solutions = 9)
   6942  5879      563.8629    57      563.6921      569.2784  1186428    0.99%
   6963  5895      569.1157   184      563.6921      569.2772  1187449    0.99%
   6973  5905      568.2101   179      563.6921      569.2772  1190433    0.99%
   6985  5917      567.3668   164      563.6921      569.2772  1192801    0.99%
   6996  5928      566.7488   145      563.6921      569.2772  1194667    0.99%
   7013  5945      565.8916   124      563.6921      569.2772  1196903    0.99%
   7033  5965      565.0785   101      563.6921      569.2772  1198692    0.99%
   7052  5984      564.4430    89      563.6921      569.2772  1199682    0.99%
   7069  6001      563.8477    72      563.6921      569.2772  1200524    0.99%
   7079  6007      568.8520   176      563.6921      569.2734  1202751    0.99%
Elapsed time = 3154.50 sec. (2510429.17 ticks, tree = 1369.09 MB, solutions = 9)
   7084  6012      568.3934   188      563.6921      569.2734  1205573    0.99%
   7089  6017      568.4005   190      563.6921      569.2734  1208712    0.99%
   7093  6021      568.2558   187      563.6921      569.2734  1211450    0.99%
   7100  6028      567.4809   172      563.6921      569.2734  1215028    0.99%
   7105  6033      567.3266   181      563.6921      569.2734  1217961    0.99%
   7110  6038      567.0526   181      563.6921      569.2734  1220948    0.99%
   7115  6043      566.7697   172      563.6921      569.2734  1223862    0.99%
   7121  6049      566.3785   161      563.6921      569.2734  1227317    0.99%
   7126  6054      566.3545   166      563.6921      569.2734  1229728    0.99%
   7132  6060      566.1496   160      563.6921      569.2734  1232953    0.99%
Elapsed time = 3215.17 sec. (2551963.24 ticks, tree = 1383.76 MB, solutions = 9)
   7140  6068      565.9117   148      563.6921      569.2734  1236212    0.99%
   7146  6074      565.8286   144      563.6921      569.2734  1238517    0.99%
   7155  6083      565.5572   143      563.6921      569.2734  1241325    0.99%
   7163  6091      565.3729   136      563.6921      569.2734  1243837    0.99%
   7176  6104      564.9454   127      563.6921      569.2734  1247300    0.99%
   7186  6114      564.5215   115      563.6921      569.2734  1249483    0.99%
   7199  6127      564.1329   110      563.6921      569.2734  1252075    0.99%
Starting limited solution polishing.
   7213  6141      563.8625    96      563.6921      569.2734  1254397    0.99%
   7228  6152        cutoff            563.6921      569.2734  1256428    0.99%
   7232  6152      568.9335   182      563.6921      569.2724  1258020    0.99%
Elapsed time = 3260.01 sec. (2595168.26 ticks, tree = 1413.34 MB, solutions = 9)
   7241  6161      567.9425   177      563.6921      569.2724  1260922    0.99%
   7252  6172      566.9625   161      563.6921      569.2724  1263726    0.99%
   7263  6183      566.4255   152      563.6921      569.2724  1265313    0.99%
   7277  6197      565.7452   139      563.6921      569.2724  1267463    0.99%
   7293  6213      564.8086   114      563.6921      569.2724  1269720    0.99%
   7309  6229      564.2142    92      563.6921      569.2724  1271043    0.99%
   7313  6233      564.0721    95      563.6921      569.2724  1271265    0.99%
   7326  6242      569.0294   194      563.6921      569.2600  1272930    0.99%
   7336  6252      568.1584   196      563.6921      569.2600  1275149    0.99%
   7347  6263      567.5234   167      563.6921      569.2600  1277424    0.99%
Elapsed time = 3311.96 sec. (2639336.40 ticks, tree = 1448.57 MB, solutions = 9)
   7360  6276      566.7950   141      563.6921      569.2600  1279779    0.99%
   7373  6289      566.0809   126      563.6921      569.2600  1281428    0.99%
   7391  6307      565.2223   101      563.6921      569.2600  1283311    0.99%
   7412  6328      564.6002    60      563.6921      569.2600  1284368    0.99%
   7416  6332      564.4264    47      563.6921      569.2600  1284509    0.99%
   7433  6349      563.8834    35      563.6921      569.2600  1284873    0.99%
   7444  6356      568.9672   179      563.6921      569.2526  1286008    0.99%
   7452  6364      568.1461   171      563.6921      569.2526  1288759    0.99%
   7464  6376      567.3749   156      563.6921      569.2526  1290840    0.99%
   7474  6386      566.6045   147      563.6921      569.2526  1293246    0.99%
Elapsed time = 3359.54 sec. (2679720.53 ticks, tree = 1487.64 MB, solutions = 9)
   7488  6400      565.7782   136      563.6921      569.2526  1295377    0.99%
   7503  6415      564.9870   106      563.6921      569.2526  1297409    0.99%
   7513  6425      564.5250    88      563.6921      569.2526  1298192    0.99%
   7533  6445      563.9001    76      563.6921      569.2526  1299029    0.99%
   7543  6451      568.9042   200      563.6921      569.2454  1300541    0.99%
   7552  6460      568.0764   187      563.6921      569.2454  1303375    0.99%
   7562  6470      567.3288   175      563.6921      569.2454  1305741    0.99%
   7573  6481      566.6392   169      563.6921      569.2454  1307812    0.99%
   7585  6493      565.8659   155      563.6921      569.2454  1309918    0.99%
   7600  6508      565.0609   130      563.6921      569.2454  1312231    0.99%
Elapsed time = 3410.69 sec. (2719928.81 ticks, tree = 1509.54 MB, solutions = 9)
   7613  6521      564.5247   118      563.6921      569.2454  1314486    0.99%
   7630  6538      563.9156   105      563.6921      569.2454  1316251    0.99%
   7640  6544      569.0104   188      563.6921      569.2323  1317634    0.98%
   7646  6550      568.3203   172      563.6921      569.2323  1321247    0.98%
   7653  6557      568.2277   165      563.6921      569.2323  1324798    0.98%
   7658  6562      568.0529   175      563.6921      569.2323  1327603    0.98%
   7664  6568      567.6336   156      563.6921      569.2323  1330534    0.98%
   7671  6575      567.4390   153      563.6921      569.2323  1333950    0.98%
   7678  6582      567.3139   152      563.6921      569.2323  1336429    0.98%
   7685  6589      567.0178   139      563.6921      569.2323  1339414    0.98%
Elapsed time = 3467.74 sec. (2764812.04 ticks, tree = 1522.91 MB, solutions = 9)
   7693  6597      566.8622   150      563.6921      569.2323  1342700    0.98%
   7701  6605      566.6991   140      563.6921      569.2323  1345215    0.98%
   7710  6614      566.5816   126      563.6921      569.2323  1347824    0.98%
   7713  6617      566.5663   130      563.6921      569.2323  1348491    0.98%
   7722  6626      566.3253   125      563.6921      569.2323  1351230    0.98%
   7733  6637      566.0134   110      563.6921      569.2323  1353773    0.98%
   7750  6654      565.5391    86      563.6921      569.2323  1355862    0.98%
   7768  6672      565.1173    56      563.6921      569.2323  1357048    0.98%
   7776  6680      564.9988    49      563.6921      569.2323  1357479    0.98%
   7785  6689      564.8466    44      563.6921      569.2323  1357782    0.98%
Elapsed time = 3526.37 sec. (2810836.28 ticks, tree = 1554.71 MB, solutions = 9)
   7806  6710      564.6733    26      563.6921      569.2323  1358298    0.98%
   7813  6717      564.5436    23      563.6921      569.2323  1358550    0.98%
   7827  6727      568.9463   176      563.6921      569.2281  1359485    0.98%
   7836  6736      568.0791   174      563.6921      569.2281  1362099    0.98%
   7845  6745      566.3586   147      563.6921      569.2281  1364854    0.98%
   7854  6754      565.6297   123      563.6921      569.2281  1366646    0.98%
   7877  6777      564.5891    77      563.6921      569.2281  1368221    0.98%
   7903  6797      569.0420   183      563.6921      569.2281  1369620    0.98%
   7913  6807      568.3170   188      563.6921      569.2281  1372341    0.98%
   7923  6817      567.4786   175      563.6921      569.2281  1375143    0.98%
Elapsed time = 3581.51 sec. (2857409.82 ticks, tree = 1568.59 MB, solutions = 9)
   7933  6827      566.8129   160      563.6921      569.2281  1377103    0.98%
   7945  6839      566.2909   149      563.6921      569.2281  1379651    0.98%

Flow cuts applied:  3
Mixed integer rounding cuts applied:  25
User cuts applied:  5881

Root node processing (before b&c):
  Real time             =   46.11 sec. (22431.00 ticks)
Sequential b&c:
  Real time             = 3553.95 sec. (2846860.87 ticks)
                          ------------
Total (root+branch&cut) = 3600.06 sec. (2869291.87 ticks)
|V|                                     600
K                                       60
theta                                   0.50
r                                       10
R                                       25
prob_func                               linear
#C1                                     5338
#CP                                     78458

@Parameters: 
am_callback_heuristic                   false
am_local_search                         true
am_start_heuristic                      false
colocation                              true
comp                                    false
cutC                                    true
cutC_init                               false
cutF                                    true
cutF_init                               false
cutF_stable                             false
cutF_wrong                              false
cutLocal                                false
cutM                                    true
cutM_init                               true
cutM_stable                             false
cutP                                    true
cutP_init                               false
cutP_stable                             false
init                                    true
init_cutF_zero                          false
init_val_greedy                         true
is_Euclidean                            false
is_local_search                         true
is_right_cutP                           true
is_root                                 false
is_silent                               false
is_start                                false
mycut                                   false
pmed                                    false
pre                                     true
stable_root                             false
str                                     false
two_phase                               false
ubstr                                   false
mode                                    Bin

am_callback_node_space                  50
init                                    0
mixture_seed                            1
node_space                              5
nodelimit                               -1
nsepa                                   1
strF                                    0
type_delta                              0

EPS                                     0.001000
EPS_FRAC                                0.00
gap                                     0.00
mixture_high_max                        0.99
mixture_high_min                        0.90
mixture_low_max                         0.01
mixture_low_min                         0.00
mixture_low_share                       0.80
timelimit                               3600.00

Number of Closed Sites: 8 / 480 
Number of Confined Sites-1: 3 / 177 
Number of Confined Sites-k: 589 / 1348 
Preprocess Time: 1.11 + 0.00 sec

Solve Time: 3600.06
Number of Nodes: 7955
Termination Status: TIME_LIMIT

CutInfo: [phase] num / time (sec) / aver. num_nonzero
max              [LP]     0 / 0.00 / 0.00 [init]   203 / 0.01 / 5.23 [rLC]   686 / 0.09 / 15.36 [rUC]  1029 / 0.38 / 10.31 [sLC]   291 / 0.31 / 15.38 [sUC]  1225 / 3.21 / 10.79 
prod_oa          [LP]     0 / 0.00 / 0.00 [init]     0 / 0.00 / 0.00 [rLC]     0 / 0.00 / 0.00 [rUC]     0 / 0.00 / 0.00 [sLC]     0 / 0.00 / 0.00 [sUC]     0 / 0.00 / 0.00 
prod_sm_fixed    [LP]     0 / 0.00 / 0.00 [init]     0 / 0.00 / 0.00 [rLC]     0 / 0.00 / 0.00 [rUC]     0 / 0.00 / 0.00 [sLC]     0 / 0.00 / 0.00 [sUC]     0 / 0.00 / 0.00 
prod_bin         [LP]     0 / 0.00 / 0.00 [init]   167 / 2.21 / 0.00 [rLC]  1105 / 18.35 / 0.00 [rUC]   338 / 3.21 / 0.00 [sLC]  4078 / 70.43 / 0.00 [sUC]  2629 / 39.62 / 0.00 
prod_local       [LP]     0 / 0.00 / 0.00 [init]     0 / 0.00 / 0.00 [rLC]     0 / 0.00 / 0.00 [rUC]     0 / 0.00 / 0.00 [sLC]     0 / 0.00 / 0.00 [sUC]     0 / 0.00 / 0.00 
prod_sm_C        [LP]     0 / 0.00 / 0.00 [init]     0 / 0.00 / 0.00 [rLC]     0 / 0.00 / 0.00 [rUC]     0 / 0.00 / 0.00 [sLC]     0 / 0.00 / 0.00 [sUC]     0 / 0.00 / 0.00 
facet            [LP]     0 / 0.00 / 0.00 [init]     0 / 0.00 / 0.00 [rLC]     0 / 0.00 / 0.00 [rUC]     0 / 0.00 / 0.00 [sLC]     0 / 0.00 / 0.00 [sUC]     0 / 0.00 / 0.00 
Separation Round:   [LP] 0  [init] 1  [rLC] 8  [rUC] 18  [sLC] 44  [sUC] 15949  
Root Best Bound 570.229593
Root Best Integer: 561.501409
Best Bound: 569.228120
Best Integer: 563.692128
1: 1, 17, 37, 46, 50, 68, 72, 77, 86, 96, 108, 116, 117, 125, 132, 136, 148, 154, 157, 177, 187, 200, 209, 235, 240, 267, 270, 279, 281, 287, 297, 330, 332, 333, 339, 368, 374, 380, 391, 397, 406, 408, 419, 426, 436, 463, 465, 466, 471, 496, 503, 506, 553, 578, 579, 584, 586, 595, 598, 600
Objective Value (calc): 563.683512
sum_etaM = 550.133333 / 550.133333
sum_etaP = 577.250922 / 577.233690
nL: 60
nCL: 0
mCL: 1
