Version identifier: 20.1.0.0 | 2020-11-10 | 9bedb6d68
CPXPARAM_Threads                                 1
CPXPARAM_TimeLimit                               3600
CPXPARAM_MIP_Tolerances_MIPGap                   0
Generic callback                                 0x60
1 of 1 MIP starts provided solutions.
MIP start 'm1' defined initial solution with objective 26.7920.
Tried aggregator 2 times.
MIP Presolve eliminated 71 rows and 18 columns.
MIP Presolve modified 22 coefficients.
Aggregator did 53 substitutions.
Reduced MIP has 243 rows, 329 columns, and 643 nonzeros.
Reduced MIP has 91 binaries, 38 generals, 0 SOSs, and 0 indicators.
Presolve time = 0.00 sec. (0.61 ticks)
Probing time = 0.00 sec. (0.04 ticks)
Tried aggregator 1 time.
Reduced MIP has 243 rows, 329 columns, and 643 nonzeros.
Reduced MIP has 91 binaries, 38 generals, 0 SOSs, and 0 indicators.
Presolve time = 0.00 sec. (0.26 ticks)
Probing time = 0.00 sec. (0.04 ticks)
MIP emphasis: balance optimality and feasibility.
MIP search method: dynamic search.
Parallel mode: none, using 1 thread.
Root relaxation solution time = 0.00 sec. (0.56 ticks)

        Nodes                                         Cuts/
   Node  Left     Objective  IInf  Best Integer    Best Bound    ItCnt     Gap

*     0+    0                           26.7920      100.0000           273.25%
      0     0       39.7313     8       26.7920       39.7313      211   48.30%
      0     0       26.9413     8       26.7920      Cuts: 37      227    0.56%
      0     0       26.8507     4       26.7920       Cuts: 5      232    0.22%

Repeating presolve.
Tried aggregator 1 time.
MIP Presolve eliminated 125 rows and 149 columns.
MIP Presolve modified 21 coefficients.
Reduced MIP has 118 rows, 180 columns, and 304 nonzeros.
Reduced MIP has 37 binaries, 21 generals, 0 SOSs, and 0 indicators.
Presolve time = 0.00 sec. (0.20 ticks)
Probing time = 0.00 sec. (0.02 ticks)
Tried aggregator 1 time.
Reduced MIP has 118 rows, 180 columns, and 304 nonzeros.
Reduced MIP has 37 binaries, 21 generals, 0 SOSs, and 0 indicators.
Presolve time = 0.00 sec. (0.12 ticks)
Represolve time = 0.00 sec. (0.54 ticks)
Probing time = 0.00 sec. (0.02 ticks)
MIP emphasis: balance optimality and feasibility.
MIP search method: dynamic search.
Parallel mode: none, using 1 thread.
Root relaxation solution time = 0.00 sec. (0.74 ticks)

        Nodes                                         Cuts/
   Node  Left     Objective  IInf  Best Integer    Best Bound    ItCnt     Gap

*     0+    0                           26.7920       26.8507             0.22%
      0     0       26.8347     6       26.7920       26.8347      381    0.16%
      0     0        cutoff             26.7920                    386     --- 
Elapsed time = 0.03 sec. (11.73 ticks, tree = 0.01 MB, solutions = 1)

Flow cuts applied:  12
Mixed integer rounding cuts applied:  4
Lift and project cuts applied:  1
Gomory fractional cuts applied:  5
User cuts applied:  48

Root node processing (before b&c):
  Real time             =    0.03 sec. (11.74 ticks)
Sequential b&c:
  Real time             =    0.00 sec. (0.00 ticks)
                          ------------
Total (root+branch&cut) =    0.03 sec. (11.74 ticks)
|V|                                     100
K                                       10
theta                                   0.20
r                                       5
R                                       20
prob_func                               linear
#C1                                     124
#CP                                     76

@Parameters: 
am_callback_heuristic                   false
am_local_search                         true
am_start_heuristic                      false
colocation                              true
comp                                    false
cutC                                    true
cutC_init                               false
cutF                                    false
cutF_init                               false
cutF_stable                             false
cutF_wrong                              false
cutLocal                                false
cutM                                    true
cutM_init                               true
cutM_stable                             false
cutP                                    true
cutP_init                               false
cutP_stable                             false
init                                    true
init_cutF_zero                          false
init_val_greedy                         true
is_Euclidean                            false
is_local_search                         false
is_right_cutP                           true
is_root                                 false
is_silent                               false
is_start                                false
mycut                                   false
pmed                                    false
pre                                     true
stable_root                             false
str                                     false
two_phase                               false
ubstr                                   false
mode                                    Int

am_callback_node_space                  50
init                                    0
mixture_seed                            1
node_space                              5
nodelimit                               -1
nsepa                                   1
strF                                    0
type_delta                              0

EPS                                     0.001000
EPS_FRAC                                0.00
gap                                     0.00
mixture_high_max                        0.99
mixture_high_min                        0.90
mixture_low_max                         0.01
mixture_low_min                         0.00
mixture_low_share                       0.80
timelimit                               3600.00

Number of Closed Sites: 9 / 90 
Number of Confined Sites-1: 53 / 477 
Number of Confined Sites-k: 38 / 216 
Preprocess Time: 0.03 + 0.00 sec

Solve Time: 0.03
Number of Nodes: 0
Termination Status: OPTIMAL

CutInfo: [phase] num / time (sec) / aver. num_nonzero
max              [LP]     0 / 0.00 / 0.00 [init]    83 / 0.00 / 1.33 [rLC]    33 / 0.00 / 2.97 [rUC]     8 / 0.00 / 4.38 [sLC]     0 / 0.00 / 0.00 [sUC]     0 / 0.00 / 0.00 
prod_oa          [LP]     0 / 0.00 / 0.00 [init]    83 / 0.00 / 1.71 [rLC]    40 / 0.00 / 3.02 [rUC]     5 / 0.00 / 4.00 [sLC]     0 / 0.00 / 0.00 [sUC]     0 / 0.00 / 0.00 
prod_sm_fixed    [LP]     0 / 0.00 / 0.00 [init]     0 / 0.00 / 0.00 [rLC]     0 / 0.00 / 0.00 [rUC]     0 / 0.00 / 0.00 [sLC]     0 / 0.00 / 0.00 [sUC]     0 / 0.00 / 0.00 
prod_bin         [LP]     0 / 0.00 / 0.00 [init]     0 / 0.00 / 0.00 [rLC]     0 / 0.00 / 0.00 [rUC]     0 / 0.00 / 0.00 [sLC]     0 / 0.00 / 0.00 [sUC]     0 / 0.00 / 0.00 
prod_local       [LP]     0 / 0.00 / 0.00 [init]     0 / 0.00 / 0.00 [rLC]     0 / 0.00 / 0.00 [rUC]     0 / 0.00 / 0.00 [sLC]     0 / 0.00 / 0.00 [sUC]     0 / 0.00 / 0.00 
prod_sm_C        [LP]     0 / 0.00 / 0.00 [init]     0 / 0.00 / 0.00 [rLC]     0 / 0.00 / 0.00 [rUC]     0 / 0.00 / 0.00 [sLC]     0 / 0.00 / 0.00 [sUC]     0 / 0.00 / 0.00 
facet            [LP]     0 / 0.00 / 0.00 [init]     0 / 0.00 / 0.00 [rLC]     0 / 0.00 / 0.00 [rUC]     0 / 0.00 / 0.00 [sLC]     0 / 0.00 / 0.00 [sUC]     0 / 0.00 / 0.00 
Separation Round:   [LP] 0  [init] 1  [rLC] 4  [rUC] 3  [sLC] 0  [sUC] 0  
Root Best Bound 26.834660
Root Best Integer: 26.792000
Best Bound: 26.834660
Best Integer: 26.792000
1: 21, 23, 27, 36, 41, 58, 67, 72, 96, 99
Objective Value (calc): 26.792000
sum_etaM = 26.600000 / 26.600000
sum_etaP = 26.840000 / 26.840000
nL: 10
nCL: 0
mCL: 1
