Version identifier: 20.1.0.0 | 2020-11-10 | 9bedb6d68
CPXPARAM_Threads                                 1
CPXPARAM_TimeLimit                               3600
CPXPARAM_MIP_Tolerances_MIPGap                   0
Generic callback                                 0x60
1 of 1 MIP starts provided solutions.
MIP start 'm1' defined initial solution with objective 92.5907.
Tried aggregator 1 time.
MIP Presolve eliminated 4650 rows and 2339 columns.
MIP Presolve modified 461 coefficients.
Reduced MIP has 1776 rows, 2061 columns, and 10009 nonzeros.
Reduced MIP has 1661 binaries, 0 generals, 0 SOSs, and 0 indicators.
Presolve time = 0.01 sec. (8.64 ticks)
Probing time = 0.01 sec. (2.74 ticks)
Tried aggregator 1 time.
Reduced MIP has 1776 rows, 2061 columns, and 10009 nonzeros.
Reduced MIP has 1661 binaries, 0 generals, 0 SOSs, and 0 indicators.
Presolve time = 0.00 sec. (3.25 ticks)
Probing time = 0.00 sec. (2.58 ticks)
Clique table members: 7118.
MIP emphasis: balance optimality and feasibility.
MIP search method: dynamic search.
Parallel mode: none, using 1 thread.
Root relaxation solution time = 0.00 sec. (3.95 ticks)

        Nodes                                         Cuts/
   Node  Left     Objective  IInf  Best Integer    Best Bound    ItCnt     Gap

*     0+    0                           92.5907      200.0000           116.00%
      0     0      130.7765     9       92.5907      130.7765      323   41.24%
      0     0       94.0166     9       92.5907     Cuts: 109      402    1.54%
      0     0       93.4131     7       92.5907      Cuts: 47      428    0.89%

Repeating presolve.
Tried aggregator 1 time.
MIP Presolve eliminated 1540 rows and 1581 columns.
MIP Presolve modified 67 coefficients.
Reduced MIP has 236 rows, 480 columns, and 781 nonzeros.
Reduced MIP has 112 binaries, 0 generals, 0 SOSs, and 0 indicators.
Presolve time = 0.00 sec. (1.45 ticks)
Probing time = 0.00 sec. (0.05 ticks)
Tried aggregator 1 time.
Reduced MIP has 236 rows, 480 columns, and 781 nonzeros.
Reduced MIP has 112 binaries, 0 generals, 0 SOSs, and 0 indicators.
Presolve time = 0.00 sec. (0.33 ticks)
Represolve time = 0.01 sec. (5.08 ticks)
Probing time = 0.00 sec. (0.05 ticks)
Clique table members: 1.
MIP emphasis: balance optimality and feasibility.
MIP search method: dynamic search.
Parallel mode: none, using 1 thread.
Root relaxation solution time = 0.01 sec. (5.80 ticks)

        Nodes                                         Cuts/
   Node  Left     Objective  IInf  Best Integer    Best Bound    ItCnt     Gap

*     0+    0                           92.5907       93.4131             0.89%
      0     0       93.4131     7       92.5907       93.4131      873    0.89%
      0     0       93.2807     8       92.5907      Cuts: 19      905    0.75%
*     0     0      integral     0       93.1147      Cuts: 17      911    0.00%
      0     0        cutoff             93.1147       93.1147      911    0.00%
Elapsed time = 0.24 sec. (103.37 ticks, tree = 0.01 MB, solutions = 2)

Flow cuts applied:  4
Mixed integer rounding cuts applied:  28
Gomory fractional cuts applied:  3
User cuts applied:  229

Root node processing (before b&c):
  Real time             =    0.25 sec. (103.53 ticks)
Sequential b&c:
  Real time             =    0.00 sec. (0.00 ticks)
                          ------------
Total (root+branch&cut) =    0.25 sec. (103.53 ticks)
|V|                                     200
K                                       20
theta                                   0.50
r                                       10
R                                       25
prob_func                               linear
#C1                                     360
#CP                                     658

@Parameters: 
am_callback_heuristic                   false
am_local_search                         true
am_start_heuristic                      false
colocation                              true
comp                                    false
cutC                                    true
cutC_init                               false
cutF                                    true
cutF_init                               false
cutF_stable                             false
cutF_wrong                              false
cutLocal                                false
cutM                                    true
cutM_init                               true
cutM_stable                             false
cutP                                    true
cutP_init                               false
cutP_stable                             false
init                                    true
init_cutF_zero                          false
init_val_greedy                         true
is_Euclidean                            false
is_local_search                         true
is_right_cutP                           true
is_root                                 false
is_silent                               false
is_start                                false
mycut                                   false
pmed                                    false
pre                                     true
stable_root                             false
str                                     false
two_phase                               false
ubstr                                   false
mode                                    Bin

am_callback_node_space                  50
init                                    0
mixture_seed                            1
node_space                              5
nodelimit                               -1
nsepa                                   1
strF                                    0
type_delta                              0

EPS                                     0.001000
EPS_FRAC                                0.00
gap                                     0.00
mixture_high_max                        0.99
mixture_high_min                        0.90
mixture_low_max                         0.01
mixture_low_min                         0.00
mixture_low_share                       0.80
timelimit                               3600.00

Number of Closed Sites: 28 / 560 
Number of Confined Sites-1: 34 / 646 
Number of Confined Sites-k: 138 / 1133 
Preprocess Time: 0.17 + 0.00 sec

Solve Time: 0.25
Number of Nodes: 0
Termination Status: OPTIMAL

CutInfo: [phase] num / time (sec) / aver. num_nonzero
max              [LP]     0 / 0.00 / 0.00 [init]   143 / 0.00 / 2.03 [rLC]   181 / 0.01 / 6.00 [rUC]    74 / 0.00 / 5.41 [sLC]     0 / 0.00 / 0.00 [sUC]     0 / 0.00 / 0.00 
prod_oa          [LP]     0 / 0.00 / 0.00 [init]     0 / 0.00 / 0.00 [rLC]     0 / 0.00 / 0.00 [rUC]     0 / 0.00 / 0.00 [sLC]     0 / 0.00 / 0.00 [sUC]     0 / 0.00 / 0.00 
prod_sm_fixed    [LP]     0 / 0.00 / 0.00 [init]     0 / 0.00 / 0.00 [rLC]     0 / 0.00 / 0.00 [rUC]     0 / 0.00 / 0.00 [sLC]     0 / 0.00 / 0.00 [sUC]     0 / 0.00 / 0.00 
prod_bin         [LP]     0 / 0.00 / 0.00 [init]   143 / 0.03 / 0.00 [rLC]   200 / 0.06 / 0.00 [rUC]    61 / 0.03 / 0.00 [sLC]     0 / 0.00 / 0.00 [sUC]     0 / 0.00 / 0.00 
prod_local       [LP]     0 / 0.00 / 0.00 [init]     0 / 0.00 / 0.00 [rLC]     0 / 0.00 / 0.00 [rUC]     0 / 0.00 / 0.00 [sLC]     0 / 0.00 / 0.00 [sUC]     0 / 0.00 / 0.00 
prod_sm_C        [LP]     0 / 0.00 / 0.00 [init]     0 / 0.00 / 0.00 [rLC]     0 / 0.00 / 0.00 [rUC]     0 / 0.00 / 0.00 [sLC]     0 / 0.00 / 0.00 [sUC]     0 / 0.00 / 0.00 
facet            [LP]     0 / 0.00 / 0.00 [init]     0 / 0.00 / 0.00 [rLC]     0 / 0.00 / 0.00 [rUC]     0 / 0.00 / 0.00 [sLC]     0 / 0.00 / 0.00 [sUC]     0 / 0.00 / 0.00 
Separation Round:   [LP] 0  [init] 1  [rLC] 5  [rUC] 4  [sLC] 0  [sUC] 0  
Root Best Bound 93.114667
Root Best Integer: 92.590667
Best Bound: 93.114667
Best Integer: 92.590667
1: 42, 50, 70, 76, 83, 94, 96, 100, 104, 117, 119, 123, 127, 129, 133, 141, 151, 154, 167, 180
Objective Value (calc): 93.114667
sum_etaM = 92.666667 / 92.666667
sum_etaP = 93.562667 / 93.562667
nL: 20
nCL: 0
mCL: 1
