Version identifier: 20.1.0.0 | 2020-11-10 | 9bedb6d68
CPXPARAM_Threads                                 1
CPXPARAM_TimeLimit                               3600
CPXPARAM_MIP_Tolerances_MIPGap                   0
Generic callback                                 0x60
1 of 1 MIP starts provided solutions.
MIP start 'm1' defined initial solution with objective 560.8904.
Tried aggregator 2 times.
MIP Presolve eliminated 19 rows and 16 columns.
MIP Presolve modified 456 coefficients.
Aggregator did 3 substitutions.
Reduced MIP has 1549 rows, 2381 columns, and 13142 nonzeros.
Reduced MIP has 592 binaries, 589 generals, 0 SOSs, and 0 indicators.
Presolve time = 0.01 sec. (4.88 ticks)
Probing time = 0.00 sec. (0.69 ticks)
Tried aggregator 1 time.
Reduced MIP has 1549 rows, 2381 columns, and 13142 nonzeros.
Reduced MIP has 592 binaries, 589 generals, 0 SOSs, and 0 indicators.
Presolve time = 0.00 sec. (2.87 ticks)
Probing time = 0.00 sec. (0.69 ticks)
MIP emphasis: balance optimality and feasibility.
MIP search method: dynamic search.
Parallel mode: none, using 1 thread.
Root relaxation solution time = 0.03 sec. (34.73 ticks)

        Nodes                                         Cuts/
   Node  Left     Objective  IInf  Best Integer    Best Bound    ItCnt     Gap

*     0+    0                          560.8904      600.0000             6.97%
      0     0      590.9569   106      560.8904      590.9569     1003    5.36%
      0     0      570.7014   312      560.8904     Cuts: 487     1952    1.75%
      0     0      568.7844   338      560.8904     Cuts: 423     2632    1.41%
      0     0      568.2694   364      560.8904     Cuts: 246     3079    1.32%
      0     0      568.1028   376      560.8904     Cuts: 156     3331    1.29%
      0     0      567.9445   364      560.8904     Cuts: 120     3579    1.26%
      0     0      567.8903   356      560.8904      Cuts: 95     3745    1.25%
      0     0      567.8607   394      560.8904      Cuts: 89     3889    1.24%
      0     0      567.8370   376      560.8904      Cuts: 64     4047    1.24%
      0     0      567.8166   386      560.8904      Cuts: 74     4170    1.23%
      0     0      567.8108   378      560.8904 UserPurge2: 32     4236    1.23%
      0     0      567.8082   370      560.8904 UserPurge2: 26     4279    1.23%
      0     0      567.8071   370      560.8904 UserPurge2: 15     4309    1.23%
      0     0      567.8067   374      560.8904 UserPurge2: 8     4331    1.23%
      0     0      567.8060   368      560.8904 UserPurge2: 11     4357    1.23%
      0     0      567.8056   376      560.8904 UserPurge2: 11     4374    1.23%
      0     0      567.8054   388      560.8904 UserPurge2: 8     4393    1.23%
      0     0      567.8053   386      560.8904 UserPurge2: 3     4400    1.23%
      0     2      567.7832   408      560.8904      567.7832     4400    1.23%
Elapsed time = 4.68 sec. (3014.66 ticks, tree = 0.01 MB, solutions = 1)
      4     6      567.6805   392      560.8904      567.7166     6022    1.22%
      5     7      567.4168   410      560.8904      567.7166     8590    1.22%
      7     9      567.5088   386      560.8904      567.7069     9825    1.22%
     10    12      567.4192   406      560.8904      567.7069    10768    1.22%
     14    16      567.3603   400      560.8904      567.7069    11891    1.22%
     16    18      567.2793   390      560.8904      567.7069    12929    1.22%
     19    21      567.2270   388      560.8904      567.7069    14019    1.22%
*    20+   20                          562.9431      567.7069             0.85%
     20    22      567.0741   392      562.9431      567.7069    15323    0.85%
     25    27      566.8956   382      562.9431      567.7069    16519    0.85%
     35    37      566.5031   360      562.9431      567.7069    19649    0.85%
Elapsed time = 12.35 sec. (7433.29 ticks, tree = 0.34 MB, solutions = 2)
     45    47      566.0453   348      562.9431      567.7069    23250    0.85%
     60    62      565.3675   306      562.9431      567.7069    26753    0.85%
     74    76      564.8841   276      562.9431      567.7069    29989    0.85%
     83    85      564.4256   196      562.9431      567.7069    33334    0.85%
*   125   125      integral     0      563.2367      567.7069    36938    0.79%
*   127   103      integral     0      564.3348      567.7069    36998    0.60%
    127   102      564.3348     0      564.3348      567.7069    36998    0.60%
    130   105      567.4793   404      564.3348      567.7069    39497    0.60%
    137   112      567.1100   396      564.3348      567.7069    43262    0.60%
    140   115      567.2115   380      564.3348      567.7069    44124    0.60%
    147   122      566.9708   364      564.3348      567.7069    47087    0.60%
    151   126      566.7604   372      564.3348      567.7069    48585    0.60%
Elapsed time = 30.66 sec. (18340.09 ticks, tree = 1.54 MB, solutions = 4)
    160   135      566.1697   300      564.3348      567.7069    51005    0.60%
    170   145      565.8124   298      564.3348      567.7069    54144    0.60%
    180   155      565.2424   275      564.3348      567.7069    57727    0.60%
    188   163      564.9693   233      564.3348      567.7069    60869    0.60%
    200   175      564.5813   164      564.3348      567.7069    63644    0.60%
*   234   165      integral     0      564.5044      567.7069    64763    0.57%
    236   167      567.2709   412      564.5044      567.6805    66412    0.56%
    240   171      567.0480   406      564.5044      567.6805    68922    0.56%
    245   176      566.6473   394      564.5044      567.6805    72338    0.56%
    250   181      566.2355   376      564.5044      567.6805    75075    0.56%
    256   187      565.7296   354      564.5044      567.6805    77911    0.56%
Elapsed time = 48.19 sec. (29484.47 ticks, tree = 1.85 MB, solutions = 5)
    260   191      565.1552   336      564.5044      567.6805    79765    0.56%
    277   204      567.5630   412      564.5044      567.6803    82909    0.56%
    280   207      567.3262   412      564.5044      567.6803    84194    0.56%
    288   215      566.8811   404      564.5044      567.6803    86775    0.56%
    292   219      566.5716   410      564.5044      567.6803    88904    0.56%
    299   226      566.1722   378      564.5044      567.6803    91499    0.56%
    305   232      565.8238   362      564.5044      567.6803    93512    0.56%
    311   238      565.4369   348      564.5044      567.6803    96124    0.56%
    320   247      564.9008   301      564.5044      567.6803    99746    0.56%
    330   257      564.5442   203      564.5044      567.6803   102538    0.56%
Elapsed time = 62.92 sec. (40682.88 ticks, tree = 2.73 MB, solutions = 5)
*   368   266      integral     0      564.5355      567.6803   103715    0.56%
    369   267      567.3443   404      564.5355      567.5627   104609    0.54%
    373   271      567.0408   416      564.5355      567.5627   106758    0.54%
    376   274      566.7080   422      564.5355      567.5627   109051    0.54%
    380   278      566.4400   434      564.5355      567.5627   111606    0.54%
    386   284      566.0345   390      564.5355      567.5627   114254    0.54%
    393   291      565.6765   354      564.5355      567.5627   116564    0.54%
    400   298      565.3436   318      564.5355      567.5627   118975    0.54%
    410   308      564.6360   328      564.5355      567.5627   122353    0.54%
    415   309      567.3632   418      564.5355      567.5086   124968    0.53%
    418   312      567.1295   406      564.5355      567.5086   127394    0.53%
Elapsed time = 77.85 sec. (52711.90 ticks, tree = 3.32 MB, solutions = 6)
    420   314      567.2430   398      564.5355      567.5086   128884    0.53%
    425   319      567.1194   408      564.5355      567.5086   131317    0.53%
    430   324      566.8607   416      564.5355      567.5086   134451    0.53%
    434   328      566.7754   414      564.5355      567.5086   136719    0.53%
    439   333      566.6687   402      564.5355      567.5086   138761    0.53%
    441   335      566.5835   386      564.5355      567.5086   140098    0.53%
    445   339      566.3959   380      564.5355      567.5086   142177    0.53%
    451   345      566.2057   362      564.5355      567.5086   144098    0.53%
    458   352      565.7929   338      564.5355      567.5086   146605    0.53%
    465   359      565.4565   308      564.5355      567.5086   148153    0.53%
Elapsed time = 91.66 sec. (64103.96 ticks, tree = 4.14 MB, solutions = 6)
    471   365      564.8188   277      564.5355      567.5086   149968    0.53%
    480   370      567.3728   402      564.5355      567.4656   151555    0.52%
    486   376      566.9260   410      564.5355      567.4656   153843    0.52%
    490   380      566.5574   400      564.5355      567.4656   155809    0.52%

Performing restart 1

Repeating presolve.
Tried aggregator 1 time.
MIP Presolve modified 281 coefficients.
Reduced MIP has 1549 rows, 2381 columns, and 13142 nonzeros.
Reduced MIP has 592 binaries, 589 generals, 0 SOSs, and 0 indicators.
Presolve time = 0.00 sec. (2.99 ticks)
Tried aggregator 1 time.
Reduced MIP has 1549 rows, 2381 columns, and 13142 nonzeros.
Reduced MIP has 592 binaries, 589 generals, 0 SOSs, and 0 indicators.
Presolve time = 0.00 sec. (2.94 ticks)
Represolve time = 0.06 sec. (38.24 ticks)
    494     0      567.4801   336      564.5355       Cuts: 8   162887    0.52%
    494     0      567.4798   318      564.5355    MIRcuts: 2   162904    0.52%
    494     0      567.4795   322      564.5355    MIRcuts: 2   162917    0.52%
    494     0      567.4790   320      564.5355    MIRcuts: 3   162936    0.52%
    494     0      567.4776   322      564.5355    MIRcuts: 3   162947    0.52%
    494     0      567.4774   322      564.5355    MIRcuts: 1   162950    0.52%
    494     0      567.4773   318      564.5355    MIRcuts: 1   162952    0.52%
    494     2      567.4773   318      564.5355      567.4656   162952    0.52%
    495     3      567.4413   310      564.5355      567.4412   163162    0.51%
    496     4      567.4171   302      564.5355      567.4411   163357    0.51%
    497     5      567.3557   274      564.5355      567.4166   163588    0.51%
    499     7      567.2582   280      564.5355      567.3906   164038    0.51%
    500     8      567.2588   326      564.5355      567.3902   164896    0.51%
Elapsed time = 109.76 sec. (81963.77 ticks, tree = 0.01 MB, solutions = 6)
    501     9      567.2162   312      564.5355      567.3794   165770    0.50%
    502    10      567.2151   334      564.5355      567.3794   166265    0.50%
    503    11      567.1860   328      564.5355      567.3794   166624    0.50%
    505    13      567.0189   304      564.5355      567.3794   167475    0.50%
    514    22      566.9046   302      564.5355      567.3794   168909    0.50%
    525    33      565.9233   298      564.5355      567.3794   171688    0.50%
    528    36      565.3979   292      564.5355      567.3794   172601    0.50%
    534    42      565.8499   266      564.5355      567.3794   173685    0.50%
    549    57      565.4802   232      564.5355      567.3794   176394    0.50%
    553    61      565.0999   260      564.5355      567.3794   178786    0.50%
Elapsed time = 121.17 sec. (94022.41 ticks, tree = 0.23 MB, solutions = 6)
    564    66      567.3567   338      564.5355      567.3565   180182    0.50%
    573    75      567.2154   362      564.5355      567.3542   182383    0.50%
    575    77      566.9849   370      564.5355      567.3542   183379    0.50%
    582    84      566.8265   300      564.5355      567.3542   185846    0.50%
    589    91      566.4608   280      564.5355      567.3542   188033    0.50%
    599   101      566.6207   288      564.5355      567.3542   190374    0.50%
    603   105      566.3678   286      564.5355      567.3542   192050    0.50%
    614   116      566.0927   258      564.5355      567.3542   194196    0.50%
    625   127      565.5761   272      564.5355      567.3542   196324    0.50%
    631   133      565.6296   270      564.5355      567.3542   198412    0.50%
Elapsed time = 131.99 sec. (104596.67 ticks, tree = 0.80 MB, solutions = 6)
    644   146      565.4719   258      564.5355      567.3542   200145    0.50%
    653   155      565.2992   272      564.5355      567.3542   202167    0.50%
    660   162      565.2452   268      564.5355      567.3542   203480    0.50%
    674   176      565.1965   226      564.5355      567.3542   205943    0.50%
    691   191      564.7808   190      564.5355      567.3542   208725    0.50%
    708   201      564.5842   206      564.5355      567.3542   210088    0.50%
*   734+  205                          564.5542      567.3542             0.50%
*   744+  206                          564.5542      567.3542             0.50%
*   754   206      integral     0      564.5542      567.3542   210735    0.50%
    758   210      566.7740   336      564.5542      567.3541   211712    0.50%
    775   227      565.5947   294      564.5542      567.3541   213930    0.50%
    792   243      564.6050   214      564.5542      567.3541   215348    0.50%
    843   286      566.2640   346      564.5542      567.2577   223894    0.48%
Elapsed time = 147.74 sec. (117426.13 ticks, tree = 2.96 MB, solutions = 9)
    894   327      566.6940   334      564.5542      567.2572   230849    0.48%
    926   359      565.0674   276      564.5542      567.2572   238318    0.48%
    983   405      565.9685   276      564.5542      567.2561   246792    0.48%
   1087   473      565.6835   332      564.5542      567.2356   252982    0.47%
   1190   565      565.2881   286      564.5542      567.2153   260095    0.47%
   1262   625      565.2367   302      564.5542      567.2145   267662    0.47%
   1337   686      566.3095   304      564.5542      567.2020   275550    0.47%
   1436   759      567.1608   348      564.5542      567.1869   285798    0.47%
   1509   824      566.0167   322      564.5542      567.1844   295228    0.47%
   1611   913        cutoff            564.5542      567.1843   304468    0.47%
Elapsed time = 188.90 sec. (156205.75 ticks, tree = 12.29 MB, solutions = 9)
   1654   954      566.0146   324      564.5542      567.1714   314056    0.46%
   1760  1034      564.7855   285      564.5542      567.1707   323204    0.46%
   1870  1127      565.7879   314      564.5542      567.1628   331976    0.46%
*  1988  1200      integral     0      564.5706      567.1628   335843    0.46%
   2015  1227      565.5329   320      564.5706      567.1622   339099    0.46%
   2074  1277      566.0206   320      564.5706      567.1606   348548    0.46%
   2203  1364      567.1239   350      564.5706      567.1457   356307    0.46%
   2340  1476      567.0158   354      564.5706      567.1359   366028    0.45%
   2436  1560      566.4482   332      564.5706      567.1187   375237    0.45%
   2571  1674      566.7278   350      564.5706      567.1113   384952    0.45%
   2685  1782      565.0498   276      564.5706      567.1108   393698    0.45%
Elapsed time = 229.71 sec. (195233.12 ticks, tree = 35.94 MB, solutions = 10)
   2836  1900      566.5968   346      564.5706      567.1040   403773    0.45%
   2948  1988      566.8971   342      564.5706      567.0815   414464    0.44%
   3076  2094      566.7039   344      564.5706      567.0679   424950    0.44%
   3205  2204      566.5568   348      564.5706      567.0630   435312    0.44%
   3314  2293      564.6107   162      564.5706      567.0605   445250    0.44%
   3457  2423      564.9209   248      564.5706      567.0549   455003    0.44%
   3584  2521      565.8995   292      564.5706      567.0419   465259    0.44%
   3706  2625      565.2471   340      564.5706      567.0360   475524    0.44%
   3863  2754      566.8328   352      564.5706      567.0195   486041    0.43%
   3974  2845      564.9324   160      564.5706      567.0195   496141    0.43%
Elapsed time = 270.86 sec. (233788.85 ticks, tree = 59.03 MB, solutions = 10)
   4146  2969      564.6926   258      564.5706      567.0102   504901    0.43%
   4270  3071      566.4400   342      564.5706      567.0029   515185    0.43%
   4374  3164      565.6333   262      564.5706      567.0019   525405    0.43%
   4490  3263      566.0791   350      564.5706      566.9921   536381    0.43%
   4574  3328      564.6241   198      564.5706      566.9908   545463    0.43%
   4716  3448      566.7979   356      564.5706      566.9867   556230    0.43%
   4834  3553      566.3210   322      564.5706      566.9858   566918    0.43%
   4935  3637      565.1938   310      564.5706      566.9857   577350    0.43%
   5059  3740      566.8218   366      564.5706      566.9849   587469    0.43%
   5161  3829      564.8543   280      564.5706      566.9811   598307    0.43%
Elapsed time = 311.75 sec. (272498.93 ticks, tree = 81.18 MB, solutions = 10)
   5280  3927      566.0887   304      564.5706      566.9792   608501    0.43%
   5424  4040      564.6162   236      564.5706      566.9759   618844    0.43%
   5506  4105      566.9445   378      564.5706      566.9746   628563    0.43%
   5631  4210      565.4081   304      564.5706      566.9729   638672    0.43%
   5780  4325      565.0037   270      564.5706      566.9717   648613    0.43%
   5903  4425      564.9540   234      564.5706      566.9660   658892    0.42%
   6032  4530      565.0807   288      564.5706      566.9629   669157    0.42%
   6153  4627      566.0931   336      564.5706      566.9610   679671    0.42%
   6236  4699      565.2674   298      564.5706      566.9594   690283    0.42%
   6398  4823      566.3524   310      564.5706      566.9561   700612    0.42%
Elapsed time = 352.89 sec. (310944.75 ticks, tree = 100.90 MB, solutions = 10)
   6508  4916      566.7531   352      564.5706      566.9533   710394    0.42%
   6602  4991      566.5639   322      564.5706      566.9531   720814    0.42%
   6768  5120      565.7587   346      564.5706      566.9485   730596    0.42%
   6902  5230      565.9625   274      564.5706      566.9440   741380    0.42%
   7027  5333      564.8520   326      564.5706      566.9423   751603    0.42%
   7213  5491      565.2329   222      564.5706      566.9382   761908    0.42%
*  7303  5047      integral     0      564.6619      566.9382   763530    0.40%
   7368  5111      564.9246   206      564.6619      566.9363   771660    0.40%
   7562  5243      566.0566   318      564.6619      566.9307   782092    0.40%
   7703  5361      566.2879   320      564.6619      566.9303   792275    0.40%
   7835  5478      565.0401   262      564.6619      566.9280   802303    0.40%
Elapsed time = 395.45 sec. (349432.28 ticks, tree = 122.56 MB, solutions = 11)
   7994  5593        cutoff            564.6619      566.9255   813106    0.40%
   8073  5659      566.0934   354      564.6619      566.9237   823749    0.40%
   8202  5748      566.5160   346      564.6619      566.9209   834170    0.40%
   8324  5845      566.4435   342      564.6619      566.9185   844104    0.40%
   8424  5931      565.6786   288      564.6619      566.9153   854223    0.40%
   8589  6075      564.9323   297      564.6619      566.9106   864042    0.40%
   8695  6148      566.1462   284      564.6619      566.9086   874767    0.40%
   8891  6294      565.5506   352      564.6619      566.9055   884933    0.40%
   8995  6374      566.4024   362      564.6619      566.9040   893425    0.40%
   9067  6439      565.9469   302      564.6619      566.9039   903633    0.40%
Elapsed time = 436.95 sec. (387968.33 ticks, tree = 141.32 MB, solutions = 11)
   9216  6560      564.6967   122      564.6619      566.8992   914209    0.40%
   9296  6618      566.3023   314      564.6619      566.8977   923552    0.40%
   9410  6710      565.9997   304      564.6619      566.8968   933463    0.40%
   9529  6805      566.7461   328      564.6619      566.8964   944091    0.40%
   9621  6885      565.6695   264      564.6619      566.8963   954980    0.40%
   9763  7004      564.7983   217      564.6619      566.8950   965380    0.40%
   9875  7095      566.1238   310      564.6619      566.8917   976130    0.39%
  10008  7197      566.7844   330      564.6619      566.8907   986501    0.39%
  10094  7276      565.2092   304      564.6619      566.8889   994068    0.39%
  10179  7347      565.3988   314      564.6619      566.8870  1004700    0.39%
Elapsed time = 477.57 sec. (426561.19 ticks, tree = 159.23 MB, solutions = 11)
  10289  7435      566.5069   336      564.6619      566.8834  1015288    0.39%
  10374  7510        cutoff            564.6619      566.8802  1022891    0.39%
  10375  7511      566.6452   356      564.6619      566.8785  1023184    0.39%
  10376  7512      566.6809   344      564.6619      566.8766  1023487    0.39%
  10504  7608      566.2045   306      564.6619      566.8757  1034337    0.39%
  10619  7685      566.1998   286      564.6619      566.8754  1044338    0.39%
  10776  7805      566.3636   320      564.6619      566.8753  1054890    0.39%
  10886  7893      566.2971   362      564.6619      566.8747  1065875    0.39%
  10981  7982      565.3920   280      564.6619      566.8746  1076320    0.39%
  11085  8068      566.4217   346      564.6619      566.8722  1086649    0.39%
Elapsed time = 529.85 sec. (474712.82 ticks, tree = 168.23 MB, solutions = 11)
  11175  8140      566.0345   304      564.6619      566.8706  1096755    0.39%
  11298  8239      566.1794   310      564.6619      566.8694  1104947    0.39%
  11441  8349      565.2457   332      564.6619      566.8692  1115612    0.39%
  11544  8428      565.6997   320      564.6619      566.8686  1126124    0.39%
  11694  8553      565.8552   270      564.6619      566.8683  1136503    0.39%
  11892  8677      566.4720   340      564.6619      566.8662  1147226    0.39%
  11977  8741      564.7045   216      564.6619      566.8662  1157573    0.39%
  12155  8873      565.4242   272      564.6619      566.8648  1167491    0.39%
  12297  8977      565.6483   310      564.6619      566.8643  1176948    0.39%
  12439  9090        cutoff            564.6619      566.8631  1187211    0.39%
Elapsed time = 571.91 sec. (513496.82 ticks, tree = 186.49 MB, solutions = 11)
  12567  9193      564.9332   290      564.6619      566.8627  1196749    0.39%
  12650  9259      565.7748   296      564.6619      566.8620  1207328    0.39%
  12818  9384      566.7629   330      564.6619      566.8614  1217711    0.39%
  12915  9460      565.8510   322      564.6619      566.8610  1227770    0.39%
  13057  9576      565.8494   300      564.6619      566.8576  1238221    0.39%
  13164  9671      564.9780   248      564.6619      566.8570  1248593    0.39%
  13299  9778      566.6079   330      564.6619      566.8565  1259481    0.39%
  13427  9887      565.5793   288      564.6619      566.8557  1269957    0.39%
  13529  9972      564.7180   302      564.6619      566.8548  1280699    0.39%
  13643 10068      566.1561   306      564.6619      566.8530  1291017    0.39%
Elapsed time = 612.82 sec. (551884.38 ticks, tree = 207.68 MB, solutions = 11)
  13778 10167      565.7589   316      564.6619      566.8511  1301520    0.39%
  13882 10255      564.9354   262      564.6619      566.8467  1312107    0.39%
  13979 10337      564.8702   244      564.6619      566.8460  1322397    0.39%
  14150 10451      566.4948   354      564.6619      566.8447  1332530    0.39%
* 14330 10084      integral     0      564.7179      566.8447  1339166    0.38%
  14353 10101      566.6454   342      564.7179      566.8436  1341952    0.38%
  14448 10178      565.4962   358      564.7179      566.8420  1351830    0.38%
  14632 10300      565.9930   364      564.7179      566.8415  1361233    0.38%
  14763 10386        cutoff            564.7179      566.8403  1371807    0.38%
  14966 10525      566.3239   312      564.7179      566.8394  1380846    0.38%
  15122 10642      566.2058   330      564.7179      566.8382  1391036    0.38%
Elapsed time = 655.35 sec. (590358.37 ticks, tree = 228.03 MB, solutions = 12)
  15225 10725      566.2822   292      564.7179      566.8370  1400852    0.38%
  15353 10823      565.8192   280      564.7179      566.8366  1411499    0.38%
  15559 10971      565.8185   348      564.7179      566.8341  1422180    0.37%
  15690 11068      565.8995   322      564.7179      566.8337  1432509    0.37%
  15831 11165      566.4052   344      564.7179      566.8328  1442127    0.37%
  15976 11279      566.0397   322      564.7179      566.8323  1453536    0.37%
  16094 11376      566.0313   310      564.7179      566.8318  1463781    0.37%
  16238 11487      566.0482   310      564.7179      566.8312  1474462    0.37%
  16356 11590      566.2232   272      564.7179      566.8297  1485099    0.37%
  16444 11668      565.5066   324      564.7179      566.8290  1495769    0.37%
Elapsed time = 697.37 sec. (629030.81 ticks, tree = 252.16 MB, solutions = 12)
  16646 11809      565.5507   320      564.7179      566.8288  1506013    0.37%
  16754 11899      564.9176   264      564.7179      566.8277  1516976    0.37%
  16931 12017      565.6081   334      564.7179      566.8267  1527175    0.37%
  17049 12119      565.6302   292      564.7179      566.8263  1537603    0.37%
  17194 12223      566.4367   342      564.7179      566.8253  1548520    0.37%
  17332 12325      566.2558   348      564.7179      566.8250  1559722    0.37%
  17461 12411        cutoff            564.7179      566.8250  1570335    0.37%
  17636 12534      564.8120   158      564.7179      566.8219  1580541    0.37%
  17768 12634      566.1178   314      564.7179      566.8216  1590879    0.37%
  17911 12742      566.6348   326      564.7179      566.8198  1601469    0.37%
Elapsed time = 739.97 sec. (667839.19 ticks, tree = 274.51 MB, solutions = 12)
  18081 12864      566.4492   360      564.7179      566.8178  1611845    0.37%
  18240 12979      565.4974   296      564.7179      566.8177  1621995    0.37%
  18381 13089      566.6660   346      564.7179      566.8162  1632264    0.37%
  18487 13181      566.7458   334      564.7179      566.8159  1642656    0.37%
  18681 13335      565.9317   274      564.7179      566.8156  1652896    0.37%
  18818 13437      564.8288   266      564.7179      566.8142  1663435    0.37%
  18947 13520        cutoff            564.7179      566.8137  1673587    0.37%
  19088 13648      565.1567   272      564.7179      566.8129  1684420    0.37%
  19251 13768      564.8967   272      564.7179      566.8094  1694651    0.37%
  19363 13841      565.9705   334      564.7179      566.8090  1704524    0.37%
Elapsed time = 782.16 sec. (706161.42 ticks, tree = 300.57 MB, solutions = 12)
  19445 13898      566.3234   352      564.7179      566.8084  1715339    0.37%
  19586 14003      565.7571   330      564.7179      566.8055  1725705    0.37%
  19663 14062        cutoff            564.7179      566.8054  1735828    0.37%
  19777 14160      565.9677   286      564.7179      566.8043  1745912    0.37%
  19922 14268      565.6154   336      564.7179      566.8039  1756449    0.37%
  20100 14402      564.7629   180      564.7179      566.8029  1766743    0.37%
  20275 14539      566.3944   354      564.7179      566.8024  1777193    0.37%
  20344 14593      566.4743   318      564.7179      566.8004  1787235    0.37%
  20474 14698        cutoff            564.7179      566.8000  1798130    0.37%
  20588 14786        cutoff            564.7179      566.7995  1808292    0.37%
Elapsed time = 823.27 sec. (744667.40 ticks, tree = 318.18 MB, solutions = 12)
  20757 14906      566.0180   326      564.7179      566.7985  1818728    0.37%
  20862 14994      565.6935   306      564.7179      566.7977  1829596    0.37%
  21038 15125      566.0307   320      564.7179      566.7973  1840223    0.37%
  21194 15253      565.0079   296      564.7179      566.7958  1850374    0.37%
  21334 15351      566.5439   364      564.7179      566.7944  1861333    0.37%
  21476 15479      565.8714   330      564.7179      566.7910  1871383    0.37%
  21531 15524      565.8334   284      564.7179      566.7902  1879367    0.37%
  21661 15607        cutoff            564.7179      566.7900  1889456    0.37%
  21789 15708      564.8742   192      564.7179      566.7896  1897407    0.37%
  21958 15820      566.4086   354      564.7179      566.7888  1907839    0.37%
Elapsed time = 865.09 sec. (783349.95 ticks, tree = 345.14 MB, solutions = 12)
  22100 15927      565.6555   272      564.7179      566.7884  1917860    0.37%
  22244 16031      565.1514   258      564.7179      566.7883  1927927    0.37%
  22348 16112      566.1904   336      564.7179      566.7874  1938594    0.37%
  22457 16202      566.0935   304      564.7179      566.7867  1948533    0.37%
  22609 16336      565.5908   356      564.7179      566.7853  1957719    0.37%
  22754 16443      566.2374   334      564.7179      566.7846  1968964    0.37%
  22882 16533      566.4636   340      564.7179      566.7831  1979781    0.37%
  23045 16650      566.4831   338      564.7179      566.7818  1989471    0.37%
  23153 16727      565.9987   294      564.7179      566.7814  2000039    0.37%
  23285 16830      565.9896   312      564.7179      566.7806  2010620    0.37%
Elapsed time = 906.78 sec. (821941.67 ticks, tree = 362.34 MB, solutions = 12)
  23393 16904      566.3672   324      564.7179      566.7792  2021306    0.37%
  23510 17002      564.7721   286      564.7179      566.7783  2031716    0.36%
  23610 17072      566.5322   342      564.7179      566.7776  2041647    0.36%
  23758 17195      565.0690   288      564.7179      566.7775  2052157    0.36%
  23864 17280      566.4064   336      564.7179      566.7771  2062973    0.36%
  24016 17394      565.1505   284      564.7179      566.7768  2073631    0.36%
  24137 17479      564.7864   272      564.7179      566.7762  2084213    0.36%
  24318 17600      565.3013   298      564.7179      566.7751  2094420    0.36%
  24443 17699      564.8255   179      564.7179      566.7747  2104915    0.36%
  24584 17806      564.9220   268      564.7179      566.7737  2115404    0.36%
Elapsed time = 948.46 sec. (860319.40 ticks, tree = 387.71 MB, solutions = 12)
  24712 17921      565.8176   300      564.7179      566.7733  2125822    0.36%
  24851 18023      565.2272   294      564.7179      566.7729  2136103    0.36%
  25020 18146      564.8541   270      564.7179      566.7705  2146134    0.36%
  25143 18228      564.9037   322      564.7179      566.7698  2156438    0.36%
  25268 18324      565.1244   334      564.7179      566.7688  2166902    0.36%
  25363 18401      565.4274   262      564.7179      566.7685  2176643    0.36%
  25530 18519      565.0486   266      564.7179      566.7677  2187289    0.36%
  25625 18598      565.1908   230      564.7179      566.7671  2197954    0.36%
  25792 18707      565.9931   310      564.7179      566.7657  2208141    0.36%
  25934 18826      564.7942   306      564.7179      566.7653  2218133    0.36%
Elapsed time = 990.35 sec. (898924.56 ticks, tree = 403.27 MB, solutions = 12)
  26074 18927      564.8839   302      564.7179      566.7641  2228923    0.36%
  26160 18992      565.2654   294      564.7179      566.7640  2239005    0.36%
  26294 19082      566.2346   332      564.7179      566.7631  2249756    0.36%
  26387 19160      565.9435   314      564.7179      566.7628  2260456    0.36%
  26491 19246      565.3839   288      564.7179      566.7626  2270997    0.36%
  26592 19331      565.3718   282      564.7179      566.7624  2281428    0.36%
  26706 19424      565.1979   276      564.7179      566.7623  2291920    0.36%
  26854 19543      565.5843   282      564.7179      566.7613  2302551    0.36%
  26989 19642      565.1895   290      564.7179      566.7611  2313343    0.36%
  27123 19725      565.9798   328      564.7179      566.7609  2323913    0.36%
Elapsed time = 1031.45 sec. (937366.65 ticks, tree = 420.82 MB, solutions = 12)
  27195 19784      565.3472   268      564.7179      566.7608  2334580    0.36%
  27322 19875      564.7896   245      564.7179      566.7605  2344361    0.36%
  27435 19965      566.3963   282      564.7179      566.7601  2354804    0.36%
  27573 20053      566.4993   296      564.7179      566.7592  2365263    0.36%
  27725 20162      566.4826   340      564.7179      566.7581  2375161    0.36%
  27887 20308      565.0664   116      564.7179      566.7577  2385539    0.36%
  28077 20441      565.2071   256      564.7179      566.7565  2395595    0.36%
  28231 20544      566.1889   276      564.7179      566.7556  2406421    0.36%
  28390 20669      566.3456   310      564.7179      566.7545  2417212    0.36%
  28514 20763      565.8814   252      564.7179      566.7538  2427560    0.36%
Elapsed time = 1073.52 sec. (975746.42 ticks, tree = 449.39 MB, solutions = 12)
  28684 20878      566.1746   304      564.7179      566.7534  2437769    0.36%
  28818 20977      566.0153   298      564.7179      566.7531  2447963    0.36%
  28967 21086      566.1299   336      564.7179      566.7519  2458368    0.36%
  29094 21182      566.4507   330      564.7179      566.7512  2469250    0.36%
  29232 21297      566.4326   332      564.7179      566.7505  2479590    0.36%
  29373 21396      566.5253   346      564.7179      566.7502  2490374    0.36%
  29544 21522      566.3753   354      564.7179      566.7494  2500723    0.36%
  29686 21611      566.3872   292      564.7179      566.7492  2511422    0.36%
  29851 21744      564.7574   298      564.7179      566.7483  2521173    0.36%
  29895 21783      564.8388   286      564.7179      566.7481  2530972    0.36%
Elapsed time = 1115.58 sec. (1014388.85 ticks, tree = 478.27 MB, solutions = 12)
  30000 21863      565.0123   286      564.7179      566.7476  2541302    0.36%
  30188 22028      565.3267   308      564.7179      566.7472  2551487    0.36%
  30436 22183      565.9243   278      564.7179      566.7466  2561233    0.36%
  30565 22274      566.3395   352      564.7179      566.7458  2571275    0.36%
  30685 22359      566.3178   322      564.7179      566.7456  2581803    0.36%
  30828 22471      566.3023   316      564.7179      566.7455  2592549    0.36%
  30942 22576      564.7688   247      564.7179      566.7453  2603202    0.36%
  31084 22671      566.2157   334      564.7179      566.7446  2612269    0.36%
  31254 22790      565.4370   276      564.7179      566.7444  2622336    0.36%
  31436 22944      564.8621   138      564.7179      566.7437  2632506    0.36%
Elapsed time = 1158.14 sec. (1053081.54 ticks, tree = 498.99 MB, solutions = 12)
  31583 23048      565.7404   354      564.7179      566.7431  2643379    0.36%
  31690 23144      566.2612   322      564.7179      566.7423  2654055    0.36%
  31798 23217      566.5418   324      564.7179      566.7421  2662641    0.36%
  31938 23317      564.9160   286      564.7179      566.7416  2673746    0.36%
  32098 23431      565.8533   340      564.7179      566.7413  2684329    0.36%
  32246 23543        cutoff            564.7179      566.7410  2695361    0.36%
  32342 23621      564.9398   274      564.7179      566.7403  2705715    0.36%
  32524 23774      564.7544   252      564.7179      566.7398  2716173    0.36%
  32667 23857      565.0077   280      564.7179      566.7387  2726342    0.36%
  32859 23985      565.4651   324      564.7179      566.7378  2736831    0.36%
Elapsed time = 1200.16 sec. (1091383.06 ticks, tree = 515.30 MB, solutions = 12)
  32948 24051      565.2783   328      564.7179      566.7362  2747072    0.36%
  33110 24150        cutoff            564.7179      566.7360  2755921    0.36%
  33241 24257      564.8933   266      564.7179      566.7349  2766551    0.36%
  33392 24370      565.0557   236      564.7179      566.7331  2776741    0.36%
  33494 24456      565.0442   256      564.7179      566.7328  2787016    0.36%
  33691 24611        cutoff            564.7179      566.7320  2797263    0.36%
  33784 24674      565.2219   262      564.7179      566.7312  2807498    0.36%
  33965 24817      566.4007   312      564.7179      566.7301  2818682    0.36%
  34079 24889      564.8108   268      564.7179      566.7297  2828883    0.36%
  34247 25013      564.7482   266      564.7179      566.7289  2838877    0.36%
Elapsed time = 1242.07 sec. (1129953.56 ticks, tree = 539.30 MB, solutions = 12)
  34389 25109      564.9028   296      564.7179      566.7284  2849530    0.36%
  34477 25176      565.8950   298      564.7179      566.7280  2859887    0.36%
  34673 25298      565.1904   324      564.7179      566.7270  2870125    0.36%
  34883 25449      566.2088   344      564.7179      566.7266  2880749    0.36%
  35017 25536      566.5137   312      564.7179      566.7264  2891234    0.36%
  35146 25639      565.7294   298      564.7179      566.7259  2901809    0.36%
  35220 25698      566.5353   322      564.7179      566.7252  2911055    0.36%
  35394 25818      565.8099   302      564.7179      566.7244  2919744    0.36%
  35495 25890      565.0091   242      564.7179      566.7232  2929981    0.36%
  35676 26013      565.7412   284      564.7179      566.7225  2939898    0.35%
Elapsed time = 1284.01 sec. (1168521.68 ticks, tree = 562.51 MB, solutions = 12)
  35839 26153      566.0832   298      564.7179      566.7223  2949149    0.35%
  35989 26274      564.7989   250      564.7179      566.7219  2959467    0.35%
  36136 26378      565.8248   298      564.7179      566.7212  2969223    0.35%
  36260 26478      565.5441   326      564.7179      566.7212  2980039    0.35%
  36334 26538      566.3019   332      564.7179      566.7205  2989854    0.35%
  36471 26651      564.8025   160      564.7179      566.7204  3000312    0.35%
  36600 26750      565.0194   304      564.7179      566.7201  3010239    0.35%
  36760 26865      565.5127   244      564.7179      566.7193  3020763    0.35%
  36911 26986      566.0410   286      564.7179      566.7186  3031505    0.35%
  37082 27109      565.5923   310      564.7179      566.7184  3041992    0.35%
Elapsed time = 1326.04 sec. (1206938.89 ticks, tree = 583.66 MB, solutions = 12)
  37194 27178      565.7182   306      564.7179      566.7181  3052194    0.35%
  37380 27322      566.6522   324      564.7179      566.7178  3062608    0.35%
  37504 27408      564.7961   250      564.7179      566.7177  3073672    0.35%
  37626 27506      565.9959   292      564.7179      566.7170  3084195    0.35%
  37727 27589      565.1430   274      564.7179      566.7168  3094784    0.35%
  37910 27735      566.3619   328      564.7179      566.7168  3105042    0.35%
  37970 27791      565.5831   304      564.7179      566.7167  3114894    0.35%
  38078 27865      565.8659   298      564.7179      566.7164  3125281    0.35%
  38179 27949      566.1011   286      564.7179      566.7162  3136137    0.35%
  38345 28061      566.3953   350      564.7179      566.7149  3146894    0.35%
Elapsed time = 1367.40 sec. (1245473.01 ticks, tree = 604.57 MB, solutions = 12)
  38468 28147      566.2635   308      564.7179      566.7149  3157609    0.35%
  38618 28259      566.0414   306      564.7179      566.7146  3167818    0.35%
  38729 28343      566.1928   314      564.7179      566.7144  3178277    0.35%
  38878 28456      566.4988   328      564.7179      566.7142  3188988    0.35%
  39017 28562      564.9770   260      564.7179      566.7139  3199678    0.35%
  39163 28671      564.7478   260      564.7179      566.7133  3210320    0.35%
  39267 28758      565.1359   226      564.7179      566.7128  3221114    0.35%
  39412 28859      564.7305   244      564.7179      566.7123  3230915    0.35%
  39616 28990      566.3615   328      564.7179      566.7118  3240792    0.35%
  39732 29071      566.3456   348      564.7179      566.7116  3251366    0.35%
Elapsed time = 1409.30 sec. (1284028.75 ticks, tree = 617.88 MB, solutions = 12)
  39884 29183      564.8258   172      564.7179      566.7100  3262124    0.35%
  40016 29288      566.3574   346      564.7179      566.7089  3272814    0.35%

Performing restart 2

Repeating presolve.
Tried aggregator 1 time.
MIP Presolve modified 70 coefficients.
Reduced MIP has 1549 rows, 2381 columns, and 13142 nonzeros.
Reduced MIP has 592 binaries, 589 generals, 0 SOSs, and 0 indicators.
Presolve time = 0.00 sec. (2.97 ticks)
Tried aggregator 1 time.
Reduced MIP has 1549 rows, 2381 columns, and 13142 nonzeros.
Reduced MIP has 592 binaries, 589 generals, 0 SOSs, and 0 indicators.
Presolve time = 0.00 sec. (2.94 ticks)
Represolve time = 0.17 sec. (50.58 ticks)
  40022     0      567.4345   338      564.7179    MIRcuts: 4  3277842    0.35%
  40022     0      567.4326   332      564.7179       Cuts: 4  3277861    0.35%
  40022     0      567.4306   326      564.7179    MIRcuts: 4  3277890    0.35%
  40022     0      567.4303   328      564.7179    MIRcuts: 5  3277908    0.35%
  40022     0      567.4302   320      564.7179    MIRcuts: 2  3277911    0.35%
  40022     0      567.4302   336      564.7179    MIRcuts: 1  3277917    0.35%
  40022     0      567.4301   318      564.7179    MIRcuts: 1  3277926    0.35%
  40022     0      567.4301   330      564.7179    MIRcuts: 1  3277927    0.35%
  40022     0      567.4301   318      564.7179    MIRcuts: 1  3277931    0.35%
  40022     0      567.4300   324      564.7179    MIRcuts: 2  3277937    0.35%
  40022     0      567.4239   336      564.7179       Cuts: 8  3277993    0.35%
  40022     2      567.4239   336      564.7179      566.7089  3277993    0.35%
  40027     7      567.3119   266      564.7179      566.7089  3278833    0.35%
  40043    23      567.0449   202      564.7179      566.7089  3280489    0.35%
  40130   106      567.2955   298      564.7179      566.7089  3283313    0.35%
  40200   176      565.5282   152      564.7179      566.7089  3289207    0.35%
  40402   353      566.5504   272      564.7179      566.7089  3299609    0.35%
  40662   584      566.1814   210      564.7179      566.7089  3314114    0.35%
  41022   896      564.7601    72      564.7179      566.7089  3332958    0.35%
Elapsed time = 1450.75 sec. (1324648.40 ticks, tree = 1.95 MB, solutions = 12)
  41462  1292      565.4190   178      564.7179      566.7089  3355967    0.35%
  41872  1662      566.3233   240      564.7179      566.7089  3373120    0.35%
  42237  1953      565.5631   154      564.7179      566.7089  3394893    0.35%
  42659  2297      567.1179   278      564.7179      566.7089  3416957    0.35%
  43006  2577      565.0787   238      564.7179      566.7089  3439962    0.35%
  43502  2980      566.6760   296      564.7179      566.7089  3458207    0.35%
  43790  3209      565.9185   264      564.7179      566.7089  3480976    0.35%
  44162  3498      566.7750   286      564.7179      566.7089  3502725    0.35%
  44482  3771      566.6497   250      564.7179      566.7089  3520516    0.35%
  44899  4097      567.0492   304      564.7179      566.7089  3539373    0.35%
Elapsed time = 1500.45 sec. (1362991.97 ticks, tree = 8.75 MB, solutions = 12)
  45152  4291      567.0515   280      564.7179      566.7089  3560880    0.35%
  45493  4568      566.2803   250      564.7179      566.7089  3582000    0.35%
  45827  4846      565.4168   224      564.7179      566.7089  3601689    0.35%
  46156  5102      566.7337   290      564.7179      566.7089  3622400    0.35%
  46461  5340      566.0847   248      564.7179      566.7089  3643619    0.35%
  46825  5628      564.8160   244      564.7179      566.7089  3663145    0.35%
  47228  5975      565.4859   248      564.7179      566.7089  3680876    0.35%
  47612  6271      565.0148   232      564.7179      566.7089  3702755    0.35%
  47962  6549      566.5173   280      564.7179      566.7089  3724104    0.35%
  48282  6813      566.9943   270      564.7179      566.7089  3741187    0.35%
Elapsed time = 1547.27 sec. (1401279.87 ticks, tree = 14.62 MB, solutions = 12)
  48520  7034      566.2649   234      564.7179      566.7089  3754251    0.35%
  48757  7229      565.3680   228      564.7179      566.7089  3767622    0.35%
  48966  7384      567.1166   288      564.7179      566.7089  3781890    0.35%
  49155  7536      566.5946   234      564.7179      566.7089  3796148    0.35%
  49400  7710      565.1952   220      564.7179      566.7089  3810074    0.35%
  49615  7877      566.8097   256      564.7179      566.7089  3823883    0.35%
  49902  8137      566.5354   266      564.7179      566.7089  3837256    0.35%
  50195  8380      566.7675   310      564.7179      566.7089  3851495    0.35%
  50375  8502      565.4131   294      564.7179      566.7089  3866563    0.35%
  50512  8607      566.7379   286      564.7179      566.7089  3881497    0.35%
Elapsed time = 1587.25 sec. (1439823.48 ticks, tree = 18.95 MB, solutions = 12)
  50669  8721      565.7257   282      564.7179      566.7089  3896517    0.35%
  50817  8835        cutoff            564.7179      566.7089  3910734    0.35%
  51069  9039      566.0749   252      564.7179      566.7089  3923020    0.35%
  51275  9175      566.6944   274      564.7179      566.7089  3937021    0.35%
  51434  9296      566.4597   290      564.7179      566.7089  3952310    0.35%
  51600  9413      565.9388   286      564.7179      566.7089  3967183    0.35%
  51785  9556      566.7927   274      564.7179      566.7089  3980621    0.35%
  51981  9680      564.8748   258      564.7179      566.7089  3994537    0.35%
  52132  9792      566.6114   304      564.7179      566.7089  4009203    0.35%
  52338  9940      566.2022   250      564.7179      566.7089  4023850    0.35%
Elapsed time = 1625.03 sec. (1478266.84 ticks, tree = 22.12 MB, solutions = 12)
  52504 10062      567.0157   272      564.7179      566.7089  4038278    0.35%
  52649 10174      564.8097   214      564.7179      566.7089  4053433    0.35%
  52815 10293      565.5409   252      564.7179      566.7089  4068559    0.35%
  53022 10427      566.3465   270      564.7179      566.7089  4081040    0.35%
  53272 10655      566.5273   280      564.7179      566.7089  4093966    0.35%
  53408 10756      565.1683   246      564.7179      566.7089  4108752    0.35%
  53563 10863      566.9123   306      564.7179      566.7089  4124346    0.35%
  53722 10972      566.0591   270      564.7179      566.7089  4139270    0.35%
  53867 11088        cutoff            564.7179      566.7089  4154848    0.35%
  54068 11228      565.9334   220      564.7179      566.7089  4167187    0.35%
Elapsed time = 1662.06 sec. (1516579.53 ticks, tree = 25.04 MB, solutions = 12)
  54288 11420      564.7321   246      564.7179      566.7089  4180567    0.35%
  54439 11538      565.0343   180      564.7179      566.7089  4195536    0.35%
  54646 11673      566.9834   302      564.7179      566.7089  4210182    0.35%
  54792 11789      565.6002   272      564.7179      566.7089  4224791    0.35%
  54944 11892      566.6486   314      564.7179      566.7089  4240221    0.35%
  55236 12128      564.8848   162      564.7179      566.7089  4251602    0.35%
  55427 12255      565.4988   280      564.7179      566.7089  4266756    0.35%
  55621 12402      565.1125   256      564.7179      566.7089  4281165    0.35%
  55820 12531        cutoff            564.7179      566.7089  4294976    0.35%
  55989 12640      565.0153   260      564.7179      566.7089  4308875    0.35%
Elapsed time = 1700.21 sec. (1554973.82 ticks, tree = 28.32 MB, solutions = 12)
  56179 12781      565.0346   136      564.7179      566.7089  4323429    0.35%
  56433 12997      566.1853   294      564.7179      566.7089  4336603    0.35%
  56597 13118      566.3685   302      564.7179      566.7089  4351959    0.35%
  56742 13226      565.4517   174      564.7179      566.7089  4367691    0.35%
  56909 13347      566.9094   282      564.7179      566.7089  4382365    0.35%
  57119 13484      566.3768   264      564.7179      566.7089  4396297    0.35%
  57263 13616      564.8872   162      564.7179      566.7089  4411177    0.35%
  57421 13729      565.8830   256      564.7179      566.7089  4426616    0.35%
  57628 13882      566.5274   314      564.7179      566.7089  4441399    0.35%
  57822 14025      564.9173   258      564.7179      566.7089  4455482    0.35%
Elapsed time = 1737.98 sec. (1593291.44 ticks, tree = 31.31 MB, solutions = 12)
  57976 14141      565.9310   260      564.7179      566.7089  4471211    0.35%
  58142 14279      564.9868   202      564.7179      566.7089  4486289    0.35%
  58419 14526      564.8380   236      564.7179      566.7089  4499458    0.35%
  58577 14638      565.0336   202      564.7179      566.7089  4514848    0.35%
  58793 14785      565.9939   272      564.7179      566.7089  4529153    0.35%
  58952 14914      564.9291   186      564.7179      566.7089  4543833    0.35%
  59130 15032      565.4034   240      564.7179      566.7089  4557961    0.35%
  59317 15157      566.6536   262      564.7179      566.7089  4572447    0.35%
  59550 15376      565.9047   160      564.7179      566.7089  4586166    0.35%
  59721 15511      566.4234   266      564.7179      566.7089  4600961    0.35%
Elapsed time = 1776.14 sec. (1631547.76 ticks, tree = 34.52 MB, solutions = 12)
  59915 15663      566.6950   256      564.7179      566.7089  4615620    0.35%
  60048 15760      564.7559   246      564.7179      566.7089  4630058    0.35%
  60208 15867      566.7271   270      564.7179      566.7089  4645197    0.35%
  60382 16017      566.3491   212      564.7179      566.7089  4658824    0.35%
  60602 16201      565.2515   224      564.7179      566.7089  4673107    0.35%
  60792 16333      566.9031   284      564.7179      566.7089  4687529    0.35%
  60974 16463      564.9225   250      564.7179      566.7089  4702322    0.35%
  61132 16581      566.4273   282      564.7179      566.7089  4717607    0.35%
  61266 16686      566.6887   272      564.7179      566.7089  4732241    0.35%
  61524 16909      566.1341   260      564.7179      566.7089  4744796    0.35%
Elapsed time = 1814.17 sec. (1670024.11 ticks, tree = 38.14 MB, solutions = 12)
  61715 17049      565.7336   166      564.7179      566.7089  4759071    0.35%
  61962 17228      564.8241   208      564.7179      566.7089  4772765    0.35%
  62152 17380      565.2861   266      564.7179      566.7089  4786877    0.35%
  62317 17495      566.0026   258      564.7179      566.7089  4801854    0.35%
  62509 17633      564.8231   184      564.7179      566.7089  4815313    0.35%
  62689 17765      564.8333   234      564.7179      566.7089  4829972    0.35%
  62876 17896      566.1056   238      564.7179      566.7089  4843533    0.35%
  63067 18037      565.5899   254      564.7179      566.7089  4858767    0.35%
  63250 18161      566.9725   284      564.7179      566.7089  4873977    0.35%
  63419 18295      566.8296   288      564.7179      566.7089  4888642    0.35%
Elapsed time = 1852.66 sec. (1708388.86 ticks, tree = 41.17 MB, solutions = 12)
  63610 18463      565.2896   158      564.7179      566.7089  4902453    0.35%
  63783 18608      567.0563   298      564.7179      566.7089  4916807    0.35%
  63939 18723      564.9974   216      564.7179      566.7089  4932380    0.35%
  64102 18850        cutoff            564.7179      566.7089  4947648    0.35%
  64294 18993      566.5460   274      564.7179      566.7089  4961195    0.35%
  64448 19119      565.4026   204      564.7179      566.7089  4976150    0.35%
  64704 19325      565.1113   110      564.7179      566.7089  4988355    0.35%
  64902 19494      565.9622   304      564.7179      566.7089  5003667    0.35%
  65045 19602      565.5355   234      564.7179      566.7089  5019062    0.35%
  65192 19722      565.3549   262      564.7179      566.7089  5034938    0.35%
Elapsed time = 1890.50 sec. (1746676.74 ticks, tree = 44.31 MB, solutions = 12)
  65373 19854      566.3423   270      564.7179      566.7089  5049459    0.35%
  65537 19982      566.7617   270      564.7179      566.7089  5063873    0.35%
  65785 20210      564.7755   262      564.7179      566.7089  5076020    0.35%
  65987 20378      566.6191   292      564.7179      566.7089  5090820    0.35%
  66138 20492      564.8628   216      564.7179      566.7089  5104830    0.35%
  66349 20655      564.8299   156      564.7179      566.7089  5118828    0.35%
  66547 20787      565.5359   212      564.7179      566.7089  5132814    0.35%
  66694 20889      566.4539   246      564.7179      566.7089  5148340    0.35%
  66945 21106      565.7039   274      564.7179      566.7089  5160601    0.35%
  67144 21251      565.9621   230      564.7179      566.7089  5175134    0.35%
Elapsed time = 1928.67 sec. (1784927.62 ticks, tree = 47.60 MB, solutions = 12)
  67332 21406      564.7868   202      564.7179      566.7089  5188699    0.35%
  67501 21527      565.9114   264      564.7179      566.7089  5203785    0.35%
  67679 21652      566.6313   276      564.7179      566.7089  5218193    0.35%
  67835 21766      566.8427   302      564.7179      566.7089  5233415    0.35%
  68047 21939      566.8334   288      564.7179      566.7089  5247991    0.35%
  68195 22055      566.0952   248      564.7179      566.7089  5263268    0.35%
  68390 22199      566.6881   280      564.7179      566.7089  5277347    0.35%
  68562 22352      564.7602   136      564.7179      566.7089  5291013    0.35%
  68732 22485      566.4935   276      564.7179      566.7089  5306224    0.35%
  68901 22612      566.7119   282      564.7179      566.7089  5321785    0.35%
Elapsed time = 1965.87 sec. (1823265.48 ticks, tree = 50.65 MB, solutions = 12)
  69165 22863      564.9071   230      564.7179      566.7089  5334140    0.35%
  69339 22988      564.7514   136      564.7179      566.7089  5348801    0.35%
  69484 23108      566.5754   292      564.7179      566.7089  5364343    0.35%
  69650 23254      565.3895   168      564.7179      566.7089  5379093    0.35%
  69810 23376      564.8039   250      564.7179      566.7089  5393827    0.35%
  70002 23519      566.7312   276      564.7179      566.7089  5408099    0.35%
  70278 23776      565.0628   258      564.7179      566.7089  5421357    0.35%
  70452 23909      566.1334   240      564.7179      566.7089  5436099    0.35%
  70638 24048      566.8419   282      564.7179      566.7089  5450506    0.35%
  70812 24163      566.8635   284      564.7179      566.7089  5465238    0.35%
Elapsed time = 2003.87 sec. (1861480.17 ticks, tree = 54.02 MB, solutions = 12)
  71010 24306      566.8004   248      564.7179      566.7089  5479187    0.35%
  71184 24444      566.1214   204      564.7179      566.7089  5493800    0.35%
  71445 24661      566.0324   242      564.7179      566.7089  5507391    0.35%
  71628 24793      565.0269   238      564.7179      566.7089  5521698    0.35%
  71813 24929      564.8434   270      564.7179      566.7089  5536063    0.35%
  72011 25082      564.7951   154      564.7179      566.7089  5550646    0.35%
  72152 25185      565.9910   240      564.7179      566.7089  5566226    0.35%
  72414 25411      565.6510   248      564.7179      566.7089  5578865    0.35%
  72577 25526      564.9844   252      564.7179      566.7089  5594356    0.35%
  72734 25650      566.3408   302      564.7179      566.7089  5609316    0.35%
Elapsed time = 2041.70 sec. (1899792.77 ticks, tree = 57.23 MB, solutions = 12)
  72888 25779      566.0213   208      564.7179      566.7089  5624197    0.35%
  73085 25916      566.8699   308      564.7179      566.7089  5637905    0.35%
  73235 26032      564.7345   226      564.7179      566.7089  5651653    0.35%
  73420 26164      564.7279   208      564.7179      566.7089  5666075    0.35%
  73568 26280      566.3209   220      564.7179      566.7089  5681027    0.35%
  73819 26433      565.6409   264      564.7179      566.7089  5694359    0.35%
  74028 26583        cutoff            564.7179      566.7089  5708028    0.35%
  74208 26721      566.1720   180      564.7179      566.7089  5722583    0.35%
  74477 26938      566.7649   284      564.7179      566.7089  5736107    0.35%
  74653 27062      566.1315   266      564.7179      566.7089  5750114    0.35%
Elapsed time = 2079.42 sec. (1938058.87 ticks, tree = 60.33 MB, solutions = 12)
  74837 27198      564.7855   226      564.7179      566.7089  5764184    0.35%
  75058 27369      564.8591   218      564.7179      566.7089  5777520    0.35%
  75230 27494      566.2080   268      564.7179      566.7089  5791767    0.35%
  75457 27657      566.4639   272      564.7179      566.7089  5805901    0.35%
  75663 27852      565.4479   238      564.7179      566.7089  5820160    0.35%
  75836 27989      566.3091   276      564.7179      566.7089  5834247    0.35%
  76081 28177      564.7669   140      564.7179      566.7089  5847792    0.35%
  76284 28324      565.5957   234      564.7179      566.7089  5862044    0.35%
  76472 28468      566.6399   288      564.7179      566.7089  5875473    0.35%
  76726 28678      566.0896   176      564.7179      566.7089  5887905    0.35%
Elapsed time = 2118.12 sec. (1976393.28 ticks, tree = 63.83 MB, solutions = 12)
  76975 28901      564.7837   140      564.7179      566.7089  5902003    0.35%
  77143 29032      564.7194   234      564.7179      566.7089  5916869    0.35%
  77338 29205      564.8168   242      564.7179      566.7089  5932180    0.35%
  77510 29347      564.9093   136      564.7179      566.7089  5947138    0.35%
  77691 29475      565.7290   260      564.7179      566.7089  5961522    0.35%
  77926 29677      565.6745   174      564.7179      566.7089  5974417    0.35%
  78140 29860      564.9453   228      564.7179      566.7089  5987736    0.35%
  78344 30009      565.4955   252      564.7179      566.7089  6002593    0.35%
  78493 30135      565.2113   216      564.7179      566.7089  6017907    0.35%
  78682 30272      566.5100   302      564.7179      566.7089  6031614    0.35%
Elapsed time = 2156.71 sec. (2014761.44 ticks, tree = 67.27 MB, solutions = 12)
  78843 30402      565.1459   230      564.7179      566.7089  6046462    0.35%
  79022 30548      564.9289   152      564.7179      566.7089  6061144    0.35%
  79205 30681      564.8612   236      564.7179      566.7089  6075533    0.35%
  79393 30815      564.9302   222      564.7179      566.7089  6090191    0.35%
  79571 30946      566.7249   298      564.7179      566.7089  6104278    0.35%
  79742 31073      566.7535   300      564.7179      566.7089  6118490    0.35%
  79895 31202      564.7374   128      564.7179      566.7089  6133534    0.35%
  80073 31339      566.1279   242      564.7179      566.7089  6146175    0.35%
  80315 31565      564.7285   178      564.7179      566.7089  6160013    0.35%
  80463 31676      566.6135   252      564.7179      566.7089  6174882    0.35%
Elapsed time = 2193.99 sec. (2053029.19 ticks, tree = 70.35 MB, solutions = 12)
  80659 31810      566.4487   290      564.7179      566.7089  6189450    0.35%
  80839 31965      564.7372   180      564.7179      566.7089  6204003    0.35%
  80990 32084      566.1512   248      564.7179      566.7089  6219066    0.35%
  81206 32234      566.2124   174      564.7179      566.7089  6232064    0.35%
  81396 32409      564.9613   218      564.7179      566.7089  6247412    0.35%
  81577 32545      566.3582   264      564.7179      566.7089  6262152    0.35%
  81719 32655      566.3971   280      564.7179      566.7089  6277287    0.35%
  81901 32796      564.8930   184      564.7179      566.7089  6292175    0.35%
  82078 32920        cutoff            564.7179      566.7089  6306630    0.35%
  82321 33138      566.3821   258      564.7179      566.7089  6319892    0.35%
Elapsed time = 2231.71 sec. (2091301.98 ticks, tree = 74.87 MB, solutions = 12)
  82477 33266      566.6306   260      564.7179      566.7089  6334788    0.35%
  82670 33403      566.6888   286      564.7179      566.7089  6350158    0.35%
  82836 33536      565.2578   172      564.7179      566.7089  6364287    0.35%
  83026 33662      566.3170   292      564.7179      566.7089  6379351    0.35%
  83315 33911      566.0456   228      564.7179      566.7089  6392436    0.35%
  83520 34073      564.8046   204      564.7179      566.7089  6407007    0.35%
  83724 34228      564.7935   212      564.7179      566.7089  6420321    0.35%
  83930 34394      566.7801   276      564.7179      566.7089  6434557    0.35%
  84122 34531      566.0976   264      564.7179      566.7089  6448005    0.35%
  84306 34672      565.1455   240      564.7179      566.7089  6462806    0.35%
Elapsed time = 2269.99 sec. (2129617.61 ticks, tree = 78.32 MB, solutions = 12)
  84493 34828      565.1448   242      564.7179      566.7089  6476885    0.35%
  84663 34964      566.6390   286      564.7179      566.7089  6491367    0.35%
  84818 35090      566.6448   282      564.7179      566.7089  6506365    0.35%
  84989 35224      566.7853   286      564.7179      566.7089  6520948    0.35%
  85161 35367      564.8101   164      564.7179      566.7089  6536191    0.35%
  85362 35516      566.3848   230      564.7179      566.7089  6548939    0.35%
  85616 35735      565.7502   264      564.7179      566.7089  6562516    0.35%
  85791 35870      566.1262   262      564.7179      566.7089  6577319    0.35%
  85955 35999      566.4235   274      564.7179      566.7089  6591624    0.35%
  86145 36159      564.7848   194      564.7179      566.7089  6606022    0.35%
Elapsed time = 2307.91 sec. (2167952.87 ticks, tree = 81.48 MB, solutions = 12)
  86309 36290      565.6039   274      564.7179      566.7089  6621156    0.35%
  86514 36477      565.5305   138      564.7179      566.7089  6633577    0.35%
  86691 36616      566.6765   272      564.7179      566.7089  6648669    0.35%
  86871 36759      566.2815   276      564.7179      566.7089  6662801    0.35%
  87090 36933      566.6971   298      564.7179      566.7089  6676905    0.35%
  87288 37090      566.7516   286      564.7179      566.7089  6690513    0.35%
  87491 37241      566.8350   294      564.7179      566.7089  6704122    0.35%
  87692 37408      566.1388   242      564.7179      566.7089  6718129    0.35%
  87940 37638      566.0907   254      564.7179      566.7089  6731848    0.35%
  88152 37790      564.9000   220      564.7179      566.7089  6745846    0.35%
Elapsed time = 2346.65 sec. (2206314.24 ticks, tree = 84.98 MB, solutions = 12)
  88326 37925      566.1463   270      564.7179      566.7089  6760360    0.35%
  88579 38105      566.8848   310      564.7179      566.7089  6773254    0.35%
  88742 38240      566.8227   274      564.7179      566.7089  6788521    0.35%
  88931 38390      566.4696   296      564.7179      566.7089  6803866    0.35%
  89131 38566      566.5499   302      564.7179      566.7089  6817586    0.35%
  89308 38705      566.0886   286      564.7179      566.7089  6831458    0.35%
  89470 38830      565.2701   214      564.7179      566.7089  6846563    0.35%
  89671 38974      566.8121   282      564.7179      566.7089  6860233    0.35%
  89846 39112      565.9481   222      564.7179      566.7089  6874646    0.35%
  90030 39252      566.3974   272      564.7179      566.7089  6889816    0.35%
Elapsed time = 2384.63 sec. (2244653.67 ticks, tree = 88.19 MB, solutions = 12)
  90211 39389      565.3894   242      564.7179      566.7089  6904246    0.35%
  90379 39522      566.4377   244      564.7179      566.7089  6919040    0.35%
  90562 39666      566.6072   260      564.7179      566.7089  6933202    0.35%
  90762 39815      566.4956   278      564.7179      566.7089  6947821    0.35%
  90916 39925      565.1316   214      564.7179      566.7089  6962939    0.35%
  91182 40155      566.2061   248      564.7179      566.7089  6975644    0.35%
  91393 40301      565.0022   216      564.7179      566.7089  6988813    0.35%
  91547 40414      566.2500   278      564.7179      566.7089  7004159    0.35%
  91761 40578      566.5552   264      564.7179      566.7089  7017629    0.35%
  91920 40722      565.8222   260      564.7179      566.7089  7033114    0.35%
Elapsed time = 2422.84 sec. (2283030.28 ticks, tree = 91.33 MB, solutions = 12)
  92116 40878      565.0407   200      564.7179      566.7089  7047369    0.35%
  92363 41088      565.8199   158      564.7179      566.7089  7060382    0.35%
  92548 41239      565.3387   242      564.7179      566.7089  7075131    0.35%
  92734 41385      566.4804   238      564.7179      566.7089  7089026    0.35%
  92903 41507      566.7397   302      564.7179      566.7089  7103278    0.35%
  93106 41668      565.6610   230      564.7179      566.7089  7116755    0.35%
  93253 41796      565.5260   222      564.7179      566.7089  7131162    0.35%
  93556 42054      566.7748   308      564.7179      566.7089  7143328    0.35%
  93733 42190      566.8345   276      564.7179      566.7089  7157658    0.35%
  93893 42319      566.6188   240      564.7179      566.7089  7171989    0.35%
Elapsed time = 2461.78 sec. (2321436.70 ticks, tree = 94.74 MB, solutions = 12)
  94075 42456      565.4549   250      564.7179      566.7089  7186411    0.35%
  94261 42601      564.7872   208      564.7179      566.7089  7200572    0.35%
  94422 42733      565.4845   232      564.7179      566.7089  7215211    0.35%
  94694 42978      566.5933   280      564.7179      566.7089  7228198    0.35%
  94830 43094      566.4084   278      564.7179      566.7089  7243993    0.35%
  95001 43237      566.0317   252      564.7179      566.7089  7258822    0.35%
  95184 43377      565.0111   196      564.7179      566.7089  7273129    0.35%
  95372 43502      565.4673   244      564.7179      566.7089  7286082    0.35%
  95565 43650      566.2786   250      564.7179      566.7089  7300248    0.35%
  95762 43791      566.1304   240      564.7179      566.7089  7313260    0.35%
Elapsed time = 2500.13 sec. (2359839.49 ticks, tree = 97.88 MB, solutions = 12)
  95967 43927      565.1612   246      564.7179      566.7089  7327819    0.35%
  96120 44058      566.1400   258      564.7179      566.7089  7343026    0.35%
  96292 44187      566.6782   266      564.7179      566.7089  7357502    0.35%
  96469 44319      564.7475   196      564.7179      566.7089  7371446    0.35%
  96735 44559      566.5563   254      564.7179      566.7089  7384691    0.35%
  96889 44693      566.7224   266      564.7179      566.7089  7400219    0.35%
  97066 44825      566.6783   298      564.7179      566.7089  7415296    0.35%
  97222 44954      565.8041   220      564.7179      566.7089  7430463    0.35%
  97427 45107      564.7707   212      564.7179      566.7089  7444918    0.35%
  97622 45259      564.7435   234      564.7179      566.7089  7459281    0.35%
Elapsed time = 2537.83 sec. (2398257.28 ticks, tree = 101.00 MB, solutions = 12)
  97859 45476      566.0815   232      564.7179      566.7089  7472665    0.35%
  98036 45630      566.6387   262      564.7179      566.7089  7487076    0.35%
  98299 45816      566.3979   276      564.7179      566.7089  7499956    0.35%
  98493 45961      566.5422   286      564.7179      566.7089  7513718    0.35%
  98670 46095      565.9114   218      564.7179      566.7089  7528866    0.35%
  98860 46239      564.8425   236      564.7179      566.7089  7543473    0.35%
  99110 46466      565.8873   228      564.7179      566.7089  7555980    0.35%
  99292 46593      566.1673   252      564.7179      566.7089  7569252    0.35%
  99453 46720      565.7369   232      564.7179      566.7089  7584678    0.35%
  99658 46869      566.5669   262      564.7179      566.7089  7598569    0.35%
Elapsed time = 2576.32 sec. (2436596.63 ticks, tree = 104.48 MB, solutions = 12)
  99848 47009      566.7429   288      564.7179      566.7089  7613793    0.35%
 100008 47145      565.6319   238      564.7179      566.7089  7627929    0.35%
 100305 47391      566.2242   260      564.7179      566.7089  7639270    0.35%
 100485 47530      564.8903   200      564.7179      566.7089  7652879    0.35%
 100707 47687      564.8611   220      564.7179      566.7089  7666300    0.35%
 100876 47819      566.6128   256      564.7179      566.7089  7681205    0.35%
 101095 47987      566.1670   260      564.7179      566.7089  7694839    0.35%
 101283 48136      565.9182   238      564.7179      566.7089  7709184    0.35%
 101462 48285      564.7750   220      564.7179      566.7089  7723855    0.35%
 101631 48420      565.7813   244      564.7179      566.7089  7738122    0.35%
Elapsed time = 2614.64 sec. (2474867.32 ticks, tree = 107.90 MB, solutions = 12)
 101820 48568      564.8979   194      564.7179      566.7089  7752738    0.35%
 102076 48732      566.7584   264      564.7179      566.7089  7766122    0.35%
 102285 48900      566.7638   270      564.7179      566.7089  7779874    0.35%
 102502 49053      565.2065   216      564.7179      566.7089  7793814    0.35%
 102777 49277      566.1153   252      564.7179      566.7089  7805988    0.35%
 102983 49441        cutoff            564.7179      566.7089  7819437    0.35%
 103157 49577      566.4264   286      564.7179      566.7089  7834462    0.35%
 103317 49709      566.6067   270      564.7179      566.7089  7847876    0.35%
 103517 49862      566.7956   288      564.7179      566.7089  7862393    0.35%
 103681 50000      566.4476   286      564.7179      566.7089  7877023    0.35%
Elapsed time = 2654.00 sec. (2513155.81 ticks, tree = 111.33 MB, solutions = 12)
 103957 50254      564.9537    98      564.7179      566.7089  7889109    0.35%
 104161 50409      566.3698   296      564.7179      566.7089  7903475    0.35%
 104339 50562      565.5121   232      564.7179      566.7089  7917425    0.35%
 104482 50673      566.5951   302      564.7179      566.7089  7931708    0.35%
 104670 50818      566.7723   262      564.7179      566.7089  7945989    0.35%
 104831 50947      565.6905   224      564.7179      566.7089  7961103    0.35%
 105115 51190      566.3218   272      564.7179      566.7089  7973615    0.35%
 105294 51333      565.2213   218      564.7179      566.7089  7987675    0.35%
 105512 51492      566.6711   278      564.7179      566.7089  8001173    0.35%
 105642 51607      564.8814   220      564.7179      566.7089  8015956    0.35%
Elapsed time = 2692.74 sec. (2551399.27 ticks, tree = 114.86 MB, solutions = 12)
 105826 51755      566.3228   240      564.7179      566.7089  8030028    0.35%
 106025 51913      565.8782   246      564.7179      566.7089  8044336    0.35%
 106304 52143      566.5181   270      564.7179      566.7089  8056553    0.35%
 106462 52269      566.5573   252      564.7179      566.7089  8071486    0.35%
 106651 52412      565.1384   220      564.7179      566.7089  8085861    0.35%
 106829 52537      566.7797   294      564.7179      566.7089  8100278    0.35%
 107003 52668      564.8278   210      564.7179      566.7089  8114900    0.35%
 107159 52794        cutoff            564.7179      566.7089  8129433    0.35%
 107378 52947      564.7598   190      564.7179      566.7089  8138775    0.35%
 107564 53096      565.5715   250      564.7179      566.7089  8149322    0.35%
Elapsed time = 2731.32 sec. (2589669.39 ticks, tree = 121.11 MB, solutions = 12)
 107790 53261      565.6436   282      564.7179      566.7089  8159684    0.35%
 107988 53418      566.7633   296      564.7179      566.7089  8170388    0.35%
 108181 53579      565.9883   244      564.7179      566.7089  8181058    0.35%
 108459 53819      565.6900   122      564.7179      566.7089  8190222    0.35%
 108773 54073      565.9215   248      564.7179      566.7089  8200081    0.35%
 108984 54229      564.7718   204      564.7179      566.7089  8210601    0.35%
 109195 54396      564.7404   224      564.7179      566.7089  8220322    0.35%
 109403 54541      566.7081   262      564.7179      566.7089  8230802    0.35%
 109622 54714      566.6271   264      564.7179      566.7089  8240663    0.35%
 109861 54932      564.9573   242      564.7179      566.7089  8250569    0.35%
Elapsed time = 2772.86 sec. (2628066.82 ticks, tree = 148.69 MB, solutions = 12)
 110081 55083      565.5942   290      564.7179      566.7089  8261002    0.35%
 110274 55224      566.7752   296      564.7179      566.7089  8271949    0.35%
 110459 55375      566.0505   282      564.7179      566.7089  8282971    0.35%
 110669 55542      565.0252   210      564.7179      566.7089  8293237    0.35%
 110988 55804      566.7890   286      564.7179      566.7089  8301677    0.35%
 111189 55967      566.0295   278      564.7179      566.7089  8313007    0.35%
 111377 56133      565.3941   190      564.7179      566.7089  8323637    0.35%
 111642 56310      564.8297   236      564.7179      566.7089  8333306    0.35%
 111871 56491      566.1650   216      564.7179      566.7089  8343839    0.35%
 112196 56772        cutoff            564.7179      566.7089  8353216    0.35%
Elapsed time = 2814.60 sec. (2666357.14 ticks, tree = 177.99 MB, solutions = 12)
 112430 56955      566.8794   274      564.7179      566.7089  8363171    0.35%
 112655 57139      566.1915   262      564.7179      566.7089  8372992    0.35%
 112905 57337      565.3621   234      564.7179      566.7089  8382860    0.35%
 113113 57493      565.0235   202      564.7179      566.7089  8393298    0.35%
 113366 57671      566.7927   290      564.7179      566.7089  8403214    0.35%
 113597 57844      565.8224   274      564.7179      566.7089  8413045    0.35%
 113816 58015      566.4585   274      564.7179      566.7089  8423502    0.35%
 114078 58212      566.2450   226      564.7179      566.7089  8433285    0.35%
 114277 58375      564.7383   180      564.7179      566.7089  8444275    0.35%
 114592 58659      565.2933   224      564.7179      566.7089  8453671    0.35%
Elapsed time = 2856.49 sec. (2704711.44 ticks, tree = 205.69 MB, solutions = 12)
 114870 58863      566.5791   268      564.7179      566.7089  8463665    0.35%
 115059 59022      566.4955   258      564.7179      566.7089  8474545    0.35%
 115285 59199      565.2710   224      564.7179      566.7089  8484314    0.35%
 115477 59343      565.6079   266      564.7179      566.7089  8495213    0.35%
 115756 59567      566.3715   256      564.7179      566.7089  8504643    0.35%
 115988 59744      564.9807   210      564.7179      566.7089  8514620    0.35%
 116175 59899      564.8355   206      564.7179      566.7089  8525087    0.35%
 116392 60072      566.2159   264      564.7179      566.7089  8534795    0.35%
 116641 60259      566.5940   272      564.7179      566.7089  8545306    0.35%
 116884 60455      565.2779   174      564.7179      566.7089  8555333    0.35%
Elapsed time = 2897.37 sec. (2743057.61 ticks, tree = 232.36 MB, solutions = 12)
 117169 60666      564.7801   144      564.7179      566.7089  8565323    0.35%
 117397 60830      566.3168   258      564.7179      566.7089  8575646    0.35%
 117612 60997      564.7761   194      564.7179      566.7089  8586610    0.35%
 117843 61151      566.8996   272      564.7179      566.7089  8597095    0.35%
 118038 61305      565.0303   176      564.7179      566.7089  8608026    0.35%
 118351 61554      564.8040   216      564.7179      566.7089  8617107    0.35%
 118552 61706      566.1115   246      564.7179      566.7089  8627966    0.35%
 118792 61892      564.7444   198      564.7179      566.7089  8638174    0.35%
 118997 62050      566.9129   294      564.7179      566.7089  8648295    0.35%
 119181 62199      566.6189   262      564.7179      566.7089  8659179    0.35%
Elapsed time = 2937.94 sec. (2781335.18 ticks, tree = 254.88 MB, solutions = 12)
 119400 62395      564.8401   222      564.7179      566.7089  8669161    0.35%
 119617 62554      566.3695   284      564.7179      566.7089  8679976    0.35%
 119798 62706      566.5549   274      564.7179      566.7089  8690760    0.35%
 120022 62870      566.3581   260      564.7179      566.7089  8701060    0.35%
 120290 63068      564.9915   202      564.7179      566.7089  8710631    0.35%
 120614 63357      566.5715   296      564.7179      566.7089  8719777    0.35%
 120808 63503      566.0210   262      564.7179      566.7089  8730372    0.35%
 121043 63682      566.1435   302      564.7179      566.7089  8740354    0.35%
 121243 63841      566.7179   268      564.7179      566.7089  8751472    0.35%
 121502 64014      564.9561   234      564.7179      566.7089  8762132    0.35%
Elapsed time = 2978.92 sec. (2819718.99 ticks, tree = 276.22 MB, solutions = 12)
 121817 64268      566.7333   302      564.7179      566.7089  8771264    0.35%
 122011 64431      564.9036   192      564.7179      566.7089  8781519    0.35%
 122235 64596      565.7741   252      564.7179      566.7089  8792408    0.35%
 122445 64752      566.7387   292      564.7179      566.7089  8802853    0.35%
 122684 64917      566.6210   294      564.7179      566.7089  8813274    0.35%
 122911 65114      565.7284   136      564.7179      566.7089  8822617    0.35%
 123181 65353      566.7483   272      564.7179      566.7089  8832614    0.35%
 123368 65513      564.8518   198      564.7179      566.7089  8843495    0.35%
 123596 65684      565.9445   236      564.7179      566.7089  8853952    0.35%
 123831 65885      566.0700   254      564.7179      566.7089  8863133    0.35%
Elapsed time = 3020.04 sec. (2858050.03 ticks, tree = 304.36 MB, solutions = 12)
 124102 66116      566.2546   274      564.7179      566.7089  8872340    0.35%
 124364 66308      565.0463   166      564.7179      566.7089  8882478    0.35%
 124576 66454      566.5514   292      564.7179      566.7089  8892886    0.35%
 124797 66625      564.9142   224      564.7179      566.7089  8903220    0.35%
 125029 66797      566.7424   266      564.7179      566.7089  8914189    0.35%
 125250 66961      566.1718   230      564.7179      566.7089  8924451    0.35%
 125530 67165      566.8528   262      564.7179      566.7089  8933534    0.35%
 125752 67333      564.7540   140      564.7179      566.7089  8943796    0.35%
 125960 67494      566.7444   278      564.7179      566.7089  8954338    0.35%
 126155 67659      565.1502   212      564.7179      566.7089  8965047    0.35%
Elapsed time = 3061.00 sec. (2896311.70 ticks, tree = 326.47 MB, solutions = 12)
 126448 67876      566.0105   194      564.7179      566.7089  8973601    0.35%
 126758 68130      565.0380   240      564.7179      566.7089  8983282    0.35%
 126983 68296      565.8867   250      564.7179      566.7089  8993257    0.35%
 127195 68462      564.7618   158      564.7179      566.7089  9003519    0.35%
 127408 68625      565.2548   182      564.7179      566.7089  9014494    0.35%
 127682 68874      566.6196   298      564.7179      566.7089  9023384    0.35%
 127865 69027      565.5249   214      564.7179      566.7089  9034521    0.35%
 128085 69182      565.9006   258      564.7179      566.7089  9045485    0.35%
 128299 69350      566.3395   244      564.7179      566.7089  9056399    0.35%
 128515 69509      566.3714   238      564.7179      566.7089  9066695    0.35%
Elapsed time = 3102.15 sec. (2934653.94 ticks, tree = 354.57 MB, solutions = 12)
 128781 69737      565.6692   258      564.7179      566.7089  9077237    0.35%
 129002 69906      565.8178   236      564.7179      566.7089  9087374    0.35%
 129224 70068      565.6949   202      564.7179      566.7089  9097762    0.35%
 129436 70242      566.0069   274      564.7179      566.7089  9108790    0.35%
 129666 70415      564.8926   170      564.7179      566.7089  9118640    0.35%
 129994 70666      565.5143   206      564.7179      566.7089  9127563    0.35%
 130244 70827      564.7333    80      564.7179      566.7089  9136953    0.35%
 130479 70992      566.8239   262      564.7179      566.7089  9147646    0.35%
 130678 71158      565.3548   202      564.7179      566.7089  9158686    0.35%
 130920 71325      566.4557   274      564.7179      566.7089  9168873    0.35%
Elapsed time = 3143.48 sec. (2973012.63 ticks, tree = 378.81 MB, solutions = 12)
 131162 71502      566.7037   314      564.7179      566.7089  9178865    0.35%
 131409 71675      566.3370   252      564.7179      566.7089  9189141    0.35%
 131605 71833      564.7520   226      564.7179      566.7089  9200194    0.35%
 131787 71976      564.9595   208      564.7179      566.7089  9211046    0.35%
 132034 72146      566.1170   260      564.7179      566.7089  9220856    0.35%
 132326 72381      566.1316   288      564.7179      566.7089  9230887    0.35%
 132538 72539      564.7660   172      564.7179      566.7089  9240698    0.35%
 132752 72697      566.7612   298      564.7179      566.7089  9251307    0.35%
 133022 72894      566.5458   262      564.7179      566.7089  9261639    0.35%
 133222 73039      566.6747   262      564.7179      566.7089  9271809    0.35%
Elapsed time = 3184.18 sec. (3011365.80 ticks, tree = 398.17 MB, solutions = 12)
 133522 73320      564.9814   162      564.7179      566.7089  9281326    0.35%
 133764 73494      566.5428   262      564.7179      566.7089  9291309    0.35%
 133960 73636      566.7210   282      564.7179      566.7089  9302565    0.35%
 134137 73768      566.1095   258      564.7179      566.7089  9312744    0.35%
 134382 73941      566.3684   254      564.7179      566.7089  9322575    0.35%
 134643 74170      565.5565   250      564.7179      566.7089  9332655    0.35%
 134842 74326      565.0107   246      564.7179      566.7089  9342415    0.35%
 135083 74502      566.7346   314      564.7179      566.7089  9352718    0.35%
 135325 74668      564.8072   190      564.7179      566.7089  9363107    0.35%
 135522 74826      565.0172   226      564.7179      566.7089  9373864    0.35%
Elapsed time = 3224.86 sec. (3049654.00 ticks, tree = 419.92 MB, solutions = 12)
 135820 75081      564.8598    44      564.7179      566.7089  9383051    0.35%
 136042 75255      564.7813   172      564.7179      566.7089  9393378    0.35%
 136296 75418      566.0754   266      564.7179      566.7089  9403365    0.35%
 136506 75578      565.8536   218      564.7179      566.7089  9413436    0.35%
Starting limited solution polishing.
 136722 75747      564.7283   208      564.7179      566.7089  9422931    0.35%
 136942 75899      566.2134   256      564.7179      566.7089  9432220    0.35%
 137181 76055      566.0429   260      564.7179      566.7089  9440973    0.35%
 137324 76165      565.8434   230      564.7179      566.7089  9448556    0.35%
 137530 76313      565.0717   222      564.7179      566.7089  9457677    0.35%
 137690 76434      565.1050   226      564.7179      566.7089  9465841    0.35%
Elapsed time = 3265.88 sec. (3087957.58 ticks, tree = 440.08 MB, solutions = 12)
 137882 76582      566.2909   258      564.7179      566.7089  9474328    0.35%
 138137 76801      565.4841   234      564.7179      566.7089  9481258    0.35%
 138394 76965      566.5680   314      564.7179      566.7089  9489937    0.35%
 138522 77062      564.7646   172      564.7179      566.7089  9495405    0.35%
 138690 77181      566.2730   246      564.7179      566.7089  9504110    0.35%
 138822 77277      566.7626   292      564.7179      566.7089  9508907    0.35%
 138972 77392      565.2933   184      564.7179      566.7089  9517446    0.35%
 139122 77498      565.9834   234      564.7179      566.7089  9522483    0.35%
 139353 77706      564.8113   166      564.7179      566.7089  9530183    0.35%
 139522 77825      564.8585   174      564.7179      566.7089  9536643    0.35%
Elapsed time = 3310.24 sec. (3128871.21 ticks, tree = 455.21 MB, solutions = 12)
 139668 77936      565.8540   202      564.7179      566.7089  9543285    0.35%
 139831 78058      566.3351   254      564.7179      566.7089  9550068    0.35%
 139978 78157      566.5479   270      564.7179      566.7089  9556688    0.35%
 140122 78261      564.8207   230      564.7179      566.7089  9563555    0.35%
 140304 78398      565.0130   244      564.7179      566.7089  9572004    0.35%
 140422 78493      565.7503   210      564.7179      566.7089  9575967    0.35%
 140622 78670      566.3338   260      564.7179      566.7089  9582466    0.35%
 140822 78808      564.8375   206      564.7179      566.7089  9590900    0.35%
 140926 78892      565.0361   198      564.7179      566.7089  9597973    0.35%
 141072 78987      565.9409   272      564.7179      566.7089  9603800    0.35%
Elapsed time = 3353.78 sec. (3169966.79 ticks, tree = 472.21 MB, solutions = 12)
 141205 79096      564.7535   184      564.7179      566.7089  9610952    0.35%
 141389 79221      566.0105   278      564.7179      566.7089  9619173    0.35%
 141522 79340      565.6387   206      564.7179      566.7089  9626191    0.35%
 141719 79494      564.8486   216      564.7179      566.7089  9633332    0.35%
 141858 79604      566.6785   294      564.7179      566.7089  9643349    0.35%
 142011 79710      566.6113   266      564.7179      566.7089  9650560    0.35%
 142122 79801      564.8376   210      564.7179      566.7089  9656836    0.35%
 142322 79952      565.1384   224      564.7179      566.7089  9666686    0.35%
 142522 80086      565.0616   218      564.7179      566.7089  9674292    0.35%
 142704 80231      565.6933   204      564.7179      566.7089  9683140    0.35%
Elapsed time = 3397.48 sec. (3211461.89 ticks, tree = 488.08 MB, solutions = 12)
 142823 80315      566.5816   286      564.7179      566.7089  9688749    0.35%
 142952 80415      565.8987   270      564.7179      566.7089  9696062    0.35%
 143160 80581      565.5836   178      564.7179      566.7089  9705544    0.35%
 143312 80684      564.7216   158      564.7179      566.7089  9712410    0.35%
 143422 80765      564.7401   132      564.7179      566.7089  9717303    0.35%
 143572 80872      565.8871   266      564.7179      566.7089  9726564    0.35%
 143806 81079      565.1919   112      564.7179      566.7089  9732964    0.35%
 143994 81224      565.5437   232      564.7179      566.7089  9741317    0.35%
 144152 81318      566.3704   262      564.7179      566.7089  9747121    0.35%
 144274 81416      565.0629   214      564.7179      566.7089  9754063    0.35%
Elapsed time = 3438.26 sec. (3249810.84 ticks, tree = 502.02 MB, solutions = 12)
 144442 81520      566.5496   248      564.7179      566.7089  9761526    0.35%
 144590 81623      566.6251   284      564.7179      566.7089  9767966    0.35%
 144780 81770      565.5576   240      564.7179      566.7089  9776916    0.35%
 144922 81866      564.9305   226      564.7179      566.7089  9782520    0.35%
 145128 82043      566.5547   252      564.7179      566.7089  9788364    0.35%
 145317 82173      565.8275   266      564.7179      566.7089  9796756    0.35%
 145422 82252      566.8087   274      564.7179      566.7089  9802676    0.35%
 145622 82385      565.0882   202      564.7179      566.7089  9810430    0.35%
 145822 82509      566.1414   218      564.7179      566.7089  9817130    0.35%
 145998 82619      565.5002   244      564.7179      566.7089  9824046    0.35%
Elapsed time = 3482.37 sec. (3291164.74 ticks, tree = 517.10 MB, solutions = 12)
 146210 82779      565.8531   180      564.7179      566.7089  9833120    0.35%
 146394 82932      565.5124   246      564.7179      566.7089  9837788    0.35%
 146520 83012      565.1122   238      564.7179      566.7089  9844711    0.35%
 146645 83105      566.4603   236      564.7179      566.7089  9853020    0.35%
 146922 83292      564.7629   150      564.7179      566.7089  9863386    0.35%
 147084 83414      565.8177   238      564.7179      566.7089  9872859    0.35%
 147222 83514      564.7824   150      564.7179      566.7089  9878364    0.35%
 147422 83703      566.4798   234      564.7179      566.7089  9882357    0.35%
 147557 83804      565.6227   264      564.7179      566.7089  9889350    0.35%
 147722 83934      564.9329   220      564.7179      566.7089  9897418    0.35%
Elapsed time = 3527.32 sec. (3332325.45 ticks, tree = 530.98 MB, solutions = 12)
 147862 84031      566.0344   194      564.7179      566.7089  9904263    0.35%
 148022 84155      566.0750   256      564.7179      566.7089  9910948    0.35%
 148195 84286      566.5314   232      564.7179      566.7089  9920115    0.35%
 148322 84367      564.7674   186      564.7179      566.7089  9925385    0.35%
 148441 84458      565.8020   230      564.7179      566.7089  9932102    0.35%
 148572 84547      566.3884   282      564.7179      566.7089  9937836    0.35%
 148692 84645      565.2715   268      564.7179      566.7089  9946017    0.35%
 148839 84742      564.9844   204      564.7179      566.7089  9952051    0.35%
 149022 84873      564.7610   136      564.7179      566.7089  9962389    0.35%
 149180 84976      566.5681   262      564.7179      566.7089  9969966    0.35%
Elapsed time = 3569.80 sec. (3372022.66 ticks, tree = 543.40 MB, solutions = 12)
 149305 85073      566.5816   260      564.7179      566.7089  9976967    0.35%
 149443 85170      566.6863   292      564.7179      566.7089  9982001    0.35%
 149622 85344      566.4496   278      564.7179      566.7089  9986295    0.35%
 149754 85436        cutoff            564.7179      566.7089  9993033    0.35%
 149883 85529      566.3697   258      564.7179      566.7089  9998856    0.35%
 150022 85628      564.8707   184      564.7179      566.7089 10004045    0.35%
Advanced basis not built.

Flow cuts applied:  7
Mixed integer rounding cuts applied:  28
User cuts applied:  1017

Root node processing (before b&c):
  Real time             =    4.68 sec. (3013.67 ticks)
Sequential b&c:
  Real time             = 3595.33 sec. (3397165.76 ticks)
                          ------------
Total (root+branch&cut) = 3600.01 sec. (3400179.43 ticks)
|V|                                     600
K                                       60
theta                                   0.50
r                                       10
R                                       25
prob_func                               linear
#C1                                     5338
#CP                                     78458

@Parameters: 
am_callback_heuristic                   false
am_local_search                         true
am_start_heuristic                      false
colocation                              true
comp                                    false
cutC                                    true
cutC_init                               false
cutF                                    true
cutF_init                               false
cutF_stable                             false
cutF_wrong                              false
cutLocal                                false
cutM                                    true
cutM_init                               true
cutM_stable                             false
cutP                                    true
cutP_init                               false
cutP_stable                             false
init                                    true
init_cutF_zero                          false
init_val_greedy                         true
is_Euclidean                            false
is_local_search                         false
is_right_cutP                           true
is_root                                 false
is_silent                               false
is_start                                false
mycut                                   false
pmed                                    false
pre                                     true
stable_root                             false
str                                     false
two_phase                               false
ubstr                                   false
mode                                    Int

am_callback_node_space                  50
init                                    0
mixture_seed                            1
node_space                              5
nodelimit                               -1
nsepa                                   1
strF                                    0
type_delta                              0

EPS                                     0.001000
EPS_FRAC                                0.00
gap                                     0.00
mixture_high_max                        0.99
mixture_high_min                        0.90
mixture_low_max                         0.01
mixture_low_min                         0.00
mixture_low_share                       0.80
timelimit                               3600.00

Number of Closed Sites: 8 / 480 
Number of Confined Sites-1: 3 / 177 
Number of Confined Sites-k: 589 / 1348 
Preprocess Time: 0.73 + 0.00 sec

Solve Time: 3600.01
Number of Nodes: 150122
Termination Status: TIME_LIMIT

CutInfo: [phase] num / time (sec) / aver. num_nonzero
max              [LP]     0 / 0.00 / 0.00 [init]   203 / 0.23 / 5.23 [rLC]   337 / 0.02 / 16.11 [rUC]  1082 / 0.11 / 10.30 [sLC]    91 / 0.07 / 14.07 [sUC]  1298 / 1.80 / 11.22 
prod_oa          [LP]     0 / 0.00 / 0.00 [init]   167 / 0.00 / 52.56 [rLC]   431 / 0.03 / 78.52 [rUC]   166 / 0.18 / 50.98 [sLC]   421 / 0.12 / 65.11 [sUC]   467 / 4.17 / 53.48 
prod_sm_fixed    [LP]     0 / 0.00 / 0.00 [init]     0 / 0.00 / 0.00 [rLC]     0 / 0.00 / 0.00 [rUC]     0 / 0.00 / 0.00 [sLC]     0 / 0.00 / 0.00 [sUC]     0 / 0.00 / 0.00 
prod_bin         [LP]     0 / 0.00 / 0.00 [init]     0 / 0.00 / 0.00 [rLC]     0 / 0.00 / 0.00 [rUC]     0 / 0.00 / 0.00 [sLC]     0 / 0.00 / 0.00 [sUC]     0 / 0.00 / 0.00 
prod_local       [LP]     0 / 0.00 / 0.00 [init]     0 / 0.00 / 0.00 [rLC]     0 / 0.00 / 0.00 [rUC]     0 / 0.00 / 0.00 [sLC]     0 / 0.00 / 0.00 [sUC]     0 / 0.00 / 0.00 
prod_sm_C        [LP]     0 / 0.00 / 0.00 [init]     0 / 0.06 / 0.00 [rLC]     0 / 0.30 / 0.00 [rUC]   435 / 1.15 / 56.20 [sLC]     0 / 1.53 / 0.00 [sUC]  2525 / 29.89 / 87.59 
facet            [LP]     0 / 0.00 / 0.00 [init]     0 / 0.00 / 0.00 [rLC]     0 / 0.00 / 0.00 [rUC]   435 / 0.00 / 0.00 [sLC]     0 / 0.00 / 0.00 [sUC]  2525 / 0.00 / 0.00 
Separation Round:   [LP] 0  [init] 1  [rLC] 4  [rUC] 19  [sLC] 21  [sUC] 275601  
Root Best Bound 567.770165
Root Best Integer: 560.890370
Best Bound: 566.708873
Best Integer: 564.717862
1: 1, 11, 17, 41, 46, 47, 50, 54, 64, 65, 68, 76, 82, 103, 108, 110, 116, 117, 131, 136, 148, 171, 187, 209, 218, 235, 236, 240, 262, 289, 292, 297, 300, 310, 319, 324, 330, 356, 368, 374, 379, 384, 397, 411, 413, 426, 436, 454, 463, 472, 503, 512, 522, 529, 553, 569, 578, 579, 586, 600
Objective Value (calc): 564.706016
sum_etaM = 550.400000 / 550.400000
sum_etaP = 579.035723 / 579.012032
nL: 60
nCL: 0
mCL: 1
