Version identifier: 20.1.0.0 | 2020-11-10 | 9bedb6d68
CPXPARAM_Threads                                 1
CPXPARAM_TimeLimit                               3600
CPXPARAM_MIP_Tolerances_MIPGap                   0
Generic callback                                 0x60
1 of 1 MIP starts provided solutions.
MIP start 'm1' defined initial solution with objective 67.1271.
Tried aggregator 2 times.
MIP Presolve eliminated 52 rows and 28 columns.
MIP Presolve modified 137 coefficients.
Aggregator did 24 substitutions.
Reduced MIP has 641 rows, 748 columns, and 2223 nonzeros.
Reduced MIP has 186 binaries, 162 generals, 0 SOSs, and 0 indicators.
Presolve time = 0.00 sec. (1.29 ticks)
Probing time = 0.00 sec. (0.12 ticks)
Tried aggregator 1 time.
Reduced MIP has 641 rows, 748 columns, and 2223 nonzeros.
Reduced MIP has 186 binaries, 162 generals, 0 SOSs, and 0 indicators.
Presolve time = 0.00 sec. (0.72 ticks)
Probing time = 0.00 sec. (0.12 ticks)
MIP emphasis: balance optimality and feasibility.
MIP search method: dynamic search.
Parallel mode: none, using 1 thread.
Root relaxation solution time = 0.00 sec. (2.87 ticks)

        Nodes                                         Cuts/
   Node  Left     Objective  IInf  Best Integer    Best Bound    ItCnt     Gap

*     0+    0                           67.1271      200.0000           197.94%
      0     0       96.3703     6       67.1271       96.3703      521   43.56%
      0     0       67.6005    37       67.1271     Cuts: 143      627    0.71%
      0     0       67.3016     8       67.1271      Cuts: 69      672    0.26%

Repeating presolve.
Tried aggregator 1 time.
MIP Presolve eliminated 427 rows and 434 columns.
MIP Presolve modified 32 coefficients.
Reduced MIP has 214 rows, 314 columns, and 655 nonzeros.
Reduced MIP has 38 binaries, 34 generals, 0 SOSs, and 0 indicators.
Presolve time = 0.00 sec. (0.62 ticks)
Probing time = 0.00 sec. (0.04 ticks)
Tried aggregator 1 time.
Reduced MIP has 214 rows, 314 columns, and 655 nonzeros.
Reduced MIP has 38 binaries, 34 generals, 0 SOSs, and 0 indicators.
Presolve time = 0.00 sec. (0.22 ticks)
Represolve time = 0.00 sec. (2.19 ticks)
Probing time = 0.00 sec. (0.04 ticks)
MIP emphasis: balance optimality and feasibility.
MIP search method: dynamic search.
Parallel mode: none, using 1 thread.
Root relaxation solution time = 0.01 sec. (5.01 ticks)

        Nodes                                         Cuts/
   Node  Left     Objective  IInf  Best Integer    Best Bound    ItCnt     Gap

*     0+    0                           67.1271       67.3016             0.26%
      0     0       67.3016     8       67.1271       67.3016      998    0.26%
      0     0       67.2640     4       67.1271      Cuts: 23     1012    0.20%
      0     0       67.2547    12       67.1271      Cuts: 10     1024    0.19%
      0     0       67.2517    16       67.1271 UserPurge2: 5     1030    0.19%
      0     0       67.2481    16       67.1271 UserPurge2: 2     1035    0.18%
      0     0       67.2476    16       67.1271 UserPurge2: 1     1038    0.18%
      0     2       67.2476    16       67.1271       67.2468     1038    0.18%
Elapsed time = 0.12 sec. (59.52 ticks, tree = 0.01 MB, solutions = 1)
*     2     2      integral     0       67.2463       67.2464     1041    0.00%

Flow cuts applied:  11
Mixed integer rounding cuts applied:  17
Lift and project cuts applied:  2
Gomory fractional cuts applied:  4
User cuts applied:  172

Root node processing (before b&c):
  Real time             =    0.12 sec. (59.54 ticks)
Sequential b&c:
  Real time             =    0.00 sec. (0.67 ticks)
                          ------------
Total (root+branch&cut) =    0.12 sec. (60.20 ticks)
|V|                                     200
K                                       10
theta                                   0.80
r                                       10
R                                       25
prob_func                               linear
#C1                                     414
#CP                                     906

@Parameters: 
am_callback_heuristic                   false
am_local_search                         true
am_start_heuristic                      false
colocation                              true
comp                                    false
cutC                                    true
cutC_init                               false
cutF                                    true
cutF_init                               false
cutF_stable                             false
cutF_wrong                              false
cutLocal                                false
cutM                                    true
cutM_init                               true
cutM_stable                             false
cutP                                    true
cutP_init                               false
cutP_stable                             false
init                                    true
init_cutF_zero                          false
init_val_greedy                         true
is_Euclidean                            false
is_local_search                         false
is_right_cutP                           true
is_root                                 false
is_silent                               false
is_start                                false
mycut                                   false
pmed                                    false
pre                                     true
stable_root                             false
str                                     false
two_phase                               false
ubstr                                   false
mode                                    Int

am_callback_node_space                  50
init                                    0
mixture_seed                            1
node_space                              5
nodelimit                               -1
nsepa                                   1
strF                                    0
type_delta                              0

EPS                                     0.001000
EPS_FRAC                                0.00
gap                                     0.00
mixture_high_max                        0.99
mixture_high_min                        0.90
mixture_low_max                         0.01
mixture_low_min                         0.00
mixture_low_share                       0.80
timelimit                               3600.00

Number of Closed Sites: 14 / 140 
Number of Confined Sites-1: 24 / 216 
Number of Confined Sites-k: 162 / 573 
Preprocess Time: 0.15 + 0.00 sec

Solve Time: 0.12
Number of Nodes: 4
Termination Status: OPTIMAL

CutInfo: [phase] num / time (sec) / aver. num_nonzero
max              [LP]     0 / 0.00 / 0.00 [init]   158 / 0.00 / 2.92 [rLC]    81 / 0.00 / 10.27 [rUC]    64 / 0.00 / 8.14 [sLC]     0 / 0.00 / 0.00 [sUC]     0 / 0.00 / 0.00 
prod_oa          [LP]     0 / 0.00 / 0.00 [init]   158 / 0.00 / 4.26 [rLC]    96 / 0.00 / 9.84 [rUC]    20 / 0.00 / 11.75 [sLC]     0 / 0.00 / 0.00 [sUC]     0 / 0.00 / 0.00 
prod_sm_fixed    [LP]     0 / 0.00 / 0.00 [init]     0 / 0.00 / 0.00 [rLC]     0 / 0.00 / 0.00 [rUC]     0 / 0.00 / 0.00 [sLC]     0 / 0.00 / 0.00 [sUC]     0 / 0.00 / 0.00 
prod_bin         [LP]     0 / 0.00 / 0.00 [init]     0 / 0.00 / 0.00 [rLC]     0 / 0.00 / 0.00 [rUC]     0 / 0.00 / 0.00 [sLC]     0 / 0.00 / 0.00 [sUC]     0 / 0.00 / 0.00 
prod_local       [LP]     0 / 0.00 / 0.00 [init]     0 / 0.00 / 0.00 [rLC]     0 / 0.00 / 0.00 [rUC]     0 / 0.00 / 0.00 [sLC]     0 / 0.00 / 0.00 [sUC]     0 / 0.00 / 0.00 
prod_sm_C        [LP]     0 / 0.00 / 0.00 [init]     0 / 0.00 / 0.00 [rLC]     0 / 0.00 / 0.00 [rUC]   114 / 0.01 / 18.84 [sLC]     0 / 0.00 / 0.00 [sUC]     0 / 0.00 / 0.00 
facet            [LP]     0 / 0.00 / 0.00 [init]     0 / 0.00 / 0.00 [rLC]     0 / 0.00 / 0.00 [rUC]   114 / 0.00 / 0.00 [sLC]     0 / 0.00 / 0.00 [sUC]     0 / 0.00 / 0.00 
Separation Round:   [LP] 0  [init] 1  [rLC] 2  [rUC] 9  [sLC] 1  [sUC] 2  
Root Best Bound 67.246385
Root Best Integer: 67.127111
Best Bound: 67.246385
Best Integer: 67.127111
1: 12, 47, 69, 71, 74, 91, 142, 186, 191, 199
Objective Value (calc): 67.246281
sum_etaM = 67.000000 / 67.000000
sum_etaP = 68.231407 / 68.231407
nL: 10
nCL: 0
mCL: 1
