Version identifier: 20.1.0.0 | 2020-11-10 | 9bedb6d68
CPXPARAM_Threads                                 1
CPXPARAM_TimeLimit                               3600
CPXPARAM_MIP_Tolerances_MIPGap                   0
Generic callback                                 0x60
1 of 1 MIP starts provided solutions.
MIP start 'm1' defined initial solution with objective 62.5275.
Tried aggregator 1 time.
MIP Presolve eliminated 1378 rows and 699 columns.
Reduced MIP has 1076 rows, 1401 columns, and 10330 nonzeros.
Reduced MIP has 801 binaries, 0 generals, 0 SOSs, and 0 indicators.
Presolve time = 0.01 sec. (4.16 ticks)
Probing time = 0.00 sec. (1.78 ticks)
Tried aggregator 1 time.
Reduced MIP has 1076 rows, 1401 columns, and 10330 nonzeros.
Reduced MIP has 801 binaries, 0 generals, 0 SOSs, and 0 indicators.
Presolve time = 0.00 sec. (3.29 ticks)
Probing time = 0.00 sec. (1.78 ticks)
Clique table members: 819.
MIP emphasis: balance optimality and feasibility.
MIP search method: dynamic search.
Parallel mode: none, using 1 thread.
Root relaxation solution time = 0.01 sec. (5.99 ticks)

        Nodes                                         Cuts/
   Node  Left     Objective  IInf  Best Integer    Best Bound    ItCnt     Gap

*     0+    0                           62.5275      300.0000           379.79%
      0     0       93.7594     2       62.5275       93.7594      614   49.95%
      0     0       63.9371    14       62.5275      Cuts: 63      684    2.25%
      0     0       63.7773    11       62.5275      Cuts: 52      721    2.00%

Repeating presolve.
Tried aggregator 1 time.
MIP Presolve eliminated 636 rows and 827 columns.
MIP Presolve modified 150 coefficients.
Reduced MIP has 440 rows, 574 columns, and 2195 nonzeros.
Reduced MIP has 118 binaries, 0 generals, 0 SOSs, and 0 indicators.
Presolve time = 0.00 sec. (1.83 ticks)
Probing time = 0.00 sec. (0.17 ticks)
Cover probing fixed 0 vars, tightened 2 bounds.
Tried aggregator 1 time.
MIP Presolve modified 104 coefficients.
Reduced MIP has 440 rows, 574 columns, and 2150 nonzeros.
Reduced MIP has 118 binaries, 0 generals, 0 SOSs, and 0 indicators.
Presolve time = 0.00 sec. (1.22 ticks)
Represolve time = 0.01 sec. (5.85 ticks)
Probing time = 0.00 sec. (0.16 ticks)
Clique table members: 58.
MIP emphasis: balance optimality and feasibility.
MIP search method: dynamic search.
Parallel mode: none, using 1 thread.
Root relaxation solution time = 0.02 sec. (16.52 ticks)

        Nodes                                         Cuts/
   Node  Left     Objective  IInf  Best Integer    Best Bound    ItCnt     Gap

*     0+    0                           62.5275       63.7773             2.00%
      0     0       63.7145    13       62.5275       63.7145     1385    1.90%
      0     0       63.3303    14       62.5275      Cuts: 26     1435    1.28%
      0     0       63.1462    13       62.5275      Cuts: 25     1466    0.99%
      0     0       63.1225    13       62.5275      Cuts: 24     1478    0.95%
      0     0       63.1108    11       62.5275      Cuts: 11     1483    0.93%
      0     0       63.0986    14       62.5275      Cuts: 11     1499    0.91%
      0     0       63.0933    10       62.5275      Cuts: 16     1503    0.90%
      0     0       63.0895    13       62.5275       Cuts: 2     1507    0.90%
      0     0       63.0886    13       62.5275       Cuts: 2     1509    0.90%
      0     2       63.0886    13       62.5275       63.0862     1509    0.89%
Elapsed time = 0.56 sec. (131.32 ticks, tree = 0.01 MB, solutions = 1)

Flow cuts applied:  2
Mixed integer rounding cuts applied:  29
Gomory fractional cuts applied:  2
User cuts applied:  284

Root node processing (before b&c):
  Real time             =    0.56 sec. (131.36 ticks)
Sequential b&c:
  Real time             =    0.12 sec. (30.54 ticks)
                          ------------
Total (root+branch&cut) =    0.68 sec. (161.90 ticks)
|V|                                     300
K                                       5
theta                                   0.20
r                                       5
R                                       20
prob_func                               linear
#C1                                     534
#CP                                     2358

@Parameters: 
am_callback_heuristic                   false
am_local_search                         true
am_start_heuristic                      false
colocation                              true
comp                                    false
cutC                                    true
cutC_init                               false
cutF                                    true
cutF_init                               false
cutF_stable                             false
cutF_wrong                              false
cutLocal                                false
cutM                                    true
cutM_init                               true
cutM_stable                             false
cutP                                    true
cutP_init                               false
cutP_stable                             false
init                                    true
init_cutF_zero                          false
init_val_greedy                         true
is_Euclidean                            false
is_local_search                         true
is_right_cutP                           true
is_root                                 false
is_silent                               false
is_start                                false
mycut                                   false
pmed                                    false
pre                                     true
stable_root                             false
str                                     false
two_phase                               false
ubstr                                   false
mode                                    Bin

am_callback_node_space                  50
init                                    0
mixture_seed                            1
node_space                              5
nodelimit                               -1
nsepa                                   1
strF                                    0
type_delta                              0

EPS                                     0.001000
EPS_FRAC                                0.00
gap                                     0.00
mixture_high_max                        0.99
mixture_high_min                        0.90
mixture_low_max                         0.01
mixture_low_min                         0.00
mixture_low_share                       0.80
timelimit                               3600.00

Number of Closed Sites: 20 / 100 
Number of Confined Sites-1: 32 / 128 
Number of Confined Sites-k: 248 / 471 
Preprocess Time: 0.42 + 0.00 sec

Solve Time: 0.68
Number of Nodes: 27
Termination Status: OPTIMAL

CutInfo: [phase] num / time (sec) / aver. num_nonzero
max              [LP]     0 / 0.00 / 0.00 [init]   277 / 0.00 / 4.79 [rLC]   133 / 0.01 / 14.05 [rUC]    90 / 0.04 / 10.92 [sLC]     0 / 0.00 / 0.00 [sUC]    40 / 0.02 / 13.78 
prod_oa          [LP]     0 / 0.00 / 0.00 [init]     0 / 0.00 / 0.00 [rLC]     0 / 0.00 / 0.00 [rUC]     0 / 0.00 / 0.00 [sLC]     0 / 0.00 / 0.00 [sUC]     0 / 0.00 / 0.00 
prod_sm_fixed    [LP]     0 / 0.00 / 0.00 [init]     0 / 0.00 / 0.00 [rLC]     0 / 0.00 / 0.00 [rUC]     0 / 0.00 / 0.00 [sLC]     0 / 0.00 / 0.00 [sUC]     0 / 0.00 / 0.00 
prod_bin         [LP]     0 / 0.00 / 0.00 [init]   277 / 0.09 / 0.00 [rLC]   177 / 0.29 / 0.00 [rUC]    72 / 0.03 / 0.00 [sLC]     0 / 0.00 / 0.00 [sUC]    50 / 0.02 / 0.00 
prod_local       [LP]     0 / 0.00 / 0.00 [init]     0 / 0.00 / 0.00 [rLC]     0 / 0.00 / 0.00 [rUC]     0 / 0.00 / 0.00 [sLC]     0 / 0.00 / 0.00 [sUC]     0 / 0.00 / 0.00 
prod_sm_C        [LP]     0 / 0.00 / 0.00 [init]     0 / 0.00 / 0.00 [rLC]     0 / 0.00 / 0.00 [rUC]     0 / 0.00 / 0.00 [sLC]     0 / 0.00 / 0.00 [sUC]     0 / 0.00 / 0.00 
facet            [LP]     0 / 0.00 / 0.00 [init]     0 / 0.00 / 0.00 [rLC]     0 / 0.00 / 0.00 [rUC]     0 / 0.00 / 0.00 [sLC]     0 / 0.00 / 0.00 [sUC]     0 / 0.00 / 0.00 
Separation Round:   [LP] 0  [init] 1  [rLC] 5  [rUC] 12  [sLC] 0  [sUC] 30  
Root Best Bound 63.030996
Root Best Integer: 62.527526
Best Bound: 62.756035
Best Integer: 62.527526
1: 14, 24, 31, 79, 98
Objective Value (calc): 62.527526
sum_etaM = 61.333333 / 61.333333
sum_etaP = 62.826074 / 62.826074
nL: 5
nCL: 0
mCL: 1
