Version identifier: 20.1.0.0 | 2020-11-10 | 9bedb6d68
CPXPARAM_Threads                                 1
CPXPARAM_TimeLimit                               3600
CPXPARAM_MIP_Tolerances_MIPGap                   0
Generic callback                                 0x60
1 of 1 MIP starts provided solutions.
MIP start 'm1' defined initial solution with objective 371.7015.
Tried aggregator 2 times.
MIP Presolve eliminated 28 rows and 24 columns.
Aggregator did 4 substitutions.
Reduced MIP has 1013 rows, 1572 columns, and 4294 nonzeros.
Reduced MIP has 388 binaries, 384 generals, 0 SOSs, and 0 indicators.
Presolve time = 0.00 sec. (2.31 ticks)
Probing time = 0.00 sec. (0.25 ticks)
Tried aggregator 1 time.
Reduced MIP has 1013 rows, 1572 columns, and 4294 nonzeros.
Reduced MIP has 388 binaries, 384 generals, 0 SOSs, and 0 indicators.
Presolve time = 0.00 sec. (1.37 ticks)
Probing time = 0.00 sec. (0.25 ticks)
MIP emphasis: balance optimality and feasibility.
MIP search method: dynamic search.
Parallel mode: none, using 1 thread.
Root relaxation solution time = 0.01 sec. (10.17 ticks)

        Nodes                                         Cuts/
   Node  Left     Objective  IInf  Best Integer    Best Bound    ItCnt     Gap

*     0+    0                          371.7015      400.0000             7.61%
      0     0      398.9062   120      371.7015      398.9062      547    7.32%
      0     0      380.4663   248      371.7015     Cuts: 353     1049    2.36%
      0     0      378.3342   310      371.7015     Cuts: 354     1538    1.78%
      0     0      377.6172   344      371.7015     Cuts: 335     1939    1.59%
      0     0      377.2780   344      371.7015     Cuts: 210     2238    1.50%
      0     0      377.1359   372      371.7015     Cuts: 163     2456    1.46%
      0     0      377.0275   374      371.7015     Cuts: 130     2643    1.43%
      0     0      376.9380   372      371.7015     Cuts: 119     2813    1.41%
      0     0      376.8909   364      371.7015      Cuts: 79     2941    1.40%
      0     0      376.8751   364      371.7015      Cuts: 74     3009    1.39%
      0     0      376.8647   366      371.7015      Cuts: 52     3079    1.39%
      0     0      376.8608   384      371.7015 UserPurge2: 38     3129    1.39%
      0     0      376.8572   388      371.7015 UserPurge2: 31     3168    1.39%
      0     0      376.8549   384      371.7015 UserPurge2: 18     3206    1.39%
      0     0      376.8517   392      371.7015 UserPurge2: 21     3250    1.39%
      0     0      376.8496   400      371.7015 UserPurge2: 44     3292    1.39%
      0     0      376.8481   400      371.7015 UserPurge2: 24     3320    1.38%
      0     0      376.8474   402      371.7015 UserPurge2: 16     3349    1.38%
      0     0      376.8470   400      371.7015 UserPurge2: 25     3372    1.38%
      0     0      376.8467   408      371.7015 UserPurge2: 9     3389    1.38%
      0     0      376.8466   412      371.7015 UserPurge2: 9     3403    1.38%
      0     0      376.8464   410      371.7015 UserPurge2: 5     3415    1.38%
      0     2      376.8464   410      371.7015      376.8460     3415    1.38%
Elapsed time = 2.49 sec. (2004.74 ticks, tree = 0.01 MB, solutions = 1)
     10    12      376.5718   388      371.7015      376.8451     5397    1.38%
     16    18      376.4049   372      371.7015      376.8451     6893    1.38%
     20    22      376.3324   360      371.7015      376.8451     7983    1.38%
     25    27      376.1444   362      371.7015      376.8451     9885    1.38%
     30    32      375.6599   347      371.7015      376.8451    12382    1.38%
     35    37      375.6063   338      371.7015      376.8451    14286    1.38%
     40    42      375.1730   308      371.7015      376.8451    17145    1.38%
     45    47      374.8432   280      371.7015      376.8451    20067    1.38%
     49    51      374.7971   260      371.7015      376.8451    21615    1.38%
*    72    71      integral     0      373.9754      376.8451    24974    0.77%
     73    71      376.6758   396      373.9754      376.8364    25236    0.77%
Elapsed time = 8.30 sec. (6462.15 ticks, tree = 0.69 MB, solutions = 2)
     83    81      376.2670   371      373.9754      376.8364    28691    0.77%
     94    92      375.9219   337      373.9754      376.8364    31434    0.77%
    109   107      375.3394   238      373.9754      376.8364    35401    0.77%
*   118    83      integral     0      375.2493      376.8364    36436    0.42%
    126    90      376.2524   378      375.2493      376.8211    38302    0.42%
    140   104      375.3749   362      375.2493      376.8211    43172    0.42%
    155   113      376.1231   352      375.2493      376.8210    47449    0.42%
    165   123      375.4192   308      375.2493      376.8210    51655    0.42%
    179   133      376.1520   334      375.2493      376.7655    55838    0.40%
    190   144      375.7864   308      375.2493      376.7655    59352    0.40%
    200   154      375.4824   310      375.2493      376.7655    62997    0.40%
Elapsed time = 20.24 sec. (16919.65 ticks, tree = 1.26 MB, solutions = 3)
    214   164      376.0810   360      375.2493      376.7566    66937    0.40%
    227   177      375.7572   298      375.2493      376.7566    70144    0.40%
    240   190      375.2562   288      375.2493      376.7566    73473    0.40%
    251   195      376.0241   362      375.2493      376.7562    77047    0.40%
    261   205      375.6484   333      375.2493      376.7562    80348    0.40%
    276   216      376.3776   368      375.2493      376.7185    84222    0.39%
    289   229      375.8254   324      375.2493      376.7185    87907    0.39%
    304   240        cutoff            375.2493      376.7185    90905    0.39%
    310   246      375.8934   380      375.2493      376.7118    94408    0.39%
    329   263      375.2885   304      375.2493      376.7118    97650    0.39%
Elapsed time = 31.55 sec. (26760.50 ticks, tree = 2.85 MB, solutions = 3)
    338   268      375.8440   360      375.2493      376.7076   101152    0.39%
    352   278        cutoff            375.2493      376.7076   104110    0.39%
    358   284      376.0100   319      375.2493      376.6916   107562    0.38%
    364   290      375.7915   319      375.2493      376.6916   111266    0.38%
    371   297      375.6570   293      375.2493      376.6916   114756    0.38%
    381   301        cutoff            375.2493      376.6916   118146    0.38%
    400   320      375.8338   309      375.2493      376.6743   121124    0.38%
    421   337      376.3417   369      375.2493      376.6348   124765    0.37%
    440   356      375.6878   315      375.2493      376.6348   127938    0.37%
    459   369      376.4188   386      375.2493      376.6346   130993    0.37%
Elapsed time = 43.83 sec. (37084.65 ticks, tree = 3.70 MB, solutions = 3)
    472   382      375.9273   333      375.2493      376.6346   133638    0.37%
    491   401      375.4164   291      375.2493      376.6346   136735    0.37%

Performing restart 1

Repeating presolve.
Tried aggregator 1 time.
MIP Presolve modified 73 coefficients.
Reduced MIP has 1013 rows, 1572 columns, and 4294 nonzeros.
Reduced MIP has 388 binaries, 384 generals, 0 SOSs, and 0 indicators.
Presolve time = 0.00 sec. (1.44 ticks)
Tried aggregator 1 time.
Reduced MIP has 1013 rows, 1572 columns, and 4294 nonzeros.
Reduced MIP has 388 binaries, 384 generals, 0 SOSs, and 0 indicators.
Presolve time = 0.00 sec. (1.42 ticks)
Represolve time = 0.03 sec. (17.25 ticks)
    494     0      376.6308   430      375.2493      Cuts: 71   142195    0.37%
    494     0      376.6132   382      375.2493      Cuts: 22   142320    0.36%
    494     0      376.6076   410      375.2493      Cuts: 27   142382    0.36%
    494     0      376.5985   368      375.2493      Cuts: 23   142456    0.36%
    494     0      376.5961   378      375.2493      Cuts: 22   142514    0.36%
    494     0      376.5909   394      375.2493      Cuts: 18   142564    0.36%
    494     0      376.5884   382      375.2493      Cuts: 19   142608    0.36%
    494     0      376.5880   400      375.2493   MIRcuts: 16   142630    0.36%
    494     0      376.5877   398      375.2493       Cuts: 8   142647    0.36%
    494     0      376.5875   386      375.2493   MIRcuts: 13   142668    0.36%
    494     0      376.5742   406      375.2493      Cuts: 37   142776    0.35%
    494     0      376.5652   392      375.2493      Cuts: 35   142874    0.35%
    494     0      376.5634   394      375.2493      Cuts: 27   142919    0.35%
    494     0      376.5607   390      375.2493      Cuts: 20   142981    0.35%
    494     0      376.5598   388      375.2493      Cuts: 12   143008    0.35%
    494     0      376.5579   394      375.2493      Cuts: 23   143071    0.35%
    494     2      376.5579   396      375.2493      376.5578   143071    0.35%
    495     3      376.5008   410      375.2493      376.5566   143848    0.35%
    496     4      376.4525   388      375.2493      376.5008   144304    0.33%
    497     5      376.4434   376      375.2493      376.5008   144402    0.33%
    498     6      376.4367   392      375.2493      376.5008   144444    0.33%
    499     7      376.3286   350      375.2493      376.5008   144612    0.33%
    500     8      376.0158   384      375.2493      376.5008   146684    0.33%
    502    10      376.0450   359      375.2493      376.5008   147263    0.33%
Elapsed time = 61.14 sec. (54685.33 ticks, tree = 0.04 MB, solutions = 3)
    504    12      375.9969   367      375.2493      376.5008   148265    0.33%
    510    18      375.7835   337      375.2493      376.5008   151723    0.33%
    519    27      375.6971   335      375.2493      376.5008   154304    0.33%
    525    33      375.6313   343      375.2493      376.5008   157350    0.33%
    540    42      376.4843   418      375.2493      376.5005   161323    0.33%
    547    49      376.2644   368      375.2493      376.5005   163515    0.33%
    556    58      375.7599   340      375.2493      376.5005   166932    0.33%
    565    66      375.4720   274      375.2493      376.5005   169828    0.33%
    582    71      376.2672   418      375.2493      376.4842   174329    0.33%
    590    79      375.9114   378      375.2493      376.4842   179281    0.33%
Elapsed time = 71.86 sec. (65811.68 ticks, tree = 0.33 MB, solutions = 3)
    600    89      375.7282   320      375.2493      376.4842   182311    0.33%
    614   100      375.2591   320      375.2493      376.4842   186667    0.33%
    628   109      375.9079   315      375.2493      376.4512   190887    0.32%
    640   121      375.5262   291      375.2493      376.4512   194972    0.32%
    660   139      375.2822   230      375.2493      376.4512   198574    0.32%
    670   145      375.8732   388      375.2493      376.4364   203019    0.32%
    674   149      375.6728   378      375.2493      376.4364   205721    0.32%
    694   169      375.4434   220      375.2493      376.4364   210758    0.32%
*   722   177      integral     0      375.3440      376.4364   212768    0.29%
    723   177      376.2339   380      375.3440      376.4362   213696    0.29%
    731   185      375.8369   364      375.3440      376.4362   218508    0.29%
Elapsed time = 82.15 sec. (75785.49 ticks, tree = 0.59 MB, solutions = 4)
    741   195      375.8670   368      375.3440      376.4362   223160    0.29%
    754   208      375.7195   232      375.3440      376.4362   227629    0.29%
    770   224      375.5348   230      375.3440      376.4362   232075    0.29%
*   784   178      integral     0      375.4987      376.4362   233925    0.25%
    790   182      375.9180   305      375.4987      376.3925   237540    0.24%
    804   196      375.6008   235      375.4987      376.3925   241346    0.24%
*   831   190      integral     0      375.5562      376.3925   244143    0.22%
    832   191      376.2845   398      375.5562      376.3520   245126    0.21%
    841   200      375.7593   372      375.5562      376.3520   249936    0.21%
    851   206      375.9562   361      375.5562      376.3510   254658    0.21%
    868   223      375.6493   310      375.5562      376.3510   258176    0.21%
    878   229      375.9374   371      375.5562      376.3233   262703    0.20%
Elapsed time = 92.18 sec. (85872.71 ticks, tree = 0.68 MB, solutions = 6)
    893   244      375.5602   309      375.5562      376.3233   267448    0.20%
    901   248      375.9721   330      375.5562      376.3227   272140    0.20%
    912   259      375.7102   282      375.5562      376.3227   276982    0.20%
    926   265      375.8595   378      375.5562      376.3107   280941    0.20%
    937   272      376.1573   355      375.5562      376.2849   284380    0.19%
    949   284      375.7148   299      375.5562      376.2849   288693    0.19%
    972   303      375.9900   323      375.5562      376.2815   293736    0.19%
    985   315      375.7047   343      375.5562      376.2815   297656    0.19%
   1007   331      375.6782   360      375.5562      376.2666   301006    0.19%
   1018   338      375.8241   398      375.5562      376.2641   304595    0.19%
Elapsed time = 102.42 sec. (95829.67 ticks, tree = 1.23 MB, solutions = 6)
   1026   344      375.6219   364      375.5562      376.2641   308790    0.19%
   1037   347      376.0422   342      375.5562      376.2641   312880    0.19%
   1054   364      375.7226   259      375.5562      376.2641   317241    0.19%
   1081   385      375.9087   334      375.5562      376.2611   322324    0.19%
   1094   394      376.1086   372      375.5562      376.2607   327125    0.19%
   1105   401      376.0756   398      375.5562      376.2582   331415    0.19%
   1117   413      375.6579   326      375.5562      376.2582   334965    0.19%
   1125   417      375.6710   294      375.5562      376.2555   339080    0.19%
   1138   422      376.1084   339      375.5562      376.2510   342635    0.18%
   1201   479      375.6499   159      375.5562      376.2430   359060    0.18%
Elapsed time = 115.05 sec. (109503.27 ticks, tree = 1.52 MB, solutions = 6)
   1265   529      375.9615   390      375.5562      376.2254   374919    0.18%
   1321   573      375.7647   288      375.5562      376.2097   391467    0.17%
   1374   617        cutoff            375.5562      376.2016   408294    0.17%
   1457   678      375.7363   369      375.5562      376.1809   420052    0.17%
   1547   740      375.9506   331      375.5562      376.1509   433100    0.16%
   1635   811      375.6983   259      375.5562      376.1489   444841    0.16%
*  1720   865      integral     0      375.5592      376.1426   452337    0.16%
   1733   878      375.5786   337      375.5592      376.1421   456093    0.16%
   1813   927      376.0544   314      375.5592      376.1228   468377    0.15%
   1895   993      375.7555   309      375.5592      376.1119   480738    0.15%
   1989  1050      376.0123   360      375.5592      376.1080   493321    0.15%
Elapsed time = 154.20 sec. (148212.35 ticks, tree = 11.19 MB, solutions = 7)
   2094  1122      375.8355   366      375.5592      376.0912   504490    0.14%
   2179  1183      375.8176   323      375.5592      376.0835   516638    0.14%
   2254  1229      375.9236   357      375.5592      376.0690   528824    0.14%
   2320  1271      375.7465   395      375.5592      376.0558   541009    0.13%
   2421  1339      375.7902   332      375.5592      376.0479   552455    0.13%
   2496  1391      375.6787   382      375.5592      376.0421   563678    0.13%
   2584  1446      375.7179   344      375.5592      376.0291   575914    0.13%
*  2693  1231      integral     0      375.6142      376.0276   585944    0.11%
   2705  1232      375.8740   338      375.6142      376.0262   587061    0.11%
   2774  1268      375.8889   362      375.6142      376.0150   598990    0.11%
   2855  1313      375.7022   342      375.6142      376.0061   610916    0.10%
Elapsed time = 192.30 sec. (187477.17 ticks, tree = 19.83 MB, solutions = 8)
   2940  1355      375.6747   346      375.6142      375.9969   623036    0.10%
   3014  1396      375.6737   175      375.6142      375.9923   634981    0.10%
*  3044  1329      integral     0      375.6265      375.9923   635691    0.10%
   3114  1354      375.8146   309      375.6265      375.9880   646586    0.10%
   3213  1412      375.8448   360      375.6265      375.9832   658632    0.09%
   3277  1444      375.7979   316      375.6265      375.9743   670406    0.09%
   3381  1503      375.6899   339      375.6265      375.9677   682203    0.09%
   3470  1548      375.6852   361      375.6265      375.9597   694296    0.09%
   3556  1589      375.7774   365      375.6265      375.9547   706826    0.09%
   3646  1638        cutoff            375.6265      375.9479   719219    0.09%
   3707  1652        cutoff            375.6265      375.9407   731093    0.08%
Elapsed time = 229.90 sec. (226392.50 ticks, tree = 27.06 MB, solutions = 9)
   3788  1679      375.6380   370      375.6265      375.9307   743521    0.08%
   3875  1710      375.6472   328      375.6265      375.9247   755257    0.08%
   3969  1755      375.7937   335      375.6265      375.9178   767669    0.08%
   4048  1773        cutoff            375.6265      375.9108   779205    0.08%
   4129  1805      375.7025   331      375.6265      375.9072   790853    0.07%
   4224  1841      375.6990   316      375.6265      375.9030   802812    0.07%
   4300  1859        cutoff            375.6265      375.8965   814385    0.07%
   4397  1892      375.6677   229      375.6265      375.8877   826753    0.07%
   4479  1918      375.6871   265      375.6265      375.8828   838876    0.07%
   4553  1933      375.6447   285      375.6265      375.8756   850796    0.07%
Elapsed time = 266.79 sec. (264993.60 ticks, tree = 34.05 MB, solutions = 9)
   4640  1949        cutoff            375.6265      375.8684   862567    0.06%
   4720  1973      375.6710   349      375.6265      375.8646   874855    0.06%
   4808  1997      375.7153   239      375.6265      375.8606   886706    0.06%
   4923  2045        cutoff            375.6265      375.8554   897992    0.06%
   5014  2059        cutoff            375.6265      375.8498   909689    0.06%
   5101  2077      375.7925   346      375.6265      375.8422   921699    0.06%
   5215  2112      375.7055   360      375.6265      375.8369   933581    0.06%
   5304  2150        cutoff            375.6265      375.8345   945252    0.06%
   5384  2148      375.6474   341      375.6265      375.8290   957285    0.05%
   5477  2163        cutoff            375.6265      375.8239   968141    0.05%
Elapsed time = 303.74 sec. (303717.16 ticks, tree = 38.84 MB, solutions = 9)
   5560  2166      375.7201   322      375.6265      375.8208   978982    0.05%
*  5665  2091      integral     0      375.6347      375.8184   988162    0.05%
   5674  2091      375.6362   301      375.6347      375.8167   989737    0.05%
   5756  2097        cutoff            375.6347      375.8120  1000947    0.05%
   5854  2112      375.6509   316      375.6347      375.8074  1012992    0.05%
   5943  2107      375.6373   213      375.6347      375.8027  1023776    0.04%
*  6056  2132      integral     0      375.6350      375.7982  1032873    0.04%
   6069  2133        cutoff            375.6350      375.7977  1034350    0.04%
   6184  2124      375.7392   322      375.6350      375.7917  1046059    0.04%
   6294  2123      375.6641   370      375.6350      375.7841  1058129    0.04%
   6404  2123      375.6405   288      375.6350      375.7775  1069238    0.04%
   6495  2105      375.6470   243      375.6350      375.7714  1079376    0.04%
Elapsed time = 340.54 sec. (342466.98 ticks, tree = 38.31 MB, solutions = 11)
   6619  2087        cutoff            375.6350      375.7635  1090458    0.03%
   6705  2044        cutoff            375.6350      375.7568  1100903    0.03%
   6833  2032        cutoff            375.6350      375.7519  1112017    0.03%
   6916  2008      375.6625   318      375.6350      375.7479  1122625    0.03%
   7040  1977      375.6774   175      375.6350      375.7415  1132193    0.03%
   7159  1972        cutoff            375.6350      375.7383  1143554    0.03%
   7261  1916        cutoff            375.6350      375.7330  1153389    0.03%
   7393  1867      375.7006   376      375.6350      375.7274  1163801    0.02%
   7529  1819        cutoff            375.6350      375.7211  1175428    0.02%
   7679  1790        cutoff            375.6350      375.7157  1186469    0.02%
Elapsed time = 376.49 sec. (380854.86 ticks, tree = 32.22 MB, solutions = 11)
   7843  1736        cutoff            375.6350      375.7097  1198135    0.02%
   7989  1691        cutoff            375.6350      375.7055  1209239    0.02%
*  8136   946      integral     0      375.6596      375.7019  1217408    0.01%
   8200   894        cutoff            375.6596      375.6986  1220393    0.01%
*  8280   662      integral     0      375.6662      375.6949  1224046    0.01%
   8529   457        cutoff            375.6662      375.6837  1230803    0.00%

Flow cuts applied:  36
Mixed integer rounding cuts applied:  93
Lift and project cuts applied:  1
Gomory fractional cuts applied:  4
User cuts applied:  2673

Root node processing (before b&c):
  Real time             =    2.49 sec. (2004.82 ticks)
Sequential b&c:
  Real time             =  391.60 sec. (397107.22 ticks)
                          ------------
Total (root+branch&cut) =  394.09 sec. (399112.04 ticks)
|V|                                     400
K                                       80
theta                                   0.20
r                                       10
R                                       25
prob_func                               linear
#C1                                     1644
#CP                                     9618

@Parameters: 
am_callback_heuristic                   false
am_local_search                         true
am_start_heuristic                      false
colocation                              true
comp                                    false
cutC                                    true
cutC_init                               false
cutF                                    true
cutF_init                               false
cutF_stable                             false
cutF_wrong                              false
cutLocal                                false
cutM                                    true
cutM_init                               true
cutM_stable                             false
cutP                                    true
cutP_init                               false
cutP_stable                             false
init                                    true
init_cutF_zero                          false
init_val_greedy                         true
is_Euclidean                            false
is_local_search                         true
is_right_cutP                           true
is_root                                 false
is_silent                               false
is_start                                false
mycut                                   false
pmed                                    false
pre                                     true
stable_root                             false
str                                     true
two_phase                               false
ubstr                                   false
mode                                    Int

am_callback_node_space                  50
init                                    0
mixture_seed                            1
node_space                              5
nodelimit                               -1
nsepa                                   1
strF                                    0
type_delta                              0

EPS                                     0.001000
EPS_FRAC                                0.00
gap                                     0.00
mixture_high_max                        0.99
mixture_high_min                        0.90
mixture_low_max                         0.01
mixture_low_min                         0.00
mixture_low_share                       0.80
timelimit                               3600.00

Number of Closed Sites: 12 / 960 
Number of Confined Sites-1: 4 / 316 
Number of Confined Sites-k: 384 / 4748 
Preprocess Time: 0.51 + 0.00 sec

Solve Time: 394.09
Number of Nodes: 8997
Termination Status: OPTIMAL

CutInfo: [phase] num / time (sec) / aver. num_nonzero
max              [LP]     0 / 0.00 / 0.00 [init]   123 / 0.00 / 2.62 [rLC]   258 / 0.01 / 9.48 [rUC]   865 / 0.05 / 6.66 [sLC]     0 / 0.05 / 0.00 [sUC]   898 / 1.64 / 7.43 
prod_oa          [LP]     0 / 0.00 / 0.00 [init]   121 / 0.00 / 15.08 [rLC]   311 / 0.01 / 28.44 [rUC]   158 / 0.06 / 21.58 [sLC]     3 / 0.02 / 29.00 [sUC]   460 / 1.98 / 26.60 
prod_sm_fixed    [LP]     0 / 0.00 / 0.00 [init]     0 / 0.00 / 0.00 [rLC]     0 / 0.00 / 0.00 [rUC]     0 / 0.00 / 0.00 [sLC]     0 / 0.00 / 0.00 [sUC]     0 / 0.00 / 0.00 
prod_bin         [LP]     0 / 0.00 / 0.00 [init]     0 / 0.00 / 0.00 [rLC]     0 / 0.00 / 0.00 [rUC]     0 / 0.00 / 0.00 [sLC]     0 / 0.00 / 0.00 [sUC]     0 / 0.00 / 0.00 
prod_local       [LP]     0 / 0.00 / 0.00 [init]     0 / 0.00 / 0.00 [rLC]     0 / 0.00 / 0.00 [rUC]     0 / 0.00 / 0.00 [sLC]     0 / 0.00 / 0.00 [sUC]     0 / 0.00 / 0.00 
prod_sm_C        [LP]     0 / 0.00 / 0.00 [init]     0 / 0.01 / 0.00 [rLC]     0 / 0.04 / 0.00 [rUC]  1078 / 0.30 / 29.77 [sLC]     0 / 0.16 / 0.00 [sUC]  3166 / 11.76 / 39.47 
facet            [LP]     0 / 0.00 / 0.00 [init]     0 / 0.00 / 0.00 [rLC]     0 / 0.00 / 0.00 [rUC]  1078 / 0.00 / 0.00 [sLC]     0 / 0.00 / 0.00 [sUC]  3166 / 0.00 / 0.00 
Separation Round:   [LP] 0  [init] 1  [rLC] 3  [rUC] 21  [sLC] 15  [sUC] 11710  
Root Best Bound 376.845070
Root Best Integer: 371.701481
Best Bound: 375.669858
Best Integer: 375.666164
1: 5, 11, 12, 14, 26, 27, 28, 29, 33, 38, 39, 40, 42, 47, 53, 60, 74, 76, 85, 86, 87, 100, 107, 108, 114, 124, 126, 132, 134, 137, 138, 148, 152, 155, 157, 161, 176, 177, 178, 185, 187, 188, 192, 197, 201, 206, 207, 213, 215, 232, 248, 263, 265, 266, 267, 271, 284, 292, 293, 295, 305, 317, 326, 327, 328, 331, 338, 346, 352, 354, 358, 360, 361, 373, 375, 376, 383, 392, 394, 400
Objective Value (calc): 375.663114
sum_etaM = 364.666667 / 364.666667
sum_etaP = 378.416038 / 378.412226
nL: 80
nCL: 0
mCL: 1
