Version identifier: 20.1.0.0 | 2020-11-10 | 9bedb6d68
CPXPARAM_Threads                                 1
CPXPARAM_TimeLimit                               3600
CPXPARAM_MIP_Tolerances_MIPGap                   0
Generic callback                                 0x60
1 of 1 MIP starts provided solutions.
MIP start 'm1' defined initial solution with objective 193.2023.
Tried aggregator 2 times.
MIP Presolve eliminated 52 rows and 32 columns.
Aggregator did 20 substitutions.
Reduced MIP has 889 rows, 1148 columns, and 3846 nonzeros.
Reduced MIP has 284 binaries, 264 generals, 0 SOSs, and 0 indicators.
Presolve time = 0.00 sec. (2.11 ticks)
Probing time = 0.00 sec. (0.21 ticks)
Tried aggregator 1 time.
Reduced MIP has 889 rows, 1148 columns, and 3846 nonzeros.
Reduced MIP has 284 binaries, 264 generals, 0 SOSs, and 0 indicators.
Presolve time = 0.00 sec. (1.21 ticks)
Probing time = 0.00 sec. (0.21 ticks)
MIP emphasis: balance optimality and feasibility.
MIP search method: dynamic search.
Parallel mode: none, using 1 thread.
Root relaxation solution time = 0.01 sec. (9.76 ticks)

        Nodes                                         Cuts/
   Node  Left     Objective  IInf  Best Integer    Best Bound    ItCnt     Gap

*     0+    0                          193.2023      300.0000            55.28%
      0     0      236.5346    44      193.2023      236.5346      722   22.43%
      0     0      197.6334    40      193.2023     Cuts: 288      992    2.29%
      0     0      196.7168    60      193.2023      Cuts: 96     1105    1.82%
      0     0      196.6640    40      193.2023      Cuts: 22     1124    1.79%
      0     0      196.6463    48      193.2023       Cuts: 9     1164    1.78%
      0     0      196.6412    54      193.2023       Cuts: 5     1180    1.78%
      0     0      196.6380    28      193.2023      Cuts: 11     1186    1.78%
      0     2      196.6380    28      193.2023      196.6369     1186    1.78%
Elapsed time = 0.26 sec. (172.96 ticks, tree = 0.01 MB, solutions = 1)
*     8     3      integral     0      196.5631      196.6369     1384    0.04%

Flow cuts applied:  21
Mixed integer rounding cuts applied:  23
Lift and project cuts applied:  3
Gomory fractional cuts applied:  1
User cuts applied:  319

Root node processing (before b&c):
  Real time             =    0.26 sec. (172.96 ticks)
Sequential b&c:
  Real time             =    0.07 sec. (23.83 ticks)
                          ------------
Total (root+branch&cut) =    0.33 sec. (196.79 ticks)
|V|                                     300
K                                       30
theta                                   0.80
r                                       10
R                                       25
prob_func                               linear
#C1                                     902
#CP                                     3342

@Parameters: 
am_callback_heuristic                   false
am_local_search                         true
am_start_heuristic                      false
colocation                              true
comp                                    false
cutC                                    true
cutC_init                               false
cutF                                    false
cutF_init                               false
cutF_stable                             false
cutF_wrong                              false
cutLocal                                false
cutM                                    true
cutM_init                               true
cutM_stable                             false
cutP                                    true
cutP_init                               false
cutP_stable                             false
init                                    true
init_cutF_zero                          false
init_val_greedy                         true
is_Euclidean                            false
is_local_search                         false
is_right_cutP                           true
is_root                                 false
is_silent                               false
is_start                                false
mycut                                   false
pmed                                    false
pre                                     true
stable_root                             false
str                                     true
two_phase                               false
ubstr                                   false
mode                                    Int

am_callback_node_space                  50
init                                    0
mixture_seed                            1
node_space                              5
nodelimit                               -1
nsepa                                   1
strF                                    0
type_delta                              0

EPS                                     0.001000
EPS_FRAC                                0.00
gap                                     0.00
mixture_high_max                        0.99
mixture_high_min                        0.90
mixture_low_max                         0.01
mixture_low_min                         0.00
mixture_low_share                       0.80
timelimit                               3600.00

Number of Closed Sites: 16 / 480 
Number of Confined Sites-1: 20 / 580 
Number of Confined Sites-k: 264 / 2131 
Preprocess Time: 0.63 + 0.00 sec

Solve Time: 0.33
Number of Nodes: 18
Termination Status: OPTIMAL

CutInfo: [phase] num / time (sec) / aver. num_nonzero
max              [LP]     0 / 0.00 / 0.00 [init]   180 / 0.00 / 3.03 [rLC]   174 / 0.01 / 9.43 [rUC]   209 / 0.02 / 7.45 [sLC]     0 / 0.00 / 0.00 [sUC]     6 / 0.00 / 8.67 
prod_oa          [LP]     0 / 0.00 / 0.00 [init]   180 / 0.00 / 9.31 [rLC]   232 / 0.00 / 15.52 [rUC]    90 / 0.01 / 14.78 [sLC]     1 / 0.00 / 11.00 [sUC]    28 / 0.01 / 19.18 
prod_sm_fixed    [LP]     0 / 0.00 / 0.00 [init]     0 / 0.00 / 0.00 [rLC]     0 / 0.00 / 0.00 [rUC]     0 / 0.00 / 0.00 [sLC]     0 / 0.00 / 0.00 [sUC]     0 / 0.00 / 0.00 
prod_bin         [LP]     0 / 0.00 / 0.00 [init]     0 / 0.00 / 0.00 [rLC]     0 / 0.00 / 0.00 [rUC]     0 / 0.00 / 0.00 [sLC]     0 / 0.00 / 0.00 [sUC]     0 / 0.00 / 0.00 
prod_local       [LP]     0 / 0.00 / 0.00 [init]     0 / 0.00 / 0.00 [rLC]     0 / 0.00 / 0.00 [rUC]     0 / 0.00 / 0.00 [sLC]     0 / 0.00 / 0.00 [sUC]     0 / 0.00 / 0.00 
prod_sm_C        [LP]     0 / 0.00 / 0.00 [init]     0 / 0.00 / 0.00 [rLC]     0 / 0.00 / 0.00 [rUC]     0 / 0.00 / 0.00 [sLC]     0 / 0.00 / 0.00 [sUC]     0 / 0.00 / 0.00 
facet            [LP]     0 / 0.00 / 0.00 [init]     0 / 0.00 / 0.00 [rLC]     0 / 0.00 / 0.00 [rUC]     0 / 0.00 / 0.00 [sLC]     0 / 0.00 / 0.00 [sUC]     0 / 0.00 / 0.00 
Separation Round:   [LP] 0  [init] 1  [rLC] 3  [rUC] 8  [sLC] 2  [sUC] 25  
Root Best Bound 196.636901
Root Best Integer: 193.202293
Best Bound: 196.602061
Best Integer: 196.563148
1: 2, 4, 6, 9, 17, 27, 30, 41, 56, 79, 84, 93, 100, 124, 135, 143, 148, 151, 156, 158, 161, 165, 180, 208, 232, 239, 253, 271, 274, 275
Objective Value (calc): 196.562084
sum_etaM = 195.333333 / 195.333333
sum_etaP = 201.482409 / 201.477088
nL: 30
nCL: 0
mCL: 1
