Version identifier: 20.1.0.0 | 2020-11-10 | 9bedb6d68
CPXPARAM_Threads                                 1
CPXPARAM_TimeLimit                               3600
CPXPARAM_MIP_Tolerances_MIPGap                   0
Generic callback                                 0x60
1 of 1 MIP starts provided solutions.
MIP start 'm1' defined initial solution with objective 50.3258.
Tried aggregator 2 times.
MIP Presolve eliminated 69 rows and 28 columns.
MIP Presolve modified 81 coefficients.
Aggregator did 41 substitutions.
Reduced MIP has 635 rows, 731 columns, and 2040 nonzeros.
Reduced MIP has 186 binaries, 145 generals, 0 SOSs, and 0 indicators.
Presolve time = 0.00 sec. (1.35 ticks)
Probing time = 0.00 sec. (0.12 ticks)
Tried aggregator 1 time.
Reduced MIP has 635 rows, 731 columns, and 2040 nonzeros.
Reduced MIP has 186 binaries, 145 generals, 0 SOSs, and 0 indicators.
Presolve time = 0.00 sec. (0.70 ticks)
Probing time = 0.00 sec. (0.12 ticks)
MIP emphasis: balance optimality and feasibility.
MIP search method: dynamic search.
Parallel mode: none, using 1 thread.
Root relaxation solution time = 0.00 sec. (2.37 ticks)

        Nodes                                         Cuts/
   Node  Left     Objective  IInf  Best Integer    Best Bound    ItCnt     Gap

*     0+    0                           50.3258      200.0000           297.41%
      0     0       52.4370    36       50.3258       73.5136      515   46.08%
      0     0       50.9056    40       50.3258     Cuts: 101      596    1.15%
      0     0       50.5523    32       50.3258      Cuts: 48      633    0.45%

Repeating presolve.
Tried aggregator 1 time.
MIP Presolve eliminated 313 rows and 318 columns.
MIP Presolve modified 77 coefficients.
Reduced MIP has 322 rows, 413 columns, and 897 nonzeros.
Reduced MIP has 69 binaries, 50 generals, 0 SOSs, and 0 indicators.
Presolve time = 0.00 sec. (0.70 ticks)
Probing time = 0.00 sec. (0.05 ticks)
Tried aggregator 1 time.
Reduced MIP has 322 rows, 413 columns, and 897 nonzeros.
Reduced MIP has 69 binaries, 50 generals, 0 SOSs, and 0 indicators.
Presolve time = 0.00 sec. (0.31 ticks)
Represolve time = 0.00 sec. (1.85 ticks)
Probing time = 0.00 sec. (0.05 ticks)
MIP emphasis: balance optimality and feasibility.
MIP search method: dynamic search.
Parallel mode: none, using 1 thread.
Root relaxation solution time = 0.01 sec. (4.60 ticks)

        Nodes                                         Cuts/
   Node  Left     Objective  IInf  Best Integer    Best Bound    ItCnt     Gap

*     0+    0                           50.3258       50.5523             0.45%
      0     0       50.4995    26       50.3258       50.4995     1053    0.35%
      0     0       50.3689    34       50.3258      Cuts: 17     1084    0.09%
      0     0       50.3561    26       50.3258       Cuts: 3     1094    0.06%
      0     0       50.3435    24       50.3258      Cuts: 13     1100    0.04%
      0     0       50.3328    24       50.3258    MIRcuts: 2     1102    0.01%
      0     0       50.3325    24       50.3258 UserPurge2: 2     1103    0.01%
      0     2       50.3325    24       50.3258       50.3300     1103    0.01%
Elapsed time = 0.11 sec. (52.30 ticks, tree = 0.01 MB, solutions = 1)

Flow cuts applied:  30
Mixed integer rounding cuts applied:  15
Gomory fractional cuts applied:  10
User cuts applied:  87

Root node processing (before b&c):
  Real time             =    0.11 sec. (52.31 ticks)
Sequential b&c:
  Real time             =    0.00 sec. (0.32 ticks)
                          ------------
Total (root+branch&cut) =    0.11 sec. (52.63 ticks)
|V|                                     200
K                                       10
theta                                   0.50
r                                       5
R                                       20
prob_func                               linear
#C1                                     292
#CP                                     592

@Parameters: 
am_callback_heuristic                   false
am_local_search                         true
am_start_heuristic                      false
colocation                              true
comp                                    false
cutC                                    true
cutC_init                               false
cutF                                    false
cutF_init                               false
cutF_stable                             false
cutF_wrong                              false
cutLocal                                false
cutM                                    true
cutM_init                               true
cutM_stable                             false
cutP                                    true
cutP_init                               false
cutP_stable                             false
init                                    true
init_cutF_zero                          false
init_val_greedy                         true
is_Euclidean                            false
is_local_search                         false
is_right_cutP                           true
is_root                                 false
is_silent                               false
is_start                                false
mycut                                   false
pmed                                    false
pre                                     true
stable_root                             false
str                                     false
two_phase                               false
ubstr                                   false
mode                                    Int

am_callback_node_space                  50
init                                    0
mixture_seed                            1
node_space                              5
nodelimit                               -1
nsepa                                   1
strF                                    0
type_delta                              0

EPS                                     0.001000
EPS_FRAC                                0.00
gap                                     0.00
mixture_high_max                        0.99
mixture_high_min                        0.90
mixture_low_max                         0.01
mixture_low_min                         0.00
mixture_low_share                       0.80
timelimit                               3600.00

Number of Closed Sites: 14 / 140 
Number of Confined Sites-1: 41 / 369 
Number of Confined Sites-k: 145 / 556 
Preprocess Time: 0.18 + 0.00 sec

Solve Time: 0.11
Number of Nodes: 3
Termination Status: OPTIMAL

CutInfo: [phase] num / time (sec) / aver. num_nonzero
max              [LP]     0 / 0.00 / 0.00 [init]   172 / 0.00 / 2.31 [rLC]    64 / 0.01 / 7.78 [rUC]    69 / 0.00 / 5.64 [sLC]     0 / 0.00 / 0.00 [sUC]     0 / 0.00 / 0.00 
prod_oa          [LP]     0 / 0.00 / 0.00 [init]   172 / 0.00 / 3.40 [rLC]   107 / 0.00 / 7.54 [rUC]    26 / 0.00 / 9.08 [sLC]     0 / 0.00 / 0.00 [sUC]     0 / 0.00 / 0.00 
prod_sm_fixed    [LP]     0 / 0.00 / 0.00 [init]     0 / 0.00 / 0.00 [rLC]     0 / 0.00 / 0.00 [rUC]     0 / 0.00 / 0.00 [sLC]     0 / 0.00 / 0.00 [sUC]     0 / 0.00 / 0.00 
prod_bin         [LP]     0 / 0.00 / 0.00 [init]     0 / 0.00 / 0.00 [rLC]     0 / 0.00 / 0.00 [rUC]     0 / 0.00 / 0.00 [sLC]     0 / 0.00 / 0.00 [sUC]     0 / 0.00 / 0.00 
prod_local       [LP]     0 / 0.00 / 0.00 [init]     0 / 0.00 / 0.00 [rLC]     0 / 0.00 / 0.00 [rUC]     0 / 0.00 / 0.00 [sLC]     0 / 0.00 / 0.00 [sUC]     0 / 0.00 / 0.00 
prod_sm_C        [LP]     0 / 0.00 / 0.00 [init]     0 / 0.00 / 0.00 [rLC]     0 / 0.00 / 0.00 [rUC]     0 / 0.00 / 0.00 [sLC]     0 / 0.00 / 0.00 [sUC]     0 / 0.00 / 0.00 
facet            [LP]     0 / 0.00 / 0.00 [init]     0 / 0.00 / 0.00 [rLC]     0 / 0.00 / 0.00 [rUC]     0 / 0.00 / 0.00 [sLC]     0 / 0.00 / 0.00 [sUC]     0 / 0.00 / 0.00 
Separation Round:   [LP] 0  [init] 1  [rLC] 3  [rUC] 9  [sLC] 0  [sUC] 2  
Root Best Bound 50.329774
Root Best Integer: 50.325778
Best Bound: 50.329774
Best Integer: 50.325778
1: 14, 47, 75, 88, 91, 142, 169, 181, 191, 199
Objective Value (calc): 50.325778
sum_etaM = 50.066667 / 50.066667
sum_etaP = 50.584889 / 50.584889
nL: 10
nCL: 0
mCL: 1
