Version identifier: 20.1.0.0 | 2020-11-10 | 9bedb6d68
CPXPARAM_Threads                                 1
CPXPARAM_TimeLimit                               3600
CPXPARAM_MIP_Tolerances_MIPGap                   0
Generic callback                                 0x60
1 of 1 MIP starts provided solutions.
MIP start 'm1' defined initial solution with objective 67.5084.
Tried aggregator 2 times.
MIP Presolve eliminated 52 rows and 28 columns.
Aggregator did 24 substitutions.
Reduced MIP has 641 rows, 748 columns, and 2223 nonzeros.
Reduced MIP has 186 binaries, 162 generals, 0 SOSs, and 0 indicators.
Presolve time = 0.00 sec. (1.36 ticks)
Probing time = 0.00 sec. (0.12 ticks)
Tried aggregator 1 time.
Reduced MIP has 641 rows, 748 columns, and 2223 nonzeros.
Reduced MIP has 186 binaries, 162 generals, 0 SOSs, and 0 indicators.
Presolve time = 0.00 sec. (0.76 ticks)
Probing time = 0.00 sec. (0.12 ticks)
MIP emphasis: balance optimality and feasibility.
MIP search method: dynamic search.
Parallel mode: none, using 1 thread.
Root relaxation solution time = 0.00 sec. (3.53 ticks)

        Nodes                                         Cuts/
   Node  Left     Objective  IInf  Best Integer    Best Bound    ItCnt     Gap

*     0+    0                           67.5084      200.0000           196.26%
      0     0       91.6838    10       67.5084       91.6838      517   35.81%
      0     0       69.5580    31       67.5084     Cuts: 137      623    3.04%
      0     0       68.3789    38       67.5084      Cuts: 84      709    1.29%
      0     0       68.1063     6       67.5084      Cuts: 63      767    0.89%

Repeating presolve.
Tried aggregator 1 time.
MIP Presolve eliminated 243 rows and 227 columns.
MIP Presolve modified 76 coefficients.
Reduced MIP has 398 rows, 521 columns, and 1277 nonzeros.
Reduced MIP has 99 binaries, 68 generals, 0 SOSs, and 0 indicators.
Presolve time = 0.00 sec. (0.86 ticks)
Probing time = 0.00 sec. (0.07 ticks)
Tried aggregator 1 time.
Reduced MIP has 398 rows, 521 columns, and 1277 nonzeros.
Reduced MIP has 99 binaries, 68 generals, 0 SOSs, and 0 indicators.
Presolve time = 0.00 sec. (0.45 ticks)
Represolve time = 0.00 sec. (2.51 ticks)
Probing time = 0.00 sec. (0.07 ticks)
MIP emphasis: balance optimality and feasibility.
MIP search method: dynamic search.
Parallel mode: none, using 1 thread.
Root relaxation solution time = 0.01 sec. (9.79 ticks)

        Nodes                                         Cuts/
   Node  Left     Objective  IInf  Best Integer    Best Bound    ItCnt     Gap

*     0+    0                           67.5084       68.1063             0.89%
      0     0       68.1063     6       67.5084       68.1063     1310    0.89%
      0     0       68.0683    29       67.5084      Cuts: 29     1332    0.83%
      0     0       68.0363    31       67.5084      Cuts: 22     1359    0.78%
      0     0       68.0196    29       67.5084      Cuts: 14     1374    0.76%
      0     0       68.0129    39       67.5084       Cuts: 9     1391    0.75%
      0     0       68.0061    23       67.5084       Cuts: 4     1393    0.74%
      0     0       68.0056    31       67.5084 UserPurge2: 15     1396    0.74%
      0     0       68.0037    31       67.5084 UserPurge2: 1     1397    0.73%
      0     2       68.0037    31       67.5084       67.9913     1397    0.72%
Elapsed time = 0.17 sec. (85.45 ticks, tree = 0.01 MB, solutions = 1)
*     2     2      integral     0       67.9851       67.9875     1406    0.00%

Flow cuts applied:  5
Mixed integer rounding cuts applied:  8
Gomory fractional cuts applied:  4
User cuts applied:  175

Root node processing (before b&c):
  Real time             =    0.17 sec. (85.46 ticks)
Sequential b&c:
  Real time             =    0.00 sec. (1.17 ticks)
                          ------------
Total (root+branch&cut) =    0.18 sec. (86.62 ticks)
|V|                                     200
K                                       10
theta                                   0.20
r                                       10
R                                       25
prob_func                               linear
#C1                                     414
#CP                                     906

@Parameters: 
am_callback_heuristic                   false
am_local_search                         true
am_start_heuristic                      false
colocation                              true
comp                                    false
cutC                                    true
cutC_init                               false
cutF                                    true
cutF_init                               false
cutF_stable                             false
cutF_wrong                              false
cutLocal                                false
cutM                                    true
cutM_init                               true
cutM_stable                             false
cutP                                    true
cutP_init                               false
cutP_stable                             false
init                                    true
init_cutF_zero                          false
init_val_greedy                         true
is_Euclidean                            false
is_local_search                         true
is_right_cutP                           true
is_root                                 false
is_silent                               false
is_start                                false
mycut                                   false
pmed                                    false
pre                                     true
stable_root                             false
str                                     true
two_phase                               false
ubstr                                   false
mode                                    Int

am_callback_node_space                  50
init                                    0
mixture_seed                            1
node_space                              5
nodelimit                               -1
nsepa                                   1
strF                                    0
type_delta                              0

EPS                                     0.001000
EPS_FRAC                                0.00
gap                                     0.00
mixture_high_max                        0.99
mixture_high_min                        0.90
mixture_low_max                         0.01
mixture_low_min                         0.00
mixture_low_share                       0.80
timelimit                               3600.00

Number of Closed Sites: 14 / 140 
Number of Confined Sites-1: 24 / 216 
Number of Confined Sites-k: 162 / 554 
Preprocess Time: 0.17 + 0.00 sec

Solve Time: 0.18
Number of Nodes: 5
Termination Status: OPTIMAL

CutInfo: [phase] num / time (sec) / aver. num_nonzero
max              [LP]     0 / 0.00 / 0.00 [init]   158 / 0.00 / 2.92 [rLC]    85 / 0.00 / 8.96 [rUC]   116 / 0.01 / 7.86 [sLC]     0 / 0.00 / 0.00 [sUC]     0 / 0.00 / 0.00 
prod_oa          [LP]     0 / 0.00 / 0.00 [init]   158 / 0.00 / 4.58 [rLC]   102 / 0.00 / 10.83 [rUC]    30 / 0.01 / 11.97 [sLC]     0 / 0.00 / 0.00 [sUC]     0 / 0.00 / 0.00 
prod_sm_fixed    [LP]     0 / 0.00 / 0.00 [init]     0 / 0.00 / 0.00 [rLC]     0 / 0.00 / 0.00 [rUC]     0 / 0.00 / 0.00 [sLC]     0 / 0.00 / 0.00 [sUC]     0 / 0.00 / 0.00 
prod_bin         [LP]     0 / 0.00 / 0.00 [init]     0 / 0.00 / 0.00 [rLC]     0 / 0.00 / 0.00 [rUC]     0 / 0.00 / 0.00 [sLC]     0 / 0.00 / 0.00 [sUC]     0 / 0.00 / 0.00 
prod_local       [LP]     0 / 0.00 / 0.00 [init]     0 / 0.00 / 0.00 [rLC]     0 / 0.00 / 0.00 [rUC]     0 / 0.00 / 0.00 [sLC]     0 / 0.00 / 0.00 [sUC]     0 / 0.00 / 0.00 
prod_sm_C        [LP]     0 / 0.00 / 0.00 [init]     0 / 0.00 / 0.00 [rLC]     0 / 0.01 / 0.00 [rUC]   182 / 0.02 / 21.48 [sLC]     0 / 0.00 / 0.00 [sUC]     0 / 0.00 / 0.00 
facet            [LP]     0 / 0.00 / 0.00 [init]     0 / 0.00 / 0.00 [rLC]     0 / 0.00 / 0.00 [rUC]   182 / 0.00 / 0.00 [sLC]     0 / 0.00 / 0.00 [sUC]     0 / 0.00 / 0.00 
Separation Round:   [LP] 0  [init] 1  [rLC] 4  [rUC] 12  [sLC] 1  [sUC] 2  
Root Best Bound 67.987528
Root Best Integer: 67.508444
Best Bound: 67.987528
Best Integer: 67.508444
1: 12, 47, 69, 71, 74, 91, 142, 186, 191, 199
Objective Value (calc): 67.985126
sum_etaM = 67.000000 / 67.000000
sum_etaP = 68.231407 / 68.231407
nL: 10
nCL: 0
mCL: 1
