Version identifier: 20.1.0.0 | 2020-11-10 | 9bedb6d68
CPXPARAM_Threads                                 1
CPXPARAM_TimeLimit                               3600
CPXPARAM_MIP_Tolerances_MIPGap                   0
Generic callback                                 0x60
1 of 1 MIP starts provided solutions.
MIP start 'm1' defined initial solution with objective 431.0029.
Tried aggregator 2 times.
MIP Presolve eliminated 10 rows and 8 columns.
Aggregator did 2 substitutions.
Reduced MIP has 1996 rows, 2390 columns, and 44638 nonzeros.
Reduced MIP has 596 binaries, 594 generals, 0 SOSs, and 0 indicators.
Presolve time = 0.02 sec. (15.05 ticks)
Probing time = 0.00 sec. (4.93 ticks)
Tried aggregator 1 time.
Reduced MIP has 1996 rows, 2390 columns, and 44638 nonzeros.
Reduced MIP has 596 binaries, 594 generals, 0 SOSs, and 0 indicators.
Presolve time = 0.01 sec. (8.76 ticks)
Probing time = 0.00 sec. (4.92 ticks)
MIP emphasis: balance optimality and feasibility.
MIP search method: dynamic search.
Parallel mode: none, using 1 thread.
Root relaxation solution time = 0.18 sec. (230.94 ticks)

        Nodes                                         Cuts/
   Node  Left     Objective  IInf  Best Integer    Best Bound    ItCnt     Gap

*     0+    0                          431.0029      600.0000            39.21%
      0     0      469.7961    42      431.0029      469.7961     2283    9.00%
      0     0      438.4134    82      431.0029     Cuts: 585     2944    1.72%
      0     0      437.4276    88      431.0029     Cuts: 214     3226    1.49%
      0     0      437.1194    96      431.0029     Cuts: 157     3429    1.42%
      0     0      436.9848    86      431.0029      Cuts: 69     3526    1.39%
      0     0      436.8953    86      431.0029      Cuts: 64     3623    1.37%
      0     0      436.8390    92      431.0029      Cuts: 39     3685    1.35%
      0     0      436.8269    94      431.0029      Cuts: 34     3750    1.35%
      0     0      436.8039    82      431.0029      Cuts: 20     3802    1.35%
      0     0      436.7948    86      431.0029      Cuts: 38     3836    1.34%
      0     0      436.7926    86      431.0029 UserPurge2: 6     3850    1.34%
      0     0      436.7905    90      431.0029 UserPurge2: 8     3864    1.34%
      0     0      436.7903    90      431.0029 UserPurge2: 4     3872    1.34%
      0     0      436.7897    84      431.0029 UserPurge2: 4     3880    1.34%
      0     0      436.7896    84      431.0029 UserPurge2: 1     3882    1.34%
      0     0      436.7896    88      431.0029 UserPurge2: 6     3886    1.34%
      0     2      436.2849    92      431.0029      436.2836     3886    1.23%
Elapsed time = 2.96 sec. (2389.29 ticks, tree = 0.01 MB, solutions = 1)
      4     6      435.0264    72      431.0029      436.2836     5018    1.23%
      5     7      433.3945    70      431.0029      436.2836     6261    1.23%
      7     9      433.9976    60      431.0029      436.2836     7053    1.23%
     10    12      432.9038    60      431.0029      436.2836     8027    1.23%
     12    14      432.9034    48      431.0029      436.2836    10002    1.23%
     15    17      432.1274    42      431.0029      436.2836    11412    1.23%
     18    18        cutoff            431.0029      436.2836    12355    1.23%
     29    19      436.0136    96      431.0029      436.0134    13869    1.16%
     30    20      435.8084    88      431.0029      436.0121    14411    1.16%
     40    30      432.3898    50      431.0029      435.8083    18415    1.11%
Elapsed time = 6.79 sec. (6467.12 ticks, tree = 0.15 MB, solutions = 1)
     50    36      434.0375    72      431.0029      435.8080    21742    1.11%
     65    43      434.2886    66      431.0029      435.4709    25166    1.04%
     75    53      431.3095    80      431.0029      435.4709    29316    1.04%
     86    60      432.8477    48      431.0029      435.3261    33027    1.00%
     98    67      431.6818    34      431.0029      435.2086    36854    0.98%
*   100+   67                          431.0039      435.2086             0.98%
    110    73      433.1994    78      431.0039      435.2085    40537    0.98%
    117    80      431.8567    80      431.0039      435.2085    43063    0.98%
    126    85      432.6906    74      431.0039      435.0451    46625    0.94%
    134    89      433.6396    56      431.0039      434.9234    50837    0.91%
    145    98        cutoff            431.0039      434.9234    54921    0.91%
Elapsed time = 17.08 sec. (17004.92 ticks, tree = 0.61 MB, solutions = 2)
    156   105      431.8766    68      431.0039      434.7404    58570    0.87%
    165   110      433.0716    90      431.0039      434.7101    61733    0.86%
    172   117      431.0549    62      431.0039      434.7101    65459    0.86%
    181   122      432.2114    80      431.0039      434.7087    68831    0.86%
    191   128      432.7151    60      431.0039      434.6105    72521    0.84%
    200   133      433.5782    64      431.0039      434.5146    75424    0.81%
    209   142      431.1603    58      431.0039      434.5146    79119    0.81%
    219   148      431.2528    70      431.0039      434.4825    82742    0.81%
    229   154      431.4280    42      431.0039      434.4822    86010    0.81%
    240   159      432.2668    70      431.0039      434.4743    88555    0.81%
Elapsed time = 27.09 sec. (27462.51 ticks, tree = 0.98 MB, solutions = 2)
    251   164      432.9653    66      431.0039      434.3198    92006    0.77%
    263   170      433.3321    70      431.0039      434.2872    95420    0.76%
    276   179      431.5936    62      431.0039      434.2342    98886    0.75%
    290   187        cutoff            431.0039      434.1681   101578    0.73%
    303   194      433.2949    54      431.0039      434.0537   104740    0.71%
    322   207      432.4382    56      431.0039      434.0488   107492    0.71%
    334   215      431.9306    60      431.0039      433.9968   110204    0.69%
    346   219        cutoff            431.0039      433.9632   112535    0.69%
    358   221      431.7720    48      431.0039      433.8751   115313    0.67%
    370   229      431.6230    76      431.0039      433.8726   117731    0.67%
Elapsed time = 36.79 sec. (37622.62 ticks, tree = 2.52 MB, solutions = 2)
    387   239      432.6666    62      431.0039      433.7902   120944    0.65%
    398   244      432.1093    64      431.0039      433.7270   123793    0.63%
    409   251      432.1174    58      431.0039      433.7010   125787    0.63%
    424   258      433.2511    66      431.0039      433.6417   128604    0.61%
    439   267      431.9398    60      431.0039      433.6336   131211    0.61%
    452   272      431.9983    60      431.0039      433.6277   134012    0.61%
    465   281      431.7078    50      431.0039      433.5833   137087    0.60%
    481   289      432.1103    46      431.0039      433.5519   140162    0.59%
    495   297      431.1091    44      431.0039      433.5249   142903    0.58%
    512   304      431.5252    48      431.0039      433.5050   145741    0.58%
Elapsed time = 46.81 sec. (47935.79 ticks, tree = 4.10 MB, solutions = 2)
    522   306      432.4983    70      431.0039      433.4330   148439    0.56%
    534   314      431.3563    34      431.0039      433.4327   151179    0.56%
    549   319      432.6396    52      431.0039      433.4001   153930    0.56%
    563   325      432.1903    54      431.0039      433.3932   156852    0.55%
    573   332      431.6349    56      431.0039      433.3719   159537    0.55%
    583   332      431.8664    64      431.0039      433.3385   162309    0.54%
    598   339      431.9980    66      431.0039      433.3269   165859    0.54%
    615   344      432.0229    58      431.0039      433.3020   168495    0.53%
    630   351      432.5210    38      431.0039      433.2922   171392    0.53%
*   640+  355                          431.1054      433.2922             0.51%
    650   363      431.6467    58      431.1054      433.2913   173840    0.51%
Elapsed time = 56.64 sec. (58333.93 ticks, tree = 6.01 MB, solutions = 3)
    669   368      431.7826    50      431.1054      433.2226   176509    0.49%
    682   373      431.5379    50      431.1054      433.2004   179206    0.49%
    693   374      431.3908    72      431.1054      433.1896   181788    0.48%
    706   381      431.1667    56      431.1054      433.1722   183773    0.48%
    717   384      432.3926    62      431.1054      433.1710   185864    0.48%
    725   388      432.5852    84      431.1054      433.1688   187834    0.48%
    735   390      432.4708    60      431.1054      433.1544   190718    0.48%
    746   397      431.7927    46      431.1054      433.1540   192342    0.48%
    760   401        cutoff            431.1054      433.1184   195233    0.47%
    777   406      431.7150    56      431.1054      433.0750   197818    0.46%
Elapsed time = 65.77 sec. (68513.10 ticks, tree = 7.20 MB, solutions = 3)
    788   409      431.5528    86      431.1054      433.0706   200572    0.46%
    797   410      432.3381    66      431.1054      433.0689   203373    0.46%
    807   416      431.7169    64      431.1054      433.0688   205404    0.46%
    821   422      431.2581    46      431.1054      433.0656   207876    0.45%
    836   421      431.8342    70      431.1054      433.0580   210586    0.45%
    853   426      431.7545    68      431.1054      433.0262   214336    0.45%
    865   428      431.5301    42      431.1054      433.0085   216530    0.44%
    878   433      431.1657    48      431.1054      432.9822   218692    0.44%
    897   440      431.1770    52      431.1054      432.9709   221440    0.43%
    905   440      432.0263    54      431.1054      432.9593   223473    0.43%
Elapsed time = 75.39 sec. (78934.36 ticks, tree = 7.97 MB, solutions = 3)
    918   445      431.9081    58      431.1054      432.9517   226094    0.43%
    935   450      431.3835    38      431.1054      432.9382   228734    0.43%
    949   456      431.3686    70      431.1054      432.9265   231501    0.42%
    965   456      432.1726    50      431.1054      432.9160   234321    0.42%
    980   463      431.9718    44      431.1054      432.9092   236628    0.42%
    998   469      432.3556    48      431.1054      432.8767   239257    0.41%
*  1000+  452                          431.2544      432.8767             0.38%
*  1000+  415                          431.4075      432.8767             0.34%
   1010   421      432.0668    58      431.4075      432.8752   240751    0.34%
   1022   421      431.5378    56      431.4075      432.8674   243926    0.34%
   1035   422      431.8090    82      431.4075      432.8576   246238    0.34%
   1045   422        cutoff            431.4075      432.8469   248489    0.33%
Elapsed time = 84.84 sec. (89515.02 ticks, tree = 7.97 MB, solutions = 5)
   1057   424      431.9200    72      431.4075      432.8273   250990    0.33%
   1067   422      431.6061    44      431.4075      432.7909   253655    0.32%
   1082   423      431.5050    38      431.4075      432.7726   256350    0.32%
   1100   425      431.8031    48      431.4075      432.7438   258803    0.31%
   1112   425      431.6144    52      431.4075      432.7214   261429    0.30%
   1122   425      431.4186    74      431.4075      432.7024   264164    0.30%
   1138   423      432.1226    50      431.4075      432.6901   266357    0.30%
   1152   425      431.6192    50      431.4075      432.6574   268891    0.29%
   1168   423      431.4532    44      431.4075      432.6379   271735    0.29%
   1221   420      432.2191    78      431.4075      432.5413   281467    0.26%
Elapsed time = 96.41 sec. (102611.88 ticks, tree = 7.80 MB, solutions = 5)
   1266   413      431.6020    52      431.4075      432.4719   290780    0.25%
   1320   395      431.5031    44      431.4075      432.3596   299837    0.22%
   1374   379      431.4825    52      431.4075      432.2865   309141    0.20%
   1426   354        cutoff            431.4075      432.2106   318176    0.19%
   1489   335      431.6812    80      431.4075      432.1186   327038    0.16%
   1550   312      431.5757    32      431.4075      432.0535   337535    0.15%
   1619   284      431.5310    42      431.4075      431.9736   346437    0.13%
   1695   244      431.5120    18      431.4075      431.8792   355342    0.11%
   1775   194      431.4696    34      431.4075      431.7875   364984    0.09%
   1900   102        cutoff            431.4075      431.6177   374908    0.05%
Elapsed time = 129.91 sec. (141213.34 ticks, tree = 1.80 MB, solutions = 5)

Flow cuts applied:  22
Mixed integer rounding cuts applied:  38
User cuts applied:  2859

Root node processing (before b&c):
  Real time             =    2.96 sec. (2375.20 ticks)
Sequential b&c:
  Real time             =  128.74 sec. (140812.45 ticks)
                          ------------
Total (root+branch&cut) =  131.69 sec. (143187.65 ticks)
|V|                                     600
K                                       10
theta                                   0.50
r                                       10
R                                       25
prob_func                               linear
#C1                                     5420
#CP                                     75078

@Parameters: 
am_callback_heuristic                   false
am_local_search                         true
am_start_heuristic                      false
colocation                              true
comp                                    false
cutC                                    true
cutC_init                               false
cutF                                    false
cutF_init                               false
cutF_stable                             false
cutF_wrong                              false
cutLocal                                false
cutM                                    true
cutM_init                               true
cutM_stable                             false
cutP                                    true
cutP_init                               false
cutP_stable                             false
init                                    true
init_cutF_zero                          false
init_val_greedy                         true
is_Euclidean                            false
is_local_search                         false
is_right_cutP                           true
is_root                                 false
is_silent                               false
is_start                                false
mycut                                   false
pmed                                    false
pre                                     true
stable_root                             false
str                                     true
two_phase                               false
ubstr                                   false
mode                                    Int

am_callback_node_space                  50
init                                    0
mixture_seed                            1
node_space                              5
nodelimit                               -1
nsepa                                   1
strF                                    0
type_delta                              0

EPS                                     0.001000
EPS_FRAC                                0.00
gap                                     0.00
mixture_high_max                        0.99
mixture_high_min                        0.90
mixture_low_max                         0.01
mixture_low_min                         0.00
mixture_low_share                       0.80
timelimit                               3600.00

Number of Closed Sites: 4 / 40 
Number of Confined Sites-1: 2 / 18 
Number of Confined Sites-k: 576 / 753 
Preprocess Time: 0.69 + 0.00 sec

Solve Time: 131.69
Number of Nodes: 2007
Termination Status: OPTIMAL

CutInfo: [phase] num / time (sec) / aver. num_nonzero
max              [LP]     0 / 0.00 / 0.00 [init]   406 / 0.01 / 13.94 [rLC]   347 / 0.06 / 27.53 [rUC]  1041 / 0.29 / 24.60 [sLC]     0 / 0.03 / 0.00 [sUC]  1010 / 1.55 / 25.22 
prod_oa          [LP]     0 / 0.00 / 0.00 [init]   401 / 0.01 / 88.65 [rLC]   953 / 0.07 / 104.28 [rUC]   185 / 0.34 / 83.11 [sLC]    90 / 0.10 / 94.92 [sUC]   634 / 4.99 / 86.84 
prod_sm_fixed    [LP]     0 / 0.00 / 0.00 [init]     0 / 0.00 / 0.00 [rLC]     0 / 0.00 / 0.00 [rUC]     0 / 0.00 / 0.00 [sLC]     0 / 0.00 / 0.00 [sUC]     0 / 0.00 / 0.00 
prod_bin         [LP]     0 / 0.00 / 0.00 [init]     0 / 0.00 / 0.00 [rLC]     0 / 0.00 / 0.00 [rUC]     0 / 0.00 / 0.00 [sLC]     0 / 0.00 / 0.00 [sUC]     0 / 0.00 / 0.00 
prod_local       [LP]     0 / 0.00 / 0.00 [init]     0 / 0.00 / 0.00 [rLC]     0 / 0.00 / 0.00 [rUC]     0 / 0.00 / 0.00 [sLC]     0 / 0.00 / 0.00 [sUC]     0 / 0.00 / 0.00 
prod_sm_C        [LP]     0 / 0.00 / 0.00 [init]     0 / 0.00 / 0.00 [rLC]     0 / 0.00 / 0.00 [rUC]     0 / 0.00 / 0.00 [sLC]     0 / 0.00 / 0.00 [sUC]     0 / 0.00 / 0.00 
facet            [LP]     0 / 0.00 / 0.00 [init]     0 / 0.00 / 0.00 [rLC]     0 / 0.00 / 0.00 [rUC]     0 / 0.00 / 0.00 [sLC]     0 / 0.00 / 0.00 [sUC]     0 / 0.00 / 0.00 
Separation Round:   [LP] 0  [init] 1  [rLC] 5  [rUC] 17  [sLC] 8  [sUC] 2199  
Root Best Bound 436.283631
Root Best Integer: 431.002880
Best Bound: 431.602767
Best Integer: 431.407505
1: 4, 34, 58, 88, 110, 251, 302, 324, 338, 544
Objective Value (calc): 431.380149
sum_etaM = 405.933333 / 405.933333
sum_etaP = 456.881678 / 456.826964
nL: 10
nCL: 0
mCL: 1
