Version identifier: 20.1.0.0 | 2020-11-10 | 9bedb6d68
CPXPARAM_Threads                                 1
CPXPARAM_TimeLimit                               3600
CPXPARAM_MIP_Tolerances_MIPGap                   0
Generic callback                                 0x60
1 of 1 MIP starts provided solutions.
MIP start 'm1' defined initial solution with objective 394.7637.
Tried aggregator 2 times.
MIP Presolve eliminated 38 rows and 26 columns.
MIP Presolve modified 111 coefficients.
Aggregator did 12 substitutions.
Reduced MIP has 880 rows, 1562 columns, and 3158 nonzeros.
Reduced MIP has 387 binaries, 375 generals, 0 SOSs, and 0 indicators.
Presolve time = 0.00 sec. (1.83 ticks)
Probing time = 0.00 sec. (0.20 ticks)
Tried aggregator 1 time.
Reduced MIP has 880 rows, 1562 columns, and 3158 nonzeros.
Reduced MIP has 387 binaries, 375 generals, 0 SOSs, and 0 indicators.
Presolve time = 0.00 sec. (1.08 ticks)
Probing time = 0.00 sec. (0.20 ticks)
MIP emphasis: balance optimality and feasibility.
MIP search method: dynamic search.
Parallel mode: none, using 1 thread.
Root relaxation solution time = 0.00 sec. (1.49 ticks)

        Nodes                                         Cuts/
   Node  Left     Objective  IInf  Best Integer    Best Bound    ItCnt     Gap

*     0+    0                          394.7637      400.0000             1.33%
      0     0      400.0000     2      394.7637      400.0000      182    1.33%
      0     0      398.9208   190      394.7637     Cuts: 290      485    1.05%
      0     0      398.5080   208      394.7637     Cuts: 164      709    0.95%
      0     0      398.4363   252      394.7637      Cuts: 69      792    0.93%
      0     0      398.3977   236      394.7637      Cuts: 52      854    0.92%
      0     0      398.3861   260      394.7637      Cuts: 39      905    0.92%
      0     0      398.3720   266      394.7637      Cuts: 37      958    0.91%
      0     0      398.3711   252      394.7637 UserPurge2: 8      980    0.91%
      0     0      398.3693   276      394.7637 UserPurge2: 14     1002    0.91%
      0     0      398.3690   264      394.7637 UserPurge2: 10     1012    0.91%
      0     0      398.3690   268      394.7637 UserPurge2: 4     1018    0.91%
      0     0      398.3689   280      394.7637 UserPurge2: 4     1021    0.91%
      0     0      398.3689   276      394.7637 UserPurge2: 1     1023    0.91%
      0     0      398.3689   280      394.7637 UserPurge2: 2     1028    0.91%
      0     2      398.3689   280      394.7637      398.3687     1028    0.91%
Elapsed time = 0.69 sec. (550.53 ticks, tree = 0.01 MB, solutions = 1)
     40    42      398.0307   202      394.7637      398.3687     2197    0.91%
     90    92      397.0390   170      394.7637      398.3687     3212    0.91%
    157   154      398.2330   264      394.7637      398.3686     4831    0.91%
    197   194      397.5638   211      394.7637      398.3686     6241    0.91%
    258   255      396.3452   153      394.7637      398.3686     7281    0.91%
    337   328      394.7777    92      394.7637      398.3686     9730    0.91%
    396   360      397.7323   229      394.7637      398.3574    10908    0.91%
    435   399      397.8908   194      394.7637      398.3564    11910    0.91%

Performing restart 1

Repeating presolve.
Tried aggregator 1 time.
MIP Presolve modified 58 coefficients.
Reduced MIP has 880 rows, 1562 columns, and 3158 nonzeros.
Reduced MIP has 387 binaries, 375 generals, 0 SOSs, and 0 indicators.
Presolve time = 0.00 sec. (1.14 ticks)
Tried aggregator 1 time.
Reduced MIP has 880 rows, 1562 columns, and 3158 nonzeros.
Reduced MIP has 387 binaries, 375 generals, 0 SOSs, and 0 indicators.
Presolve time = 0.00 sec. (1.12 ticks)
Represolve time = 0.01 sec. (5.99 ticks)
    471     0      397.9898   306      394.7637     Cuts: 119    14035    0.82%
    471     0      397.9192   322      394.7637      Cuts: 85    14197    0.80%
    471     0      397.8884   384      394.7637      Cuts: 93    14333    0.79%
    471     0      397.8670   396      394.7637     Cuts: 100    14480    0.79%
    471     0      397.8431   386      394.7637      Cuts: 90    14606    0.78%
    471     0      397.8327   382      394.7637      Cuts: 82    14715    0.78%
    471     0      397.8157   396      394.7637      Cuts: 67    14833    0.77%
    471     0      397.8074   384      394.7637      Cuts: 67    14923    0.77%
    471     0      397.8003   386      394.7637      Cuts: 63    15004    0.77%
    471     0      397.7913   414      394.7637      Cuts: 70    15089    0.77%
    471     0      397.7803   404      394.7637      Cuts: 87    15184    0.76%
    471     0      397.7749   398      394.7637      Cuts: 78    15273    0.76%
    471     0      397.7690   382      394.7637      Cuts: 64    15376    0.76%
    471     0      397.7650   400      394.7637      Cuts: 71    15464    0.76%
    471     0      397.7613   402      394.7637      Cuts: 66    15553    0.76%
    471     0      397.7593   410      394.7637      Cuts: 48    15625    0.76%
    471     2      397.7593   410      394.7637      397.7590    15625    0.76%
    475     6      397.6379   389      394.7637      397.7580    16045    0.76%
Elapsed time = 10.61 sec. (5875.11 ticks, tree = 0.01 MB, solutions = 1)
    491    22      397.4592   295      394.7637      397.7580    17455    0.76%
    591   122      396.5518   138      394.7637      397.7580    20582    0.76%
    761   280      397.6446   334      394.7637      397.7452    24720    0.76%
    834   353      396.8785   199      394.7637      397.7452    27536    0.76%
   1032   542      397.7358   382      394.7637      397.7426    32585    0.75%
   1101   611      397.5698   314      394.7637      397.7425    37390    0.75%
   1261   771      396.4980    52      394.7637      397.7425    41845    0.75%
   1325   835      396.9691   230      394.7637      397.7422    45773    0.75%
   1473   983      397.6686   386      394.7637      397.7422    49978    0.75%
   1533  1043      397.1651   222      394.7637      397.7422    54054    0.75%
Elapsed time = 24.24 sec. (15637.52 ticks, tree = 1.46 MB, solutions = 1)
   1691  1201      397.1376   272      394.7637      397.7411    58736    0.75%
   1811  1314      397.0563   263      394.7637      397.7358    64496    0.75%
   1990  1493      396.2939    72      394.7637      397.7358    69681    0.75%
   2114  1617      396.8936   239      394.7637      397.7352    73258    0.75%
   2234  1730      397.3297   229      394.7637      397.7291    78841    0.75%
   2377  1873      396.1593    69      394.7637      397.7291    83436    0.75%
   2527  2023      396.6533   180      394.7637      397.7271    87484    0.75%
   2627  2120      397.2191   223      394.7637      397.7266    92646    0.75%
   2880  2373      397.6869   395      394.7637      397.7257    97854    0.75%
   2999  2487      397.4860   260      394.7637      397.7255   102607    0.75%
Elapsed time = 38.53 sec. (25305.04 ticks, tree = 3.65 MB, solutions = 1)
   3168  2656      396.1396    70      394.7637      397.7255   108083    0.75%
   3347  2835      396.8391   201      394.7637      397.7254   114440    0.75%
   3526  3014      397.0977   205      394.7637      397.7252   121222    0.75%
   3707  3195      397.3992   264      394.7637      397.7246   126942    0.75%
   3828  3311      397.1932   202      394.7637      397.7241   132037    0.75%
   4083  3566      397.5817   283      394.7637      397.7217   138162    0.75%
   4304  3773      397.4400   302      394.7637      397.7198   143595    0.75%
   4471  3940      395.9420    64      394.7637      397.7198   149083    0.75%
   4576  4042      397.3215   361      394.7637      397.7176   153601    0.75%
   4767  4233      395.3928    69      394.7637      397.7176   158941    0.75%
Elapsed time = 53.53 sec. (35043.77 ticks, tree = 6.26 MB, solutions = 1)
   4968  4415      397.7105   388      394.7637      397.7170   164070    0.75%
   5067  4514      396.5665   186      394.7637      397.7170   168921    0.75%
   5284  4731      397.5454   338      394.7637      397.7158   175157    0.75%
   5473  4920      397.6855   383      394.7637      397.7150   180230    0.75%
   5571  5018      396.1078   165      394.7637      397.7150   185669    0.75%
   5768  5215      395.7628   124      394.7637      397.7134   191502    0.75%
   5859  5291      397.1408   248      394.7637      397.7131   196521    0.75%
   6090  5521      397.5433   272      394.7637      397.7129   202907    0.75%
   6199  5621      397.4920   322      394.7637      397.7103   206501    0.75%
   6361  5783      396.3652    75      394.7637      397.7103   211409    0.75%
Elapsed time = 67.66 sec. (44679.52 ticks, tree = 8.54 MB, solutions = 1)
   6531  5953      396.9915   189      394.7637      397.7098   215488    0.75%
   6616  6032      397.4926   298      394.7637      397.7092   220427    0.75%
   6750  6166      396.5112   110      394.7637      397.7092   224646    0.75%
   6905  6321      397.3959   278      394.7637      397.7089   228865    0.75%
   7024  6429      397.1861   282      394.7637      397.7078   233473    0.75%
   7148  6553      396.4761   108      394.7637      397.7078   237612    0.75%
   7303  6708      397.0553   321      394.7637      397.7076   243157    0.75%
   7473  6878      397.6692   362      394.7637      397.7068   248034    0.75%
   7620  7025      396.1088   100      394.7637      397.7068   253533    0.75%
   7803  7208      395.9142    54      394.7637      397.7054   259042    0.75%
Elapsed time = 81.38 sec. (54304.52 ticks, tree = 10.64 MB, solutions = 1)
*  7857  6836      integral     0      395.3186      397.7054   259658    0.60%
*  7861  6800      integral     0      395.3414      397.7054   259670    0.60%
   7967  6898      397.3614   373      395.3414      397.7043   263265    0.60%
   8081  7004      397.5208   338      395.3414      397.7038   267767    0.60%
   8257  7180      395.9173    56      395.3414      397.7038   273068    0.60%
   8441  7336      397.3593   388      395.3414      397.7026   278104    0.60%
   8551  7443      397.6231   367      395.3414      397.7026   282334    0.60%
   8678  7559      397.5594   308      395.3414      397.7013   286488    0.60%
   8795  7666      397.3834   315      395.3414      397.7005   290608    0.60%
   8974  7845      395.7646    48      395.3414      397.7005   295417    0.60%
   9104  7965      396.6422   148      395.3414      397.7004   299271    0.60%
   9237  8079      397.5964   321      395.3414      397.7000   303238    0.60%
Elapsed time = 95.02 sec. (63942.65 ticks, tree = 11.94 MB, solutions = 3)
   9334  8171      397.4726   317      395.3414      397.6999   306451    0.60%
   9432  8266      397.4392   308      395.3414      397.6999   310300    0.60%
   9509  8343      397.1713   141      395.3414      397.6999   313806    0.60%
   9721  8546      397.4041   309      395.3414      397.6998   319318    0.60%
   9837  8648      397.4260   285      395.3414      397.6998   322821    0.60%
   9891  8702      396.6250   162      395.3414      397.6998   324071    0.60%
   9892  8703      397.5579   360      395.3414      397.6996   324236    0.60%
   9903  8714      397.3197   357      395.3414      397.6992   325346    0.60%
   9977  8788      396.1855   180      395.3414      397.6992   329314    0.60%
  10159  8958      397.3356   243      395.3414      397.6989   333948    0.60%
Elapsed time = 108.12 sec. (73781.27 ticks, tree = 13.59 MB, solutions = 3)
  10333  9126      397.5055   281      395.3414      397.6987   338080    0.60%
  10450  9232      397.3953   283      395.3414      397.6982   341329    0.60%
  10582  9354      397.0848   187      395.3414      397.6982   344761    0.60%
  10664  9429      397.3536   290      395.3414      397.6981   349027    0.60%
  10830  9595      396.2419    81      395.3414      397.6981   354652    0.60%
  11032  9770      397.4832   306      395.3414      397.6971   360447    0.60%
  11143  9876      397.4372   249      395.3414      397.6970   364324    0.60%
  11287 10010      397.1633   184      395.3414      397.6967   368171    0.60%
  11446 10146      397.6082   335      395.3414      397.6964   372375    0.60%
  11521 10221      397.0060   201      395.3414      397.6964   376743    0.60%
Elapsed time = 121.65 sec. (83401.94 ticks, tree = 15.49 MB, solutions = 3)
  11792 10487      397.4297   315      395.3414      397.6963   382108    0.60%
  11938 10629      397.2964   196      395.3414      397.6960   386149    0.60%
  12106 10782      397.6147   353      395.3414      397.6959   390566    0.60%
  12218 10887      397.4601   321      395.3414      397.6959   394758    0.60%
  12341 11008      395.6321   124      395.3414      397.6959   398893    0.60%
  12474 11133      395.9419   114      395.3414      397.6958   403291    0.60%
  12616 11261      397.6436   348      395.3414      397.6957   407245    0.60%
  12741 11380      397.3869   263      395.3414      397.6957   410949    0.60%
  12871 11504      396.6688   253      395.3414      397.6957   415890    0.60%
  13531 12105      397.5325   376      395.3414      397.6955   432978    0.60%
Elapsed time = 140.02 sec. (95856.27 ticks, tree = 18.30 MB, solutions = 3)
  14071 12618      397.4939   292      395.3414      397.6951   449178    0.60%
  14569 13080      397.5037   321      395.3414      397.6950   464323    0.60%
  15039 13519      397.4329   243      395.3414      397.6949   480023    0.60%
  15582 14022      397.0011   203      395.3414      397.6948   497630    0.60%
  16194 14568      397.3396   230      395.3414      397.6936   515179    0.59%
  16821 15145      397.4401   362      395.3414      397.6922   533697    0.59%
  17449 15712      397.1029   154      395.3414      397.6915   550698    0.59%
  18051 16281      397.5406   270      395.3414      397.6905   568435    0.59%
  18664 16855      397.6131   334      395.3414      397.6886   585824    0.59%
  19165 17327      397.1604   251      395.3414      397.6875   600979    0.59%
Elapsed time = 194.85 sec. (134193.69 ticks, tree = 26.76 MB, solutions = 3)

Performing restart 2

Repeating presolve.
Tried aggregator 1 time.
MIP Presolve modified 22 coefficients.
Reduced MIP has 880 rows, 1562 columns, and 3158 nonzeros.
Reduced MIP has 387 binaries, 375 generals, 0 SOSs, and 0 indicators.
Presolve time = 0.00 sec. (1.13 ticks)
Tried aggregator 1 time.
Reduced MIP has 880 rows, 1562 columns, and 3158 nonzeros.
Reduced MIP has 387 binaries, 375 generals, 0 SOSs, and 0 indicators.
Presolve time = 0.00 sec. (1.12 ticks)
Represolve time = 0.04 sec. (12.44 ticks)
  19315     0      397.6896   440      395.3414      Cuts: 56   606904    0.59%
  19315     0      397.6820   405      395.3414      Cuts: 31   606967    0.59%
  19315     0      397.6770   390      395.3414      Cuts: 34   607042    0.59%
  19315     0      397.6747   382      395.3414      Cuts: 27   607078    0.59%
  19315     0      397.6716   396      395.3414      Cuts: 14   607114    0.59%
  19315     0      397.6701   388      395.3414      Cuts: 17   607152    0.59%
  19315     0      397.6688   378      395.3414       Cuts: 9   607188    0.59%
  19315     0      397.6669   392      395.3414       Cuts: 9   607238    0.59%
  19315     0      397.6653   410      395.3414      Cuts: 13   607282    0.59%
  19315     0      397.6648   428      395.3414       Cuts: 7   607306    0.59%
  19315     0      397.6630   400      395.3414       Cuts: 6   607328    0.59%
  19315     0      397.6624   412      395.3414       Cuts: 7   607348    0.59%
  19315     0      397.6608   412      395.3414       Cuts: 7   607370    0.59%
  19315     0      397.6594   404      395.3414      Cuts: 13   607412    0.59%
  19315     0      397.6575   406      395.3414      Cuts: 16   607459    0.59%
  19315     0      397.6544   414      395.3414      Cuts: 14   607507    0.59%
  19315     0      397.6537   396      395.3414      Cuts: 12   607532    0.58%
  19315     0      397.6522   422      395.3414      Cuts: 12   607563    0.58%
  19317     4      397.6285   372      395.3414      397.6284   607784    0.58%
  19420   107      396.3939   127      395.3414      397.6284   610036    0.58%
  19580   263      397.3319   213      395.3414      397.6264   612551    0.58%
  19843   504      397.6080   386      395.3414      397.6131   616401    0.57%
  20073   725      397.5971   376      395.3414      397.6125   620544    0.57%
  20537  1184      397.3370   185      395.3414      397.6103   629041    0.57%
  21386  2016      397.0527    87      395.3414      397.6078   642590    0.57%
  22143  2738      396.6435    79      395.3414      397.6027   656260    0.57%
  22987  3556      397.0215   181      395.3414      397.6007   671019    0.57%
  23893  4413      397.3720   252      395.3414      397.5965   686659    0.57%
Elapsed time = 248.59 sec. (172559.21 ticks, tree = 6.74 MB, solutions = 3)
  24796  5280      397.4682   306      395.3414      397.5949   702857    0.57%
  25617  6074      397.2207   184      395.3414      397.5942   717889    0.57%
  26437  6859      397.4672   268      395.3414      397.5928   733960    0.57%
  27215  7596      397.3610   302      395.3414      397.5918   749071    0.57%
  27898  8230      397.1305   245      395.3414      397.5909   765486    0.57%
  28619  8927      395.9312    91      395.3414      397.5897   780629    0.57%
  29185  9465      397.4253   265      395.3414      397.5883   793350    0.57%
  29794 10029      397.3434   245      395.3414      397.5866   808543    0.57%
  30546 10725      397.5267   320      395.3414      397.5851   823501    0.57%
  31278 11416      397.4582   253      395.3414      397.5841   838740    0.57%
Elapsed time = 310.54 sec. (210749.85 ticks, tree = 17.41 MB, solutions = 3)
  32021 12117      396.1340    43      395.3414      397.5837   853621    0.57%
  32747 12804      396.8136   198      395.3414      397.5824   869785    0.57%
  33442 13461      396.9853   216      395.3414      397.5807   884653    0.57%
* 33723 13286      integral     0      395.4428      397.5807   890091    0.54%
  34265 13789      397.5199   324      395.4428      397.5801   901247    0.54%
  34937 14423      397.0301   248      395.4428      397.5798   916686    0.54%
  35793 15217      397.4366   352      395.4428      397.5777   932620    0.54%
  36518 15901      396.8835   172      395.4428      397.5775   947835    0.54%
  37284 16638      397.1997   170      395.4428      397.5765   963379    0.54%
  38028 17335      397.0468   213      395.4428      397.5745   978971    0.54%
  38776 18052      396.8161    94      395.4428      397.5738   992823    0.54%
Elapsed time = 373.16 sec. (248935.39 ticks, tree = 27.94 MB, solutions = 4)
  39386 18618      397.0376   142      395.4428      397.5731  1006262    0.54%
  40007 19182      397.3752   229      395.4428      397.5725  1018764    0.54%
  40721 19846      397.2150   312      395.4428      397.5715  1032357    0.54%
  41479 20575      397.0897   149      395.4428      397.5711  1047666    0.54%
  42187 21232      397.3837   298      395.4428      397.5693  1062182    0.54%
  42868 21872      396.9139   216      395.4428      397.5689  1077185    0.54%
  43393 22376      396.7022    99      395.4428      397.5685  1090082    0.54%
  44094 23034      397.1250   284      395.4428      397.5678  1101751    0.54%
  44774 23683      396.7989    75      395.4428      397.5671  1115359    0.54%
  45480 24359      397.0287    93      395.4428      397.5664  1129892    0.54%
Elapsed time = 433.03 sec. (287103.90 ticks, tree = 37.38 MB, solutions = 4)
  46219 25042      395.7567    68      395.4428      397.5647  1144718    0.54%
  46915 25707      396.7280    83      395.4428      397.5637  1160010    0.54%
  47505 26259      395.6564    90      395.4428      397.5627  1172121    0.54%
  48107 26813      397.2850   235      395.4428      397.5620  1184838    0.54%
  48752 27429      396.6254    94      395.4428      397.5612  1197762    0.54%
  49538 28175      397.4410   278      395.4428      397.5606  1212493    0.54%
  50257 28860      397.0456   135      395.4428      397.5596  1228140    0.54%
  50963 29532      397.0912   109      395.4428      397.5587  1242317    0.54%
  51661 30188      396.7558   112      395.4428      397.5583  1256247    0.53%
  52349 30827      397.4986   216      395.4428      397.5570  1269320    0.53%
Elapsed time = 493.96 sec. (325328.76 ticks, tree = 47.09 MB, solutions = 4)
  52937 31378      397.0017   102      395.4428      397.5563  1281215    0.53%
  53615 32017      397.1031   272      395.4428      397.5557  1293673    0.53%
  54275 32628      397.4205   282      395.4428      397.5553  1306797    0.53%
  55077 33393      396.8477   118      395.4428      397.5548  1323282    0.53%
  55815 34072      397.3474   238      395.4428      397.5543  1337464    0.53%
  56512 34710      397.5094   278      395.4428      397.5539  1351071    0.53%
  57200 35374      396.7500   111      395.4428      397.5536  1365951    0.53%
  57827 35965      397.1945   258      395.4428      397.5532  1379682    0.53%
  58426 36537      397.3922   300      395.4428      397.5531  1393176    0.53%
  58985 37075      396.4254   199      395.4428      397.5528  1405418    0.53%
Elapsed time = 553.97 sec. (363582.79 ticks, tree = 58.02 MB, solutions = 4)
  59614 37678      397.0778   159      395.4428      397.5525  1419045    0.53%
  60370 38392      397.4556   281      395.4428      397.5521  1433290    0.53%
  61064 39054      397.2267   207      395.4428      397.5518  1449122    0.53%
  61780 39735      395.4667    62      395.4428      397.5513  1463431    0.53%
  62479 40393      396.1553    95      395.4428      397.5508  1478059    0.53%
  63078 40949      395.9519    76      395.4428      397.5506  1490411    0.53%
  63782 41626      397.5056   293      395.4428      397.5501  1503930    0.53%
  64384 42201      397.5384   292      395.4428      397.5496  1517235    0.53%
  64965 42747      396.7265   143      395.4428      397.5492  1530074    0.53%
  65602 43338      397.1004   204      395.4428      397.5488  1544253    0.53%
Elapsed time = 613.85 sec. (401756.15 ticks, tree = 67.48 MB, solutions = 4)
  66335 44027      397.4653   262      395.4428      397.5486  1557587    0.53%
  67068 44698      397.4270   307      395.4428      397.5482  1572137    0.53%
* 67354 43380      integral     0      395.5427      397.5482  1578888    0.51%
  67786 43786      396.3419    98      395.5427      397.5479  1587282    0.51%
  68421 44365      397.0708   148      395.5427      397.5477  1601239    0.51%
  69053 44938      397.0779   131      395.5427      397.5473  1613978    0.51%
  69670 45493      397.2281   280      395.5427      397.5471  1626422    0.51%
  70272 46053      397.4827   313      395.5427      397.5468  1639711    0.51%
  70873 46622      397.2313   217      395.5427      397.5466  1653014    0.51%
  71525 47219      397.4366   266      395.5427      397.5463  1667476    0.51%
  72207 47872      396.1644    72      395.5427      397.5461  1681845    0.51%
Elapsed time = 672.39 sec. (439985.14 ticks, tree = 74.16 MB, solutions = 5)
  72916 48542      396.3401    81      395.5427      397.5459  1697010    0.51%
  73668 49233      397.4436   303      395.5427      397.5455  1712019    0.51%
  74364 49893      397.4724   307      395.5427      397.5452  1726797    0.51%
  74937 50436      396.4754   116      395.5427      397.5451  1739232    0.51%
  75540 50996      396.5079   151      395.5427      397.5448  1751651    0.51%
  76164 51566      397.1250   209      395.5427      397.5442  1763852    0.51%
  76812 52181      396.3169    53      395.5427      397.5439  1776725    0.51%
  77514 52822      397.3852   306      395.5427      397.5431  1789957    0.51%
  78205 53465      397.4249   316      395.5427      397.5430  1802803    0.51%
  78846 54055      397.4732   336      395.5427      397.5427  1817380    0.51%
Elapsed time = 731.40 sec. (478188.64 ticks, tree = 83.57 MB, solutions = 5)
  79560 54719      396.7372    79      395.5427      397.5422  1832139    0.51%
  80316 55405      397.2869   237      395.5427      397.5420  1848261    0.51%
* 80690 55481      integral     0      395.5560      397.5419  1856552    0.50%
  81047 55809      397.3163   243      395.5560      397.5416  1863841    0.50%
  81723 56457      397.0031   148      395.5560      397.5414  1877580    0.50%
* 82287 49598      integral     0      395.9687      397.5411  1888062    0.40%
  82387 49697      396.5496    71      395.9687      397.5411  1890158    0.40%
  82928 50187      397.0961   214      395.9687      397.5407  1903484    0.40%
  83526 50724      397.5346   338      395.9687      397.5406  1916057    0.40%
  84172 51331      397.3062   268      395.9687      397.5401  1928966    0.40%
  84908 52001      397.4557   244      395.9687      397.5398  1942571    0.40%
  85586 52649      397.3516   247      395.9687      397.5395  1956581    0.40%
Elapsed time = 790.22 sec. (516398.17 ticks, tree = 81.14 MB, solutions = 7)
  86198 53207      396.9480   108      395.9687      397.5391  1970012    0.40%
  86894 53845      396.0220    60      395.9687      397.5388  1983637    0.40%
  87520 54426      396.9737   124      395.9687      397.5385  1997614    0.40%
  88209 55056      397.3469   250      395.9687      397.5384  2010091    0.40%
  88870 55666      397.3497   229      395.9687      397.5382  2023313    0.40%
  89465 56207      397.4003   251      395.9687      397.5381  2035650    0.40%
* 89622 55242      integral     0      396.0170      397.5381  2038133    0.38%
  90069 55665      397.1332   132      396.0170      397.5380  2048719    0.38%
  90690 56216      397.2925   232      396.0170      397.5379  2061057    0.38%
  91289 56738      397.4248   254      396.0170      397.5377  2074467    0.38%
  91947 57355      396.3277    82      396.0170      397.5375  2088632    0.38%
Elapsed time = 847.52 sec. (554586.40 ticks, tree = 88.26 MB, solutions = 8)
  92619 57964      397.3122   259      396.0170      397.5372  2101894    0.38%
  93260 58544      397.1428   243      396.0170      397.5370  2115732    0.38%
  93888 59122      397.2117   137      396.0170      397.5368  2130188    0.38%
  94582 59762      396.8668   138      396.0170      397.5366  2144314    0.38%
  95252 60372      396.6192    61      396.0170      397.5363  2158549    0.38%
  95891 60973      396.0540    72      396.0170      397.5363  2171529    0.38%
  96455 61479      397.4052   265      396.0170      397.5361  2183281    0.38%
  97145 62127      397.3765   315      396.0170      397.5358  2195842    0.38%
  97738 62678      396.6659    60      396.0170      397.5356  2208862    0.38%
  98356 63259      396.4583    91      396.0170      397.5353  2221685    0.38%
Elapsed time = 905.15 sec. (592795.64 ticks, tree = 97.32 MB, solutions = 8)
  98987 63829      396.3912    73      396.0170      397.5352  2233537    0.38%
  99645 64433      396.4721    58      396.0170      397.5350  2247993    0.38%
 100349 65068      397.4558   230      396.0170      397.5348  2262755    0.38%
 101074 65723      397.2137   152      396.0170      397.5348  2277081    0.38%
*101541 62517      integral     0      396.1524      397.5347  2285767    0.35%
 101811 62771      396.7286    78      396.1524      397.5347  2291640    0.35%
 102487 63385      397.1357   217      396.1524      397.5344  2305394    0.35%
 103150 64005      396.1757    69      396.1524      397.5343  2320121    0.35%
 103754 64558      397.0467   259      396.1524      397.5342  2333267    0.35%
 104425 65174      397.4960   290      396.1524      397.5340  2346016    0.35%
 105073 65774      397.4489   252      396.1524      397.5337  2358717    0.35%
Elapsed time = 963.69 sec. (630975.41 ticks, tree = 103.91 MB, solutions = 9)
 105663 66328      397.4171   287      396.1524      397.5337  2372130    0.35%
 106273 66905      397.4285   295      396.1524      397.5336  2385377    0.35%
 106908 67505      396.4277    88      396.1524      397.5334  2399302    0.35%
 107552 68091      397.4794   286      396.1524      397.5332  2412332    0.35%
 108229 68711      397.1441   211      396.1524      397.5331  2425372    0.35%
 108916 69331      396.7626   110      396.1524      397.5330  2439088    0.35%
 109604 69964      397.0232   142      396.1524      397.5327  2453481    0.35%
 110326 70603      397.3485   247      396.1524      397.5326  2467445    0.35%
 111008 71236      397.4707   264      396.1524      397.5324  2481209    0.35%
 111701 71856      397.1867   231      396.1524      397.5323  2494764    0.35%
Elapsed time = 1021.99 sec. (669202.78 ticks, tree = 113.26 MB, solutions = 9)
 112321 72418      396.7587   102      396.1524      397.5322  2507531    0.35%
 112950 72987      396.9692   103      396.1524      397.5321  2520509    0.35%
 113564 73547      397.4602   317      396.1524      397.5319  2534104    0.35%
 114187 74131      396.4233    62      396.1524      397.5316  2547502    0.35%
 114784 74675      396.6335   123      396.1524      397.5314  2559084    0.35%
 115475 75294      397.4238   298      396.1524      397.5312  2571665    0.35%
 116167 75945      397.1169   211      396.1524      397.5310  2585828    0.35%
 116882 76604      396.4140    70      396.1524      397.5309  2598912    0.35%
 117598 77250      397.3641   257      396.1524      397.5307  2613543    0.35%
 118313 77914      397.2757   220      396.1524      397.5304  2628376    0.35%
Elapsed time = 1080.02 sec. (707386.45 ticks, tree = 122.71 MB, solutions = 9)
 119032 78575      397.5151   375      396.1524      397.5302  2641088    0.35%
 119703 79161      397.3199   267      396.1524      397.5301  2655032    0.35%
 120375 79769      397.1551   198      396.1524      397.5299  2669028    0.35%
 120986 80320      397.2929   219      396.1524      397.5297  2682093    0.35%
 121578 80884      397.2351   224      396.1524      397.5295  2695540    0.35%
 122156 81417      397.0305   175      396.1524      397.5293  2707809    0.35%
 122838 82026      397.2918   218      396.1524      397.5292  2720791    0.35%
 123483 82614      397.2078   172      396.1524      397.5290  2733358    0.35%
 124115 83183      397.5118   333      396.1524      397.5288  2745912    0.35%
 124717 83731      397.3969   320      396.1524      397.5287  2759614    0.35%
Elapsed time = 1137.64 sec. (745731.34 ticks, tree = 131.63 MB, solutions = 9)
 125387 84349      396.1716    31      396.1524      397.5286  2773995    0.35%
 126081 84981      397.3062   245      396.1524      397.5285  2787641    0.35%
 126739 85581      396.9384   172      396.1524      397.5282  2801528    0.35%
 127460 86233      396.4815    91      396.1524      397.5280  2815258    0.35%
 128177 86899      397.1770   241      396.1524      397.5278  2830146    0.35%
 128871 87528      397.1194   180      396.1524      397.5277  2844169    0.35%
 129592 88185      397.4605   263      396.1524      397.5275  2857959    0.35%
 130237 88771      397.0479   318      396.1524      397.5273  2871445    0.35%
 130897 89396      396.2569    88      396.1524      397.5272  2885607    0.35%
 131489 89928      396.9156    93      396.1524      397.5269  2898512    0.35%
Elapsed time = 1196.62 sec. (783935.51 ticks, tree = 141.12 MB, solutions = 9)
 132156 90514      396.9277   179      396.1524      397.5268  2910895    0.35%
 132810 91111      396.7870   107      396.1524      397.5267  2924476    0.35%
 133382 91640      396.5454    96      396.1524      397.5266  2936587    0.35%
 134055 92244      397.3229   302      396.1524      397.5263  2948860    0.35%
 134671 92813      397.2705   243      396.1524      397.5262  2961996    0.35%
 135365 93449      396.6522    99      396.1524      397.5261  2974832    0.35%
 136010 94040      397.1974   199      396.1524      397.5260  2988153    0.35%
 136686 94654      396.2932   112      396.1524      397.5257  3001798    0.35%
 137317 95226      397.3188   291      396.1524      397.5255  3015686    0.35%
 138027 95898      397.0410   110      396.1524      397.5254  3029831    0.35%
Elapsed time = 1255.32 sec. (822133.67 ticks, tree = 150.31 MB, solutions = 9)
 138730 96539      397.3157   259      396.1524      397.5253  3043555    0.35%
 139419 97197      396.8278    50      396.1524      397.5251  3056368    0.35%
 140077 97791      397.2079   207      396.1524      397.5250  3069497    0.35%
 140715 98373      396.7751    79      396.1524      397.5247  3081312    0.35%
 141324 98920      397.1268   201      396.1524      397.5246  3093949    0.35%
 142002 99527      397.1149   181      396.1524      397.5245  3106911    0.35%
 142652 100125      397.1089   157      396.1524      397.5243  3119966    0.35%
 143298 100713      397.2056   176      396.1524      397.5242  3131621    0.35%
 143954 101304      397.2134   181      396.1524      397.5241  3143937    0.35%
 144649 101941      397.2832   287      396.1524      397.5239  3157541    0.35%
Elapsed time = 1314.40 sec. (860359.44 ticks, tree = 159.60 MB, solutions = 9)
 145292 102544      396.2275   103      396.1524      397.5237  3171284    0.35%
 145923 103110      397.3674   238      396.1524      397.5236  3185060    0.35%
 146609 103743      396.7674   108      396.1524      397.5235  3198480    0.35%
 147290 104357      397.1497   181      396.1524      397.5233  3212446    0.35%
 148018 105038      397.3911   315      396.1524      397.5232  3226165    0.35%
 148677 105625      397.1791   211      396.1524      397.5231  3239909    0.35%
 149362 106239      396.4763   129      396.1524      397.5230  3254078    0.35%
 150033 106855      396.3425    67      396.1524      397.5228  3267925    0.35%
 150697 107441      396.3809    75      396.1524      397.5227  3280452    0.35%
 151304 108001      396.2893   166      396.1524      397.5226  3293368    0.35%
Elapsed time = 1373.08 sec. (898547.75 ticks, tree = 168.89 MB, solutions = 9)
 151987 108620      397.3468   281      396.1524      397.5224  3306646    0.35%
 152620 109201      397.4607   298      396.1524      397.5223  3319288    0.35%
 153264 109801      396.5414    86      396.1524      397.5222  3332025    0.35%
 153846 110327      397.3147   283      396.1524      397.5221  3344504    0.35%
 154549 110971      397.1590   207      396.1524      397.5220  3357846    0.35%
 155236 111604      396.6654    89      396.1524      397.5219  3370965    0.35%
 155906 112225      397.1018   168      396.1524      397.5218  3384724    0.35%
 156612 112874      397.3352   277      396.1524      397.5217  3398607    0.35%
 157292 113490      396.2217    57      396.1524      397.5216  3411533    0.35%
 157904 114041      397.2464   219      396.1524      397.5215  3425480    0.35%
Elapsed time = 1431.72 sec. (936841.60 ticks, tree = 178.17 MB, solutions = 9)
 158540 114598      396.8266   172      396.1524      397.5213  3439142    0.35%
 159265 115273      396.4467    76      396.1524      397.5212  3453477    0.35%
 159863 115820      397.3693   254      396.1524      397.5211  3467796    0.35%
 160502 116417      397.3322   257      396.1524      397.5210  3481969    0.35%
*161016 106632      integral     0      396.3150      397.5209  3490512    0.30%
 161169 106766      397.3851   323      396.3150      397.5209  3495413    0.30%
 161706 107269      397.3213   221      396.3150      397.5208  3508706    0.30%
 162320 107823      396.8246   113      396.3150      397.5207  3521284    0.30%
 162943 108371      396.9877   146      396.3150      397.5206  3533327    0.30%
 163570 108915      397.3159   218      396.3150      397.5205  3545841    0.30%
 164251 109534      396.6632    79      396.3150      397.5203  3557970    0.30%
Elapsed time = 1489.58 sec. (975110.27 ticks, tree = 170.80 MB, solutions = 10)
 164828 110056      397.2208   191      396.3150      397.5202  3570867    0.30%
 165495 110636      396.4219    79      396.3150      397.5201  3584615    0.30%
 166137 111209      397.1117   232      396.3150      397.5201  3597753    0.30%
 166746 111761      396.5874   127      396.3150      397.5200  3611776    0.30%
 167386 112337      396.8433   120      396.3150      397.5199  3626003    0.30%
 168077 112936      397.0162   191      396.3150      397.5197  3639738    0.30%
 168750 113557      397.2637   173      396.3150      397.5196  3653559    0.30%
 169450 114190      397.0806   207      396.3150      397.5194  3667232    0.30%
 170169 114823      397.3584   277      396.3150      397.5193  3681429    0.30%
 170797 115371      397.0575   159      396.3150      397.5193  3694774    0.30%
Elapsed time = 1547.92 sec. (1013279.49 ticks, tree = 179.77 MB, solutions = 10)
 171439 115967      396.8754   177      396.3150      397.5192  3708565    0.30%
 172085 116539      396.6055   133      396.3150      397.5190  3722041    0.30%
 172735 117128      397.5117   315      396.3150      397.5188  3735167    0.30%
 173386 117718      397.4103   286      396.3150      397.5187  3747633    0.30%
 174040 118304      396.9459    98      396.3150      397.5186  3760357    0.30%
 174684 118855      397.3642   240      396.3150      397.5185  3773171    0.30%
 175321 119434      397.1248   190      396.3150      397.5185  3786296    0.30%
 175976 120011      397.2614   203      396.3150      397.5183  3799196    0.30%
 176662 120623      397.3773   234      396.3150      397.5181  3812430    0.30%
 177286 121202      397.4105   278      396.3150      397.5181  3826342    0.30%
Elapsed time = 1606.45 sec. (1051504.72 ticks, tree = 188.75 MB, solutions = 10)
 177997 121845      397.3443   289      396.3150      397.5179  3839542    0.30%
 178680 122443      397.0212   200      396.3150      397.5178  3854054    0.30%
 179359 123061      396.3245    58      396.3150      397.5176  3867411    0.30%
 179963 123605      397.0192   124      396.3150      397.5175  3881257    0.30%
 180670 124218      397.1121   155      396.3150      397.5173  3894578    0.30%
 181344 124831      397.4764   261      396.3150      397.5170  3908634    0.30%
 182075 125477      396.3343    39      396.3150      397.5169  3921648    0.30%
 182705 126050      396.7960   113      396.3150      397.5168  3934653    0.30%
 183376 126666      397.4070   294      396.3150      397.5167  3947832    0.30%
 183997 127223      396.8892   211      396.3150      397.5166  3960848    0.30%
Elapsed time = 1665.93 sec. (1089720.55 ticks, tree = 198.06 MB, solutions = 10)
 184632 127808      396.5018    93      396.3150      397.5165  3975110    0.30%
 185280 128398      396.4924    54      396.3150      397.5163  3987639    0.30%
 185943 129002      397.1344   164      396.3150      397.5163  4000584    0.30%
 186599 129584      396.3560    99      396.3150      397.5162  4012483    0.30%
 187217 130147      397.0988   197      396.3150      397.5161  4025054    0.30%
 187876 130756      396.7916    40      396.3150      397.5160  4038463    0.30%
 188554 131357      397.2857   255      396.3150      397.5157  4052629    0.30%
 189288 132014      396.4784    83      396.3150      397.5157  4066048    0.30%
 189922 132575      397.1473   221      396.3150      397.5156  4078493    0.30%
 190582 133170      396.3280    56      396.3150      397.5155  4091708    0.30%
Elapsed time = 1725.26 sec. (1127899.93 ticks, tree = 210.19 MB, solutions = 10)
 191186 133721      396.9540   220      396.3150      397.5154  4105992    0.30%
 191881 134350      396.3416    57      396.3150      397.5152  4119669    0.30%
 192502 134917      397.1000   240      396.3150      397.5151  4134223    0.30%
 193192 135544      397.2700   271      396.3150      397.5150  4147910    0.30%
 193807 136102      397.2876   156      396.3150      397.5149  4161218    0.30%
 194473 136695      396.4106   103      396.3150      397.5148  4173246    0.30%
 195105 137244      397.2152   190      396.3150      397.5147  4185962    0.30%
 195744 137822      397.4173   243      396.3150      397.5145  4198655    0.30%
 196345 138357      396.9988   160      396.3150      397.5145  4211937    0.30%
 197010 138940      396.8550   205      396.3150      397.5144  4224017    0.30%
Elapsed time = 1783.95 sec. (1166147.85 ticks, tree = 219.05 MB, solutions = 10)
 197662 139536        cutoff            396.3150      397.5143  4236922    0.30%
 198294 140074      397.4514   208      396.3150      397.5141  4249723    0.30%
 198837 140579      397.2863   206      396.3150      397.5140  4262837    0.30%
 199495 141165      397.3125   283      396.3150      397.5139  4275571    0.30%
 200116 141726      396.8483   120      396.3150      397.5138  4288389    0.30%
 200803 142334      396.9200   149      396.3150      397.5137  4301392    0.30%
 201485 142949      397.1094   226      396.3150      397.5135  4314856    0.30%
 202195 143594      397.4552   338      396.3150      397.5134  4328564    0.30%
 202898 144219      397.3466   309      396.3150      397.5133  4342772    0.30%
 203576 144813      397.1000   219      396.3150      397.5132  4356103    0.30%
Elapsed time = 1843.64 sec. (1204356.36 ticks, tree = 228.06 MB, solutions = 10)
 204209 145405      397.3986   274      396.3150      397.5131  4368892    0.30%
 204867 146008      396.8544   120      396.3150      397.5129  4382187    0.30%
 205518 146601      396.6623   100      396.3150      397.5128  4395999    0.30%
 206144 147174      396.4150    91      396.3150      397.5128  4409513    0.30%
 206788 147770      397.0334   167      396.3150      397.5126  4422423    0.30%
 207422 148350      396.6149    90      396.3150      397.5126  4436150    0.30%
 208060 148935      397.0637   172      396.3150      397.5125  4449377    0.30%
 208760 149563      397.4183   280      396.3150      397.5123  4462439    0.30%
 209378 150120      397.3658   209      396.3150      397.5122  4475709    0.30%
*210079 131741      integral     0      396.5133      397.5122  4489458    0.25%
 210082 131742      397.4367   308      396.5133      397.5122  4489752    0.25%
Elapsed time = 1903.37 sec. (1242571.13 ticks, tree = 207.32 MB, solutions = 11)
 210665 132271      396.9586   108      396.5133      397.5121  4502303    0.25%
 211293 132834      397.0762   148      396.5133      397.5120  4515537    0.25%
 211872 133344      397.4558   307      396.5133      397.5119  4529796    0.25%
*212123 114164      integral     0      396.7172      397.5119  4535662    0.20%
 212447 114450      396.8551   141      396.7172      397.5118  4544253    0.20%
 213063 114987      397.1751   167      396.7172      397.5117  4557941    0.20%
 213707 115562      397.0281   119      396.7172      397.5115  4571621    0.20%
 214267 116053      397.4644   258      396.7172      397.5113  4585692    0.20%
 214863 116577      397.1936   147      396.7172      397.5112  4599431    0.20%
 215410 117070      397.3518   280      396.7172      397.5111  4613066    0.20%
 215971 117564      396.9377    97      396.7172      397.5111  4626783    0.20%
Elapsed time = 1961.17 sec. (1280755.09 ticks, tree = 185.46 MB, solutions = 12)
 216569 118087      397.2617   226      396.7172      397.5110  4639811    0.20%
 217134 118584      397.3498   267      396.7172      397.5109  4653202    0.20%
 217668 119057      397.2312   246      396.7172      397.5108  4666245    0.20%
 218151 119494      396.9458   166      396.7172      397.5108  4679810    0.20%
 218714 119998      397.0630   114      396.7172      397.5107  4692204    0.20%
 219352 120538      397.2266   215      396.7172      397.5107  4704895    0.20%
 219981 121100      397.1321   239      396.7172      397.5106  4717609    0.20%
 220524 121575      397.4370   313      396.7172      397.5105  4731174    0.20%
 221097 122078      397.4223   249      396.7172      397.5104  4743599    0.20%
 221645 122572      397.2286   173      396.7172      397.5104  4756385    0.20%
Elapsed time = 2017.39 sec. (1318943.81 ticks, tree = 193.14 MB, solutions = 12)
 222214 123059      396.7872    78      396.7172      397.5103  4768792    0.20%
 222801 123570      396.8997   161      396.7172      397.5102  4781949    0.20%
 223387 124080      396.9034   177      396.7172      397.5101  4795284    0.20%
 223989 124578      397.1122   203      396.7172      397.5100  4808155    0.20%
 224604 125117      396.9644   170      396.7172      397.5099  4822348    0.20%
 225176 125613      397.4099   277      396.7172      397.5097  4835817    0.20%
 225731 126111      396.9012   109      396.7172      397.5097  4849421    0.20%
 226298 126615      397.1417   224      396.7172      397.5096  4863206    0.20%
 226921 127164      397.3231   247      396.7172      397.5094  4876708    0.20%
 227577 127745      396.8134   130      396.7172      397.5093  4890293    0.20%
Elapsed time = 2074.87 sec. (1357129.77 ticks, tree = 201.13 MB, solutions = 12)
 228154 128258      396.7643   125      396.7172      397.5092  4904528    0.20%
 228745 128769      397.4455   271      396.7172      397.5090  4916828    0.20%
 229342 129298      397.2715   226      396.7172      397.5089  4929132    0.20%
 229876 129771      397.0700   183      396.7172      397.5089  4941905    0.20%
 230534 130367      396.7376    72      396.7172      397.5088  4955328    0.20%
 231102 130883      397.2828   252      396.7172      397.5087  4968036    0.20%
 231694 131400      397.1452   161      396.7172      397.5086  4981111    0.20%
 232238 131882      396.8607   177      396.7172      397.5086  4994402    0.20%
 232772 132351      397.0130   114      396.7172      397.5085  5007129    0.20%
 233300 132807      397.4038   244      396.7172      397.5084  5019519    0.20%
Elapsed time = 2131.30 sec. (1395341.75 ticks, tree = 208.90 MB, solutions = 12)
 233861 133305      397.1313   105      396.7172      397.5083  5031592    0.20%
 234368 133740      397.2209   155      396.7172      397.5082  5045820    0.20%
 234988 134289      397.4266   311      396.7172      397.5081  5058818    0.20%
 235581 134798      396.7835   180      396.7172      397.5080  5072670    0.20%
 236190 135343      397.1429   124      396.7172      397.5079  5086442    0.20%
 236795 135877      397.0756   180      396.7172      397.5077  5099374    0.20%
 237325 136339      397.2406   228      396.7172      397.5077  5113161    0.20%
 237970 136897      396.7314   108      396.7172      397.5075  5126167    0.20%
 238549 137416      396.9501   147      396.7172      397.5074  5139358    0.20%
 239138 137930      396.7716   103      396.7172      397.5074  5152776    0.20%
Elapsed time = 2188.23 sec. (1433529.72 ticks, tree = 216.81 MB, solutions = 12)
 239752 138453      397.1167   165      396.7172      397.5073  5166693    0.20%
 240360 138981      397.2996   287      396.7172      397.5071  5180567    0.20%
 240936 139472      397.2661   270      396.7172      397.5070  5193802    0.20%
 241501 139968      396.8399   157      396.7172      397.5069  5206155    0.20%
 242076 140478      397.4407   293      396.7172      397.5069  5219769    0.20%
 242610 140951      396.7739   125      396.7172      397.5068  5232602    0.20%
 243131 141413      397.1188   211      396.7172      397.5068  5247058    0.20%
 243712 141925      397.2376   225      396.7172      397.5066  5260589    0.20%
 244256 142409      397.4796   272      396.7172      397.5065  5273461    0.20%
 244894 142974      397.2998   231      396.7172      397.5064  5286713    0.20%
Elapsed time = 2244.61 sec. (1471732.15 ticks, tree = 224.62 MB, solutions = 12)
 245465 143476      397.2101   202      396.7172      397.5062  5298969    0.20%
 246048 143980      397.0941   157      396.7172      397.5061  5311657    0.20%
 246631 144475      397.5010   276      396.7172      397.5061  5324413    0.20%
 247261 145033      397.1793   187      396.7172      397.5060  5337633    0.20%
 247859 145563      397.0533   148      396.7172      397.5059  5350482    0.20%
 248436 146056      397.1922   237      396.7172      397.5059  5364600    0.20%
 249054 146591      396.7369   116      396.7172      397.5058  5377882    0.20%
 249629 147115      397.1927   209      396.7172      397.5057  5391529    0.20%
 250235 147640      397.3280   245      396.7172      397.5055  5405210    0.20%
 250762 148109      397.1690   219      396.7172      397.5055  5419208    0.20%
Elapsed time = 2301.58 sec. (1509920.83 ticks, tree = 232.55 MB, solutions = 12)
 251379 148659      397.3223   292      396.7172      397.5054  5432494    0.20%
 251948 149140      396.9932   249      396.7172      397.5053  5446445    0.20%
 252520 149645      397.3043   258      396.7172      397.5052  5458964    0.20%
 253069 150130      397.2316   224      396.7172      397.5051  5473368    0.20%
 253630 150621      396.9424   226      396.7172      397.5051  5486296    0.20%
 254231 151152      397.0784   171      396.7172      397.5050  5498661    0.20%
 254814 151662      397.1896   277      396.7172      397.5049  5511407    0.20%
 255356 152141      397.1745   241      396.7172      397.5048  5523874    0.20%
 255840 152585      396.9265   121      396.7172      397.5048  5537735    0.20%
 256431 153123      397.0332   179      396.7172      397.5046  5550398    0.20%
Elapsed time = 2357.54 sec. (1548118.29 ticks, tree = 240.29 MB, solutions = 12)
 256990 153606      397.1326   195      396.7172      397.5046  5563735    0.20%
 257534 154083      397.1521   211      396.7172      397.5045  5576337    0.20%
 258100 154586      396.7412   133      396.7172      397.5044  5589858    0.20%
 258712 155104      397.4492   284      396.7172      397.5044  5601977    0.20%
 259267 155600      397.3320   259      396.7172      397.5043  5614664    0.20%
 259811 156073      397.0370   207      396.7172      397.5042  5628169    0.20%
 260404 156588      397.0399   172      396.7172      397.5042  5641745    0.20%
 261103 157187      397.3041   237      396.7172      397.5041  5655134    0.20%
 261711 157728      396.9501   103      396.7172      397.5040  5668801    0.20%
 262286 158233      397.3251   246      396.7172      397.5040  5682793    0.20%
Elapsed time = 2414.45 sec. (1586320.89 ticks, tree = 249.87 MB, solutions = 12)
 262946 158808      397.3318   253      396.7172      397.5039  5697142    0.20%
 263515 159323      397.0127   192      396.7172      397.5038  5710890    0.20%
 264128 159839      397.3399   274      396.7172      397.5037  5724471    0.20%
 264857 160470      396.7274    86      396.7172      397.5036  5737459    0.20%
 265410 160956      397.2943   281      396.7172      397.5035  5750899    0.20%
 265978 161470      397.3042   320      396.7172      397.5034  5765480    0.20%
 266536 161953      397.3022   232      396.7172      397.5033  5778528    0.20%
 267078 162449      396.9022   158      396.7172      397.5032  5792198    0.20%
 267662 162955      397.0549   176      396.7172      397.5032  5805547    0.20%
 268268 163513      397.1322   182      396.7172      397.5031  5819108    0.20%
Elapsed time = 2471.91 sec. (1624540.64 ticks, tree = 258.32 MB, solutions = 12)
 268802 163991      397.1565   255      396.7172      397.5030  5831577    0.20%
 269336 164444      397.4334   294      396.7172      397.5030  5843553    0.20%
 269946 164983      397.2894   269      396.7172      397.5029  5856684    0.20%
 270502 165481      396.7176    95      396.7172      397.5029  5869317    0.20%
 271021 165947      397.3165   275      396.7172      397.5028  5881590    0.20%
 271569 166423      396.7754   105      396.7172      397.5027  5894981    0.20%
 272154 166930      396.8941   112      396.7172      397.5026  5906605    0.20%
 272702 167411      396.9499   141      396.7172      397.5025  5919019    0.20%
 273269 167900      397.0735   239      396.7172      397.5024  5932450    0.20%
 273863 168424      397.2393   221      396.7172      397.5023  5945745    0.20%
Elapsed time = 2528.03 sec. (1662777.13 ticks, tree = 265.89 MB, solutions = 12)
 274496 168972      397.1831   190      396.7172      397.5022  5959541    0.20%
 275124 169543      397.0936   108      396.7172      397.5021  5972536    0.20%
 275745 170077      397.2102   196      396.7172      397.5019  5986625    0.20%
 276310 170568      397.3513   255      396.7172      397.5019  6000249    0.20%
 276984 171152      397.3085   261      396.7172      397.5018  6013625    0.20%
 277605 171695      397.0828   221      396.7172      397.5017  6026805    0.20%
 278220 172231        cutoff            396.7172      397.5017  6040010    0.20%
 278826 172756      396.8070   121      396.7172      397.5016  6052955    0.20%
 279433 173283      396.7341    90      396.7172      397.5015  6066550    0.20%
 280089 173848      396.9073   115      396.7172      397.5014  6079351    0.20%
Elapsed time = 2586.28 sec. (1700952.26 ticks, tree = 274.25 MB, solutions = 12)
 280669 174362      397.3707   295      396.7172      397.5013  6093181    0.20%
 281283 174902      397.2507   271      396.7172      397.5013  6105190    0.20%
 281860 175411      397.2260   255      396.7172      397.5012  6118107    0.20%
 282443 175915      397.2659   279      396.7172      397.5011  6130537    0.20%
 282997 176396      397.3692   266      396.7172      397.5010  6143616    0.20%
 283653 176982      397.3651   235      396.7172      397.5010  6156199    0.20%
 284195 177453      397.0378   205      396.7172      397.5009  6168812    0.20%
 284798 177987      396.8978   117      396.7172      397.5008  6180720    0.20%
 285382 178513      397.4449   301      396.7172      397.5008  6192959    0.20%
 285932 179000      396.8153   232      396.7172      397.5007  6205679    0.20%
Elapsed time = 2643.21 sec. (1739166.22 ticks, tree = 282.19 MB, solutions = 12)
 286508 179508      396.7991   108      396.7172      397.5007  6218257    0.20%
 287105 180036      397.4038   255      396.7172      397.5005  6230409    0.20%
 287677 180563      396.8830   120      396.7172      397.5005  6244146    0.20%
 288275 181092      397.4363   259      396.7172      397.5004  6257555    0.20%
 288904 181663      397.1456   196      396.7172      397.5003  6270939    0.20%
 289526 182207      396.8985   194      396.7172      397.5002  6284297    0.20%
 290126 182707      397.3943   273      396.7172      397.5002  6297059    0.20%
 290760 183288      397.3971   257      396.7172      397.5001  6309927    0.20%
 291335 183801      397.0593   184      396.7172      397.5000  6323705    0.20%
 291885 184281      397.0419   156      396.7172      397.5000  6336754    0.20%
Elapsed time = 2700.67 sec. (1777358.34 ticks, tree = 290.33 MB, solutions = 12)
 292607 184922      396.7388    97      396.7172      397.4999  6350330    0.20%
 293201 185446      397.0607   163      396.7172      397.4998  6363911    0.20%
 293853 186020      396.7570   131      396.7172      397.4997  6376914    0.20%
 294495 186594      397.1369   114      396.7172      397.4996  6390618    0.20%
 295115 187131      396.9883   242      396.7172      397.4995  6403719    0.20%
 295700 187648      397.4762   300      396.7172      397.4995  6416892    0.20%
 296276 188156      396.7797    74      396.7172      397.4994  6428650    0.20%
 296839 188643      396.7277    93      396.7172      397.4994  6442386    0.20%
 297427 189146      397.3557   271      396.7172      397.4993  6454740    0.20%
 298042 189682      396.9414   120      396.7172      397.4992  6467392    0.20%
Elapsed time = 2758.60 sec. (1815545.30 ticks, tree = 300.70 MB, solutions = 12)
 298665 190230      397.3265   254      396.7172      397.4991  6480359    0.20%
 299196 190697      397.3715   263      396.7172      397.4991  6493083    0.20%
 299755 191199      396.7642    48      396.7172      397.4990  6506075    0.20%
 300335 191722      396.9109    41      396.7172      397.4990  6518826    0.20%
 300955 192235      397.1529   252      396.7172      397.4989  6531959    0.20%
 301606 192809      396.8972   118      396.7172      397.4988  6544347    0.20%
 302291 193398      397.4662   303      396.7172      397.4988  6557692    0.20%
 302859 193904      396.7781   121      396.7172      397.4987  6571704    0.20%
 303438 194402      396.7921   103      396.7172      397.4986  6584743    0.20%
 304013 194911      397.0089   118      396.7172      397.4986  6597783    0.20%
Elapsed time = 2815.98 sec. (1853719.47 ticks, tree = 308.78 MB, solutions = 12)
 304620 195436      397.3200   230      396.7172      397.4985  6612189    0.20%
 305286 196037      396.8419   105      396.7172      397.4984  6624931    0.20%
 305908 196572      396.8491   127      396.7172      397.4984  6638468    0.20%
 306548 197121      397.1740   267      396.7172      397.4982  6652204    0.20%
 307190 197680      397.3863   289      396.7172      397.4982  6665629    0.20%
 307774 198198      397.0267   187      396.7172      397.4981  6679889    0.20%
 308391 198730      397.4141   313      396.7172      397.4981  6693982    0.20%
 308955 199230      397.1610   128      396.7172      397.4980  6707575    0.20%
 309558 199758      397.2953   227      396.7172      397.4980  6720319    0.20%
 310165 200289      397.0448   158      396.7172      397.4979  6733029    0.20%
Elapsed time = 2874.20 sec. (1891918.65 ticks, tree = 317.08 MB, solutions = 12)
 310751 200797      397.2366   246      396.7172      397.4979  6746127    0.20%
 311428 201391      397.2494   233      396.7172      397.4979  6759535    0.20%
 312018 201923      396.7902   145      396.7172      397.4978  6772794    0.20%
 312577 202411      396.7525    79      396.7172      397.4978  6784747    0.20%
 313141 202914      396.7573    84      396.7172      397.4977  6798748    0.20%
 313747 203427      396.8256   110      396.7172      397.4976  6810887    0.20%
 314355 203964      397.0561   150      396.7172      397.4976  6823485    0.20%
 314906 204464      397.3580   225      396.7172      397.4974  6836291    0.20%
 315444 204943      397.2068   214      396.7172      397.4974  6849642    0.20%
 316033 205465      397.1213   172      396.7172      397.4972  6862440    0.20%
Elapsed time = 2931.07 sec. (1930171.95 ticks, tree = 325.10 MB, solutions = 12)
 316592 205949      396.7705   172      396.7172      397.4972  6876371    0.20%
 317189 206485      397.3515   307      396.7172      397.4971  6890097    0.20%
 317758 207012      396.9046   135      396.7172      397.4971  6903240    0.20%
 318315 207490      397.3670   250      396.7172      397.4970  6916337    0.20%
 318961 208060      397.3491   235      396.7172      397.4970  6929678    0.20%
 319569 208604      397.3928   344      396.7172      397.4969  6943757    0.20%
 320121 209084      397.2698   239      396.7172      397.4968  6958550    0.20%
 320833 209704      397.4569   312      396.7172      397.4968  6970659    0.20%
 321426 210212      396.8396   210      396.7172      397.4967  6984191    0.20%
 322036 210734      397.3845   318      396.7172      397.4966  6997255    0.20%
Elapsed time = 2988.10 sec. (1968409.81 ticks, tree = 333.24 MB, solutions = 12)
 322587 211238      397.4854   306      396.7172      397.4965  7011473    0.20%
 323202 211761      397.0012   207      396.7172      397.4965  7024596    0.20%
 323815 212294      397.2136   174      396.7172      397.4964  7038538    0.20%
 324439 212849      396.9263   108      396.7172      397.4964  7052383    0.20%
 325088 213406      397.3631   255      396.7172      397.4963  7065637    0.20%
 325674 213921      396.7554   120      396.7172      397.4962  7079051    0.20%
 326256 214426      396.7182    95      396.7172      397.4962  7091684    0.20%
 326887 214993      396.7570    89      396.7172      397.4961  7105152    0.20%
 327436 215472      396.7308    79      396.7172      397.4961  7118650    0.20%
 328037 216004      397.2337   198      396.7172      397.4960  7131257    0.20%
Elapsed time = 3045.82 sec. (2006591.29 ticks, tree = 341.37 MB, solutions = 12)
 328619 216523      397.4364   270      396.7172      397.4959  7144961    0.20%
 329173 217004      397.3264   257      396.7172      397.4959  7158247    0.20%
 329724 217484      397.1044   212      396.7172      397.4958  7171460    0.20%
 330375 218071      397.3070   187      396.7172      397.4957  7184311    0.20%
 330855 218491      397.0809   213      396.7172      397.4956  7198405    0.20%
 331413 219001      396.9838   171      396.7172      397.4956  7211161    0.20%
 332003 219520      397.2492   234      396.7172      397.4956  7223843    0.20%
 332540 220006      397.2369   229      396.7172      397.4955  7237282    0.20%
 333219 220595      397.0125   180      396.7172      397.4953  7250258    0.20%
 333777 221095      397.2307   299      396.7172      397.4953  7263721    0.20%
Elapsed time = 3102.32 sec. (2044847.24 ticks, tree = 349.22 MB, solutions = 12)
 334345 221602      397.1342   185      396.7172      397.4952  7277114    0.20%
 334932 222127      397.2694   240      396.7172      397.4951  7290374    0.20%
 335505 222629      397.1025   248      396.7172      397.4951  7303541    0.20%
 336145 223200      396.7633    65      396.7172      397.4950  7316930    0.20%
 336759 223744      397.3310   299      396.7172      397.4950  7330442    0.20%
 337333 224265      397.0030   243      396.7172      397.4949  7344491    0.20%
 337988 224849      396.7325    48      396.7172      397.4948  7357994    0.20%
 338616 225404      397.4600   304      396.7172      397.4947  7371492    0.20%
 339210 225944      397.1886   224      396.7172      397.4947  7386086    0.20%
 339845 226504      397.4469   275      396.7172      397.4946  7399294    0.20%
Elapsed time = 3160.36 sec. (2083076.56 ticks, tree = 360.03 MB, solutions = 12)
 340448 227044      397.3605   253      396.7172      397.4946  7412245    0.20%
 341038 227565      397.4209   272      396.7172      397.4946  7425547    0.20%
 341594 228058      397.1981   223      396.7172      397.4945  7438622    0.20%
 342226 228619      397.0289   255      396.7172      397.4944  7451702    0.20%
 342729 229056      397.1142   179      396.7172      397.4944  7465067    0.20%
 343266 229538      397.3380   235      396.7172      397.4943  7478303    0.20%
 343924 230099      397.2922   258      396.7172      397.4942  7490890    0.20%
 344520 230630      397.3228   223      396.7172      397.4941  7503802    0.20%
 345101 231143      397.2426   240      396.7172      397.4941  7517114    0.20%
 345724 231685      396.7331    77      396.7172      397.4941  7529908    0.20%
Elapsed time = 3217.24 sec. (2121332.47 ticks, tree = 368.02 MB, solutions = 12)
 346285 232176      396.8507   165      396.7172      397.4940  7543257    0.20%
 346855 232662      397.2463   200      396.7172      397.4939  7555959    0.20%
 347428 233168      397.2433   151      396.7172      397.4939  7569043    0.20%
 348049 233707      397.3748   269      396.7172      397.4938  7582303    0.20%
 348646 234245      396.7548   100      396.7172      397.4937  7595074    0.20%
 349232 234765      397.0107   168      396.7172      397.4936  7607442    0.20%
 349741 235214      397.0098   197      396.7172      397.4936  7619819    0.20%
 350315 235698      397.3459   275      396.7172      397.4936  7632668    0.20%
 350915 236243      396.9884   144      396.7172      397.4935  7645387    0.20%
 351547 236809      396.9771   124      396.7172      397.4935  7658429    0.20%
Elapsed time = 3275.01 sec. (2159655.64 ticks, tree = 375.92 MB, solutions = 12)
 352115 237305      397.1048   210      396.7172      397.4934  7672076    0.20%
 352685 237816      397.3292   216      396.7172      397.4933  7685275    0.20%
 353314 238377      397.1387    94      396.7172      397.4933  7698444    0.20%
 353914 238935      397.0289   178      396.7172      397.4932  7711970    0.20%
 354480 239438      397.3371   260      396.7172      397.4932  7724818    0.20%
 355102 239994      397.4164   275      396.7172      397.4931  7738029    0.20%
 355715 240548      396.8863    88      396.7172      397.4931  7751628    0.20%
 356394 241134      397.3647   208      396.7172      397.4930  7764319    0.20%
 356963 241628      397.3107   319      396.7172      397.4929  7777322    0.20%
 357555 242153      397.3734   242      396.7172      397.4929  7789459    0.20%
Elapsed time = 3332.92 sec. (2197943.36 ticks, tree = 384.18 MB, solutions = 12)
 358185 242708      396.9072    72      396.7172      397.4928  7800796    0.20%
 358730 243181      397.3060   242      396.7172      397.4927  7813675    0.20%
 359262 243659      397.2567   230      396.7172      397.4927  7826710    0.20%
 359749 244100      397.3007   248      396.7172      397.4926  7838646    0.20%
 360415 244663      397.2174   196      396.7172      397.4926  7851549    0.20%
 360971 245147      397.2090   212      396.7172      397.4925  7863700    0.20%
 361544 245639      397.0172   204      396.7172      397.4925  7875930    0.20%
 362120 246156      397.4488   270      396.7172      397.4923  7887825    0.20%
 362658 246633      397.4193   265      396.7172      397.4923  7900325    0.20%
 363215 247125      397.3146   252      396.7172      397.4921  7912768    0.20%
Elapsed time = 3389.63 sec. (2236195.60 ticks, tree = 391.91 MB, solutions = 12)
 363796 247631      396.9642   181      396.7172      397.4921  7925611    0.20%
 364325 248087      397.2589   212      396.7172      397.4920  7938401    0.20%
 364981 248673      397.2945   212      396.7172      397.4919  7951027    0.20%
 365566 249204      397.2827   243      396.7172      397.4919  7963800    0.20%
 366085 249668      397.2329   147      396.7172      397.4918  7976963    0.20%
 366687 250195      397.0061   278      396.7172      397.4918  7988554    0.20%
 367215 250662      396.9196    87      396.7172      397.4917  8001727    0.20%
 367815 251178      397.2071   220      396.7172      397.4917  8014321    0.20%
 368341 251658      396.9369   141      396.7172      397.4916  8028437    0.20%
 368915 252152      397.2936   278      396.7172      397.4915  8041363    0.20%
Elapsed time = 3446.88 sec. (2274467.48 ticks, tree = 399.68 MB, solutions = 12)
 369483 252652      397.4779   306      396.7172      397.4914  8054325    0.20%
 370068 253160      397.2815   186      396.7172      397.4914  8067773    0.20%
 370690 253717      397.4461   276      396.7172      397.4913  8079791    0.20%
 371321 254261      397.1713   291      396.7172      397.4913  8092727    0.20%
 371915 254772      396.7740   110      396.7172      397.4912  8106196    0.20%
 372515 255284      397.0078   153      396.7172      397.4912  8117382    0.20%
 373059 255767      397.2134   252      396.7172      397.4911  8129924    0.20%
 373656 256272      397.0445   220      396.7172      397.4911  8142459    0.20%
 374177 256730      397.1394   180      396.7172      397.4910  8154700    0.20%
 374764 257258      396.7719    66      396.7172      397.4909  8166653    0.20%
Elapsed time = 3504.39 sec. (2312678.10 ticks, tree = 407.57 MB, solutions = 12)
 375307 257735      397.0066   153      396.7172      397.4909  8178975    0.20%
 375881 258224      397.1706   235      396.7172      397.4908  8191028    0.20%
 376407 258698      397.0297   191      396.7172      397.4908  8204169    0.20%
 376985 259201      397.4386   287      396.7172      397.4907  8215847    0.19%
 377544 259702      397.3638   284      396.7172      397.4907  8227961    0.19%
 378062 260141      397.1835   157      396.7172      397.4906  8240567    0.19%
 378628 260632      397.0950   250      396.7172      397.4906  8252786    0.19%
 379262 261172      396.7822    89      396.7172      397.4905  8264171    0.19%
 379788 261646      396.9815    82      396.7172      397.4904  8276299    0.19%
 380377 262146      397.2923   271      396.7172      397.4903  8288178    0.19%
Elapsed time = 3560.89 sec. (2350949.11 ticks, tree = 415.12 MB, solutions = 12)
 380917 262641      397.1981   211      396.7172      397.4903  8300916    0.19%
 381455 263119      397.0039   192      396.7172      397.4902  8314387    0.19%
 381987 263581      396.9664   141      396.7172      397.4902  8327198    0.19%
 382586 264090      397.4685   263      396.7172      397.4901  8339034    0.19%
 383200 264626      397.3280   244      396.7172      397.4901  8351933    0.19%
 383779 265152      397.1880   197      396.7172      397.4901  8365025    0.19%

Flow cuts applied:  68
Mixed integer rounding cuts applied:  135
Lift and project cuts applied:  16
Gomory fractional cuts applied:  9
User cuts applied:  1168

Root node processing (before b&c):
  Real time             =    0.69 sec. (550.71 ticks)
Sequential b&c:
  Real time             = 3599.31 sec. (2377290.71 ticks)
                          ------------
Total (root+branch&cut) = 3600.00 sec. (2377841.41 ticks)
|V|                                     400
K                                       133
theta                                   0.20
r                                       10
R                                       25
prob_func                               linear
#C1                                     1462
#CP                                     8014

@Parameters: 
am_callback_heuristic                   false
am_local_search                         true
am_start_heuristic                      false
colocation                              true
comp                                    false
cutC                                    true
cutC_init                               false
cutF                                    false
cutF_init                               false
cutF_stable                             false
cutF_wrong                              false
cutLocal                                false
cutM                                    true
cutM_init                               true
cutM_stable                             false
cutP                                    true
cutP_init                               false
cutP_stable                             false
init                                    true
init_cutF_zero                          false
init_val_greedy                         true
is_Euclidean                            false
is_local_search                         false
is_right_cutP                           true
is_root                                 false
is_silent                               false
is_start                                false
mycut                                   false
pmed                                    false
pre                                     true
stable_root                             false
str                                     false
two_phase                               false
ubstr                                   false
mode                                    Int

am_callback_node_space                  50
init                                    0
mixture_seed                            1
node_space                              5
nodelimit                               -1
nsepa                                   1
strF                                    0
type_delta                              0

EPS                                     0.001000
EPS_FRAC                                0.00
gap                                     0.00
mixture_high_max                        0.99
mixture_high_min                        0.90
mixture_low_max                         0.01
mixture_low_min                         0.00
mixture_low_share                       0.80
timelimit                               3600.00

Number of Closed Sites: 13 / 1729 
Number of Confined Sites-1: 12 / 1584 
Number of Confined Sites-k: 375 / 5959 
Preprocess Time: 0.61 + 0.00 sec

Solve Time: 3600.00
Number of Nodes: 384315
Termination Status: TIME_LIMIT

CutInfo: [phase] num / time (sec) / aver. num_nonzero
max              [LP]     0 / 0.00 / 0.00 [init]    69 / 0.00 / 2.35 [rLC]   517 / 0.02 / 7.52 [rUC]   365 / 0.03 / 4.34 [sLC]   182 / 0.09 / 6.47 [sUC]   751 / 1.20 / 5.67 
prod_oa          [LP]     0 / 0.00 / 0.00 [init]    60 / 0.00 / 16.40 [rLC]   509 / 0.01 / 20.66 [rUC]   118 / 0.01 / 17.06 [sLC]   667 / 0.03 / 19.15 [sUC]   769 / 0.53 / 15.87 
prod_sm_fixed    [LP]     0 / 0.00 / 0.00 [init]     0 / 0.00 / 0.00 [rLC]     0 / 0.00 / 0.00 [rUC]     0 / 0.00 / 0.00 [sLC]     0 / 0.00 / 0.00 [sUC]     0 / 0.00 / 0.00 
prod_bin         [LP]     0 / 0.00 / 0.00 [init]     0 / 0.00 / 0.00 [rLC]     0 / 0.00 / 0.00 [rUC]     0 / 0.00 / 0.00 [sLC]     0 / 0.00 / 0.00 [sUC]     0 / 0.00 / 0.00 
prod_local       [LP]     0 / 0.00 / 0.00 [init]     0 / 0.00 / 0.00 [rLC]     0 / 0.00 / 0.00 [rUC]     0 / 0.00 / 0.00 [sLC]     0 / 0.00 / 0.00 [sUC]     0 / 0.00 / 0.00 
prod_sm_C        [LP]     0 / 0.00 / 0.00 [init]     0 / 0.00 / 0.00 [rLC]     0 / 0.00 / 0.00 [rUC]     0 / 0.00 / 0.00 [sLC]     0 / 0.00 / 0.00 [sUC]     0 / 0.00 / 0.00 
facet            [LP]     0 / 0.00 / 0.00 [init]     0 / 0.00 / 0.00 [rLC]     0 / 0.00 / 0.00 [rUC]     0 / 0.00 / 0.00 [sLC]     0 / 0.00 / 0.00 [sUC]     0 / 0.00 / 0.00 
Separation Round:   [LP] 0  [init] 1  [rLC] 3  [rUC] 15  [sLC] 49  [sUC] 749473  
Root Best Bound 398.368652
Root Best Integer: 394.763724
Best Bound: 397.490002
Best Integer: 396.717184
1: 4, 5, 8, 14, 15, 19, 22, 27, 34, 35, 37, 40, 43, 47, 52, 53, 56, 61, 62, 64, 65, 71, 72, 73, 76, 77, 78, 83, 87, 90, 91, 98, 99, 101, 102, 104, 105, 107, 109, 115, 117, 121, 123, 125, 136, 137, 141, 142, 147, 148, 149, 151, 154, 163, 166, 168, 170, 172, 174, 178, 183, 186, 192, 193, 196, 199, 200, 203, 204, 206, 213, 215, 228, 242, 243, 244, 247, 252, 253, 263, 264, 266, 268, 269, 271, 272, 274, 276, 283, 284, 288, 290, 291, 294, 298, 300, 301, 305, 317, 320, 321, 329, 331, 332, 333, 336, 338, 342, 343, 347, 348, 354, 356, 358, 364, 367, 371, 374, 379, 380, 382, 383, 384, 386, 387, 390, 392, 395, 396, 397, 400
2: 238
Objective Value (calc): 396.711051
sum_etaM = 391.600000 / 391.600000
sum_etaP = 397.996480 / 397.988814
nL: 132
nCL: 1
mCL: 2
