Version identifier: 20.1.0.0 | 2020-11-10 | 9bedb6d68
CPXPARAM_Threads                                 1
CPXPARAM_TimeLimit                               3600
CPXPARAM_MIP_Tolerances_MIPGap                   0
Generic callback                                 0x60
1 of 1 MIP starts provided solutions.
MIP start 'm1' defined initial solution with objective 239.0780.
Tried aggregator 2 times.
MIP Presolve eliminated 62 rows and 42 columns.
MIP Presolve modified 169 coefficients.
Aggregator did 20 substitutions.
Reduced MIP has 771 rows, 1138 columns, and 2678 nonzeros.
Reduced MIP has 279 binaries, 259 generals, 0 SOSs, and 0 indicators.
Presolve time = 0.00 sec. (1.59 ticks)
Probing time = 0.00 sec. (0.16 ticks)
Tried aggregator 1 time.
Reduced MIP has 771 rows, 1138 columns, and 2678 nonzeros.
Reduced MIP has 279 binaries, 259 generals, 0 SOSs, and 0 indicators.
Presolve time = 0.00 sec. (0.91 ticks)
Probing time = 0.00 sec. (0.16 ticks)
MIP emphasis: balance optimality and feasibility.
MIP search method: dynamic search.
Parallel mode: none, using 1 thread.
Root relaxation solution time = 0.00 sec. (3.13 ticks)

        Nodes                                         Cuts/
   Node  Left     Objective  IInf  Best Integer    Best Bound    ItCnt     Gap

*     0+    0                          239.0780      300.0000            25.48%
      0     0      286.4092    18      239.0780      286.4092      466   19.80%
      0     0      245.7203   146      239.0780     Cuts: 292      796    2.78%
      0     0      243.8176   108      239.0780     Cuts: 269      948    1.98%
*     0+    0                          241.9635      243.8176             0.77%
      0     0      243.5725   120      241.9635      Cuts: 84     1042    0.66%
*     0+    0                          242.4064      243.5725             0.48%
      0     0      243.5311    74      242.4064      Cuts: 59     1092    0.46%
*     0+    0                          242.4575      243.5311             0.44%
      0     0      243.5253    72      242.4575      Cuts: 25     1125    0.44%
      0     0      243.5214    54      242.4575      Cuts: 20     1142    0.44%
      0     0      243.5212    68      242.4575       Cuts: 4     1147    0.44%
      0     0      243.5206    54      242.4575 UserPurge2: 6     1150    0.44%
*     0+    0                          243.1598      243.5206             0.15%
*     0+    0                          243.4038      243.5206             0.05%
      0     2      243.5206    54      243.4038      243.5206     1150    0.05%
Elapsed time = 0.48 sec. (263.66 ticks, tree = 0.01 MB, solutions = 6)
*     9     5      integral     0      243.4071      243.5199     1228    0.05%
*    10+    0                          243.4699      243.5199             0.02%

Flow cuts applied:  6
Mixed integer rounding cuts applied:  31
Lift and project cuts applied:  2
Gomory fractional cuts applied:  10
User cuts applied:  462

Root node processing (before b&c):
  Real time             =    0.48 sec. (263.72 ticks)
Sequential b&c:
  Real time             =    0.27 sec. (56.76 ticks)
                          ------------
Total (root+branch&cut) =    0.76 sec. (320.48 ticks)
|V|                                     300
K                                       60
theta                                   0.80
r                                       10
R                                       25
prob_func                               linear
#C1                                     804
#CP                                     2722

@Parameters: 
am_callback_heuristic                   false
am_local_search                         true
am_start_heuristic                      false
colocation                              true
comp                                    false
cutC                                    true
cutC_init                               false
cutF                                    true
cutF_init                               false
cutF_stable                             false
cutF_wrong                              false
cutLocal                                false
cutM                                    true
cutM_init                               true
cutM_stable                             false
cutP                                    true
cutP_init                               false
cutP_stable                             false
init                                    true
init_cutF_zero                          false
init_val_greedy                         true
is_Euclidean                            false
is_local_search                         false
is_right_cutP                           true
is_root                                 false
is_silent                               false
is_start                                false
mycut                                   false
pmed                                    false
pre                                     true
stable_root                             false
str                                     false
two_phase                               false
ubstr                                   false
mode                                    Int

am_callback_node_space                  50
init                                    0
mixture_seed                            1
node_space                              5
nodelimit                               -1
nsepa                                   1
strF                                    0
type_delta                              0

EPS                                     0.001000
EPS_FRAC                                0.00
gap                                     0.00
mixture_high_max                        0.99
mixture_high_min                        0.90
mixture_low_max                         0.01
mixture_low_min                         0.00
mixture_low_share                       0.80
timelimit                               3600.00

Number of Closed Sites: 21 / 1260 
Number of Confined Sites-1: 20 / 1180 
Number of Confined Sites-k: 259 / 4080 
Preprocess Time: 0.34 + 0.00 sec

Solve Time: 0.76
Number of Nodes: 46
Termination Status: OPTIMAL

CutInfo: [phase] num / time (sec) / aver. num_nonzero
max              [LP]     0 / 0.00 / 0.00 [init]   126 / 0.00 / 2.11 [rLC]   256 / 0.02 / 9.44 [rUC]   314 / 0.02 / 5.13 [sLC]     1 / 0.01 / 5.00 [sUC]    14 / 0.03 / 5.64 
prod_oa          [LP]     0 / 0.00 / 0.00 [init]   126 / 0.00 / 6.87 [rLC]   355 / 0.01 / 12.97 [rUC]    43 / 0.01 / 11.30 [sLC]     1 / 0.00 / 17.00 [sUC]     6 / 0.01 / 13.17 
prod_sm_fixed    [LP]     0 / 0.00 / 0.00 [init]     0 / 0.00 / 0.00 [rLC]     0 / 0.00 / 0.00 [rUC]     0 / 0.00 / 0.00 [sLC]     0 / 0.00 / 0.00 [sUC]     0 / 0.00 / 0.00 
prod_bin         [LP]     0 / 0.00 / 0.00 [init]     0 / 0.00 / 0.00 [rLC]     0 / 0.00 / 0.00 [rUC]     0 / 0.00 / 0.00 [sLC]     0 / 0.00 / 0.00 [sUC]     0 / 0.00 / 0.00 
prod_local       [LP]     0 / 0.00 / 0.00 [init]     0 / 0.00 / 0.00 [rLC]     0 / 0.00 / 0.00 [rUC]     0 / 0.00 / 0.00 [sLC]     0 / 0.00 / 0.00 [sUC]     0 / 0.00 / 0.00 
prod_sm_C        [LP]     0 / 0.00 / 0.00 [init]     0 / 0.00 / 0.00 [rLC]     0 / 0.05 / 0.00 [rUC]   395 / 0.04 / 21.33 [sLC]     0 / 0.01 / 0.00 [sUC]    32 / 0.09 / 21.38 
facet            [LP]     0 / 0.00 / 0.00 [init]     0 / 0.00 / 0.00 [rLC]     0 / 0.00 / 0.00 [rUC]   395 / 0.00 / 0.00 [sLC]     0 / 0.00 / 0.00 [sUC]    32 / 0.00 / 0.00 
Separation Round:   [LP] 0  [init] 1  [rLC] 13  [rUC] 10  [sLC] 3  [sUC] 67  
Root Best Bound 243.519907
Root Best Integer: 243.403839
Best Bound: 243.476184
Best Integer: 243.469924
1: 2, 13, 14, 18, 23, 41, 49, 50, 52, 60, 64, 79, 95, 102, 107, 112, 118, 122, 123, 126, 129, 130, 133, 135, 137, 142, 145, 151, 154, 156, 157, 162, 166, 168, 170, 171, 175, 187, 193, 203, 207, 216, 217, 227, 228, 233, 249, 253, 254, 269, 274, 278, 279, 283, 284, 285, 286, 292, 295, 300
Objective Value (calc): 243.469595
sum_etaM = 242.400000 / 242.400000
sum_etaP = 247.749618 / 247.747973
nL: 60
nCL: 0
mCL: 1
