Version identifier: 20.1.0.0 | 2020-11-10 | 9bedb6d68
CPXPARAM_Threads                                 1
CPXPARAM_TimeLimit                               3600
CPXPARAM_MIP_Tolerances_MIPGap                   0
Generic callback                                 0x60
1 of 1 MIP starts provided solutions.
MIP start 'm1' defined initial solution with objective 675.6318.
Tried aggregator 1 time.
MIP Presolve eliminated 1934 rows and 968 columns.
MIP Presolve modified 945 coefficients.
Reduced MIP has 7227 rows, 8632 columns, and 911467 nonzeros.
Reduced MIP has 7032 binaries, 0 generals, 0 SOSs, and 0 indicators.
Presolve time = 0.65 sec. (453.37 ticks)
Probing time = 0.08 sec. (98.21 ticks)
Tried aggregator 1 time.
Reduced MIP has 7227 rows, 8632 columns, and 911467 nonzeros.
Reduced MIP has 7032 binaries, 0 generals, 0 SOSs, and 0 indicators.
Presolve time = 0.35 sec. (247.54 ticks)
Probing time = 0.08 sec. (98.43 ticks)
Clique table members: 13563.
MIP emphasis: balance optimality and feasibility.
MIP search method: dynamic search.
Parallel mode: none, using 1 thread.
Root relaxation solution time = 0.22 sec. (250.93 ticks)

        Nodes                                         Cuts/
   Node  Left     Objective  IInf  Best Integer    Best Bound    ItCnt     Gap

*     0+    0                          675.6318      800.0000            18.41%
      0     0      737.2620    23      675.6318      737.2620     1538    9.12%
      0     0      709.6062    42      675.6318     Cuts: 769     2463    5.03%
      0     0      706.2191    52      675.6318     Cuts: 462     3093    4.53%
      0     0      705.2859    47      675.6318     Cuts: 171     3479    4.39%
      0     0      704.9472    50      675.6318     Cuts: 146     3699    4.34%
      0     0      704.9200    51      675.6318      Cuts: 55     3785    4.33%
      0     0      704.8978    49      675.6318      Cuts: 53     3847    4.33%
      0     0      704.8951    51      675.6318 UserPurge2: 24     3881    4.33%
      0     0      704.8923    50      675.6318 UserPurge2: 14     3902    4.33%
      0     0      704.8909    51      675.6318 UserPurge2: 11     3918    4.33%
      0     0      704.8896    51      675.6318 UserPurge2: 16     3932    4.33%
      0     0      704.8892    51      675.6318 UserPurge2: 9     3947    4.33%
      0     0      704.8889    51      675.6318 UserPurge2: 6     3956    4.33%
      0     2      704.6389    56      675.6318      704.6363     3956    4.29%
Elapsed time = 88.06 sec. (15750.24 ticks, tree = 0.01 MB, solutions = 1)
      1     3      704.3630    55      675.6318      704.6363     4411    4.29%
      2     4      702.9508    49      675.6318      704.3616     5122    4.25%
      3     5      703.9483    58      675.6318      704.3598     5674    4.25%
      4     6      703.2393    49      675.6318      703.9482     6124    4.19%
      5     7      701.6635    47      675.6318      703.9482     8579    4.19%
      6     8      701.4502    49      675.6318      703.9482     9629    4.19%
      7     9      700.4170    43      675.6318      703.9482    11253    4.19%
      8    10      700.3429    41      675.6318      703.9482    11580    4.19%
      9    11      700.2834    42      675.6318      703.9482    11741    4.19%
     10    12      694.4850    35      675.6318      703.9482    14542    4.19%
Elapsed time = 97.19 sec. (23647.83 ticks, tree = 0.13 MB, solutions = 1)
     13    15      697.4126    33      675.6318      703.9482    16232    4.19%
     15    17      691.3773    27      675.6318      703.9482    18089    4.19%
     18    20      694.0587    31      675.6318      703.9482    19602    4.19%
     20    22      685.9725    20      675.6318      703.9482    22197    4.19%
     25    25        cutoff            675.6318      703.9482    24387    4.19%
     30    28        cutoff            675.6318      703.9482    25967    4.19%
     33    29      701.7874    50      675.6318      703.9463    27221    4.19%
     35    31      697.4523    44      675.6318      703.9463    29099    4.19%
     36    32      695.7611    34      675.6318      703.9463    31069    4.19%
     40    36      689.3641    29      675.6318      703.9463    33272    4.19%
Elapsed time = 144.68 sec. (44171.14 ticks, tree = 1.37 MB, solutions = 1)
     41    37      689.3184    21      675.6318      703.9463    34786    4.19%
     45    41      676.5603    11      675.6318      703.9463    37123    4.19%
     47    43      681.1134    15      675.6318      703.9463    38381    4.19%
     50    46      676.1890    12      675.6318      703.9463    39380    4.19%
     55    47        cutoff            675.6318      703.9463    40282    4.19%
     58    48      703.3687    56      675.6318      703.4557    41422    4.12%
     60    50      703.1182    56      675.6318      703.3632    43385    4.10%
     61    51      700.3232    50      675.6318      703.2361    44700    4.09%
     63    53      700.6472    48      675.6318      703.2361    47295    4.09%
     65    55      698.1463    41      675.6318      703.2361    49337    4.09%
Elapsed time = 184.01 sec. (64176.65 ticks, tree = 2.51 MB, solutions = 1)
     68    58      696.2664    37      675.6318      703.2361    50548    4.09%
     70    60      688.9850    30      675.6318      703.2361    52682    4.09%
     72    62      694.2390    36      675.6318      703.2361    54512    4.09%
     75    65      689.2286    26      675.6318      703.2361    56500    4.09%
     78    68      686.3283    18      675.6318      703.2361    57656    4.09%
     80    70      680.1624    18      675.6318      703.2361    58538    4.09%
     84    74      679.4607    12      675.6318      703.2361    59409    4.09%
     85    75      675.6925     8      675.6318      703.2361    59941    4.09%
     88    78      676.7417     7      675.6318      703.2361    60643    4.09%
     91    77        cutoff            675.6318      703.2361    60829    4.09%
Elapsed time = 233.33 sec. (86255.54 ticks, tree = 5.04 MB, solutions = 1)
     93    77      699.0459    43      675.6318      702.9482    61958    4.04%
     95    79      698.1514    43      675.6318      702.9482    63259    4.04%
     97    81      697.6489    41      675.6318      702.9482    64469    4.04%
*   100+   82                          675.6419      702.9482             4.04%
    100    84      696.3030    41      675.6419      702.9482    66060    4.04%
    102    86      695.8571    44      675.6419      702.9482    66807    4.04%
    104    88      695.5875    42      675.6419      702.9482    67213    4.04%
    105    89      695.3203    41      675.6419      702.9482    67813    4.04%
    108    92      694.6005    42      675.6419      702.9482    68951    4.04%
    110    94      693.3522    45      675.6419      702.9482    70270    4.04%
    113    97      692.6916    43      675.6419      702.9482    71470    4.04%
Elapsed time = 259.12 sec. (106075.62 ticks, tree = 6.95 MB, solutions = 2)
    115    99      692.5410    44      675.6419      702.9482    72460    4.04%
    118   102      691.9673    41      675.6419      702.9482    73467    4.04%
    120   104      690.6084    41      675.6419      702.9482    74758    4.04%
    122   106      690.0333    42      675.6419      702.9482    75784    4.04%
    125   109      689.7589    44      675.6419      702.9482    76836    4.04%
    128   112      689.4498    44      675.6419      702.9482    77760    4.04%
    130   114      689.2654    46      675.6419      702.9482    78415    4.04%
    132   116      688.6445    43      675.6419      702.9482    79617    4.04%
    134   118      688.0609    52      675.6419      702.9482    80833    4.04%
    135   119      687.9136    51      675.6419      702.9482    81284    4.04%
Elapsed time = 304.10 sec. (134377.33 ticks, tree = 9.05 MB, solutions = 2)
    137   121      687.5886    52      675.6419      702.9482    82144    4.04%
    140   124      687.2747    51      675.6419      702.9482    82981    4.04%
    143   127      685.4523    42      675.6419      702.9482    84514    4.04%
    145   129      685.0841    42      675.6419      702.9482    85731    4.04%
    148   132      684.7555    43      675.6419      702.9482    86743    4.04%
    150   134      684.0175    45      675.6419      702.9482    88557    4.04%
    154   138      683.4350    44      675.6419      702.9482    89443    4.04%
    155   139      683.2904    46      675.6419      702.9482    89849    4.04%
    158   142      682.9283    42      675.6419      702.9482    90525    4.04%
    159   143      682.3611    44      675.6419      702.9482    92089    4.04%
Elapsed time = 325.96 sec. (153071.34 ticks, tree = 11.65 MB, solutions = 2)
    160   144      681.9020    44      675.6419      702.9482    92854    4.04%
    162   146      681.2285    41      675.6419      702.9482    93712    4.04%
    165   149      680.3974    44      675.6419      702.9482    95870    4.04%
    167   151      679.8987    42      675.6419      702.9482    97395    4.04%
    169   153      679.4660    45      675.6419      702.9482    98390    4.04%
    170   154      679.1870    48      675.6419      702.9482    99236    4.04%
    173   157      678.7304    48      675.6419      702.9482   100732    4.04%
    175   159      678.2551    48      675.6419      702.9482   102517    4.04%
    178   162      677.9243    49      675.6419      702.9482   103635    4.04%
    180   164      677.6024    52      675.6419      702.9482   104326    4.04%
Elapsed time = 348.17 sec. (179814.76 ticks, tree = 13.81 MB, solutions = 2)
    183   167      677.3119    48      675.6419      702.9482   105302    4.04%
    185   169      676.9165    50      675.6419      702.9482   106171    4.04%
    188   172      676.4424    48      675.6419      702.9482   107191    4.04%
    190   174      676.0622    47      675.6419      702.9482   108085    4.04%
    193   173        cutoff            675.6419      702.9482   108719    4.04%
    194   174      702.4817    50      675.6419      702.9460   110058    4.04%
    195   175      701.5400    45      675.6419      702.9460   111071    4.04%
    196   176      701.3242    46      675.6419      702.9460   111686    4.04%
    198   178      700.6625    47      675.6419      702.9460   112795    4.04%
    200   180      699.6707    48      675.6419      702.9460   114139    4.04%
Elapsed time = 374.35 sec. (197803.98 ticks, tree = 15.97 MB, solutions = 2)
    202   182      699.1693    50      675.6419      702.9460   115114    4.04%
    205   185      698.2951    50      675.6419      702.9460   116525    4.04%
    206   186      697.7756    47      675.6419      702.9460   118140    4.04%
    208   188      696.8062    45      675.6419      702.9460   119549    4.04%
    210   190      696.2717    47      675.6419      702.9460   120646    4.04%
    212   192      695.0378    51      675.6419      702.9460   121390    4.04%
    214   194      694.3142    51      675.6419      702.9460   124032    4.04%
    215   195      693.9839    49      675.6419      702.9460   124991    4.04%
    217   197      693.2049    49      675.6419      702.9460   126624    4.04%
    220   200      692.1859    49      675.6419      702.9460   128410    4.04%
Elapsed time = 402.50 sec. (218122.31 ticks, tree = 17.44 MB, solutions = 2)
    225   205      691.2997    48      675.6419      702.9460   131388    4.04%
    230   210      690.6171    47      675.6419      702.9460   133439    4.04%
    234   214      688.0975    42      675.6419      702.9460   137728    4.04%
    238   218      685.1199    42      675.6419      702.9460   140516    4.04%
    242   222      684.0604    39      675.6419      702.9460   142471    4.04%
    250   230      682.2779    43      675.6419      702.9460   145247    4.04%
    258   238      680.6248    45      675.6419      702.9460   148747    4.04%
    260   240      679.8989    45      675.6419      702.9460   150105    4.04%
    270   250      677.7689    44      675.6419      702.9460   153496    4.04%
    280   260      676.0216    39      675.6419      702.9460   156248    4.04%
Elapsed time = 451.38 sec. (266824.82 ticks, tree = 24.25 MB, solutions = 2)
    288   264      696.1495    38      675.6419      702.7979   158774    4.02%
    290   266      688.2095    28      675.6419      702.7979   160540    4.02%
    300   274        cutoff            675.6419      702.7979   163269    4.02%
    305   277      698.3134    53      675.6419      702.7977   166359    4.02%
    310   282      696.2555    47      675.6419      702.7977   169440    4.02%
    315   287      694.8654    48      675.6419      702.7977   172150    4.02%
    320   292      692.6821    47      675.6419      702.7977   176748    4.02%
    326   298      690.8200    51      675.6419      702.7977   179301    4.02%
    330   302      690.1756    50      675.6419      702.7977   180762    4.02%
    338   310      688.8734    54      675.6419      702.7977   183403    4.02%
Elapsed time = 534.27 sec. (319726.35 ticks, tree = 30.36 MB, solutions = 2)
    340   312      688.1067    56      675.6419      702.7977   185771    4.02%
    346   318      687.2907    51      675.6419      702.7977   189172    4.02%
    350   322      686.4130    60      675.6419      702.7977   191536    4.02%
    356   328      685.6777    61      675.6419      702.7977   193867    4.02%
    360   332      684.9082    59      675.6419      702.7977   195720    4.02%
    366   338      684.2408    58      675.6419      702.7977   198432    4.02%
    370   342      683.8117    64      675.6419      702.7977   201056    4.02%
    376   348      683.2078    55      675.6419      702.7977   204206    4.02%
    380   352      682.8075    58      675.6419      702.7977   205569    4.02%
    387   359      682.0528    65      675.6419      702.7977   209057    4.02%
Elapsed time = 617.32 sec. (383856.03 ticks, tree = 35.17 MB, solutions = 2)
    391   363      681.5471    61      675.6419      702.7977   210639    4.02%
    400   372      680.5023    62      675.6419      702.7977   213225    4.02%
    408   380      679.3619    64      675.6419      702.7977   216053    4.02%
    413   385      678.7876    59      675.6419      702.7977   217606    4.02%
    420   392      676.0704    54      675.6419      702.7977   222538    4.02%
    426   394      701.7589    56      675.6419      702.4788   225892    3.97%
    429   397      700.9934    57      675.6419      702.4788   229343    3.97%
    433   401      699.9208    58      675.6419      702.4788   231408    3.97%
    438   406      698.2727    58      675.6419      702.4788   234757    3.97%
    440   408      697.2577    63      675.6419      702.4788   236221    3.97%
Elapsed time = 706.91 sec. (452408.89 ticks, tree = 41.74 MB, solutions = 2)
    444   412      695.9142    59      675.6419      702.4788   242209    3.97%
    449   417      694.6482    59      675.6419      702.4788   245742    3.97%
    454   422      693.9084    59      675.6419      702.4788   247680    3.97%
    460   428      691.9373    58      675.6419      702.4788   250103    3.97%
    466   434      690.7699    56      675.6419      702.4788   252775    3.97%
    470   438      689.7516    57      675.6419      702.4788   255531    3.97%
    475   443      688.7257    60      675.6419      702.4788   258514    3.97%
    480   448      687.5950    62      675.6419      702.4788   262314    3.97%
    484   452      687.0514    67      675.6419      702.4788   265181    3.97%
    487   455      686.0610    63      675.6419      702.4788   268522    3.97%
Elapsed time = 782.54 sec. (501997.11 ticks, tree = 47.19 MB, solutions = 2)
    490   458      685.1944    68      675.6419      702.4788   270468    3.97%
    496   464      684.1018    64      675.6419      702.4788   273500    3.97%
    500   468      683.4112    64      675.6419      702.4788   275404    3.97%
    504   472      682.4915    67      675.6419      702.4788   278297    3.97%
    510   478      681.6440    64      675.6419      702.4788   281419    3.97%
    515   483      680.8409    62      675.6419      702.4788   284696    3.97%
    519   487      680.0391    60      675.6419      702.4788   286775    3.97%
    522   490      679.6753    59      675.6419      702.4788   288613    3.97%
    525   493      678.9552    63      675.6419      702.4788   291557    3.97%

Performing restart 1

Repeating presolve.
Tried aggregator 1 time.
MIP Presolve eliminated 4 rows and 4 columns.
Reduced MIP has 7223 rows, 8628 columns, and 911339 nonzeros.
Reduced MIP has 7028 binaries, 0 generals, 0 SOSs, and 0 indicators.
Presolve time = 0.37 sec. (252.38 ticks)
Tried aggregator 1 time.
Reduced MIP has 7223 rows, 8628 columns, and 911339 nonzeros.
Reduced MIP has 7028 binaries, 0 generals, 0 SOSs, and 0 indicators.
Presolve time = 0.36 sec. (247.87 ticks)
Represolve time = 6.86 sec. (3478.26 ticks)
    528     2      704.2932    57      675.6419      702.4788   302997    3.97%
Elapsed time = 921.91 sec. (584998.04 ticks, tree = 0.01 MB, solutions = 2)
    529     3      703.9300    56      675.6419      702.4788   303678    3.97%
    533     7      703.1719    54      675.6419      702.4788   306590    3.97%
    538    12      700.5781    50      675.6419      702.4788   309361    3.97%
    544    18      697.8224    45      675.6419      702.4788   314085    3.97%
    548    22      696.6536    47      675.6419      702.4788   315711    3.97%
    550    24      693.6759    37      675.6419      702.4788   318696    3.97%
    555    29      694.8410    44      675.6419      702.4788   322839    3.97%
    558    32      691.3120    36      675.6419      702.4788   325176    3.97%
    566    40      689.6423    32      675.6419      702.4788   330173    3.97%
    573    47      688.3853    30      675.6419      702.4788   332843    3.97%
Elapsed time = 1016.64 sec. (642772.30 ticks, tree = 1.94 MB, solutions = 2)
    576    50      686.2616    39      675.6419      702.4788   336138    3.97%
    578    52      686.1658    36      675.6419      702.4788   337821    3.97%
    588    62      685.2742    35      675.6419      702.4788   342885    3.97%
    597    71      684.7203    35      675.6419      702.4788   346643    3.97%
    600    74      682.0476    38      675.6419      702.4788   347742    3.97%
    608    82      681.2990    35      675.6419      702.4788   349502    3.97%
    617    91      680.2629    36      675.6419      702.4788   351591    3.97%
    626    98      679.5292    35      675.6419      702.4788   354224    3.97%
    634   106      678.6364    31      675.6419      702.4788   355928    3.97%
    643   114      677.6866    29      675.6419      702.4788   357360    3.97%
Elapsed time = 1070.15 sec. (688650.93 ticks, tree = 8.47 MB, solutions = 2)
    652   117      702.6170    55      675.6419      702.4788   358715    3.97%
    658   123      700.0570    49      675.6419      702.4788   362694    3.97%
    666   131      697.0987    43      675.6419      702.4788   366255    3.97%
    668   133      694.4987    42      675.6419      702.4788   368059    3.97%
    675   140      689.7530    37      675.6419      702.4788   373009    3.97%
    682   147      692.2855    42      675.6419      702.4788   376291    3.97%
    690   155      688.6325    32      675.6419      702.4788   379711    3.97%
    698   163      687.7906    30      675.6419      702.4788   382743    3.97%
    700   163        cutoff            675.6419      702.4788   384270    3.97%
    701   164      681.2717    27      675.6419      702.4788   385272    3.97%
Elapsed time = 1150.87 sec. (744620.36 ticks, tree = 13.14 MB, solutions = 2)
    703   166      681.0861    26      675.6419      702.4788   386584    3.97%
    710   173      679.9492    26      675.6419      702.4788   388800    3.97%
    718   181      678.1030    21      675.6419      702.4788   390751    3.97%
    725   188      676.7966    27      675.6419      702.4788   392445    3.97%
    732   192      675.7678    25      675.6419      702.4788   393626    3.97%
    739   193      698.5672    52      675.6419      702.4788   395343    3.97%
    748   202      695.8449    53      675.6419      702.4788   397941    3.97%
    751   205      694.4612    49      675.6419      702.4788   399431    3.97%
    756   210      692.6563    53      675.6419      702.4788   402788    3.97%
    761   215      691.4450    49      675.6419      702.4788   405556    3.97%
Elapsed time = 1207.57 sec. (799650.56 ticks, tree = 16.89 MB, solutions = 2)
    768   222      690.2314    48      675.6419      702.4788   407481    3.97%
    775   229      688.2196    45      675.6419      702.4788   411486    3.97%
    778   232      687.5476    53      675.6419      702.4788   413235    3.97%
    785   239      686.9062    50      675.6419      702.4788   415505    3.97%
    788   242      685.8652    55      675.6419      702.4788   416289    3.97%
    798   252      685.1431    45      675.6419      702.4788   418262    3.97%
    805   259      684.0798    47      675.6419      702.4788   420044    3.97%
    808   262      683.4096    50      675.6419      702.4788   420621    3.97%
    814   268      683.0201    47      675.6419      702.4788   421828    3.97%
    821   275      682.5046    43      675.6419      702.4788   422913    3.97%
Elapsed time = 1285.60 sec. (855060.89 ticks, tree = 24.90 MB, solutions = 2)
    825   279      681.5189    43      675.6419      702.4788   424190    3.97%
    828   282      681.4330    47      675.6419      702.4788   424559    3.97%
    836   290      680.7509    44      675.6419      702.4788   425833    3.97%
    842   296      679.9343    41      675.6419      702.4788   426925    3.97%
    848   302      679.6495    38      675.6419      702.4788   427610    3.97%
    850   303      677.2259    44      675.6419      702.4788   429250    3.97%
    856   306      677.0646    40      675.6419      702.4788   429701    3.97%
    862   309      676.8589    39      675.6419      702.4788   430147    3.97%
    870   313      676.1004    35      675.6419      702.4788   431057    3.97%
    875   313      700.8574    50      675.6419      702.4788   433096    3.97%
Elapsed time = 1332.83 sec. (908036.13 ticks, tree = 30.69 MB, solutions = 2)
    878   316      696.8705    43      675.6419      702.4788   435062    3.97%
    888   326      692.2532    46      675.6419      702.4788   437936    3.97%
    898   336      689.5994    40      675.6419      702.4788   440930    3.97%
    903   341      687.6584    44      675.6419      702.4788   443469    3.97%
    906   344      684.6529    36      675.6419      702.4788   446810    3.97%
    910   348      684.0096    33      675.6419      702.4788   448480    3.97%
    921   359      682.7461    34      675.6419      702.4788   450474    3.97%
    925   363      679.9254    37      675.6419      702.4788   453014    3.97%
    933   371      677.6909    31      675.6419      702.4788   455568    3.97%
    943   381      676.7702    28      675.6419      702.4788   457790    3.97%
Elapsed time = 1396.22 sec. (956680.29 ticks, tree = 37.95 MB, solutions = 2)
    952   386      701.7111    52      675.6419      702.4788   460653    3.97%
    957   391      697.0422    46      675.6419      702.4788   463510    3.97%
    961   395      695.3549    44      675.6419      702.4788   465065    3.97%
    968   402      693.1833    45      675.6419      702.4788   467543    3.97%
    975   409      689.2241    45      675.6419      702.4788   471040    3.97%
    981   415      687.1515    43      675.6419      702.4788   472896    3.97%
    988   422      685.5531    43      675.6419      702.4788   474947    3.97%
    996   430      684.1248    47      675.6419      702.4788   477141    3.97%
   1005   439      683.1044    45      675.6419      702.4788   479113    3.97%
   1008   442      682.8148    46      675.6419      702.4788   479664    3.97%
Elapsed time = 1457.39 sec. (1003147.30 ticks, tree = 46.60 MB, solutions = 2)
   1016   450      681.5723    44      675.6419      702.4788   482425    3.97%
   1026   460      680.1959    41      675.6419      702.4788   485886    3.97%
   1036   470      679.8054    38      675.6419      702.4788   487197    3.97%
   1048   482      679.0979    37      675.6419      702.4788   488613    3.97%
   1060   494      677.6814    37      675.6419      702.4788   490162    3.97%
   1072   506      677.1574    30      675.6419      702.4788   491242    3.97%
   1079   506        cutoff            675.6419      702.4788   491916    3.97%
   1084   511      699.4584    42      675.6419      702.4788   494152    3.97%
   1088   515      697.4694    47      675.6419      702.4788   495999    3.97%
   1095   522      692.0513    34      675.6419      702.4788   498972    3.97%
Elapsed time = 1500.93 sec. (1049926.29 ticks, tree = 58.66 MB, solutions = 2)
   1100   527      693.3971    39      675.6419      702.4788   501732    3.97%
   1105   532      688.9626    33      675.6419      702.4788   504705    3.97%
   1110   537      688.4119    35      675.6419      702.4788   506212    3.97%
   1112   539      688.1561    33      675.6419      702.4788   507034    3.97%
   1113   540      686.7481    26      675.6419      702.4788   507644    3.97%
   1115   542      685.9092    23      675.6419      702.4788   508459    3.97%
   1117   544      687.8769    35      675.6419      702.4788   508678    3.97%
   1118   545      686.9743    28      675.6419      702.4788   509186    3.97%
   1120   547      685.3221    17      675.6419      702.4788   509856    3.97%
   1122   549      686.7593    22      675.6419      702.4788   509968    3.97%
Elapsed time = 1540.90 sec. (1102121.34 ticks, tree = 62.50 MB, solutions = 2)
   1124   551      686.6872    23      675.6419      702.4788   510469    3.97%
   1126   553      686.4938    24      675.6419      702.4788   510635    3.97%
   1128   555      680.0372    16      675.6419      702.4788   511106    3.97%
   1138   565      678.6136    18      675.6419      702.4788   513604    3.97%
   1151   578      678.3560    12      675.6419      702.4788   515580    3.97%
   1159   584        cutoff            675.6419      702.4788   516194    3.97%
   1162   585      696.9169    44      675.6419      702.4788   518881    3.97%
   1168   591      693.9438    44      675.6419      702.4788   521472    3.97%
   1174   597      691.8569    45      675.6419      702.4788   524095    3.97%
   1178   601      690.2524    42      675.6419      702.4788   526183    3.97%
Elapsed time = 1627.83 sec. (1160419.07 ticks, tree = 65.96 MB, solutions = 2)
   1184   607      688.7770    42      675.6419      702.4788   529348    3.97%
   1189   612      687.4675    39      675.6419      702.4788   530962    3.97%
   1194   617      685.8748    44      675.6419      702.4788   533181    3.97%
   1202   625      684.5748    45      675.6419      702.4788   535802    3.97%
   1205   628      684.0016    47      675.6419      702.4788   537014    3.97%
   1210   633      683.5407    50      675.6419      702.4788   539399    3.97%
   1216   639      682.5834    48      675.6419      702.4788   542464    3.97%
   1219   642      682.2549    44      675.6419      702.4788   543779    3.97%
   1225   648      681.3340    48      675.6419      702.4788   546331    3.97%
   1233   656      680.1878    51      675.6419      702.4788   548439    3.97%
Elapsed time = 1676.78 sec. (1203379.39 ticks, tree = 69.83 MB, solutions = 2)
   1241   664      679.4335    47      675.6419      702.4788   550963    3.97%
   1248   671      677.2171    45      675.6419      702.4788   553212    3.97%
   1253   676      676.8069    44      675.6419      702.4788   555014    3.97%
   1258   680      676.2746    39      675.6419      702.4788   556338    3.97%
   1266   684      699.8446    44      675.6419      702.4788   559148    3.97%
   1272   690      698.6364    46      675.6419      702.4788   561606    3.97%
   1275   693      697.1387    48      675.6419      702.4788   565158    3.97%
   1278   696      695.9496    47      675.6419      702.4788   567828    3.97%
   1282   700      694.4327    50      675.6419      702.4788   571253    3.97%
   1288   706      693.3817    49      675.6419      702.4788   573576    3.97%
Elapsed time = 1730.62 sec. (1253048.33 ticks, tree = 71.13 MB, solutions = 2)
   1292   710      692.0667    50      675.6419      702.4788   575130    3.97%
   1301   719      690.8927    48      675.6419      702.4788   577348    3.97%
   1309   727      689.7476    43      675.6419      702.4788   579151    3.97%
   1318   736      688.1166    42      675.6419      702.4788   581506    3.97%
   1325   743      685.2796    42      675.6419      702.4788   584261    3.97%
   1328   746      682.3824    37      675.6419      702.4788   584866    3.97%
   1340   758      680.9531    42      675.6419      702.4788   586844    3.97%
   1347   765      680.3891    39      675.6419      702.4788   588163    3.97%
   1354   772      679.3330    42      675.6419      702.4788   589528    3.97%
   1363   781      678.8102    41      675.6419      702.4788   590943    3.97%
Elapsed time = 1790.57 sec. (1301440.71 ticks, tree = 84.24 MB, solutions = 2)
   1372   790      678.0178    40      675.6419      702.4788   592307    3.97%
   1379   797      677.7087    36      675.6419      702.4788   593214    3.97%
   1385   801      677.0064    36      675.6419      702.4788   593903    3.97%
   1397   810      676.4852    32      675.6419      702.4788   594781    3.97%
   1406   817      675.7387    25      675.6419      702.4788   595362    3.97%
   1411   818      701.5371    50      675.6419      702.0718   596636    3.91%
   1416   823      699.7160    51      675.6419      702.0718   599063    3.91%
   1422   829      697.4193    53      675.6419      702.0718   601297    3.91%
   1428   835      695.0058    52      675.6419      702.0718   603470    3.91%
   1435   842      693.4018    49      675.6419      702.0718   605439    3.91%
Elapsed time = 1836.25 sec. (1345025.39 ticks, tree = 91.00 MB, solutions = 2)
   1442   849      691.7300    49      675.6419      702.0718   607359    3.91%
   1448   855      690.7571    52      675.6419      702.0718   610387    3.91%
   1452   859      689.6820    51      675.6419      702.0718   613708    3.91%
   1458   865      688.6831    52      675.6419      702.0718   615623    3.91%
   1464   871      687.7451    55      675.6419      702.0718   618549    3.91%
   1470   877      686.8669    52      675.6419      702.0718   620503    3.91%
   1478   885      685.5614    56      675.6419      702.0718   623143    3.91%
   1483   890      684.5544    56      675.6419      702.0718   625814    3.91%
   1487   894      683.4223    52      675.6419      702.0718   628623    3.91%
   1492   899      682.7824    56      675.6419      702.0718   630407    3.91%
Elapsed time = 1898.65 sec. (1390648.32 ticks, tree = 96.87 MB, solutions = 2)
   1499   906      681.4327    52      675.6419      702.0718   632707    3.91%
   1508   915      680.8196    51      675.6419      702.0718   634545    3.91%
   1516   923      679.7798    50      675.6419      702.0718   636610    3.91%
   1523   930      678.8716    51      675.6419      702.0718   638305    3.91%
   1528   935      678.3665    48      675.6419      702.0718   639633    3.91%
   1531   937      678.0907    50      675.6419      702.0718   640579    3.91%
   1538   943      677.3593    47      675.6419      702.0718   641574    3.91%
   1546   950      676.4959    49      675.6419      702.0718   642857    3.91%
   1554   957      675.7882    49      675.6419      702.0718   644112    3.91%
   1562   960      701.8697    55      675.6419      701.8694   645560    3.88%
Elapsed time = 1934.08 sec. (1436288.33 ticks, tree = 103.29 MB, solutions = 2)
   1567   965      700.1976    57      675.6419      701.8694   649135    3.88%
   1569   967      699.0315    62      675.6419      701.8694   651486    3.88%
   1572   970      697.5653    61      675.6419      701.8694   655336    3.88%
   1575   973      696.6375    60      675.6419      701.8694   658252    3.88%
   1578   976      695.7583    63      675.6419      701.8694   660008    3.88%
   1584   982      693.9783    54      675.6419      701.8694   662848    3.88%
   1588   986      692.6441    56      675.6419      701.8694   665299    3.88%
   1592   990      691.7247    54      675.6419      701.8694   668105    3.88%
   1597   995      690.7762    57      675.6419      701.8694   671565    3.88%
   1601   999      690.1649    63      675.6419      701.8694   673542    3.88%
Elapsed time = 2005.10 sec. (1483632.69 ticks, tree = 107.66 MB, solutions = 2)
   1605  1003      689.0350    58      675.6419      701.8694   676474    3.88%
   1611  1009      687.9956    58      675.6419      701.8694   678290    3.88%
   1616  1014      686.9583    59      675.6419      701.8694   680951    3.88%
   1620  1018      686.4833    61      675.6419      701.8694   683602    3.88%
   1626  1024      685.6448    62      675.6419      701.8694   686091    3.88%
   1632  1030      684.8987    60      675.6419      701.8694   688909    3.88%
   1638  1036      683.7151    52      675.6419      701.8694   691474    3.88%
   1644  1042      681.9934    56      675.6419      701.8694   694071    3.88%
   1648  1046      681.2047    58      675.6419      701.8694   695997    3.88%
   1655  1053      680.1406    50      675.6419      701.8694   698207    3.88%
Elapsed time = 2067.46 sec. (1534290.15 ticks, tree = 115.64 MB, solutions = 2)
   1660  1058      679.5629    51      675.6419      701.8694   700632    3.88%
   1664  1062      678.9956    51      675.6419      701.8694   702934    3.88%
   1672  1070      677.5752    51      675.6419      701.8694   705007    3.88%
   1677  1075      676.8037    54      675.6419      701.8694   708151    3.88%
   1681  1079      676.2229    53      675.6419      701.8694   709687    3.88%
   1688  1085      675.6991    50      675.6419      701.8694   711576    3.88%
   1691  1084      699.9524    52      675.6419      701.7943   713900    3.87%
   1695  1088      698.7714    57      675.6419      701.7943   716733    3.87%
   1697  1090      698.3080    52      675.6419      701.7943   719722    3.87%
   1699  1092      697.5330    51      675.6419      701.7943   721683    3.87%
Elapsed time = 2111.44 sec. (1578506.02 ticks, tree = 119.85 MB, solutions = 2)
   1703  1096      696.9383    52      675.6419      701.7943   723828    3.87%
   1708  1101      695.3649    52      675.6419      701.7943   726791    3.87%
   1711  1104      694.4971    51      675.6419      701.7943   729937    3.87%
   1715  1108      691.4825    48      675.6419      701.7943   732632    3.87%
   1718  1111      688.1436    41      675.6419      701.7943   734650    3.87%
   1722  1115      687.5281    34      675.6419      701.7943   737618    3.87%
   1728  1121      686.2480    41      675.6419      701.7943   739520    3.87%
   1732  1125      686.0107    43      675.6419      701.7943   741558    3.87%
   1738  1131      683.5294    38      675.6419      701.7943   744275    3.87%
   1744  1137      684.1976    37      675.6419      701.7943   747170    3.87%
Elapsed time = 2184.42 sec. (1629884.84 ticks, tree = 126.21 MB, solutions = 2)
   1748  1141      682.8713    29      675.6419      701.7943   748228    3.87%
   1753  1146      681.8096    24      675.6419      701.7943   749415    3.87%
   1758  1151      681.3839    23      675.6419      701.7943   750465    3.87%
   1766  1159      679.1284    12      675.6419      701.7943   751566    3.87%
   1773  1166      679.7213    17      675.6419      701.7943   752222    3.87%
   1780  1173      677.2523    12      675.6419      701.7943   753015    3.87%
   1788  1181      677.8323    13      675.6419      701.7943   753585    3.87%
   1798  1189      677.6225     7      675.6419      701.7943   754022    3.87%
   1808  1199      676.9435    12      675.6419      701.7943   754501    3.87%
   1825  1213      676.5928     7      675.6419      701.7943   754890    3.87%
Elapsed time = 2206.47 sec. (1674803.37 ticks, tree = 136.56 MB, solutions = 2)
   1847  1227        cutoff            675.6419      701.7943   755344    3.87%
   1848  1228      700.6167    55      675.6419      701.7101   757535    3.86%
   1852  1232      698.4864    57      675.6419      701.7101   760308    3.86%
   1856  1236      696.7920    56      675.6419      701.7101   762807    3.86%
   1860  1240      695.6505    59      675.6419      701.7101   764639    3.86%
   1864  1244      694.4201    53      675.6419      701.7101   766922    3.86%
   1870  1250      693.1753    46      675.6419      701.7101   769057    3.86%
   1876  1256      691.5406    49      675.6419      701.7101   771284    3.86%
   1883  1263      690.3910    51      675.6419      701.7101   773005    3.86%
   1888  1268      687.3830    56      675.6419      701.7101   774342    3.86%
Elapsed time = 2313.06 sec. (1747382.32 ticks, tree = 143.76 MB, solutions = 2)
   1895  1275      686.2427    54      675.6419      701.7101   776579    3.86%
   1900  1280      685.3479    57      675.6419      701.7101   778811    3.86%
   1905  1285      684.5577    56      675.6419      701.7101   780644    3.86%
   1911  1291      683.8443    56      675.6419      701.7101   782170    3.86%
   1916  1296      682.6874    51      675.6419      701.7101   783904    3.86%
   1922  1302      681.4344    53      675.6419      701.7101   785689    3.86%
   1928  1308      680.4642    52      675.6419      701.7101   787370    3.86%
   1933  1313      679.0934    56      675.6419      701.7101   789148    3.86%
   1940  1320      678.2483    55      675.6419      701.7101   791057    3.86%
   1948  1328      677.7267    50      675.6419      701.7101   792416    3.86%
Elapsed time = 2362.90 sec. (1791367.81 ticks, tree = 155.16 MB, solutions = 2)
   1954  1334      676.2817    45      675.6419      701.7101   794254    3.86%
   1960  1336      700.6744    48      675.6419      701.6890   795591    3.86%
   1967  1343      698.4863    50      675.6419      701.6890   797702    3.86%
   1970  1346      697.0970    48      675.6419      701.6890   799576    3.86%
   1975  1351      694.3338    52      675.6419      701.6890   802410    3.86%
   1980  1356      693.2974    50      675.6419      701.6890   803798    3.86%
   1986  1362      691.3638    51      675.6419      701.6890   806512    3.86%
   1990  1366      689.4960    55      675.6419      701.6890   808966    3.86%
   1996  1372      688.4535    54      675.6419      701.6890   811641    3.86%
   1998  1374      687.9042    56      675.6419      701.6890   813352    3.86%
Elapsed time = 2423.98 sec. (1834555.95 ticks, tree = 163.70 MB, solutions = 2)
   2003  1379      686.9028    51      675.6419      701.6890   815644    3.86%
   2008  1384      686.1488    50      675.6419      701.6890   818335    3.86%
   2013  1389      685.5059    51      675.6419      701.6890   820202    3.86%
   2021  1397      684.1832    52      675.6419      701.6890   823128    3.86%
   2027  1403      683.6081    52      675.6419      701.6890   824914    3.86%
   2031  1407      682.4906    49      675.6419      701.6890   826807    3.86%
   2035  1411      681.4443    50      675.6419      701.6890   829578    3.86%
   2040  1416      680.3968    45      675.6419      701.6890   831411    3.86%
   2046  1422      679.4109    51      675.6419      701.6890   833152    3.86%
   2053  1429      678.7576    46      675.6419      701.6890   834672    3.86%
Elapsed time = 2476.97 sec. (1879108.40 ticks, tree = 169.91 MB, solutions = 2)
   2060  1436      678.0569    49      675.6419      701.6890   835983    3.86%
   2067  1443      677.2313    45      675.6419      701.6890   837309    3.86%
   2074  1450      676.3403    45      675.6419      701.6890   838637    3.86%
   2081  1452      699.3882    40      675.6419      701.6238   840119    3.85%
   2088  1459      697.1143    41      675.6419      701.6238   842573    3.85%
   2094  1465      694.2692    40      675.6419      701.6238   844888    3.85%
   2097  1468      693.1218    41      675.6419      701.6238   847412    3.85%
   2101  1472      691.7829    42      675.6419      701.6238   849616    3.85%
   2107  1478      689.9928    37      675.6419      701.6238   852302    3.85%
   2110  1481      689.1472    42      675.6419      701.6238   854745    3.85%
Elapsed time = 2529.04 sec. (1923224.72 ticks, tree = 170.06 MB, solutions = 2)
   2116  1487      688.1004    44      675.6419      701.6238   856716    3.85%
   2121  1492      686.9608    46      675.6419      701.6238   859751    3.85%
   2128  1499      684.8136    49      675.6419      701.6238   861404    3.85%
   2134  1505      683.9005    47      675.6419      701.6238   863615    3.85%
   2138  1509      683.2564    46      675.6419      701.6238   864978    3.85%
   2144  1515      682.0398    48      675.6419      701.6238   866770    3.85%
   2150  1521      681.2835    45      675.6419      701.6238   868753    3.85%
   2157  1528      679.7493    45      675.6419      701.6238   870958    3.85%
   2161  1532      678.9155    46      675.6419      701.6238   873180    3.85%
   2167  1538      678.0144    48      675.6419      701.6238   874934    3.85%
Elapsed time = 2593.05 sec. (1974273.00 ticks, tree = 170.40 MB, solutions = 2)
   2171  1542      677.5412    43      675.6419      701.6238   876480    3.85%
   2177  1548      676.6699    45      675.6419      701.6238   879083    3.85%
   2182  1549        cutoff            675.6419      701.6238   880882    3.85%
   2186  1553      697.6461    46      675.6419      701.6154   882443    3.84%
   2190  1557      695.8663    48      675.6419      701.6154   885379    3.84%
   2194  1561      693.7485    48      675.6419      701.6154   887598    3.84%
   2198  1565      691.8055    51      675.6419      701.6154   890317    3.84%
   2204  1571      690.4267    50      675.6419      701.6154   892569    3.84%
   2208  1575      689.4803    52      675.6419      701.6154   894107    3.84%
   2212  1579      688.1485    53      675.6419      701.6154   896056    3.84%
Elapsed time = 2652.41 sec. (2018189.54 ticks, tree = 170.65 MB, solutions = 2)
   2218  1585      687.1093    54      675.6419      701.6154   897624    3.84%
   2226  1593      685.5998    49      675.6419      701.6154   899602    3.84%
   2231  1598      684.9266    51      675.6419      701.6154   901141    3.84%
   2236  1603      683.7162    47      675.6419      701.6154   903990    3.84%
   2241  1608      683.2445    50      675.6419      701.6154   904996    3.84%
   2248  1615      682.2556    54      675.6419      701.6154   906791    3.84%
   2254  1621      680.6857    54      675.6419      701.6154   909551    3.84%
   2258  1625      680.0426    52      675.6419      701.6154   911539    3.84%
   2264  1631      678.6321    48      675.6419      701.6154   913880    3.84%
   2270  1637      677.8048    47      675.6419      701.6154   915430    3.84%
Elapsed time = 2704.95 sec. (2060771.14 ticks, tree = 173.25 MB, solutions = 2)
   2277  1644      676.9833    45      675.6419      701.6154   916986    3.84%
   2284  1651      676.4697    45      675.6419      701.6154   918083    3.84%
   2291  1654      699.9406    44      675.6419      701.5424   919919    3.83%
   2295  1658      695.8285    33      675.6419      701.5424   921832    3.83%
   2299  1662      696.4637    41      675.6419      701.5424   923571    3.83%
   2305  1668      694.1088    34      675.6419      701.5424   925924    3.83%
   2309  1672      691.3963    30      675.6419      701.5424   929152    3.83%
   2313  1676      690.1326    27      675.6419      701.5424   931212    3.83%
   2318  1681      689.2953    28      675.6419      701.5424   933565    3.83%
   2327  1690      686.4386    23      675.6419      701.5424   935783    3.83%
Elapsed time = 2762.35 sec. (2106403.04 ticks, tree = 181.84 MB, solutions = 2)
   2333  1696      687.6062    29      675.6419      701.5424   936648    3.83%
   2340  1703      684.5410    21      675.6419      701.5424   938212    3.83%
   2346  1709      682.6554    10      675.6419      701.5424   939126    3.83%
   2350  1713      684.1964    17      675.6419      701.5424   939533    3.83%
   2355  1718      683.7581    17      675.6419      701.5424   940048    3.83%
   2359  1722      682.5293    10      675.6419      701.5424   940411    3.83%
   2364  1727      681.8346    11      675.6419      701.5424   940848    3.83%
   2369  1732      682.5819    12      675.6419      701.5424   941245    3.83%
   2374  1737      681.1351     9      675.6419      701.5424   941668    3.83%
   2379  1742      680.8178     8      675.6419      701.5424   942125    3.83%
Elapsed time = 2794.98 sec. (2148461.05 ticks, tree = 191.90 MB, solutions = 2)
   2385  1748      681.8524    17      675.6419      701.5424   942558    3.83%
   2390  1753      681.5195    12      675.6419      701.5424   942937    3.83%
   2398  1761      681.1460    13      675.6419      701.5424   943542    3.83%
   2405  1762      698.7676    40      675.6419      701.5351   944757    3.83%
   2410  1767      696.8889    41      675.6419      701.5351   946607    3.83%
   2415  1772      694.4678    43      675.6419      701.5351   948720    3.83%
   2420  1777      693.3392    42      675.6419      701.5351   950262    3.83%
   2423  1780      692.1533    41      675.6419      701.5351   951872    3.83%
   2431  1788      690.6565    40      675.6419      701.5351   953766    3.83%
   2437  1794      689.4675    41      675.6419      701.5351   955310    3.83%
Elapsed time = 2854.19 sec. (2189844.23 ticks, tree = 199.19 MB, solutions = 2)
   2443  1800      688.3678    45      675.6419      701.5351   957006    3.83%
   2451  1808      686.8636    42      675.6419      701.5351   958857    3.83%
   2457  1814      685.9127    38      675.6419      701.5351   960722    3.83%
   2463  1820      685.4194    41      675.6419      701.5351   961701    3.83%
   2470  1827      684.3951    37      675.6419      701.5351   963203    3.83%
   2479  1836      682.3145    34      675.6419      701.5351   965122    3.83%
   2484  1841      681.6609    33      675.6419      701.5351   965889    3.83%
   2495  1852      680.3111    34      675.6419      701.5351   967484    3.83%
   2503  1860      679.1286    30      675.6419      701.5351   968514    3.83%
   2510  1867      678.4438    35      675.6419      701.5351   969320    3.83%
Elapsed time = 2902.62 sec. (2232539.52 ticks, tree = 211.26 MB, solutions = 2)
   2518  1875      677.9685    34      675.6419      701.5351   970109    3.83%
   2528  1885      676.6544    30      675.6419      701.5351   971262    3.83%
   2536  1893      675.7930    29      675.6419      701.5351   972104    3.83%
   2545  1898      699.5708    40      675.6419      701.4545   974624    3.82%
   2549  1902      697.4053    43      675.6419      701.4545   976616    3.82%
   2553  1906      695.5799    41      675.6419      701.4545   978855    3.82%
   2559  1912      694.2853    50      675.6419      701.4545   980538    3.82%
   2564  1917      692.4880    48      675.6419      701.4545   982812    3.82%
   2569  1922      691.5032    47      675.6419      701.4545   984336    3.82%
   2574  1927      690.1256    45      675.6419      701.4545   986552    3.82%
Elapsed time = 2962.49 sec. (2282348.25 ticks, tree = 216.94 MB, solutions = 2)
   2580  1933      689.0655    47      675.6419      701.4545   987845    3.82%
   2588  1941      687.5677    48      675.6419      701.4545   989795    3.82%
   2596  1949      686.3515    50      675.6419      701.4545   991603    3.82%
   2604  1957      685.0213    51      675.6419      701.4545   993330    3.82%
   2611  1964      683.8661    43      675.6419      701.4545   994945    3.82%
   2617  1970      682.5902    52      675.6419      701.4545   996764    3.82%
   2624  1977      681.6653    53      675.6419      701.4545   998338    3.82%
   2631  1984      680.9956    54      675.6419      701.4545   999715    3.82%
   2641  1994      680.4023    49      675.6419      701.4545  1001053    3.82%
   2648  2001      679.6452    47      675.6419      701.4545  1002327    3.82%
Elapsed time = 3018.46 sec. (2324190.17 ticks, tree = 231.49 MB, solutions = 2)
   2656  2009      678.7255    44      675.6419      701.4545  1004059    3.82%
   2663  2016      678.2466    44      675.6419      701.4545  1004980    3.82%
   2670  2023      677.7667    45      675.6419      701.4545  1005939    3.82%
   2677  2030      677.3622    42      675.6419      701.4545  1006749    3.82%
   2686  2039      676.4545    37      675.6419      701.4545  1007934    3.82%
   2692  2043      676.1719    36      675.6419      701.4545  1008497    3.82%
   2699  2049      675.6924    32      675.6419      701.4545  1009065    3.82%
   2703  2049      697.8514    45      675.6419      701.3140  1010307    3.80%
   2708  2054      695.3111    36      675.6419      701.3140  1012612    3.80%
   2715  2061      692.7509    40      675.6419      701.3140  1014841    3.80%
Elapsed time = 3056.53 sec. (2366318.34 ticks, tree = 243.47 MB, solutions = 2)
   2719  2065      689.5776    34      675.6419      701.3140  1016180    3.80%
   2727  2073      683.8769    20      675.6419      701.3140  1017968    3.80%
   2737  2083      682.7353    20      675.6419      701.3140  1018851    3.80%
   2740  2086      682.6469    20      675.6419      701.3140  1019007    3.80%
   2747  2093      682.3860    23      675.6419      701.3140  1019404    3.80%
   2758  2104      680.1372    18      675.6419      701.3140  1020384    3.80%
   2769  2115      677.7821    15      675.6419      701.3140  1021204    3.80%
   2794  2140      677.1279    12      675.6419      701.3140  1021866    3.80%
   2808  2153      675.7291     0      675.6419      701.3140  1022227    3.80%
   2814  2155      697.7078    43      675.6419      701.3012  1024054    3.80%
Elapsed time = 3101.69 sec. (2408062.85 ticks, tree = 262.15 MB, solutions = 2)
   2819  2160      695.5055    45      675.6419      701.3012  1026209    3.80%
   2825  2166      692.8616    48      675.6419      701.3012  1028498    3.80%
   2831  2172      691.4403    45      675.6419      701.3012  1030042    3.80%
   2837  2178      689.7682    45      675.6419      701.3012  1032072    3.80%
   2844  2185      688.6654    44      675.6419      701.3012  1033784    3.80%
   2848  2189      687.7589    46      675.6419      701.3012  1035361    3.80%
   2856  2197      686.3956    48      675.6419      701.3012  1037329    3.80%
   2864  2205      685.2111    54      675.6419      701.3012  1039300    3.80%
   2871  2212      684.2780    51      675.6419      701.3012  1040835    3.80%
   2877  2218      682.7878    44      675.6419      701.3012  1042542    3.80%
Elapsed time = 3169.60 sec. (2449691.36 ticks, tree = 274.73 MB, solutions = 2)
   2883  2224      681.7538    47      675.6419      701.3012  1043978    3.80%
   2892  2233      680.9323    48      675.6419      701.3012  1045664    3.80%
   2899  2240      680.1749    48      675.6419      701.3012  1046949    3.80%
   2908  2249      679.4886    47      675.6419      701.3012  1048323    3.80%
   2915  2256      678.4222    44      675.6419      701.3012  1049980    3.80%
   2921  2262      677.5348    45      675.6419      701.3012  1051218    3.80%
   2927  2268      676.8926    45      675.6419      701.3012  1052636    3.80%
   2933  2274      676.1935    40      675.6419      701.3012  1053630    3.80%
   2939  2279      675.6947    37      675.6419      701.3012  1054420    3.80%
   2943  2279      698.7730    53      675.6419      700.9251  1055619    3.74%
Elapsed time = 3204.07 sec. (2491675.18 ticks, tree = 286.91 MB, solutions = 2)
   2948  2284      696.3680    39      675.6419      700.9251  1058344    3.74%
   2953  2289      694.8246    43      675.6419      700.9251  1060709    3.74%
   2958  2294      691.5133    34      675.6419      700.9251  1063166    3.74%
   2964  2300      689.2819    29      675.6419      700.9251  1064907    3.74%
   2968  2304      688.8741    34      675.6419      700.9251  1065994    3.74%
   2975  2311      685.3514    24      675.6419      700.9251  1068404    3.74%
   2982  2318      685.4172    31      675.6419      700.9251  1069977    3.74%
   2985  2321      683.5847    14      675.6419      700.9251  1070566    3.74%
   2989  2325      681.5382     6      675.6419      700.9251  1071021    3.74%
   2994  2330      680.5340     7      675.6419      700.9251  1071355    3.74%
Elapsed time = 3265.26 sec. (2538189.51 ticks, tree = 297.28 MB, solutions = 2)
   2998  2334      681.9796    11      675.6419      700.9251  1071548    3.74%
   3003  2339      681.7380    12      675.6419      700.9251  1071774    3.74%
   3008  2344      681.6627    13      675.6419      700.9251  1072086    3.74%
   3012  2348      680.5826     6      675.6419      700.9251  1072390    3.74%
   3018  2354      681.5143    13      675.6419      700.9251  1072634    3.74%
   3024  2360      681.2328     7      675.6419      700.9251  1072848    3.74%
Starting limited solution polishing.
   3028  2364      676.3490     0      675.6419      700.9251  1072921    3.74%
   3034  2364      698.6830    48      675.6419      700.8775  1074320    3.74%
   3039  2369      697.1347    48      675.6419      700.8775  1075892    3.74%
   3044  2374      694.8941    50      675.6419      700.8775  1077786    3.74%
Elapsed time = 3312.94 sec. (2585779.36 ticks, tree = 306.15 MB, solutions = 2)
   3049  2379      692.9833    43      675.6419      700.8775  1079865    3.74%
   3055  2385      691.6230    44      675.6419      700.8775  1081560    3.74%
   3059  2389      689.9001    45      675.6419      700.8775  1083175    3.74%
   3067  2397      688.3766    47      675.6419      700.8775  1085005    3.74%
   3073  2403      687.4531    47      675.6419      700.8775  1086732    3.74%
   3078  2408      686.0595    53      675.6419      700.8775  1088190    3.74%
   3084  2414      685.3361    48      675.6419      700.8775  1089662    3.74%
   3088  2418      684.6870    47      675.6419      700.8775  1091139    3.74%
   3095  2425      683.8799    52      675.6419      700.8775  1092794    3.74%
   3102  2432      682.5791    50      675.6419      700.8775  1094502    3.74%
Elapsed time = 3379.48 sec. (2627516.37 ticks, tree = 317.94 MB, solutions = 2)
   3108  2438      681.2043    49      675.6419      700.8775  1096128    3.74%
   3113  2443      680.3864    48      675.6419      700.8775  1097655    3.74%
   3118  2448      679.6018    47      675.6419      700.8775  1099931    3.74%
   3124  2454      678.6496    47      675.6419      700.8775  1101599    3.74%
   3128  2458      678.3494    45      675.6419      700.8775  1102260    3.74%
   3133  2463      677.0893    43      675.6419      700.8775  1103932    3.74%
   3138  2468      676.5333    45      675.6419      700.8775  1105260    3.74%
   3144  2474      675.7433    42      675.6419      700.8775  1106613    3.74%
   3147  2473      699.0832    43      675.6419      700.8574  1107670    3.73%
   3151  2477      696.8440    44      675.6419      700.8574  1109101    3.73%
Elapsed time = 3426.89 sec. (2679311.41 ticks, tree = 326.49 MB, solutions = 2)
   3157  2483      694.9649    44      675.6419      700.8574  1111506    3.73%
   3159  2485      694.1116    42      675.6419      700.8574  1113068    3.73%
   3161  2487      692.9519    47      675.6419      700.8574  1115723    3.73%
   3166  2492      691.7633    44      675.6419      700.8574  1117952    3.73%
   3171  2497      690.6096    43      675.6419      700.8574  1119620    3.73%
   3174  2500      689.6000    46      675.6419      700.8574  1122001    3.73%
   3178  2504      688.9546    46      675.6419      700.8574  1124244    3.73%
   3183  2509      687.9484    46      675.6419      700.8574  1126522    3.73%
   3188  2514      687.1013    45      675.6419      700.8574  1128373    3.73%
   3194  2520      686.0083    46      675.6419      700.8574  1130465    3.73%
Elapsed time = 3498.73 sec. (2722927.46 ticks, tree = 326.75 MB, solutions = 2)
   3198  2524      685.4487    48      675.6419      700.8574  1132162    3.73%
   3203  2529      684.4705    49      675.6419      700.8574  1134515    3.73%
   3208  2534      683.9614    46      675.6419      700.8574  1136626    3.73%
   3214  2540      683.4269    46      675.6419      700.8574  1138307    3.73%
   3219  2545      682.8518    48      675.6419      700.8574  1139817    3.73%
   3224  2550      681.5270    48      675.6419      700.8574  1141739    3.73%
   3228  2554      680.9307    48      675.6419      700.8574  1143152    3.73%
   3236  2562      680.4015    46      675.6419      700.8574  1144780    3.73%
   3240  2566      679.7195    49      675.6419      700.8574  1146035    3.73%
   3246  2572      679.1068    44      675.6419      700.8574  1147701    3.73%
Elapsed time = 3549.90 sec. (2769074.45 ticks, tree = 327.07 MB, solutions = 2)
   3250  2576      678.5863    42      675.6419      700.8574  1148757    3.73%
   3257  2583      677.9453    43      675.6419      700.8574  1149940    3.73%
   3262  2588      677.1341    39      675.6419      700.8574  1151380    3.73%
   3268  2594      676.2511    42      675.6419      700.8574  1152642    3.73%
   3276  2602      675.8019    41      675.6419      700.8574  1153751    3.73%
   3282  2604      699.4179    49      675.6419      700.7764  1155237    3.72%
   3287  2609      697.5749    50      675.6419      700.7764  1157337    3.72%
   3290  2612      695.9015    49      675.6419      700.7764  1160637    3.72%
   3293  2615      694.2905    51      675.6419      700.7764  1163180    3.72%

Mixed integer rounding cuts applied:  7
User cuts applied:  18590

Root node processing (before b&c):
  Real time             =   87.99 sec. (15719.42 ticks)
Sequential b&c:
  Real time             = 3512.07 sec. (2796688.31 ticks)
                          ------------
Total (root+branch&cut) = 3600.06 sec. (2812407.73 ticks)
|V|                                     800
K                                       10
theta                                   0.20
r                                       10
R                                       25
prob_func                               linear
#C1                                     10904
#CP                                     224412

@Parameters: 
am_callback_heuristic                   false
am_local_search                         true
am_start_heuristic                      false
colocation                              true
comp                                    false
cutC                                    true
cutC_init                               false
cutF                                    true
cutF_init                               false
cutF_stable                             false
cutF_wrong                              false
cutLocal                                false
cutM                                    true
cutM_init                               true
cutM_stable                             false
cutP                                    true
cutP_init                               false
cutP_stable                             false
init                                    true
init_cutF_zero                          false
init_val_greedy                         true
is_Euclidean                            false
is_local_search                         true
is_right_cutP                           true
is_root                                 false
is_silent                               false
is_start                                false
mycut                                   false
pmed                                    false
pre                                     true
stable_root                             false
str                                     false
two_phase                               false
ubstr                                   false
mode                                    Bin

am_callback_node_space                  50
init                                    0
mixture_seed                            1
node_space                              5
nodelimit                               -1
nsepa                                   1
strF                                    0
type_delta                              0

EPS                                     0.001000
EPS_FRAC                                0.00
gap                                     0.00
mixture_high_max                        0.99
mixture_high_min                        0.90
mixture_low_max                         0.01
mixture_low_min                         0.00
mixture_low_share                       0.80
timelimit                               3600.00

Number of Closed Sites: 2 / 20 
Number of Confined Sites-1: 1 / 9 
Number of Confined Sites-k: 714 / 939 
Preprocess Time: 1.21 + 0.00 sec

Solve Time: 3600.06
Number of Nodes: 3297
Termination Status: TIME_LIMIT

CutInfo: [phase] num / time (sec) / aver. num_nonzero
max              [LP]     0 / 0.00 / 0.00 [init]   516 / 0.04 / 22.82 [rLC]  1973 / 0.31 / 56.95 [rUC]  1445 / 0.21 / 33.53 [sLC]  1565 / 0.81 / 51.67 [sUC]  3923 / 4.89 / 40.63 
prod_oa          [LP]     0 / 0.00 / 0.00 [init]     0 / 0.00 / 0.00 [rLC]     0 / 0.00 / 0.00 [rUC]     0 / 0.00 / 0.00 [sLC]     0 / 0.00 / 0.00 [sUC]     0 / 0.00 / 0.00 
prod_sm_fixed    [LP]     0 / 0.00 / 0.00 [init]     0 / 0.00 / 0.00 [rLC]     0 / 0.00 / 0.00 [rUC]     0 / 0.00 / 0.00 [sLC]     0 / 0.00 / 0.00 [sUC]     0 / 0.00 / 0.00 
prod_bin         [LP]     0 / 0.00 / 0.00 [init]   476 / 5.60 / 0.00 [rLC]  4666 / 66.73 / 0.00 [rUC]   405 / 2.84 / 0.00 [sLC] 16316 / 239.88 / 0.00 [sUC]  7472 / 91.79 / 0.00 
prod_local       [LP]     0 / 0.00 / 0.00 [init]     0 / 0.00 / 0.00 [rLC]     0 / 0.00 / 0.00 [rUC]     0 / 0.00 / 0.00 [sLC]     0 / 0.00 / 0.00 [sUC]     0 / 0.00 / 0.00 
prod_sm_C        [LP]     0 / 0.00 / 0.00 [init]     0 / 0.00 / 0.00 [rLC]     0 / 0.00 / 0.00 [rUC]     0 / 0.00 / 0.00 [sLC]     0 / 0.00 / 0.00 [sUC]     0 / 0.00 / 0.00 
facet            [LP]     0 / 0.00 / 0.00 [init]     0 / 0.00 / 0.00 [rLC]     0 / 0.00 / 0.00 [rUC]     0 / 0.00 / 0.00 [sLC]     0 / 0.00 / 0.00 [sUC]     0 / 0.00 / 0.00 
Separation Round:   [LP] 0  [init] 1  [rLC] 11  [rUC] 14  [sLC] 41  [sUC] 6662  
Root Best Bound 704.361647
Root Best Integer: 675.631773
Best Bound: 700.776433
Best Integer: 675.641880
1: 88, 326, 388, 426, 563, 667, 674, 705, 711, 760
Objective Value (calc): 675.631773
sum_etaM = 601.266667 / 601.266667
sum_etaP = 694.235683 / 694.223049
nL: 10
nCL: 0
mCL: 1
